// This file has been autogenerated.

var profile = require('../../../lib/util/profile');

exports.getMockedProfile = function () {
  var newProfile = new profile.Profile();

  newProfile.addSubscription(new profile.Subscription({
    id: '45b60d85-fd72-427a-a708-f994d26e593e',
    name: 'Azure Storage DM Staging',
    user: {
      name: 'user@domain.example',
      type: 'servicePrincipal'
    },
    tenantId: '72f988bf-86f1-41af-91ab-2d7cd011db47',
    state: 'Enabled',
    registeredProviders: [],
    _eventsCount: '1',
    isDefault: true
  }, newProfile.environments['AzureCloud']));

  return newProfile;
};

exports.setEnvironment = function() {
  process.env['AZURE_VM_TEST_LOCATION'] = 'eastus';
  process.env['SSHCERT'] = 'test/myCert.pem';
};

exports.scopes = [[function (nock) { 
var result = 
nock('http://management.azure.com:443')
  .get('/subscriptions/45b60d85-fd72-427a-a708-f994d26e593e/resourceGroups/xplatTestGVMStart/providers/Microsoft.Compute/virtualMachines/xplatvmStSp?$expand=instanceView&api-version=2016-03-30')
  .reply(200, "{\r\n  \"properties\": {\r\n    \"vmId\": \"f92c4a34-20d5-4c3e-bff1-143d3965f03d\",\r\n    \"hardwareProfile\": {\r\n      \"vmSize\": \"Standard_A1\"\r\n    },\r\n    \"storageProfile\": {\r\n      \"imageReference\": {\r\n        \"publisher\": \"canonical\",\r\n        \"offer\": \"UbuntuServer\",\r\n        \"sku\": \"15.10\",\r\n        \"version\": \"15.10.201602040\"\r\n      },\r\n      \"osDisk\": {\r\n        \"osType\": \"Linux\",\r\n        \"name\": \"cli5061206b874210a8-os-1461144321323\",\r\n        \"createOption\": \"FromImage\",\r\n        \"vhd\": {\r\n          \"uri\": \"https://xplattstoragestsp7306.blob.core.windows.net/xplatteststoragecntstsp/cli5061206b874210a8-os-1461144321323.vhd\"\r\n        },\r\n        \"caching\": \"ReadWrite\"\r\n      },\r\n      \"dataDisks\": []\r\n    },\r\n    \"osProfile\": {\r\n      \"computerName\": \"xplatvmStSp\",\r\n      \"adminUsername\": \"azureuser\",\r\n      \"linuxConfiguration\": {\r\n        \"disablePasswordAuthentication\": false,\r\n        \"ssh\": {\r\n          \"publicKeys\": [\r\n            {\r\n              \"path\": \"/home/azureuser/.ssh/authorized_keys\",\r\n              \"keyData\": \"MIID/zCCAuegAwIBAgIJAMUAa+XVLvAeMA0GCSqGSIb3DQEBBQUAMIGVMQswCQYD\\r\\nVQQGEwJJbjESMBAGA1UECAwJS2FybmF0YWthMRIwEAYDVQQHDAlCYW5nYWxvcmUx\\r\\nEDAOBgNVBAoMB2JyaWxsaW8xEjAQBgNVBAsMCW1pY3Jvc29mdDEQMA4GA1UEAwwH\\r\\nYnJpbGxpbzEmMCQGCSqGSIb3DQEJARYXc3JlZWthbnRoYnNAeWFob28uY28uaW4w\\r\\nHhcNMTUwMzA1MTE1MzEyWhcNMTYwMzA0MTE1MzEyWjCBlTELMAkGA1UEBhMCSW4x\\r\\nEjAQBgNVBAgMCUthcm5hdGFrYTESMBAGA1UEBwwJQmFuZ2Fsb3JlMRAwDgYDVQQK\\r\\nDAdicmlsbGlvMRIwEAYDVQQLDAltaWNyb3NvZnQxEDAOBgNVBAMMB2JyaWxsaW8x\\r\\nJjAkBgkqhkiG9w0BCQEWF3NyZWVrYW50aGJzQHlhaG9vLmNvLmluMIIBIjANBgkq\\r\\nhkiG9w0BAQEFAAOCAQ8AMIIBCgKCAQEAyUNKaOuT0NK+S8Ck81zy9xJ6hXfZvAC6\\r\\nlhbmf/6s/WVimJ/TX5NMhQJwC9k6ZIF92KfYrojHNvHDufSZ3EtKUVwRFCDjmgMT\\r\\nDL09WkGaZt7gROYFK0iZ4KrYGovUwlwum9fHB24OJiOV4bi0ek62/rHx9fjYZpvp\\r\\naIH2PV/hN8SCZ0x7HJMberD4gVoU/Kv42nNvwjLUW6IZfVx/Gv5OeFDtWHfSvUEF\\r\\ndadHKTPn3Ab20Iu6gZIbLO9Vuf38/IpaYGfnFCouHdzmiTiLieYNe3CUPcOJNSv7\\r\\n1G8KYpx3uNJRkJPab5OsRyJw75Gvzkr9OgaPss9tVD6Gt68u3WQtVQIDAQABo1Aw\\r\\nTjAdBgNVHQ4EFgQUogvhXB+xZ2JJPfLO6cVs4ForzscwHwYDVR0jBBgwFoAUogvh\\r\\nXB+xZ2JJPfLO6cVs4ForzscwDAYDVR0TBAUwAwEB/zANBgkqhkiG9w0BAQUFAAOC\\r\\nAQEAdDj7qUNJ45xlF5cjd+4x5NHvAD1VTjOKu+Xh/uzSSjXqB2F0aOMWA9lx0qaQ\\r\\noJgHkGxj3zz/W7ik/cVGL2O+vRIOKv/y0OPogEmS3Hw+P+O6OGE7x1G6YN0zLVoL\\r\\nu4BN/BEYmjttxM9I7qqL7C5cJoE+K3s/w1/pt/68ohJcr7F9Ohi7cso62xuGY1Rm\\r\\nksAh2EUDsU9JV/P+C9AMpLSrb03JJYzVj4w1RHbrmw2AjFyGXdQYkggyXisg+Ifr\\r\\n5gbNN7HigpHf7b2i3CQBUqp9m23frh5AhnLI2qp3UXgc52U5ieLdi/t6j0TTZqqY\\r\\nHhHqofKrj938HHlBNpC5/LVh3w==\\r\\n\"\r\n            }\r\n          ]\r\n        }\r\n      },\r\n      \"secrets\": []\r\n    },\r\n    \"networkProfile\": {\"networkInterfaces\":[{\"id\":\"/subscriptions/45b60d85-fd72-427a-a708-f994d26e593e/resourceGroups/xplatTestGVMStart/providers/Microsoft.Network/networkInterfaces/xplattestnicStSp\"}]},\r\n    \"diagnosticsProfile\": {\r\n      \"bootDiagnostics\": {\r\n        \"enabled\": true,\r\n        \"storageUri\": \"https://clisto1488902082xplatvms.blob.core.windows.net/\"\r\n      }\r\n    },\r\n    \"provisioningState\": \"Succeeded\",\r\n    \"instanceView\": {\r\n      \"vmAgent\": {\r\n        \"vmAgentVersion\": \"2.1.2\",\r\n        \"statuses\": [\r\n          {\r\n            \"code\": \"ProvisioningState/succeeded\",\r\n            \"level\": \"Info\",\r\n            \"displayStatus\": \"Ready\",\r\n            \"message\": \"Guest Agent is running\",\r\n            \"time\": \"2016-04-20T09:41:58+00:00\"\r\n          }\r\n        ],\r\n        \"extensionHandlers\": []\r\n      },\r\n      \"disks\": [\r\n        {\r\n          \"name\": \"cli5061206b874210a8-os-1461144321323\",\r\n          \"statuses\": [\r\n            {\r\n              \"code\": \"ProvisioningState/succeeded\",\r\n              \"level\": \"Info\",\r\n              \"displayStatus\": \"Provisioning succeeded\",\r\n              \"time\": \"2016-04-20T09:39:42.9854256+00:00\"\r\n            }\r\n          ]\r\n        }\r\n      ],\r\n      \"bootDiagnostics\": {\r\n        \"consoleScreenshotBlobUri\": \"https://clisto1488902082xplatvms.blob.core.windows.net/bootdiagnostics-xplatvmst-f92c4a34-20d5-4c3e-bff1-143d3965f03d/xplatvmStSp.f92c4a34-20d5-4c3e-bff1-143d3965f03d.screenshot.bmp\",\r\n        \"serialConsoleLogBlobUri\": \"https://clisto1488902082xplatvms.blob.core.windows.net/bootdiagnostics-xplatvmst-f92c4a34-20d5-4c3e-bff1-143d3965f03d/xplatvmStSp.f92c4a34-20d5-4c3e-bff1-143d3965f03d.serialconsole.log\"\r\n      },\r\n      \"statuses\": [\r\n        {\r\n          \"code\": \"ProvisioningState/succeeded\",\r\n          \"level\": \"Info\",\r\n          \"displayStatus\": \"Provisioning succeeded\",\r\n          \"time\": \"2016-04-20T09:41:31.4765718+00:00\"\r\n        },\r\n        {\r\n          \"code\": \"PowerState/running\",\r\n          \"level\": \"Info\",\r\n          \"displayStatus\": \"VM running\"\r\n        }\r\n      ]\r\n    }\r\n  },\r\n  \"id\": \"/subscriptions/45b60d85-fd72-427a-a708-f994d26e593e/resourceGroups/xplatTestGVMStart/providers/Microsoft.Compute/virtualMachines/xplatvmStSp\",\r\n  \"name\": \"xplatvmStSp\",\r\n  \"type\": \"Microsoft.Compute/virtualMachines\",\r\n  \"location\": \"eastus\",\r\n  \"tags\": {}\r\n}", { 'cache-control': 'no-cache',
  pragma: 'no-cache',
  'content-length': '4924',
  'content-type': 'application/json; charset=utf-8',
  expires: '-1',
  'strict-transport-security': 'max-age=31536000; includeSubDomains',
  'x-ms-served-by': 'ddbc6cc0-a4fa-465a-b70a-449085a66949_131052438939138784',
  'x-ms-request-id': '53e99d86-8d4b-4b8a-8b5c-400ed09d6eb6',
  server: 'Microsoft-HTTPAPI/2.0',
  'x-ms-ratelimit-remaining-subscription-reads': '14995',
  'x-ms-correlation-request-id': '71d14150-40f7-4f37-b3b3-38ebd85b9fe0',
  'x-ms-routing-request-id': 'SOUTHEASTASIA:20160420T094205Z:71d14150-40f7-4f37-b3b3-38ebd85b9fe0',
  date: 'Wed, 20 Apr 2016 09:42:04 GMT',
  connection: 'close' });
 return result; },
function (nock) { 
var result = 
nock('https://management.azure.com:443')
  .get('/subscriptions/45b60d85-fd72-427a-a708-f994d26e593e/resourceGroups/xplatTestGVMStart/providers/Microsoft.Compute/virtualMachines/xplatvmStSp?$expand=instanceView&api-version=2016-03-30')
  .reply(200, "{\r\n  \"properties\": {\r\n    \"vmId\": \"f92c4a34-20d5-4c3e-bff1-143d3965f03d\",\r\n    \"hardwareProfile\": {\r\n      \"vmSize\": \"Standard_A1\"\r\n    },\r\n    \"storageProfile\": {\r\n      \"imageReference\": {\r\n        \"publisher\": \"canonical\",\r\n        \"offer\": \"UbuntuServer\",\r\n        \"sku\": \"15.10\",\r\n        \"version\": \"15.10.201602040\"\r\n      },\r\n      \"osDisk\": {\r\n        \"osType\": \"Linux\",\r\n        \"name\": \"cli5061206b874210a8-os-1461144321323\",\r\n        \"createOption\": \"FromImage\",\r\n        \"vhd\": {\r\n          \"uri\": \"https://xplattstoragestsp7306.blob.core.windows.net/xplatteststoragecntstsp/cli5061206b874210a8-os-1461144321323.vhd\"\r\n        },\r\n        \"caching\": \"ReadWrite\"\r\n      },\r\n      \"dataDisks\": []\r\n    },\r\n    \"osProfile\": {\r\n      \"computerName\": \"xplatvmStSp\",\r\n      \"adminUsername\": \"azureuser\",\r\n      \"linuxConfiguration\": {\r\n        \"disablePasswordAuthentication\": false,\r\n        \"ssh\": {\r\n          \"publicKeys\": [\r\n            {\r\n              \"path\": \"/home/azureuser/.ssh/authorized_keys\",\r\n              \"keyData\": \"MIID/zCCAuegAwIBAgIJAMUAa+XVLvAeMA0GCSqGSIb3DQEBBQUAMIGVMQswCQYD\\r\\nVQQGEwJJbjESMBAGA1UECAwJS2FybmF0YWthMRIwEAYDVQQHDAlCYW5nYWxvcmUx\\r\\nEDAOBgNVBAoMB2JyaWxsaW8xEjAQBgNVBAsMCW1pY3Jvc29mdDEQMA4GA1UEAwwH\\r\\nYnJpbGxpbzEmMCQGCSqGSIb3DQEJARYXc3JlZWthbnRoYnNAeWFob28uY28uaW4w\\r\\nHhcNMTUwMzA1MTE1MzEyWhcNMTYwMzA0MTE1MzEyWjCBlTELMAkGA1UEBhMCSW4x\\r\\nEjAQBgNVBAgMCUthcm5hdGFrYTESMBAGA1UEBwwJQmFuZ2Fsb3JlMRAwDgYDVQQK\\r\\nDAdicmlsbGlvMRIwEAYDVQQLDAltaWNyb3NvZnQxEDAOBgNVBAMMB2JyaWxsaW8x\\r\\nJjAkBgkqhkiG9w0BCQEWF3NyZWVrYW50aGJzQHlhaG9vLmNvLmluMIIBIjANBgkq\\r\\nhkiG9w0BAQEFAAOCAQ8AMIIBCgKCAQEAyUNKaOuT0NK+S8Ck81zy9xJ6hXfZvAC6\\r\\nlhbmf/6s/WVimJ/TX5NMhQJwC9k6ZIF92KfYrojHNvHDufSZ3EtKUVwRFCDjmgMT\\r\\nDL09WkGaZt7gROYFK0iZ4KrYGovUwlwum9fHB24OJiOV4bi0ek62/rHx9fjYZpvp\\r\\naIH2PV/hN8SCZ0x7HJMberD4gVoU/Kv42nNvwjLUW6IZfVx/Gv5OeFDtWHfSvUEF\\r\\ndadHKTPn3Ab20Iu6gZIbLO9Vuf38/IpaYGfnFCouHdzmiTiLieYNe3CUPcOJNSv7\\r\\n1G8KYpx3uNJRkJPab5OsRyJw75Gvzkr9OgaPss9tVD6Gt68u3WQtVQIDAQABo1Aw\\r\\nTjAdBgNVHQ4EFgQUogvhXB+xZ2JJPfLO6cVs4ForzscwHwYDVR0jBBgwFoAUogvh\\r\\nXB+xZ2JJPfLO6cVs4ForzscwDAYDVR0TBAUwAwEB/zANBgkqhkiG9w0BAQUFAAOC\\r\\nAQEAdDj7qUNJ45xlF5cjd+4x5NHvAD1VTjOKu+Xh/uzSSjXqB2F0aOMWA9lx0qaQ\\r\\noJgHkGxj3zz/W7ik/cVGL2O+vRIOKv/y0OPogEmS3Hw+P+O6OGE7x1G6YN0zLVoL\\r\\nu4BN/BEYmjttxM9I7qqL7C5cJoE+K3s/w1/pt/68ohJcr7F9Ohi7cso62xuGY1Rm\\r\\nksAh2EUDsU9JV/P+C9AMpLSrb03JJYzVj4w1RHbrmw2AjFyGXdQYkggyXisg+Ifr\\r\\n5gbNN7HigpHf7b2i3CQBUqp9m23frh5AhnLI2qp3UXgc52U5ieLdi/t6j0TTZqqY\\r\\nHhHqofKrj938HHlBNpC5/LVh3w==\\r\\n\"\r\n            }\r\n          ]\r\n        }\r\n      },\r\n      \"secrets\": []\r\n    },\r\n    \"networkProfile\": {\"networkInterfaces\":[{\"id\":\"/subscriptions/45b60d85-fd72-427a-a708-f994d26e593e/resourceGroups/xplatTestGVMStart/providers/Microsoft.Network/networkInterfaces/xplattestnicStSp\"}]},\r\n    \"diagnosticsProfile\": {\r\n      \"bootDiagnostics\": {\r\n        \"enabled\": true,\r\n        \"storageUri\": \"https://clisto1488902082xplatvms.blob.core.windows.net/\"\r\n      }\r\n    },\r\n    \"provisioningState\": \"Succeeded\",\r\n    \"instanceView\": {\r\n      \"vmAgent\": {\r\n        \"vmAgentVersion\": \"2.1.2\",\r\n        \"statuses\": [\r\n          {\r\n            \"code\": \"ProvisioningState/succeeded\",\r\n            \"level\": \"Info\",\r\n            \"displayStatus\": \"Ready\",\r\n            \"message\": \"Guest Agent is running\",\r\n            \"time\": \"2016-04-20T09:41:58+00:00\"\r\n          }\r\n        ],\r\n        \"extensionHandlers\": []\r\n      },\r\n      \"disks\": [\r\n        {\r\n          \"name\": \"cli5061206b874210a8-os-1461144321323\",\r\n          \"statuses\": [\r\n            {\r\n              \"code\": \"ProvisioningState/succeeded\",\r\n              \"level\": \"Info\",\r\n              \"displayStatus\": \"Provisioning succeeded\",\r\n              \"time\": \"2016-04-20T09:39:42.9854256+00:00\"\r\n            }\r\n          ]\r\n        }\r\n      ],\r\n      \"bootDiagnostics\": {\r\n        \"consoleScreenshotBlobUri\": \"https://clisto1488902082xplatvms.blob.core.windows.net/bootdiagnostics-xplatvmst-f92c4a34-20d5-4c3e-bff1-143d3965f03d/xplatvmStSp.f92c4a34-20d5-4c3e-bff1-143d3965f03d.screenshot.bmp\",\r\n        \"serialConsoleLogBlobUri\": \"https://clisto1488902082xplatvms.blob.core.windows.net/bootdiagnostics-xplatvmst-f92c4a34-20d5-4c3e-bff1-143d3965f03d/xplatvmStSp.f92c4a34-20d5-4c3e-bff1-143d3965f03d.serialconsole.log\"\r\n      },\r\n      \"statuses\": [\r\n        {\r\n          \"code\": \"ProvisioningState/succeeded\",\r\n          \"level\": \"Info\",\r\n          \"displayStatus\": \"Provisioning succeeded\",\r\n          \"time\": \"2016-04-20T09:41:31.4765718+00:00\"\r\n        },\r\n        {\r\n          \"code\": \"PowerState/running\",\r\n          \"level\": \"Info\",\r\n          \"displayStatus\": \"VM running\"\r\n        }\r\n      ]\r\n    }\r\n  },\r\n  \"id\": \"/subscriptions/45b60d85-fd72-427a-a708-f994d26e593e/resourceGroups/xplatTestGVMStart/providers/Microsoft.Compute/virtualMachines/xplatvmStSp\",\r\n  \"name\": \"xplatvmStSp\",\r\n  \"type\": \"Microsoft.Compute/virtualMachines\",\r\n  \"location\": \"eastus\",\r\n  \"tags\": {}\r\n}", { 'cache-control': 'no-cache',
  pragma: 'no-cache',
  'content-length': '4924',
  'content-type': 'application/json; charset=utf-8',
  expires: '-1',
  'strict-transport-security': 'max-age=31536000; includeSubDomains',
  'x-ms-served-by': 'ddbc6cc0-a4fa-465a-b70a-449085a66949_131052438939138784',
  'x-ms-request-id': '53e99d86-8d4b-4b8a-8b5c-400ed09d6eb6',
  server: 'Microsoft-HTTPAPI/2.0',
  'x-ms-ratelimit-remaining-subscription-reads': '14995',
  'x-ms-correlation-request-id': '71d14150-40f7-4f37-b3b3-38ebd85b9fe0',
  'x-ms-routing-request-id': 'SOUTHEASTASIA:20160420T094205Z:71d14150-40f7-4f37-b3b3-38ebd85b9fe0',
  date: 'Wed, 20 Apr 2016 09:42:04 GMT',
  connection: 'close' });
 return result; },
function (nock) { 
var result = 
nock('http://management.azure.com:443')
  .post('/subscriptions/45b60d85-fd72-427a-a708-f994d26e593e/resourceGroups/xplatTestGVMStart/providers/Microsoft.Storage/storageAccounts/clisto1488902082xplatvms/listKeys?api-version=2016-01-01')
  .reply(200, "{\"keys\":[{\"keyName\":\"key1\",\"permissions\":\"Full\",\"value\":\"uODd+H3gcqtAUP0kWhqKfyh7F91ew/myDWRdshKYq48uWfUUwjSB5+GJBhjPPxijlDlO6GJSZUL3qGmV2mPcig==\"},{\"keyName\":\"key2\",\"permissions\":\"Full\",\"value\":\"xLqghaIcmyhzPwuVLqXmeDFK3neyvLJaQxplegKA0wQDg3vDDpQCQWHtHLlrlLpuIheLCBxZP6fF2xQz9xrvRg==\"}]}\n", { 'cache-control': 'no-cache',
  pragma: 'no-cache',
  'content-length': '289',
  'content-type': 'application/json',
  expires: '-1',
  'x-ms-request-id': '2edd4e2a-25c2-4f6f-a0d2-728f26ebd4d5',
  server: 'Microsoft-Azure-Storage-Resource-Provider/1.0',
  'x-ms-ratelimit-remaining-subscription-writes': '1198',
  'x-ms-correlation-request-id': '2edd4e2a-25c2-4f6f-a0d2-728f26ebd4d5',
  'x-ms-routing-request-id': 'SOUTHEASTASIA:20160420T094207Z:2edd4e2a-25c2-4f6f-a0d2-728f26ebd4d5',
  'strict-transport-security': 'max-age=31536000; includeSubDomains',
  date: 'Wed, 20 Apr 2016 09:42:06 GMT',
  connection: 'close' });
 return result; },
function (nock) { 
var result = 
nock('https://management.azure.com:443')
  .post('/subscriptions/45b60d85-fd72-427a-a708-f994d26e593e/resourceGroups/xplatTestGVMStart/providers/Microsoft.Storage/storageAccounts/clisto1488902082xplatvms/listKeys?api-version=2016-01-01')
  .reply(200, "{\"keys\":[{\"keyName\":\"key1\",\"permissions\":\"Full\",\"value\":\"uODd+H3gcqtAUP0kWhqKfyh7F91ew/myDWRdshKYq48uWfUUwjSB5+GJBhjPPxijlDlO6GJSZUL3qGmV2mPcig==\"},{\"keyName\":\"key2\",\"permissions\":\"Full\",\"value\":\"xLqghaIcmyhzPwuVLqXmeDFK3neyvLJaQxplegKA0wQDg3vDDpQCQWHtHLlrlLpuIheLCBxZP6fF2xQz9xrvRg==\"}]}\n", { 'cache-control': 'no-cache',
  pragma: 'no-cache',
  'content-length': '289',
  'content-type': 'application/json',
  expires: '-1',
  'x-ms-request-id': '2edd4e2a-25c2-4f6f-a0d2-728f26ebd4d5',
  server: 'Microsoft-Azure-Storage-Resource-Provider/1.0',
  'x-ms-ratelimit-remaining-subscription-writes': '1198',
  'x-ms-correlation-request-id': '2edd4e2a-25c2-4f6f-a0d2-728f26ebd4d5',
  'x-ms-routing-request-id': 'SOUTHEASTASIA:20160420T094207Z:2edd4e2a-25c2-4f6f-a0d2-728f26ebd4d5',
  'strict-transport-security': 'max-age=31536000; includeSubDomains',
  date: 'Wed, 20 Apr 2016 09:42:06 GMT',
  connection: 'close' });
 return result; },
function (nock) { 
var result = 
nock('http://clisto1488902082xplatvms.blob.core.windows.net:443')
  .head('/bootdiagnostics-xplatvmst-f92c4a34-20d5-4c3e-bff1-143d3965f03d/xplatvmStSp.f92c4a34-20d5-4c3e-bff1-143d3965f03d.serialconsole.log')
  .reply(200, "", { 'content-length': '50176',
  'content-type': 'text/plain',
  'last-modified': 'Wed, 20 Apr 2016 09:41:26 GMT',
  'accept-ranges': 'bytes',
  etag: '"0x8D368FFF12FFA1B"',
  server: 'Windows-Azure-Blob/1.0 Microsoft-HTTPAPI/2.0',
  'x-ms-request-id': '63185932-0001-013e-26e8-9ad60b000000',
  'x-ms-version': '2015-02-21',
  'x-ms-lease-status': 'unlocked',
  'x-ms-lease-state': 'available',
  'x-ms-blob-type': 'PageBlob',
  'x-ms-blob-sequence-number': '0',
  date: 'Wed, 20 Apr 2016 09:42:07 GMT',
  connection: 'close' });
 return result; },
function (nock) { 
var result = 
nock('https://clisto1488902082xplatvms.blob.core.windows.net:443')
  .head('/bootdiagnostics-xplatvmst-f92c4a34-20d5-4c3e-bff1-143d3965f03d/xplatvmStSp.f92c4a34-20d5-4c3e-bff1-143d3965f03d.serialconsole.log')
  .reply(200, "", { 'content-length': '50176',
  'content-type': 'text/plain',
  'last-modified': 'Wed, 20 Apr 2016 09:41:26 GMT',
  'accept-ranges': 'bytes',
  etag: '"0x8D368FFF12FFA1B"',
  server: 'Windows-Azure-Blob/1.0 Microsoft-HTTPAPI/2.0',
  'x-ms-request-id': '63185932-0001-013e-26e8-9ad60b000000',
  'x-ms-version': '2015-02-21',
  'x-ms-lease-status': 'unlocked',
  'x-ms-lease-state': 'available',
  'x-ms-blob-type': 'PageBlob',
  'x-ms-blob-sequence-number': '0',
  date: 'Wed, 20 Apr 2016 09:42:07 GMT',
  connection: 'close' });
 return result; },
function (nock) { 
var result = 
nock('http://clisto1488902082xplatvms.blob.core.windows.net:443')
  .get('/bootdiagnostics-xplatvmst-f92c4a34-20d5-4c3e-bff1-143d3965f03d/xplatvmStSp.f92c4a34-20d5-4c3e-bff1-143d3965f03d.serialconsole.log')
  .reply(200, "\u001b[H\u001b[J\u001b[1;1H[..000000] Initializing cgroup subsys cpuset\r\n[    0.000000] Initializing cgroup subsys cpu\r\n[    0.000000] Initializing cgroup subsys cpuacct\r\n[    0.000000] Linux version 4.2.0-27-generic (buildd@lgw01-12) (gcc version 5.2.1 20151010 (Ubuntu 5.2.1-22ubuntu2) ) #32-Ubuntu SMP Fri Jan 22 04:49:08 UTC 2016 (Ubuntu 4.2.0-27.32-generic 4.2.8-ckt1)\r\n[    0.000000] Command line: BOOT_IMAGE=/boot/vmlinuz-4.2.0-27-generic root=UUID=00dbac90-0d84-46e7-b813-31837bb7b225 ro console=tty1 console=ttyS0 earlyprintk=ttyS0 rootdelay=300\r\n[    0.000000] KERNEL supported cpus:\r\n[    0.000000]   Intel GenuineIntel\r\n[    0.000000]   AMD AuthenticAMD\r\n[    0.000000]   Centaur CentaurHauls\r\n[    0.000000] x86/fpu: xstate_offset[2]: 0240, xstate_sizes[2]: 0100\r\n[    0.000000] x86/fpu: Supporting XSAVE feature 0x01: 'x87 floating point registers'\r\n[    0.000000] x86/fpu: Supporting XSAVE feature 0x02: 'SSE registers'\r\n[    0.000000] x86/fpu: Supporting XSAVE feature 0x04: 'AVX registers'\r\n[    0.000000] x86/fpu: Enabled xstate features 0x7, context size is 0x340 bytes, using 'standard' format.\r\n[    0.000000] x86/fpu: Using 'eager' FPU context switches.\r\n[    0.000000] e820: BIOS-provided physical RAM map:\r\n[    0.000000] BIOS-e820: [mem 0x0000000000000000-0x000000000009fbff] usable\r\n[    0.000000] BIOS-e820: [mem 0x000000000009fc00-0x000000000009ffff] reserved\r\n[    0.000000] BIOS-e820: [mem 0x00000000000e0000-0x00000000000fffff] reserved\r\n[    0.000000] BIOS-e820: [mem 0x0000000000100000-0x000000001ffeffff] usable\r\n[    0.000000] BIOS-e820: [mem 0x000000001fff0000-0x000000001fffefff] ACPI data\r\n[    0.000000] BIOS-e820: [mem 0x000000001ffff000-0x000000001fffffff] ACPI NVS\r\n[    0.000000] BIOS-e820: [mem 0x0000000100000000-0x000000014fffffff] usable\r\n[    0.000000] bootconsole [earlyser0] enabled\r\n[    0.000000] NX (Execute Disable) protection: active\r\n[    0.000000] SMBIOS 2.3 present.\r\n[    0.000000] Hypervisor detected: Microsoft HyperV\r\n[    0.000000] HyperV: features 0xe7f, hints 0x2c\r\n[    0.000000] HyperV: LAPIC Timer Frequency: 0xc3500\r\n[    0.000000] clocksource: hyperv_clocksource: mask: 0xffffffffffffffff max_cycles: 0x24e6a1710, max_idle_ns: 440795202120 ns\r\n[    0.000000] tsc: Marking TSC unstable due to running on Hyper-V\r\n[    0.000000] e820: last_pfn = 0x150000 max_arch_pfn = 0x400000000\r\n[    0.000000] x86/PAT: Configuration [0-7]: WB  WC  UC- UC  WB  WC  UC- WT  \r\n[    0.000000] e820: last_pfn = 0x1fff0 max_arch_pfn = 0x400000000\r\n[    0.000000] found SMP MP-table at [mem 0x000ff780-0x000ff78f] mapped at [ffff8800000ff780]\r\n[    0.000000] Scanning 1 areas for low memory corruption\r\n[    0.000000] init_memory_mapping: [mem 0x00000000-0x000fffff]\r\n[    0.000000] init_memory_mapping: [mem 0x14fe00000-0x14fffffff]\r\n[    0.000000] init_memory_mapping: [mem 0x140000000-0x14fdfffff]\r\n[    0.000000] init_memory_mapping: [mem 0x120000000-0x13fffffff]\r\n[    0.000000] init_memory_mapping: [mem 0x00100000-0x1ffeffff]\r\n[    0.000000] init_memory_mapping: [mem 0x100000000-0x11fffffff]\r\n[    0.000000] RAMDISK: [mem 0x1d9ee000-0x1f7b1fff]\r\n[    0.000000] ACPI: Early table checksum verification disabled\r\n[    0.000000] ACPI: RSDP 0x00000000000F56F0 000014 (v00 ACPIAM)\r\n[    0.000000] ACPI: RSDT 0x000000001FFF0000 000040 (v01 VRTUAL MICROSFT 05001223 MSFT 00000097)\r\n[    0.000000] ACPI: FACP 0x000000001FFF0200 000081 (v02 VRTUAL MICROSFT 05001223 MSFT 00000097)\r\n[    0.000000] ACPI: DSDT 0x000000001FFF1724 002E78 (v01 MSFTVM MSFTVM02 00000002 INTL 02002026)\r\n[    0.000000] ACPI: FACS 0x000000001FFFF000 000040\r\n[    0.000000] ACPI: WAET 0x000000001FFF1480 000028 (v01 VRTUAL MICROSFT 05001223 MSFT 00000097)\r\n[    0.000000] ACPI: SLIC 0x000000001FFF14C0 000176 (v01 VRTUAL MICROSFT 05001223 MSFT 00000097)\r\n[    0.000000] ACPI: OEM0 0x000000001FFF16C0 000064 (v01 VRTUAL MICROSFT 05001223 MSFT 00000097)\r\n[    0.000000] ACPI: SRAT 0x000000001FFF0600 000090 (v02 VRTUAL MICROSFT 00000001 MSFT 00000001)\r\n[    0.000000] ACPI: APIC 0x000000001FFF0300 00024C (v01 VRTUAL MICROSFT 05001223 MSFT 00000097)\r\n[    0.000000] ACPI: OEMB 0x000000001FFFF040 000064 (v01 VRTUAL MICROSFT 05001223 MSFT 00000097)\r\n[    0.000000] SRAT: PXM 0 -> APIC 0x00 -> Node 0\r\n[    0.000000] SRAT: Node 0 PXM 0 [mem 0x00000000-0x1fffffff]\r\n[    0.000000] SRAT: Node 0 PXM 0 [mem 0x100000000-0x14fffffff]\r\n[    0.000000] NUMA: Node 0 [mem 0x00000000-0x1fffffff] + [mem 0x100000000-0x14fffffff] -> [mem 0x00000000-0x14fffffff]\r\n[    0.000000] NODE_DATA(0) allocated [mem 0x14fffa000-0x14fffefff]\r\n[    0.000000] Zone ranges:\r\n[    0.000000]   DMA      [mem 0x0000000000001000-0x0000000000ffffff]\r\n[    0.000000]   DMA32    [mem 0x0000000001000000-0x00000000ffffffff]\r\n[    0.000000]   Normal   [mem 0x0000000100000000-0x000000014fffffff]\r\n[    0.000000] Movable zone start for each node\r\n[    0.000000] Early memory node ranges\r\n[    0.000000]   node   0: [mem 0x0000000000001000-0x000000000009efff]\r\n[    0.000000]   node   0: [mem 0x0000000000100000-0x000000001ffeffff]\r\n[    0.000000]   node   0: [mem 0x0000000100000000-0x000000014fffffff]\r\n[    0.000000] Initmem setup node 0 [mem 0x0000000000001000-0x000000014fffffff]\r\n[    0.000000] ACPI: PM-Timer IO Port: 0x408\r\n[    0.000000] IOAPIC[0]: apic_id 0, version 17, address 0xfec00000, GSI 0-23\r\n[    0.000000] ACPI: INT_SRC_OVR (bus 0 bus_irq 0 global_irq 2 dfl dfl)\r\n[    0.000000] ACPI: INT_SRC_OVR (bus 0 bus_irq 9 global_irq 9 high level)\r\n[    0.000000] Using ACPI (MADT) for SMP configuration information\r\n[    0.000000] smpboot: Allowing 64 CPUs, 63 hotplug CPUs\r\n[    0.000000] PM: Registered nosave memory: [mem 0x00000000-0x00000fff]\r\n[    0.000000] PM: Registered nosave memory: [mem 0x0009f000-0x0009ffff]\r\n[    0.000000] PM: Registered nosave memory: [mem 0x000a0000-0x000dffff]\r\n[    0.000000] PM: Registered nosave memory: [mem 0x000e0000-0x000fffff]\r\n[    0.000000] PM: Registered nosave memory: [mem 0x1fff0000-0x1fffefff]\r\n[    0.000000] PM: Registered nosave memory: [mem 0x1ffff000-0x1fffffff]\r\n[    0.000000] PM: Registered nosave memory: [mem 0x20000000-0xffffffff]\r\n[    0.000000] e820: [mem 0x20000000-0xffffffff] available for PCI devices\r\n[    0.000000] Booting paravirtualized kernel on bare hardware\r\n[    0.000000] clocksource: refined-jiffies: mask: 0xffffffff max_cycles: 0xffffffff, max_idle_ns: 7645519600211568 ns\r\n[    0.000000] setup_percpu: NR_CPUS:256 nr_cpumask_bits:256 nr_cpu_ids:64 nr_node_ids:1\r\n[    0.000000] PERCPU: Embedded 33 pages/cpu @ffff88014ca00000 s96728 r8192 d30248 u262144\r\n[    0.000000] Built 1 zonelists in Node order, mobility grouping on.  Total pages: 451449\r\n[    0.000000] Policy zone: Normal\r\n[    0.000000] Kernel command line: BOOT_IMAGE=/boot/vmlinuz-4.2.0-27-generic root=UUID=00dbac90-0d84-46e7-b813-31837bb7b225 ro console=tty1 console=ttyS0 earlyprintk=ttyS0 rootdelay=300\r\n[    0.000000] log_buf_len individual max cpu contribution: 4096 bytes\r\n[    0.000000] log_buf_len total cpu_extra contributions: 258048 bytes\r\n[    0.000000] log_buf_len min size: 262144 bytes\r\n[    0.000000] log_buf_len: 524288 bytes\r\n[    0.000000] early log buf free: 252288(96%)\r\n[    0.000000] PID hash table entries: 4096 (order: 3, 32768 bytes)\r\n[    0.000000] Memory: 1683688K/1834552K available (8154K kernel code, 1238K rwdata, 3804K rodata, 1460K init, 1292K bss, 150864K reserved, 0K cma-reserved)\r\n[    0.000000] SLUB: HWalign=64, Order=0-3, MinObjects=0, CPUs=64, Nodes=1\r\n[    0.000000] Hierarchical RCU implementation.\r\n[    0.000000] \tBuild-time adjustment of leaf fanout to 64.\r\n[    0.000000] \tRCU restricting CPUs from NR_CPUS=256 to nr_cpu_ids=64.\r\n[    0.000000] RCU: Adjusting geometry for rcu_fanout_leaf=64, nr_cpu_ids=64\r\n[    0.000000] NR_IRQS:16640 nr_irqs:936 16\r\n[    0.000000] \tOffload RCU callbacks from all CPUs\r\n[    0.000000] \tOffload RCU callbacks from CPUs: 0-63.\r\n[    0.000000] Console: colour VGA+ 80x25\r\n[    0.000000] console [tty1] enabled\r\n[    0.000000] console [ttyS0] enabled\r\n[    0.000000] console [ttyS0] enabled\r\n[    0.000000] bootconsole [earlyser0] disabled\r\n[    0.000000] bootconsole [earlyser0] disabled\r\n[    0.000000] tsc: Fast TSC calibration failed\r\n[    0.000000] tsc: Unable to calibrate against PIT\r\n[    0.000000] tsc: using PMTIMER reference calibration\r\n[    0.000000] tsc: Detected 2394.421 MHz processor\r\n[    0.016027] Calibrating delay loop (skipped), value calculated using timer frequency.. 4788.84 BogoMIPS (lpj=9577684)\r\n[    0.021253] pid_max: default: 65536 minimum: 512\r\n[    0.022722] ACPI: Core revision 20150619\r\n[    0.025537] ACPI: All ACPI Tables successfully acquired\r\n[    0.029136] Security Framework initialized\r\n[    0.030418] AppArmor: AppArmor initialized\r\n[    0.032022] Yama: becoming mindful.\r\n[    0.033491] Dentry cache hash table entries: 262144 (order: 9, 2097152 bytes)\r\n[    0.035228] Inode-cache hash table entries: 131072 (order: 8, 1048576 bytes)\r\n[    0.036200] Mount-cache hash table entries: 4096 (order: 3, 32768 bytes)\r\n[    0.037555] Mountpoint-cache hash table entries: 4096 (order: 3, 32768 bytes)\r\n[    0.040243] Initializing cgroup subsys blkio\r\n[    0.041525] Initializing cgroup subsys memory\r\n[    0.042811] Initializing cgroup subsys devices\r\n[    0.044014] Initializing cgroup subsys freezer\r\n[    0.045260] Initializing cgroup subsys net_cls\r\n[    0.046511] Initializing cgroup subsys perf_event\r\n[    0.048030] Initializing cgroup subsys net_prio\r\n[    0.049276] Initializing cgroup subsys hugetlb\r\n[    0.051384] mce: CPU supports 1 MCE banks\r\n[    0.052029] Last level iTLB entries: 4KB 1024, 2MB 1024, 4MB 1024\r\n[    0.053373] Last level dTLB entries: 4KB 1024, 2MB 1024, 4MB 1024, 1GB 4\r\n[    0.080798] ftrace: allocating 30933 entries in 121 pages\r\n[    0.096103] Switched APIC routing to physical flat.\r\n[    0.110979] ..TIMER: vector=0x30 apic1=0 pin1=2 apic2=-1 pin2=-1\r\n[    0.112074] smpboot: CPU0: Intel(R) Xeon(R) CPU E5-2673 v3 @ 2.40GHz (fam: 06, model: 3f, stepping: 02)\r\n[    0.128023] Performance Events: unsupported p6 CPU model 63 no PMU driver, software events only.\r\n[    0.140962] x86: Booted up 1 node, 1 CPUs\r\n[    0.144004] smpboot: Total of 1 processors activated (4788.84 BogoMIPS)\r\n[    0.148010] NMI watchdog: disabled (cpu0): hardware events not enabled\r\n[    0.152001] NMI watchdog: Shutting down hard lockup detector on all cpus\r\n[    0.157891] devtmpfs: initialized\r\n[    0.165661] evm: security.selinux\r\n[    0.168001] evm: security.SMACK64\r\n[    0.172001] evm: security.SMACK64EXEC\r\n[    0.176000] evm: security.SMACK64TRANSMUTE\r\n[    0.180003] evm: security.SMACK64MMAP\r\n[    0.184002] evm: security.ima\r\n[    0.188002] evm: security.capability\r\n[    0.192097] PM: Registering ACPI NVS region [mem 0x1ffff000-0x1fffffff] (4096 bytes)\r\n[    0.196097] clocksource: jiffies: mask: 0xffffffff max_cycles: 0xffffffff, max_idle_ns: 7645041785100000 ns\r\n[    0.200185] pinctrl core: initialized pinctrl subsystem\r\n[    0.204436] RTC time:  9:40:41, date: 04/20/16\r\n[    0.208158] NET: Registered protocol family 16\r\n[    0.212155] cpuidle: using governor ladder\r\n[    0.216005] cpuidle: using governor menu\r\n[    0.220093] ACPI: bus type PCI registered\r\n[    0.224003] acpiphp: ACPI Hot Plug PCI Controller Driver version: 0.5\r\n[    0.228308] PCI: Using configuration type 1 for base access\r\n[    0.237068] ACPI: Added _OSI(Module Device)\r\n[    0.240003] ACPI: Added _OSI(Processor Device)\r\n[    0.244003] ACPI: Added _OSI(3.0 _SCP Extensions)\r\n[    0.248001] ACPI: Added _OSI(Processor Aggregator Device)\r\n[    0.253873] ACPI: Interpreter enabled\r\n[    0.256006] ACPI Exception: AE_NOT_FOUND, While evaluating Sleep State [\\_S1_] (20150619/hwxface-580)\r\n[    0.268003] ACPI Exception: AE_NOT_FOUND, While evaluating Sleep State [\\_S2_] (20150619/hwxface-580)\r\n[    0.280003] ACPI Exception: AE_NOT_FOUND, While evaluating Sleep State [\\_S3_] (20150619/hwxface-580)\r\n[    0.292009] ACPI Exception: AE_NOT_FOUND, While evaluating Sleep State [\\_S4_] (20150619/hwxface-580)\r\n[    0.304010] ACPI: (supports S0 S5)\r\n[    0.308003] ACPI: Using IOAPIC for interrupt routing\r\n[    0.312066] PCI: Using host bridge windows from ACPI; if necessary, use \"pci=nocrs\" and report a bug\r\n[    0.325588] ACPI: PCI Root Bridge [PCI0] (domain 0000 [bus 00-ff])\r\n[    0.328006] acpi PNP0A03:00: _OSC: OS supports [ASPM ClockPM Segments MSI]\r\n[    0.332007] acpi PNP0A03:00: _OSC failed (AE_NOT_FOUND); disabling ASPM\r\n[    0.336349] acpi PNP0A03:00: fail to add MMCONFIG information, can't access extended PCI configuration space under this bridge.\r\n[    0.340118] PCI host bridge to bus 0000:00\r\n[    0.344008] pci_bus 0000:00: root bus resource [bus 00-ff]\r\n[    0.348004] pci_bus 0000:00: root bus resource [mem 0xfe0000000-0xfffefffff window]\r\n[    0.352002] pci_bus 0000:00: root bus resource [io  0x0000-0x0cf7 window]\r\n[    0.356004] pci_bus 0000:00: root bus resource [io  0x0d00-0xffff window]\r\n[    0.360004] pci_bus 0000:00: root bus resource [mem 0x000a0000-0x000bffff window]\r\n[    0.364007] pci_bus 0000:00: root bus resource [mem 0x20000000-0xfffbffff window]\r\n[    0.374301] pci 0000:00:07.1: legacy IDE quirk: reg 0x10: [io  0x01f0-0x01f7]\r\n[    0.376004] pci 0000:00:07.1: legacy IDE quirk: reg 0x14: [io  0x03f6]\r\n[    0.380003] pci 0000:00:07.1: legacy IDE quirk: reg 0x18: [io  0x0170-0x0177]\r\n[    0.384003] pci 0000:00:07.1: legacy IDE quirk: reg 0x1c: [io  0x0376]\r\n[    0.392135] * Found PM-Timer Bug on the chipset. Due to workarounds for a bug,\r\n[    0.392135] * this clock source is slow. Consider trying other clock sources\r\n[    0.401150] pci 0000:00:07.3: quirk: [io  0x0400-0x043f] claimed by PIIX4 ACPI\r\n[    0.414365] ACPI: PCI Interrupt Link [LNKA] (IRQs 3 4 5 7 9 10 *11 12 14 15)\r\n[    0.432109] ACPI: PCI Interrupt Link [LNKB] (IRQs 3 4 5 7 9 10 11 12 14 15) *0, disabled.\r\n[    0.456151] ACPI: PCI Interrupt Link [LNKC] (IRQs 3 4 5 7 9 10 11 12 14 15) *0, disabled.\r\n[    0.480156] ACPI: PCI Interrupt Link [LNKD] (IRQs 3 4 5 7 9 10 11 12 14 15) *0, disabled.\r\n[    0.505455] ACPI: Enabled 1 GPEs in block 00 to 0F\r\n[    0.508147] vgaarb: setting as boot device: PCI:0000:00:08.0\r\n[    0.512000] vgaarb: device added: PCI:0000:00:08.0,decodes=io+mem,owns=io+mem,locks=none\r\n[    0.512005] vgaarb: loaded\r\n[    0.516002] vgaarb: bridge control possible 0000:00:08.0\r\n[    0.520175] SCSI subsystem initialized\r\n[    0.524160] ACPI: bus type USB registered\r\n[    0.528021] usbcore: registered new interface driver usbfs\r\n[    0.532011] usbcore: registered new interface driver hub\r\n[    0.536030] usbcore: registered new device driver usb\r\n[    0.540159] PCI: Using ACPI for IRQ routing\r\n[    0.544393] NetLabel: Initializing\r\n[    0.548002] NetLabel:  domain hash size = 128\r\n[    0.552001] NetLabel:  protocols = UNLABELED CIPSOv4\r\n[    0.556010] NetLabel:  unlabeled traffic allowed by default\r\n[    0.560086] clocksource: Switched to clocksource hyperv_clocksource\r\n[    0.573289] AppArmor: AppArmor Filesystem Enabled\r\n[    0.586359] pnp: PnP ACPI init\r\n[    0.592823] system 00:06: [io  0x01e0-0x01ef] has been reserved\r\n[    0.601090] system 00:06: [io  0x0160-0x016f] has been reserved\r\n[    0.609530] system 00:06: [io  0x0278-0x027f] has been reserved\r\n[    0.617805] system 00:06: [io  0x0378-0x037f] has been reserved\r\n[    0.626122] system 00:06: [io  0x0678-0x067f] has been reserved\r\n[    0.634465] system 00:06: [io  0x0778-0x077f] has been reserved\r\n[    0.642874] system 00:06: [io  0x04d0-0x04d1] has been reserved\r\n[    0.651216] system 00:07: [io  0x0400-0x043f] has been reserved\r\n[    0.659820] system 00:07: [io  0x0370-0x0371] has been reserved\r\n[    0.668001] system 00:07: [io  0x0440-0x044f] has been reserved\r\n[    0.676316] system 00:07: [mem 0xfec00000-0xfec00fff] could not be reserved\r\n[    0.686081] system 00:07: [mem 0xfee00000-0xfee00fff] has been reserved\r\n[    0.695333] system 00:08: [mem 0x00000000-0x0009ffff] could not be reserved\r\n[    0.705054] system 00:08: [mem 0x000c0000-0x000dffff] could not be reserved\r\n[    0.714620] system 00:08: [mem 0x000e0000-0x000fffff] could not be reserved\r\n[    0.724223] system 00:08: [mem 0x00100000-0x1fffffff] could not be reserved\r\n[    0.734042] system 00:08: [mem 0xfffc0000-0xffffffff] has been reserved\r\n[    0.743358] pnp: PnP ACPI: found 9 devices\r\n[    0.759845] clocksource: acpi_pm: mask: 0xffffff max_cycles: 0xffffff, max_idle_ns: 2085701024 ns\r\n[    0.772439] NET: Registered protocol family 2\r\n[    0.779131] TCP established hash table entries: 16384 (order: 5, 131072 bytes)\r\n[    0.789099] TCP bind hash table entries: 16384 (order: 6, 262144 bytes)\r\n[    0.798357] TCP: Hash tables configured (established 16384 bind 16384)\r\n[    0.807449] UDP hash table entries: 1024 (order: 3, 32768 bytes)\r\n[    0.815932] UDP-Lite hash table entries: 1024 (order: 3, 32768 bytes)\r\n[    0.825075] NET: Registered protocol family 1\r\n[    0.831582] pci 0000:00:00.0: Limiting direct PCI/PCI transfers\r\n[    0.839990] Trying to unpack rootfs image as initramfs...\r\n[    1.892924] Freeing initrd memory: 30480K (ffff88001d9ee000 - ffff88001f7b2000)\r\n[    1.910305] PCI-DMA: Using software bounce buffering for IO (SWIOTLB)\r\n[    1.925072] software IO TLB [mem 0x199ee000-0x1d9ee000] (64MB) mapped at [ffff8800199ee000-ffff88001d9edfff]\r\n[    1.946836] clocksource: tsc: mask: 0xffffffffffffffff max_cycles: 0x2283a10f58a, max_idle_ns: 440795259438 ns\r\n[    1.969086] RAPL PMU detected, API unit is 2^-32 Joules, 3 fixed counters 10737418240 ms ovfl timer\r\n[    1.988479] hw unit of domain pp0-core 2^-0 Joules\r\n[    1.999811] hw unit of domain package 2^-0 Joules\r\n[    2.011318] hw unit of domain dram 2^-16 Joules\r\n[    2.019329] microcode: CPU0 sig=0x306f2, pf=0x1, revision=0xffffffff\r\n[    2.029616] microcode: Microcode Update Driver: v2.00 <tigran@aivazian.fsnet.co.uk>, Peter Oruba\r\n[    2.043348] Scanning for low memory corruption every 60 seconds\r\n[    2.053775] futex hash table entries: 16384 (order: 8, 1048576 bytes)\r\n[    2.064198] Initialise system trusted keyring\r\n[    2.071599] audit: initializing netlink subsys (disabled)\r\n[    2.078105] audit: type=2000 audit(1461145243.076:1): initialized\r\n[    2.085845] HugeTLB registered 2 MB page size, pre-allocated 0 pages\r\n[    2.098216] zpool: loaded\r\n[    2.102960] zbud: loaded\r\n[    2.107870] VFS: Disk quotas dquot_6.6.0\r\n[    2.114429] VFS: Dquot-cache hash table entries: 512 (order 0, 4096 bytes)\r\n[    2.125668] fuse init (API version 7.23)\r\n[    2.132654] Key type big_key registered\r\n[    2.139381] Key type asymmetric registered\r\n[    2.146265] Asymmetric key parser 'x509' registered\r\n[    2.154237] Block layer SCSI generic (bsg) driver version 0.4 loaded (major 249)\r\n[    2.165784] io scheduler noop registered\r\n[    2.172854] io scheduler deadline registered (default)\r\n[    2.182257] io scheduler cfq registered\r\n[    2.189201] pci_hotplug: PCI Hot Plug PCI Core version: 0.5\r\n[    2.198340] pciehp: PCI Express Hot Plug Controller Driver version: 0.4\r\n[    2.208824] input: Power Button as /devices/LNXSYSTM:00/LNXPWRBN:00/input/input0\r\n[    2.220349] ACPI: Power Button [PWRF]\r\n[    2.226734] GHES: HEST is not enabled!\r\n[    2.233179] Serial: 8250/16550 driver, 32 ports, IRQ sharing enabled\r\n[    2.297452] 00:03: ttyS0 at I/O 0x3f8 (irq = 4, base_baud = 115200) is a 16550A\r\n[    2.364885] 00:04: ttyS1 at I/O 0x2f8 (irq = 3, base_baud = 115200) is a 16550A\r\n[    2.376926] Linux agpgart interface v0.103\r\n[    2.385371] brd: module loaded\r\n[    2.394398] loop: module loaded\r\n[    2.400276] ata_piix 0000:00:07.1: Hyper-V Virtual Machine detected, ATA device ignore set\r\n[    2.414653] scsi host0: ata_piix\r\n[    2.420438] scsi host1: ata_piix\r\n[    2.426822] ata1: PATA max UDMA/33 cmd 0x1f0 ctl 0x3f6 bmdma 0xffa0 irq 14\r\n[    2.437638] ata2: PATA max UDMA/33 cmd 0x170 ctl 0x376 bmdma 0xffa8 irq 15\r\n[    2.449510] libphy: Fixed MDIO Bus: probed\r\n[    2.457298] tun: Universal TUN/TAP device driver, 1.6\r\n[    2.465457] tun: (C) 1999-2004 Max Krasnyansky <maxk@qualcomm.com>\r\n[    2.475400] PPP generic driver version 2.4.2\r\n[    2.482938] ehci_hcd: USB 2.0 'Enhanced' Host Controller (EHCI) Driver\r\n[    2.494429] ehci-pci: EHCI PCI platform driver\r\n[    2.502303] ehci-platform: EHCI generic platform driver\r\n[    2.511827] ohci_hcd: USB 1.1 'Open' Host Controller (OHCI) Driver\r\n[    2.522723] ohci-pci: OHCI PCI platform driver\r\n[    2.531000] ohci-platform: OHCI generic platform driver\r\n[    2.540317] uhci_hcd: USB Universal Host Controller Interface driver\r\n[    2.551501] i8042: PNP: PS/2 Controller [PNP0303:PS2K,PNP0f03:PS2M] at 0x60,0x64 irq 1,12\r\n[    2.568490] serio: i8042 KBD port at 0x60,0x64 irq 1\r\n[    2.577477] serio: i8042 AUX port at 0x60,0x64 irq 12\r\n[    2.586168] mousedev: PS/2 mouse device common for all mice\r\n[    2.596427] rtc_cmos 00:00: RTC can wake from S4\r\n[    2.647038] input: AT Translated Set 2 keyboard as /devices/platform/i8042/serio0/input/input1\r\n[    2.661100] ata2.00: ATAPI: Virtual CD, , max MWDMA2\r\n[    2.670400] ata2.00: configured for MWDMA2\r\n[    2.677582] scsi 1:0:0:0: CD-ROM            Msft     Virtual CD/ROM   1.0  PQ: 0 ANSI: 5\r\n[    2.690546] sr 1:0:0:0: [sr0] scsi3-mmc drive: 0x/0x tray\r\n[    2.698242] cdrom: Uniform CD-ROM driver Revision: 3.20\r\n[    2.706313] rtc_cmos 00:00: rtc core: registered rtc_cmos as rtc0\r\n[    2.715285] rtc_cmos 00:00: alarms up to one month, 114 bytes nvram\r\n[    2.725085] sr 1:0:0:0: Attached scsi generic sg0 type 5\r\n[    2.732840] i2c /dev entries driver\r\n[    2.738253] device-mapper: uevent: version 1.0.3\r\n[    2.744972] device-mapper: ioctl: 4.33.0-ioctl (2015-8-18) initialised: dm-devel@redhat.com\r\n[    2.756462] ledtrig-cpu: registered to indicate activity on CPUs\r\n[    2.764937] PCCT header not found.\r\n[    2.770321] NET: Registered protocol family 10\r\n[    2.777197] NET: Registered protocol family 17\r\n[    2.784038] Key type dns_resolver registered\r\n[    2.790435] Loading compiled-in X.509 certificates\r\n[    2.798199] Loaded X.509 cert 'Build time autogenerated kernel key: 9421ce78f7dd6932d7a71d3bab89bb036afa29eb'\r\n[    2.811573] registered taskstats version 1\r\n[    2.817623] zswap: loading zswap\r\n[    2.822610] zswap: using zbud pool\r\n[    2.827849] zswap: using lzo compressor\r\n[    2.834868] Key type trusted registered\r\n[    2.848760] Key type encrypted registered\r\n[    2.854870] AppArmor: AppArmor sha1 policy hashing enabled\r\n[    2.863331] ima: No TPM chip found, activating TPM-bypass!\r\n[    2.872655] evm: HMAC attrs: 0x1\r\n[    2.878005]   Magic number: 12:575:677\r\n[    2.883721] acpi LNXCPU:22: hash matches\r\n[    2.891568] rtc_cmos 00:00: setting system clock to 2016-04-20 09:40:44 UTC (1461145244)\r\n[    2.902684] BIOS EDD facility v0.16 2004-Jun-25, 0 devices found\r\n[    2.911274] EDD information not available.\r\n[    2.920053] Freeing unused kernel memory: 1460K (ffffffff81d37000 - ffffffff81ea4000)\r\n[    2.931180] Write protecting the kernel read-only data: 12288k\r\n[    2.939787] Freeing unused kernel memory: 24K (ffff8800017fa000 - ffff880001800000)\r\n[    2.950584] Freeing unused kernel memory: 292K (ffff880001bb7000 - ffff880001c00000)\r\nLoading, please wait...\r\nstarting version 225\r\n[    2.992217] random: systemd-udevd urandom read with 3 bits of entropy available\r\n[    3.101200] Floppy drive(s): fd0 is 1.44M\r\n[    3.118040] clocksource: hyperv_clocksource_tsc_page: mask: 0xffffffffffffffff max_cycles: 0x24e6a1710, max_idle_ns: 440795202120 ns\r\n[    3.214166] FDC 0 is an 82078.\r\n[    3.273330] AVX2 version of gcm_enc/dec engaged.\r\n[    3.280378] AES CTR mode by8 optimization enabled\r\n[    3.290200] clocksource: Switched to clocksource hyperv_clocksource_tsc_page\r\n[    3.337022] hv_vmbus: Hyper-V Host Build:9600-6.3-18-0.18190; Vmbus version:3.0\r\n[    3.431526] hv_vmbus: registering driver hv_storvsc\r\n[    3.442795] hv_utils: Registering HyperV Utility Driver\r\n[    3.456636] hv_vmbus: registering driver hv_util\r\n[    3.472142] hidraw: raw HID events driver (C) Jiri Kosina\r\n[    3.492356] hv_vmbus: registering driver hid_hyperv\r\n[    3.510117] scsi host2: storvsc_host_t\r\n[    3.518417] scsi 2:0:0:0: Direct-Access     Msft     Virtual Disk     1.0  PQ: 0 ANSI: 4\r\n[    3.531481] sd 2:0:0:0: Attached scsi generic sg1 type 0\r\n[    3.539636] sd 2:0:0:0: [sda] 61440000 512-byte logical blocks: (31.4 GB/29.2 GiB)\r\n[    3.551268] sd 2:0:0:0: [sda] Write Protect is off\r\n[    3.560845] input: Microsoft Vmbus HID-compliant Mouse as /devices/0006:045E:0621.0001/input/input4\r\n[    3.575926] sd 2:0:0:0: [sda] Write cache: enabled, read cache: enabled, supports DPO and FUA\r\n[    3.588450] hv_vmbus: registering driver hv_netvsc\r\n[    3.598127] hid-generic 0006:045E:0621.0001: input: <UNKNOWN> HID v0.01 Mouse [Microsoft Vmbus HID-compliant Mouse] on \r\n[    3.617440]  sda: sda1\r\n[    3.626568] sd 2:0:0:0: [sda] Attached SCSI disk\r\n[    3.633946] scsi host3: storvsc_host_t\r\n[    3.640926] scsi 3:0:1:0: Direct-Access     Msft     Virtual Disk     1.0  PQ: 0 ANSI: 4\r\n[    3.654334] sd 3:0:1:0: Attached scsi generic sg2 type 0\r\n[    3.662695] sd 3:0:1:0: [sdb] 146800640 512-byte logical blocks: (75.1 GB/70.0 GiB)\r\n[    3.673926] psmouse serio1: trackpoint: failed to get extended button data\r\n[    3.686451] hv_netvsc: hv_netvsc channel opened successfully\r\n[    3.698894] sd 3:0:1:0: [sdb] Write Protect is off\r\n[    3.707584] sd 3:0:1:0: [sdb] Write cache: enabled, read cache: enabled, supports DPO and FUA\r\n[    3.728323]  sdb: sdb1\r\n[    3.742639] sd 3:0:1:0: [sdb] Attached SCSI disk\r\n[    3.865880] hv_netvsc vmbus_16: Send section size: 6144, Section count:2560\r\n[    3.880432] hv_netvsc vmbus_16: Device MAC 00:0d:3a:11:31:d2 link state up\r\n[    3.903469] scsi host4: storvsc_host_t\r\n[    3.913179] scsi 4:0:0:0: scsi scan: INQUIRY result too short (5), using 36\r\n[    3.929980] scsi 4:0:0:1: scsi scan: INQUIRY result too short (5), using 36\r\n[    3.941360] scsi 4:0:1:0: scsi scan: INQUIRY result too short (5), using 36\r\n[    3.953433] scsi 4:0:1:1: scsi scan: INQUIRY result too short (5), using 36\r\n[    3.968050] scsi host5: storvsc_host_t\r\n[    3.974751] scsi 4:1:0:0: scsi scan: INQUIRY result too short (5), using 36\r\n[    3.986303] scsi 5:0:0:0: scsi scan: INQUIRY result too short (5), using 36\r\n[    3.997758] scsi 5:0:0:1: scsi scan: INQUIRY result too short (5), using 36\r\n[    4.008195] scsi 4:1:0:1: scsi scan: INQUIRY result too short (5), using 36\r\n[    4.018987] scsi 5:0:1:0: scsi scan: INQUIRY result too short (5), using 36\r\n[    4.029356] scsi 4:1:1:0: scsi scan: INQUIRY result too short (5), using 36\r\n[    4.040987] scsi 5:0:1:1: scsi scan: INQUIRY result too short (5), using 36\r\n[    4.051093] scsi 4:1:1:1: scsi scan: INQUIRY result too short (5), using 36\r\n[    4.063524] scsi 5:1:0:0: scsi scan: INQUIRY result too short (5), using 36\r\n[    4.073324] scsi 4:2:0:0: scsi scan: INQUIRY result too short (5), using 36\r\n[    4.084213] scsi 5:1:0:1: scsi scan: INQUIRY result too short (5), using 36\r\n[    4.095116] scsi 4:2:0:1: scsi scan: INQUIRY result too short (5), using 36\r\n[    4.106439] scsi 5:1:1:0: scsi scan: INQUIRY result too short (5), using 36\r\n[    4.117074] scsi 4:2:1:0: scsi scan: INQUIRY result too short (5), using 36\r\n[    4.130403] scsi 5:1:1:1: scsi scan: INQUIRY result too short (5), using 36\r\n[    4.141063] scsi 4:2:1:1: scsi scan: INQUIRY result too short (5), using 36\r\n[    4.151111] scsi 5:2:0:0: scsi scan: INQUIRY result too short (5), using 36\r\n[    4.162052] scsi 4:3:0:0: scsi scan: INQUIRY result too short (5), using 36\r\n[    4.180095] scsi 5:2:0:1: scsi scan: INQUIRY result too short (5), using 36\r\n[    4.192039] scsi 4:3:0:1: scsi scan: INQUIRY result too short (5), using 36\r\n[    4.204281] scsi 5:2:1:0: scsi scan: INQUIRY result too short (5), using 36\r\n[    4.215453] scsi 4:3:1:0: scsi scan: INQUIRY result too short (5), using 36\r\n[    4.225863] scsi 5:2:1:1: scsi scan: INQUIRY result too short (5), using 36\r\n[    4.242403] scsi 4:3:1:1: scsi scan: INQUIRY result too short (5), using 36\r\n[    4.263997] scsi 5:3:0:0: scsi scan: INQUIRY result too short (5), using 36\r\n[    4.279652] scsi 4:4:0:0: scsi scan: INQUIRY result too short (5), using 36\r\n[    4.301086] scsi 5:3:0:1: scsi scan: INQUIRY result too short (5), using 36\r\n[    4.320052] scsi 4:4:0:1: scsi scan: INQUIRY result too short (5), using 36\r\n[    4.335664] scsi 5:3:1:0: scsi scan: INQUIRY result too short (5), using 36\r\n[    4.350414] scsi 4:4:1:0: scsi scan: INQUIRY result too short (5), using 36\r\n[    4.367627] scsi 5:3:1:1: scsi scan: INQUIRY result too short (5), using 36\r\n[    4.383942] scsi 4:4:1:1: scsi scan: INQUIRY result too short (5), using 36\r\n[    4.396917] scsi 5:4:0:0: scsi scan: INQUIRY result too short (5), using 36\r\n[    4.414390] scsi 4:5:0:0: scsi scan: INQUIRY result too short (5), using 36\r\n[    4.432676] scsi 5:4:0:1: scsi scan: INQUIRY result too short (5), using 36\r\n[    4.445236] scsi 5:4:1:0: scsi scan: INQUIRY result too short (5), using 36\r\n[    4.457889] scsi 4:5:0:1: scsi scan: INQUIRY result too short (5), using 36\r\n[    4.468808] scsi 5:4:1:1: scsi scan: INQUIRY result too short (5), using 36\r\n[    4.478492] scsi 4:5:1:0: scsi scan: INQUIRY result too short (5), using 36\r\n[    4.488305] scsi 5:5:0:0: scsi scan: INQUIRY result too short (5), using 36\r\n[    4.498278] scsi 4:5:1:1: scsi scan: INQUIRY result too short (5), using 36\r\n[    4.508362] scsi 5:5:0:1: scsi scan: INQUIRY result too short (5), using 36\r\n[    4.518205] scsi 4:6:0:0: scsi scan: INQUIRY result too short (5), using 36\r\n[    4.528051] scsi 5:5:1:0: scsi scan: INQUIRY result too short (5), using 36\r\n[    4.538132] scsi 4:6:0:1: scsi scan: INQUIRY result too short (5), using 36\r\n[    4.548406] scsi 5:5:1:1: scsi scan: INQUIRY result too short (5), using 36\r\n[    4.559071] scsi 4:6:1:0: scsi scan: INQUIRY result too short (5), using 36\r\n[    4.571558] scsi 4:6:1:1: scsi scan: INQUIRY result too short (5), using 36\r\n[    4.584101] scsi 5:6:0:0: scsi scan: INQUIRY result too short (5), using 36\r\n[    4.594625] scsi 5:6:0:1: scsi scan: INQUIRY result too short (5), using 36\r\n[    4.606362] scsi 4:7:0:0: scsi scan: INQUIRY result too short (5), using 36\r\n[    4.619988] scsi 5:6:1:0: scsi scan: INQUIRY result too short (5), using 36\r\n[    4.630474] scsi 4:7:0:1: scsi scan: INQUIRY result too short (5), using 36\r\n[    4.644377] scsi 5:6:1:1: scsi scan: INQUIRY result too short (5), using 36\r\n[    4.657715] scsi 4:7:1:0: scsi scan: INQUIRY result too short (5), using 36\r\n[    4.674794] scsi 5:7:0:0: scsi scan: INQUIRY result too short (5), using 36\r\n[    4.688697] scsi 4:7:1:1: scsi scan: INQUIRY result too short (5), using 36\r\n[    4.704435] scsi 5:7:0:1: scsi scan: INQUIRY result too short (5), using 36\r\n[    4.715280] scsi 5:7:1:0: scsi scan: INQUIRY result too short (5), using 36\r\n[    4.729881] scsi 5:7:1:1: scsi scan: INQUIRY result too short (5), using 36\r\nBegin: Loading essential drivers ... done.\r\r\nBegin: Running /scripts/init-premount ... done.\r\r\nBegin: Mounting root file system ... Begin: Running /scripts/local-top ... done.\r\r\nBegin: Running /scripts/local-premount ... done.\r\r\nBegin: Checking root file system ... fsck from util-linux 2.26.2\r\r\ncloudimg-rootfs: clean, 73595/244736 files, 351302/524032 blocks\r\r\ndone.\r\r\n[    6.533998] EXT4-fs (sda1): mounted filesystem with ordered data mode. Opts: (null)\r\ndone.\r\r\nBegin: Running /scripts/local-bottom ... done.\r\r\nBegin: Running /scripts/init-bottom ... Warning: overlayroot: debug is busted\r\r\n[    7.384998] random: nonblocking pool is initialized\r\ndone.\r\r\n[    8.564063] psmouse serio1: trackpoint: IBM TrackPoint firmware: 0x01, buttons: 0/0\r\n[    8.585773] input: TPPS/2 IBM TrackPoint as /devices/platform/i8042/serio1/input/input3\r\n[   10.695156] systemd[1]: Failed to insert module 'kdbus': Function not implemented\r\n[   11.092556] systemd[1]: systemd 225 running in system mode. (+PAM +AUDIT +SELINUX +IMA +APPARMOR +SMACK +SYSVINIT +UTMP +LIBCRYPTSETUP +GCRYPT +GNUTLS +ACL +XZ -LZ4 +SECCOMP +BLKID -ELFUTILS +KMOD -IDN)\r\n[   11.127209] systemd[1]: Detected virtualization microsoft.\r\n[   11.138879] systemd[1]: Detected architecture x86-64.\r\n\r\r\nWelcome to \u001b[1mUbuntu 15.10\u001b[0m!\r\r\n\r\r\n[   11.383118] systemd[1]: Set hostname to <ubuntu>.\r\n[   11.392867] systemd[1]: Initializing machine ID from random generator.\r\n[   11.407355] systemd[1]: Installed transient /etc/machine-id file.\r\netc-machine\\x2did.mount\r\r\n-.mount[   12.237722] systemd[1]: sshd-keygen.service: Cannot add dependency job, ignoring: Unit sshd-keygen.service failed to load: No such file or directory.\r\n\r\r\n[   12.267477] systemd[1]: sshd-keygen.service: Cannot add dependency job, ignoring: Unit sshd-keygen.service failed to load: No such file or directory.\r\n[   12.295765] systemd[1]: display-manager.service: Cannot add dependency job, ignoring: Unit display-manager.service failed to load: No such file or directory.\r\n[   12.325201] systemd[1]: Created slice Root Slice.\r\n[\u001b[32m  OK  \u001b[0m[   12.338707] systemd[1]: Listening on udev Kernel Socket.\r\n] Created slice Root Slice.\r\r\n[\u001b[32m  OK  \u001b[0m[   12.357411] systemd[1]: Listening on /dev/initctl Compatibility Named Pipe.\r\n] Listening on udev Kernel Socket.\r\r\n[\u001b[32m  OK  \u001b[0m[   12.379754] systemd[1]: Listening on Journal Audit Socket.\r\n] Listening on /dev/initctl Compatibility Named Pipe.\r\r\n[\u001b[32m  OK  \u001b[0m[   12.401705] systemd[1]: Reached target Encrypted Volumes.\r\n] Listening on Journal Audit Socket.\r\r\n[\u001b[32m  OK  \u001b[0m[   12.422443] systemd[1]: Created slice User and Session Slice.\r\n] Reached target Encrypted Volumes.\r\r\n[\u001b[32m  OK  \u001b[0m[   12.442948] systemd[1]: Reached target User and Group Name Lookups.\r\n] Created slice User and Session Slice.\r\r\n[\u001b[32m  OK  \u001b[0m[   12.462708] systemd[1]: Listening on udev Control Socket.\r\n] Reached target User and Group Name Lookups.\r\r\n[\u001b[32m  OK  \u001b[0m[   12.482906] systemd[1]: Reached target Swap.\r\n] Listening on udev Control Socket.\r\r\n[\u001b[32m  OK  \u001b[0m[   12.499826] systemd[1]: Listening on Journal Socket (/dev/log).\r\n] Reached target Swap.\r\r\n[\u001b[32m  OK  \u001b[0m[   12.518207] systemd[1]: Started Forward Password Requests to Wall Directory Watch.\r\n] Listening on Journal Socket (/dev/log).\r\r\n[\u001b[32m  OK  \u001b[0m[   12.541220] systemd[1]: Set up automount Arbitrary Executable File Formats File System Automount Point.\r\n] Started Forward Password Requests to Wall Directory Watch.\r\r\n[\u001b[32m  OK  \u001b[0m[   12.567428] systemd[1]: Created slice System Slice.\r\n] Set up automount Arbitrary Executab...ats File System Automount Point.\r\r\n[   12.584024] systemd[1]: Created slice system-serial\\x2dgetty.slice.\r\n[\u001b[32m  OK  \u001b[0m] Created slice System Slice.\r\r\n[\u001b[32m  OK  \u001b[0m[   12.603622] systemd[1]: Starting Increase datagram queue length...\r\n] Created slice system-serial\\x2dgetty.slice.\r\r\n         Starting Increase datagram queue length...[   12.625666] systemd[1]: Reached target Slices.\r\n\r\r\n[\u001b[32m  OK  \u001b[0m[   12.637653] systemd[1]: Created slice system-getty.slice.\r\n] Reached target Slices.\r\r\n[\u001b[32m  OK  \u001b[0m]
[   12.654512] systemd[1]: Reached target Remote File Systems (Pre).\r\nCreated slice system-getty.slice.\r\r\n[\u001b[32m  OK  \u001b[0m[   12.672120] systemd[1]: Listening on Journal Socket.\r\n] Reached target Remote File Systems (Pre).\r\r\n[\u001b[32m  OK  \u001b[0m[   12.689023] systemd[1]: Mounting Huge Pages File System...\r\n] Listening on Journal Socket.\r\r\n         Mounting Huge Pages File System...[   12.708702] systemd[1]: Starting udev Coldplug all Devices...\r\n\r\r\n         Starting udev Coldplug all Devices...[   12.726702] systemd[1]: Starting Remount Root and Kernel File Systems...\r\n\r\r\n         Starting Remount Root and Kernel File Systems...[   12.747853] systemd[1]: Mounting Debug File System...\r\n\r\r\n         Mounting Debug File System...[   12.771019] EXT4-fs (sda1): re-mounted. Opts: discard\r\n\r\r\n[   12.795437] systemd[1]: Starting Load Kernel Modules...\r\n         Starting Load Kernel Modules...[   12.810774] systemd[1]: Starting Setup Virtual Console...\r\n\r\r\n         Starting Setup Virtual Console...[   12.827893] systemd[1]: Mounting POSIX Message Queue File System...\r\n\r\r\n         Mounting POSIX Message Queue File System...[   12.848719] systemd[1]: Starting Uncomplicated firewall...\r\n\r\r\n         Starting Uncomplicated firewall...[   12.866818] systemd[1]: Starting Create list of required static device nodes for the current kernel...\r\n\r\r\n         Starting Create list of required st... nodes for the current kernel...[   12.891069] systemd[1]: Mounted Debug File System.\r\n\r\r\n[\u001b[32m  OK  \u001b[0m[   12.902445] systemd[1]: Mounted POSIX Message Queue File System.\r\n] Mounted Debug File System.\r[   12.925085] systemd[1]: Mounted Huge Pages File System.\r\n\r\n[\u001b[32m  OK  \u001b[0m] Mounted POSIX Message Queue File System.\r[   12.939631] systemd[1]: Started Increase datagram queue length.\r\n\r\nsys-kernel-debug.mount\r\r\n[\u001b[32m  OK  \u001b[0m] Mounted Huge Pages File System.\r[   12.960851] systemd[1]: Started Remount Root and Kernel File Systems.\r\n\r\ndev-mqueue.mount\r\r\n[\u001b[32m  OK  \u001b[0m] Started Increase datagram queue length.\r[   12.989938] systemd[1]: Started Load Kernel Modules.\r\n\r\ndev-hugepages.mount[   13.004518] systemd[1]: Started Setup Virtual Console.\r\n\r\r\n[\u001b[32m  OK  \u001b[0m] Started Remount Root and Kernel File Systems.\r\r\n[\u001b[32m  OK  \u001b[0m] Started Load Kernel Modules.\r[   13.033708] systemd[1]: Started Create list of required static device nodes for the current kernel.\r\n\r\nsystemd-setup-dgram-qlen.service\r\r\n[\u001b[32m  OK  \u001b[0m] Started Setup Virtual Console.\r[   13.066301] systemd[1]: Started Uncomplicated firewall.\r\n\r\nsystemd-remount-fs.service\r\r\n[\u001b[32m  OK  \u001b[0m] Started Create list of required sta...ce nodes for the current kernel.\r[   13.110494] systemd[1]: Started udev Coldplug all Devices.\r\n\r\n[\u001b[32m  OK  \u001b[0m] Started Uncomplicated firewall.\r\r\nsystemd-modules-load.service\r\r\n[\u001b[32m  OK  \u001b[0m] Started udev Coldplug all Devices.\r\r\nsystemd-vconsole-setup.service[   13.151804] systemd[1]: Starting Create Static Device Nodes in /dev...\r\n\r\r\nkmod-static-nodes.service\r\r\nufw.service\r\r\nsystemd-udev-trigger.service[   13.174668] systemd[1]: Starting Apply Kernel Variables...\r\n\r\r\n         Starting Create Static Device Nodes in /dev...\r[   13.189930] systemd[1]: Mounting FUSE Control File System...\r\n\r\n         Starting Apply Kernel Variables...\r\r\n         Mounting FUSE Control File System...\r\r\n[   13.211978] systemd[1]: Starting Ensure /etc/mtab is a symlink to /proc/mounts...\r\n         Starting Ensure /etc/mtab is a symlink to /proc/mounts...[   13.235287] systemd[1]: Starting Load/Save Random Seed...\r\n\r\r\n         Starting Load/Save Random Seed...[   13.252626] systemd[1]: Listening on Syslog Socket.\r\n\r\r\n[\u001b[32m  OK  \u001b[0m[   13.267273] systemd[1]: Starting Journal Service...\r\n] Listening on Syslog Socket.\r\r\n         Starting Journal Service...\r\r\n[   13.290175] systemd[1]: Mounted FUSE Control File System.\r\n[\u001b[32m  OK  \u001b[0m]
[   13.307316] systemd[1]: Started Ensure /etc/mtab is a symlink to /proc/mounts.\r\nMounted FUSE Control File System.\r\r\nsys-fs-fuse-connections.mount\r\r\n[[   13.329487] systemd[1]: Started Load/Save Random Seed.\r\n\u001b[32m  OK  \u001b[0m] Started Ensure /etc/mtab is a symlink to /proc/mounts.\r\r\n[\u001b[32m  OK  \u001b[0m] Started Load/Save Random Seed.\r\r\ndebian-fixup.service\r\r\nsystemd-random-seed.service\r\r\n[\u001b[32m  OK  \u001b[0m] Started Apply Kernel Variables.\r\r\nsystemd-sysctl.service\r\r\n[\u001b[32m  OK  \u001b[0m] Started Journal Service.\r\r\n         Starting Flush Journal to Persistent Storage...\r\r\nsystemd-journald.service\r\r\n[\u001b[32m  OK  \u001b[0m] Started Create Static Device Nodes in /dev.\r\r\n         Starting udev Kernel Device Manager...\r\r\nsystemd-tmpfiles-setup-dev.service\r\r\n[\u001b[32m  OK  \u001b[0m] Started Flush Journal to Persistent Storage.\r\r\nsystemd-journal-flush.service\r\r\n[\u001b[32m  OK  \u001b[0m] Started udev Kernel Device Manager.\r\r\n[\u001b[32m  OK  \u001b[0m] Reached target Local File Systems (Pre).\r\r\n         Mounting /etc/network/interfaces.dynamic.d...\r\r\n[\u001b[32m  OK  \u001b[0m] Mounted /etc/network/interfaces.dynamic.d.\r\r\n[\u001b[32m  OK  \u001b[0m] Reached target Local File Systems.\r\r\n         Starting Clean up any mess left by 0dns-up...\r\r\nsystemd-udevd.service\r\r\n         Starting Commit a transient machine-id on disk...\r\r\n         Starting Set console keymap...\r\r\n         Starting Create Volatile Files and Directories...\r\r\n         Starting Wait for all \"auto\" /etc/n... up for network-online.target...\r\r\n         Starting Tell Plymouth To Write Out Runtime Data...\r\r\n[\u001b[32m  OK  \u001b[0m] Reached target Remote File Systems.\r\r\n         Starting LSB: AppArmor initialization...\r\r\n[\u001b[32m  OK  \u001b[0m] Started Commit a transient machine-id on disk.\r\r\netc-network-interfaces.dynamic.d.mount\r\r\n[\u001b[32m  OK  \u001b[0m] Started Create Volatile Files and Directories.\r\r\n         Starting Update UTMP about System Boot/Shutdown...\r\r\n         Starting Network Time Synchronization...\r\r\n[\u001b[32m  OK  \u001b[0m] Started Clean up any mess left by 0dns-up.\r\r\n         Starting Nameserver information manager...\r\r\n[\u001b[32m  OK  \u001b[0m] Started Update UTMP about System Boot/Shutdown.\r\r\nsystemd-machine-id-commit.service\r\r\n[\u001b[32m  OK  \u001b[0m] Started Network Time Synchronization.\r\r\n[\u001b[32m  OK  \u001b[0m] Reached target System Time Synchronized.\r\r\n[\u001b[32m  OK  \u001b[0m] Started Set console keymap.\r\r\n[\u001b[32m  OK  \u001b[0m] Started Nameserver information manager.\r\r\nsystemd-tmpfiles-setup.service\r\r\nsystemd-update-utmp.service\r\r\nsystemd-timesyncd.service\r\r\nresolvconf.service\r\r\n[   14.686408] piix4_smbus 0000:00:07.3: SMBus base address uninitialized - upgrade BIOS or use force_addr=0xaddr\r\n[\u001b[32m  OK  \u001b[0m] Started Tell Plymouth To Write Out Runtime Data.\r\r\n[\u001b[32m  OK  \u001b[0m] Created slice system-ifup.slice.\r\r\n[\u001b[32m  OK  \u001b[0m] Found device /sys/subsystem/net/devices/eth0.\r\r\n[\u001b[32m  OK  \u001b[0m] Found device /dev/ttyS0.\r\r\n[   15.428268] intel_rapl: no valid rapl domains found in package 0\r\n[\u001b[32m  OK  \u001b[0m] Started LSB: AppArmor initialization.\r\r\n[\u001b[32m  OK  \u001b[0m] Started ifup for eth0.\r\r\n         Starting LSB: Raise network interfaces....\r\r\napparmor.service\r\r\nifup@eth0.service\r\r\n[\u001b[32m  OK  \u001b[0m] Started LSB: Raise network interfaces..\r\r\n[\u001b[32m  OK  \u001b[0m] Reached target System Initialization.\r\r\n[\u001b[32m  OK  \u001b[0m] Listening on UUID daemon activation socket.\r\r\n[\u001b[32m  OK  \u001b[0m] Listening on ACPID Listen Socket.\r\r\n[\u001b[32m  OK  \u001b[0m] Listening on D-Bus System Message Bus Socket.\r\r\n         Starting lxd-unix.socket.\r\r\n         Starting Seed the pseudo random number generator on first boot...\r\r\n[\u001b[32m  OK  \u001b[0m] Started Daily Cleanup of Temporary Directories.\r\r\n[\u001b[32m  OK  \u001b[0m] Reached target Timers.\r\r\n[\u001b[32m  OK  \u001b[0m] Started Trigger resolvconf update for networkd DNS.\r\r\n[\u001b[32m  OK  \u001b[0m] Reached target Paths.\r\r\n[\u001b[32m  OK  \u001b[0m] Reached target Network.\r\r\n[\u001b[32m  OK  \u001b[0m] Listening on lxd-unix.socket.\r\r\n[\u001b[32m  OK  \u001b[0m] Reached target Sockets.\r\r\n[\u001b[32m  OK  \u001b[0m] Reached target Basic System.\r\r\n[\u001b[32m  OK  \u001b[0m] Started D-Bus System Message Bus.\r\r\nnetworking.service\r\r\ndbus.service\r\r\n         Starting LSB: Record successful boot for GRUB...\r\r\n         Starting System Logging Service...\r\r\n         Starting Initial cloud-init job (pre-networking)...\r\r\n         Starting LSB: automatic crash report generation...\r\r\n[\u001b[32m  OK  \u001b[0m] Started Hyper-V VSS Protocol Daemon.\r\r\n[\u001b[32m  OK  \u001b[0m] Started Hyper-V KVP Protocol Daemon.\r\r\n[\u001b[32m  OK  \u001b[0m] Started Regular background program processing daemon.\r\r\n[\u001b[32m  OK  \u001b[0m] Started Deferred execution scheduler.\r\r\n[\u001b[32m  OK  \u001b[0m] Started Hyper-V File Copy Protocol Daemon.\r\r\n         Starting LSB: daemon to balance interrupts for SMP systems...\r\r\n         Starting Accounts Service...\r\r\n         Starting Thermal Daemon Service...\r\r\n         Starting LSB: Set the CPU Frequency Scaling governor to \"ondemand\"...\r\r\n         Starting LSB: Starts the Micro Name Service Cache Daemon...\r\r\n         Starting Login Service...\r\r\n         Starting Restore /etc/resolv.conf i...e the ppp link was shut down....\r\r\n[\u001b[32m  OK  \u001b[0m] Started Cgroup management daemon.\r\r\n[\u001b[32m  OK  \u001b[0m] Started FUSE filesystem for LXC.\r\r\n[\u001b[32m  OK  \u001b[0m] Started Wait for all \"auto\" /etc/ne...be up for network-online.target.\r\r\n[\u001b[32m  OK  \u001b[0m] Reached target Network is Online.\r\r\n         Starting /etc/rc.local Compatibility...\r\r\n         Starting LXC network bridge setup...\r\r\n[\u001b[32m  OK  \u001b[0m] Started Restore /etc/resolv.conf if...ore the ppp link was shut down..\r\r\n[\u001b[32m  OK  \u001b[0m] Started /etc/rc.local Compatibility.\r\r\n[\u001b[32m  OK  \u001b[0m] Started LSB: Set the CPU Frequency Scaling governor to \"ondemand\".\r\r\nhv-vss-daemon.service\r\r\n[\u001b[32m  OK  \u001b[0m] Started Login Service.\r\r\n[\u001b[32m  OK  \u001b[0m] Started LSB: Starts the Micro Name Service Cache Daemon.\r\r\n[\u001b[32m  OK  \u001b[0m] Started LSB: automatic crash report generation.\r\r\nhv-kvp-daemon.service\r\r\ncron.service\r\r\natd.service\r\r\n[\u001b[32m  OK  \u001b[0m] Started LSB: daemon to balance interrupts for SMP systems.\r\r\nhv-fcopy-daemon.service\r\r\ncgmanager.service\r\r\nlxcfs.service\r\r\nifup-wait-all-auto.service\r\r\nrc-local.service\r\r\nondemand.service\r\r\nrun-cgmanager-fs.mount\r\r\nsystemd-logind.service\r\r\nunscd.service\r\r\napport.service\r\r\nvar-lib-lxcfs.mount\r\r\nirqbalance.service\r\r\n[\u001b[32m  OK  \u001b[0m] Started LSB: Record successful boot for GRUB.\r\r\ngrub-common.service\r\r\n[\u001b[32m  OK  \u001b[0m] Started Thermal Daemon Service.\r\r\nthermald.service\r\r\n         Starting Authenticate and Authorize Users to Run Privileged Tasks...\r\r\n[\u001b[32m  OK  \u001b[0m] Started Authenticate and Authorize Users to Run Privileged Tasks.\r\r\n[\u001b[32m  OK  \u001b[0m] Started Accounts Service.\r\r\npolkitd.service\r\r\naccounts-daemon.service\r\r\n[\u001b[32m  OK  \u001b[0m] Started LXC network bridge setup.\r\r\n         Starting LXC Container Initialization and Autoboot Code...\r\r\nlxc-net.service\r\r\n[\u001b[32m  OK  \u001b[0m] Started LXC Container Initialization and Autoboot Code.\r\r\n         Starting Container hypervisor based on LXC - boot time check...\r\r\nlxc.service\r\r\n[\u001b[32m  OK  \u001b[0m] Started System Logging Service.\r\r\nrsyslog.service\r\r\n[\u001b[32m  OK  \u001b[0m] Started Seed the pseudo random number generator on first boot.\r\r\n[\u001b[32m  OK  \u001b[0m] Started Container hypervisor based on LXC - boot time check.\r\r\n[   29.195776] cloud-init[674]: Cloud-init v. 0.7.7 running 'init-local' at Wed, 20 Apr 2016 09:41:11 +0000. Up 29.02 seconds.\r\r\n[\u001b[32m  OK  \u001b[0m] Started Initial cloud-init job (pre-networking).\r\r\n         Starting Initial cloud-init job (metadata service crawler)...\r\r\ncloud-init-local.service\r\r\n[   30.260092] blk_update_request: I/O error, dev fd0, sector 0\r\n[   30.340102] blk_update_request: I/O error, dev fd0, sector 0\r\ntmp-tmp8omtr_ao.mount\r\r\n[   30.540581] cloud-init[931]: + i=eth0\r\r\n[   30.548805] cloud-init[931]: + x=0\r\r\n[   30.549083] cloud-init[931]: + ifdown eth0\r\r\n[   30.594110] cloud-init[931]: Killed old client process\r\r\n[   31.599325] cloud-init[931]: Internet Systems Consortium DHCP Client 4.3.1\r\r\n[   31.600159] cloud-init[931]: Copyright 2004-2014 Internet Systems Consortium.\r\r\n[   31.600976] cloud-init[931]: All rights reserved.\r\r\n[   31.601711] cloud-init[931]: For info, please visit https://www.isc.org/software/dhcp/\r\r\n[   31.630374] cloud-init[931]: Listening on LPF/eth0/00:0d:3a:11:31:d2\r\r\n[   31.631107] cloud-init[931]: Sending on   LPF/eth0/00:0d:3a:11:31:d2\r\r\n[   31.631806] cloud-init[931]: Sending on   Socket/fallback\r\r\n[   36.151227] cloud-init[931]: DHCPRELEASE on eth0 to 168.63.129.16 port 67 (xid=0x45dd7d3b)\r\r\n[   36.230429] cloud-init[931]: + ifup eth0\r\r\n[   36.265173] cloud-init[931]: Internet Systems Consortium DHCP Client 4.3.1\r\r\n[   36.276503] cloud-init[931]: Copyright 2004-2014 Internet Systems Consortium.\r\r\n[   36.276970] cloud-init[931]: All rights reserved.\r\r\n[   36.277429] cloud-init[931]: For info, please visit https://www.isc.org/software/dhcp/\r\r\n[   36.296938] cloud-init[931]: Listening on LPF/eth0/00:0d:3a:11:31:d2\r\r\n[   36.297414] cloud-init[931]: Sending on   LPF/eth0/00:0d:3a:11:31:d2\r\r\n[   36.297888] cloud-init[931]: Sending on   Socket/fallback\r\r\n[   36.308678] cloud-init[931]: DHCPDISCOVER on eth0 to 255.255.255.255 port 67 interval 3 (xid=0x1e443f30)\r\r\n[   36.350628] cloud-init[931]: DHCPREQUEST of 10.0.0.4 on eth0 to 255.255.255.255 port 67 (xid=0x303f441e)\r\r\n[   36.350850] cloud-init[931]: DHCPOFFER of 10.0.0.4 from 168.63.129.16\r\r\n[   36.374856] cloud-init[931]: DHCPACK of 10.0.0.4 from 168.63.129.16\r\r\n[   36.494857] cloud-init[931]: bound to 10.0.0.4 -- renewal in 4294967295 seconds.\r\r\n[   36.536919] cloud-init[931]: + exit 0\r\r\n[\u001b[32m  OK  \u001b[0m] Started Azure Linux Agent.\r\r\nwalinuxagent.service\r\r\n2016/04/20 09:41:20.094183 INFO Azure Linux Agent Version:2.1.2\r\r\n2016/04/20 09:41:20.108121 INFO OS: ubuntu 15.10\r\r\n2016/04/20 09:41:20.108292 INFO Python: 3.4.3\r\r\n2016/04/20 09:41:20.108477 INFO Send dhcp request\r\r\n2016/04/20 09:41:20.198102 INFO Wire server endpoint:168.63.129.16\r\r\n2016/04/20 09:41:20.207155 INFO Gateway:10.0.0.1\r\r\n2016/04/20 09:41:20.207340 INFO Routes:None\r\r\n2016/04/20 09:41:20.207576 INFO Configure routes\r\r\n2016/04/20 09:41:20.209488 INFO Detect default protocol.\r\r\n2016/04/20 09:41:20.599594 INFO Fabric preferred wire protocol version:2015-04-05\r\r\n2016/04/20 09:41:20.610751 INFO Wire protocol version:2012-11-30\r\r\n2016/04/20 09:41:20.610905 WARNING Server prefered version:2015-04-05\r\r\n2016/04/20 09:41:20.611060 INFO Last request issued less than 1 second ago\r\r\n2016/04/20 09:41:20.611196 INFO Sleep 1 second to avoid throttling.\r\r\n2016/04/20 09:41:21.618288 INFO Sleep 1 second to avoid throttling.\r\r\n2016/04/20 09:41:22.635428 INFO Last request issued less than 1 second ago\r\r\n2016/04/20 09:41:22.644638 INFO Sleep 1 second to avoid throttling.\r\r\n2016/04/20 09:41:23.700326 INFO Sleep 1 second to avoid throttling.\r\r\n[   41.576149] blk_update_request: I/O error, dev fd0, sector 0\r\n[   41.656112] blk_update_request: I/O error, dev fd0, sector 0\r\ntmp-tmpnh5ckeeh.mount\r\r\n2016/04/20 09:41:24.733048 INFO Protocol V1 found.\r\r\n2016/04/20 09:41:24.741286 INFO Protocol V2 found.\r\r\n2016/04/20 09:41:24.742276 INFO run Ubuntu provision handler\r\r\n2016/04/20 09:41:24.742761 INFO Waiting cloud-init to finish provisioning.\r\r\n2016/04/20 09:41:24.743110 INFO Wait for ssh host key to be generated.\r\r\n2016/04/20 09:41:24.744945 INFO Wait for ssh host key be generated: /etc/ssh/ssh_host_rsa_key\r\r\n2016/04/20 09:41:24.795359 INFO Event: name=WALA, op=HeartBeat, message=\r\r\n\u0000\u0000\u0000\u0000\u0000\u0000\u0000\u0000\u0000\u0000\u0000\u0000\u0000\u0000\u0000\u0000\u0000\u0000\u0000\u0000\u0000\u0000\u0000\u0000\u0000\u0000\u0000\u0000\u0000\u0000\u0000\u0000\u0000\u0000\u0000\u0000\u0000\u0000\u0000\u0000\u0000\u0000\u0000\u0000\u0000\u0000\u0000\u0000\u0000\u0000\u0000\u0000\u0000\u0000\u0000\u0000\u0000\u0000\u0000\u0000\u0000\u0000\u0000\u0000\u0000\u0000\u0000\u0000\u0000\u0000\u0000\u0000\u0000\u0000\u0000\u0000\u0000\u0000\u0000\u0000\u0000\u0000\u0000\u0000\u0000\u0000\u0000\u0000\u0000\u0000\u0000\u0000\u0000\u0000\u0000\u0000\u0000\u0000\u0000\u0000\u0000\u0000\u0000\u0000\u0000\u0000\u0000\u0000\u0000\u0000\u0000\u0000\u0000\u0000\u0000\u0000\u0000\u0000\u0000\u0000\u0000\u0000\u0000\u0000\u0000\u0000\u0000\u0000\u0000\u0000\u0000\u0000\u0000\u0000\u0000\u0000\u0000", { 'content-length': '50176',
  'content-type': 'text/plain',
  'last-modified': 'Wed, 20 Apr 2016 09:41:26 GMT',
  'accept-ranges': 'bytes',
  etag: '"0x8D368FFF12FFA1B"',
  server: 'Windows-Azure-Blob/1.0 Microsoft-HTTPAPI/2.0',
  'x-ms-request-id': '2fafbc40-0001-0060-33e8-9a635d000000',
  'x-ms-version': '2015-02-21',
  'x-ms-lease-status': 'unlocked',
  'x-ms-lease-state': 'available',
  'x-ms-blob-type': 'PageBlob',
  'x-ms-blob-sequence-number': '0',
  date: 'Wed, 20 Apr 2016 09:42:10 GMT',
  connection: 'close' });
 return result; },
function (nock) { 
var result = 
nock('https://clisto1488902082xplatvms.blob.core.windows.net:443')
  .get('/bootdiagnostics-xplatvmst-f92c4a34-20d5-4c3e-bff1-143d3965f03d/xplatvmStSp.f92c4a34-20d5-4c3e-bff1-143d3965f03d.serialconsole.log')
