// This file has been autogenerated.

var profile = require('../../../lib/util/profile');

exports.getMockedProfile = function () {
  var newProfile = new profile.Profile();

  newProfile.addSubscription(new profile.Subscription({
    id: 'e33f361b-53c2-4cc7-b829-78906708387b',
    managementCertificate: {
      key: 'mockedKey',
      cert: 'mockedCert'
    },
    name: 'Microsoft Azure Internal Consumption',
    user: {
      name: 'user@domain.example',
      type: 'servicePrincipal'
    },
    tenantId: '72f988bf-86f1-41af-91ab-2d7cd011db47',
    state: 'Enabled',
    registeredProviders: [],
    isDefault: true
  }, newProfile.environments['AzureCloud']));

  return newProfile;
};

exports.setEnvironment = function() {
  process.env['AZURE_VM_TEST_LOCATION'] = 'eastus';
  process.env['SSHCERT'] = 'test/myCert.pem';
};

exports.scopes = [[function (nock) { 
var result = 
nock('http://management.azure.com:443')
  .get('/subscriptions/e33f361b-53c2-4cc7-b829-78906708387b/resourceGroups/xplatTestGVMStart/providers/Microsoft.Compute/virtualMachines/xplatvmStSp?$expand=instanceView&api-version=2016-03-30')
  .reply(200, "{\r\n  \"properties\": {\r\n    \"vmId\": \"db8a9e2e-f5fe-426d-b175-8ece58c9bf77\",\r\n    \"hardwareProfile\": {\r\n      \"vmSize\": \"Standard_A1\"\r\n    },\r\n    \"storageProfile\": {\r\n      \"imageReference\": {\r\n        \"publisher\": \"canonical\",\r\n        \"offer\": \"UbuntuServer\",\r\n        \"sku\": \"15.10\",\r\n        \"version\": \"15.10.201602040\"\r\n      },\r\n      \"osDisk\": {\r\n        \"osType\": \"Linux\",\r\n        \"name\": \"cli27cf11a7c301686a-os-1458022120541\",\r\n        \"createOption\": \"FromImage\",\r\n        \"vhd\": {\r\n          \"uri\": \"https://xplattstoragestsp6774.blob.core.windows.net/xplatteststoragecntstsp/cli27cf11a7c301686a-os-1458022120541.vhd\"\r\n        },\r\n        \"caching\": \"ReadWrite\"\r\n      },\r\n      \"dataDisks\": []\r\n    },\r\n    \"osProfile\": {\r\n      \"computerName\": \"xplatvmStSp\",\r\n      \"adminUsername\": \"azureuser\",\r\n      \"linuxConfiguration\": {\r\n        \"disablePasswordAuthentication\": false,\r\n        \"ssh\": {\r\n          \"publicKeys\": [\r\n            {\r\n              \"path\": \"/home/azureuser/.ssh/authorized_keys\",\r\n              \"keyData\": \"MIID/zCCAuegAwIBAgIJAMUAa+XVLvAeMA0GCSqGSIb3DQEBBQUAMIGVMQswCQYD\\r\\nVQQGEwJJbjESMBAGA1UECAwJS2FybmF0YWthMRIwEAYDVQQHDAlCYW5nYWxvcmUx\\r\\nEDAOBgNVBAoMB2JyaWxsaW8xEjAQBgNVBAsMCW1pY3Jvc29mdDEQMA4GA1UEAwwH\\r\\nYnJpbGxpbzEmMCQGCSqGSIb3DQEJARYXc3JlZWthbnRoYnNAeWFob28uY28uaW4w\\r\\nHhcNMTUwMzA1MTE1MzEyWhcNMTYwMzA0MTE1MzEyWjCBlTELMAkGA1UEBhMCSW4x\\r\\nEjAQBgNVBAgMCUthcm5hdGFrYTESMBAGA1UEBwwJQmFuZ2Fsb3JlMRAwDgYDVQQK\\r\\nDAdicmlsbGlvMRIwEAYDVQQLDAltaWNyb3NvZnQxEDAOBgNVBAMMB2JyaWxsaW8x\\r\\nJjAkBgkqhkiG9w0BCQEWF3NyZWVrYW50aGJzQHlhaG9vLmNvLmluMIIBIjANBgkq\\r\\nhkiG9w0BAQEFAAOCAQ8AMIIBCgKCAQEAyUNKaOuT0NK+S8Ck81zy9xJ6hXfZvAC6\\r\\nlhbmf/6s/WVimJ/TX5NMhQJwC9k6ZIF92KfYrojHNvHDufSZ3EtKUVwRFCDjmgMT\\r\\nDL09WkGaZt7gROYFK0iZ4KrYGovUwlwum9fHB24OJiOV4bi0ek62/rHx9fjYZpvp\\r\\naIH2PV/hN8SCZ0x7HJMberD4gVoU/Kv42nNvwjLUW6IZfVx/Gv5OeFDtWHfSvUEF\\r\\ndadHKTPn3Ab20Iu6gZIbLO9Vuf38/IpaYGfnFCouHdzmiTiLieYNe3CUPcOJNSv7\\r\\n1G8KYpx3uNJRkJPab5OsRyJw75Gvzkr9OgaPss9tVD6Gt68u3WQtVQIDAQABo1Aw\\r\\nTjAdBgNVHQ4EFgQUogvhXB+xZ2JJPfLO6cVs4ForzscwHwYDVR0jBBgwFoAUogvh\\r\\nXB+xZ2JJPfLO6cVs4ForzscwDAYDVR0TBAUwAwEB/zANBgkqhkiG9w0BAQUFAAOC\\r\\nAQEAdDj7qUNJ45xlF5cjd+4x5NHvAD1VTjOKu+Xh/uzSSjXqB2F0aOMWA9lx0qaQ\\r\\noJgHkGxj3zz/W7ik/cVGL2O+vRIOKv/y0OPogEmS3Hw+P+O6OGE7x1G6YN0zLVoL\\r\\nu4BN/BEYmjttxM9I7qqL7C5cJoE+K3s/w1/pt/68ohJcr7F9Ohi7cso62xuGY1Rm\\r\\nksAh2EUDsU9JV/P+C9AMpLSrb03JJYzVj4w1RHbrmw2AjFyGXdQYkggyXisg+Ifr\\r\\n5gbNN7HigpHf7b2i3CQBUqp9m23frh5AhnLI2qp3UXgc52U5ieLdi/t6j0TTZqqY\\r\\nHhHqofKrj938HHlBNpC5/LVh3w==\\r\\n\"\r\n            }\r\n          ]\r\n        }\r\n      },\r\n      \"secrets\": []\r\n    },\r\n    \"networkProfile\": {\"networkInterfaces\":[{\"id\":\"/subscriptions/e33f361b-53c2-4cc7-b829-78906708387b/resourceGroups/xplatTestGVMStart/providers/Microsoft.Network/networkInterfaces/xplattestnicStSp\"}]},\r\n    \"diagnosticsProfile\": {\r\n      \"bootDiagnostics\": {\r\n        \"enabled\": true,\r\n        \"storageUri\": \"https://xplattstoragestsp6774.blob.core.windows.net/\"\r\n      }\r\n    },\r\n    \"provisioningState\": \"Succeeded\",\r\n    \"instanceView\": {\r\n      \"vmAgent\": {\r\n        \"vmAgentVersion\": \"2.1.2\",\r\n        \"statuses\": [\r\n          {\r\n            \"code\": \"ProvisioningState/succeeded\",\r\n            \"level\": \"Info\",\r\n            \"displayStatus\": \"Ready\",\r\n            \"message\": \"Guest Agent is running\",\r\n            \"time\": \"2016-03-15T06:12:02+00:00\"\r\n          }\r\n        ],\r\n        \"extensionHandlers\": []\r\n      },\r\n      \"disks\": [\r\n        {\r\n          \"name\": \"cli27cf11a7c301686a-os-1458022120541\",\r\n          \"statuses\": [\r\n            {\r\n              \"code\": \"ProvisioningState/succeeded\",\r\n              \"level\": \"Info\",\r\n              \"displayStatus\": \"Provisioning succeeded\",\r\n              \"time\": \"2016-03-15T06:10:30.8866481+00:00\"\r\n            }\r\n          ]\r\n        }\r\n      ],\r\n      \"bootDiagnostics\": {\r\n        \"consoleScreenshotBlobUri\": \"https://xplattstoragestsp6774.blob.core.windows.net/bootdiagnostics-xplatvmst-db8a9e2e-f5fe-426d-b175-8ece58c9bf77/xplatvmStSp.db8a9e2e-f5fe-426d-b175-8ece58c9bf77.screenshot.bmp\",\r\n        \"serialConsoleLogBlobUri\": \"https://xplattstoragestsp6774.blob.core.windows.net/bootdiagnostics-xplatvmst-db8a9e2e-f5fe-426d-b175-8ece58c9bf77/xplatvmStSp.db8a9e2e-f5fe-426d-b175-8ece58c9bf77.serialconsole.log\"\r\n      },\r\n      \"statuses\": [\r\n        {\r\n          \"code\": \"ProvisioningState/succeeded\",\r\n          \"level\": \"Info\",\r\n          \"displayStatus\": \"Provisioning succeeded\",\r\n          \"time\": \"2016-03-15T06:11:58.9809636+00:00\"\r\n        },\r\n        {\r\n          \"code\": \"PowerState/running\",\r\n          \"level\": \"Info\",\r\n          \"displayStatus\": \"VM running\"\r\n        }\r\n      ]\r\n    }\r\n  },\r\n  \"id\": \"/subscriptions/e33f361b-53c2-4cc7-b829-78906708387b/resourceGroups/xplatTestGVMStart/providers/Microsoft.Compute/virtualMachines/xplatvmStSp\",\r\n  \"name\": \"xplatvmStSp\",\r\n  \"type\": \"Microsoft.Compute/virtualMachines\",\r\n  \"location\": \"eastus\",\r\n  \"tags\": {}\r\n}", { 'cache-control': 'no-cache',
  pragma: 'no-cache',
  'content-length': '4915',
  'content-type': 'application/json; charset=utf-8',
  expires: '-1',
  'strict-transport-security': 'max-age=31536000; includeSubDomains',
  'x-ms-served-by': 'db2c81f2-c6fa-41a7-b70e-bc4bed3c3b56_131020128379995003',
  'x-ms-request-id': '9885db25-44cd-4a88-9cd4-bce80be106dd',
  server: 'Microsoft-HTTPAPI/2.0, Microsoft-HTTPAPI/2.0',
  'x-ms-ratelimit-remaining-subscription-reads': '14991',
  'x-ms-correlation-request-id': '572b6b93-2445-4633-b8e6-10c43f5a35ab',
  'x-ms-routing-request-id': 'WESTUS:20160315T061206Z:572b6b93-2445-4633-b8e6-10c43f5a35ab',
  date: 'Tue, 15 Mar 2016 06:12:05 GMT',
  connection: 'close' });
 return result; },
function (nock) { 
var result = 
nock('https://management.azure.com:443')
  .get('/subscriptions/e33f361b-53c2-4cc7-b829-78906708387b/resourceGroups/xplatTestGVMStart/providers/Microsoft.Compute/virtualMachines/xplatvmStSp?$expand=instanceView&api-version=2016-03-30')
  .reply(200, "{\r\n  \"properties\": {\r\n    \"vmId\": \"db8a9e2e-f5fe-426d-b175-8ece58c9bf77\",\r\n    \"hardwareProfile\": {\r\n      \"vmSize\": \"Standard_A1\"\r\n    },\r\n    \"storageProfile\": {\r\n      \"imageReference\": {\r\n        \"publisher\": \"canonical\",\r\n        \"offer\": \"UbuntuServer\",\r\n        \"sku\": \"15.10\",\r\n        \"version\": \"15.10.201602040\"\r\n      },\r\n      \"osDisk\": {\r\n        \"osType\": \"Linux\",\r\n        \"name\": \"cli27cf11a7c301686a-os-1458022120541\",\r\n        \"createOption\": \"FromImage\",\r\n        \"vhd\": {\r\n          \"uri\": \"https://xplattstoragestsp6774.blob.core.windows.net/xplatteststoragecntstsp/cli27cf11a7c301686a-os-1458022120541.vhd\"\r\n        },\r\n        \"caching\": \"ReadWrite\"\r\n      },\r\n      \"dataDisks\": []\r\n    },\r\n    \"osProfile\": {\r\n      \"computerName\": \"xplatvmStSp\",\r\n      \"adminUsername\": \"azureuser\",\r\n      \"linuxConfiguration\": {\r\n        \"disablePasswordAuthentication\": false,\r\n        \"ssh\": {\r\n          \"publicKeys\": [\r\n            {\r\n              \"path\": \"/home/azureuser/.ssh/authorized_keys\",\r\n              \"keyData\": \"MIID/zCCAuegAwIBAgIJAMUAa+XVLvAeMA0GCSqGSIb3DQEBBQUAMIGVMQswCQYD\\r\\nVQQGEwJJbjESMBAGA1UECAwJS2FybmF0YWthMRIwEAYDVQQHDAlCYW5nYWxvcmUx\\r\\nEDAOBgNVBAoMB2JyaWxsaW8xEjAQBgNVBAsMCW1pY3Jvc29mdDEQMA4GA1UEAwwH\\r\\nYnJpbGxpbzEmMCQGCSqGSIb3DQEJARYXc3JlZWthbnRoYnNAeWFob28uY28uaW4w\\r\\nHhcNMTUwMzA1MTE1MzEyWhcNMTYwMzA0MTE1MzEyWjCBlTELMAkGA1UEBhMCSW4x\\r\\nEjAQBgNVBAgMCUthcm5hdGFrYTESMBAGA1UEBwwJQmFuZ2Fsb3JlMRAwDgYDVQQK\\r\\nDAdicmlsbGlvMRIwEAYDVQQLDAltaWNyb3NvZnQxEDAOBgNVBAMMB2JyaWxsaW8x\\r\\nJjAkBgkqhkiG9w0BCQEWF3NyZWVrYW50aGJzQHlhaG9vLmNvLmluMIIBIjANBgkq\\r\\nhkiG9w0BAQEFAAOCAQ8AMIIBCgKCAQEAyUNKaOuT0NK+S8Ck81zy9xJ6hXfZvAC6\\r\\nlhbmf/6s/WVimJ/TX5NMhQJwC9k6ZIF92KfYrojHNvHDufSZ3EtKUVwRFCDjmgMT\\r\\nDL09WkGaZt7gROYFK0iZ4KrYGovUwlwum9fHB24OJiOV4bi0ek62/rHx9fjYZpvp\\r\\naIH2PV/hN8SCZ0x7HJMberD4gVoU/Kv42nNvwjLUW6IZfVx/Gv5OeFDtWHfSvUEF\\r\\ndadHKTPn3Ab20Iu6gZIbLO9Vuf38/IpaYGfnFCouHdzmiTiLieYNe3CUPcOJNSv7\\r\\n1G8KYpx3uNJRkJPab5OsRyJw75Gvzkr9OgaPss9tVD6Gt68u3WQtVQIDAQABo1Aw\\r\\nTjAdBgNVHQ4EFgQUogvhXB+xZ2JJPfLO6cVs4ForzscwHwYDVR0jBBgwFoAUogvh\\r\\nXB+xZ2JJPfLO6cVs4ForzscwDAYDVR0TBAUwAwEB/zANBgkqhkiG9w0BAQUFAAOC\\r\\nAQEAdDj7qUNJ45xlF5cjd+4x5NHvAD1VTjOKu+Xh/uzSSjXqB2F0aOMWA9lx0qaQ\\r\\noJgHkGxj3zz/W7ik/cVGL2O+vRIOKv/y0OPogEmS3Hw+P+O6OGE7x1G6YN0zLVoL\\r\\nu4BN/BEYmjttxM9I7qqL7C5cJoE+K3s/w1/pt/68ohJcr7F9Ohi7cso62xuGY1Rm\\r\\nksAh2EUDsU9JV/P+C9AMpLSrb03JJYzVj4w1RHbrmw2AjFyGXdQYkggyXisg+Ifr\\r\\n5gbNN7HigpHf7b2i3CQBUqp9m23frh5AhnLI2qp3UXgc52U5ieLdi/t6j0TTZqqY\\r\\nHhHqofKrj938HHlBNpC5/LVh3w==\\r\\n\"\r\n            }\r\n          ]\r\n        }\r\n      },\r\n      \"secrets\": []\r\n    },\r\n    \"networkProfile\": {\"networkInterfaces\":[{\"id\":\"/subscriptions/e33f361b-53c2-4cc7-b829-78906708387b/resourceGroups/xplatTestGVMStart/providers/Microsoft.Network/networkInterfaces/xplattestnicStSp\"}]},\r\n    \"diagnosticsProfile\": {\r\n      \"bootDiagnostics\": {\r\n        \"enabled\": true,\r\n        \"storageUri\": \"https://xplattstoragestsp6774.blob.core.windows.net/\"\r\n      }\r\n    },\r\n    \"provisioningState\": \"Succeeded\",\r\n    \"instanceView\": {\r\n      \"vmAgent\": {\r\n        \"vmAgentVersion\": \"2.1.2\",\r\n        \"statuses\": [\r\n          {\r\n            \"code\": \"ProvisioningState/succeeded\",\r\n            \"level\": \"Info\",\r\n            \"displayStatus\": \"Ready\",\r\n            \"message\": \"Guest Agent is running\",\r\n            \"time\": \"2016-03-15T06:12:02+00:00\"\r\n          }\r\n        ],\r\n        \"extensionHandlers\": []\r\n      },\r\n      \"disks\": [\r\n        {\r\n          \"name\": \"cli27cf11a7c301686a-os-1458022120541\",\r\n          \"statuses\": [\r\n            {\r\n              \"code\": \"ProvisioningState/succeeded\",\r\n              \"level\": \"Info\",\r\n              \"displayStatus\": \"Provisioning succeeded\",\r\n              \"time\": \"2016-03-15T06:10:30.8866481+00:00\"\r\n            }\r\n          ]\r\n        }\r\n      ],\r\n      \"bootDiagnostics\": {\r\n        \"consoleScreenshotBlobUri\": \"https://xplattstoragestsp6774.blob.core.windows.net/bootdiagnostics-xplatvmst-db8a9e2e-f5fe-426d-b175-8ece58c9bf77/xplatvmStSp.db8a9e2e-f5fe-426d-b175-8ece58c9bf77.screenshot.bmp\",\r\n        \"serialConsoleLogBlobUri\": \"https://xplattstoragestsp6774.blob.core.windows.net/bootdiagnostics-xplatvmst-db8a9e2e-f5fe-426d-b175-8ece58c9bf77/xplatvmStSp.db8a9e2e-f5fe-426d-b175-8ece58c9bf77.serialconsole.log\"\r\n      },\r\n      \"statuses\": [\r\n        {\r\n          \"code\": \"ProvisioningState/succeeded\",\r\n          \"level\": \"Info\",\r\n          \"displayStatus\": \"Provisioning succeeded\",\r\n          \"time\": \"2016-03-15T06:11:58.9809636+00:00\"\r\n        },\r\n        {\r\n          \"code\": \"PowerState/running\",\r\n          \"level\": \"Info\",\r\n          \"displayStatus\": \"VM running\"\r\n        }\r\n      ]\r\n    }\r\n  },\r\n  \"id\": \"/subscriptions/e33f361b-53c2-4cc7-b829-78906708387b/resourceGroups/xplatTestGVMStart/providers/Microsoft.Compute/virtualMachines/xplatvmStSp\",\r\n  \"name\": \"xplatvmStSp\",\r\n  \"type\": \"Microsoft.Compute/virtualMachines\",\r\n  \"location\": \"eastus\",\r\n  \"tags\": {}\r\n}", { 'cache-control': 'no-cache',
  pragma: 'no-cache',
  'content-length': '4915',
  'content-type': 'application/json; charset=utf-8',
  expires: '-1',
  'strict-transport-security': 'max-age=31536000; includeSubDomains',
  'x-ms-served-by': 'db2c81f2-c6fa-41a7-b70e-bc4bed3c3b56_131020128379995003',
  'x-ms-request-id': '9885db25-44cd-4a88-9cd4-bce80be106dd',
  server: 'Microsoft-HTTPAPI/2.0, Microsoft-HTTPAPI/2.0',
  'x-ms-ratelimit-remaining-subscription-reads': '14991',
  'x-ms-correlation-request-id': '572b6b93-2445-4633-b8e6-10c43f5a35ab',
  'x-ms-routing-request-id': 'WESTUS:20160315T061206Z:572b6b93-2445-4633-b8e6-10c43f5a35ab',
  date: 'Tue, 15 Mar 2016 06:12:05 GMT',
  connection: 'close' });
 return result; },
function (nock) { 
var result = 
nock('http://management.azure.com:443')
  .post('/subscriptions/e33f361b-53c2-4cc7-b829-78906708387b/resourceGroups/xplatTestGVMStart/providers/Microsoft.Storage/storageAccounts/xplattstoragestsp6774/listKeys?api-version=2015-06-15')
  .reply(200, "{\"key1\":\"JSnSgYOsWFcXkbwEPM0ryaXaoteiRGrCJhpQVM65x4fAR83w+7sVHMNCYPg4hWqxlw3VP85403BnrDLIT71IpA==\",\"key2\":\"b62a9V4yzqkT2VoUT+OC1Q1zRbiqYlYmh++/nItfltscfEh+9Br9+VaWhHUDEHPkRABBO3N9GJZlkCChr3uHsw==\"}\n", { 'cache-control': 'no-cache',
  pragma: 'no-cache',
  'content-length': '198',
  'content-type': 'application/json',
  expires: '-1',
  'x-ms-request-id': '68d2929f-8268-4012-9c19-239b94d02869',
  server: 'Microsoft-Azure-Storage-Resource-Provider/1.0, Microsoft-HTTPAPI/2.0',
  'x-ms-ratelimit-remaining-subscription-writes': '1199',
  'x-ms-correlation-request-id': '68d2929f-8268-4012-9c19-239b94d02869',
  'x-ms-routing-request-id': 'WESTUS:20160315T061206Z:68d2929f-8268-4012-9c19-239b94d02869',
  'strict-transport-security': 'max-age=31536000; includeSubDomains',
  date: 'Tue, 15 Mar 2016 06:12:05 GMT',
  connection: 'close' });
 return result; },
function (nock) { 
var result = 
nock('https://management.azure.com:443')
  .post('/subscriptions/e33f361b-53c2-4cc7-b829-78906708387b/resourceGroups/xplatTestGVMStart/providers/Microsoft.Storage/storageAccounts/xplattstoragestsp6774/listKeys?api-version=2015-06-15')
  .reply(200, "{\"key1\":\"JSnSgYOsWFcXkbwEPM0ryaXaoteiRGrCJhpQVM65x4fAR83w+7sVHMNCYPg4hWqxlw3VP85403BnrDLIT71IpA==\",\"key2\":\"b62a9V4yzqkT2VoUT+OC1Q1zRbiqYlYmh++/nItfltscfEh+9Br9+VaWhHUDEHPkRABBO3N9GJZlkCChr3uHsw==\"}\n", { 'cache-control': 'no-cache',
  pragma: 'no-cache',
  'content-length': '198',
  'content-type': 'application/json',
  expires: '-1',
  'x-ms-request-id': '68d2929f-8268-4012-9c19-239b94d02869',
  server: 'Microsoft-Azure-Storage-Resource-Provider/1.0, Microsoft-HTTPAPI/2.0',
  'x-ms-ratelimit-remaining-subscription-writes': '1199',
  'x-ms-correlation-request-id': '68d2929f-8268-4012-9c19-239b94d02869',
  'x-ms-routing-request-id': 'WESTUS:20160315T061206Z:68d2929f-8268-4012-9c19-239b94d02869',
  'strict-transport-security': 'max-age=31536000; includeSubDomains',
  date: 'Tue, 15 Mar 2016 06:12:05 GMT',
  connection: 'close' });
 return result; },
function (nock) { 
var result = 
nock('http://xplattstoragestsp6774.blob.core.windows.net:443')
  .head('/bootdiagnostics-xplatvmst-db8a9e2e-f5fe-426d-b175-8ece58c9bf77/xplatvmStSp.db8a9e2e-f5fe-426d-b175-8ece58c9bf77.serialconsole.log')
  .reply(200, "", { 'content-length': '54784',
  'content-type': 'text/plain',
  'last-modified': 'Tue, 15 Mar 2016 06:11:56 GMT',
  'accept-ranges': 'bytes',
  etag: '"0x8D34C98B5FA3DEB"',
  server: 'Windows-Azure-Blob/1.0 Microsoft-HTTPAPI/2.0',
  'x-ms-request-id': 'f81b9457-0001-0123-5881-7ee1d1000000',
  'x-ms-version': '2015-02-21',
  'x-ms-lease-status': 'unlocked',
  'x-ms-lease-state': 'available',
  'x-ms-blob-type': 'PageBlob',
  'x-ms-blob-sequence-number': '0',
  date: 'Tue, 15 Mar 2016 06:12:05 GMT',
  connection: 'close' });
 return result; },
function (nock) { 
var result = 
nock('https://xplattstoragestsp6774.blob.core.windows.net:443')
  .head('/bootdiagnostics-xplatvmst-db8a9e2e-f5fe-426d-b175-8ece58c9bf77/xplatvmStSp.db8a9e2e-f5fe-426d-b175-8ece58c9bf77.serialconsole.log')
  .reply(200, "", { 'content-length': '54784',
  'content-type': 'text/plain',
  'last-modified': 'Tue, 15 Mar 2016 06:11:56 GMT',
  'accept-ranges': 'bytes',
  etag: '"0x8D34C98B5FA3DEB"',
  server: 'Windows-Azure-Blob/1.0 Microsoft-HTTPAPI/2.0',
  'x-ms-request-id': 'f81b9457-0001-0123-5881-7ee1d1000000',
  'x-ms-version': '2015-02-21',
  'x-ms-lease-status': 'unlocked',
  'x-ms-lease-state': 'available',
  'x-ms-blob-type': 'PageBlob',
  'x-ms-blob-sequence-number': '0',
  date: 'Tue, 15 Mar 2016 06:12:05 GMT',
  connection: 'close' });
 return result; },
function (nock) { 
var result = 
nock('http://xplattstoragestsp6774.blob.core.windows.net:443')
  .get('/bootdiagnostics-xplatvmst-db8a9e2e-f5fe-426d-b175-8ece58c9bf77/xplatvmStSp.db8a9e2e-f5fe-426d-b175-8ece58c9bf77.serialconsole.log')
  .reply(200, "\u001b[H\u001b[J\u001b[1;1H[    0.000000] Initializing cgroup subsys cpuset\r\n[    0.000000] Initializing cgroup subsys cpu\r\n[    0.000000] Initializing cgroup subsys cpuacct\r\n[    0.000000] Linux version 4.2.0-27-generic (buildd@lgw01-12) (gcc version 5.2.1 20151010 (Ubuntu 5.2.1-22ubuntu2) ) #32-Ubuntu SMP Fri Jan 22 04:49:08 UTC 2016 (Ubuntu 4.2.0-27.32-generic 4.2.8-ckt1)\r\n[    0.000000] Command line: BOOT_IMAGE=/boot/vmlinuz-4.2.0-27-generic root=UUID=00dbac90-0d84-46e7-b813-31837bb7b225 ro console=tty1 console=ttyS0 earlyprintk=ttyS0 rootdelay=300\r\n[    0.000000] KERNEL supported cpus:\r\n[    0.000000]   Intel GenuineIntel\r\n[    0.000000]   AMD AuthenticAMD\r\n[    0.000000]   Centaur CentaurHauls\r\n[    0.000000] x86/fpu: Legacy x87 FPU detected.\r\n[    0.000000] x86/fpu: Using 'lazy' FPU context switches.\r\n[    0.000000] e820: BIOS-provided physical RAM map:\r\n[    0.000000] BIOS-e820: [mem 0x0000000000000000-0x000000000009fbff] usable\r\n[    0.000000] BIOS-e820: [mem 0x000000000009fc00-0x000000000009ffff] reserved\r\n[    0.000000] BIOS-e820: [mem 0x00000000000e0000-0x00000000000fffff] reserved\r\n[    0.000000] BIOS-e820: [mem 0x0000000000100000-0x000000001ffeffff] usable\r\n[    0.000000] BIOS-e820: [mem 0x000000001fff0000-0x000000001fffefff] ACPI data\r\n[    0.000000] BIOS-e820: [mem 0x000000001ffff000-0x000000001fffffff] ACPI NVS\r\n[    0.000000] BIOS-e820: [mem 0x0000000100000000-0x000000014fffffff] usable\r\n[    0.000000] bootconsole [earlyser0] enabled\r\n[    0.000000] NX (Execute Disable) protection: active\r\n[    0.000000] SMBIOS 2.3 present.\r\n[    0.000000] Hypervisor detected: Microsoft HyperV\r\n[    0.000000] HyperV: features 0xe7f, hints 0x2c\r\n[    0.000000] HyperV: LAPIC Timer Frequency: 0xc3500\r\n[    0.000000] clocksource: hyperv_clocksource: mask: 0xffffffffffffffff max_cycles: 0x24e6a1710, max_idle_ns: 440795202120 ns\r\n[    0.000000] tsc: Marking TSC unstable due to running on Hyper-V\r\n[    0.000000] AGP: No AGP bridge found\r\n[    0.000000] e820: last_pfn = 0x150000 max_arch_pfn = 0x400000000\r\n[    0.000000] x86/PAT: Configuration [0-7]: WB  WC  UC- UC  WB  WC  UC- WT  \r\n[    0.000000] e820: last_pfn = 0x1fff0 max_arch_pfn = 0x400000000\r\n[    0.000000] found SMP MP-table at [mem 0x000ff780-0x000ff78f] mapped at [ffff8800000ff780]\r\n[    0.000000] Scanning 1 areas for low memory corruption\r\n[    0.000000] init_memory_mapping: [mem 0x00000000-0x000fffff]\r\n[    0.000000] init_memory_mapping: [mem 0x14fe00000-0x14fffffff]\r\n[    0.000000] init_memory_mapping: [mem 0x140000000-0x14fdfffff]\r\n[    0.000000] init_memory_mapping: [mem 0x120000000-0x13fffffff]\r\n[    0.000000] init_memory_mapping: [mem 0x00100000-0x1ffeffff]\r\n[    0.000000] init_memory_mapping: [mem 0x100000000-0x11fffffff]\r\n[    0.000000] RAMDISK: [mem 0x1d9ee000-0x1f7b1fff]\r\n[    0.000000] ACPI: Early table checksum verification disabled\r\n[    0.000000] ACPI: RSDP 0x00000000000F56F0 000014 (v00 ACPIAM)\r\n[    0.000000] ACPI: RSDT 0x000000001FFF0000 000040 (v01 VRTUAL MICROSFT 05001223 MSFT 00000097)\r\n[    0.000000] ACPI: FACP 0x000000001FFF0200 000081 (v02 VRTUAL MICROSFT 05001223 MSFT 00000097)\r\n[    0.000000] ACPI: DSDT 0x000000001FFF1724 002E78 (v01 MSFTVM MSFTVM02 00000002 INTL 02002026)\r\n[    0.000000] ACPI: FACS 0x000000001FFFF000 000040\r\n[    0.000000] ACPI: WAET 0x000000001FFF1480 000028 (v01 VRTUAL MICROSFT 05001223 MSFT 00000097)\r\n[    0.000000] ACPI: SLIC 0x000000001FFF14C0 000176 (v01 VRTUAL MICROSFT 05001223 MSFT 00000097)\r\n[    0.000000] ACPI: OEM0 0x000000001FFF16C0 000064 (v01 VRTUAL MICROSFT 05001223 MSFT 00000097)\r\n[    0.000000] ACPI: SRAT 0x000000001FFF0600 000090 (v02 VRTUAL MICROSFT 00000001 MSFT 00000001)\r\n[    0.000000] ACPI: APIC 0x000000001FFF0300 00024C (v01 VRTUAL MICROSFT 05001223 MSFT 00000097)\r\n[    0.000000] ACPI: OEMB 0x000000001FFFF040 000064 (v01 VRTUAL MICROSFT 05001223 MSFT 00000097)\r\n[    0.000000] SRAT: PXM 0 -> APIC 0x00 -> Node 0\r\n[    0.000000] SRAT: Node 0 PXM 0 [mem 0x00000000-0x1fffffff]\r\n[    0.000000] SRAT: Node 0 PXM 0 [mem 0x100000000-0x14fffffff]\r\n[    0.000000] NUMA: Node 0 [mem 0x00000000-0x1fffffff] + [mem 0x100000000-0x14fffffff] -> [mem 0x00000000-0x14fffffff]\r\n[    0.000000] NODE_DATA(0) allocated [mem 0x14fffa000-0x14fffefff]\r\n[    0.000000] Zone ranges:\r\n[    0.000000]   DMA      [mem 0x0000000000001000-0x0000000000ffffff]\r\n[    0.000000]   DMA32    [mem 0x0000000001000000-0x00000000ffffffff]\r\n[    0.000000]   Normal   [mem 0x0000000100000000-0x000000014fffffff]\r\n[    0.000000] Movable zone start for each node\r\n[    0.000000] Early memory node ranges\r\n[    0.000000]   node   0: [mem 0x0000000000001000-0x000000000009efff]\r\n[    0.000000]   node   0: [mem 0x0000000000100000-0x000000001ffeffff]\r\n[    0.000000]   node   0: [mem 0x0000000100000000-0x000000014fffffff]\r\n[    0.000000] Initmem setup node 0 [mem 0x0000000000001000-0x000000014fffffff]\r\n[    0.000000] ACPI: PM-Timer IO Port: 0x408\r\n[    0.000000] IOAPIC[0]: apic_id 0, version 17, address 0xfec00000, GSI 0-23\r\n[    0.000000] ACPI: INT_SRC_OVR (bus 0 bus_irq 0 global_irq 2 dfl dfl)\r\n[    0.000000] ACPI: INT_SRC_OVR (bus 0 bus_irq 9 global_irq 9 high level)\r\n[    0.000000] Using ACPI (MADT) for SMP configuration information\r\n[    0.000000] smpboot: Allowing 64 CPUs, 63 hotplug CPUs\r\n[    0.000000] PM: Registered nosave memory: [mem 0x00000000-0x00000fff]\r\n[    0.000000] PM: Registered nosave memory: [mem 0x0009f000-0x0009ffff]\r\n[    0.000000] PM: Registered nosave memory: [mem 0x000a0000-0x000dffff]\r\n[    0.000000] PM: Registered nosave memory: [mem 0x000e0000-0x000fffff]\r\n[    0.000000] PM: Registered nosave memory: [mem 0x1fff0000-0x1fffefff]\r\n[    0.000000] PM: Registered nosave memory: [mem 0x1ffff000-0x1fffffff]\r\n[    0.000000] PM: Registered nosave memory: [mem 0x20000000-0xffffffff]\r\n[    0.000000] e820: [mem 0x20000000-0xffffffff] available for PCI devices\r\n[    0.000000] Booting paravirtualized kernel on bare hardware\r\n[    0.000000] clocksource: refined-jiffies: mask: 0xffffffff max_cycles: 0xffffffff, max_idle_ns: 7645519600211568 ns\r\n[    0.000000] setup_percpu: NR_CPUS:256 nr_cpumask_bits:256 nr_cpu_ids:64 nr_node_ids:1\r\n[    0.000000] PERCPU: Embedded 33 pages/cpu @ffff88014ca00000 s96728 r8192 d30248 u262144\r\n[    0.000000] Built 1 zonelists in Node order, mobility grouping on.  Total pages: 451449\r\n[    0.000000] Policy zone: Normal\r\n[    0.000000] Kernel command line: BOOT_IMAGE=/boot/vmlinuz-4.2.0-27-generic root=UUID=00dbac90-0d84-46e7-b813-31837bb7b225 ro console=tty1 console=ttyS0 earlyprintk=ttyS0 rootdelay=300\r\n[    0.000000] log_buf_len individual max cpu contribution: 4096 bytes\r\n[    0.000000] log_buf_len total cpu_extra contributions: 258048 bytes\r\n[    0.000000] log_buf_len min size: 262144 bytes\r\n[    0.000000] log_buf_len: 524288 bytes\r\n[    0.000000] early log buf free: 252656(96%)\r\n[    0.000000] PID hash table entries: 4096 (order: 3, 32768 bytes)\r\n[    0.000000] AGP: Checking aperture...\r\n[    0.000000] AGP: No AGP bridge found\r\n[    0.000000] Memory: 1683688K/1834552K available (8154K kernel code, 1238K rwdata, 3804K rodata, 1460K init, 1292K bss, 150864K reserved, 0K cma-reserved)\r\n[    0.000000] SLUB: HWalign=64, Order=0-3, MinObjects=0, CPUs=64, Nodes=1\r\n[    0.000000] Hierarchical RCU implementation.\r\n[    0.000000] \tBuild-time adjustment of leaf fanout to 64.\r\n[    0.000000] \tRCU restricting CPUs from NR_CPUS=256 to nr_cpu_ids=64.\r\n[    0.000000] RCU: Adjusting geometry for rcu_fanout_leaf=64, nr_cpu_ids=64\r\n[    0.000000] NR_IRQS:16640 nr_irqs:936 16\r\n[    0.000000] \tOffload RCU callbacks from all CPUs\r\n[    0.000000] \tOffload RCU callbacks from CPUs: 0-63.\r\n[    0.000000] Console: colour VGA+ 80x25\r\n[    0.000000] console [tty1] enabled\r\n[    0.000000] console [ttyS0] enabled\r\n[    0.000000] console [ttyS0] enabled\r\n[    0.000000] bootconsole [earlyser0] disabled\r\n[    0.000000] bootconsole [earlyser0] disabled\r\n[    0.000000] tsc: Fast TSC calibration failed\r\n[    0.000000] tsc: Unable to calibrate against PIT\r\n[    0.000000] tsc: using PMTIMER reference calibration\r\n[    0.000000] tsc: Detected 2094.738 MHz processor\r\n[    0.020038] Calibrating delay loop (skipped), value calculated using timer frequency.. 4189.47 BogoMIPS (lpj=8378952)\r\n[    0.024027] pid_max: default: 65536 minimum: 512\r\n[    0.025923] ACPI: Core revision 20150619\r\n[    0.030054] ACPI: All ACPI Tables successfully acquired\r\n[    0.034738] Security Framework initialized\r\n[    0.036065] AppArmor: AppArmor initialized\r\n[    0.037808] Yama: becoming mindful.\r\n[    0.040254] Dentry cache hash table entries: 262144 (order: 9, 2097152 bytes)\r\n[    0.043127] Inode-cache hash table entries: 131072 (order: 8, 1048576 bytes)\r\n[    0.044323] Mount-cache hash table entries: 4096 (order: 3, 32768 bytes)\r\n[    0.048035] Mountpoint-cache hash table entries: 4096 (order: 3, 32768 bytes)\r\n[    0.050610] Initializing cgroup subsys blkio\r\n[    0.052029] Initializing cgroup subsys memory\r\n[    0.053787] Initializing cgroup subsys devices\r\n[    0.056029] Initializing cgroup subsys freezer\r\n[    0.057853] Initializing cgroup subsys net_cls\r\n[    0.060032] Initializing cgroup subsys perf_event\r\n[    0.062268] Initializing cgroup subsys net_prio\r\n[    0.064032] Initializing cgroup subsys hugetlb\r\n[    0.068028] mce: CPU supports 1 MCE banks\r\n[    0.069894] process: using AMD E400 aware idle routine\r\n[    0.071770] Last level iTLB entries: 4KB 512, 2MB 16, 4MB 8\r\n[    0.072025] Last level dTLB entries: 4KB 512, 2MB 128, 4MB 64, 1GB 0\r\n[    0.105282] ftrace: allocating 30933 entries in 121 pages\r\n[    0.120202] Switched APIC routing to physical flat.\r\n[    0.139507] ..TIMER: vector=0x30 apic1=0 pin1=2 apic2=-1 pin2=-1\r\n[    0.140303] smpboot: CPU0: AMD Opteron(tm) Processor 4171 HE (fam: 10, model: 08, stepping: 01)\r\n[    0.156068] Performance Events: Broken PMU hardware detected, using software events only.\r\n[    0.164005] Failed to access perfctr msr (MSR c0010007 is 0)\r\n[    0.172017] NMI watchdog: disabled (cpu0): hardware events not enabled\r\n[    0.176013] NMI watchdog: Shutting down hard lockup detector on all cpus\r\n[    0.180107] x86: Booted up 1 node, 1 CPUs\r\n[    0.184008] smpboot: Total of 1 processors activated (4189.47 BogoMIPS)\r\n[    0.194091] devtmpfs: initialized\r\n[    0.203336] evm: security.selinux\r\n[    0.204003] evm: security.SMACK64\r\n[    0.208006] evm: security.SMACK64EXEC\r\n[    0.212003] evm: security.SMACK64TRANSMUTE\r\n[    0.216002] evm: security.SMACK64MMAP\r\n[    0.220008] evm: security.ima\r\n[    0.224002] evm: security.capability\r\n[    0.228160] PM: Registering ACPI NVS region [mem 0x1ffff000-0x1fffffff] (4096 bytes)\r\n[    0.232169] clocksource: jiffies: mask: 0xffffffff max_cycles: 0xffffffff, max_idle_ns: 7645041785100000 ns\r\n[    0.236200] pinctrl core: initialized pinctrl subsystem\r\n[    0.241592] RTC time:  6:11:10, date: 03/15/16\r\n[    0.244209] NET: Registered protocol family 16\r\n[    0.248285] cpuidle: using governor ladder\r\n[    0.252006] cpuidle: using governor menu\r\n[    0.264249] ACPI: bus type PCI registered\r\n[    0.268003] acpiphp: ACPI Hot Plug PCI Controller Driver version: 0.5\r\n[    0.272444] PCI: Using configuration type 1 for base access\r\n[    0.276001] PCI: Using configuration type 1 for extended access\r\n[    0.285787] ACPI: Added _OSI(Module Device)\r\n[    0.288004] ACPI: Added _OSI(Processor Device)\r\n[    0.292007] ACPI: Added _OSI(3.0 _SCP Extensions)\r\n[    0.296003] ACPI: Added _OSI(Processor Aggregator Device)\r\n[    0.307591] ACPI: Interpreter enabled\r\n[    0.308029] ACPI Exception: AE_NOT_FOUND, While evaluating Sleep State [\\_S1_] (20150619/hwxface-580)\r\n[    0.320013] ACPI Exception: AE_NOT_FOUND, While evaluating Sleep State [\\_S2_] (20150619/hwxface-580)\r\n[    0.332013] ACPI Exception: AE_NOT_FOUND, While evaluating Sleep State [\\_S3_] (20150619/hwxface-580)\r\n[    0.344009] ACPI Exception: AE_NOT_FOUND, While evaluating Sleep State [\\_S4_] (20150619/hwxface-580)\r\n[    0.356016] ACPI: (supports S0 S5)\r\n[    0.360014] ACPI: Using IOAPIC for interrupt routing\r\n[    0.364074] PCI: Using host bridge windows from ACPI; if necessary, use \"pci=nocrs\" and report a bug\r\n[    0.381594] ACPI: PCI Root Bridge [PCI0] (domain 0000 [bus 00-ff])\r\n[    0.384021] acpi PNP0A03:00: _OSC: OS supports [ExtendedConfig ASPM ClockPM Segments MSI]\r\n[    0.388025] acpi PNP0A03:00: _OSC failed (AE_NOT_FOUND); disabling ASPM\r\n[    0.392873] PCI host bridge to bus 0000:00\r\n[    0.396009] pci_bus 0000:00: root bus resource [bus 00-ff]\r\n[    0.400015] pci_bus 0000:00: root bus resource [mem 0xfe0000000-0xfffefffff window]\r\n[    0.404010] pci_bus 0000:00: root bus resource [io  0x0000-0x0cf7 window]\r\n[    0.408020] pci_bus 0000:00: root bus resource [io  0x0d00-0xffff window]\r\n[    0.412014] pci_bus 0000:00: root bus resource [mem 0x000a0000-0x000bffff window]\r\n[    0.416022] pci_bus 0000:00: root bus resource [mem 0x20000000-0xfffbffff window]\r\n[    0.437048] pci 0000:00:07.1: legacy IDE quirk: reg 0x10: [io  0x01f0-0x01f7]\r\n[    0.440020] pci 0000:00:07.1: legacy IDE quirk: reg 0x14: [io  0x03f6]\r\n[    0.444013] pci 0000:00:07.1: legacy IDE quirk: reg 0x18: [io  0x0170-0x0177]\r\n[    0.448014] pci 0000:00:07.1: legacy IDE quirk: reg 0x1c: [io  0x0376]\r\n[    0.452659] * Found PM-Timer Bug on the chipset. Due to workarounds for a bug,\r\n[    0.452659] * this clock source is slow. Consider trying other clock sources\r\n[    0.458187] pci 0000:00:07.3: quirk: [io  0x0400-0x043f] claimed by PIIX4 ACPI\r\n[    0.472884] ACPI: PCI Interrupt Link [LNKA] (IRQs 3 4 5 7 9 10 *11 12 14 15)\r\n[    0.500262] ACPI: PCI Interrupt Link [LNKB] (IRQs 3 4 5 7 9 10 11 12 14 15) *0, disabled.\r\n[    0.534059] ACPI: PCI Interrupt Link [LNKC] (IRQs 3 4 5 7 9 10 11 12 14 15) *0, disabled.\r\n[    0.566037] ACPI: PCI Interrupt Link [LNKD] (IRQs 3 4 5 7 9 10 11 12 14 15) *0, disabled.\r\n[    0.598064] ACPI: Enabled 1 GPEs in block 00 to 0F\r\n[    0.600238] vgaarb: setting as boot device: PCI:0000:00:08.0\r\n[    0.604000] vgaarb: device added: PCI:0000:00:08.0,decodes=io+mem,owns=io+mem,locks=none\r\n[    0.604009] vgaarb: loaded\r\n[    0.608011] vgaarb: bridge control possible 0000:00:08.0\r\n[    0.612342] SCSI subsystem initialized\r\n[    0.616221] ACPI: bus type USB registered\r\n[    0.620071] usbcore: registered new interface driver usbfs\r\n[    0.624053] usbcore: registered new interface driver hub\r\n[    0.628096] usbcore: registered new device driver usb\r\n[    0.632341] PCI: Using ACPI for IRQ routing\r\n[    0.636616] NetLabel: Initializing\r\n[    0.640015] NetLabel:  domain hash size = 128\r\n[    0.644010] NetLabel:  protocols = UNLABELED CIPSOv4\r\n[    0.648029] NetLabel:  unlabeled traffic allowed by default\r\n[    0.652199] clocksource: Switched to clocksource hyperv_clocksource\r\n[    0.674918] AppArmor: AppArmor Filesystem Enabled\r\n[    0.685961] pnp: PnP ACPI init\r\n[    0.696124] system 00:06: [io  0x01e0-0x01ef] has been reserved\r\n[    0.714531] system 00:06: [io  0x0160-0x016f] has been reserved\r\n[    0.727606] system 00:06: [io  0x0278-0x027f] has been reserved\r\n[    0.740506] system 00:06: [io  0x0378-0x037f] has been reserved\r\n[    0.753120] system 00:06: [io  0x0678-0x067f] has been reserved\r\n[    0.769937] system 00:06: [io  0x0778-0x077f] has been reserved\r\n[    0.782775] system 00:06: [io  0x04d0-0x04d1] has been reserved\r\n[    0.795941] system 00:07: [io  0x0400-0x043f] has been reserved\r\n[    0.809071] system 00:07: [io  0x0370-0x0371] has been reserved\r\n[    0.822213] system 00:07: [io  0x0440-0x044f] has been reserved\r\n[    0.835042] system 00:07: [mem 0xfec00000-0xfec00fff] could not be reserved\r\n[    0.849793] system 00:07: [mem 0xfee00000-0xfee00fff] has been reserved\r\n[    0.864400] system 00:08: [mem 0x00000000-0x0009ffff] could not be reserved\r\n[    0.881048] system 00:08: [mem 0x000c0000-0x000dffff] could not be reserved\r\n[    0.897563] system 00:08: [mem 0x000e0000-0x000fffff] could not be reserved\r\n[    0.913561] system 00:08: [mem 0x00100000-0x1fffffff] could not be reserved\r\n[    0.932702] system 00:08: [mem 0xfffc0000-0xffffffff] has been reserved\r\n[    0.948760] pnp: PnP ACPI: found 9 devices\r\n[    0.965137] clocksource: acpi_pm: mask: 0xffffff max_cycles: 0xffffff, max_idle_ns: 2085701024 ns\r\n[    0.985519] NET: Registered protocol family 2\r\n[    0.996283] TCP established hash table entries: 16384 (order: 5, 131072 bytes)\r\n[    1.013156] TCP bind hash table entries: 16384 (order: 6, 262144 bytes)\r\n[    1.037518] TCP: Hash tables configured (established 16384 bind 16384)\r\n[    1.054523] UDP hash table entries: 1024 (order: 3, 32768 bytes)\r\n[    1.068930] UDP-Lite hash table entries: 1024 (order: 3, 32768 bytes)\r\n[    1.086080] NET: Registered protocol family 1\r\n[    1.105231] pci 0000:00:00.0: Limiting direct PCI/PCI transfers\r\n[    1.119104] Trying to unpack rootfs image as initramfs...\r\n[    1.841064] Freeing initrd memory: 30480K (ffff88001d9ee000 - ffff88001f7b2000)\r\n[    1.857609] PCI-DMA: Using software bounce buffering for IO (SWIOTLB)\r\n[    1.872470] software IO TLB [mem 0x199ee000-0x1d9ee000] (64MB) mapped at [ffff8800199ee000-ffff88001d9edfff]\r\n[    1.892924] clocksource: tsc: mask: 0xffffffffffffffff max_cycles: 0x1e31c5b5196, max_idle_ns: 440795212154 ns\r\n[    1.913242] microcode: CPU0: patch_level=0xffffffff\r\n[    1.924607] microcode: Microcode Update Driver: v2.00 <tigran@aivazian.fsnet.co.uk>, Peter Oruba\r\n[    1.946356] Scanning for low memory corruption every 60 seconds\r\n[    1.960828] futex hash table entries: 16384 (order: 8, 1048576 bytes)\r\n[    1.985779] Initialise system trusted keyring\r\n[    1.998545] audit: initializing netlink subsys (disabled)\r\n[    2.021003] audit: type=2000 audit(1458022272.020:1): initialized\r\n[    2.039538] HugeTLB registered 2 MB page size, pre-allocated 0 pages\r\n[    2.061116] zpool: loaded\r\n[    2.067908] zbud: loaded\r\n[    2.074857] VFS: Disk quotas dquot_6.6.0\r\n[    2.087370] VFS: Dquot-cache hash table entries: 512 (order 0, 4096 bytes)\r\n[    2.104361] fuse init (API version 7.23)\r\n[    2.114161] Key type big_key registered\r\n[    2.125398] Key type asymmetric registered\r\n[    2.135422] Asymmetric key parser 'x509' registered\r\n[    2.146503] Block layer SCSI generic (bsg) driver version 0.4 loaded (major 249)\r\n[    2.162441] io scheduler noop registered\r\n[    2.171259] io scheduler deadline registered (default)\r\n[    2.182549] io scheduler cfq registered\r\n[    2.191434] pci_hotplug: PCI Hot Plug PCI Core version: 0.5\r\n[    2.203782] pciehp: PCI Express Hot Plug Controller Driver version: 0.4\r\n[    2.217772] input: Power Button as /devices/LNXSYSTM:00/LNXPWRBN:00/input/input0\r\n[    2.233712] ACPI: Power Button [PWRF]\r\n[    2.242448] GHES: HEST is not enabled!\r\n[    2.251113] Serial: 8250/16550 driver, 32 ports, IRQ sharing enabled\r\n[    2.307541] 00:03: ttyS0 at I/O 0x3f8 (irq = 4, base_baud = 115200) is a 16550A\r\n[    2.366376] 00:04: ttyS1 at I/O 0x2f8 (irq = 3, base_baud = 115200) is a 16550A\r\n[    2.383560] Linux agpgart interface v0.103\r\n[    2.396174] brd: module loaded\r\n[    2.404987] loop: module loaded\r\n[    2.414851] ata_piix 0000:00:07.1: Hyper-V Virtual Machine detected, ATA device ignore set\r\n[    2.435634] scsi host0: ata_piix\r\n[    2.443721] scsi host1: ata_piix\r\n[    2.451692] ata1: PATA max UDMA/33 cmd 0x1f0 ctl 0x3f6 bmdma 0xffa0 irq 14\r\n[    2.466653] ata2: PATA max UDMA/33 cmd 0x170 ctl 0x376 bmdma 0xffa8 irq 15\r\n[    2.484183] libphy: Fixed MDIO Bus: probed\r\n[    2.493621] tun: Universal TUN/TAP device driver, 1.6\r\n[    2.504792] tun: (C) 1999-2004 Max Krasnyansky <maxk@qualcomm.com>\r\n[    2.518099] PPP generic driver version 2.4.2\r\n[    2.527679] ehci_hcd: USB 2.0 'Enhanced' Host Controller (EHCI) Driver\r\n[    2.538566] ehci-pci: EHCI PCI platform driver\r\n[    2.544073] ehci-platform: EHCI generic platform driver\r\n[    2.550400] ohci_hcd: USB 1.1 'Open' Host Controller (OHCI) Driver\r\n[    2.557884] ohci-pci: OHCI PCI platform driver\r\n[    2.567900] ohci-platform: OHCI generic platform driver\r\n[    2.579283] uhci_hcd: USB Universal Host Controller Interface driver\r\n[    2.592719] i8042: PNP: PS/2 Controller [PNP0303:PS2K,PNP0f03:PS2M] at 0x60,0x64 irq 1,12\r\n[    2.613184] serio: i8042 KBD port at 0x60,0x64 irq 1\r\n[    2.624008] serio: i8042 AUX port at 0x60,0x64 irq 12\r\n[    2.635232] mousedev: PS/2 mouse device common for all mice\r\n[    2.650509] ata2.00: ATAPI: Virtual CD, , max MWDMA2\r\n[    2.663671] rtc_cmos 00:00: RTC can wake from S4\r\n[    2.695705] input: AT Translated Set 2 keyboard as /devices/platform/i8042/serio0/input/input1\r\n[    2.713591] ata2.00: configured for MWDMA2\r\n[    2.724852] scsi 1:0:0:0: CD-ROM            Msft     Virtual CD/ROM   1.0  PQ: 0 ANSI: 5\r\n[    2.742559] rtc_cmos 00:00: rtc core: registered rtc_cmos as rtc0\r\n[    2.757172] rtc_cmos 00:00: alarms up to one month, 114 bytes nvram\r\n[    2.772762] sr 1:0:0:0: [sr0] scsi3-mmc drive: 0x/0x tray\r\n[    2.784647] cdrom: Uniform CD-ROM driver Revision: 3.20\r\n[    2.795978] i2c /dev entries driver\r\n[    2.804242] device-mapper: uevent: version 1.0.3\r\n[    2.815584] sr 1:0:0:0: Attached scsi generic sg0 type 5\r\n[    2.827222] device-mapper: ioctl: 4.33.0-ioctl (2015-8-18) initialised: dm-devel@redhat.com\r\n[    2.844632] ledtrig-cpu: registered to indicate activity on CPUs\r\n[    2.857566] PCCT header not found.\r\n[    2.865734] NET: Registered protocol family 10\r\n[    2.875944] NET: Registered protocol family 17\r\n[    2.885764] Key type dns_resolver registered\r\n[    2.895515] Loading compiled-in X.509 certificates\r\n[    2.907369] Loaded X.509 cert 'Build time autogenerated kernel key: 9421ce78f7dd6932d7a71d3bab89bb036afa29eb'\r\n[    2.927541] registered taskstats version 1\r\n[    2.936637] zswap: loading zswap\r\n[    2.944150] zswap: using zbud pool\r\n[    2.951897] zswap: using lzo compressor\r\n[    2.962618] Key type trusted registered\r\n[    2.974867] Key type encrypted registered\r\n[    2.984028] AppArmor: AppArmor sha1 policy hashing enabled\r\n[    2.995731] ima: No TPM chip found, activating TPM-bypass!\r\n[    3.007383] evm: HMAC attrs: 0x1\r\n[    3.015261]   Magic number: 8:358:165\r\n[    3.023927] rtc_cmos 00:00: setting system clock to 2016-03-15 06:11:14 UTC (1458022274)\r\n[    3.040649] BIOS EDD facility v0.16 2004-Jun-25, 0 devices found\r\n[    3.053352] EDD information not available.\r\n[    3.066273] Freeing unused kernel memory: 1460K (ffffffff81d37000 - ffffffff81ea4000)\r\n[    3.082576] Write protecting the kernel read-only data: 12288k\r\n[    3.095224] Freeing unused kernel memory: 24K (ffff8800017fa000 - ffff880001800000)\r\n[    3.111595] Freeing unused kernel memory: 292K (ffff880001bb7000 - ffff880001c00000)\r\nLoading, please wait...\r\nstarting version 225\r\n[    3.161870] random: udevadm urandom read with 4 bits of entropy available\r\n[    3.263485] clocksource: hyperv_clocksource_tsc_page: mask: 0xffffffffffffffff max_cycles: 0x24e6a1710, max_idle_ns: 440795202120 ns\r\n[    3.288041] Floppy drive(s): fd0 is 1.44M\r\n[    3.370031] FDC 0 is an 82078.\r\n[    3.399185] clocksource: Switched to clocksource hyperv_clocksource_tsc_page\r\n[    3.483826] hv_vmbus: Hyper-V Host Build:9600-6.3-18-0.18190; Vmbus version:3.0\r\n[    3.525506] hv_vmbus: registering driver hv_storvsc\r\n[    3.572321] hv_utils: Registering HyperV Utility Driver\r\n[    3.585435] hv_vmbus: registering driver hv_util\r\n[    3.596345] hidraw: raw HID events driver (C) Jiri Kosina\r\n[    3.610761] hv_vmbus: registering driver hid_hyperv\r\n[    3.628856] scsi host2: storvsc_host_t\r\n[    3.638247] scsi 2:0:0:0: Direct-Access     Msft     Virtual Disk     1.0  PQ: 0 ANSI: 4\r\n[    3.656585] sd 2:0:0:0: Attached scsi generic sg1 type 0\r\n[    3.668958] sd 2:0:0:0: [sda] 61440000 512-byte logical blocks: (31.4 GB/29.2 GiB)\r\n[    3.686373] input: Microsoft Vmbus HID-compliant Mouse as /devices/0006:045E:0621.0001/input/input4\r\n[    3.706392] hid 0006:045E:0621.0001: input: <UNKNOWN> HID v0.01 Mouse [Microsoft Vmbus HID-compliant Mouse] on \r\n[    3.730931] sd 2:0:0:0: [sda] Write Protect is off\r\n[    3.742629] hv_vmbus: registering driver hv_netvsc\r\n[    3.754423] sd 2:0:0:0: [sda] Write cache: enabled, read cache: enabled, supports DPO and FUA\r\n[    3.773248] psmouse serio1: trackpoint: failed to get extended button data\r\n[    3.789821] scsi host3: storvsc_host_t\r\n[    3.799312] scsi 3:0:1:0: Direct-Access     Msft     Virtual Disk     1.0  PQ: 0 ANSI: 4\r\n[    3.818005] sd 3:0:1:0: Attached scsi generic sg2 type 0\r\n[    3.831125] sd 3:0:1:0: [sdb] 146800640 512-byte logical blocks: (75.1 GB/70.0 GiB)\r\n[    3.849293] sd 3:0:1:0: [sdb] 4096-byte physical blocks\r\n[    3.861692]  sda: sda1\r\n[    3.870733] hv_netvsc: hv_netvsc channel opened successfully\r\n[    3.887934] sd 2:0:0:0: [sda] Attached SCSI disk\r\n[    3.915499] sd 3:0:1:0: [sdb] Write Protect is off\r\n[    3.928656] sd 3:0:1:0: [sdb] Write cache: enabled, read cache: enabled, supports DPO and FUA\r\n[    3.966361]  sdb: sdb1\r\n[    3.974179] sd 3:0:1:0: [sdb] Attached SCSI disk\r\n[    4.073657] hv_netvsc vmbus_16: Send section size: 6144, Section count:2560\r\n[    4.095818] hv_netvsc vmbus_16: Device MAC 00:0d:3a:11:15:86 link state up\r\n[    4.120988] scsi host4: storvsc_host_t\r\n[    4.135239] scsi 4:0:0:0: scsi scan: INQUIRY result too short (5), using 36\r\n[    4.156963] scsi 4:0:0:1: scsi scan: INQUIRY result too short (5), using 36\r\n[    4.175285] scsi 4:0:1:0: scsi scan: INQUIRY result too short (5), using 36\r\n[    4.197513] scsi 4:0:1:1: scsi scan: INQUIRY result too short (5), using 36\r\n[    4.218321] scsi host5: storvsc_host_t\r\n[    4.231465] scsi 4:1:0:0: scsi scan: INQUIRY result too short (5), using 36\r\n[    4.283669] scsi 5:0:0:0: scsi scan: INQUIRY result too short (5), using 36\r\n[    4.319147] scsi 5:0:0:1: scsi scan: INQUIRY result too short (5), using 36\r\n[    4.342303] scsi 4:1:0:1: scsi scan: INQUIRY result too short (5), using 36\r\n[    4.376213] scsi 5:0:1:0: scsi scan: INQUIRY result too short (5), using 36\r\n[    4.408993] scsi 4:1:1:0: scsi scan: INQUIRY result too short (5), using 36\r\n[    4.431129] scsi 4:1:1:1: scsi scan: INQUIRY result too short (5), using 36\r\n[    4.447454] scsi 5:0:1:1: scsi scan: INQUIRY result too short (5), using 36\r\n[    4.464956] scsi 4:2:0:0: scsi scan: INQUIRY result too short (5), using 36\r\n[    4.485950] scsi 5:1:0:0: scsi scan: INQUIRY result too short (5), using 36\r\n[    4.503251] scsi 5:1:0:1: scsi scan: INQUIRY result too short (5), using 36\r\n[    4.518479] scsi 4:2:0:1: scsi scan: INQUIRY result too short (5), using 36\r\n[    4.534533] scsi 5:1:1:0: scsi scan: INQUIRY result too short (5), using 36\r\n[    4.553555] scsi 4:2:1:0: scsi scan: INQUIRY result too short (5), using 36\r\n[    4.571397] scsi 5:1:1:1: scsi scan: INQUIRY result too short (5), using 36\r\n[    4.593932] scsi 4:2:1:1: scsi scan: INQUIRY result too short (5), using 36\r\n[    4.631302] scsi 5:2:0:0: scsi scan: INQUIRY result too short (5), using 36\r\n[    4.671215] scsi 4:3:0:0: scsi scan: INQUIRY result too short (5), using 36\r\n[    4.697963] scsi 4:3:0:1: scsi scan: INQUIRY result too short (5), using 36\r\n[    4.751023] scsi 5:2:0:1: scsi scan: INQUIRY result too short (5), using 36\r\n[    4.759342] scsi 5:2:1:0: scsi scan: INQUIRY result too short (5), using 36\r\n[    4.834681] scsi 4:3:1:0: scsi scan: INQUIRY result too short (5), using 36\r\n[    4.855932] scsi 4:3:1:1: scsi scan: INQUIRY result too short (5), using 36\r\n[    4.865910] scsi 5:2:1:1: scsi scan: INQUIRY result too short (5), using 36\r\n[    4.877586] scsi 4:4:0:0: scsi scan: INQUIRY result too short (5), using 36\r\n[    4.885731] scsi 5:3:0:0: scsi scan: INQUIRY result too short (5), using 36\r\n[    4.911968] scsi 4:4:0:1: scsi scan: INQUIRY result too short (5), using 36\r\n[    4.947218] scsi 5:3:0:1: scsi scan: INQUIRY result too short (5), using 36\r\n[    5.010360] scsi 4:4:1:0: scsi scan: INQUIRY result too short (5), using 36\r\n[    5.024264] scsi 5:3:1:0: scsi scan: INQUIRY result too short (5), using 36\r\n[    5.047892] scsi 4:4:1:1: scsi scan: INQUIRY result too short (5), using 36\r\n[    5.069086] scsi 5:3:1:1: scsi scan: INQUIRY result too short (5), using 36\r\n[    5.090438] scsi 4:5:0:0: scsi scan: INQUIRY result too short (5), using 36\r\n[    5.107093] scsi 5:4:0:0: scsi scan: INQUIRY result too short (5), using 36\r\n[    5.123413] scsi 4:5:0:1: scsi scan: INQUIRY result too short (5), using 36\r\n[    5.138286] scsi 5:4:0:1: scsi scan: INQUIRY result too short (5), using 36\r\n[    5.153742] scsi 4:5:1:0: scsi scan: INQUIRY result too short (5), using 36\r\n[    5.168884] scsi 5:4:1:0: scsi scan: INQUIRY result too short (5), using 36\r\n[    5.192015] scsi 4:5:1:1: scsi scan: INQUIRY result too short (5), using 36\r\n[    5.236726] scsi 5:4:1:1: scsi scan: INQUIRY result too short (5), using 36\r\n[    5.253276] scsi 5:5:0:0: scsi scan: INQUIRY result too short (5), using 36\r\n[    5.282638] scsi 4:6:0:0: scsi scan: INQUIRY result too short (5), using 36\r\n[    5.312436] scsi 5:5:0:1: scsi scan: INQUIRY result too short (5), using 36\r\n[    5.328190] scsi 4:6:0:1: scsi scan: INQUIRY result too short (5), using 36\r\n[    5.344548] scsi 5:5:1:0: scsi scan: INQUIRY result too short (5), using 36\r\n[    5.361760] scsi 4:6:1:0: scsi scan: INQUIRY result too short (5), using 36\r\n[    5.376777] scsi 5:5:1:1: scsi scan: INQUIRY result too short (5), using 36\r\n[    5.396649] scsi 4:6:1:1: scsi scan: INQUIRY result too short (5), using 36\r\n[    5.412118] scsi 4:7:0:0: scsi scan: INQUIRY result too short (5), using 36\r\n[    5.432508] scsi 5:6:0:0: scsi scan: INQUIRY result too short (5), using 36\r\n[    5.450962] scsi 5:6:0:1: scsi scan: INQUIRY result too short (5), using 36\r\n[    5.470315] scsi 4:7:0:1: scsi scan: INQUIRY result too short (5), using 36\r\n[    5.487293] scsi 4:7:1:0: scsi scan: INQUIRY result too short (5), using 36\r\n[    5.502544] scsi 5:6:1:0: scsi scan: INQUIRY result too short (5), using 36\r\n[    5.517836] scsi 4:7:1:1: scsi scan: INQUIRY result too short (5), using 36\r\n[    5.534891] scsi 5:6:1:1: scsi scan: INQUIRY result too short (5), using 36\r\n[    5.551900] scsi 5:7:0:0: scsi scan: INQUIRY result too short (5), using 36\r\n[    5.573359] scsi 5:7:0:1: scsi scan: INQUIRY result too short (5), using 36\r\n[    5.598067] scsi 5:7:1:0: scsi scan: INQUIRY result too short (5), using 36\r\n[    5.614886] scsi 5:7:1:1: scsi scan: INQUIRY result too short (5), using 36\r\nBegin: Loading essential drivers ... done.\r\r\nBegin: Running /scripts/init-premount ... done.\r\r\nBegin: Mounting root file system ... Begin: Running /scripts/local-top ... done.\r\r\nBegin: Running /scripts/local-premount ... done.\r\r\nBegin: Checking root file system ... fsck from util-linux 2.26.2\r\r\ncloudimg-rootfs: clean, 73595/244736 files, 351302/524032 blocks\r\r\ndone.\r\r\n[    7.393216] EXT4-fs (sda1): mounted filesystem with ordered data mode. Opts: (null)\r\ndone.\r\r\nBegin: Running /scripts/local-bottom ... done.\r\r\nBegin: Running /scripts/init-bottom ... Warning: overlayroot: debug is busted\r\r\n[    8.367612] random: nonblocking pool is initialized\r\ndone.\r\r\n[    8.704121] psmouse serio1: trackpoint: IBM TrackPoint firmware: 0x01, buttons: 0/0\r\n[    8.721632] input: TPPS/2 IBM TrackPoint as /devices/platform/i8042/serio1/input/input3\r\n[   10.895472] systemd[1]: Failed to insert module 'kdbus': Function not implemented\r\n[   11.613882] systemd[1]: systemd 225 running in system mode. (+PAM +AUDIT +SELINUX +IMA +APPARMOR +SMACK +SYSVINIT +UTMP +LIBCRYPTSETUP +GCRYPT +GNUTLS +ACL +XZ -LZ4 +SECCOMP +BLKID -ELFUTILS +KMOD -IDN)\r\n[   11.652044] systemd[1]: Detected virtualization microsoft.\r\n[   11.663963] systemd[1]: Detected architecture x86-64.\r\n\r\r\nWelcome to \u001b[1mUbuntu 15.10\u001b[0m!\r\r\n\r\r\n[   11.726356] systemd[1]: Set hostname to <ubuntu>.\r\n[   11.736647] systemd[1]: Initializing machine ID from random generator.\r\n[   11.750227] systemd[1]: Installed transient /etc/machine-id file.\r\n-.mount\r\r\netc-machine\\x2did.mount[   12.669649] systemd[1]: sshd-keygen.service: Cannot add dependency job, ignoring: Unit sshd-keygen.service failed to load: No such file or directory.\r\n\r\r\n[   12.702065] systemd[1]: sshd-keygen.service: Cannot add dependency job, ignoring: Unit sshd-keygen.service failed to load: No such file or directory.\r\n[   12.728648] systemd[1]: display-manager.service: Cannot add dependency job, ignoring: Unit display-manager.service failed to load: No such file or directory.\r\n[   12.757093] systemd[1]: Reached target Swap.\r\n[\u001b[32m  OK  \u001b[0m[   12.770517] systemd[1]: Reached target Remote File Systems (Pre).\r\n] Reached target Swap.\r\r\n[\u001b[32m  OK  \u001b[0m[   12.792294] systemd[1]: Reached target User and Group Name Lookups.\r\n] Reached target Remote File Systems (Pre).\r\r\n[\u001b[32m  OK  \u001b[0m[   12.816842] systemd[1]: Set up automount Arbitrary Executable File Formats File System Automount Point.\r\n] Reached target User and Group Name Lookups.\r\r\n[\u001b[32m  OK  \u001b[0m[   12.847760] systemd[1]: Reached target Encrypted Volumes.\r\n] Set up automount Arbitrary Executab...ats File System Automount Point.\r[   12.869342] systemd[1]: Started Forward Password Requests to Wall Directory Watch.\r\n\r\n[\u001b[32m  OK  \u001b[0m] Reached target Encrypted Volumes.\r\r\n[\u001b[32m  OK  \u001b[0m[   12.899388] systemd[1]: Created slice Root Slice.\r\n] Started Forward Password Requests to Wall Directory Watch.\r\r\n[   12.919566] systemd[1]: Created slice User and Session Slice.\r\n[\u001b[32m  OK  \u001b[0m] Created slice Root Slice.\r\r\n[\u001b[32m  OK  \u001b[0m[   12.944722] systemd[1]: Listening on udev Control Socket.\r\n] Created slice User and Session Slice.\r\r\n[\u001b[32m  OK  \u001b[0m[   12.967248] systemd[1]: Listening on /dev/initctl Compatibility Named Pipe.\r\n] Listening on udev Control Socket.\r\r\n[\u001b[32m  OK  \u001b[0m[   12.992291] systemd[1]: Listening on Journal Audit Socket.\r\n] Listening on /dev/initctl Compatibility Named Pipe.\r\r\n[[   13.013907] systemd[1]: Listening on udev Kernel Socket.\r\n\u001b[32m  OK  \u001b[0m] Listening on Journal Audit Socket.\r\r\n[[   13.035581] systemd[1]: Listening on Journal Socket (/dev/log).\r\n\u001b[32m  OK  \u001b[0m] Listening on udev Kernel Socket.\r\r\n[\u001b[32m  OK  \u001b[0m[   13.061401] systemd[1]: Created slice System Slice.\r\n] Listening on Journal Socket (/dev/log).\r\r\n[\u001b[32m  OK  \u001b[0m[   13.083287] systemd[1]: Reached target Slices.\r\n] Created slice System Slice.\r\r\n[[   13.100848] systemd[1]: Starting Increase datagram queue length...\r\n\u001b[32m  OK  \u001b[0m] Reached target Slices.\r\r\n         Starting Increase datagram queue length...[   13.132116] systemd[1]: Created slice system-serial\\x2dgetty.slice.\r\n\r\r\n[\u001b[32m  OK  \u001b[0m[   13.151841] systemd[1]: Listening on Journal Socket.\r\n] Created slice system-serial\\x2dgetty.slice.\r\r\n[\u001b[32m  OK  \u001b[0m] Listening on Journal Socket.\r\r\n[   13.199685] systemd[1]: Mounting Debug File System...\r\n         Mounting Debug File System...[   13.219112] systemd[1]: Starting Uncomplicated firewall...\r\n\r\r\n         Starting Uncomplicated firewall...\r\r\n[   13.292980] systemd[1]: Starting Load Kernel Modules...\r\n         Starting Load Kernel Modules...[   13.313702] systemd[1]: Starting Create list of required static device nodes for the current kernel...\r\n\r\r\n         Starting Create list of required st... nodes for the current kernel...[   13.353088] systemd[1]: Starting Setup Virtual Console...\r\n\r\r\n[   13.368758] systemd[1]: Created slice system-getty.slice.\r\n         Starting Setup Virtual Console...\r\r\n[\u001b[32m  OK  \u001b[0m[   13.395177] systemd[1]: Starting udev Coldplug all Devices...\r\n] Created slice system-getty.slice.\r\r\n         Starting udev Coldplug all Devices...[   13.429303] systemd[1]: Mounting Huge Pages File System...\r\n\r\r\n         Mounting Huge Pages File System...[   13.456084] systemd[1]: Starting Remount Root and Kernel File Systems...\r\n\r\r\n         Starting Remount Root and Kernel File Systems...[   13.489609] systemd[1]: Mounting POSIX Message Queue File System...\r\n\r[   13.506759] EXT4-fs (sda1): re-mounted. Opts: discard\r\n\r\n         Mounting POSIX Message Queue File System...[   13.531843] systemd[1]: Mounted Debug File System.\r\n\r\r\n[[   13.563630] systemd[1]: Mounted Huge Pages File System.\r\n\u001b[32m  OK  \u001b[0m] Mounted Debug File System.\r\r\nsys-kernel-debug.mount[   13.596524] systemd[1]: Mounted POSIX Message Queue File System.\r\n\r\r\n[\u001b[32m  OK  \u001b[0m] Mounted Huge Pages File System.\r\r\ndev-hugepages.mount[   13.625201] systemd[1]: Started Increase datagram queue length.\r\n\r\r\n[\u001b[32m  OK  \u001b[0m] Mounted POSIX Message Queue File System.\r[   13.650196] systemd[1]: Started Uncomplicated firewall.\r\n\r\n[\u001b[32m  OK  \u001b[0m] Started Increase datagram queue length.\r\r\ndev-mqueue.mount[   13.677481] systemd[1]: Started Load Kernel Modules.\r\n\r\r\n[\u001b[32m  OK  \u001b[0m] Started Uncomplicated firewall.\r[   13.699321] systemd[1]: Started Create list of required static device nodes for the current kernel.\r\n\r\nsystemd-setup-dgram-qlen.service\r\r\n[\u001b[32m  OK  \u001b[0m] Started Load Kernel Modules.\r\r\n[   13.736958] systemd[1]: Started Setup Virtual Console.\r\nufw.service\r\r\n[\u001b[32m  OK  \u001b[0m] Started Create list of required sta...ce nodes for the current kernel.\r[   13.774992] systemd[1]: Started Remount Root and Kernel File Systems.\r\n\r\nsystemd-modules-load.service\r\r\n[\u001b[32m  OK  \u001b[0m] Started Setup Virtual Console.\r\r\n[\u001b[32m  OK  \u001b[0m] Started Remount Root and Kernel File Systems.\r[   13.869156] systemd[1]: Starting Ensure /etc/mtab is a symlink to /proc/mounts...\r\n\r\nkmod-static-nodes.service\r\r\nsystemd-vconsole-setup.service\r\r\nsystemd-remount-fs.service[   13.929731] systemd[1]: Starting Load/Save Random Seed...\r\n\r\r\n         Starting Ensure /etc/mtab is a symlink to /proc/mounts...\r[   13.959001] systemd[1]: Starting Create Static Device Nodes in /dev...\r\n\r\n         Starting Load/Save Random Seed...\r\r\n        
[   13.992273] systemd[1]: Starting Apply Kernel Variables...\r\n[   14.005921] systemd[1]: Mounting FUSE Control File System...\r\nStarting Create Static Device Nodes in /dev...\r\r\n         Starting Apply Kernel Variables...\r[   14.044512] systemd[1]: Listening on Syslog Socket.\r\n\r\n         Mounting FUSE Control File System...\r[   14.066171] systemd[1]: Starting Journal Service...\r\n\r\n[\u001b[32m  OK  \u001b[0m] Listening on Syslog Socket.\r[   14.087526] systemd[1]: Mounted FUSE Control File System.\r\n\r\n         Starting Journal Service...\r\r\n[\u001b[32m  OK  \u001b[0m[   14.114595] systemd[1]: Started udev Coldplug all Devices.\r\n] Mounted FUSE Control File System.\r\r\nsys-fs-fuse-connections.mount\r\r\n[   14.146239] systemd[1]: Started Load/Save Random Seed.\r\n[\u001b[32m  OK  \u001b[0m] Started udev Coldplug all Devices.\r\r\nsystemd-udev-trigger.service[   14.174067] systemd[1]: Time has been changed\r\n\r\r\n[\u001b[32m  OK  \u001b[0m] Started Load/Save Random Seed.\r[   14.201504] systemd[1]: Started Ensure /etc/mtab is a symlink to /proc/mounts.\r\n\r\nsystemd-random-seed.service\r\r\n[\u001b[32m  OK  \u001b[0m[   14.255226] systemd[1]: Started Journal Service.\r\n] Started Ensure /etc/mtab is a symlink to /proc/mounts.\r\r\n[\u001b[32m  OK  \u001b[0m] Started Journal Service.\r\r\ndebian-fixup.service\r\r\n         Starting Flush Journal to Persistent Storage...\r\r\n[\u001b[32m  OK  \u001b[0m] Started Apply Kernel Variables.\r\r\nsystemd-journald.service\r\r\nsystemd-sysctl.service\r\r\n[\u001b[32m  OK  \u001b[0m] Started Flush Journal to Persistent Storage.\r\r\nsystemd-journal-flush.service\r\r\n[\u001b[32m  OK  \u001b[0m] Started Create Static Device Nodes in /dev.\r\r\n         Starting udev Kernel Device Manager...\r\r\nsystemd-tmpfiles-setup-dev.service\r\r\n[\u001b[32m  OK  \u001b[0m] Started udev Kernel Device Manager.\r\r\n[\u001b[32m  OK  \u001b[0m] Reached target Local File Systems (Pre).\r\r\nsystemd-udevd.service\r\r\n         Mounting /etc/network/interfaces.dynamic.d...\r\r\n[\u001b[32m  OK  \u001b[0m] Mounted /etc/network/interfaces.dynamic.d.\r\r\n[\u001b[32m  OK  \u001b[0m] Reached target Local File Systems.\r\r\n         Starting Set console keymap...\r\r\n         Starting Commit a transient machine-id on disk...\r\r\n         Starting Wait for all \"auto\" /etc/n... up for network-online.target...\r\r\n         Starting Clean up any mess left by 0dns-up...\r\r\n         Starting LSB: AppArmor initialization...\r\r\n[\u001b[32m  OK  \u001b[0m] Reached target Remote File Systems.\r\r\n         Starting Tell Plymouth To Write Out Runtime Data...\r\r\n         Starting Create Volatile Files and Directories...\r\r\n[\u001b[32m  OK  \u001b[0m] Started Commit a transient machine-id on disk.\r\r\n[\u001b[32m  OK  \u001b[0m] Started Create Volatile Files and Directories.\r\r\n         Starting Netwynchronization...\r\r\n         Starting Update UTMP about System Boot/Shutdown...\r\r\n[\u001b[32m  OK  \u001b[0m] Started Update UTMP about System Boot/Shutdown.\r[   15.453715] piix4_smbus 0000:00:07.3: SMBus base address uninitialized - upgrade BIOS or use force_addr=0xaddr\r\n\r\n[\u001b[32m  OK  \u001b[0m] Started Clean up any mess left by 0dns-up.\r\r\n         Starting Nameserver information manager...\r\r\n[\u001b[32m  OK  \u001b[0m] Started Network Time Synchronization.\r\r\n[\u001b[32m  OK  \u001b[0m] Reached target System Time Synchronized.\r\r\netc-network-interfaces.dynamic.d.mount\r\r\n[\u001b[32m  OK  \u001b[0m] Started Nameserver information manager.\r\r\nsystemd-machine-id-commit.service\r\r\nsystemd-tmpfiles-setup.service\r\r\nsystemd-update-utmp.service\r\r\n[\u001b[32m  OK  \u001b[0m] Started Tell Plymouth To Write Out Runtime Data.\r\r\n[\u001b[32m  OK  \u001b[0m] Started Set console keymap.\r\r\nsystemd-timesyncd.service\r\r\nresolvconf.service\r\r\n[\u001b[32m  OK  \u001b[0m] Found device /dev/ttyS0.\r\r\n[\u001b[32m  OK  \u001b[0m] Created slice system-ifup.slice.\r\r\n[\u001b[32m  OK  \u001b[0m] Found device /sys/subsystem/net/devices/eth0.\r\r\n[\u001b[32m  OK  \u001b[0m] Started LSB: AppArmor initialization.\r\r\n[\u001b[32m  OK  \u001b[0m] Started ifup for eth0.\r\r\n         Starting LSB: Raise network interfaces....\r\r\napparmor.service\r\r\nifup@eth0.service\r\r\n[\u001b[32m  OK  \u001b[0m] Started LSB: Raise network interfaces..\r\r\n[\u001b[32m  OK  \u001b[0m] Reached target Network.\r\r\n[\u001b[32m  OK  \u001b[0m] Reached target System Initialization.\r\r\n[\u001b[32m  OK  \u001b[0m] Listening on ACPID Listen Socket.\r\r\n[\u001b[32m  OK  \u001b[0m] Started Trigger resolvconf update for networkd DNS.\r\r\n[\u001b[32m  OK  \u001b[0m] Reached target Paths.\r\r\n         Starting lxd-unix.socket.\r\r\n[\u001b[32m  OK  \u001b[0m] Listening on UUID daemon activation socket.\r\r\n         Starting Seed the pseudo random number generator on first boot...\r\r\n[\u001b[32m  OK  \u001b[0m] Started Daily Cleanup of Temporary Directories.\r\r\n[\u001b[32m  OK  \u001b[0m] Reached target Timers.\r\r\n[\u001b[32m  OK  \u001b[0m] Listening on D-Bus System Message Bus Socket.\r\r\n[\u001b[32m  OK  \u001b[0m] Listening on lxd-unix.socket.\r\r\n[\u001b[32m  OK  \u001b[0m] Reached target Sockets.\r\r\n[\u001b[32m  OK  \u001b[0m] Reached target Basic System.\r\r\n         Starting Restore /etc/resolv.conf i...e the ppp link was shut down....\r\r\n         Starting Thermal Daemon Service...\r\r\n[\u001b[32m  OK  \u001b[0m] Started Deferred execution scheduler.\r\r\n[\u001b[32m  OK  \u001b[0m] Started Hyper-V File Copy Protocol Daemon.\r\r\n[\u001b[32m  OK  \u001b[0m] Started Hyper-V VSS Protocol Daemon.\r\r\n         Starting Login Service...\r\r\n         Starting LSB: Record successful boot for GRUB...\r\r\n         Starting Initial cloud-init job (pre-networking)...\r\r\n[\u001b[32m  OK  \u001b[0m] Started Cgroup management daemon.\r\r\n[\u001b[32m  OK  \u001b[0m] Started FUSE filesystem for LXC.\r\r\n         Starting LSB: Set the CPU Frequency Scaling governor to \"ondemand\"...\r\r\n         Starting System Logging Service...\r\r\n[\u001b[32m  OK  \u001b[0m] Started Hyper-V KVP Protocol Daemon.\r\r\n         Starting LSB: Starts the Micro Name Service Cache Daemon...\r\r\n         Starting LSB: automatic crash report generation...\r\r\n         Starting LSB: daemon to balance interrupts for SMP systems...\r\r\n[\u001b[32m  OK  \u001b[0m] Started D-Bus System Message Bus.\r\r\nnetworking.service\r\r\natd.service\r\r\nhv-fcopy-daemon.service\r\r\nhv-vss-daemon.service\r\r\ncgmanager.service\r\r\nlxcfs.service\r\r\nhv-kvp-daemon.service\r\r\n         dbus.service\r\r\nStarting Accounts Service...\r\r\n[\u001b[32m  OK  \u001b[0m] Started Regular background program processing daemon.\r\r\n[\u001b[32m  OK  \u001b[0m] Started System Logging Service.\r\r\n[\u001b[32m  OK  \u001b[0m] Started Wait for all \"auto\" /etc/ne...be up for network-online.target.\r\r\n[\u001b[32m  OK  \u001b[0m] Started Restore /etc/resolv.conf if...ore the ppp link was shut down..\r\r\n[\u001b[32m  OK  \u001b[0m] Started LSB: Record successful boot for GRUB.\r\r\n[\u001b[32m  OK  \u001b[0m] Started LSB: Set the CPU Frequency Scaling governor to \"ondemand\".\r\r\n[\u001b[32m  OK  \u001b[0m] Started LSB: Starts the Micro Name Service Cache Daemon.\r\r\n[\u001b[32m  OK  \u001b[0m] Started LSB: automatic crash report generation.\r\r\n[\u001b[32m  OK  \u001b[0m] Started LSB: daemon to balance interrupts for SMP systems.\r\r\n[\u001b[32m  OK  \u001b[0m] Started Thermal Daemon Service.\r\r\n[\u001b[32m  OK  \u001b[0m] Started Login Service.\r\r\n[\u001b[32m  OK  \u001b[0m] Reached target Network is Online.\r\r\n         Starting /etc/rc.local Compatibility...\r\r\n         Starting LXC network bridge setup...\r\r\n[\u001b[32m  OK  \u001b[0m] Started /etc/rc.local Compatibility.\r\r\ncron.service\r\r\nvar-lib-lxcfs.mount\r\r\nrun-cgmanager-fs.mount\r\r\nrsyslog.service\r\r\nifup-wait-all-auto.service\r\r\n         Starting Authenticate and Authorize Users to Run Privileged Tasks...\r\r\ngrub-common.service\r\r\nondemand.service\r\r\nunscd.service\r\r\napport.service\r\r\nirqbalance.service\r\r\nthermald.service\r\r\nsystemd-logind.service\r\r\nrc-local.service\r\r\n[\u001b[32m  OK  \u001b[0m] Started Authenticate and Authorize Users to Run Privileged Tasks.\r\r\n[\u001b[32m  OK  \u001b[0m] Started Accounts Service.\r\r\npolkitd.service\r\r\naccounts-daemon.service\r\r\n[\u001b[32m  OK  \u001b[0m] Started LXC network bridge setup.\r\r\n         Starting LXC Container Initialization and Autoboot Code...\r\r\nlxc-net.service\r\r\n[\u001b[32m  OK  \u001b[0m] Started LXC Container Initialization and Autoboot Code.\r\r\n         Starting Container hypervisor based on LXC - boot time check...\r\r\nlxc.service\r\r\n[\u001b[32m  OK  \u001b[0m] Started Seed the pseudo random number generator on first boot.\r\r\n[   26.650818] cloud-init[654]: Cloud-init v. 0.7.7 running 'init-local' at Tue, 15 Mar 2016 06:11:38 +0000. Up 26.35 seconds.\r\r\n[\u001b[32m  OK  \u001b[0m] Started Initial cloud-init job (pre-networking).\r\r\n         Starting Initial cloud-init job (metadata service crawler)...\r\r\ncloud-init-local.service\r\r\n[\u001b[32m  OK  \u001b[0m] Started Container hypervisor based on LXC - boot time check.\r\r\n[   29.200161] blk_update_request: I/O error, dev fd0, sector 0\r\n[   29.264145] blk_update_request: I/O error, dev fd0, sector 0\r\ntmp-tmpmdi5e134.mount\r\r\n[   29.514686] cloud-init[931]: + i=eth0\r\r\n[   29.520553] cloud-init[931]: + x=0\r\r\n[   29.521018] cloud-init[931]: + ifdown eth0\r\r\n[   29.574130] cloud-init[931]: Killed old client process\r\r\n[   30.581588] cloud-init[931]: Internet Systems Consortium DHCP Client 4.3.1\r\r\n[   30.582366] cloud-init[931]: Copyright 2004-2014 Internet Systems Consortium.\r\r\n[   30.583036] cloud-init[931]: All rights reserved.\r\r\n[   30.583972] cloud-init[931]: For info, please visit https://www.isc.org/software/dhcp/\r\r\n[   30.604492] cloud-init[931]: Listening on LPF/eth0/00:0d:3a:11:15:86\r\r\n[   30.605306] cloud-init[931]: Sending on   LPF/eth0/00:0d:3a:11:15:86\r\r\n[   30.605970] cloud-init[931]: Sending on   Socket/fallback\r\r\n[   30.716820] cloud-init[931]: DHCPRELEASE on eth0 to 168.63.129.16 port 67 (xid=0xc019625)\r\r\n[   30.787777] cloud-init[931]: + ifup eth0\r\r\n[   30.822695] cloud-init[931]: Internet Systems Consortium DHCP Client 4.3.1\r\r\n[   30.826666] cloud-init[931]: Copyright 2004-2014 Internet Systems Consortium.\r\r\n[   30.827352] cloud-init[931]: All rights reserved.\r\r\n[   30.828038] cloud-init[931]: For info, please visit https://www.isc.org/software/dhcp/\r\r\n[   30.860454] cloud-init[931]: Listening on LPF/eth0/00:0d:3a:11:15:86\r\r\n[   30.861221] cloud-init[931]: Sending on   LPF/eth0/00:0d:3a:11:15:86\r\r\n[   30.861980] cloud-init[931]: Sending on   Socket/fallback\r\r\n[   30.862709] cloud-init[931]: DHCPDISCOVER on eth0 to 255.255.255.255 port 67 interval 3 (xid=0x7e8bab6d)\r\r\n[   30.952056] cloud-init[931]: DHCPREQUEST of 10.0.0.4 on eth0 to 255.255.255.255 port 67 (xid=0x6dab8b7e)\r\r\n[   30.952823] cloud-init[931]: DHCPOFFER of 10.0.0.4 from 168.63.129.16\r\r\n[   31.011428] cloud-init[931]: DHCPACK of 10.0.0.4 from 168.63.129.16\r\r\n[   31.093016] cloud-init[931]: bound to 10.0.0.4 -- renewal in 4294967295 seconds.\r\r\n[   31.129534] cloud-init[931]: + exit 0\r\r\n[\u001b[32m  OK  \u001b[0m] Started Azure Linux Agent.\r\r\nwalinuxagent.service\r\r\n2016/03/15 06:11:44.176972 INFO Azure Linux Agent Version:2.1.2\r\r\n2016/03/15 06:11:44.194343 INFO OS: ubuntu 15.10\r\r\n2016/03/15 06:11:44.194706 INFO Python: 3.4.3\r\r\n2016/03/15 06:11:44.194982 INFO Send dhcp request\r\r\n2016/03/15 06:11:44.457478 INFO Wire server endpoint:168.63.129.16\r\r\n2016/03/15 06:11:44.469253 INFO Gateway:10.0.0.1\r\r\n2016/03/15 06:11:44.469511 INFO Routes:None\r\r\n2016/03/15 06:11:44.469820 INFO Configure routes\r\r\n2016/03/15 06:11:44.472622 INFO Detect default protocol.\r\r\n2016/03/15 06:11:44.844663 INFO Fabric preferred wire protocol version:2015-04-05\r\r\n2016/03/15 06:11:44.858045 INFO Wire protocol version:2012-11-30\r\r\n2016/03/15 06:11:44.858283 WARNING Server prefered version:2015-04-05\r\r\n2016/03/15 06:11:44.858534 INFO Last request issued less than 1 second ago\r\r\n2016/03/15 06:11:44.858738 INFO Sleep 1 second to avoid throttling.\r\r\n2016/03/15 06:11:45.876834 INFO Sleep 1 second to avoid throttling.\r\r\n2016/03/15 06:11:46.898512 INFO Last request issued less than 1 second ago\r\r\n2016/03/15 06:11:46.911121 INFO Sleep 1 second to avoid throttling.\r\r\n2016/03/15 06:11:48.007821 INFO Sleep 1 second to avoid throttling.\r\r\n[   36.148126] blk_update_request: I/O error, dev fd0, sector 0\r\n[   36.208160] blk_update_request: I/O error, dev fd0, sector 0\r\ntmp-tmpjf9dbqcx.mount\r\r\n2016/03/15 06:11:49.024123 INFO Protocol V1 found.\r\r\n2016/03/15 06:11:49.032536 INFO Protocol V2 found.\r\r\n2016/03/15 06:11:49.033277 INFO run Ubuntu provision handler\r\r\n2016/03/15 06:11:49.033550 INFO Waiting cloud-init to finish provisioning.\r\r\n2016/03/15 06:11:49.033859 INFO Wait for ssh host key to be generated.\r\r\n2016/03/15 06:11:49.035180 INFO Wait for ssh host key be generated: /etc/ssh/ssh_host_rsa_key\r\r\n2016/03/15 06:11:49.057415 INFO Event: name=WALA, op=HeartBeat, message=\r\r\n2016/03/15 06:11:54.038228 INFO Wait for ssh host key be generated: /etc/ssh/ssh_host_rsa_key\r\r\n[   42.329496] cloud-init[931]: Cloud-init v. 0.7.7 running 'init' at Tue, 15 Mar 2016 06:11:39 +0000. Up 27.18 seconds.\r\r\n[   42.335672] cloud-init[931]: ci-info: ++++++++++++++++++++++++++++++++++++++Net device info+++++++++++++++++++++++++++++++++++++++\r\r\n[   42.335966] cloud-init[931]: ci-info: +--------+------+------------------------------+---------------+-------+-------------------+\r\r\n[   42.336406] cloud-init[931]: ci-info: | Device |  Up  |           Address            |      Mask     | Scope |     Hw-Address    |\r\r\n[   42.336705] cloud-init[931]: ci-info: +--------+------+------------------------------+---------------+-------+-------------------+\r\r\n[   42.356742] cloud-init[931]: ci-info: | lxcbr0 | True |           10.0.1.1           | 255.255.255.0 |   .   | fa:1e:da:ea:5f:92 |\r\r\n[   42.357299] cloud-init[931]: ci-info: | lxcbr0 | True | fe80::f81e:daff:feea:5f92/64 |       .       |  link | fa:1e:da:ea:5f:92 |\r\r\n[   42.357604] cloud-init[931]: ci-info: |  eth0  | True |           10.0.0.4           | 255.255.255.0 |   .   | 00:0d:3a:11:15:86 |\r\r\n[   42.357888] cloud-init[931]: ci-info: |  eth0  | True | fe80::20d:3aff:fe11:1586/64  |       .       |  link | 00:0d:3a:11:15:86 |\r\r\n[   42.358157] cloud-init[931]: ci-info: |   lo   | True |          127.0.0.1           |   255.0.0.0   |   .   |         .         |\r\r\n[   42.358430] cloud-init[931]: ci-info: |   lo   | True |           ::1/128            |       .       |  host |         .         |\r\r\n[   42.358700] cloud-init[931]: ci-info: +--------+------+------------------------------+---------------+-------+-------------------+\r\r\n[   42.360058] cloud-init[931]: ci-info: +++++++++++++++++++++++++++++Route IPv4 info++++++++++++++++++++++++++++++\r\r\n[   42.360484] cloud-init[931]: ci-info: +-------+---------------+----------+-----------------+-----------+-------+\r\r\n[   42.360764] cloud-init[931]: ci-info: | Route |  Destination  | Gateway  |     Genmask     | Interface | Flags |\r\r\n[   42.370208] cloud-init[931]: ci-info: +-------+---------------+----------+-----------------+-----------+-------+\r\r\n[   42.370811] cloud-init[931]: ci-info: |   0   |    0.0.0.0    | 10.0.0.1 |     0.0.0.0     |    eth0   |   UG  |\r\r\n[   42.371107] cloud-init[931]: ci-info: |   1   |    10.0.0.0   | 0.0.0.0  |  255.255.255.0  |    eth0   |   U   |\r\r\n[   42.371379] cloud-init[931]: ci-info: |   2   |    10.0.1.0   | 0.0.0.0  |  255.255.255.0  |   lxcbr0  |   U   |\r\r\n[   42.371643] cloud-init[931]: ci-info: |   3   | 168.63.129.16 | 10.0.0.1 | 255.255.255.255 |    eth0   |  UGH  |\r\r\n[   42.371907] cloud-init[931]: ci-info: +-------+---------------+----------+-----------------+-----------+-------+\r\r\n[   42.372231] cloud-init[931]: Generating public/private rsa key pair.\r\r\n[   42.372508] cloud-init[931]: Your identification has been saved in /etc/ssh/ssh_host_rsa_key.\r\r\n[   42.372774] cloud-init[931]: Your public key has been saved in /etc/ssh/ssh_host_rsa_key.pub.\r\r\n[   42.373045] cloud-init[931]: The key fingerprint is:\r\r\n[   42.373311] cloud-init[931]: SHA256:Z2ziP0fzYJPpnbMPiOoG5X1KkT+lc4156Rv5OyBn/PY root@xplatvmStSp\r\r\n[   42.373573] cloud-init[931]: The key's randomart image is:\r\r\n[   42.373835] cloud-init[931]: +---[RSA 2048]----+\r\r\n[   42.374101] cloud-init[931]: |                 |\r\r\n[   42.374347] cloud-init[931]: |                 |\r\r\n[   42.377014] cloud-init[931]: |           .     |\r\r\n[   42.377293] cloud-init[931]: |        ..o   .  |\r\r\n[   42.377556] cloud-init[931]: |       oS.=o.= +.|\r\r\n[   42.377824] cloud-init[931]: |      ...=oo#*+.+|\r\r\n[   42.378081] cloud-init[931]: |       ....*=X== |\r\r\n[   42.378336] cloud-init[931]: |        .oo o =*o|\r\r\n[   42.378592] cloud-init[931]: |       oo .o  o*E|\r\r\n[   42.378846] cloud-init[931]: +----[SHA256]-----+\r\r\n[   42.402865] cloud-init[931]: Generating public/private dsa key pair.\r\r\n[   42.403151] cloud-init[931]: Your identification has been saved in /etc/ssh/ssh_host_dsa_key.\r\r\n[   42.403419] cloud-init[931]: Your public key has been saved in /etc/ssh/ssh_host_dsa_key.pub.\r\r\n[   42.403683] cloud-init[931]: The key fingerprint is:\r\r\n[   42.403950] cloud-init[931]: SHA256:jmxcrLPKYFWfYRTfzZrraLFTh4KUI0OnI0jPgbBsMcE root@xplatvmStSp\r\r\n[   42.404270] cloud-init[931]: The key's randomart image is:\r\r\n[   42.404539] cloud-init[931]: +---[DSA 1024]----+\r\r\n[   42.404798] cloud-init[931]: |o=..    o.       |\r\r\n[   42.405055] cloud-init[931]: |.E= . .... . o   |\r\r\n[   42.405313] cloud-init[931]: |.+ + o.oo.. . o  |\r\r\n[   42.405579] cloud-init[931]: |. . +.=++o   o   |\r\r\n[   42.405975] cloud-init[931]: |    .. =So  o.   |\r\r\n[   42.406251] cloud-init[931]: |   . o =. o o..  |\r\r\n[   42.406515] cloud-init[931]: |  o   B .  =..   |\r\r\n[   42.406776] cloud-init[931]: | . o . o  +o     |\r\r\n[   42.407034] cloud-init[931]: |    o..  ....    |\r\r\n[   42.408053] cloud-init[931]: +----[SHA256]-----+\r\r\n[   42.408425] cloud-init[931]: Generating public/private ecdsa ke\u0000\u0000\u0000\u0000\u0000\u0000\u0000\u0000\u0000\u0000\u0000\u0000\u0000\u0000\u0000\u0000\u0000\u0000\u0000\u0000\u0000\u0000\u0000\u0000\u0000\u0000\u0000\u0000\u0000\u0000\u0000\u0000\u0000\u0000\u0000\u0000\u0000\u0000\u0000\u0000\u0000\u0000\u0000\u0000\u0000\u0000\u0000\u0000\u0000\u0000\u0000\u0000\u0000\u0000\u0000\u0000\u0000\u0000\u0000\u0000\u0000\u0000\u0000\u0000\u0000\u0000\u0000\u0000\u0000\u0000\u0000\u0000\u0000\u0000\u0000\u0000\u0000\u0000\u0000\u0000\u0000\u0000\u0000\u0000\u0000\u0000\u0000\u0000\u0000\u0000\u0000\u0000\u0000\u0000\u0000\u0000\u0000\u0000\u0000\u0000\u0000\u0000\u0000\u0000\u0000\u0000\u0000\u0000\u0000\u0000\u0000\u0000\u0000\u0000\u0000\u0000\u0000\u0000\u0000\u0000\u0000\u0000\u0000\u0000\u0000\u0000\u0000\u0000\u0000\u0000\u0000\u0000\u0000\u0000\u0000\u0000\u0000\u0000\u0000\u0000\u0000\u0000\u0000\u0000\u0000\u0000\u0000\u0000\u0000\u0000\u0000\u0000\u0000\u0000\u0000\u0000\u0000\u0000\u0000\u0000\u0000\u0000\u0000\u0000\u0000\u0000\u0000\u0000\u0000\u0000\u0000\u0000\u0000\u0000\u0000\u0000\u0000\u0000\u0000\u0000\u0000\u0000\u0000\u0000\u0000\u0000\u0000\u0000\u0000\u0000\u0000\u0000\u0000\u0000\u0000\u0000\u0000\u0000\u0000\u0000\u0000\u0000\u0000\u0000\u0000\u0000\u0000\u0000\u0000\u0000\u0000\u0000\u0000\u0000\u0000\u0000\u0000\u0000\u0000\u0000\u0000\u0000\u0000\u0000\u0000\u0000\u0000\u0000\u0000\u0000\u0000\u0000\u0000\u0000\u0000\u0000\u0000\u0000\u0000\u0000\u0000\u0000\u0000\u0000\u0000\u0000\u0000\u0000\u0000\u0000\u0000\u0000\u0000\u0000\u0000\u0000\u0000\u0000\u0000\u0000\u0000\u0000\u0000\u0000\u0000\u0000\u0000\u0000\u0000\u0000\u0000", { 'content-length': '54784',
  'content-type': 'text/plain',
  'last-modified': 'Tue, 15 Mar 2016 06:11:56 GMT',
  'accept-ranges': 'bytes',
  etag: '"0x8D34C98B5FA3DEB"',
  server: 'Windows-Azure-Blob/1.0 Microsoft-HTTPAPI/2.0',
  'x-ms-request-id': 'fcd954d9-0001-0114-3781-7e4d7e000000',
  'x-ms-version': '2015-02-21',
  'x-ms-lease-status': 'unlocked',
  'x-ms-lease-state': 'available',
  'x-ms-blob-type': 'PageBlob',
  'x-ms-blob-sequence-number': '0',
  date: 'Tue, 15 Mar 2016 06:12:06 GMT',
  connection: 'close' });
 return result; },
function (nock) { 
var result = 
nock('https://xplattstoragestsp6774.blob.core.windows.net:443')
  .get('/bootdiagnostics-xplatvmst-db8a9e2e-f5fe-426d-b175-8ece58c9bf77/xplatvmStSp.db8a9e2e-f5fe-426d-b175-8ece58c9bf77.serialconsole.log')
