// This file has been autogenerated.

var profile = require('../../../lib/util/profile');

exports.getMockedProfile = function () {
  var newProfile = new profile.Profile();

  newProfile.addSubscription(new profile.Subscription({
    id: '2c224e7e-3ef5-431d-a57b-e71f4662e3a6',
    name: 'Node CLI Test',
    user: {
      name: 'user@domain.example',
      type: 'user'
    },
    tenantId: '72f988bf-86f1-41af-91ab-2d7cd011db47',
    state: 'Enabled',
    registeredProviders: [],
    _eventsCount: '1',
    isDefault: true
  }, newProfile.environments['AzureCloud']));

  return newProfile;
};

exports.setEnvironment = function() {
  process.env['AZURE_VM_TEST_LOCATION'] = 'eastus';
  process.env['SSHCERT'] = 'test/myCert.pem';
};

exports.scopes = [[function (nock) { 
var result = 
nock('http://management.azure.com:443')
  .get('/subscriptions/2c224e7e-3ef5-431d-a57b-e71f4662e3a6/resourceGroups/xplatTestGVMStart/providers/Microsoft.Compute/virtualMachines/xplatvmStSp?$expand=instanceView&api-version=2016-03-30')
  .reply(200, "{\r\n  \"properties\": {\r\n    \"vmId\": \"2130142c-e0eb-45a4-bcd3-4c0d839cc10e\",\r\n    \"hardwareProfile\": {\r\n      \"vmSize\": \"Standard_DS1\"\r\n    },\r\n    \"storageProfile\": {\r\n      \"imageReference\": {\r\n        \"publisher\": \"canonical\",\r\n        \"offer\": \"UbuntuServer\",\r\n        \"sku\": \"15.10\",\r\n        \"version\": \"15.10.201602040\"\r\n      },\r\n      \"osDisk\": {\r\n        \"osType\": \"Linux\",\r\n        \"name\": \"cliea188a0b5692cd5c-os-1463476453969\",\r\n        \"createOption\": \"FromImage\",\r\n        \"vhd\": {\r\n          \"uri\": \"https://xplattstoragestsp6202.blob.core.windows.net/xplatteststoragecntstsp/cliea188a0b5692cd5c-os-1463476453969.vhd\"\r\n        },\r\n        \"caching\": \"ReadWrite\"\r\n      },\r\n      \"dataDisks\": []\r\n    },\r\n    \"osProfile\": {\r\n      \"computerName\": \"xplatvmStSp\",\r\n      \"adminUsername\": \"azureuser\",\r\n      \"linuxConfiguration\": {\r\n        \"disablePasswordAuthentication\": false,\r\n        \"ssh\": {\r\n          \"publicKeys\": [\r\n            {\r\n              \"path\": \"/home/azureuser/.ssh/authorized_keys\",\r\n              \"keyData\": \"MIID/zCCAuegAwIBAgIJAMUAa+XVLvAeMA0GCSqGSIb3DQEBBQUAMIGVMQswCQYD\\r\\nVQQGEwJJbjESMBAGA1UECAwJS2FybmF0YWthMRIwEAYDVQQHDAlCYW5nYWxvcmUx\\r\\nEDAOBgNVBAoMB2JyaWxsaW8xEjAQBgNVBAsMCW1pY3Jvc29mdDEQMA4GA1UEAwwH\\r\\nYnJpbGxpbzEmMCQGCSqGSIb3DQEJARYXc3JlZWthbnRoYnNAeWFob28uY28uaW4w\\r\\nHhcNMTUwMzA1MTE1MzEyWhcNMTYwMzA0MTE1MzEyWjCBlTELMAkGA1UEBhMCSW4x\\r\\nEjAQBgNVBAgMCUthcm5hdGFrYTESMBAGA1UEBwwJQmFuZ2Fsb3JlMRAwDgYDVQQK\\r\\nDAdicmlsbGlvMRIwEAYDVQQLDAltaWNyb3NvZnQxEDAOBgNVBAMMB2JyaWxsaW8x\\r\\nJjAkBgkqhkiG9w0BCQEWF3NyZWVrYW50aGJzQHlhaG9vLmNvLmluMIIBIjANBgkq\\r\\nhkiG9w0BAQEFAAOCAQ8AMIIBCgKCAQEAyUNKaOuT0NK+S8Ck81zy9xJ6hXfZvAC6\\r\\nlhbmf/6s/WVimJ/TX5NMhQJwC9k6ZIF92KfYrojHNvHDufSZ3EtKUVwRFCDjmgMT\\r\\nDL09WkGaZt7gROYFK0iZ4KrYGovUwlwum9fHB24OJiOV4bi0ek62/rHx9fjYZpvp\\r\\naIH2PV/hN8SCZ0x7HJMberD4gVoU/Kv42nNvwjLUW6IZfVx/Gv5OeFDtWHfSvUEF\\r\\ndadHKTPn3Ab20Iu6gZIbLO9Vuf38/IpaYGfnFCouHdzmiTiLieYNe3CUPcOJNSv7\\r\\n1G8KYpx3uNJRkJPab5OsRyJw75Gvzkr9OgaPss9tVD6Gt68u3WQtVQIDAQABo1Aw\\r\\nTjAdBgNVHQ4EFgQUogvhXB+xZ2JJPfLO6cVs4ForzscwHwYDVR0jBBgwFoAUogvh\\r\\nXB+xZ2JJPfLO6cVs4ForzscwDAYDVR0TBAUwAwEB/zANBgkqhkiG9w0BAQUFAAOC\\r\\nAQEAdDj7qUNJ45xlF5cjd+4x5NHvAD1VTjOKu+Xh/uzSSjXqB2F0aOMWA9lx0qaQ\\r\\noJgHkGxj3zz/W7ik/cVGL2O+vRIOKv/y0OPogEmS3Hw+P+O6OGE7x1G6YN0zLVoL\\r\\nu4BN/BEYmjttxM9I7qqL7C5cJoE+K3s/w1/pt/68ohJcr7F9Ohi7cso62xuGY1Rm\\r\\nksAh2EUDsU9JV/P+C9AMpLSrb03JJYzVj4w1RHbrmw2AjFyGXdQYkggyXisg+Ifr\\r\\n5gbNN7HigpHf7b2i3CQBUqp9m23frh5AhnLI2qp3UXgc52U5ieLdi/t6j0TTZqqY\\r\\nHhHqofKrj938HHlBNpC5/LVh3w==\\r\\n\"\r\n            }\r\n          ]\r\n        }\r\n      },\r\n      \"secrets\": []\r\n    },\r\n    \"networkProfile\": {\"networkInterfaces\":[{\"id\":\"/subscriptions/2c224e7e-3ef5-431d-a57b-e71f4662e3a6/resourceGroups/xplatTestGVMStart/providers/Microsoft.Network/networkInterfaces/xplattestnicStSp\"}]},\r\n    \"diagnosticsProfile\": {\r\n      \"bootDiagnostics\": {\r\n        \"enabled\": true,\r\n        \"storageUri\": \"https://xplattstoragestsp6202.blob.core.windows.net/\"\r\n      }\r\n    },\r\n    \"provisioningState\": \"Succeeded\",\r\n    \"instanceView\": {\r\n      \"vmAgent\": {\r\n        \"vmAgentVersion\": \"2.1.2\",\r\n        \"statuses\": [\r\n          {\r\n            \"code\": \"ProvisioningState/succeeded\",\r\n            \"level\": \"Info\",\r\n            \"displayStatus\": \"Ready\",\r\n            \"message\": \"Guest Agent is running\",\r\n            \"time\": \"2016-05-17T09:18:45+00:00\"\r\n          }\r\n        ],\r\n        \"extensionHandlers\": []\r\n      },\r\n      \"disks\": [\r\n        {\r\n          \"name\": \"cliea188a0b5692cd5c-os-1463476453969\",\r\n          \"statuses\": [\r\n            {\r\n              \"code\": \"ProvisioningState/succeeded\",\r\n              \"level\": \"Info\",\r\n              \"displayStatus\": \"Provisioning succeeded\",\r\n              \"time\": \"2016-05-17T09:17:01.7086581+00:00\"\r\n            }\r\n          ]\r\n        }\r\n      ],\r\n      \"bootDiagnostics\": {\r\n        \"consoleScreenshotBlobUri\": \"https://xplattstoragestsp6202.blob.core.windows.net/bootdiagnostics-xplatvmst-2130142c-e0eb-45a4-bcd3-4c0d839cc10e/xplatvmStSp.2130142c-e0eb-45a4-bcd3-4c0d839cc10e.screenshot.bmp\",\r\n        \"serialConsoleLogBlobUri\": \"https://xplattstoragestsp6202.blob.core.windows.net/bootdiagnostics-xplatvmst-2130142c-e0eb-45a4-bcd3-4c0d839cc10e/xplatvmStSp.2130142c-e0eb-45a4-bcd3-4c0d839cc10e.serialconsole.log\"\r\n      },\r\n      \"statuses\": [\r\n        {\r\n          \"code\": \"ProvisioningState/succeeded\",\r\n          \"level\": \"Info\",\r\n          \"displayStatus\": \"Provisioning succeeded\",\r\n          \"time\": \"2016-05-17T09:18:45.3182811+00:00\"\r\n        },\r\n        {\r\n          \"code\": \"PowerState/running\",\r\n          \"level\": \"Info\",\r\n          \"displayStatus\": \"VM running\"\r\n        }\r\n      ]\r\n    }\r\n  },\r\n  \"id\": \"/subscriptions/2c224e7e-3ef5-431d-a57b-e71f4662e3a6/resourceGroups/xplatTestGVMStart/providers/Microsoft.Compute/virtualMachines/xplatvmStSp\",\r\n  \"name\": \"xplatvmStSp\",\r\n  \"type\": \"Microsoft.Compute/virtualMachines\",\r\n  \"location\": \"eastus\",\r\n  \"tags\": {}\r\n}", { 'cache-control': 'no-cache',
  pragma: 'no-cache',
  'content-length': '4916',
  'content-type': 'application/json; charset=utf-8',
  expires: '-1',
  'strict-transport-security': 'max-age=31536000; includeSubDomains',
  'x-ms-served-by': 'f1952173-7412-4020-8c98-fffca6509750_131079294894362937',
  'x-ms-request-id': 'a3d54091-40b5-44cd-95f7-7c5ecedb7bbe',
  server: 'Microsoft-HTTPAPI/2.0, Microsoft-HTTPAPI/2.0',
  'x-ms-ratelimit-remaining-subscription-reads': '14997',
  'x-ms-correlation-request-id': 'db04c04f-0fce-44a9-96a0-c67fa9d22937',
  'x-ms-routing-request-id': 'WESTEUROPE:20160517T091908Z:db04c04f-0fce-44a9-96a0-c67fa9d22937',
  date: 'Tue, 17 May 2016 09:19:07 GMT',
  connection: 'close' });
 return result; },
function (nock) { 
var result = 
nock('https://management.azure.com:443')
  .get('/subscriptions/2c224e7e-3ef5-431d-a57b-e71f4662e3a6/resourceGroups/xplatTestGVMStart/providers/Microsoft.Compute/virtualMachines/xplatvmStSp?$expand=instanceView&api-version=2016-03-30')
  .reply(200, "{\r\n  \"properties\": {\r\n    \"vmId\": \"2130142c-e0eb-45a4-bcd3-4c0d839cc10e\",\r\n    \"hardwareProfile\": {\r\n      \"vmSize\": \"Standard_DS1\"\r\n    },\r\n    \"storageProfile\": {\r\n      \"imageReference\": {\r\n        \"publisher\": \"canonical\",\r\n        \"offer\": \"UbuntuServer\",\r\n        \"sku\": \"15.10\",\r\n        \"version\": \"15.10.201602040\"\r\n      },\r\n      \"osDisk\": {\r\n        \"osType\": \"Linux\",\r\n        \"name\": \"cliea188a0b5692cd5c-os-1463476453969\",\r\n        \"createOption\": \"FromImage\",\r\n        \"vhd\": {\r\n          \"uri\": \"https://xplattstoragestsp6202.blob.core.windows.net/xplatteststoragecntstsp/cliea188a0b5692cd5c-os-1463476453969.vhd\"\r\n        },\r\n        \"caching\": \"ReadWrite\"\r\n      },\r\n      \"dataDisks\": []\r\n    },\r\n    \"osProfile\": {\r\n      \"computerName\": \"xplatvmStSp\",\r\n      \"adminUsername\": \"azureuser\",\r\n      \"linuxConfiguration\": {\r\n        \"disablePasswordAuthentication\": false,\r\n        \"ssh\": {\r\n          \"publicKeys\": [\r\n            {\r\n              \"path\": \"/home/azureuser/.ssh/authorized_keys\",\r\n              \"keyData\": \"MIID/zCCAuegAwIBAgIJAMUAa+XVLvAeMA0GCSqGSIb3DQEBBQUAMIGVMQswCQYD\\r\\nVQQGEwJJbjESMBAGA1UECAwJS2FybmF0YWthMRIwEAYDVQQHDAlCYW5nYWxvcmUx\\r\\nEDAOBgNVBAoMB2JyaWxsaW8xEjAQBgNVBAsMCW1pY3Jvc29mdDEQMA4GA1UEAwwH\\r\\nYnJpbGxpbzEmMCQGCSqGSIb3DQEJARYXc3JlZWthbnRoYnNAeWFob28uY28uaW4w\\r\\nHhcNMTUwMzA1MTE1MzEyWhcNMTYwMzA0MTE1MzEyWjCBlTELMAkGA1UEBhMCSW4x\\r\\nEjAQBgNVBAgMCUthcm5hdGFrYTESMBAGA1UEBwwJQmFuZ2Fsb3JlMRAwDgYDVQQK\\r\\nDAdicmlsbGlvMRIwEAYDVQQLDAltaWNyb3NvZnQxEDAOBgNVBAMMB2JyaWxsaW8x\\r\\nJjAkBgkqhkiG9w0BCQEWF3NyZWVrYW50aGJzQHlhaG9vLmNvLmluMIIBIjANBgkq\\r\\nhkiG9w0BAQEFAAOCAQ8AMIIBCgKCAQEAyUNKaOuT0NK+S8Ck81zy9xJ6hXfZvAC6\\r\\nlhbmf/6s/WVimJ/TX5NMhQJwC9k6ZIF92KfYrojHNvHDufSZ3EtKUVwRFCDjmgMT\\r\\nDL09WkGaZt7gROYFK0iZ4KrYGovUwlwum9fHB24OJiOV4bi0ek62/rHx9fjYZpvp\\r\\naIH2PV/hN8SCZ0x7HJMberD4gVoU/Kv42nNvwjLUW6IZfVx/Gv5OeFDtWHfSvUEF\\r\\ndadHKTPn3Ab20Iu6gZIbLO9Vuf38/IpaYGfnFCouHdzmiTiLieYNe3CUPcOJNSv7\\r\\n1G8KYpx3uNJRkJPab5OsRyJw75Gvzkr9OgaPss9tVD6Gt68u3WQtVQIDAQABo1Aw\\r\\nTjAdBgNVHQ4EFgQUogvhXB+xZ2JJPfLO6cVs4ForzscwHwYDVR0jBBgwFoAUogvh\\r\\nXB+xZ2JJPfLO6cVs4ForzscwDAYDVR0TBAUwAwEB/zANBgkqhkiG9w0BAQUFAAOC\\r\\nAQEAdDj7qUNJ45xlF5cjd+4x5NHvAD1VTjOKu+Xh/uzSSjXqB2F0aOMWA9lx0qaQ\\r\\noJgHkGxj3zz/W7ik/cVGL2O+vRIOKv/y0OPogEmS3Hw+P+O6OGE7x1G6YN0zLVoL\\r\\nu4BN/BEYmjttxM9I7qqL7C5cJoE+K3s/w1/pt/68ohJcr7F9Ohi7cso62xuGY1Rm\\r\\nksAh2EUDsU9JV/P+C9AMpLSrb03JJYzVj4w1RHbrmw2AjFyGXdQYkggyXisg+Ifr\\r\\n5gbNN7HigpHf7b2i3CQBUqp9m23frh5AhnLI2qp3UXgc52U5ieLdi/t6j0TTZqqY\\r\\nHhHqofKrj938HHlBNpC5/LVh3w==\\r\\n\"\r\n            }\r\n          ]\r\n        }\r\n      },\r\n      \"secrets\": []\r\n    },\r\n    \"networkProfile\": {\"networkInterfaces\":[{\"id\":\"/subscriptions/2c224e7e-3ef5-431d-a57b-e71f4662e3a6/resourceGroups/xplatTestGVMStart/providers/Microsoft.Network/networkInterfaces/xplattestnicStSp\"}]},\r\n    \"diagnosticsProfile\": {\r\n      \"bootDiagnostics\": {\r\n        \"enabled\": true,\r\n        \"storageUri\": \"https://xplattstoragestsp6202.blob.core.windows.net/\"\r\n      }\r\n    },\r\n    \"provisioningState\": \"Succeeded\",\r\n    \"instanceView\": {\r\n      \"vmAgent\": {\r\n        \"vmAgentVersion\": \"2.1.2\",\r\n        \"statuses\": [\r\n          {\r\n            \"code\": \"ProvisioningState/succeeded\",\r\n            \"level\": \"Info\",\r\n            \"displayStatus\": \"Ready\",\r\n            \"message\": \"Guest Agent is running\",\r\n            \"time\": \"2016-05-17T09:18:45+00:00\"\r\n          }\r\n        ],\r\n        \"extensionHandlers\": []\r\n      },\r\n      \"disks\": [\r\n        {\r\n          \"name\": \"cliea188a0b5692cd5c-os-1463476453969\",\r\n          \"statuses\": [\r\n            {\r\n              \"code\": \"ProvisioningState/succeeded\",\r\n              \"level\": \"Info\",\r\n              \"displayStatus\": \"Provisioning succeeded\",\r\n              \"time\": \"2016-05-17T09:17:01.7086581+00:00\"\r\n            }\r\n          ]\r\n        }\r\n      ],\r\n      \"bootDiagnostics\": {\r\n        \"consoleScreenshotBlobUri\": \"https://xplattstoragestsp6202.blob.core.windows.net/bootdiagnostics-xplatvmst-2130142c-e0eb-45a4-bcd3-4c0d839cc10e/xplatvmStSp.2130142c-e0eb-45a4-bcd3-4c0d839cc10e.screenshot.bmp\",\r\n        \"serialConsoleLogBlobUri\": \"https://xplattstoragestsp6202.blob.core.windows.net/bootdiagnostics-xplatvmst-2130142c-e0eb-45a4-bcd3-4c0d839cc10e/xplatvmStSp.2130142c-e0eb-45a4-bcd3-4c0d839cc10e.serialconsole.log\"\r\n      },\r\n      \"statuses\": [\r\n        {\r\n          \"code\": \"ProvisioningState/succeeded\",\r\n          \"level\": \"Info\",\r\n          \"displayStatus\": \"Provisioning succeeded\",\r\n          \"time\": \"2016-05-17T09:18:45.3182811+00:00\"\r\n        },\r\n        {\r\n          \"code\": \"PowerState/running\",\r\n          \"level\": \"Info\",\r\n          \"displayStatus\": \"VM running\"\r\n        }\r\n      ]\r\n    }\r\n  },\r\n  \"id\": \"/subscriptions/2c224e7e-3ef5-431d-a57b-e71f4662e3a6/resourceGroups/xplatTestGVMStart/providers/Microsoft.Compute/virtualMachines/xplatvmStSp\",\r\n  \"name\": \"xplatvmStSp\",\r\n  \"type\": \"Microsoft.Compute/virtualMachines\",\r\n  \"location\": \"eastus\",\r\n  \"tags\": {}\r\n}", { 'cache-control': 'no-cache',
  pragma: 'no-cache',
  'content-length': '4916',
  'content-type': 'application/json; charset=utf-8',
  expires: '-1',
  'strict-transport-security': 'max-age=31536000; includeSubDomains',
  'x-ms-served-by': 'f1952173-7412-4020-8c98-fffca6509750_131079294894362937',
  'x-ms-request-id': 'a3d54091-40b5-44cd-95f7-7c5ecedb7bbe',
  server: 'Microsoft-HTTPAPI/2.0, Microsoft-HTTPAPI/2.0',
  'x-ms-ratelimit-remaining-subscription-reads': '14997',
  'x-ms-correlation-request-id': 'db04c04f-0fce-44a9-96a0-c67fa9d22937',
  'x-ms-routing-request-id': 'WESTEUROPE:20160517T091908Z:db04c04f-0fce-44a9-96a0-c67fa9d22937',
  date: 'Tue, 17 May 2016 09:19:07 GMT',
  connection: 'close' });
 return result; },
function (nock) { 
var result = 
nock('http://management.azure.com:443')
  .post('/subscriptions/2c224e7e-3ef5-431d-a57b-e71f4662e3a6/resourceGroups/xplatTestGVMStart/providers/Microsoft.Storage/storageAccounts/xplattstoragestsp6202/listKeys?api-version=2016-01-01')
  .reply(200, "{\"keys\":[{\"keyName\":\"key1\",\"permissions\":\"Full\",\"value\":\"S+SLECQ19fRNFFELDfW95ZWfbJPOpkAUI45GZou/jHiw1q5EBETKFjLjB40y23OtdJZQPVUW2o33xf7a0L0xMQ==\"},{\"keyName\":\"key2\",\"permissions\":\"Full\",\"value\":\"AebTeLEIamGDcw1ilvuM9spA21VG8rG5MhHb8g0XbPv7MwfykX9FNlKkhN0uIaagmblJuSiFL2y+NIGftbYf4g==\"}]}\n", { 'cache-control': 'no-cache',
  pragma: 'no-cache',
  'content-length': '289',
  'content-type': 'application/json',
  expires: '-1',
  'x-ms-request-id': 'c65a75ce-c727-4c87-b78b-6ac5c52a81c1',
  server: 'Microsoft-Azure-Storage-Resource-Provider/1.0, Microsoft-HTTPAPI/2.0',
  'x-ms-ratelimit-remaining-subscription-writes': '1199',
  'x-ms-correlation-request-id': 'c65a75ce-c727-4c87-b78b-6ac5c52a81c1',
  'x-ms-routing-request-id': 'WESTEUROPE:20160517T091908Z:c65a75ce-c727-4c87-b78b-6ac5c52a81c1',
  'strict-transport-security': 'max-age=31536000; includeSubDomains',
  date: 'Tue, 17 May 2016 09:19:08 GMT',
  connection: 'close' });
 return result; },
function (nock) { 
var result = 
nock('https://management.azure.com:443')
  .post('/subscriptions/2c224e7e-3ef5-431d-a57b-e71f4662e3a6/resourceGroups/xplatTestGVMStart/providers/Microsoft.Storage/storageAccounts/xplattstoragestsp6202/listKeys?api-version=2016-01-01')
  .reply(200, "{\"keys\":[{\"keyName\":\"key1\",\"permissions\":\"Full\",\"value\":\"S+SLECQ19fRNFFELDfW95ZWfbJPOpkAUI45GZou/jHiw1q5EBETKFjLjB40y23OtdJZQPVUW2o33xf7a0L0xMQ==\"},{\"keyName\":\"key2\",\"permissions\":\"Full\",\"value\":\"AebTeLEIamGDcw1ilvuM9spA21VG8rG5MhHb8g0XbPv7MwfykX9FNlKkhN0uIaagmblJuSiFL2y+NIGftbYf4g==\"}]}\n", { 'cache-control': 'no-cache',
  pragma: 'no-cache',
  'content-length': '289',
  'content-type': 'application/json',
  expires: '-1',
  'x-ms-request-id': 'c65a75ce-c727-4c87-b78b-6ac5c52a81c1',
  server: 'Microsoft-Azure-Storage-Resource-Provider/1.0, Microsoft-HTTPAPI/2.0',
  'x-ms-ratelimit-remaining-subscription-writes': '1199',
  'x-ms-correlation-request-id': 'c65a75ce-c727-4c87-b78b-6ac5c52a81c1',
  'x-ms-routing-request-id': 'WESTEUROPE:20160517T091908Z:c65a75ce-c727-4c87-b78b-6ac5c52a81c1',
  'strict-transport-security': 'max-age=31536000; includeSubDomains',
  date: 'Tue, 17 May 2016 09:19:08 GMT',
  connection: 'close' });
 return result; },
function (nock) { 
var result = 
nock('http://xplattstoragestsp6202.blob.core.windows.net:443')
  .head('/bootdiagnostics-xplatvmst-2130142c-e0eb-45a4-bcd3-4c0d839cc10e/xplatvmStSp.2130142c-e0eb-45a4-bcd3-4c0d839cc10e.serialconsole.log')
  .reply(200, "", { 'content-length': '50176',
  'content-type': 'text/plain',
  'last-modified': 'Tue, 17 May 2016 09:18:37 GMT',
  'accept-ranges': 'bytes',
  etag: '"0x8D37E343AD0CE1C"',
  server: 'Windows-Azure-Blob/1.0 Microsoft-HTTPAPI/2.0',
  'x-ms-request-id': '227ee4b3-0001-0036-321d-b06b9f000000',
  'x-ms-version': '2015-02-21',
  'x-ms-write-protection': 'false',
  'x-ms-lease-status': 'unlocked',
  'x-ms-lease-state': 'available',
  'x-ms-blob-type': 'PageBlob',
  'x-ms-blob-sequence-number': '0',
  date: 'Tue, 17 May 2016 09:19:12 GMT',
  connection: 'close' });
 return result; },
function (nock) { 
var result = 
nock('https://xplattstoragestsp6202.blob.core.windows.net:443')
  .head('/bootdiagnostics-xplatvmst-2130142c-e0eb-45a4-bcd3-4c0d839cc10e/xplatvmStSp.2130142c-e0eb-45a4-bcd3-4c0d839cc10e.serialconsole.log')
  .reply(200, "", { 'content-length': '50176',
  'content-type': 'text/plain',
  'last-modified': 'Tue, 17 May 2016 09:18:37 GMT',
  'accept-ranges': 'bytes',
  etag: '"0x8D37E343AD0CE1C"',
  server: 'Windows-Azure-Blob/1.0 Microsoft-HTTPAPI/2.0',
  'x-ms-request-id': '227ee4b3-0001-0036-321d-b06b9f000000',
  'x-ms-version': '2015-02-21',
  'x-ms-write-protection': 'false',
  'x-ms-lease-status': 'unlocked',
  'x-ms-lease-state': 'available',
  'x-ms-blob-type': 'PageBlob',
  'x-ms-blob-sequence-number': '0',
  date: 'Tue, 17 May 2016 09:19:12 GMT',
  connection: 'close' });
 return result; },
function (nock) { 
var result = 
nock('http://xplattstoragestsp6202.blob.core.windows.net:443')
  .get('/bootdiagnostics-xplatvmst-2130142c-e0eb-45a4-bcd3-4c0d839cc10e/xplatvmStSp.2130142c-e0eb-45a4-bcd3-4c0d839cc10e.serialconsole.log')
  .reply(200, "\u001b[H\u001b[J\u001b[1;1H[    0.000000] Initializing cgroup subsys cpuset\r\n[    0.000000] Initializing cgroup subsys cpu\r\n[    0.000000] Initializing cgroup subsys cpuacct\r\n[    0.000000] Linux version 4.2.0-27-generic (buildd@lgw01-12) (gcc version 5.2.1 20151010 (Ubuntu 5.2.1-22ubuntu2) ) #32-Ubuntu SMP Fri Jan 22 04:49:08 UTC 2016 (Ubuntu 4.2.0-27.32-generic 4.2.8-ckt1)\r\n[    0.000000] Command line: BOOT_IMAGE=/boot/vmlinuz-4.2.0-27-generic root=UUID=00dbac90-0d84-46e7-b813-31837bb7b225 ro console=tty1 console=ttyS0 earlyprintk=ttyS0 rootdelay=300\r\n[    0.000000] KERNEL supported cpus:\r\n[    0.000000]   Intel GenuineIntel\r\n[    0.000000]   AMD AuthenticAMD\r\n[    0.000000]   Centaur CentaurHauls\r\n[    0.000000] x86/fpu: xstate_offset[2]: 0240, xstate_sizes[2]: 0100\r\n[    0.000000] x86/fpu: Supporting XSAVE feature 0x01: 'x87 floating point registers'\r\n[    0.000000] x86/fpu: Supporting XSAVE feature 0x02: 'SSE registers'\r\n[    0.000000] x86/fpu: Supporting XSAVE feature 0x04: 'AVX registers'\r\n[    0.000000] x86/fpu: Enabled xstate features 0x7, context size is 0x340 bytes, using 'standard' format.\r\n[    0.000000] x86/fpu: Using 'eager' FPU context switches.\r\n[    0.000000] e820: BIOS-provided physical RAM map:\r\n[    0.000000] BIOS-e820: [mem 0x0000000000000000-0x000000000009fbff] usable\r\n[    0.000000] BIOS-e820: [mem 0x000000000009fc00-0x000000000009ffff] reserved\r\n[    0.000000] BIOS-e820: [mem 0x00000000000e0000-0x00000000000fffff] reserved\r\n[    0.000000] BIOS-e820: [mem 0x0000000000100000-0x000000001ffeffff] usable\r\n[    0.000000] BIOS-e820: [mem 0x000000001fff0000-0x000000001fffefff] ACPI data\r\n[    0.000000] BIOS-e820: [mem 0x000000001ffff000-0x000000001fffffff] ACPI NVS\r\n[    0.000000] BIOS-e820: [mem 0x0000000100000000-0x00000001bfffffff] usable\r\n[    0.000000] bootconsole [earlyser0] enabled\r\n[    0.000000] NX (Execute Disable) protection: active\r\n[    0.000000] SMBIOS 2.3 present.\r\n[    0.000000] Hypervisor detected: Microsoft HyperV\r\n[    0.000000] HyperV: features 0xe7f, hints 0x2c\r\n[    0.000000] HyperV: LAPIC Timer Frequency: 0xc3500\r\n[    0.000000] clocksource: hyperv_clocksource: mask: 0xffffffffffffffff max_cycles: 0x24e6a1710, max_idle_ns: 440795202120 ns\r\n[    0.000000] tsc: Marking TSC unstable due to running on Hyper-V\r\n[    0.000000] e820: last_pfn = 0x1c0000 max_arch_pfn = 0x400000000\r\n[    0.000000] x86/PAT: Configuration [0-7]: WB  WC  UC- UC  WB  WC  UC- WT  \r\n[    0.000000] e820: last_pfn = 0x1fff0 max_arch_pfn = 0x400000000\r\n[    0.000000] found SMP MP-table at [mem 0x000ff780-0x000ff78f] mapped at [ffff8800000ff780]\r\n[    0.000000] Scanning 1 areas for low memory corruption\r\n[    0.000000] init_memory_mapping: [mem 0x00000000-0x000fffff]\r\n[    0.000000] init_memory_mapping: [mem 0x1bfe00000-0x1bfffffff]\r\n[    0.000000] init_memory_mapping: [mem 0x1a0000000-0x1bfdfffff]\r\n[    0.000000] init_memory_mapping: [mem 0x00100000-0x1ffeffff]\r\n[    0.000000] init_memory_mapping: [mem 0x100000000-0x19fffffff]\r\n[    0.000000] RAMDISK: [mem 0x1d9ee000-0x1f7b1fff]\r\n[    0.000000] ACPI: Early table checksum verification disabled\r\n[    0.000000] ACPI: RSDP 0x00000000000F56F0 000014 (v00 ACPIAM)\r\n[    0.000000] ACPI: RSDT 0x000000001FFF0000 000040 (v01 VRTUAL MICROSFT 05001223 MSFT 00000097)\r\n[    0.000000] ACPI: FACP 0x000000001FFF0200 000081 (v02 VRTUAL MICROSFT 05001223 MSFT 00000097)\r\n[    0.000000] ACPI: DSDT 0x000000001FFF1724 002E78 (v01 MSFTVM MSFTVM02 00000002 INTL 02002026)\r\n[    0.000000] ACPI: FACS 0x000000001FFFF000 000040\r\n[    0.000000] ACPI: WAET 0x000000001FFF1480 000028 (v01 VRTUAL MICROSFT 05001223 MSFT 00000097)\r\n[    0.000000] ACPI: SLIC 0x000000001FFF14C0 000176 (v01 VRTUAL MICROSFT 05001223 MSFT 00000097)\r\n[    0.000000] ACPI: OEM0 0x000000001FFF16C0 000064 (v01 VRTUAL MICROSFT 05001223 MSFT 00000097)\r\n[    0.000000] ACPI: SRAT 0x000000001FFF0600 000090 (v02 VRTUAL MICROSFT 00000001 MSFT 00000001)\r\n[    0.000000] ACPI: APIC 0x000000001FFF0300 00024C (v01 VRTUAL MICROSFT 05001223 MSFT 00000097)\r\n[    0.000000] ACPI: OEMB 0x000000001FFFF040 000064 (v01 VRTUAL MICROSFT 05001223 MSFT 00000097)\r\n[    0.000000] SRAT: PXM 0 -> APIC 0x00 -> Node 0\r\n[    0.000000] SRAT: Node 0 PXM 0 [mem 0x00000000-0x1fffffff]\r\n[    0.000000] SRAT: Node 0 PXM 0 [mem 0x100000000-0x1bfffffff]\r\n[    0.000000] NUMA: Node 0 [mem 0x00000000-0x1fffffff] + [mem 0x100000000-0x1bfffffff] -> [mem 0x00000000-0x1bfffffff]\r\n[    0.000000] NODE_DATA(0) allocated [mem 0x1bfffa000-0x1bfffefff]\r\n[    0.000000] Zone ranges:\r\n[    0.000000]   DMA      [mem 0x0000000000001000-0x0000000000ffffff]\r\n[    0.000000]   DMA32    [mem 0x0000000001000000-0x00000000ffffffff]\r\n[    0.000000]   Normal   [mem 0x0000000100000000-0x00000001bfffffff]\r\n[    0.000000] Movable zone start for each node\r\n[    0.000000] Early memory node ranges\r\n[    0.000000]   node   0: [mem 0x0000000000001000-0x000000000009efff]\r\n[    0.000000]   node   0: [mem 0x0000000000100000-0x000000001ffeffff]\r\n[    0.000000]   node   0: [mem 0x0000000100000000-0x00000001bfffffff]\r\n[    0.000000] Initmem setup node 0 [mem 0x0000000000001000-0x00000001bfffffff]\r\n[    0.000000] ACPI: PM-Timer IO Port: 0x408\r\n[    0.000000] IOAPIC[0]: apic_id 0, version 17, address 0xfec00000, GSI 0-23\r\n[    0.000000] ACPI: INT_SRC_OVR (bus 0 bus_irq 0 global_irq 2 dfl dfl)\r\n[    0.000000] ACPI: INT_SRC_OVR (bus 0 bus_irq 9 global_irq 9 high level)\r\n[    0.000000] Using ACPI (MADT) for SMP configuration information\r\n[    0.000000] smpboot: Allowing 64 CPUs, 63 hotplug CPUs\r\n[    0.000000] PM: Registered nosave memory: [mem 0x00000000-0x00000fff]\r\n[    0.000000] PM: Registered nosave memory: [mem 0x0009f000-0x0009ffff]\r\n[    0.000000] PM: Registered nosave memory: [mem 0x000a0000-0x000dffff]\r\n[    0.000000] PM: Registered nosave memory: [mem 0x000e0000-0x000fffff]\r\n[    0.000000] PM: Registered nosave memory: [mem 0x1fff0000-0x1fffefff]\r\n[    0.000000] PM: Registered nosave memory: [mem 0x1ffff000-0x1fffffff]\r\n[    0.000000] PM: Registered nosave memory: [mem 0x20000000-0xffffffff]\r\n[    0.000000] e820: [mem 0x20000000-0xffffffff] available for PCI devices\r\n[    0.000000] Booting paravirtualized kernel on bare hardware\r\n[    0.000000] clocksource: refined-jiffies: mask: 0xffffffff max_cycles: 0xffffffff, max_idle_ns: 7645519600211568 ns\r\n[    0.000000] setup_percpu: NR_CPUS:256 nr_cpumask_bits:256 nr_cpu_ids:64 nr_node_ids:1\r\n[    0.000000] PERCPU: Embedded 33 pages/cpu @ffff8801bae00000 s96728 r8192 d30248 u262144\r\n[    0.000000] Built 1 zonelists in Node order, mobility grouping on.  Total pages: 903033\r\n[    0.000000] Policy zone: Normal\r\n[    0.000000] Kernel command line: BOOT_IMAGE=/boot/vmlinuz-4.2.0-27-generic root=UUID=00dbac90-0d84-46e7-b813-31837bb7b225 ro console=tty1 console=ttyS0 earlyprintk=ttyS0 rootdelay=300\r\n[    0.000000] log_buf_len individual max cpu contribution: 4096 bytes\r\n[    0.000000] log_buf_len total cpu_extra contributions: 258048 bytes\r\n[    0.000000] log_buf_len min size: 262144 bytes\r\n[    0.000000] log_buf_len: 524288 bytes\r\n[    0.000000] early log buf free: 252360(96%)\r\n[    0.000000] PID hash table entries: 4096 (order: 3, 32768 bytes)\r\n[    0.000000] Memory: 3490024K/3669560K available (8154K kernel code, 1238K rwdata, 3804K rodata, 1460K init, 1292K bss, 179536K reserved, 0K cma-reserved)\r\n[    0.000000] SLUB: HWalign=64, Order=0-3, MinObjects=0, CPUs=64, Nodes=1\r\n[    0.000000] Hierarchical RCU implementation.\r\n[    0.000000] \tBuild-time adjustment of leaf fanout to 64.\r\n[    0.000000] \tRCU restricting CPUs from NR_CPUS=256 to nr_cpu_ids=64.\r\n[    0.000000] RCU: Adjusting geometry for rcu_fanout_leaf=64, nr_cpu_ids=64\r\n[    0.000000] NR_IRQS:16640 nr_irqs:936 16\r\n[    0.000000] \tOffload RCU callbacks from all CPUs\r\n[    0.000000] \tOffload RCU callbacks from CPUs: 0-63.\r\n[    0.000000] Console: colour VGA+ 80x25\r\n[    0.000000] console [tty1] enabled\r\n[    0.000000] console [ttyS0] enabled\r\n[    0.000000] console [ttyS0] enabled\r\n[    0.000000] bootconsole [earlyser0] disabled\r\n[    0.000000] bootconsole [earlyser0] disabled\r\n[    0.000000] tsc: Fast TSC calibration failed\r\n[    0.000000] tsc: Unable to calibrate against PIT\r\n[    0.000000] tsc: using PMTIMER reference calibration\r\n[    0.000000] tsc: Detected 2194.699 MHz processor\r\n[    0.016043] Calibrating delay loop (skipped), value calculated using timer frequency.. 4389.39 BogoMIPS (lpj=8778796)\r\n[    0.021329] pid_max: default: 65536 minimum: 512\r\n[    0.024033] ACPI: Core revision 20150619\r\n[    0.027310] ACPI: All ACPI Tables successfully acquired\r\n[    0.030282] Security Framework initialized\r\n[    0.032066] AppArmor: AppArmor initialized\r\n[    0.033524] Yama: becoming mindful.\r\n[    0.035231] Dentry cache hash table entries: 524288 (order: 10, 4194304 bytes)\r\n[    0.036949] Inode-cache hash table entries: 262144 (order: 9, 2097152 bytes)\r\n[    0.040430] Mount-cache hash table entries: 8192 (order: 4, 65536 bytes)\r\n[    0.042140] Mountpoint-cache hash table entries: 8192 (order: 4, 65536 bytes)\r\n[    0.044317] Initializing cgroup subsys blkio\r\n[    0.045816] Initializing cgroup subsys memory\r\n[    0.047350] Initializing cgroup subsys devices\r\n[    0.048021] Initializing cgroup subsys freezer\r\n[    0.049547] Initializing cgroup subsys net_cls\r\n[    0.052031] Initializing cgroup subsys perf_event\r\n[    0.053488] Initializing cgroup subsys net_prio\r\n[    0.055111] Initializing cgroup subsys hugetlb\r\n[    0.056107] mce: CPU supports 1 MCE banks\r\n[    0.057547] Last level iTLB entries: 4KB 512, 2MB 8, 4MB 8\r\n[    0.060023] Last level dTLB entries: 4KB 512, 2MB 32, 4MB 32, 1GB 0\r\n[    0.087888] ftrace: allocating 30933 entries in 121 pages\r\n[    0.100195] Switched APIC routing to physical flat.\r\n[    0.119329] ..TIMER: vector=0x30 apic1=0 pin1=2 apic2=-1 pin2=-1\r\n[    0.120147] smpboot: CPU0: Intel(R) Xeon(R) CPU E5-2660 0 @ 2.20GHz (fam: 06, model: 2d, stepping: 07)\r\n[    0.124037] Performance Events: unsupported p6 CPU model 45 no PMU driver, software events only.\r\n[    0.129353] x86: Booted up 1 node, 1 CPUs\r\n[    0.131063] smpboot: Total of 1 processors activated (4389.39 BogoMIPS)\r\n[    0.136009] NMI watchdog: disabled (cpu0): hardware events not enabled\r\n[    0.138060] NMI watchdog: Shutting down hard lockup detector on all cpus\r\n[    0.141069] devtmpfs: initialized\r\n[    0.145263] evm: security.selinux\r\n[    0.146812] evm: security.SMACK64\r\n[    0.148024] evm: security.SMACK64EXEC\r\n[    0.149382] evm: security.SMACK64TRANSMUTE\r\n[    0.150694] evm: security.SMACK64MMAP\r\n[    0.152007] evm: security.ima\r\n[    0.153174] evm: security.capability\r\n[    0.154550] PM: Registering ACPI NVS region [mem 0x1ffff000-0x1fffffff] (4096 bytes)\r\n[    0.156136] clocksource: jiffies: mask: 0xffffffff max_cycles: 0xffffffff, max_idle_ns: 7645041785100000 ns\r\n[    0.158291] pinctrl core: initialized pinctrl subsystem\r\n[    0.160432] RTC time:  9:18:03, date: 05/17/16\r\n[    0.161923] NET: Registered protocol family 16\r\n[    0.164255] cpuidle: using governor ladder\r\n[    0.165500] cpuidle: using governor menu\r\n[    0.166874] ACPI: bus type PCI registered\r\n[    0.168004] acpiphp: ACPI Hot Plug PCI Controller Driver version: 0.5\r\n[    0.169841] PCI: Using configuration type 1 for base access\r\n[    0.173488] ACPI: Added _OSI(Module Device)\r\n[    0.175499] ACPI: Added _OSI(Processor Device)\r\n[    0.176006] ACPI: Added _OSI(3.0 _SCP Extensions)\r\n[    0.177298] ACPI: Added _OSI(Processor Aggregator Device)\r\n[    0.182561] ACPI: Interpreter enabled\r\n[    0.183790] ACPI Exception: AE_NOT_FOUND, While evaluating Sleep State [\\_S1_] (20150619/hwxface-580)\r\n[    0.186150] ACPI Exception: AE_NOT_FOUND, While evaluating Sleep State [\\_S2_] (20150619/hwxface-580)\r\n[    0.190158] ACPI Exception: AE_NOT_FOUND, While evaluating Sleep State [\\_S3_] (20150619/hwxface-580)\r\n[    0.193082] ACPI Exception: AE_NOT_FOUND, While evaluating Sleep State [\\_S4_] (20150619/hwxface-580)\r\n[    0.196010] ACPI: (supports S0 S5)\r\n[    0.197227] ACPI: Using IOAPIC for interrupt routing\r\n[    0.198582] PCI: Using host bridge windows from ACPI; if necessary, use \"pci=nocrs\" and report a bug\r\n[    0.210628] ACPI: PCI Root Bridge [PCI0] (domain 0000 [bus 00-ff])\r\n[    0.212019] acpi PNP0A03:00: _OSC: OS supports [ASPM ClockPM Segments MSI]\r\n[    0.213421] acpi PNP0A03:00: _OSC failed (AE_NOT_FOUND); disabling ASPM\r\n[    0.215441] acpi PNP0A03:00: fail to add MMCONFIG information, can't access extended PCI configuration space under this bridge.\r\n[    0.216147] PCI host bridge to bus 0000:00\r\n[    0.217696] pci_bus 0000:00: root bus resource [bus 00-ff]\r\n[    0.220004] pci_bus 0000:00: root bus resource [mem 0xfe0000000-0xfffefffff window]\r\n[    0.221639] pci_bus 0000:00: root bus resource [io  0x0000-0x0cf7 window]\r\n[    0.223087] pci_bus 0000:00: root bus resource [io  0x0d00-0xffff window]\r\n[    0.224003] pci_bus 0000:00: root bus resource [mem 0x000a0000-0x000bffff window]\r\n[    0.225634] pci_bus 0000:00: root bus resource [mem 0x20000000-0xfffbffff window]\r\n[    0.234213] pci 0000:00:07.1: legacy IDE quirk: reg 0x10: [io  0x01f0-0x01f7]\r\n[    0.235857] pci 0000:00:07.1: legacy IDE quirk: reg 0x14: [io  0x03f6]\r\n[    0.236005] pci 0000:00:07.1: legacy IDE quirk: reg 0x18: [io  0x0170-0x0177]\r\n[    0.237483] pci 0000:00:07.1: legacy IDE quirk: reg 0x1c: [io  0x0376]\r\n[    0.240461] * Found PM-Timer Bug on the chipset. Due to workarounds for a bug,\r\n[    0.240461] * this clock source is slow. Consider trying other clock sources\r\n[    0.244582] pci 0000:00:07.3: quirk: [io  0x0400-0x043f] claimed by PIIX4 ACPI\r\n[    0.256019] ACPI: PCI Interrupt Link [LNKA] (IRQs 3 4 5 7 9 10 *11 12 14 15)\r\n[    0.265054] ACPI: PCI Interrupt Link [LNKB] (IRQs 3 4 5 7 9 10 11 12 14 15) *0, disabled.\r\n[    0.276190] ACPI: PCI Interrupt Link [LNKC] (IRQs 3 4 5 7 9 10 11 12 14 15) *0, disabled.\r\n[    0.287227] ACPI: PCI Interrupt Link [LNKD] (IRQs 3 4 5 7 9 10 11 12 14 15) *0, disabled.\r\n[    0.298633] ACPI: Enabled 1 GPEs in block 00 to 0F\r\n[    0.300216] vgaarb: setting as boot device: PCI:0000:00:08.0\r\n[    0.301601] vgaarb: device added: PCI:0000:00:08.0,decodes=io+mem,owns=io+mem,locks=none\r\n[    0.304003] vgaarb: loaded\r\n[    0.305143] vgaarb: bridge control possible 0000:00:08.0\r\n[    0.306769] SCSI subsystem initialized\r\n[    0.308107] ACPI: bus type USB registered\r\n[    0.309342] usbcore: registered new interface driver usbfs\r\n[    0.310714] usbcore: registered new interface driver hub\r\n[    0.312036] usbcore: registered new device driver usb\r\n[    0.313559] PCI: Using ACPI for IRQ routing\r\n[    0.316137] NetLabel: Initializing\r\n[    0.317344] NetLabel:  domain hash size = 128\r\n[    0.318619] NetLabel:  protocols = UNLABELED CIPSOv4\r\n[    0.319945] NetLabel:  unlabeled traffic allowed by default\r\n[    0.320162] clocksource: Switched to clocksource hyperv_clocksource\r\n[    0.328733] AppArmor: AppArmor Filesystem Enabled\r\n[    0.330975] pnp: PnP ACPI init\r\n[    0.334654] system 00:06: [io  0x01e0-0x01ef] has been reserved\r\n[    0.336222] system 00:06: [io  0x0160-0x016f] has been reserved\r\n[    0.337564] system 00:06: [io  0x0278-0x027f] has been reserved\r\n[    0.338888] system 00:06: [io  0x0378-0x037f] has been reserved\r\n[    0.340298] system 00:06: [io  0x0678-0x067f] has been reserved\r\n[    0.341631] system 00:06: [io  0x0778-0x077f] has been reserved\r\n[    0.343265] system 00:06: [io  0x04d0-0x04d1] has been reserved\r\n[    0.345079] system 00:07: [io  0x0400-0x043f] has been reserved\r\n[    0.346411] system 00:07: [io  0x0370-0x0371] has been reserved\r\n[    0.347770] system 00:07: [io  0x0440-0x044f] has been reserved\r\n[    0.349205] system 00:07: [mem 0xfec00000-0xfec00fff] could not be reserved\r\n[    0.350647] system 00:07: [mem 0xfee00000-0xfee00fff] has been reserved\r\n[    0.352215] system 00:08: [mem 0x00000000-0x0009ffff] could not be reserved\r\n[    0.353660] system 00:08: [mem 0x000c0000-0x000dffff] could not be reserved\r\n[    0.355251] system 00:08: [mem 0x000e0000-0x000fffff] could not be reserved\r\n[    0.356838] system 00:08: [mem 0x00100000-0x1fffffff] could not be reserved\r\n[    0.358447] system 00:08: [mem 0xfffc0000-0xffffffff] has been reserved\r\n[    0.360229] pnp: PnP ACPI: found 9 devices\r\n[    0.367684] clocksource: acpi_pm: mask: 0xffffff max_cycles: 0xffffff, max_idle_ns: 2085701024 ns\r\n[    0.370486] NET: Registered protocol family 2\r\n[    0.372187] TCP established hash table entries: 32768 (order: 6, 262144 bytes)\r\n[    0.374156] TCP bind hash table entries: 32768 (order: 7, 524288 bytes)\r\n[    0.375794] TCP: Hash tables configured (established 32768 bind 32768)\r\n[    0.377456] UDP hash table entries: 2048 (order: 4, 65536 bytes)\r\n[    0.378947] UDP-Lite hash table entries: 2048 (order: 4, 65536 bytes)\r\n[    0.380732] NET: Registered protocol family 1\r\n[    0.382139] pci 0000:00:00.0: Limiting direct PCI/PCI transfers\r\n[    0.383980] Trying to unpack rootfs image as initramfs...\r\n[    0.969732] Freeing initrd memory: 30480K (ffff88001d9ee000 - ffff88001f7b2000)\r\n[    0.972237] PCI-DMA: Using software bounce buffering for IO (SWIOTLB)\r\n[    0.974511] software IO TLB [mem 0x199ee000-0x1d9ee000] (64MB) mapped at [ffff8800199ee000-ffff88001d9edfff]\r\n[    0.977036] clocksource: tsc: mask: 0xffffffffffffffff max_cycles: 0x1fa2a347dc2, max_idle_ns: 440795315361 ns\r\n[    0.979753] RAPL PMU detected, API unit is 2^-32 Joules, 3 fixed counters 10737418240 ms ovfl timer\r\n[    0.982205] hw unit of domain pp0-core 2^-0 Joules\r\n[    0.983997] hw unit of domain package 2^-0 Joules\r\n[    0.985742] hw unit of domain dram 2^-0 Joules\r\n[    0.987789] microcode: CPU0 sig=0x206d7, pf=0x1, revision=0xffffffff\r\n[    0.990010] microcode: Microcode Update Driver: v2.00 <tigran@aivazian.fsnet.co.uk>, Peter Oruba\r\n[    0.992759] Scanning for low memory corruption every 60 seconds\r\n[    0.995886] futex hash table entries: 16384 (order: 8, 1048576 bytes)\r\n[    0.998053] Initialise system trusted keyring\r\n[    0.999925] audit: initializing netlink subsys (disabled)\r\n[    1.001847] audit: type=2000 audit(1463476684.000:1): initialized\r\n[    1.004217] HugeTLB registered 2 MB page size, pre-allocated 0 pages\r\n[    1.007836] zpool: loaded\r\n[    1.009686] zbud: loaded\r\n[    1.011683] VFS: Disk quotas dquot_6.6.0\r\n[    1.013701] VFS: Dquot-cache hash table entries: 512 (order 0, 4096 bytes)\r\n[    1.016492] fuse init (API version 7.23)\r\n[    1.018293] Key type big_key registered\r\n[    1.021152] Key type asymmetric registered\r\n[    1.022558] Asymmetric key parser 'x509' registered\r\n[    1.024101] Block layer SCSI generic (bsg) driver version 0.4 loaded (major 249)\r\n[    1.026055] io scheduler noop registered\r\n[    1.027404] io scheduler deadline registered (default)\r\n[    1.028961] io scheduler cfq registered\r\n[    1.030410] pci_hotplug: PCI Hot Plug PCI Core version: 0.5\r\n[    1.031790] pciehp: PCI Express Hot Plug Controller Driver version: 0.4\r\n[    1.034454] input: Power Button as /devices/LNXSYSTM:00/LNXPWRBN:00/input/input0\r\n[    1.036391] ACPI: Power Button [PWRF]\r\n[    1.037769] GHES: HEST is not enabled!\r\n[    1.039244] Serial: 8250/16550 driver, 32 ports, IRQ sharing enabled\r\n[    1.063372] 00:03: ttyS0 at I/O 0x3f8 (irq = 4, base_baud = 115200) is a 16550A\r\n[    1.087232] 00:04: ttyS1 at I/O 0x2f8 (irq = 3, base_baud = 115200) is a 16550A\r\n[    1.090948] Linux agpgart interface v0.103\r\n[    1.095457] brd: module loaded\r\n[    1.098303] loop: module loaded\r\n[    1.100132] ata_piix 0000:00:07.1: Hyper-V Virtual Machine detected, ATA device ignore set\r\n[    1.104558] scsi host0: ata_piix\r\n[    1.106120] scsi host1: ata_piix\r\n[    1.107619] ata1: PATA max UDMA/33 cmd 0x1f0 ctl 0x3f6 bmdma 0xffa0 irq 14\r\n[    1.109359] ata2: PATA max UDMA/33 cmd 0x170 ctl 0x376 bmdma 0xffa8 irq 15\r\n[    1.113583] libphy: Fixed MDIO Bus: probed\r\n[    1.115211] tun: Universal TUN/TAP device driver, 1.6\r\n[    1.116912] tun: (C) 1999-2004 Max Krasnyansky <maxk@qualcomm.com>\r\n[    1.118679] PPP generic driver version 2.4.2\r\n[    1.120304] ehci_hcd: USB 2.0 'Enhanced' Host Controller (EHCI) Driver\r\n[    1.122143] ehci-pci: EHCI PCI platform driver\r\n[    1.123677] ehci-platform: EHCI generic platform driver\r\n[    1.125412] ohci_hcd: USB 1.1 'Open' Host Controller (OHCI) Driver\r\n[    1.127124] ohci-pci: OHCI PCI platform driver\r\n[    1.128621] ohci-platform: OHCI generic platform driver\r\n[    1.130208] uhci_hcd: USB Universal Host Controller Interface driver\r\n[    1.132201] i8042: PNP: PS/2 Controller [PNP0303:PS2K,PNP0f03:PS2M] at 0x60,0x64 irq 1,12\r\n[    1.139170] serio: i8042 KBD port at 0x60,0x64 irq 1\r\n[    1.140893] serio: i8042 AUX port at 0x60,0x64 irq 12\r\n[    1.142313] mousedev: PS/2 mouse device common for all mice\r\n[    1.143861] rtc_cmos 00:00: RTC can wake from S4\r\n[    1.166718] input: AT Translated Set 2 keyboard as /devices/platform/i8042/serio0/input/input1\r\n[    1.170686] rtc_cmos 00:00: rtc core: registered rtc_cmos as rtc0\r\n[    1.172578] rtc_cmos 00:00: alarms up to one month, 114 bytes nvram\r\n[    1.173930] i2c /dev entries driver\r\n[    1.175155] device-mapper: uevent: version 1.0.3\r\n[    1.176462] device-mapper: ioctl: 4.33.0-ioctl (2015-8-18) initialised: dm-devel@redhat.com\r\n[    1.178232] ledtrig-cpu: registered to indicate activity on CPUs\r\n[    1.179677] PCCT header not found.\r\n[    1.181172] NET: Registered protocol family 10\r\n[    1.182735] NET: Registered protocol family 17\r\n[    1.184388] Key type dns_resolver registered\r\n[    1.186522] Loading compiled-in X.509 certificates\r\n[    1.188938] Loaded X.509 cert 'Build time autogenerated kernel key: 9421ce78f7dd6932d7a71d3bab89bb036afa29eb'\r\n[    1.190784] registered taskstats version 1\r\n[    1.191969] zswap: loading zswap\r\n[    1.193105] zswap: using zbud pool\r\n[    1.194267] zswap: using lzo compressor\r\n[    1.197372] Key type trusted registered\r\n[    1.203158] Key type encrypted registered\r\n[    1.204809] AppArmor: AppArmor sha1 policy hashing enabled\r\n[    1.206139] ima: No TPM chip found, activating TPM-bypass!\r\n[    1.207441] evm: HMAC attrs: 0x1\r\n[    1.208938]   Magic number: 0:495:323\r\n[    1.210091] tty tty48: hash matches\r\n[    1.211500] rtc_cmos 00:00: setting system clock to 2016-05-17 09:18:04 UTC (1463476684)\r\n[    1.213195] BIOS EDD facility v0.16 2004-Jun-25, 0 devices found\r\n[    1.214526] EDD information not available.\r\n[    1.274031] ata2.00: ATAPI: Virtual CD, , max MWDMA2\r\n[    1.277719] ata2.00: configured for MWDMA2\r\n[    1.280212] scsi 1:0:0:0: CD-ROM            Msft     Virtual CD/ROM   1.0  PQ: 0 ANSI: 5\r\n[    1.284145] sr 1:0:0:0: [sr0] scsi3-mmc drive: 0x/0x tray\r\n[    1.285432] cdrom: Uniform CD-ROM driver Revision: 3.20\r\n[    1.288575] sr 1:0:0:0: Attached scsi generic sg0 type 5\r\n[    1.290394] Freeing unused kernel memory: 1460K (ffffffff81d37000 - ffffffff81ea4000)\r\n[    1.291978] Write protecting the kernel read-only data: 12288k\r\n[    1.293448] Freeing unused kernel memory: 24K (ffff8800017fa000 - ffff880001800000)\r\n[    1.295117] Freeing unused kernel memory: 292K (ffff880001bb7000 - ffff880001c00000)\r\nLoading, please wait...\r\nstarting version 225\r\n[    1.321541] random: udevadm urandom read with 2 bits of entropy available\r\n[    1.403316] clocksource: hyperv_clocksource_tsc_page: mask: 0xffffffffffffffff max_cycles: 0x24e6a1710, max_idle_ns: 440795202120 ns\r\n[    1.406341] Floppy drive(s): fd0 is 1.44M\r\n[    1.420617] clocksource: Switched to clocksource hyperv_clocksource_tsc_page\r\n[    1.440209] hv_vmbus: Hyper-V Host Build:9600-6.3-18-0.18190; Vmbus version:3.0\r\n[    1.445608] FDC 0 is an 82078.\r\n[    1.503507] AVX version of gcm_enc/dec engaged.\r\n[    1.505227] AES CTR mode by8 optimization enabled\r\n[    1.553676] hv_vmbus: registering driver hv_storvsc\r\n[    1.561363] hidraw: raw HID events driver (C) Jiri Kosina\r\n[    1.565756] hv_utils: Registering HyperV Utility Driver\r\n[    1.567390] hv_vmbus: registering driver hv_util\r\n[    1.581353] hv_vmbus: registering driver hv_netvsc\r\n[    1.586951] hv_vmbus: registering driver hid_hyperv\r\n[    1.590941] scsi host2: storvsc_host_t\r\n[    1.593256] scsi 2:0:0:0: Direct-Access     Msft     Virtual Disk     1.0  PQ: 0 ANSI: 4\r\n[    1.595980] sd 2:0:0:0: [sda] 61440000 512-byte logical blocks: (31.4 GB/29.2 GiB)\r\n[    1.597967] sd 2:0:0:0: [sda] 4096-byte physical blocks\r\n[    1.599715] sd 2:0:0:0: Attached scsi generic sg1 type 0\r\n[    1.602045] sd 2:0:0:0: [sda] Write Protect is off\r\n[    1.603714] sd 2:0:0:0: [sda] Write cache: enabled, read cache: enabled, supports DPO and FUA\r\n[    1.605923] hv_netvsc: hv_netvsc channel opened successfully\r\n[    1.612865]  sda: sda1\r\n[    1.615811] sd 2:0:0:0: [sda] Attached SCSI disk\r\n[    1.753771] hv_netvsc vmbus_14: Send section size: 6144, Section count:2560\r\n[    1.758401] hv_netvsc vmbus_14: Device MAC 00:0d:3a:12:89:91 link state up\r\n[    1.763515] input: Microsoft Vmbus HID-compliant Mouse as /devices/0006:045E:0621.0001/input/input4\r\n[    1.766150] hid 0006:045E:0621.0001: input: <UNKNOWN> HID v0.01 Mouse [Microsoft Vmbus HID-compliant Mouse] on \r\n[    1.781327] scsi host3: storvsc_host_t\r\n[    1.784078] scsi 3:0:1:0: Direct-Access     Msft     Virtual Disk     1.0  PQ: 0 ANSI: 4\r\n[    1.787699] sd 3:0:1:0: Attached scsi generic sg2 type 0\r\n[    1.790037] sd 3:0:1:0: [sdb] 14680064 512-byte logical blocks: (7.51 GB/7.00 GiB)\r\n[    1.792451] sd 3:0:1:0: [sdb] 4096-byte physical blocks\r\n[    1.795649] sd 3:0:1:0: [sdb] Write Protect is off\r\n[    1.798832] sd 3:0:1:0: [sdb] Write cache: enabled, read cache: enabled, supports DPO and FUA\r\n[    1.803719]  sdb: sdb1\r\n[    1.809533] scsi host4: storvsc_host_t\r\n[    1.812305] scsi 4:0:0:0: scsi scan: INQUIRY result too short (5), using 36\r\n[    1.815324] scsi 4:0:0:1: scsi scan: INQUIRY result too short (5), using 36\r\n[    1.817638] sd 3:0:1:0: [sdb] Attached SCSI disk\r\n[    1.820064] scsi 4:0:1:0: scsi scan: INQUIRY result too short (5), using 36\r\n[    1.822605] scsi 4:0:1:1: scsi scan: INQUIRY result too short (5), using 36\r\n[    1.825350] scsi 4:1:0:0: scsi scan: INQUIRY result too short (5), using 36\r\n[    1.828046] psmouse serio1: trackpoint: failed to get extended button data\r\n[    1.830746] scsi host5: storvsc_host_t\r\n[    1.833118] scsi 4:1:0:1: scsi scan: INQUIRY result too short (5), using 36\r\n[    1.835251] scsi 5:0:0:0: scsi scan: INQUIRY result too short (5), using 36\r\n[    1.837500] scsi 5:0:0:1: scsi scan: INQUIRY result too short (5), using 36\r\n[    1.839813] scsi 4:1:1:0: scsi scan: INQUIRY result too short (5), using 36\r\n[    1.843345] scsi 5:0:1:0: scsi scan: INQUIRY result too short (5), using 36\r\n[    1.845343] scsi 4:1:1:1: scsi scan: INQUIRY result too short (5), using 36\r\n[    1.847431] scsi 5:0:1:1: scsi scan: INQUIRY result too short (5), using 36\r\n[    1.849810] scsi 4:2:0:0: scsi scan: INQUIRY result too short (5), using 36\r\n[    1.852350] scsi 5:1:0:0: scsi scan: INQUIRY result too short (5), using 36\r\n[    1.854831] scsi 4:2:0:1: scsi scan: INQUIRY result too short (5), using 36\r\n[    1.857345] scsi 5:1:0:1: scsi scan: INQUIRY result too short (5), using 36\r\n[    1.859687] scsi 4:2:1:0: scsi scan: INQUIRY result too short (5), using 36\r\n[    1.862153] scsi 5:1:1:0: scsi scan: INQUIRY result too short (5), using 36\r\n[    1.864459] scsi 4:2:1:1: scsi scan: INQUIRY result too short (5), using 36\r\n[    1.867007] scsi 5:1:1:1: scsi scan: INQUIRY result too short (5), using 36\r\n[    1.869403] scsi 4:3:0:0: scsi scan: INQUIRY result too short (5), using 36\r\n[    1.872362] scsi 5:2:0:0: scsi scan: INQUIRY result too short (5), using 36\r\n[    1.874795] scsi 4:3:0:1: scsi scan: INQUIRY result too short (5), using 36\r\n[    1.877315] scsi 5:2:0:1: scsi scan: INQUIRY result too short (5), using 36\r\n[    1.879667] scsi 4:3:1:0: scsi scan: INQUIRY result too short (5), using 36\r\n[    1.882432] scsi 5:2:1:0: scsi scan: INQUIRY result too short (5), using 36\r\n[    1.884630] scsi 4:3:1:1: scsi scan: INQUIRY result too short (5), using 36\r\n[    1.887360] scsi 5:2:1:1: scsi scan: INQUIRY result too short (5), using 36\r\n[    1.899270] scsi 4:4:0:0: scsi scan: INQUIRY result too short (5), using 36\r\n[    1.901609] scsi 4:4:0:1: scsi scan: INQUIRY result too short (5), using 36\r\n[    1.903687] scsi 5:3:0:0: scsi scan: INQUIRY result too short (5), using 36\r\n[    1.905676] scsi 4:4:1:0: scsi scan: INQUIRY result too short (5), using 36\r\n[    1.908066] scsi 4:4:1:1: scsi scan: INQUIRY result too short (5), using 36\r\n[    1.910036] scsi 5:3:0:1: scsi scan: INQUIRY result too short (5), using 36\r\n[    1.912805] scsi 4:5:0:0: scsi scan: INQUIRY result too short (5), using 36\r\n[    1.915723] scsi 5:3:1:0: scsi scan: INQUIRY result too short (5), using 36\r\n[    1.921326] scsi 4:5:0:1: scsi scan: INQUIRY result too short (5), using 36\r\n[    1.923307] scsi 5:3:1:1: scsi scan: INQUIRY result too short (5), using 36\r\n[    1.925930] scsi 4:5:1:0: scsi scan: INQUIRY result too short (5), using 36\r\n[    1.928975] scsi 4:5:1:1: scsi scan: INQUIRY result too short (5), using 36\r\n[    1.931685] scsi 5:4:0:0: scsi scan: INQUIRY result too short (5), using 36\r\n[    1.934842] scsi 4:6:0:0: scsi scan: INQUIRY result too short (5), using 36\r\n[    1.937153] scsi 5:4:0:1: scsi scan: INQUIRY result too short (5), using 36\r\n[    1.939484] scsi 4:6:0:1: scsi scan: INQUIRY result too short (5), using 36\r\n[    1.941446] scsi 5:4:1:0: scsi scan: INQUIRY result too short (5), using 36\r\n[    1.944038] scsi 4:6:1:0: scsi scan: INQUIRY result too short (5), using 36\r\n[    1.946889] scsi 5:4:1:1: scsi scan: INQUIRY result too short (5), using 36\r\n[    1.949615] scsi 4:6:1:1: scsi scan: INQUIRY result too short (5), using 36\r\n[    1.951850] scsi 5:5:0:0: scsi scan: INQUIRY result too short (5), using 36\r\n[    1.954386] scsi 4:7:0:0: scsi scan: INQUIRY result too short (5), using 36\r\n[    1.956679] scsi 5:5:0:1: scsi scan: INQUIRY result too short (5), using 36\r\n[    1.959105] scsi 4:7:0:1: scsi scan: INQUIRY result too short (5), using 36\r\n[    1.961057] scsi 5:5:1:0: scsi scan: INQUIRY result too short (5), using 36\r\n[    1.963632] scsi 4:7:1:0: scsi scan: INQUIRY result too short (5), using 36\r\n[    1.966132] scsi 5:5:1:1: scsi scan: INQUIRY result too short (5), using 36\r\n[    1.968528] scsi 4:7:1:1: scsi scan: INQUIRY result too short (5), using 36\r\n[    1.971316] scsi 5:6:0:0: scsi scan: INQUIRY result too short (5), using 36\r\n[    1.973639] scsi 5:6:0:1: scsi scan: INQUIRY result too short (5), using 36\r\n[    1.975921] scsi 5:6:1:0: scsi scan: INQUIRY result too short (5), using 36\r\n[    1.979282] scsi 5:6:1:1: scsi scan: INQUIRY result too short (5), using 36\r\n[    1.981374] scsi 5:7:0:0: scsi scan: INQUIRY result too short (5), using 36\r\n[    1.983727] scsi 5:7:0:1: scsi scan: INQUIRY result too short (5), using 36\r\n[    1.985773] scsi 5:7:1:0: scsi scan: INQUIRY result too short (5), using 36\r\n[    1.987804] scsi 5:7:1:1: scsi scan: INQUIRY result too short (5), using 36\r\nBegin: Loading essential drivers ... done.\r\r\nBegin: Running /scripts/init-premount ... done.\r\r\nBegin: Mounting root file system ... Begin: Running /scripts/local-top ... done.\r\r\nBegin: Running /scripts/local-premount ... done.\r\r\nBegin: Checking root file system ... fsck from util-linux 2.26.2\r\r\ncloudimg-rootfs: clean, 73595/244736 files, 351302/524032 blocks\r\r\ndone.\r\r\n[    4.418776] EXT4-fs (sda1): mounted filesystem with ordered data mode. Opts: (null)\r\ndone.\r\r\nBegin: Running /scripts/local-bottom ... done.\r\r\nBegin: Running /scripts/init-bottom ... Warning: overlayroot: debug is busted\r\r\n[    4.924908] random: nonblocking pool is initialized\r\ndone.\r\r\n[    6.656113] psmouse serio1: trackpoint: IBM TrackPoint firmware: 0x01, buttons: 0/0\r\n[    6.660572] input: TPPS/2 IBM TrackPoint as /devices/platform/i8042/serio1/input/input3\r\n[    6.696126] systemd[1]: Failed to insert module 'kdbus': Function not implemented\r\n[    6.838560] systemd[1]: systemd 225 running in system mode. (+PAM +AUDIT +SELINUX +IMA +APPARMOR +SMACK +SYSVINIT +UTMP +LIBCRYPTSETUP +GCRYPT +GNUTLS +ACL +XZ -LZ4 +SECCOMP +BLKID -ELFUTILS +KMOD -IDN)\r\n[    6.843322] systemd[1]: Detected virtualization microsoft.\r\n[    6.844886] systemd[1]: Detected architecture x86-64.\r\n\r\r\nWelcome to \u001b[1mUbuntu 15.10\u001b[0m!\r\r\n\r\r\n[    6.922452] systemd[1]: Set hostname to <ubuntu>.\r\n[    6.925141] systemd[1]: Initializing machine ID from random generator.\r\n[    6.926417] systemd[1]: Installed transient /etc/machine-id file.\r\netc-machine\\x2did.mount\r\r\n[    7.872228] systemd[1]: sshd-keygen.service: Cannot add dependency job, ignoring: Unit sshd-keygen.service failed to load: No such file or directory.\r\n[    7.874667] systemd[1]: sshd-keygen.service: Cannot add dependency job, ignoring: Unit sshd-keygen.service failed to load: No such file or directory.\r\n-.mount\r\r\n[    7.884274] systemd[1]: display-manager.service: Cannot add dependency job, ignoring: Unit display-manager.service failed to load: No such file or directory.\r\n[    7.887252] systemd[1]: Reached target User and Group Name Lookups.\r\n[[    7.891813] systemd[1]: Started Forward Password Requests to Wall Directory Watch.\r\n\u001b[32m  OK  \u001b[0m] Reached target User and Group Name Lookups.\r[    7.896950] systemd[1]: Created slice Root Slice.\r\n[    7.898529] systemd[1]: Listening on Journal Socket (/dev/log).\r\n\r\n[\u001b[32m  OK  \u001b[0m] Started Forward Password Requests to Wall Directory Watch.\r[    7.907101] systemd[1]: Created slice System Slice.\r\n[    7.909319] systemd[1]: Created slice system-getty.slice.\r\n[    7.910917] systemd[1]: Listening on /dev/initctl Compatibility Named Pipe.\r\n\r\n[\u001b[32m  OK  \u001b[0m] Created slice Root Slice.\r[    7.916859] systemd[1]: Created slice User and Session Slice.\r\n[    7.918521] systemd[1]: Listening on Journal Socket.\r\n\r\n[\u001b[32m  OK  \u001b[0m] Listening on Journal Socket (/dev/log).\r[    7.928175] systemd[1]: Starting Create list of required static device nodes for the current kernel...\r\n[    7.932541] systemd[1]: Starting Setup Virtual Console...\r\n\r\n[\u001b[32m  OK  \u001b[0m] Created slice System Slice.\r[    7.939709] systemd[1]: Mounting Debug File System...\r\n\r\n[\u001b[32m  OK  \u001b[0m] Created slice system-getty.slice.\r[    7.947349] systemd[1]: Starting Remount Root and Kernel File Systems...\r\n\r\n[\u001b[32m  OK  \u001b[0m] Listening on /dev/initctl Compatibility Named Pipe.\r[    7.956893] systemd[1]: Mounting POSIX Message Queue File System...\r\n[    7.959577] systemd[1]: Reached target Remote File Systems (Pre).\r\n\r\n[    7.963514] systemd[1]: Reached target Swap.\r\n[\u001b[32m  OK  \u001b[0m] Created slice User and Session Slice.\r[    7.968531] systemd[1]: Listening on udev Kernel Socket.\r\n\r\n[    7.976625] systemd[1]: Mounting Huge Pages File System...\r\n[    7.979372] systemd[1]: Starting Increase datagram queue length...\r\n[\u001b[32m  OK  \u001b[0m] Listening on Journal Socket.\r[    7.994344] systemd[1]: Listening on Journal Audit Socket.\r\n[    7.997315] EXT4-fs (sda1): re-mounted. Opts: discard\r\n\r\n[    8.001049] systemd[1]: Listening on udev Control Socket.\r\n         Starting Create list of required st... nodes for the current kernel...\r[    8.010614] systemd[1]: Starting udev Coldplug all Devices...\r\n\r\n         Starting Setup Virtual Console...\r\r\n         Mounting Debug File System...\r[    8.017613] systemd[1]: Reached target Slices.\r\n\r\n         Starting Remount Root and Kernel File Systems...\r\r\n         Mounting POSIX Message Queue File System...\r\r\n[\u001b[32m  OK  \u001b[0m] Reached target Remote File Systems (Pre).\r\r\n[\u001b[32m  OK  \u001b[0m] Reached target Swap.\r\r\n[\u001b[32m  OK  \u001b[0m] Listening on udev Kernel Socket.\r\r\n         Mounting Huge Pages File System...\r\r\n         Starting Increase datagram queue length...\r\r\n[\u001b[32m  OK  \u001b[0m] Listening on Journal Audit Socket.\r\r\n[\u001b[32m  OK  \u001b[0] Listening on udev Control Socet.\r\r\n         Starting udev Coldplug all Devices...\r\r\n[\u001b[32m  OK  \u001b[0m] Reached target Slices.\r\r\n[    8.057048] systemd[1]: Starting Load Kernel Modules...\r\n[    8.059293] systemd[1]: Reached target Encrypted Volumes.\r\n         Starting Load Kernel Modules...\r[    8.065403] systemd[1]: Created slice system-serial\\x2dgetty.slice.\r\n[    8.066933] systemd[1]: Set up automount Arbitrary Executable File Formats File System Automount Point.\r\n\r\n[\u001b[32m  OK  \u001b[0m] Reached target Encrypted Volumes.\r\r\n[\u001b[32m  OK  \u001b[0m] Created slice system-serial\\x2dgetty.slice.\r[    8.076507] systemd[1]: Starting Uncomplicated firewall...\r\n[    8.081563] systemd[1]: Mounted Debug File System.\r\n\r\n[\u001b[32m  OK  \u001b[0m] Set up automount Arbitrary Executab...ats File System Automount Point.\r\r\n[    8.088603] systemd[1]: Mounted POSIX Message Queue File System.\r\n[    8.089882] systemd[1]: Mounted Huge Pages File System.\r\n[    8.091743] systemd[1]: Started Create list of required static device nodes for the current kernel.\r\n         Starting Uncomplicated firewall...\r\r\n[\u001b[32m  OK  \u001b[0m] Mounted Debug File System.\r[    8.108762] systemd[1]: Started Setup Virtual Console.\r\n[    8.111671] systemd[1]: Started Remount Root and Kernel File Systems.\r\n\r\n[\u001b[32m  OK  \u001b[0m] Mounted POSIX Message Queue Fle System.\r\r\n[    8.118909] systemd[1]: Started Increase datagram queue length.\r\n[\u001b[32m  OK  \u001b[0m] Mounted Huge Pages File System.\r\r\n[\u001b[32m  OK  \u001b[0m] Started Creat list of required sta...ce nodes for the current kernel.\r\r\n[\u001b[32m  OK  \u001b[0m] Started Setup Virtual Console.\r\r\n[\u001b[32m  OK  \u001b[0m] Started Remount Root and KernelFile Systems.\r\r[\u001b[32m  OK  \u001b[0m] Started Increase datagram quee length.\r\r\n[    8.140646] systemd[1]: Started Load Kernel Modules.\r\nsys-kernel-debug.mount\r\r\n[    8.187870] systemd[1]: Mounting FUSE Control File System...\r\n[\u001b[32m  OK  \u001b[0m] Started Load Kernel Modules.\r\r\ndev-mqueue.mount[    8.202872] systemd[1]: Starting Apply Kernel Variables...\r\n[    8.208695] systemd[1]: Listening on Syslog Socket.\r\n\r\r\n[    8.214678] systemd[1]: Starting Journal Service...\r\n[    8.221703] systemd[1]: Starting Load/Save Random Seed...\r\n         Mounting FUSE Control File System...\r\r\n[    8.229612] systemd[1]: Starting Ensure /etc/mtab is a symlink to /proc/mounts...\r\n         Starting Apply Kernel Variables...\r\r\n[\u001b[32m  OK  \u001b[0m] Listening on Syslog Socket.\r[    8.240875] systemd[1]: Starting Create Static Device Nodes in /dev...\r\n\r\n         Starting Journal Service...\r[    8.251246] systemd[1]: Mounted FUSE Control File System.\r\n[    8.253375] systemd[1]: Started Uncomplicated firewall.\r\n\r\n        
[    8.259026] systemd[1]: Started udev Coldplug all Devices.\r\ndev-hugepages.mount\r\r\nStarting Load/Save Random Seed...\r\r\n         Starting Ensure /etc/mtab is a symlink to /proc/mounts...\r\r\n         Starting Create Static Device Nodes in /dev...\r\r\n[\u001b[32m  OK  \u001b[0m] Mounted FUSE Control File System.\r\r\n[\u001b[32m  OK  \u001b[0m] Started Uncomplicated firewall.\r\r\n[\u001b[32m  OK  \u001b[0m] Started udev Coldplug all Devices.\r\r\nkmod-static-nodes.service\r\r\nsystemd-vconsole-setup.service\r\r\nsystemd-remountfs.service\r\r\n[    8.329265] systemd[1]: Started Load/Save Random Seed.\r\nsystemd-setup-dgram-qlen.service\r\r\n[\u001b[32m  OK  \u001b[0m] Started Load/Save Random Seed.\r\r\nsystemd-modules-load.service\r\r\nsys-fs-fuse-connections.mount\r\r\nufw.service\r\r\nsystemd-udev-trigger.service\r\r\nsystemd-random-seed.service\r\r\n[    8.366428] systemd[1]: Started Ensure /etc/mtab is a symlink to /proc/mounts.\r\n[\u001b[32m  OK  \u001b[0m] Started Ensure /etc/mtab is a symlink to /proc/mounts.\r\r\n[\u001b[32m  OK  \u001b[0m] Started Apply Kernel Variables.\r\r\ndebian-fixup.service\r\r\nsystemd-sysctl.service\r\r\n[\u001b[32m  OK  \u001b[0m] Started Journal Service.\r\r\n         Starting Flush Journal to Persistent Storage...\r\r\nsystemd-journald.service\r\r\n[\u001b[32m  OK  \u001b[0m] Started Flush Journal to Persistent Storage.\r\r\nsystemd-journal-flush.service\r\r\n[\u001b[32m  OK  \u001b[0m] Started Create Static Device Nodes in /dev.\r\r\n         Starting udev Kernel Device Manager...\r\r\nsystemd-tmpfiles-setup-dev.service\r\r\n[\u001b[32m  OK  \u001b[0m] Started udev Kernel Device Manager.\r\r\n[\u001b[32m  OK  \u001b[0m] Reached targe Local File Systems (Pre).\r\r\nsystemd-udevd.service\r\r\n         Mounting /etc/network/interfaces.dynamic.d...\r\r\n[\u001b[32m  OK  \u001b[0] Mounted /etc/network/interfacs.dynamic.d.\r\r\n[\u001b[32m  OK  \u001b[0m] Reached target Local File Systems.\r\r\n[\u001b[32m  OK  \u001b[0m] Reached targe Remote File Sytems.\r\r\n         Starting LSB: AppArmor initialization...\r\r\n         Starting Clean up any mess left by 0dns-up...\r\r\n         Starting Set console keymap...\r\r\n         Starting Tell Plymouth To Write Out Runtime Data...\r\r\n         Starting Commit a transient machine-id on disk...\r\r\n         etc-network-interfaces.dynamic.d.mount\r\r\nStarting Wait for all \"auto\" /etc/n... up for network-online.target...\r\r\n         Starting Create Volatile Files and Directories...\r\r\n[\u001b[32m  OK  \u001b[0m] Started Commit a transient machine-id on disk.\r\r\n[\u001b[32m  OK  \u001b[0m] Started Create Volatile Files and Directories.\r\r\n         Starting Network Time Synchronization...\r\r\n         Starting Update UTMP about System Boot/Shutdown...\r\r\nsystemd-machine-id-commit.service\r\r\n[\u001b[32m  OK  \u001b[0m] Started Update UTMP about System Boot/Shutdown.\r\r\nsystemd-tmpfiles-setup.service\r\r\nsystemd-update-utmp.service\r\r\n[\u001b[32m  OK  \u001b[0m] Started Tell Plymouth To Write Out Runtime Data.\r\r\n[\u001b[32m  OK  \u001b[0m] Started Clean up any mess left by 0dns-up.\r\r\n         Starting Nameserver information manager...\r\r\n[\u001b[32m  OK  \u001b[0m] Started Nameserver information manager.\r\r\nresolvconf.service\r\r\n[\u001b[32m  OK  \u001b[0m] Started Set console keymap.\r\r\n[    9.747491] piix4_smbus 0000:00:07.3: SMBus base address uninitialized - upgrade BIOS or use force_addr=0xaddr\r\n[\u001b[32m  OK  \u001b[0m] Found device /dev/ttyS0.\r\r\n[\u001b[32m  OK  \u001b[0m] Started Network Time Synchronization.\r\r\n[\u001b[32m  OK  \u001b[0m] Reached target System Time Synchronized.\r\r\nsystemd-timesyncd.service\r\r\n[\u001b[32m  OK  \u001b[0m] Created slice system-ifup.slice.\r\r\n[   10.216794] intel_rapl: no valid rapl domains found in package 0\r\n[\u001b[32m  OK  \u001b[0m] Found device /sys/subsystem/net/devices/eth0.\r\n[\u001b[32m  OK  \u001b[0m] Started LSB: AppArmor initialization.\r\r\n         Starting LSB: Raise network interfaces....\r\r\n[\u001b[32m  OK  \u001b[0m] Started ifup for eth0.\r\r\napparmor.service\r\r\nifup@eth0.service\r\r\n[\u001b[32m  OK  \u001b[0m] Started LSB: Raise network interfaces..\r\r\n[\u001b[32m  OK  \u001b[0m] Reached target System Initialization.\r\r\n[\u001b[32m  OK  \u001b[0m] Listening on UUID daemon activation socket.\r\r\n[\u001b[32m  OK  \u001b[0m] Listening on CPID Listen Socket.\r\r\n[\u001b[32m  OK  \u001b[0m] Listening on D-Bus System Message Bus Socket.\r\r\n         Starting lxd-unix.socket.\r\r\n         Startig Seed the pseudo random number generator on first boot...\r\r\n[\u001b[32m  OK  \u001b[0m] Started Daily Cleanup of Temporary Directories.\r\r\n[\u001b[32m  OK  \u001b[0m] Reached target Timers.\r\r\n[\u001b[32m  OK  \u001b[0m] Started Trigger resolvconf update for networkd DNS.\r\r\n[\u001b[32m  OK  \u001b[0m] Reached target Paths.\r\r\n[\u001b[32m  OK  \u001b[0m] Reached target Network.\r\r\n[\u001b[32m  OK  \u001b[0m] Listening on lxd-unix.socket.\r\r\n[\u001b[32m  OK  \u001b[0m] Reached target Sockets.\r\r\n[\u001b[32m  OK  \u001b[0m] Reached target Basic System.\r\r\n         Starting Login Service...\r\r\n         Starting LSB: automatic crash report generation...\r\r\n         Starting Initial cloud-init job (pre-networking)...\r\r\n         Starting System Logging Service...\r\r\n[\u001b[32m  OK  \u001b[0m] Started D-Bus System Message Bus.\r\r\nnetworking.service\r\r\ndbus.service\r\r\n         Starting LSB: daemon to balance interrupts for SMP systems...\r\r\n[\u001b[32m  OK  \u001b[0m] Started Hyper-V File Copy Protocol Daemon.\r\r\n         Starting LSB: Record successful boot for GRUB...\r\r\n         Starting Restore /etc/resolv.conf i...e the ppp link was shut down....\r\r\n[\u001b[32m  OK  \u001b[0m] Started HyperV VSS Protocol aemon.\r\r\n[\u001b[32m  OK  \u001b[0m] Started Hyper-V KVP Protocol Daemon.\r\r\n[\u001b[32m  OK  \u001b[0m] Started Regular background program processing daemon.\r\r\n         Starting Accounts Service...\r\r\n[\u001b[32m  OK  \u001b[0m] Started Deferred execution scheduler.\r\r\n         Starting Thermal Daemon Service...\r\r\n         Starting LSB: Starts the Micro Name Service Cache Daemon...\r\r\n[\u001b[32m  OK  \u001b[0m] Started Cgroup management daemon.\r\r\n[\u001b[32m  OK  \u001b[0m] Started FUSE filesystem for LXC.\r\r\n         Starting LSB: Set the CPU Frequency Scaling governor to \"ondemand\"...\r\r\n[\u001b[32m  OK  \u001b[0m] Started Wait for all \"auto\" /etc/ne...be up for network-online.target.\r\r\n[\u001b[32m  OK  \u001b[0m] Started LSB: automatic crash report generation.\r\r\n[\u001b[32m  OK  \u001b[0m] Started Restore /etc/resolv.conf if...ore the ppp link was shut down..\r\r\nhv-fcopy-daemon.service\r\r\n[\u001b[32m  OK  \u001b[0m] Reached target Network is Online.\r\r\n         Starting /etc/rc.local Compatibility...\r\r\n         Starting LXC network bridge setup...\r\r\n[\u001b[32m  OK  \u001b[0m] Started /etc/rc.local Compatibility.\r\r\n[\u001b[32m  OK  \u001b[0m] Started Login Service.\r\r\n[\u001b[32m  OK  \u001b[0m] Started LSB: Starts the Micro Name Service Cache Daemon.\r\r\nhv-vss-daemon.service\r\r\nhv-kvp-daemon.service\r\r\ncron.service\r\r\natd.service\r\r\ncgmanager.service\r\r\nlxcfs.service\r\r\nifup-wait-all-auto.service\r\r\napport.service\r\r\nrc-local.service\r\r\nsystemd-logind.service\r\r\nrun-cgmanager-fs.mount\r\r\nunscd.service\r\r\n[\u001b[32m  OK  \u001b[0m] Started LSB: daemon to balance interrupts for SMP systems.\r\r\nirqbalance.service\r\r\nvar-lib-lxcfs.mount\r\r\n[\u001b[32m  OK  \u001b[0m] Started LSB: Set the CPU Frequency Scaling goernor to \"ondemand\".\r\r\nondemand.service\r\r\n[\u001b[32m  OK  \u001b[0m] Started LSB: Record successful boot for GRUB.\r\r\ngrub-common.service\r\r\n         Starting Authenticate and Authorize Users to Run Privileged Tasks...\r\r\n[\u001b[32m  OK  \u001b[0m] Started Thermal Daemon Service.\r\r\nthermald.service\r\r\n[\u001b[32m  OK  \u001b[0m] Started Authenticate and Authorize Users to Run Privileged Tasks.\r\r\n[\u001b[32m  OK  \u001b[0m] Started Accounts Service.\r\r\npolkitd.service\r\r\naccounts-daemon.service\r\r\n[\u001b[32m  OK  \u001b[0m] Started LXC network bridge setup.\r\r\n         Starting LXC Container Initialization and Autoboot Code...\r\r\nlxc-net.service\r\r\n[\u001b[32m  OK  \u001b[0m] Started LXC Container Initialization and Autoboot Code.\r\r\n         Starting Container hypervisor based on LXC - boot time check...\r\r\nlxc.service\r\r\n[\u001b[32m  OK  \u001b[0m] Started System Logging Service.\r\r\nrsyslog.service\r\r\n[\u001b[32m  OK  \u001b[0m] Started Seed the pseudo random number generator on first boot.\r\r\n[\u001b[32m  OK  \u001b[0m] Started Container hypervisor based on LXC - boot time check.\r\r\n[   24.699091] cloud-init[685]: Cloud-init v. 0.7.7 running 'init-local'at Tue, 17 May 2016 09:18:28 +000. Up 24.46 seconds.\r\r\n[\u001b[32m  OK  \u001b[0m] Started Initial cloud-init job (pre-networking).\r\r\n         Starting Initial cloud-init job (metadata service crawler)...\r\r\ncloud-init-local.service\r\r\n[   25.456349] blk_update_request: I/O error, dev fd0, sector 0\r\n[   25.492284] blk_update_request: I/O error, dev fd0, sector 0\r\ntmp-tmp26cfmhry.mount\r\r\n[   25.653488] cloud-init[958]: + i=eth0\r\r\n[   25.658023] cloud-init[958]: + x=0\r\r\n[   25.658408] cloud-init[958]: + ifdown eth0\r\r\n[   25.684837] cloud-init[958]: Killed old client process\r\r\n[   26.689814] cloud-init[958]: Internet Systems Consortium DHCP Client 4.3.1\r\r\n[   26.690418] cloud-init[958]: Copyright 2004-2014 Internet Systems Consortium.\r\r\n[   26.691026] cloud-init[958]: All rights reserved.\r\r\n[   26.691587] cloud-init[958]: For info, please visit https://www.isc.org/software/dhcp/\r\r\n[   26.697443] cloud-init[958]: Listening on LPF/eth0/00:0d:3a:12:89:91\r\r\n[   26.698068] cloud-init[958]: Sending on   LPF/eth0/00:0d:3a:12:89:91\r\r\n[   26.701712] cloud-init[958]: Sending on   Socket/fallback\r\r\n[   26.769836] cloud-init[958]: DHCPRELEASE on eth0 to 168.63.129.16 port 67 (xid=0x3b9f70a8)\r\r\n[   26.819955] cloud-init[958]: + ifup eth0\r\r\n[   26.843330] cloud-init[958]: Internet Systems Consortium DHCP Client 4.3.1\r\r\n[   26.852320] cloud-init[958]: Copyright 2004-2014 Internet Systems Consortium.\r\r\n[   26.860907] cloud-init[958]: All rights reserved.\r\r\n[   26.861354] cloud-init[958]: For info, please visit https://www.isc.org/software/dhcp/\r\r\n[   26.871088] cloud-init[958]: Listening on LPF/eth0/00:0d:3a:12:89:91\r\r\n[   26.873571] cloud-init[958]: Sending on   LPF/eth0/00:0d:3a:12:89:91\r\r\n[   26.874484] cloud-init[958]: Sending on   Socket/fallback\r\r\n[   26.877096] cloud-init[958]: DHCPDISCOVER on eth0 to 255.255.255.255 port 67 interval 3 (xid=0x9d0d131d)\r\r\n[   26.925703] cloud-init[958]: DHCPREQUEST of 10.0.0.4 on eth0 to 255.255.255.255 port 67 (xid=0x1d130d9d)\r\r\n[   26.926030] cloud-init[958]: DHCPOFFER of 10.0.0.4 from 168.63.129.16\r\r\n[   26.950992] cloud-init[958]: DHCPACK of 10.0.0.4 from 168.63.129.16\r\r\n[   27.009963] cloud-init[958]: bound to 10.0.0.4 -- renewal in 4294967295 seconds.\r\r\n[   27.031464] cloud-init[958]: + exit 0\r\r\n[\u001b[32m  OK  \u001b[0m] Started Azure Linux Agent.\r\r\nwalinuxagent.service\r\r\n2016/05/17 09:18:31.750391 INFO Azure Linux Agent Version:2.1.2\r\r\n2016/05/17 09:18:31.756777 INFO OS: ubuntu 15.10\r\r\n2016/05/17 09:18:31.757112 INFO Python: 3.4.3\r\r\n2016/05/17 09:18:31.757368 INFO Send dhcp request\r\r\n2016/05/17 09:18:31.864611 INFO Wire server endpoint:168.63.129.16\r\r\n2016/05/17 09:18:31.868514 INFO Gateway:10.0.0.1\r\r\n2016/05/17 09:18:31.868780 INFO Routes:None\r\r\n2016/05/17 09:18:31.869076 INFO Configure routes\r\r\n2016/05/17 09:18:31.875154 INFO Detect default protocol.\r\r\n2016/05/17 09:18:32.197023 INFO Fabric preferred wire protocol version:2015-04-05\r\r\n2016/05/17 09:18:32.202060 INFO Wire protocol version:2012-11-30\r\r\n2016/05/17 09:18:32.202273 WARNING Server prefered version:2015-04-05\r\r\n2016/05/17 09:18:32.207285 INFO Last request issued less than 1 second ago\r\r\n2016/05/17 09:18:32.207495 INFO Sleep 1 second to avoid throttling.\r\r\n2016/05/17 09:18:33.216977 INFO Sleep 1 second to avoid throttling.\r\r\n2016/05/17 09:18:34.232206 INFO Last request issued less than 1second ago\r\r\n2016/05/17 09:18:34.235908 INFO Sleep 1 second o avoid throttling.\r\r\n2016/05/17 09:18:35.286004 INFO Sleep 1 second to avoid throttling.\r\r\n[   31.544273] blk_update_request: I/O error, dev fd0, sector 0\r\n[   31.596267] blk_update_request: I/O error, dev fd0, sector 0\r\ntmp-tmpqzemwtr0.mount\r\r\n2016/05/17 09:18:36.299926 INFO Protocol V1 found.\r\r\n2016/05/17 09:18:36.305558 INFO Protocol V2 found.\r\r\n2016/05/17 09:18:36.306649 INFO run Ubuntu provision handler\r\r\n2016/05/17 09:18:36.311063 INFO Waiting cloud-init to finish provisioning.\r\r\n2016/05/17 09:18:36.312201 INFO Wait for ssh host key to be generated.\r\r\n2016/05/17 09:18:36.313159 INFO Wait for ssh host key be generated: /etc/ssh/ssh_host_rsa_key\r\r\n2016/05/17 09:18:36.335718 INFO Event: name=WALA, op=HeartBeat, message=\r\r\n\u0000\u0000\u0000\u0000\u0000\u0000\u0000\u0000\u0000\u0000\u0000\u0000\u0000\u0000\u0000\u0000\u0000\u0000\u0000\u0000\u0000\u0000\u0000\u0000\u0000\u0000\u0000\u0000\u0000\u0000\u0000\u0000\u0000\u0000\u0000\u0000\u0000\u0000\u0000\u0000\u0000\u0000\u0000\u0000\u0000\u0000\u0000\u0000\u0000\u0000\u0000\u0000\u0000\u0000\u0000\u0000\u0000\u0000\u0000\u0000\u0000\u0000\u0000\u0000\u0000\u0000\u0000\u0000\u0000\u0000\u0000\u0000\u0000\u0000\u0000\u0000\u0000\u0000\u0000\u0000\u0000\u0000\u0000\u0000\u0000\u0000\u0000\u0000\u0000\u0000\u0000\u0000\u0000\u0000\u0000\u0000\u0000\u0000\u0000\u0000\u0000\u0000\u0000\u0000\u0000\u0000\u0000\u0000\u0000\u0000\u0000\u0000\u0000\u0000\u0000\u0000\u0000\u0000\u0000\u0000\u0000\u0000\u0000\u0000\u0000\u0000\u0000\u0000\u0000\u0000\u0000\u0000\u0000\u0000\u0000\u0000\u0000\u0000", { 'content-length': '50176',
  'content-type': 'text/plain',
  'last-modified': 'Tue, 17 May 2016 09:18:37 GMT',
  'accept-ranges': 'bytes',
  etag: '"0x8D37E343AD0CE1C"',
  server: 'Windows-Azure-Blob/1.0 Microsoft-HTTPAPI/2.0',
  'x-ms-request-id': '35a75d51-0001-003f-7b1d-b07111000000',
  'x-ms-version': '2015-02-21',
  'x-ms-write-protection': 'false',
  'x-ms-lease-status': 'unlocked',
  'x-ms-lease-state': 'available',
  'x-ms-blob-type': 'PageBlob',
  'x-ms-blob-sequence-number': '0',
  date: 'Tue, 17 May 2016 09:19:14 GMT',
  connection: 'close' });
 return result; },
function (nock) { 
var result = 
nock('https://xplattstoragestsp6202.blob.core.windows.net:443')
  .get('/bootdiagnostics-xplatvmst-2130142c-e0eb-45a4-bcd3-4c0d839cc10e/xplatvmStSp.2130142c-e0eb-45a4-bcd3-4c0d839cc10e.serialconsole.log')
