// This file has been autogenerated.

var profile = require('../../../lib/util/profile');

exports.getMockedProfile = function () {
  var newProfile = new profile.Profile();

  newProfile.addSubscription(new profile.Subscription({
    id: 'e33f361b-53c2-4cc7-b829-78906708387b',
    managementCertificate: {
      key: 'mockedKey',
      cert: 'mockedCert'
    },
    name: 'Microsoft Azure Internal Consumption',
    user: {
      name: 'user@domain.example',
      type: 'servicePrincipal'
    },
    tenantId: '72f988bf-86f1-41af-91ab-2d7cd011db47',
    state: 'Enabled',
    registeredProviders: [],
    isDefault: true
  }, newProfile.environments['AzureCloud']));

  return newProfile;
};

exports.setEnvironment = function() {
  process.env['AZURE_VM_TEST_LOCATION'] = 'southeastasia';
  process.env['SSHCERT'] = 'test/myCert.pem';
};

exports.scopes = [[function (nock) { 
var result = 
nock('http://management.azure.com:443')
  .get('/subscriptions/e33f361b-53c2-4cc7-b829-78906708387b/resourceGroups/xplatTestGVMStart/providers/Microsoft.Compute/virtualMachines/xplatvmStSp?$expand=instanceView&api-version=2016-03-30')
  .reply(200, "{\r\n  \"properties\": {\r\n    \"vmId\": \"3d45fbb5-cf96-442e-b60e-e4870474e3ac\",\r\n    \"hardwareProfile\": {\r\n      \"vmSize\": \"Standard_DS1\"\r\n    },\r\n    \"storageProfile\": {\r\n      \"imageReference\": {\r\n        \"publisher\": \"canonical\",\r\n        \"offer\": \"UbuntuServer\",\r\n        \"sku\": \"15.10\",\r\n        \"version\": \"15.10.201602040\"\r\n      },\r\n      \"osDisk\": {\r\n        \"osType\": \"Linux\",\r\n        \"name\": \"cli829f295a13620d34-os-1462262229077\",\r\n        \"createOption\": \"FromImage\",\r\n        \"vhd\": {\r\n          \"uri\": \"https://xplattstoragestsp5492.blob.core.windows.net/xplatteststoragecntstsp/cli829f295a13620d34-os-1462262229077.vhd\"\r\n        },\r\n        \"caching\": \"ReadWrite\"\r\n      },\r\n      \"dataDisks\": []\r\n    },\r\n    \"osProfile\": {\r\n      \"computerName\": \"xplatvmStSp\",\r\n      \"adminUsername\": \"azureuser\",\r\n      \"linuxConfiguration\": {\r\n        \"disablePasswordAuthentication\": false,\r\n        \"ssh\": {\r\n          \"publicKeys\": [\r\n            {\r\n              \"path\": \"/home/azureuser/.ssh/authorized_keys\",\r\n              \"keyData\": \"MIID/zCCAuegAwIBAgIJAMUAa+XVLvAeMA0GCSqGSIb3DQEBBQUAMIGVMQswCQYD\\r\\nVQQGEwJJbjESMBAGA1UECAwJS2FybmF0YWthMRIwEAYDVQQHDAlCYW5nYWxvcmUx\\r\\nEDAOBgNVBAoMB2JyaWxsaW8xEjAQBgNVBAsMCW1pY3Jvc29mdDEQMA4GA1UEAwwH\\r\\nYnJpbGxpbzEmMCQGCSqGSIb3DQEJARYXc3JlZWthbnRoYnNAeWFob28uY28uaW4w\\r\\nHhcNMTUwMzA1MTE1MzEyWhcNMTYwMzA0MTE1MzEyWjCBlTELMAkGA1UEBhMCSW4x\\r\\nEjAQBgNVBAgMCUthcm5hdGFrYTESMBAGA1UEBwwJQmFuZ2Fsb3JlMRAwDgYDVQQK\\r\\nDAdicmlsbGlvMRIwEAYDVQQLDAltaWNyb3NvZnQxEDAOBgNVBAMMB2JyaWxsaW8x\\r\\nJjAkBgkqhkiG9w0BCQEWF3NyZWVrYW50aGJzQHlhaG9vLmNvLmluMIIBIjANBgkq\\r\\nhkiG9w0BAQEFAAOCAQ8AMIIBCgKCAQEAyUNKaOuT0NK+S8Ck81zy9xJ6hXfZvAC6\\r\\nlhbmf/6s/WVimJ/TX5NMhQJwC9k6ZIF92KfYrojHNvHDufSZ3EtKUVwRFCDjmgMT\\r\\nDL09WkGaZt7gROYFK0iZ4KrYGovUwlwum9fHB24OJiOV4bi0ek62/rHx9fjYZpvp\\r\\naIH2PV/hN8SCZ0x7HJMberD4gVoU/Kv42nNvwjLUW6IZfVx/Gv5OeFDtWHfSvUEF\\r\\ndadHKTPn3Ab20Iu6gZIbLO9Vuf38/IpaYGfnFCouHdzmiTiLieYNe3CUPcOJNSv7\\r\\n1G8KYpx3uNJRkJPab5OsRyJw75Gvzkr9OgaPss9tVD6Gt68u3WQtVQIDAQABo1Aw\\r\\nTjAdBgNVHQ4EFgQUogvhXB+xZ2JJPfLO6cVs4ForzscwHwYDVR0jBBgwFoAUogvh\\r\\nXB+xZ2JJPfLO6cVs4ForzscwDAYDVR0TBAUwAwEB/zANBgkqhkiG9w0BAQUFAAOC\\r\\nAQEAdDj7qUNJ45xlF5cjd+4x5NHvAD1VTjOKu+Xh/uzSSjXqB2F0aOMWA9lx0qaQ\\r\\noJgHkGxj3zz/W7ik/cVGL2O+vRIOKv/y0OPogEmS3Hw+P+O6OGE7x1G6YN0zLVoL\\r\\nu4BN/BEYmjttxM9I7qqL7C5cJoE+K3s/w1/pt/68ohJcr7F9Ohi7cso62xuGY1Rm\\r\\nksAh2EUDsU9JV/P+C9AMpLSrb03JJYzVj4w1RHbrmw2AjFyGXdQYkggyXisg+Ifr\\r\\n5gbNN7HigpHf7b2i3CQBUqp9m23frh5AhnLI2qp3UXgc52U5ieLdi/t6j0TTZqqY\\r\\nHhHqofKrj938HHlBNpC5/LVh3w==\\r\\n\"\r\n            }\r\n          ]\r\n        }\r\n      },\r\n      \"secrets\": []\r\n    },\r\n    \"networkProfile\": {\"networkInterfaces\":[{\"id\":\"/subscriptions/e33f361b-53c2-4cc7-b829-78906708387b/resourceGroups/xplatTestGVMStart/providers/Microsoft.Network/networkInterfaces/xplattestnicStSp\"}]},\r\n    \"diagnosticsProfile\": {\r\n      \"bootDiagnostics\": {\r\n        \"enabled\": true,\r\n        \"storageUri\": \"https://xplattstoragestsp5492.blob.core.windows.net/\"\r\n      }\r\n    },\r\n    \"provisioningState\": \"Succeeded\",\r\n    \"instanceView\": {\r\n      \"vmAgent\": {\r\n        \"vmAgentVersion\": \"2.1.2\",\r\n        \"statuses\": [\r\n          {\r\n            \"code\": \"ProvisioningState/succeeded\",\r\n            \"level\": \"Info\",\r\n            \"displayStatus\": \"Ready\",\r\n            \"message\": \"Guest Agent is running\",\r\n            \"time\": \"2016-05-03T08:00:46+00:00\"\r\n          }\r\n        ],\r\n        \"extensionHandlers\": []\r\n      },\r\n      \"disks\": [\r\n        {\r\n          \"name\": \"cli829f295a13620d34-os-1462262229077\",\r\n          \"statuses\": [\r\n            {\r\n              \"code\": \"ProvisioningState/succeeded\",\r\n              \"level\": \"Info\",\r\n              \"displayStatus\": \"Provisioning succeeded\",\r\n              \"time\": \"2016-05-03T07:59:19.5083323+00:00\"\r\n            }\r\n          ]\r\n        }\r\n      ],\r\n      \"bootDiagnostics\": {\r\n        \"consoleScreenshotBlobUri\": \"https://xplattstoragestsp5492.blob.core.windows.net/bootdiagnostics-xplatvmst-3d45fbb5-cf96-442e-b60e-e4870474e3ac/xplatvmStSp.3d45fbb5-cf96-442e-b60e-e4870474e3ac.screenshot.bmp\",\r\n        \"serialConsoleLogBlobUri\": \"https://xplattstoragestsp5492.blob.core.windows.net/bootdiagnostics-xplatvmst-3d45fbb5-cf96-442e-b60e-e4870474e3ac/xplatvmStSp.3d45fbb5-cf96-442e-b60e-e4870474e3ac.serialconsole.log\"\r\n      },\r\n      \"statuses\": [\r\n        {\r\n          \"code\": \"ProvisioningState/succeeded\",\r\n          \"level\": \"Info\",\r\n          \"displayStatus\": \"Provisioning succeeded\",\r\n          \"time\": \"2016-05-03T08:00:44.2100508+00:00\"\r\n        },\r\n        {\r\n          \"code\": \"PowerState/running\",\r\n          \"level\": \"Info\",\r\n          \"displayStatus\": \"VM running\"\r\n        }\r\n      ]\r\n    }\r\n  },\r\n  \"id\": \"/subscriptions/e33f361b-53c2-4cc7-b829-78906708387b/resourceGroups/xplatTestGVMStart/providers/Microsoft.Compute/virtualMachines/xplatvmStSp\",\r\n  \"name\": \"xplatvmStSp\",\r\n  \"type\": \"Microsoft.Compute/virtualMachines\",\r\n  \"location\": \"southeastasia\",\r\n  \"tags\": {}\r\n}", { 'cache-control': 'no-cache',
  pragma: 'no-cache',
  'content-length': '4923',
  'content-type': 'application/json; charset=utf-8',
  expires: '-1',
  'strict-transport-security': 'max-age=31536000; includeSubDomains',
  'x-ms-served-by': 'dce02487-9cda-4782-8138-773eb1573792_131067325081471056',
  'x-ms-request-id': '211fad0b-b058-4ab1-92a7-d1fe68fea589',
  server: 'Microsoft-HTTPAPI/2.0, Microsoft-HTTPAPI/2.0',
  'x-ms-ratelimit-remaining-subscription-reads': '14990',
  'x-ms-correlation-request-id': 'fbf6bd01-ab44-4ab3-a95e-1287cafe9de3',
  'x-ms-routing-request-id': 'WESTUS:20160503T080055Z:fbf6bd01-ab44-4ab3-a95e-1287cafe9de3',
  date: 'Tue, 03 May 2016 08:00:55 GMT',
  connection: 'close' });
 return result; },
function (nock) { 
var result = 
nock('https://management.azure.com:443')
  .get('/subscriptions/e33f361b-53c2-4cc7-b829-78906708387b/resourceGroups/xplatTestGVMStart/providers/Microsoft.Compute/virtualMachines/xplatvmStSp?$expand=instanceView&api-version=2016-03-30')
  .reply(200, "{\r\n  \"properties\": {\r\n    \"vmId\": \"3d45fbb5-cf96-442e-b60e-e4870474e3ac\",\r\n    \"hardwareProfile\": {\r\n      \"vmSize\": \"Standard_DS1\"\r\n    },\r\n    \"storageProfile\": {\r\n      \"imageReference\": {\r\n        \"publisher\": \"canonical\",\r\n        \"offer\": \"UbuntuServer\",\r\n        \"sku\": \"15.10\",\r\n        \"version\": \"15.10.201602040\"\r\n      },\r\n      \"osDisk\": {\r\n        \"osType\": \"Linux\",\r\n        \"name\": \"cli829f295a13620d34-os-1462262229077\",\r\n        \"createOption\": \"FromImage\",\r\n        \"vhd\": {\r\n          \"uri\": \"https://xplattstoragestsp5492.blob.core.windows.net/xplatteststoragecntstsp/cli829f295a13620d34-os-1462262229077.vhd\"\r\n        },\r\n        \"caching\": \"ReadWrite\"\r\n      },\r\n      \"dataDisks\": []\r\n    },\r\n    \"osProfile\": {\r\n      \"computerName\": \"xplatvmStSp\",\r\n      \"adminUsername\": \"azureuser\",\r\n      \"linuxConfiguration\": {\r\n        \"disablePasswordAuthentication\": false,\r\n        \"ssh\": {\r\n          \"publicKeys\": [\r\n            {\r\n              \"path\": \"/home/azureuser/.ssh/authorized_keys\",\r\n              \"keyData\": \"MIID/zCCAuegAwIBAgIJAMUAa+XVLvAeMA0GCSqGSIb3DQEBBQUAMIGVMQswCQYD\\r\\nVQQGEwJJbjESMBAGA1UECAwJS2FybmF0YWthMRIwEAYDVQQHDAlCYW5nYWxvcmUx\\r\\nEDAOBgNVBAoMB2JyaWxsaW8xEjAQBgNVBAsMCW1pY3Jvc29mdDEQMA4GA1UEAwwH\\r\\nYnJpbGxpbzEmMCQGCSqGSIb3DQEJARYXc3JlZWthbnRoYnNAeWFob28uY28uaW4w\\r\\nHhcNMTUwMzA1MTE1MzEyWhcNMTYwMzA0MTE1MzEyWjCBlTELMAkGA1UEBhMCSW4x\\r\\nEjAQBgNVBAgMCUthcm5hdGFrYTESMBAGA1UEBwwJQmFuZ2Fsb3JlMRAwDgYDVQQK\\r\\nDAdicmlsbGlvMRIwEAYDVQQLDAltaWNyb3NvZnQxEDAOBgNVBAMMB2JyaWxsaW8x\\r\\nJjAkBgkqhkiG9w0BCQEWF3NyZWVrYW50aGJzQHlhaG9vLmNvLmluMIIBIjANBgkq\\r\\nhkiG9w0BAQEFAAOCAQ8AMIIBCgKCAQEAyUNKaOuT0NK+S8Ck81zy9xJ6hXfZvAC6\\r\\nlhbmf/6s/WVimJ/TX5NMhQJwC9k6ZIF92KfYrojHNvHDufSZ3EtKUVwRFCDjmgMT\\r\\nDL09WkGaZt7gROYFK0iZ4KrYGovUwlwum9fHB24OJiOV4bi0ek62/rHx9fjYZpvp\\r\\naIH2PV/hN8SCZ0x7HJMberD4gVoU/Kv42nNvwjLUW6IZfVx/Gv5OeFDtWHfSvUEF\\r\\ndadHKTPn3Ab20Iu6gZIbLO9Vuf38/IpaYGfnFCouHdzmiTiLieYNe3CUPcOJNSv7\\r\\n1G8KYpx3uNJRkJPab5OsRyJw75Gvzkr9OgaPss9tVD6Gt68u3WQtVQIDAQABo1Aw\\r\\nTjAdBgNVHQ4EFgQUogvhXB+xZ2JJPfLO6cVs4ForzscwHwYDVR0jBBgwFoAUogvh\\r\\nXB+xZ2JJPfLO6cVs4ForzscwDAYDVR0TBAUwAwEB/zANBgkqhkiG9w0BAQUFAAOC\\r\\nAQEAdDj7qUNJ45xlF5cjd+4x5NHvAD1VTjOKu+Xh/uzSSjXqB2F0aOMWA9lx0qaQ\\r\\noJgHkGxj3zz/W7ik/cVGL2O+vRIOKv/y0OPogEmS3Hw+P+O6OGE7x1G6YN0zLVoL\\r\\nu4BN/BEYmjttxM9I7qqL7C5cJoE+K3s/w1/pt/68ohJcr7F9Ohi7cso62xuGY1Rm\\r\\nksAh2EUDsU9JV/P+C9AMpLSrb03JJYzVj4w1RHbrmw2AjFyGXdQYkggyXisg+Ifr\\r\\n5gbNN7HigpHf7b2i3CQBUqp9m23frh5AhnLI2qp3UXgc52U5ieLdi/t6j0TTZqqY\\r\\nHhHqofKrj938HHlBNpC5/LVh3w==\\r\\n\"\r\n            }\r\n          ]\r\n        }\r\n      },\r\n      \"secrets\": []\r\n    },\r\n    \"networkProfile\": {\"networkInterfaces\":[{\"id\":\"/subscriptions/e33f361b-53c2-4cc7-b829-78906708387b/resourceGroups/xplatTestGVMStart/providers/Microsoft.Network/networkInterfaces/xplattestnicStSp\"}]},\r\n    \"diagnosticsProfile\": {\r\n      \"bootDiagnostics\": {\r\n        \"enabled\": true,\r\n        \"storageUri\": \"https://xplattstoragestsp5492.blob.core.windows.net/\"\r\n      }\r\n    },\r\n    \"provisioningState\": \"Succeeded\",\r\n    \"instanceView\": {\r\n      \"vmAgent\": {\r\n        \"vmAgentVersion\": \"2.1.2\",\r\n        \"statuses\": [\r\n          {\r\n            \"code\": \"ProvisioningState/succeeded\",\r\n            \"level\": \"Info\",\r\n            \"displayStatus\": \"Ready\",\r\n            \"message\": \"Guest Agent is running\",\r\n            \"time\": \"2016-05-03T08:00:46+00:00\"\r\n          }\r\n        ],\r\n        \"extensionHandlers\": []\r\n      },\r\n      \"disks\": [\r\n        {\r\n          \"name\": \"cli829f295a13620d34-os-1462262229077\",\r\n          \"statuses\": [\r\n            {\r\n              \"code\": \"ProvisioningState/succeeded\",\r\n              \"level\": \"Info\",\r\n              \"displayStatus\": \"Provisioning succeeded\",\r\n              \"time\": \"2016-05-03T07:59:19.5083323+00:00\"\r\n            }\r\n          ]\r\n        }\r\n      ],\r\n      \"bootDiagnostics\": {\r\n        \"consoleScreenshotBlobUri\": \"https://xplattstoragestsp5492.blob.core.windows.net/bootdiagnostics-xplatvmst-3d45fbb5-cf96-442e-b60e-e4870474e3ac/xplatvmStSp.3d45fbb5-cf96-442e-b60e-e4870474e3ac.screenshot.bmp\",\r\n        \"serialConsoleLogBlobUri\": \"https://xplattstoragestsp5492.blob.core.windows.net/bootdiagnostics-xplatvmst-3d45fbb5-cf96-442e-b60e-e4870474e3ac/xplatvmStSp.3d45fbb5-cf96-442e-b60e-e4870474e3ac.serialconsole.log\"\r\n      },\r\n      \"statuses\": [\r\n        {\r\n          \"code\": \"ProvisioningState/succeeded\",\r\n          \"level\": \"Info\",\r\n          \"displayStatus\": \"Provisioning succeeded\",\r\n          \"time\": \"2016-05-03T08:00:44.2100508+00:00\"\r\n        },\r\n        {\r\n          \"code\": \"PowerState/running\",\r\n          \"level\": \"Info\",\r\n          \"displayStatus\": \"VM running\"\r\n        }\r\n      ]\r\n    }\r\n  },\r\n  \"id\": \"/subscriptions/e33f361b-53c2-4cc7-b829-78906708387b/resourceGroups/xplatTestGVMStart/providers/Microsoft.Compute/virtualMachines/xplatvmStSp\",\r\n  \"name\": \"xplatvmStSp\",\r\n  \"type\": \"Microsoft.Compute/virtualMachines\",\r\n  \"location\": \"southeastasia\",\r\n  \"tags\": {}\r\n}", { 'cache-control': 'no-cache',
  pragma: 'no-cache',
  'content-length': '4923',
  'content-type': 'application/json; charset=utf-8',
  expires: '-1',
  'strict-transport-security': 'max-age=31536000; includeSubDomains',
  'x-ms-served-by': 'dce02487-9cda-4782-8138-773eb1573792_131067325081471056',
  'x-ms-request-id': '211fad0b-b058-4ab1-92a7-d1fe68fea589',
  server: 'Microsoft-HTTPAPI/2.0, Microsoft-HTTPAPI/2.0',
  'x-ms-ratelimit-remaining-subscription-reads': '14990',
  'x-ms-correlation-request-id': 'fbf6bd01-ab44-4ab3-a95e-1287cafe9de3',
  'x-ms-routing-request-id': 'WESTUS:20160503T080055Z:fbf6bd01-ab44-4ab3-a95e-1287cafe9de3',
  date: 'Tue, 03 May 2016 08:00:55 GMT',
  connection: 'close' });
 return result; },
function (nock) { 
var result = 
nock('http://management.azure.com:443')
  .post('/subscriptions/e33f361b-53c2-4cc7-b829-78906708387b/resourceGroups/xplatTestGVMStart/providers/Microsoft.Storage/storageAccounts/xplattstoragestsp5492/listKeys?api-version=2016-01-01')
  .reply(200, "{\"keys\":[{\"keyName\":\"key1\",\"permissions\":\"Full\",\"value\":\"aoLFFkFdMlRqUl3ayxvgrtCc5w6R1Or29UlCfK1ut4+Qn29vw8XCEPau9i2LTmXLtiUwHFYyAbYV1Tx11Ko6cA==\"},{\"keyName\":\"key2\",\"permissions\":\"Full\",\"value\":\"QTx51POljOE7G6H9DBzKXicb3QlXn3Hk4HhQmkI07UORXf2n9HkpkPgWIBpeMVMd///KlEGVpQr91l5zeFxvAQ==\"}]}\n", { 'cache-control': 'no-cache',
  pragma: 'no-cache',
  'content-length': '289',
  'content-type': 'application/json',
  expires: '-1',
  'x-ms-request-id': 'b1f2f4e2-3d56-483c-8665-48ba9dc79782',
  server: 'Microsoft-Azure-Storage-Resource-Provider/1.0, Microsoft-HTTPAPI/2.0',
  'x-ms-ratelimit-remaining-subscription-writes': '1199',
  'x-ms-correlation-request-id': 'b1f2f4e2-3d56-483c-8665-48ba9dc79782',
  'x-ms-routing-request-id': 'WESTUS:20160503T080056Z:b1f2f4e2-3d56-483c-8665-48ba9dc79782',
  'strict-transport-security': 'max-age=31536000; includeSubDomains',
  date: 'Tue, 03 May 2016 08:00:55 GMT',
  connection: 'close' });
 return result; },
function (nock) { 
var result = 
nock('https://management.azure.com:443')
  .post('/subscriptions/e33f361b-53c2-4cc7-b829-78906708387b/resourceGroups/xplatTestGVMStart/providers/Microsoft.Storage/storageAccounts/xplattstoragestsp5492/listKeys?api-version=2016-01-01')
  .reply(200, "{\"keys\":[{\"keyName\":\"key1\",\"permissions\":\"Full\",\"value\":\"aoLFFkFdMlRqUl3ayxvgrtCc5w6R1Or29UlCfK1ut4+Qn29vw8XCEPau9i2LTmXLtiUwHFYyAbYV1Tx11Ko6cA==\"},{\"keyName\":\"key2\",\"permissions\":\"Full\",\"value\":\"QTx51POljOE7G6H9DBzKXicb3QlXn3Hk4HhQmkI07UORXf2n9HkpkPgWIBpeMVMd///KlEGVpQr91l5zeFxvAQ==\"}]}\n", { 'cache-control': 'no-cache',
  pragma: 'no-cache',
  'content-length': '289',
  'content-type': 'application/json',
  expires: '-1',
  'x-ms-request-id': 'b1f2f4e2-3d56-483c-8665-48ba9dc79782',
  server: 'Microsoft-Azure-Storage-Resource-Provider/1.0, Microsoft-HTTPAPI/2.0',
  'x-ms-ratelimit-remaining-subscription-writes': '1199',
  'x-ms-correlation-request-id': 'b1f2f4e2-3d56-483c-8665-48ba9dc79782',
  'x-ms-routing-request-id': 'WESTUS:20160503T080056Z:b1f2f4e2-3d56-483c-8665-48ba9dc79782',
  'strict-transport-security': 'max-age=31536000; includeSubDomains',
  date: 'Tue, 03 May 2016 08:00:55 GMT',
  connection: 'close' });
 return result; },
function (nock) { 
var result = 
nock('http://xplattstoragestsp5492.blob.core.windows.net:443')
  .head('/bootdiagnostics-xplatvmst-3d45fbb5-cf96-442e-b60e-e4870474e3ac/xplatvmStSp.3d45fbb5-cf96-442e-b60e-e4870474e3ac.serialconsole.log')
  .reply(200, "", { 'content-length': '50688',
  'content-type': 'text/plain',
  'last-modified': 'Tue, 03 May 2016 08:00:40 GMT',
  'accept-ranges': 'bytes',
  etag: '"0x8D3732904D2F4FD"',
  server: 'Windows-Azure-Blob/1.0 Microsoft-HTTPAPI/2.0',
  'x-ms-request-id': 'a6d8f717-0001-0029-0b11-a57745000000',
  'x-ms-version': '2015-02-21',
  'x-ms-write-protection': 'false',
  'x-ms-lease-status': 'unlocked',
  'x-ms-lease-state': 'available',
  'x-ms-blob-type': 'PageBlob',
  'x-ms-blob-sequence-number': '0',
  date: 'Tue, 03 May 2016 08:00:56 GMT',
  connection: 'close' });
 return result; },
function (nock) { 
var result = 
nock('https://xplattstoragestsp5492.blob.core.windows.net:443')
  .head('/bootdiagnostics-xplatvmst-3d45fbb5-cf96-442e-b60e-e4870474e3ac/xplatvmStSp.3d45fbb5-cf96-442e-b60e-e4870474e3ac.serialconsole.log')
  .reply(200, "", { 'content-length': '50688',
  'content-type': 'text/plain',
  'last-modified': 'Tue, 03 May 2016 08:00:40 GMT',
  'accept-ranges': 'bytes',
  etag: '"0x8D3732904D2F4FD"',
  server: 'Windows-Azure-Blob/1.0 Microsoft-HTTPAPI/2.0',
  'x-ms-request-id': 'a6d8f717-0001-0029-0b11-a57745000000',
  'x-ms-version': '2015-02-21',
  'x-ms-write-protection': 'false',
  'x-ms-lease-status': 'unlocked',
  'x-ms-lease-state': 'available',
  'x-ms-blob-type': 'PageBlob',
  'x-ms-blob-sequence-number': '0',
  date: 'Tue, 03 May 2016 08:00:56 GMT',
  connection: 'close' });
 return result; },
function (nock) { 
var result = 
nock('http://xplattstoragestsp5492.blob.core.windows.net:443')
  .get('/bootdiagnostics-xplatvmst-3d45fbb5-cf96-442e-b60e-e4870474e3ac/xplatvmStSp.3d45fbb5-cf96-442e-b60e-e4870474e3ac.serialconsole.log')
  .reply(200, "\u001b[H\u001b[J\u001b[1;1H[    0.000000] Initializing cgroup subsys cpuset\r\n[    0.000000] Initializing cgroup subsys cpu\r\n[    0.000000] Initializing cgroup subsys cpuacct\r\n[    0.000000] Linux version 4.2.0-27-generic (buildd@lgw01-12) (gcc version 5.2.1 20151010 (Ubuntu 5.2.1-22ubuntu2) ) #32-Ubuntu SMP Fri Jan 22 04:49:08 UTC 2016 (Ubuntu 4.2.0-27.32-generic 4.2.8-ckt1)\r\n[    0.000000] Command line: BOOT_IMAGE=/boot/vmlinuz-4.2.0-27-generic root=UUID=00dbac90-0d84-46e7-b813-31837bb7b225 ro console=tty1 console=ttyS0 earlyprintk=ttyS0 rootdelay=300\r\n[    0.000000] KERNEL supported cpus:\r\n[    0.000000]   Intel GenuineIntel\r\n[    0.000000]   AMD AuthenticAMD\r\n[    0.000000]   Centaur CentaurHauls\r\n[    0.000000] x86/fpu: xstate_offset[2]: 0240, xstate_sizes[2]: 0100\r\n[    0.000000] x86/fpu: Supporting XSAVE feature 0x01: 'x87 floating point registers'\r\n[    0.000000] x86/fpu: Supporting XSAVE feature 0x02: 'SSE registers'\r\n[    0.000000] x86/fpu: Supporting XSAVE feature 0x04: 'AVX registers'\r\n[    0.000000] x86/fpu: Enabled xstate features 0x7, context size is 0x340 bytes, using 'standard' format.\r\n[    0.000000] x86/fpu: Using 'eager' FPU context switches.\r\n[    0.000000] e820: BIOS-provided physical RAM map:\r\n[    0.000000] BIOS-e820: [mem 0x0000000000000000-0x000000000009fbff] usable\r\n[    0.000000] BIOS-e820: [mem 0x000000000009fc00-0x000000000009ffff] reserved\r\n[    0.000000] BIOS-e820: [mem 0x00000000000e0000-0x00000000000fffff] reserved\r\n[    0.000000] BIOS-e820: [mem 0x0000000000100000-0x000000001ffeffff] usable\r\n[    0.000000] BIOS-e820: [mem 0x000000001fff0000-0x000000001fffefff] ACPI data\r\n[    0.000000] BIOS-e820: [mem 0x000000001ffff000-0x000000001fffffff] ACPI NVS\r\n[    0.000000] BIOS-e820: [mem 0x0000000100000000-0x00000001bfffffff] usable\r\n[    0.000000] bootconsole [earlyser0] enabled\r\n[    0.000000] NX (Execute Disable) protection: active\r\n[    0.000000] SMBIOS 2.3 present.\r\n[    0.000000] Hypervisor detected: Microsoft HyperV\r\n[    0.000000] HyperV: features 0xe7f, hints 0x2c\r\n[    0.000000] HyperV: LAPIC Timer Frequency: 0xc3500\r\n[    0.000000] clocksource: hyperv_clocksource: mask: 0xffffffffffffffff max_cycles: 0x24e6a1710, max_idle_ns: 440795202120 ns\r\n[    0.000000] tsc: Marking TSC unstable due to running on Hyper-V\r\n[    0.000000] e820: last_pfn = 0x1c0000 max_arch_pfn = 0x400000000\r\n[    0.000000] x86/PAT: Configuration [0-7]: WB  WC  UC- UC  WB  WC  UC- WT  \r\n[    0.000000] e820: last_pfn = 0x1fff0 max_arch_pfn = 0x400000000\r\n[    0.000000] found SMP MP-table at [mem 0x000ff780-0x000ff78f] mapped at [ffff8800000ff780]\r\n[    0.000000] Scanning 1 areas for low memory corruption\r\n[    0.000000] init_memory_mapping: [mem 0x00000000-0x000fffff]\r\n[    0.000000] init_memory_mapping: [mem 0x1bfe00000-0x1bfffffff]\r\n[    0.000000] init_memory_mapping: [mem 0x1a0000000-0x1bfdfffff]\r\n[    0.000000] init_memory_mapping: [mem 0x00100000-0x1ffeffff]\r\n[    0.000000] init_memory_mapping: [mem 0x100000000-0x19fffffff]\r\n[    0.000000] RAMDISK: [mem 0x1d9ee000-0x1f7b1fff]\r\n[    0.000000] ACPI: Early table checksum verification disabled\r\n[    0.000000] ACPI: RSDP 0x00000000000F56F0 000014 (v00 ACPIAM)\r\n[    0.000000] ACPI: RSDT 0x000000001FFF0000 000040 (v01 VRTUAL MICROSFT 05001223 MSFT 00000097)\r\n[    0.000000] ACPI: FACP 0x000000001FFF0200 000081 (v02 VRTUAL MICROSFT 05001223 MSFT 00000097)\r\n[    0.000000] ACPI: DSDT 0x000000001FFF1724 002E78 (v01 MSFTVM MSFTVM02 00000002 INTL 02002026)\r\n[    0.000000] ACPI: FACS 0x000000001FFFF000 000040\r\n[    0.000000] ACPI: WAET 0x000000001FFF1480 000028 (v01 VRTUAL MICROSFT 05001223 MSFT 00000097)\r\n[    0.000000] ACPI: SLIC 0x000000001FFF14C0 000176 (v01 VRTUAL MICROSFT 05001223 MSFT 00000097)\r\n[    0.000000] ACPI: OEM0 0x000000001FFF16C0 000064 (v01 VRTUAL MICROSFT 05001223 MSFT 00000097)\r\n[    0.000000] ACPI: SRAT 0x000000001FFF0600 000090 (v02 VRTUAL MICROSFT 00000001 MSFT 00000001)\r\n[    0.000000] ACPI: APIC 0x000000001FFF0300 00024C (v01 VRTUAL MICROSFT 05001223 MSFT 00000097)\r\n[    0.000000] ACPI: OEMB 0x000000001FFFF040 000064 (v01 VRTUAL MICROSFT 05001223 MSFT 00000097)\r\n[    0.000000] SRAT: PXM 0 -> APIC 0x00 -> Node 0\r\n[    0.000000] SRAT: Node 0 PXM 0 [mem 0x00000000-0x1fffffff]\r\n[    0.000000] SRAT: Node 0 PXM 0 [mem 0x100000000-0x1bfffffff]\r\n[    0.000000] NUMA: Node 0 [mem 0x00000000-0x1fffffff] + [mem 0x100000000-0x1bfffffff] -> [mem 0x00000000-0x1bfffffff]\r\n[    0.000000] NODE_DATA(0) allocated [mem 0x1bfffa000-0x1bfffefff]\r\n[    0.000000] Zone ranges:\r\n[    0.000000]   DMA      [mem 0x0000000000001000-0x0000000000ffffff]\r\n[    0.000000]   DMA32    [mem 0x0000000001000000-0x00000000ffffffff]\r\n[    0.000000]   Normal   [mem 0x0000000100000000-0x00000001bfffffff]\r\n[    0.000000] Movable zone start for each node\r\n[    0.000000] Early memory node ranges\r\n[    0.000000]   node   0: [mem 0x0000000000001000-0x000000000009efff]\r\n[    0.000000]   node   0: [mem 0x0000000000100000-0x000000001ffeffff]\r\n[    0.000000]   node   0: [mem 0x0000000100000000-0x00000001bfffffff]\r\n[    0.000000] Initmem setup node 0 [mem 0x0000000000001000-0x00000001bfffffff]\r\n[    0.000000] ACPI: PM-Timer IO Port: 0x408\r\n[    0.000000] IOAPIC[0]: apic_id 0, version 17, address 0xfec00000, GSI 0-23\r\n[    0.000000] ACPI: INT_SRC_OVR (bus 0 bus_irq 0 global_irq 2 dfl dfl)\r\n[    0.000000] ACPI: INT_SRC_OVR (bus 0 bus_irq 9 global_irq 9 high level)\r\n[    0.000000] Using ACPI (MADT) for SMP configuration information\r\n[    0.000000] smpboot: Allowing 64 CPUs, 63 hotplug CPUs\r\n[    0.000000] PM: Registered nosave memory: [mem 0x00000000-0x00000fff]\r\n[    0.000000] PM: Registered nosave memory: [mem 0x0009f000-0x0009ffff]\r\n[    0.000000] PM: Registered nosave memory: [mem 0x000a0000-0x000dffff]\r\n[    0.000000] PM: Registered nosave memory: [mem 0x000e0000-0x000fffff]\r\n[    0.000000] PM: Registered nosave memory: [mem 0x1fff0000-0x1fffefff]\r\n[    0.000000] PM: Registered nosave memory: [mem 0x1ffff000-0x1fffffff]\r\n[    0.000000] PM: Registered nosave memory: [mem 0x20000000-0xffffffff]\r\n[    0.000000] e820: [mem 0x20000000-0xffffffff] available for PCI devices\r\n[    0.000000] Booting paravirtualized kernel on bare hardware\r\n[    0.000000] clocksource: refined-jiffies: mask: 0xffffffff max_cycles: 0xffffffff, max_idle_ns: 7645519600211568 ns\r\n[    0.000000] setup_percpu: NR_CPUS:256 nr_cpumask_bits:256 nr_cpu_ids:64 nr_node_ids:1\r\n[    0.000000] PERCPU: Embedded 33 pages/cpu @ffff8801bae00000 s96728 r8192 d30248 u262144\r\n[    0.000000] Built 1 zonelists in Node order, mobility grouping on.  Total pages: 903033\r\n[    0.000000] Policy zone: Normal\r\n[    0.000000] Kernel command line: BOOT_IMAGE=/boot/vmlinuz-4.2.0-27-generic root=UUID=00dbac90-0d84-46e7-b813-31837bb7b225 ro console=tty1 console=ttyS0 earlyprintk=ttyS0 rootdelay=300\r\n[    0.000000] log_buf_len individual max cpu contribution: 4096 bytes\r\n[    0.000000] log_buf_len total cpu_extra contributions: 258048 bytes\r\n[    0.000000] log_buf_len min size: 262144 bytes\r\n[    0.000000] log_buf_len: 524288 bytes\r\n[    0.000000] early log buf free: 252360(96%)\r\n[    0.000000] PID hash table entries: 4096 (order: 3, 32768 bytes)\r\n[    0.000000] Memory: 3490024K/3669560K available (8154K kernel code, 1238K rwdata, 3804K rodata, 1460K init, 1292K bss, 179536K reserved, 0K cma-reserved)\r\n[    0.000000] SLUB: HWalign=64, Order=0-3, MinObjects=0, CPUs=64, Nodes=1\r\n[    0.000000] Hierarchical RCU implementation.\r\n[    0.000000] \tBuild-time adjustment of leaf fanout to 64.\r\n[    0.000000] \tRCU restricting CPUs from NR_CPUS=256 to nr_cpu_ids=64.\r\n[    0.000000] RCU: Adjusting geometry for rcu_fanout_leaf=64, nr_cpu_ids=64\r\n[    0.000000] NR_IRQS:16640 nr_irqs:936 16\r\n[    0.000000] \tOffload RCU callbacks from all CPUs\r\n[    0.000000] \tOffload RCU callbacks from CPUs: 0-63.\r\n[    0.000000] Console: colour VGA+ 80x25\r\n[    0.000000] console [tty1] enabled\r\n[    0.000000] console [ttyS0] enabled\r\n[    0.000000] console [ttyS0] enabled\r\n[    0.000000] bootconsole [earlyser0] disabled\r\n[    0.000000] bootconsole [earlyser0] disabled\r\n[    0.000000] tsc: Unable to calibrate against PIT\r\n[    0.000000] tsc: using PMTIMER reference calibration\r\n[    0.000000] tsc: Detected 2194.488 MHz processor\r\n[    0.016036] Calibrating delay loop (skipped), value calculated using timer frequency.. 4388.97 BogoMIPS (lpj=8777952)\r\n[    0.022130] pid_max: default: 65536 minimum: 512\r\n[    0.024036] ACPI: Core revision 20150619\r\n[    0.028857] ACPI: All ACPI Tables successfully acquired\r\n[    0.032124] Security Framework initialized\r\n[    0.033676] AppArmor: AppArmor initialized\r\n[    0.036019] Yama: becoming mindful.\r\n[    0.037773] Dentry cache hash table entries: 524288 (order: 10, 4194304 bytes)\r\n[    0.040831] Inode-cache hash table entries: 262144 (order: 9, 2097152 bytes)\r\n[    0.044509] Mount-cache hash table entries: 8192 (order: 4, 65536 bytes)\r\n[    0.046160] Mountpoint-cache hash table entries: 8192 (order: 4, 65536 bytes)\r\n[    0.048334] Initializing cgroup subsys blkio\r\n[    0.049768] Initializing cgroup subsys memory\r\n[    0.052053] Initializing cgroup subsys devices\r\n[    0.053510] Initializing cgroup subsys freezer\r\n[    0.054985] Initializing cgroup subsys net_cls\r\n[    0.056023] Initializing cgroup subsys perf_event\r\n[    0.057913] Initializing cgroup subsys net_prio\r\n[    0.060023] Initializing cgroup subsys hugetlb\r\n[    0.061593] mce: CPU supports 1 MCE banks\r\n[    0.063052] Last level iTLB entries: 4KB 512, 2MB 8, 4MB 8\r\n[    0.064031] Last level dTLB entries: 4KB 512, 2MB 32, 4MB 32, 1GB 0\r\n[    0.090223] ftrace: allocating 30933 entries in 121 pages\r\n[    0.104243] Switched APIC routing to physical flat.\r\n[    0.122459] ..TIMER: vector=0x30 apic1=0 pin1=2 apic2=-1 pin2=-1\r\n[    0.124112] smpboot: CPU0: Intel(R) Xeon(R) CPU E5-2660 0 @ 2.20GHz (fam: 06, model: 2d, stepping: 07)\r\n[    0.127799] Performance Events: unsupported p6 CPU model 45 no PMU driver, software events only.\r\n[    0.131355] x86: Booted up 1 node, 1 CPUs\r\n[    0.132007] smpboot: Total of 1 processors activated (4388.97 BogoMIPS)\r\n[    0.136011] NMI watchdog: disabled (cpu0): hardware events not enabled\r\n[    0.137414] NMI watchdog: Shutting down hard lockup detector on all cpus\r\n[    0.139824] devtmpfs: initialized\r\n[    0.142708] evm: security.selinux\r\n[    0.144003] evm: security.SMACK64\r\n[    0.145197] evm: security.SMACK64EXEC\r\n[    0.146350] evm: security.SMACK64TRANSMUTE\r\n[    0.148002] evm: security.SMACK64MMAP\r\n[    0.149116] evm: security.ima\r\n[    0.150172] evm: security.capability\r\n[    0.151396] PM: Registering ACPI NVS region [mem 0x1ffff000-0x1fffffff] (4096 bytes)\r\n[    0.152097] clocksource: jiffies: mask: 0xffffffff max_cycles: 0xffffffff, max_idle_ns: 7645041785100000 ns\r\n[    0.154089] pinctrl core: initialized pinctrl subsystem\r\n[    0.156423] RTC time:  8:00:05, date: 05/03/16\r\n[    0.157799] NET: Registered protocol family 16\r\n[    0.160095] cpuidle: using governor ladder\r\n[    0.161234] cpuidle: using governor menu\r\n[    0.162473] ACPI: bus type PCI registered\r\n[    0.163595] acpiphp: ACPI Hot Plug PCI Controller Driver version: 0.5\r\n[    0.164342] PCI: Using configuration type 1 for base access\r\n[    0.168261] ACPI: Added _OSI(Module Device)\r\n[    0.169432] ACPI: Added _OSI(Processor Device)\r\n[    0.170605] ACPI: Added _OSI(3.0 _SCP Extensions)\r\n[    0.171783] ACPI: Added _OSI(Processor Aggregator Device)\r\n[    0.174500] ACPI: Interpreter enabled\r\n[    0.176008] ACPI Exception: AE_NOT_FOUND, While evaluating Sleep State [\\_S1_] (20150619/hwxface-580)\r\n[    0.178955] ACPI Exception: AE_NOT_FOUND, While evaluating Sleep State [\\_S2_] (20150619/hwxface-580)\r\n[    0.182039] ACPI Exception: AE_NOT_FOUND, While evaluating Sleep State [\\_S3_] (20150619/hwxface-580)\r\n[    0.185027] ACPI Exception: AE_NOT_FOUND, While evaluating Sleep State [\\_S4_] (20150619/hwxface-580)\r\n[    0.188007] ACPI: (supports S0 S5)\r\n[    0.189084] ACPI: Using IOAPIC for interrupt routing\r\n[    0.190310] PCI: Using host bridge windows from ACPI; if necessary, use \"pci=nocrs\" and report a bug\r\n[    0.202844] ACPI: PCI Root Bridge [PCI0] (domain 0000 [bus 00-ff])\r\n[    0.204008] acpi PNP0A03:00: _OSC: OS supports [ASPM ClockPM Segments MSI]\r\n[    0.205725] acpi PNP0A03:00: _OSC failed (AE_NOT_FOUND); disabling ASPM\r\n[    0.207582] acpi PNP0A03:00: fail to add MMCONFIG information, can't access extended PCI configuration space under this bridge.\r\n[    0.208148] PCI host bridge to bus 0000:00\r\n[    0.209389] pci_bus 0000:00: root bus resource [bus 00-ff]\r\n[    0.212010] pci_bus 0000:00: root bus resource [mem 0xfe0000000-0xfffefffff window]\r\n[    0.213627] pci_bus 0000:00: root bus resource [io  0x0000-0x0cf7 window]\r\n[    0.215043] pci_bus 0000:00: root bus resource [io  0x0d00-0xffff window]\r\n[    0.216004] pci_bus 0000:00: root bus resource [mem 0x000a0000-0x000bffff window]\r\n[    0.217600] pci_bus 0000:00: root bus resource [mem 0x20000000-0xfffbffff window]\r\n[    0.226251] pci 0000:00:07.1: legacy IDE quirk: reg 0x10: [io  0x01f0-0x01f7]\r\n[    0.227675] pci 0000:00:07.1: legacy IDE quirk: reg 0x14: [io  0x03f6]\r\n[    0.228003] pci 0000:00:07.1: legacy IDE quirk: reg 0x18: [io  0x0170-0x0177]\r\n[    0.229729] pci 0000:00:07.1: legacy IDE quirk: reg 0x1c: [io  0x0376]\r\n[    0.232423] * Found PM-Timer Bug on the chipset. Due to workarounds for a bug,\r\n[    0.232423] * this clock source is slow. Consider trying other clock sources\r\n[    0.236741] pci 0000:00:07.3: quirk: [io  0x0400-0x043f] claimed by PIIX4 ACPI\r\n[    0.247531] ACPI: PCI Interrupt Link [LNKA] (IRQs 3 4 5 7 9 10 *11 12 14 15)\r\n[    0.258910] ACPI: PCI Interrupt Link [LNKB] (IRQs 3 4 5 7 9 10 11 12 14 15) *0, disabled.\r\n[    0.269697] ACPI: PCI Interrupt Link [LNKC] (IRQs 3 4 5 7 9 10 11 12 14 15) *0, disabled.\r\n[    0.280192] ACPI: PCI Interrupt Link [LNKD] (IRQs 3 4 5 7 9 10 11 12 14 15) *0, disabled.\r\n[    0.291177] ACPI: Enabled 1 GPEs in block 00 to 0F\r\n[    0.292165] vgaarb: setting as boot device: PCI:0000:00:08.0\r\n[    0.293427] vgaarb: device added: PCI:0000:00:08.0,decodes=io+mem,owns=io+mem,locks=none\r\n[    0.296002] vgaarb: loaded\r\n[    0.297019] vgaarb: bridge control possible 0000:00:08.0\r\n[    0.298486] SCSI subsystem initialized\r\n[    0.300089] ACPI: bus type USB registered\r\n[    0.301234] usbcore: registered new interface driver usbfs\r\n[    0.302497] usbcore: registered new interface driver hub\r\n[    0.304033] usbcore: registered new device driver usb\r\n[    0.305443] PCI: Using ACPI for IRQ routing\r\n[    0.307067] NetLabel: Initializing\r\n[    0.308009] NetLabel:  domain hash size = 128\r\n[    0.309165] NetLabel:  protocols = UNLABELED CIPSOv4\r\n[    0.310385] NetLabel:  unlabeled traffic allowed by default\r\n[    0.312115] clocksource: Switched to clocksource hyperv_clocksource\r\n[    0.320436] AppArmor: AppArmor Filesystem Enabled\r\n[    0.323101] pnp: PnP ACPI init\r\n[    0.326701] system 00:06: [io  0x01e0-0x01ef] has been reserved\r\n[    0.328000] system 00:06: [io  0x0160-0x016f] has been reserved\r\n[    0.329279] system 00:06: [io  0x0278-0x027f] has been reserved\r\n[    0.330563] system 00:06: [io  0x0378-0x037f] has been reserved\r\n[    0.331984] system 00:06: [io  0x0678-0x067f] has been reserved\r\n[    0.333317] system 00:06: [io  0x0778-0x077f] has been reserved\r\n[    0.334601] system 00:06: [io  0x04d0-0x04d1] has been reserved\r\n[    0.336145] system 00:07: [io  0x0400-0x043f] has been reserved\r\n[    0.337459] system 00:07: [io  0x0370-0x0371] has been reserved\r\n[    0.338759] system 00:07: [io  0x0440-0x044f] has been reserved\r\n[    0.340067] system 00:07: [mem 0xfec00000-0xfec00fff] could not be reserved\r\n[    0.341444] system 00:07: [mem 0xfee00000-0xfee00fff] has been reserved\r\n[    0.343396] system 00:08: [mem 0x00000000-0x0009ffff] could not be reserved\r\n[    0.344791] system 00:08: [mem 0x000c0000-0x000dffff] could not be reserved\r\n[    0.346159] system 00:08: [mem 0x000e0000-0x000fffff] could not be reserved\r\n[    0.347519] system 00:08: [mem 0x00100000-0x1fffffff] could not be reserved\r\n[    0.348918] system 00:08: [mem 0xfffc0000-0xffffffff] has been reserved\r\n[    0.350459] pnp: PnP ACPI: found 9 devices\r\n[    0.357676] clocksource: acpi_pm: mask: 0xffffff max_cycles: 0xffffff, max_idle_ns: 2085701024 ns\r\n[    0.360562] NET: Registered protocol family 2\r\n[    0.363058] TCP established hash table entries: 32768 (order: 6, 262144 bytes)\r\n[    0.366642] TCP bind hash table entries: 32768 (order: 7, 524288 bytes)\r\n[    0.368089] TCP: Hash tables configured (established 32768 bind 32768)\r\n[    0.369497] UDP hash table entries: 2048 (order: 4, 65536 bytes)\r\n[    0.370812] UDP-Lite hash table entries: 2048 (order: 4, 65536 bytes)\r\n[    0.372341] NET: Registered protocol family 1\r\n[    0.373517] pci 0000:00:00.0: Limiting direct PCI/PCI transfers\r\n[    0.375084] Trying to unpack rootfs image as initramfs...\r\n[    0.936136] Freeing initrd memory: 30480K (ffff88001d9ee000 - ffff88001f7b2000)\r\n[    0.938335] PCI-DMA: Using software bounce buffering for IO (SWIOTLB)\r\n[    0.939980] software IO TLB [mem 0x199ee000-0x1d9ee000] (64MB) mapped at [ffff8800199ee000-ffff88001d9edfff]\r\n[    0.942107] clocksource: tsc: mask: 0xffffffffffffffff max_cycles: 0x1fa1dbec5a4, max_idle_ns: 440795297841 ns\r\n[    0.944337] RAPL PMU detected, API unit is 2^-32 Joules, 3 fixed counters 10737418240 ms ovfl timer\r\n[    0.946468] hw unit of domain pp0-core 2^-0 Joules\r\n[    0.947944] hw unit of domain package 2^-0 Joules\r\n[    0.949521] hw unit of domain dram 2^-0 Joules\r\n[    0.951193] microcode: CPU0 sig=0x206d7, pf=0x1, revision=0xffffffff\r\n[    0.952982] microcode: Microcode Update Driver: v2.00 <tigran@aivazian.fsnet.co.uk>, Peter Oruba\r\n[    0.955188] Scanning for low memory corruption every 60 seconds\r\n[    0.958015] futex hash table entries: 16384 (order: 8, 1048576 bytes)\r\n[    0.959879] Initialise system trusted keyring\r\n[    0.961506] audit: initializing netlink subsys (disabled)\r\n[    0.963163] audit: type=2000 audit(1462262404.960:1): initialized\r\n[    0.965232] HugeTLB registered 2 MB page size, pre-allocated 0 pages\r\n[    0.968595] zpool: loaded\r\n[    0.970043] zbud: loaded\r\n[    0.971563] VFS: Disk quotas dquot_6.6.0\r\n[    0.973199] VFS: Dquot-cache hash table entries: 512 (order 0, 4096 bytes)\r\n[    0.975601] fuse init (API version 7.23)\r\n[    0.977332] Key type big_key registered\r\n[    0.979094] Key type asymmetric registered\r\n[    0.980996] Asymmetric key parser 'x509' registered\r\n[    0.982586] Block layer SCSI generic (bsg) driver version 0.4 loaded (major 249)\r\n[    0.984641] io scheduler noop registered\r\n[    0.986145] io scheduler deadline registered (default)\r\n[    0.988287] io scheduler cfq registered\r\n[    0.989537] pci_hotplug: PCI Hot Plug PCI Core version: 0.5\r\n[    0.990870] pciehp: PCI Express Hot Plug Controller Driver version: 0.4\r\n[    0.992395] input: Power Button as /devices/LNXSYSTM:00/LNXPWRBN:00/input/input0\r\n[    0.993959] ACPI: Power Button [PWRF]\r\n[    0.995312] GHES: HEST is not enabled!\r\n[    0.996647] Serial: 8250/16550 driver, 32 ports, IRQ sharing enabled\r\n[    1.019251] 00:03: ttyS0 at I/O 0x3f8 (irq = 4, base_baud = 115200) is a 16550A\r\n[    1.042568] 00:04: ttyS1 at I/O 0x2f8 (irq = 3, base_baud = 115200) is a 16550A\r\n[    1.045684] Linux agpgart interface v0.103\r\n[    1.049845] brd: module loaded\r\n[    1.052892] loop: module loaded\r\n[    1.054684] ata_piix 0000:00:07.1: Hyper-V Virtual Machine detected, ATA device ignore set\r\n[    1.058867] scsi host0: ata_piix\r\n[    1.060539] scsi host1: ata_piix\r\n[    1.061995] ata1: PATA max UDMA/33 cmd 0x1f0 ctl 0x3f6 bmdma 0xffa0 irq 14\r\n[    1.063700] ata2: PATA max UDMA/33 cmd 0x170 ctl 0x376 bmdma 0xffa8 irq 15\r\n[    1.067527] libphy: Fixed MDIO Bus: probed\r\n[    1.069456] tun: Universal TUN/TAP device driver, 1.6\r\n[    1.071095] tun: (C) 1999-2004 Max Krasnyansky <maxk@qualcomm.com>\r\n[    1.072962] PPP generic driver version 2.4.2\r\n[    1.074826] ehci_hcd: USB 2.0 'Enhanced' Host Controller (EHCI) Driver\r\n[    1.076533] ehci-pci: EHCI PCI platform driver\r\n[    1.078224] ehci-platform: EHCI generic platform driver\r\n[    1.079828] ohci_hcd: USB 1.1 'Open' Host Controller (OHCI) Driver\r\n[    1.081580] ohci-pci: OHCI PCI platform driver\r\n[    1.083173] ohci-platform: OHCI generic platform driver\r\n[    1.084726] uhci_hcd: USB Universal Host Controller Interface driver\r\n[    1.086499] i8042: PNP: PS/2 Controller [PNP0303:PS2K,PNP0f03:PS2M] at 0x60,0x64 irq 1,12\r\n[    1.093291] serio: i8042 KBD port at 0x60,0x64 irq 1\r\n[    1.094643] serio: i8042 AUX port at 0x60,0x64 irq 12\r\n[    1.096091] mousedev: PS/2 mouse device common for all mice\r\n[    1.097665] rtc_cmos 00:00: RTC can wake from S4\r\n[    1.123553] input: AT Translated Set 2 keyboard as /devices/platform/i8042/serio0/input/input1\r\n[    1.127956] rtc_cmos 00:00: rtc core: registered rtc_cmos as rtc0\r\n[    1.131112] rtc_cmos 00:00: alarms up to one month, 114 bytes nvram\r\n[    1.133205] i2c /dev entries driver\r\n[    1.134802] device-mapper: uevent: version 1.0.3\r\n[    1.136152] device-mapper: ioctl: 4.33.0-ioctl (2015-8-18) initialised: dm-devel@redhat.com\r\n[    1.138013] ledtrig-cpu: registered to indicate activity on CPUs\r\n[    1.139453] PCCT header not found.\r\n[    1.140979] NET: Registered protocol family 10\r\n[    1.142587] NET: Registered protocol family 17\r\n[    1.143878] Key type dns_resolver registered\r\n[    1.145427] Loading compiled-in X.509 certificates\r\n[    1.148058] Loaded X.509 cert 'Build time autogenerated kernel key: 9421ce78f7dd6932d7a71d3bab89bb036afa29eb'\r\n[    1.150304] registered taskstats version 1\r\n[    1.151936] zswap: loading zswap\r\n[    1.153440] zswap: using zbud pool\r\n[    1.154969] zswap: using lzo compressor\r\n[    1.158424] Key type trusted registered\r\n[    1.163100] Key type encrypted registered\r\n[    1.164740] AppArmor: AppArmor sha1 policy hashing enabled\r\n[    1.166399] ima: No TPM chip found, activating TPM-bypass!\r\n[    1.167975] evm: HMAC attrs: 0x1\r\n[    1.169919]   Magic number: 0:27:17\r\n[    1.171787] rtc_cmos 00:00: setting system clock to 2016-05-03 08:00:06 UTC (1462262406)\r\n[    1.174010] BIOS EDD facility v0.16 2004-Jun-25, 0 devices found\r\n[    1.175692] EDD information not available.\r\n[    1.224031] ata2.00: ATAPI: Virtual CD, , max MWDMA2\r\n[    1.226813] ata2.00: configured for MWDMA2\r\n[    1.229350] scsi 1:0:0:0: CD-ROM            Msft     Virtual CD/ROM   1.0  PQ: 0 ANSI: 5\r\n[    1.233571] sr 1:0:0:0: [sr0] scsi3-mmc drive: 0x/0x tray\r\n[    1.235032] cdrom: Uniform CD-ROM driver Revision: 3.20\r\n[    1.237143] sr 1:0:0:0: Attached scsi generic sg0 type 5\r\n[    1.238954] Freeing unused kernel memory: 1460K (ffffffff81d37000 - ffffffff81ea4000)\r\n[    1.240607] Write protecting the kernel read-only data: 12288k\r\n[    1.242040] Freeing unused kernel memory: 24K (ffff8800017fa000 - ffff880001800000)\r\n[    1.243777] Freeing unused kernel memory: 292K (ffff880001bb7000 - ffff880001c00000)\r\nLoading, please wait...\r\nstarting version 225\r\n[    1.267257] random: udevadm urandom read with 2 bits of entropy available\r\n[    1.327675] clocksource: hyperv_clocksource_tsc_page: mask: 0xffffffffffffffff max_cycles: 0x24e6a1710, max_idle_ns: 440795202120 ns\r\n[    1.350484] Floppy drive(s): fd0 is 1.44M\r\n[    1.354894] clocksource: Switched to clocksource hyperv_clocksource_tsc_page\r\n[    1.391044] FDC 0 is an 82078.\r\n[    1.393239] hv_vmbus: Hyper-V Host Build:9600-6.3-18-0.18190; Vmbus version:3.0\r\n[    1.455853] AVX version of gcm_enc/dec engaged.\r\n[    1.457471] AES CTR mode by8 optimization enabled\r\n[    1.506374] hv_vmbus: registering driver hv_storvsc\r\n[    1.513874] hidraw: raw HID events driver (C) Jiri Kosina\r\n[    1.518156] hv_utils: Registering HyperV Utility Driver\r\n[    1.519897] hv_vmbus: registering driver hv_util\r\n[    1.534709] hv_vmbus: registering driver hv_netvsc\r\n[    1.540547] hv_vmbus: registering driver hid_hyperv\r\n[    1.545912] scsi host2: storvsc_host_t\r\n[    1.547966] scsi 2:0:0:0: Direct-Access     Msft     Virtual Disk     1.0  PQ: 0 ANSI: 4\r\n[    1.550454] sd 2:0:0:0: [sda] 61440000 512-byte logical blocks: (31.4 GB/29.2 GiB)\r\n[    1.552718] sd 2:0:0:0: [sda] 4096-byte physical blocks\r\n[    1.554769] sd 2:0:0:0: Attached scsi generic sg1 type 0\r\n[    1.557416] sd 2:0:0:0: [sda] Write Protect is off\r\n[    1.559311] hv_netvsc: hv_netvsc channel opened successfully\r\n[    1.561437] sd 2:0:0:0: [sda] Write cache: enabled, read cache: enabled, supports DPO and FUA\r\n[    1.568947]  sda: sda1\r\n[    1.576926] sd 2:0:0:0: [sda] Attached SCSI disk\r\n[    1.710068] hv_netvsc vmbus_14: Send section size: 6144, Section count:2560\r\n[    1.713935] hv_netvsc vmbus_14: Device MAC 00:0d:3a:a0:8f:3d link state up\r\n[    1.720246] input: Microsoft Vmbus HID-compliant Mouse as /devices/0006:045E:0621.0001/input/input4\r\n[    1.724437] hid 0006:045E:0621.0001: input: <UNKNOWN> HID v0.01 Mouse [Microsoft Vmbus HID-compliant Mouse] on \r\n[    1.741343] scsi host3: storvsc_host_t\r\n[    1.743889] scsi 3:0:1:0: Direct-Access     Msft     Virtual Disk     1.0  PQ: 0 ANSI: 4\r\n[    1.746852] sd 3:0:1:0: Attached scsi generic sg2 type 0\r\n[    1.748676] sd 3:0:1:0: [sdb] 14680064 512-byte logical blocks: (7.51 GB/7.00 GiB)\r\n[    1.750941] sd 3:0:1:0: [sdb] 4096-byte physical blocks\r\n[    1.753461] sd 3:0:1:0: [sdb] Write Protect is off\r\n[    1.756505] sd 3:0:1:0: [sdb] Write cache: enabled, read cache: enabled, supports DPO and FUA\r\n[    1.761022]  sdb: sdb1\r\n[    1.764332] sd 3:0:1:0: [sdb] Attached SCSI disk\r\n[    1.766713] scsi host4: storvsc_host_t\r\n[    1.769187] scsi 4:0:0:0: scsi scan: INQUIRY result too short (5), using 36\r\n[    1.771911] scsi 4:0:0:1: scsi scan: INQUIRY result too short (5), using 36\r\n[    1.774295] scsi 4:0:1:0: scsi scan: INQUIRY result too short (5), using 36\r\n[    1.776602] scsi 4:0:1:1: scsi scan: INQUIRY result too short (5), using 36\r\n[    1.778902] scsi 4:1:0:0: scsi scan: INQUIRY result too short (5), using 36\r\n[    1.780939] psmouse serio1: trackpoint: failed to get extended button data\r\n[    1.783850] scsi host5: storvsc_host_t\r\n[    1.786167] scsi 4:1:0:1: scsi scan: INQUIRY result too short (5), using 36\r\n[    1.788261] scsi 5:0:0:0: scsi scan: INQUIRY result too short (5), using 36\r\n[    1.790685] scsi 5:0:0:1: scsi scan: INQUIRY result too short (5), using 36\r\n[    1.792892] scsi 4:1:1:0: scsi scan: INQUIRY result too short (5), using 36\r\n[    1.794983] scsi 5:0:1:0: scsi scan: INQUIRY result too short (5), using 36\r\n[    1.796614] scsi 4:1:1:1: scsi scan: INQUIRY result too short (5), using 36\r\n[    1.798469] scsi 5:0:1:1: scsi scan: INQUIRY result too short (5), using 36\r\n[    1.800270] scsi 4:2:0:0: scsi scan: INQUIRY result too short (5), using 36\r\n[    1.801921] scsi 5:1:0:0: scsi scan: INQUIRY result too short (5), using 36\r\n[    1.803375] scsi 4:2:0:1: scsi scan: INQUIRY result too short (5), using 36\r\n[    1.804885] scsi 5:1:0:1: scsi scan: INQUIRY result too short (5), using 36\r\n[    1.806337] scsi 4:2:1:0: scsi scan: INQUIRY result too short (5), using 36\r\n[    1.807909] scsi 5:1:1:0: scsi scan: INQUIRY result too short (5), using 36\r\n[    1.809438] scsi 4:2:1:1: scsi scan: INQUIRY result too short (5), using 36\r\n[    1.811083] scsi 5:1:1:1: scsi scan: INQUIRY result too short (5), using 36\r\n[    1.812589] scsi 4:3:0:0: scsi scan: INQUIRY result too short (5), using 36\r\n[    1.814183] scsi 5:2:0:0: scsi scan: INQUIRY result too short (5), using 36\r\n[    1.815655] scsi 4:3:0:1: scsi scan: INQUIRY result too short (5), using 36\r\n[    1.817379] scsi 5:2:0:1: scsi scan: INQUIRY result too short (5), using 36\r\n[    1.818885] scsi 4:3:1:0: scsi scan: INQUIRY result too short (5), using 36\r\n[    1.820445] scsi 5:2:1:0: scsi scan: INQUIRY result too short (5), using 36\r\n[    1.821946] scsi 4:3:1:1: scsi scan: INQUIRY result too short (5), using 36\r\n[    1.823516] scsi 5:2:1:1: scsi scan: INQUIRY result too short (5), using 36\r\n[    1.824969] scsi 4:4:0:0: scsi scan: INQUIRY result too short (5), using 36\r\n[    1.826683] scsi 5:3:0:0: scsi scan: INQUIRY result too short (5), using 36\r\n[    1.828160] scsi 4:4:0:1: scsi scan: INQUIRY result too short (5), using 36\r\n[    1.829730] scsi 5:3:0:1: scsi scan: INQUIRY result too short (5), using 36\r\n[    1.831247] scsi 4:4:1:0: scsi scan: INQUIRY result too short (5), using 36\r\n[    1.832862] scsi 5:3:1:0: scsi scan: INQUIRY result too short (5), using 36\r\n[    1.834417] scsi 4:4:1:1: scsi scan: INQUIRY result too short (5), using 36\r\n[    1.835996] scsi 5:3:1:1: scsi scan: INQUIRY result too short (5), using 36\r\n[    1.837509] scsi 4:5:0:0: scsi scan: INQUIRY result too short (5), using 36\r\n[    1.839128] scsi 5:4:0:0: scsi scan: INQUIRY result too short (5), using 36\r\n[    1.840665] scsi 4:5:0:1: scsi scan: INQUIRY result too short (5), using 36\r\n[    1.842287] scsi 4:5:1:0: scsi scan: INQUIRY result too short (5), using 36\r\n[    1.843835] scsi 5:4:0:1: scsi scan: INQUIRY result too short (5), using 36\r\n[    1.845438] scsi 5:4:1:0: scsi scan: INQUIRY result too short (5), using 36\r\n[    1.846933] scsi 4:5:1:1: scsi scan: INQUIRY result too short (5), using 36\r\n[    1.848501] scsi 5:4:1:1: scsi scan: INQUIRY result too short (5), using 36\r\n[    1.850105] scsi 4:6:0:0: scsi scan: INQUIRY result too short (5), using 36\r\n[    1.851639] scsi 5:5:0:0: scsi scan: INQUIRY result too short (5), using 36\r\n[    1.853251] scsi 4:6:0:1: scsi scan: INQUIRY result too short (5), using 36\r\n[    1.855090] scsi 5:5:0:1: scsi scan: INQUIRY result too short (5), using 36\r\n[    1.856706] scsi 4:6:1:0: scsi scan: INQUIRY result too short (5), using 36\r\n[    1.858195] scsi 5:5:1:0: scsi scan: INQUIRY result too short (5), using 36\r\n[    1.859761] scsi 4:6:1:1: scsi scan: INQUIRY result too short (5), using 36\r\n[    1.861260] scsi 5:5:1:1: scsi scan: INQUIRY result too short (5), using 36\r\n[    1.862840] scsi 4:7:0:0: scsi scan: INQUIRY result too short (5), using 36\r\n[    1.864351] scsi 5:6:0:0: scsi scan: INQUIRY result too short (5), using 36\r\n[    1.866447] scsi 4:7:0:1: scsi scan: INQUIRY result too short (5), using 36\r\n[    1.867967] scsi 5:6:0:1: scsi scan: INQUIRY result too short (5), using 36\r\n[    1.869772] scsi 4:7:1:0: scsi scan: INQUIRY result too short (5), using 36\r\n[    1.871305] scsi 5:6:1:0: scsi scan: INQUIRY result too short (5), using 36\r\n[    1.872891] scsi 4:7:1:1: scsi scan: INQUIRY result too short (5), using 36\r\n[    1.874456] scsi 5:6:1:1: scsi scan: INQUIRY result too short (5), using 36\r\n[    1.876031] scsi 5:7:0:0: scsi scan: INQUIRY result too short (5), using 36\r\n[    1.877882] scsi 5:7:0:1: scsi scan: INQUIRY result too short (5), using 36\r\n[    1.879641] scsi 5:7:1:0: scsi scan: INQUIRY result too short (5), using 36\r\n[    1.881301] scsi 5:7:1:1: scsi scan: INQUIRY result too short (5), using 36\r\nBegin: Loading essential drivers ... done.\r\r\nBegin: Running /scripts/init-prmount ... done.\r\r\nBegin: Mounting root file system ... Begin: Running /scripts/local-top ... done.\r\r\nBegin: Running /scripts/local-premount ... done.\r\r\nBegin: Checking root file system ... fsck from util-linux 2.26.2\r\r\ncloudimg-rootfs clean, 73595/244736 files, 351302/524032 blocks\r\r\ndone.\r\r\n[    3.706168] EXT4-fs (sda1): mounted filesystem with ordered data mode. Opts: (null)\r\ndone.\r\r\nBegin: Running /scripts/local-bottom ... done.\r\r\nBegin: Running /scripts/init-bottom ... Warning: overlayroot: debug is busted\r\r\ndone.\r\r\n[    4.602110] random: nonblocking pool is initialized\r\n[    6.051001] systemd[1]: Failed to insert module 'kdbus': Function not implemented\r\n[    6.318326] systemd[1]: systemd 225 running in system mode. (+PAM +AUDIT +SELINUX +IMA +APPARMOR +SMACK +SYSVINIT +UTMP +LIBCRYPTSETUP +GCRYPT +GNUTLS +ACL +XZ -LZ4 +SECCOMP +BLKID -ELFUTILS +KMOD -IDN)\r\n[    6.321292] systemd[1]: Detected virtualization microsoft.\r\n[    6.322552] systemd[1]: Detected architecture x86-64.\r\n\r\r\nWelcome to \u001b[1mUbuntu 15.10\u001b[0m!\r\r\n\r\r\n[    6.360342] systemd[1]: Set hostname to <ubuntu>.\r\n[    6.361937] systemd[1]: Initializing machine ID from random generator.\r\n[    6.363469] systemd[1]: Installed transient /etc/machine-id file.\r\n[    6.616075] psmouse serio1: trackpoint: IBM TrackPoint firmware: 0x01, buttons: 0/0\r\n[    6.622051] input: TPPS/2 IBM TrackPoint as /devices/platform/i8042/serio1/input/input3\r\netc-machine\\x2did.mount\r\r\n[    7.152875] systemd[1]: sshd-keygen.service: Cannot add dependency job, ignoring: Unit sshd-keygen.service failed to load: No such file or directory.\r\n[    7.155961] systemd[1]: sshd-keygen.service: Cannot add dependency job, ignoring: Unit sshd-keygen.service failed to load: No such file or directory.\r\n-.mount\r[    7.164266] systemd[1]: display-manager.service: Cannot add dependency job, ignoring: Unit display-manager.service failed to load: No such file or directory.\r\n[    7.167832] systemd[1]: Time has been changed\r\n\r\n[    7.173479] systemd[1]: Reached target User and Group Name Lookups.\r\n[\u001b[32m  OK  \u001b[0m[    7.181174] systemd[1]: Set up automount Arbitrary Executable File Formats File System Automount Point.\r\n] Reached target User and Group Name Lookups.\r\r\n[    7.188774] systemd[1]: Reached target Swap.\r\n[    7.190549] systemd[1]: Reached target Encrypted Volumes.\r\n[    7.192512] systemd[1]: Created slice Root Slice.\r\n[[    7.196750] systemd[1]: Listening on /dev/initctl Compatibility Named Pipe.\r\n[    7.198646] systemd[1]: Listening on Journal Socket (/dev/log).\r\n[    7.200233] systemd[1]: Listening on Journal Audit Socket.\r\n\u001b[32m  OK  \u001b[0m] Set up automount Arbitrary Executab...ats File System Automount Point.\r[    7.205419] systemd[1]: Listening on udev Kernel Socket.\r\n[    7.207855] systemd[1]: Created slice System Slice.\r\n\r\n[\u001b[32m  OK  \u001b[0m] Reached target Swap.\r[    7.213307] systemd[1]: Created slice system-serial\\x2dgetty.slice.\r\n[    7.215352] systemd[1]: Created slice system-getty.slice.\r\n\r\n[\u001b[32m  OK  \u001b[0m] Reached target Encrypted Volumes.\r[    7.220851] systemd[1]: Created slice User and Session Slice.\r\n\r\n[\u001b[32m  OK  \u001b[0m] Created slice Root Slice.\r[    7.224734] systemd[1]: Listening on udev Control Socket.\r\n[    7.226890] systemd[1]: Starting Increase datagram queue length...\r\n\r\n[\u001b[32m  OK  \u001b[0m] Listening on /dev/initctl Compatibility Named Pipe.\r\r\n[    7.232173] systemd[1]: Reached target Remote File Systems (Pre).\r\n[    7.234293] systemd[1]: Reached target Slices.\r\n[\u001b[32m  OK  \u001b[0m] Listening on Journal Socket (/dev/log).\r[    7.237248] systemd[1]: Started Forward Password Requests to Wall Directory Watch.\r\n[    7.238814] systemd[1]: Listening on Journal Socket.\r\n\r\n[\u001b[32m  OK  \u001b[0m] Listening on Journal Audit Socket.\r\r\n[\u001b[32m  OK  \u001b[0m] Listening on udev Kernel Socket.\r\r\n[\u001b[32m  OK  \u001b[0m] Created slice System Slice.\r\r\n[\u001b[32m  OK  \u001b[0m] Created slice system-serial\\x2dgetty.slice.\r\r\n[\u001b[32m  OK  \u001b[0m] Created slice system-getty.slice.\r[    7.259672] systemd[1]: Starting Load Kernel Modules...\r\n[    7.262830] systemd[1]: Mounting Huge Pages File System...\r\n\r\n[\u001b[32m  OK  \u001b[0m] Created slice User and Session Slice.\r\r\n[    7.270009] systemd[1]: Starting Create list of required static device nodes for the current kernel...\r\n[\u001b[32m  OK  \u001b[0m] Listening on udev Control Socket.\r\r\n[    7.278355] systemd[1]: Mounting Debug File System...\r\n         Starting Increase datagram queue length...\r\r\n[\u001b[32m  OK  \u001b[0m] Reached target Remote File Systems (Pre).\r[    7.286247] systemd[1]: Starting Setup Virtual Console...\r\n\r\n[\u001b[32m  OK  \u001b[0m] Reached target Slices.\r\r\n[\u001b[32m  OK  \u001b[0m] Started Forward Password Requests to Wall Directory Watch.\r[    7.297110] systemd[1]: Starting Uncomplicated firewall...\r\n[    7.299297] systemd[1]: Mounting POSIX Message Queue File System...\r\n\r\n[\u001b[32m  OK  \u001b[0m] Listening on Journal Socket.\r[    7.307568] systemd[1]: Starting udev Coldplug all Devices...\r\n\r\n[    7.313692] systemd[1]: Starting Remount Root and Kernel File Systems...\r\n[    7.318136] systemd[1]: Mounted Debug File System.\r\n[    7.324774] systemd[1]: Mounted POSIX Message Queue File System.\r\n[    7.326016] systemd[1]: Mounted Huge Pages File System.\r\n         Starting Load Kernel Modules...\r[    7.329468] systemd[1]: Started Increase datagram queue length.\r\n\r\n         Mounting Huge Pages File System...\r\r\n         Starting Create list of required st... nodes for the current kernel...\r\r\n[    7.337289] systemd[1]: Started Load Kernel Modules.\r\n[    7.341489] EXT4-fs (sda1): re-mounted. Opts: discard\r\n[    7.344351] systemd[1]: Started Remount Root and Kernel File Systems.\r\n         Mounting Debug File System...\r\r\n         Starting Setup Virtual Console...\r\r\n         Starting Uncomplicated firewall...\r\r\n         Mounting POSIX Message Queue File System...\r[    7.370796] systemd[1]: Starting Load/Save Random Seed...\r\n[    7.374476] systemd[1]: Starting Ensure /etc/mtab is a symlink to /proc/mounts...\r\n\r\n         Starting udev Coldplug all Devices...\r\r\n         Starting Remount Root and Kernel File Systems...\r[    7.383224] systemd[1]: Mounting FUSE Control File System...\r\n[    7.387707] systemd[1]: Starting Apply Kernel Variables...\r\n\r\n[\u001b[32m  OK  \u001b[0m] Mounted Debug File System.\r\r\n[\u001b[32m  OK  \u001b[0m] Mounted POSIX Message Queue File System.\r[    7.394819] systemd[1]: Listening on Syslog Socket.\r\n[    7.396993] systemd[1]: Starting Journal Service...\r\n\r\n[[    7.405760] systemd[1]: Mounted FUSE Control File System.\r\n[    7.418838] systemd[1]: Started Create list of required static device nodes for the current kernel.\r\n[    7.421910] systemd[1]: Started Setup Virtual Console.\r\n\u001b[32m  OK  \u001b[0m Mounted Huge Pages File System.\r[    7.437426] systemd[1]: Starting Create Static Device Nodes in /dev...\r\n\r\n[    7.443500] systemd[1]: Started Load/Save Random Seed.\r\n[\u001b[32m  OK  \u001b[0m] Started Increase datagram queue length.\r\r\n[\u001b[32m  OK  \u001b[0m] Started Load Kernel Modules.\r[    7.452985] systemd[1]: Started Ensure /etc/mtab is a symlink to /proc/mounts.\r\n\r\n[\u001b[32m  OK  \u001b[0m] Started Remount Root and Kernel File Systems.\r\r\n         Starting Load/Save Random Seed...\r\r\n         Starting Ensure /etc/mtab is a symlink to /proc/mounts...\r\r\n         Mounting FUSE Control File System...\r\r\n         Starting Apply Kernel Variables...\r\r\n[\u001b[32m  OK  \u001b[0m] Listening on Syslog Socket.\r\r\n         Starting Journal Service...\r\r\n[\u001b[32m  OK  \u001b[0m] Mounted FUSE Control File System.\r\r\n[\u001b[32m  OK  \u001b[0m] Started Create list of required sta...ce nodes for the current kernel.\r\r\n[\u001b[32m  OK  \u001b[0m] Started Setup Virtual Console.\r\r\nsys-kernel-debug.mount\r\r\n         Starting Create Static Device Nodes in /dev...\r\r\n[\u001b[32m  OK  \u001b[0m] Started Load/Save Random Seed.\r\r\n[\u001b[32m  OK  \u001b[0m] Started Ensure /etc/mtab is a symlink to /proc/mounts.\r\r\n[\u001b[32m  OK  \u001b[0] Started Apply Kernel Variables.\r\r\n[\u001b[32m  OK  \u001b[0m] Started Uncomplicated firewall.\r\r\ndev-mqueue.mount\r\r\n[\u001b[32m  OK  \u001b[0m] Started Journal Service.\r\r\n         Starting Flush Journal to Persistent Storage...\r\r\n[\u001b[32m  OK  \u001b[0m] Started udev Coldplug all Devices.\r\r\ndev-hugepages.mount\r\r\nsystemd-setup-dgram-qlen.service\r\r\nsystemd-modules-load.service\r\r\nsystemd-remount-fs.service\r\r\n[\u001b[32m  OK  \u001b[0m] Started Flush Journal to Persistent Storage.\r\r\nsys-fs-fuse-connections.mount\r\r\nkmod-static-nodes.service\r\r\nsystemd-vconsole-setup.service\r\r\nsystemd-random-seed.service\r\r\ndebian-fixup.service\r\r\nsystemd-sysctl.service\r\r\nufw.service\r\r\nsystemd-journald.service\r\r\nsystemd-udev-trigger.service\r\r\nsystemd-journal-flush.service\r\r\n[\u001b[32m  OK  \u001b[0m] Started Create Static Device Nodes in /dev.\r\r\n         Starting udev Kernel Device Manager...\r\r\nsystemd-tmpfiles-setup-dev.service\r\r\n[\u001b[32m  OK  \u001b[0m] Started udev Kernel Device Manager.\r\r\n[\u001b[32m  OK  \u001b[0m] Reached target Local File Systems (Pre).\r\r\nsystemd-udevd.service\r\r\n         Mounting /etc/network/interfaces.dynamic.d...\r\r\n[\u001b[32m  OK  \u001b[0m] Mounted /etc/network/interfaces.dynamic.d.\r\r\n[\u001b[32m  OK  \u001b[0m] Reached target Local File Systems.\r\r\n         Starting Tell Plymouth To Write Out Runtime Data...\r\r\n         Starting Clean up any mess left by 0dns-up...\r\r\n         Starting LSB: AppArmor initialization...\r\r\n         Starting Commit a transient machine-id on disk...\r\r\n[\u001b[32m  OK  \u001b[0m] Reached target Remote File Systems.\r\r\n         Starting Wait for all \"auto\" /etc/n... up for network-online.target...\r\r\n         Starting Create Volatile Files and Directories...\r\r\n         Starting Set console keymap...\r\r\n[\u001b[32m  OK  \u001b[0m] Started Commit a transient machine-id on disk.\r\r\n[\u001b[32m  OK  \u001b[0m] Started Create Volatile Files and Directories.\r\r\n         Starting Network Time Synchronization...\r\r\n         Starting Update UTMP about System Boot/Shutdown...\r\r\netc-network-interfaces.dynamic.d.mount\r\r\n[\u001b[32m  OK  \u001b[0m] Started Clean up any mess left by 0dns-up.\r\r\n         Starting Nameserver information manager...\r\r\n[\u001b[32m  OK  \u001b[0m] Started Nameserver information manager.\r\r\n[\u001b[32m  OK  \u001b[0m] Started Update UTMP about System Boot/Shutdown.\r\r\nsystemd-machine-id-commit.service\r\r\nsystemd-tmpfiles-setup.service\r\r\n[\u001b[32m  OK  \u001b[0m] Started Tell Plymouth To Write Out Runtime Data.\r\r\n[\u001b[32m  OK  \u001b[0m] Started Set console keymap.\r\r\n[\u001b[32m  OK  \u001b[0m] Started Network Time Synchronization.\r\r\n[\u001b[32m  OK  \u001b[0m] Reached target System Time Synchronized.\r\r\nresolvconf.service\r\r\nsystemd-update-utmp.service\r\r\nsystemd-timesyncd.service\r\r\n[    8.754528] piix4_smbus 0000:00:07.3: SMBus base address uninitialized - upgrade BIOS or use force_addr=0xaddr\r\n[\u001b[32m  OK  \u001b[0] Found device dev/ttyS0.\r\r\n[    9.056716] intel_rapl: no valid rapl domains found in package 0\r\n[\u001b[32m  OK  \u001b[0m] Created slice system-ifup.slice.\r\r\n[\u001b[32m  OK  \u001b[0m] Found device /sys/subsystem/net/devices/eth0.\r\r\n[\u001b[32m  OK  \u001b[0m] Started LSB: ppArmor initialization.\r\r\napparmor.service\r\r\n         Starting LSB: Raise network interfaces....\r\r\n[\u001b[32m  OK  \u001b[0m] Started ifup for eth0.\r\r\nifup@eth0.service\r\r\n[\u001b[0m\u001b[31m*     \u001b[0m] (1 of 2) A start job is running for...etwork-online.target (7s / 2min)\r\u001b[K[\u001b[1;31m*\u001b[0m\u001b[31m*    \u001b[0m] (1 of 2) A start job is running for...etwork-online.target (8s / 2min)\r\u001b[K[\u001b[31m*\u001b[1;1m*\u001b[0m\u001b[31m*   \u001b[0m] (1 of 2) A start job is running for...etwork-online.target (9s / 2min)\r\u001b[K[ \u001b[31m*\u001b[1;31m*\u001b[0m\u001b[31m*  \u001b[0m] (2 of 2) A start job is running for...work interfaces. (9s / no limit)\r\u001b[K[\u001b[32m  OK  \u001b[0m] Started LSB: Raise network interfaces..\r\r\n[\u001b[32m  OK  \u001b[0m] Reached target Network.\r\r\n[\u001b[32m  OK  \u001b[0m] Reached target System Initialization.\r\r\n[\u001b[32m  OK  \u001b[0m] Listening on D-Bus System Message Bus Socket.\r\r\n         Starting lxd-unix.socket.\r\r\n[\u001b[32m  OK  \u001b[0m] Listening on ACPID Listen Socket.\r\r\n[\u001b[32m  OK  \u001b[0m] Listening on UUID daemon activation socket.\r\r\n[\u001b[32m  OK  \u001b[0m] Started Trigger resolvconf update for networkd DNS.\r\r\n[\u001b[32m  OK  \u001b[0m] Reached target Paths.\r\r\n         Starting Seed the pseudo random number generator on first boot...\r\r\n[\u001b[32m  OK  \u001b[0m] Started Daily Cleanup of Temporary Directories.\r\r\n[\u001b[32m  OK  \u001b[0m] Reached target Timers.\r\r\n[\u001b[32m  OK  \u001b[0m] Listening on lxd-unix.socket.\r\r\n[\u001b[32m  OK  \u001b[0m] Reached target Sockets.\r\r\n[\u001b[32m  OK  \u001b[0m] Reached target Basic System.\r\r\n         Starting LSB: daemon to balance interrupts for SMP systems...\r\r\n[\u001b[32m  OK  \u001b[0m] Started Hyper-V File Copy Protocol Daemon.\r\r\n[\u001b[32m  OK  \u001b[0m] Started Cgroup management daemon.\r\r\n         networking.service\r\r\nStarting Initial cloud-init job (pre-networking)...\r\r\n         Starting System Logging Service...\r\r\n[\u001b[32m  OK  \u001b[0m] Started Regular background program processing daemon.\r\r\n         Starting Accounts Service...\r\r\n         Starting Restore /etc/resolv.conf i...e the ppp link was shut down....\r\r\n[\u001b[32m  OK  \u001b[0m] Started Deferred execution scheduler.\r\r\n         Starting LSB: automatic crash report generation...\r\r\n         Starting Login Service...\r\r\n         Starting LSB: Record successful boot for GRUB...\r\r\n         Starting LSB: Set the CPU Frequency Scaling governor to \"ondemand\"...\r\r\n         Starting Thermal Daemon Service...\r\r\n[\u001b[32m  OK  \u001b[0m] Started Hyper-V KVP Protocol Daemon.\r\r\n[\u001b[32m  OK  \u001b[0m] Started Hyper-V VSS Protocol Daemon.\r\r\n[\u001b[32m  OK  \u001b[0m] Started D-Bus System Message Bus.\r\r\nhv-fcopy-daemon.service\r\r\ncgmanager.service\r\r\ncron.service\r\r\natd.service\r\r\nhv-kvp-daemon.service\r\r\nhv-vss-daemon.service\r\r\ndbus.service\r\r\n[\u001b[32m  OK  \u001b[0m] Started FUSE filesystem for LXC.\r\r\n         Starting LSB: Starts the Micro Name Service Cache Daemn...\r\r\n[\u001b[32m  OK  \u001b[0m] Started System Logging Service.\r\r\n[\u001b[32m  OK  \u001b[0m] Started Wait for all \"auto\" /etc/ne...be up fr network-onlin.target.\r\r\n[\u001b[32m  OK  \u001b[0m] Started LSB: daemon to balance interrupts for SMP systems.\r\r\n[\u001b[32m  OK  \u001b[0m] Started Restore /etc/resolv.conf if...ore the ppp link was shut down..\r\r\n[\u001b[32m  OK  \u001b[0m] Started LSB: automatic crash report generation.\r\r\n[\u001b[32m  OK  \u001b[0m] Started LSB: Record successful boot for GRUB.\r\r\n[\u001b[32m  OK  \u001b[0m] Started LSB: Set the CPU Frequency Scaling governor to \"ondemand\".\r\r\nlxcfs.service\r\r\n[\u001b[32m  OK  \u001b[0m] Started LSB: Starts the Micro Name Service Cache Daemon.\r\r\n[\u001b[32m  OK  \u001b[0m] Reached target Network is Online.\r\r\n         Starting /etc/rc.local Compatibility...\r\r\n         run-cgmanager-fs.mount\r\r\nStarting LXC network bridge setup...\r\r\n[\u001b[32m  OK  \u001b[0m] Started /etc/rc.local Compatibility.\r\r\n[\u001b[32m  OK  \u001b[0m] Started Login Service.\r\r\nrsyslog.service\r\r\nifup-wait-all-auto.service\r\r\nirqbalance.service\r\r\n[\u001b[32m  OK  \u001b[0m] Started Thermal Daemon Service.\r\r\napport.service\r\r\ngrub-common.service\r\r\nondemand.service\r\r\nvar-lib-lxcfs.mount\r\r\nunscd.service\r\r\nrc-local.service\r\r\nsystemd-logind.service\r\r\nthermald.service\r\r\n         Starting Authenticate and Authorize Users to Run Privileged Tasks...\r\r\n[\u001b[32m  OK  \u001b[0m] Started Authenticate and Authorize Users to Run Privileged Tasks.\r\r\npolkitd.service\r\r\n[\u001b[32m  OK  \u001b[0m] Started Accounts Service.\r\r\naccounts-daemon.service\r\r\n[\u001b[32m  OK  \u001b[0m] Started LXC network bridge setup.\r\r\n         Starting LXC Container Initialization and Autoboot Code...\r\r\nlxc-net.service\r\r\n[\u001b[32m  OK  \u001b[0m] Started LXC Container Initialization and Autoboot Code.\r\r\n         Starting Container hypervisor based on LXC - boot time check...\r\r\nlxc.service\r\r\n[\u001b[32m  OK  \u001b[0m] Started Container hypervisor based on LXC - boot time check.\r\r\n[\u001b[1;31mFAILED\u001b[0m] Failed to start Seed the pseudo random number generator on first boot.\r\r\nSee 'systemctl status pollinate.service' for details.\r\r\n[   23.815352] cloud-init[711]: Cloud-init v. 0.7.7 running 'init-local' at Tue, 03 May 2016 08:00:28 +0000. Up 23.57 seconds.\r\r\n[\u001b[32m  OK  \u001b[0m] Started Initial cloud-init jo (pre-networking).\r\r\n         Starting Initial cloud-init job (metadata service crawler)...\r\r\ncloud-init-local.service\r\r\n[   24.504135] blk_update_request: I/O error, dev fd0, sector 0\r\n[   24.544177] blk_update_request: I/O error, dev fd0, sector 0\r\ntmp-tmpoe0hxj3lmount\r\r\n[   24.733158] cloud-init[964]: + i=eth0\r\r\n[   24.737715] cloud-init[964]: + x=0\r\r\n[   24.738123] cloud-init[964]: + ifdown eth0\r\r\n[   24.769176] cloud-init[964]: Killed old client process\r\r\n[   25.775266] cloud-init[964]: Internet Systems Consortium DHCP Client 4.3.1\r\r\n[   25.776143] cloud-init[964]: Copyright 2004-2014 Internet Systems Consortium.\r\r\n[   25.776865] loud-init[964]: All rights reserved.\r\r\n[   25.784801] cloud-init[964]: For info, please visit https://www.isc.org/software/dhcp/\r\r\n[   25.789374] cloud-init[964]: Listening on LPF/eth0/00:0d:3a:a0:8f:3d\r\r\n[   25.789980] loud-init[964]: Sending on   LPF/eth0/00:0d:3a:a0:8f:3d\r\r\n[   25.790875] cloud-init[964]: Sending on   Socket/fallback\r\r\n[   25.910947] cloud-init[964]: DHCPRELEASE on eth0 to 168.63.129.16 port 67 (xd=0x28b0a7f1)\r\r\n[   25.963121] cloud-init[964]: + ifup eth0\r\r\n[   25.987214] cloud-init[964]: Internet Systems Consortum DHCP Client 4.3.1\r\r\n[   25.992836] cloud-init[964]: Copyright 2004-2014 Internet Sytems Consortium.\r\r\n[   25.993599] cloud-init[964]: All rights reserved.\r\r\n[   25.997212] cloud-init[964]: For info, please visit https://www.isc.org/software/dhcp/\r\r\n[   26.014226] cloud-init[964]: Listening on LPF/eth0/00:0d:3a:a0:8f:3d\r\r\n[   26.017094] cloud-init[964]: Sending on   LPF/eth0/00:0d:3a:a0:8f:3d\r\r\n[   26.017793] cloud-init[964]: Sending on   Socket/fallback\r\r\n[   26.018479] cloud-init[964]: DHCPDISCOVER on eth0 to 255.255.255.255 port 67 interval 3 (xid=0x4f08e549)\r\r\n[   26.070966] cloud-init[964]: DHCPREQUEST of 10.0.0.4 on eth0 to 255.255.255.255 port 67 (xid=0x49e5084f)\r\r\n[   26.071803] cloud-init[964]: DHCPOFFER of 10.0.0.4 from 168.63.129.16\r\r\n[   26.121078] cloud-init[964]: DHCPACK of 10.0.0.4 from 168.63.129.16\r\r\n[   26.176921] cloud-init[964]: bound to 10.0.0.4 -- renewal in 4294967295 seconds.\r\r\n[   26.198655] cloud-init[964]: + exit 0\r\r\n[\u001b[32m  OK  \u001b[0m] Started Azure Linux Agent.\r\r\nwalinuxagent.service\r\r\n2016/05/03 08:00:31.918962 INFO Azure Linux Agent Version:2.1.2\r\r\n2016/05/03 08:00:31.924646 INFO OS: ubuntu 15.10\r\r\n2016/05/03 08:00:31.925742 INFO Python: 3.4.3\r\r\n2016/05/03 08:00:31.926012 INFO Send dhcp request\r\r\n2016/05/03 08:00:32.025011 INFO Wire server endpoint:168.63.129.16\r\r\n2016/05/03 08:00:32.029308 INFOGateway:10.0.0.1\r\r\n2016/05/03 08:00:32.029568 INFO Routes:None\r\r\n2016/05/03 08:00:32.033920 INFO Configure routes\r\r\n2016/05/03 08:00:32.036326 INFO Detect default protocol.\r\r\n2016/05/03 08:00:32.461317 INFO Fabric preferred wire protocol ersion:2015-04-05\r\r\n2016/05/03 08:00:32.465612 INFO Wire protocol version:2012-11-30\r\r\n2016/05/03 08:00:32.470509 WARNING Server prefered version:2015-04-05\r\r\n2016/05/03 08:00:32.470727 INFO Last request issued less than 1 second ago\r\r\n2016/05/03 08:00:32.470919 INFO Sleep 1 second to avoid throttling.\r\r\n2016/05/03 08:00:33.479675 INFOSleep 1 second to avoid throttling.\r\r\n2016/05/03 08:00:34.493685 INFO Last request issued less than 1 second ago\r\r\n2016/05/03 08:00:34.499906 INFO Sleep 1 second to avoid throttling.\r\r\n2016/05/03 08:00:35.552306 INFO Sleep 1 second to avoid throttling.\r\r\n[   31.128146] blk_update_request: I/O error, dev fd0, sector 0\r\n[   31.172159] blk_update_request: I/O error, dev fd0, sector 0\r\ntmp-tmpie1z0pd1.mount\r\r\n2016/05/03 08:00:36.561558 INFO Protocol V1 found.\r\r\n2016/05/03 08:00:36.566328 INFO Protocol V2 found.\r\r\n2016/05/03 08:00:36.567638 INFO run Ubuntu provision handler\r\r\n2016/05/03 08:00:36.576836 INFO Waiting cloud-init to finish provisioning.\r\r\n2016/05/03 08:00:36.577357 INFO Wait for ssh host key to be generated.\r\r\n2016/05/03 08:00:36.589909 INFO Wait for ssh host key be generated: /etc/ssh/ssh_host_rsa_key\r\r\n2016/05/03 08:00:36.610398 INFO Event: name=WALA, op=HeartBeat, message=\r\r\n\u0000\u0000\u0000\u0000\u0000\u0000\u0000\u0000\u0000\u0000\u0000\u0000\u0000\u0000\u0000\u0000\u0000\u0000\u0000\u0000\u0000\u0000\u0000\u0000\u0000\u0000\u0000\u0000\u0000\u0000\u0000\u0000\u0000\u0000\u0000\u0000\u0000\u0000\u0000\u0000\u0000\u0000\u0000\u0000\u0000\u0000\u0000\u0000\u0000\u0000\u0000\u0000\u0000\u0000\u0000\u0000\u0000\u0000\u0000\u0000\u0000\u0000\u0000\u0000\u0000\u0000\u0000\u0000\u0000\u0000\u0000\u0000\u0000\u0000\u0000\u0000\u0000\u0000\u0000\u0000\u0000\u0000\u0000\u0000\u0000\u0000\u0000\u0000\u0000\u0000\u0000\u0000\u0000\u0000\u0000\u0000\u0000\u0000\u0000\u0000\u0000\u0000\u0000\u0000\u0000\u0000\u0000\u0000\u0000\u0000\u0000\u0000\u0000\u0000\u0000\u0000\u0000\u0000\u0000\u0000\u0000\u0000\u0000\u0000\u0000\u0000\u0000\u0000\u0000\u0000\u0000\u0000\u0000\u0000\u0000\u0000\u0000\u0000\u0000\u0000\u0000\u0000\u0000\u0000\u0000\u0000\u0000\u0000\u0000\u0000\u0000\u0000\u0000\u0000\u0000\u0000\u0000\u0000\u0000\u0000\u0000\u0000\u0000\u0000\u0000\u0000\u0000\u0000\u0000\u0000\u0000\u0000\u0000\u0000\u0000\u0000\u0000\u0000\u0000\u0000\u0000\u0000\u0000\u0000\u0000\u0000\u0000\u0000\u0000\u0000\u0000\u0000\u0000\u0000\u0000\u0000\u0000\u0000\u0000\u0000\u0000\u0000\u0000\u0000\u0000\u0000\u0000\u0000\u0000\u0000\u0000\u0000\u0000\u0000\u0000\u0000\u0000\u0000\u0000\u0000\u0000\u0000\u0000\u0000\u0000\u0000\u0000\u0000\u0000\u0000\u0000\u0000\u0000\u0000\u0000\u0000\u0000\u0000\u0000\u0000\u0000\u0000\u0000\u0000\u0000\u0000\u0000\u0000\u0000\u0000\u0000\u0000\u0000\u0000\u0000\u0000\u0000\u0000\u0000\u0000\u0000\u0000\u0000\u0000\u0000\u0000\u0000\u0000\u0000\u0000\u0000\u0000\u0000\u0000\u0000\u0000\u0000\u0000\u0000\u0000\u0000\u0000\u0000\u0000\u0000\u0000\u0000\u0000\u0000\u0000\u0000\u0000\u0000\u0000\u0000\u0000\u0000\u0000\u0000\u0000\u0000\u0000\u0000\u0000\u0000\u0000\u0000\u0000\u0000\u0000\u0000\u0000\u0000\u0000\u0000\u0000\u0000\u0000\u0000\u0000\u0000\u0000\u0000\u0000\u0000\u0000\u0000\u0000\u0000\u0000\u0000", { 'content-length': '50688',
  'content-type': 'text/plain',
  'last-modified': 'Tue, 03 May 2016 08:00:40 GMT',
  'accept-ranges': 'bytes',
  etag: '"0x8D3732904D2F4FD"',
  server: 'Windows-Azure-Blob/1.0 Microsoft-HTTPAPI/2.0',
  'x-ms-request-id': '5f1648ad-0001-002d-5511-a582c7000000',
  'x-ms-version': '2015-02-21',
  'x-ms-write-protection': 'false',
  'x-ms-lease-status': 'unlocked',
  'x-ms-lease-state': 'available',
  'x-ms-blob-type': 'PageBlob',
  'x-ms-blob-sequence-number': '0',
  date: 'Tue, 03 May 2016 08:00:57 GMT',
  connection: 'close' });
 return result; },
function (nock) { 
var result = 
nock('https://xplattstoragestsp5492.blob.core.windows.net:443')
  .get('/bootdiagnostics-xplatvmst-3d45fbb5-cf96-442e-b60e-e4870474e3ac/xplatvmStSp.3d45fbb5-cf96-442e-b60e-e4870474e3ac.serialconsole.log')
