// This file has been autogenerated.

var profile = require('../../../lib/util/profile');

exports.getMockedProfile = function () {
  var newProfile = new profile.Profile();

  newProfile.addSubscription(new profile.Subscription({
    id: 'e33f361b-53c2-4cc7-b829-78906708387b',
    managementCertificate: {
      key: 'mockedKey',
      cert: 'mockedCert'
    },
    name: 'Microsoft Azure Internal Consumption',
    user: {
      name: 'user@domain.example',
      type: 'servicePrincipal'
    },
    tenantId: '72f988bf-86f1-41af-91ab-2d7cd011db47',
    state: 'Enabled',
    registeredProviders: [],
    isDefault: true
  }, newProfile.environments['AzureCloud']));

  return newProfile;
};

exports.setEnvironment = function() {
  process.env['AZURE_VM_TEST_LOCATION'] = 'southeastasia';
  process.env['SSHCERT'] = 'test/myCert.pem';
};

exports.scopes = [[function (nock) { 
var result = 
nock('http://management.azure.com:443')
  .get('/subscriptions/e33f361b-53c2-4cc7-b829-78906708387b/resourceGroups/xplatTestGVMStart/providers/Microsoft.Compute/virtualMachines/xplatvmStSp?$expand=instanceView&api-version=2016-03-30')
  .reply(200, "{\r\n  \"properties\": {\r\n    \"vmId\": \"082a247e-bf3f-483b-aef4-9a62c5e8f1b5\",\r\n    \"hardwareProfile\": {\r\n      \"vmSize\": \"Standard_DS1\"\r\n    },\r\n    \"storageProfile\": {\r\n      \"imageReference\": {\r\n        \"publisher\": \"canonical\",\r\n        \"offer\": \"UbuntuServer\",\r\n        \"sku\": \"15.10\",\r\n        \"version\": \"15.10.201602040\"\r\n      },\r\n      \"osDisk\": {\r\n        \"osType\": \"Linux\",\r\n        \"name\": \"cliaab9a6971b7b374e-os-1461854979358\",\r\n        \"createOption\": \"FromImage\",\r\n        \"vhd\": {\r\n          \"uri\": \"https://xplattstoragestsp9410.blob.core.windows.net/xplatteststoragecntstsp/cliaab9a6971b7b374e-os-1461854979358.vhd\"\r\n        },\r\n        \"caching\": \"ReadWrite\"\r\n      },\r\n      \"dataDisks\": []\r\n    },\r\n    \"osProfile\": {\r\n      \"computerName\": \"xplatvmStSp\",\r\n      \"adminUsername\": \"azureuser\",\r\n      \"linuxConfiguration\": {\r\n        \"disablePasswordAuthentication\": false,\r\n        \"ssh\": {\r\n          \"publicKeys\": [\r\n            {\r\n              \"path\": \"/home/azureuser/.ssh/authorized_keys\",\r\n              \"keyData\": \"MIID/zCCAuegAwIBAgIJAMUAa+XVLvAeMA0GCSqGSIb3DQEBBQUAMIGVMQswCQYD\\r\\nVQQGEwJJbjESMBAGA1UECAwJS2FybmF0YWthMRIwEAYDVQQHDAlCYW5nYWxvcmUx\\r\\nEDAOBgNVBAoMB2JyaWxsaW8xEjAQBgNVBAsMCW1pY3Jvc29mdDEQMA4GA1UEAwwH\\r\\nYnJpbGxpbzEmMCQGCSqGSIb3DQEJARYXc3JlZWthbnRoYnNAeWFob28uY28uaW4w\\r\\nHhcNMTUwMzA1MTE1MzEyWhcNMTYwMzA0MTE1MzEyWjCBlTELMAkGA1UEBhMCSW4x\\r\\nEjAQBgNVBAgMCUthcm5hdGFrYTESMBAGA1UEBwwJQmFuZ2Fsb3JlMRAwDgYDVQQK\\r\\nDAdicmlsbGlvMRIwEAYDVQQLDAltaWNyb3NvZnQxEDAOBgNVBAMMB2JyaWxsaW8x\\r\\nJjAkBgkqhkiG9w0BCQEWF3NyZWVrYW50aGJzQHlhaG9vLmNvLmluMIIBIjANBgkq\\r\\nhkiG9w0BAQEFAAOCAQ8AMIIBCgKCAQEAyUNKaOuT0NK+S8Ck81zy9xJ6hXfZvAC6\\r\\nlhbmf/6s/WVimJ/TX5NMhQJwC9k6ZIF92KfYrojHNvHDufSZ3EtKUVwRFCDjmgMT\\r\\nDL09WkGaZt7gROYFK0iZ4KrYGovUwlwum9fHB24OJiOV4bi0ek62/rHx9fjYZpvp\\r\\naIH2PV/hN8SCZ0x7HJMberD4gVoU/Kv42nNvwjLUW6IZfVx/Gv5OeFDtWHfSvUEF\\r\\ndadHKTPn3Ab20Iu6gZIbLO9Vuf38/IpaYGfnFCouHdzmiTiLieYNe3CUPcOJNSv7\\r\\n1G8KYpx3uNJRkJPab5OsRyJw75Gvzkr9OgaPss9tVD6Gt68u3WQtVQIDAQABo1Aw\\r\\nTjAdBgNVHQ4EFgQUogvhXB+xZ2JJPfLO6cVs4ForzscwHwYDVR0jBBgwFoAUogvh\\r\\nXB+xZ2JJPfLO6cVs4ForzscwDAYDVR0TBAUwAwEB/zANBgkqhkiG9w0BAQUFAAOC\\r\\nAQEAdDj7qUNJ45xlF5cjd+4x5NHvAD1VTjOKu+Xh/uzSSjXqB2F0aOMWA9lx0qaQ\\r\\noJgHkGxj3zz/W7ik/cVGL2O+vRIOKv/y0OPogEmS3Hw+P+O6OGE7x1G6YN0zLVoL\\r\\nu4BN/BEYmjttxM9I7qqL7C5cJoE+K3s/w1/pt/68ohJcr7F9Ohi7cso62xuGY1Rm\\r\\nksAh2EUDsU9JV/P+C9AMpLSrb03JJYzVj4w1RHbrmw2AjFyGXdQYkggyXisg+Ifr\\r\\n5gbNN7HigpHf7b2i3CQBUqp9m23frh5AhnLI2qp3UXgc52U5ieLdi/t6j0TTZqqY\\r\\nHhHqofKrj938HHlBNpC5/LVh3w==\\r\\n\"\r\n            }\r\n          ]\r\n        }\r\n      },\r\n      \"secrets\": []\r\n    },\r\n    \"networkProfile\": {\"networkInterfaces\":[{\"id\":\"/subscriptions/e33f361b-53c2-4cc7-b829-78906708387b/resourceGroups/xplatTestGVMStart/providers/Microsoft.Network/networkInterfaces/xplattestnicStSp\"}]},\r\n    \"diagnosticsProfile\": {\r\n      \"bootDiagnostics\": {\r\n        \"enabled\": true,\r\n        \"storageUri\": \"https://xplattstoragestsp9410.blob.core.windows.net/\"\r\n      }\r\n    },\r\n    \"provisioningState\": \"Succeeded\",\r\n    \"instanceView\": {\r\n      \"vmAgent\": {\r\n        \"vmAgentVersion\": \"2.1.2\",\r\n        \"statuses\": [\r\n          {\r\n            \"code\": \"ProvisioningState/succeeded\",\r\n            \"level\": \"Info\",\r\n            \"displayStatus\": \"Ready\",\r\n            \"message\": \"Guest Agent is running\",\r\n            \"time\": \"2016-04-28T14:53:28+00:00\"\r\n          }\r\n        ],\r\n        \"extensionHandlers\": []\r\n      },\r\n      \"disks\": [\r\n        {\r\n          \"name\": \"cliaab9a6971b7b374e-os-1461854979358\",\r\n          \"statuses\": [\r\n            {\r\n              \"code\": \"ProvisioningState/succeeded\",\r\n              \"level\": \"Info\",\r\n              \"displayStatus\": \"Provisioning succeeded\",\r\n              \"time\": \"2016-04-28T14:51:52.3737153+00:00\"\r\n            }\r\n          ]\r\n        }\r\n      ],\r\n      \"bootDiagnostics\": {\r\n        \"consoleScreenshotBlobUri\": \"https://xplattstoragestsp9410.blob.core.windows.net/bootdiagnostics-xplatvmst-082a247e-bf3f-483b-aef4-9a62c5e8f1b5/xplatvmStSp.082a247e-bf3f-483b-aef4-9a62c5e8f1b5.screenshot.bmp\",\r\n        \"serialConsoleLogBlobUri\": \"https://xplattstoragestsp9410.blob.core.windows.net/bootdiagnostics-xplatvmst-082a247e-bf3f-483b-aef4-9a62c5e8f1b5/xplatvmStSp.082a247e-bf3f-483b-aef4-9a62c5e8f1b5.serialconsole.log\"\r\n      },\r\n      \"statuses\": [\r\n        {\r\n          \"code\": \"ProvisioningState/succeeded\",\r\n          \"level\": \"Info\",\r\n          \"displayStatus\": \"Provisioning succeeded\",\r\n          \"time\": \"2016-04-28T14:53:05.4845126+00:00\"\r\n        },\r\n        {\r\n          \"code\": \"PowerState/running\",\r\n          \"level\": \"Info\",\r\n          \"displayStatus\": \"VM running\"\r\n        }\r\n      ]\r\n    }\r\n  },\r\n  \"id\": \"/subscriptions/e33f361b-53c2-4cc7-b829-78906708387b/resourceGroups/xplatTestGVMStart/providers/Microsoft.Compute/virtualMachines/xplatvmStSp\",\r\n  \"name\": \"xplatvmStSp\",\r\n  \"type\": \"Microsoft.Compute/virtualMachines\",\r\n  \"location\": \"southeastasia\",\r\n  \"tags\": {}\r\n}", { 'cache-control': 'no-cache',
  pragma: 'no-cache',
  'content-length': '4923',
  'content-type': 'application/json; charset=utf-8',
  expires: '-1',
  'strict-transport-security': 'max-age=31536000; includeSubDomains',
  'x-ms-served-by': 'dce02487-9cda-4782-8138-773eb1573792_131062170979747812',
  'x-ms-request-id': '9070ad47-0d04-45d6-880e-c1a6a6feace7',
  server: 'Microsoft-HTTPAPI/2.0, Microsoft-HTTPAPI/2.0',
  'x-ms-ratelimit-remaining-subscription-reads': '14998',
  'x-ms-correlation-request-id': '046f7d8b-2560-4177-ac90-b191515f8d89',
  'x-ms-routing-request-id': 'WESTUS:20160428T145330Z:046f7d8b-2560-4177-ac90-b191515f8d89',
  date: 'Thu, 28 Apr 2016 14:53:29 GMT',
  connection: 'close' });
 return result; },
function (nock) { 
var result = 
nock('https://management.azure.com:443')
  .get('/subscriptions/e33f361b-53c2-4cc7-b829-78906708387b/resourceGroups/xplatTestGVMStart/providers/Microsoft.Compute/virtualMachines/xplatvmStSp?$expand=instanceView&api-version=2016-03-30')
  .reply(200, "{\r\n  \"properties\": {\r\n    \"vmId\": \"082a247e-bf3f-483b-aef4-9a62c5e8f1b5\",\r\n    \"hardwareProfile\": {\r\n      \"vmSize\": \"Standard_DS1\"\r\n    },\r\n    \"storageProfile\": {\r\n      \"imageReference\": {\r\n        \"publisher\": \"canonical\",\r\n        \"offer\": \"UbuntuServer\",\r\n        \"sku\": \"15.10\",\r\n        \"version\": \"15.10.201602040\"\r\n      },\r\n      \"osDisk\": {\r\n        \"osType\": \"Linux\",\r\n        \"name\": \"cliaab9a6971b7b374e-os-1461854979358\",\r\n        \"createOption\": \"FromImage\",\r\n        \"vhd\": {\r\n          \"uri\": \"https://xplattstoragestsp9410.blob.core.windows.net/xplatteststoragecntstsp/cliaab9a6971b7b374e-os-1461854979358.vhd\"\r\n        },\r\n        \"caching\": \"ReadWrite\"\r\n      },\r\n      \"dataDisks\": []\r\n    },\r\n    \"osProfile\": {\r\n      \"computerName\": \"xplatvmStSp\",\r\n      \"adminUsername\": \"azureuser\",\r\n      \"linuxConfiguration\": {\r\n        \"disablePasswordAuthentication\": false,\r\n        \"ssh\": {\r\n          \"publicKeys\": [\r\n            {\r\n              \"path\": \"/home/azureuser/.ssh/authorized_keys\",\r\n              \"keyData\": \"MIID/zCCAuegAwIBAgIJAMUAa+XVLvAeMA0GCSqGSIb3DQEBBQUAMIGVMQswCQYD\\r\\nVQQGEwJJbjESMBAGA1UECAwJS2FybmF0YWthMRIwEAYDVQQHDAlCYW5nYWxvcmUx\\r\\nEDAOBgNVBAoMB2JyaWxsaW8xEjAQBgNVBAsMCW1pY3Jvc29mdDEQMA4GA1UEAwwH\\r\\nYnJpbGxpbzEmMCQGCSqGSIb3DQEJARYXc3JlZWthbnRoYnNAeWFob28uY28uaW4w\\r\\nHhcNMTUwMzA1MTE1MzEyWhcNMTYwMzA0MTE1MzEyWjCBlTELMAkGA1UEBhMCSW4x\\r\\nEjAQBgNVBAgMCUthcm5hdGFrYTESMBAGA1UEBwwJQmFuZ2Fsb3JlMRAwDgYDVQQK\\r\\nDAdicmlsbGlvMRIwEAYDVQQLDAltaWNyb3NvZnQxEDAOBgNVBAMMB2JyaWxsaW8x\\r\\nJjAkBgkqhkiG9w0BCQEWF3NyZWVrYW50aGJzQHlhaG9vLmNvLmluMIIBIjANBgkq\\r\\nhkiG9w0BAQEFAAOCAQ8AMIIBCgKCAQEAyUNKaOuT0NK+S8Ck81zy9xJ6hXfZvAC6\\r\\nlhbmf/6s/WVimJ/TX5NMhQJwC9k6ZIF92KfYrojHNvHDufSZ3EtKUVwRFCDjmgMT\\r\\nDL09WkGaZt7gROYFK0iZ4KrYGovUwlwum9fHB24OJiOV4bi0ek62/rHx9fjYZpvp\\r\\naIH2PV/hN8SCZ0x7HJMberD4gVoU/Kv42nNvwjLUW6IZfVx/Gv5OeFDtWHfSvUEF\\r\\ndadHKTPn3Ab20Iu6gZIbLO9Vuf38/IpaYGfnFCouHdzmiTiLieYNe3CUPcOJNSv7\\r\\n1G8KYpx3uNJRkJPab5OsRyJw75Gvzkr9OgaPss9tVD6Gt68u3WQtVQIDAQABo1Aw\\r\\nTjAdBgNVHQ4EFgQUogvhXB+xZ2JJPfLO6cVs4ForzscwHwYDVR0jBBgwFoAUogvh\\r\\nXB+xZ2JJPfLO6cVs4ForzscwDAYDVR0TBAUwAwEB/zANBgkqhkiG9w0BAQUFAAOC\\r\\nAQEAdDj7qUNJ45xlF5cjd+4x5NHvAD1VTjOKu+Xh/uzSSjXqB2F0aOMWA9lx0qaQ\\r\\noJgHkGxj3zz/W7ik/cVGL2O+vRIOKv/y0OPogEmS3Hw+P+O6OGE7x1G6YN0zLVoL\\r\\nu4BN/BEYmjttxM9I7qqL7C5cJoE+K3s/w1/pt/68ohJcr7F9Ohi7cso62xuGY1Rm\\r\\nksAh2EUDsU9JV/P+C9AMpLSrb03JJYzVj4w1RHbrmw2AjFyGXdQYkggyXisg+Ifr\\r\\n5gbNN7HigpHf7b2i3CQBUqp9m23frh5AhnLI2qp3UXgc52U5ieLdi/t6j0TTZqqY\\r\\nHhHqofKrj938HHlBNpC5/LVh3w==\\r\\n\"\r\n            }\r\n          ]\r\n        }\r\n      },\r\n      \"secrets\": []\r\n    },\r\n    \"networkProfile\": {\"networkInterfaces\":[{\"id\":\"/subscriptions/e33f361b-53c2-4cc7-b829-78906708387b/resourceGroups/xplatTestGVMStart/providers/Microsoft.Network/networkInterfaces/xplattestnicStSp\"}]},\r\n    \"diagnosticsProfile\": {\r\n      \"bootDiagnostics\": {\r\n        \"enabled\": true,\r\n        \"storageUri\": \"https://xplattstoragestsp9410.blob.core.windows.net/\"\r\n      }\r\n    },\r\n    \"provisioningState\": \"Succeeded\",\r\n    \"instanceView\": {\r\n      \"vmAgent\": {\r\n        \"vmAgentVersion\": \"2.1.2\",\r\n        \"statuses\": [\r\n          {\r\n            \"code\": \"ProvisioningState/succeeded\",\r\n            \"level\": \"Info\",\r\n            \"displayStatus\": \"Ready\",\r\n            \"message\": \"Guest Agent is running\",\r\n            \"time\": \"2016-04-28T14:53:28+00:00\"\r\n          }\r\n        ],\r\n        \"extensionHandlers\": []\r\n      },\r\n      \"disks\": [\r\n        {\r\n          \"name\": \"cliaab9a6971b7b374e-os-1461854979358\",\r\n          \"statuses\": [\r\n            {\r\n              \"code\": \"ProvisioningState/succeeded\",\r\n              \"level\": \"Info\",\r\n              \"displayStatus\": \"Provisioning succeeded\",\r\n              \"time\": \"2016-04-28T14:51:52.3737153+00:00\"\r\n            }\r\n          ]\r\n        }\r\n      ],\r\n      \"bootDiagnostics\": {\r\n        \"consoleScreenshotBlobUri\": \"https://xplattstoragestsp9410.blob.core.windows.net/bootdiagnostics-xplatvmst-082a247e-bf3f-483b-aef4-9a62c5e8f1b5/xplatvmStSp.082a247e-bf3f-483b-aef4-9a62c5e8f1b5.screenshot.bmp\",\r\n        \"serialConsoleLogBlobUri\": \"https://xplattstoragestsp9410.blob.core.windows.net/bootdiagnostics-xplatvmst-082a247e-bf3f-483b-aef4-9a62c5e8f1b5/xplatvmStSp.082a247e-bf3f-483b-aef4-9a62c5e8f1b5.serialconsole.log\"\r\n      },\r\n      \"statuses\": [\r\n        {\r\n          \"code\": \"ProvisioningState/succeeded\",\r\n          \"level\": \"Info\",\r\n          \"displayStatus\": \"Provisioning succeeded\",\r\n          \"time\": \"2016-04-28T14:53:05.4845126+00:00\"\r\n        },\r\n        {\r\n          \"code\": \"PowerState/running\",\r\n          \"level\": \"Info\",\r\n          \"displayStatus\": \"VM running\"\r\n        }\r\n      ]\r\n    }\r\n  },\r\n  \"id\": \"/subscriptions/e33f361b-53c2-4cc7-b829-78906708387b/resourceGroups/xplatTestGVMStart/providers/Microsoft.Compute/virtualMachines/xplatvmStSp\",\r\n  \"name\": \"xplatvmStSp\",\r\n  \"type\": \"Microsoft.Compute/virtualMachines\",\r\n  \"location\": \"southeastasia\",\r\n  \"tags\": {}\r\n}", { 'cache-control': 'no-cache',
  pragma: 'no-cache',
  'content-length': '4923',
  'content-type': 'application/json; charset=utf-8',
  expires: '-1',
  'strict-transport-security': 'max-age=31536000; includeSubDomains',
  'x-ms-served-by': 'dce02487-9cda-4782-8138-773eb1573792_131062170979747812',
  'x-ms-request-id': '9070ad47-0d04-45d6-880e-c1a6a6feace7',
  server: 'Microsoft-HTTPAPI/2.0, Microsoft-HTTPAPI/2.0',
  'x-ms-ratelimit-remaining-subscription-reads': '14998',
  'x-ms-correlation-request-id': '046f7d8b-2560-4177-ac90-b191515f8d89',
  'x-ms-routing-request-id': 'WESTUS:20160428T145330Z:046f7d8b-2560-4177-ac90-b191515f8d89',
  date: 'Thu, 28 Apr 2016 14:53:29 GMT',
  connection: 'close' });
 return result; },
function (nock) { 
var result = 
nock('http://management.azure.com:443')
  .post('/subscriptions/e33f361b-53c2-4cc7-b829-78906708387b/resourceGroups/xplatTestGVMStart/providers/Microsoft.Storage/storageAccounts/xplattstoragestsp9410/listKeys?api-version=2016-01-01')
  .reply(200, "{\"keys\":[{\"keyName\":\"key1\",\"permissions\":\"Full\",\"value\":\"6dD5xesVrqU/6nEANhW0T4dIIV0EeMM7eBuJHlGYdy9vyLg6tvKmPNsK980wLKo/tt0pSWJ6U74Sy3mROQZgtA==\"},{\"keyName\":\"key2\",\"permissions\":\"Full\",\"value\":\"KRsGfM4cmdwcJbFAPBOL24sQMIPJ1jAdQ1A/OhTChwNTB6TgxT4uK7gM9GRY8qi0pfGg2vn32Qin16jKu4G04A==\"}]}\n", { 'cache-control': 'no-cache',
  pragma: 'no-cache',
  'content-length': '289',
  'content-type': 'application/json',
  expires: '-1',
  'x-ms-request-id': 'af760900-5eb7-483d-9355-78a50d539648',
  server: 'Microsoft-Azure-Storage-Resource-Provider/1.0, Microsoft-HTTPAPI/2.0',
  'x-ms-ratelimit-remaining-subscription-writes': '1198',
  'x-ms-correlation-request-id': 'af760900-5eb7-483d-9355-78a50d539648',
  'x-ms-routing-request-id': 'WESTUS:20160428T145330Z:af760900-5eb7-483d-9355-78a50d539648',
  'strict-transport-security': 'max-age=31536000; includeSubDomains',
  date: 'Thu, 28 Apr 2016 14:53:30 GMT',
  connection: 'close' });
 return result; },
function (nock) { 
var result = 
nock('https://management.azure.com:443')
  .post('/subscriptions/e33f361b-53c2-4cc7-b829-78906708387b/resourceGroups/xplatTestGVMStart/providers/Microsoft.Storage/storageAccounts/xplattstoragestsp9410/listKeys?api-version=2016-01-01')
  .reply(200, "{\"keys\":[{\"keyName\":\"key1\",\"permissions\":\"Full\",\"value\":\"6dD5xesVrqU/6nEANhW0T4dIIV0EeMM7eBuJHlGYdy9vyLg6tvKmPNsK980wLKo/tt0pSWJ6U74Sy3mROQZgtA==\"},{\"keyName\":\"key2\",\"permissions\":\"Full\",\"value\":\"KRsGfM4cmdwcJbFAPBOL24sQMIPJ1jAdQ1A/OhTChwNTB6TgxT4uK7gM9GRY8qi0pfGg2vn32Qin16jKu4G04A==\"}]}\n", { 'cache-control': 'no-cache',
  pragma: 'no-cache',
  'content-length': '289',
  'content-type': 'application/json',
  expires: '-1',
  'x-ms-request-id': 'af760900-5eb7-483d-9355-78a50d539648',
  server: 'Microsoft-Azure-Storage-Resource-Provider/1.0, Microsoft-HTTPAPI/2.0',
  'x-ms-ratelimit-remaining-subscription-writes': '1198',
  'x-ms-correlation-request-id': 'af760900-5eb7-483d-9355-78a50d539648',
  'x-ms-routing-request-id': 'WESTUS:20160428T145330Z:af760900-5eb7-483d-9355-78a50d539648',
  'strict-transport-security': 'max-age=31536000; includeSubDomains',
  date: 'Thu, 28 Apr 2016 14:53:30 GMT',
  connection: 'close' });
 return result; },
function (nock) { 
var result = 
nock('http://xplattstoragestsp9410.blob.core.windows.net:443')
  .head('/bootdiagnostics-xplatvmst-082a247e-bf3f-483b-aef4-9a62c5e8f1b5/xplatvmStSp.082a247e-bf3f-483b-aef4-9a62c5e8f1b5.serialconsole.log')
  .reply(200, "", { 'content-length': '58368',
  'content-type': 'text/plain',
  'last-modified': 'Thu, 28 Apr 2016 14:53:04 GMT',
  'accept-ranges': 'bytes',
  etag: '"0x8D36F74CD68D001"',
  server: 'Windows-Azure-Blob/1.0 Microsoft-HTTPAPI/2.0',
  'x-ms-request-id': '2888a768-0001-0012-1b5d-a14283000000',
  'x-ms-version': '2015-02-21',
  'x-ms-write-protection': 'false',
  'x-ms-lease-status': 'unlocked',
  'x-ms-lease-state': 'available',
  'x-ms-blob-type': 'PageBlob',
  'x-ms-blob-sequence-number': '0',
  date: 'Thu, 28 Apr 2016 14:53:31 GMT',
  connection: 'close' });
 return result; },
function (nock) { 
var result = 
nock('https://xplattstoragestsp9410.blob.core.windows.net:443')
  .head('/bootdiagnostics-xplatvmst-082a247e-bf3f-483b-aef4-9a62c5e8f1b5/xplatvmStSp.082a247e-bf3f-483b-aef4-9a62c5e8f1b5.serialconsole.log')
  .reply(200, "", { 'content-length': '58368',
  'content-type': 'text/plain',
  'last-modified': 'Thu, 28 Apr 2016 14:53:04 GMT',
  'accept-ranges': 'bytes',
  etag: '"0x8D36F74CD68D001"',
  server: 'Windows-Azure-Blob/1.0 Microsoft-HTTPAPI/2.0',
  'x-ms-request-id': '2888a768-0001-0012-1b5d-a14283000000',
  'x-ms-version': '2015-02-21',
  'x-ms-write-protection': 'false',
  'x-ms-lease-status': 'unlocked',
  'x-ms-lease-state': 'available',
  'x-ms-blob-type': 'PageBlob',
  'x-ms-blob-sequence-number': '0',
  date: 'Thu, 28 Apr 2016 14:53:31 GMT',
  connection: 'close' });
 return result; },
function (nock) { 
var result = 
nock('http://xplattstoragestsp9410.blob.core.windows.net:443')
  .get('/bootdiagnostics-xplatvmst-082a247e-bf3f-483b-aef4-9a62c5e8f1b5/xplatvmStSp.082a247e-bf3f-483b-aef4-9a62c5e8f1b5.serialconsole.log')
  .reply(200, "\u001b[H\u001b[J\u001b[1;1H[    0.000000] Initializing cgroup subsys cpuset\r\n[    0.000000] Initializing cgroup subsys cpu\r\n[    0.000000] Initializing cgroup subsys cpuacct\r\n[    0.000000] Linux version 4.2.0-27-generic (buildd@lgw01-12) (gcc version 5.2.1 20151010 (Ubuntu 5.2.1-22ubuntu2) ) #32-Ubuntu SMP Fri Jan 22 04:49:08 UTC 2016 (Ubuntu 4.2.0-27.32-generic 4.2.8-ckt1)\r\n[    0.000000] Command line: BOOT_IMAGE=/boot/vmlinuz-4.2.0-27-generic root=UUID=00dbac90-0d84-46e7-b813-31837bb7b225 ro console=tty1 console=ttyS0 earlyprintk=ttyS0 rootdelay=300\r\n[    0.000000] KERNEL supported cpus:\r\n[    0.000000]   Intel GenuineIntel\r\n[    0.000000]   AMD AuthenticAMD\r\n[    0.000000]   Centaur CentaurHauls\r\n[    0.000000] x86/fpu: xstate_offset[2]: 0240, xstate_sizes[2]: 0100\r\n[    0.000000] x86/fpu: Supporting XSAVE feature 0x01: 'x87 floating point registers'\r\n[    0.000000] x86/fpu: Supporting XSAVE feature 0x02: 'SSE registers'\r\n[    0.000000] x86/fpu: Supporting XSAVE feature 0x04: 'AVX registers'\r\n[    0.000000] x86/fpu: Enabled xstate features 0x7, context size is 0x340 bytes, using 'standard' format.\r\n[    0.000000] x86/fpu: Using 'eager' FPU context switches.\r\n[    0.000000] e820: BIOS-provided physical RAM map:\r\n[    0.000000] BIOS-e820: [mem 0x0000000000000000-0x000000000009fbff] usable\r\n[    0.000000] BIOS-e820: [mem 0x000000000009fc00-0x000000000009ffff] reserved\r\n[    0.000000] BIOS-e820: [mem 0x00000000000e0000-0x00000000000fffff] reserved\r\n[    0.000000] BIOS-e820: [mem 0x0000000000100000-0x000000001ffeffff] usable\r\n[    0.000000] BIOS-e820: [mem 0x000000001fff0000-0x000000001fffefff] ACPI data\r\n[    0.000000] BIOS-e820: [mem 0x000000001ffff000-0x000000001fffffff] ACPI NVS\r\n[    0.000000] BIOS-e820: [mem 0x0000000100000000-0x00000001bfffffff] usable\r\n[    0.000000] bootconsole [earlyser0] enabled\r\n[    0.000000] NX (Execute Disable) protection: active\r\n[    0.000000] SMBIOS 2.3 present.\r\n[    0.000000] Hypervisor detected: Microsoft HyperV\r\n[    0.000000] HyperV: features 0xe7f, hints 0x2c\r\n[    0.000000] HyperV: LAPIC Timer Frequency: 0xc3500\r\n[    0.000000] clocksource: hyperv_clocksource: mask: 0xffffffffffffffff max_cycles: 0x24e6a1710, max_idle_ns: 440795202120 ns\r\n[    0.000000] tsc: Marking TSC unstable due to running on Hyper-V\r\n[    0.000000] e820: last_pfn = 0x1c0000 max_arch_pfn = 0x400000000\r\n[    0.000000] x86/PAT: Configuration [0-7]: WB  WC  UC- UC  WB  WC  UC- WT  \r\n[    0.000000] e820: last_pfn = 0x1fff0 max_arch_pfn = 0x400000000\r\n[    0.000000] found SMP MP-table at [mem 0x000ff780-0x000ff78f] mapped at [ffff8800000ff780]\r\n[    0.000000] Scanning 1 areas for low memory corruption\r\n[    0.000000] init_memory_mapping: [mem 0x00000000-0x000fffff]\r\n[    0.000000] init_memory_mapping: [mem 0x1bfe00000-0x1bfffffff]\r\n[    0.000000] init_memory_mapping: [mem 0x1a0000000-0x1bfdfffff]\r\n[    0.000000] init_memory_mapping: [mem 0x00100000-0x1ffeffff]\r\n[    0.000000] init_memory_mapping: [mem 0x100000000-0x19fffffff]\r\n[    0.000000] RAMDISK: [mem 0x1d9ee000-0x1f7b1fff]\r\n[    0.000000] ACPI: Early table checksum verification disabled\r\n[    0.000000] ACPI: RSDP 0x00000000000F56F0 000014 (v00 ACPIAM)\r\n[    0.000000] ACPI: RSDT 0x000000001FFF0000 000040 (v01 VRTUAL MICROSFT 05001223 MSFT 00000097)\r\n[    0.000000] ACPI: FACP 0x000000001FFF0200 000081 (v02 VRTUAL MICROSFT 05001223 MSFT 00000097)\r\n[    0.000000] ACPI: DSDT 0x000000001FFF1724 002E78 (v01 MSFTVM MSFTVM02 00000002 INTL 02002026)\r\n[    0.000000] ACPI: FACS 0x000000001FFFF000 000040\r\n[    0.000000] ACPI: WAET 0x000000001FFF1480 000028 (v01 VRTUAL MICROSFT 05001223 MSFT 00000097)\r\n[    0.000000] ACPI: SLIC 0x000000001FFF14C0 000176 (v01 VRTUAL MICROSFT 05001223 MSFT 00000097)\r\n[    0.000000] ACPI: OEM0 0x000000001FFF16C0 000064 (v01 VRTUAL MICROSFT 05001223 MSFT 00000097)\r\n[    0.000000] ACPI: SRAT 0x000000001FFF0600 000090 (v02 VRTUAL MICROSFT 00000001 MSFT 00000001)\r\n[    0.000000] ACPI: APIC 0x000000001FFF0300 00024C (v01 VRTUAL MICROSFT 05001223 MSFT 00000097)\r\n[    0.000000] ACPI: OEMB 0x000000001FFFF040 000064 (v01 VRTUAL MICROSFT 05001223 MSFT 00000097)\r\n[    0.000000] SRAT: PXM 0 -> APIC 0x00 -> Node 0\r\n[    0.000000] SRAT: Node 0 PXM 0 [mem 0x00000000-0x1fffffff]\r\n[    0.000000] SRAT: Node 0 PXM 0 [mem 0x100000000-0x1bfffffff]\r\n[    0.000000] NUMA: Node 0 [mem 0x00000000-0x1fffffff] + [mem 0x100000000-0x1bfffffff] -> [mem 0x00000000-0x1bfffffff]\r\n[    0.000000] NODE_DATA(0) allocated [mem 0x1bfffa000-0x1bfffefff]\r\n[    0.000000] Zone ranges:\r\n[    0.000000]   DMA      [mem 0x0000000000001000-0x0000000000ffffff]\r\n[    0.000000]   DMA32    [mem 0x0000000001000000-0x00000000ffffffff]\r\n[    0.000000]   Normal   [mem 0x0000000100000000-0x00000001bfffffff]\r\n[    0.000000] Movable zone start for each node\r\n[    0.000000] Early memory node ranges\r\n[    0.000000]   node   0: [mem 0x0000000000001000-0x000000000009efff]\r\n[    0.000000]   node   0: [mem 0x0000000000100000-0x000000001ffeffff]\r\n[    0.000000]   node   0: [mem 0x0000000100000000-0x00000001bfffffff]\r\n[    0.000000] Initmem setup node 0 [mem 0x0000000000001000-0x00000001bfffffff]\r\n[    0.000000] ACPI: PM-Timer IO Port: 0x408\r\n[    0.000000] IOAPIC[0]: apic_id 0, version 17, address 0xfec00000, GSI 0-23\r\n[    0.000000] ACPI: INT_SRC_OVR (bus 0 bus_irq 0 global_irq 2 dfl dfl)\r\n[    0.000000] ACPI: INT_SRC_OVR (bus 0 bus_irq 9 global_irq 9 high level)\r\n[    0.000000] Using ACPI (MADT) for SMP configuration information\r\n[    0.000000] smpboot: Allowing 64 CPUs, 63 hotplug CPUs\r\n[    0.000000] PM: Registered nosave memory: [mem 0x00000000-0x00000fff]\r\n[    0.000000] PM: Registered nosave memory: [mem 0x0009f000-0x0009ffff]\r\n[    0.000000] PM: Registered nosave memory: [mem 0x000a0000-0x000dffff]\r\n[    0.000000] PM: Registered nosave memory: [mem 0x000e0000-0x000fffff]\r\n[    0.000000] PM: Registered nosave memory: [mem 0x1fff0000-0x1fffefff]\r\n[    0.000000] PM: Registered nosave memory: [mem 0x1ffff000-0x1fffffff]\r\n[    0.000000] PM: Registered nosave memory: [mem 0x20000000-0xffffffff]\r\n[    0.000000] e820: [mem 0x20000000-0xffffffff] available for PCI devices\r\n[    0.000000] Booting paravirtualized kernel on bare hardware\r\n[    0.000000] clocksource: refined-jiffies: mask: 0xffffffff max_cycles: 0xffffffff, max_idle_ns: 7645519600211568 ns\r\n[    0.000000] setup_percpu: NR_CPUS:256 nr_cpumask_bits:256 nr_cpu_ids:64 nr_node_ids:1\r\n[    0.000000] PERCPU: Embedded 33 pages/cpu @ffff8801bae00000 s96728 r8192 d30248 u262144\r\n[    0.000000] Built 1 zonelists in Node order, mobility grouping on.  Total pages: 903033\r\n[    0.000000] Policy zone: Normal\r\n[    0.000000] Kernel command line: BOOT_IMAGE=/boot/vmlinuz-4.2.0-27-generic root=UUID=00dbac90-0d84-46e7-b813-31837bb7b225 ro console=tty1 console=ttyS0 earlyprintk=ttyS0 rootdelay=300\r\n[    0.000000] log_buf_len individual max cpu contribution: 4096 bytes\r\n[    0.000000] log_buf_len total cpu_extra contributions: 258048 bytes\r\n[    0.000000] log_buf_len min size: 262144 bytes\r\n[    0.000000] log_buf_len: 524288 bytes\r\n[    0.000000] early log buf free: 252360(96%)\r\n[    0.000000] PID hash table entries: 4096 (order: 3, 32768 bytes)\r\n[    0.000000] Memory: 3490024K/3669560K available (8154K kernel code, 1238K rwdata, 3804K rodata, 1460K init, 1292K bss, 179536K reserved, 0K cma-reserved)\r\n[    0.000000] SLUB: HWalign=64, Order=0-3, MinObjects=0, CPUs=64, Nodes=1\r\n[    0.000000] Hierarchical RCU implementation.\r\n[    0.000000] \tBuild-time adjustment of leaf fanout to 64.\r\n[    0.000000] \tRCU restricting CPUs from NR_CPUS=256 to nr_cpu_ids=64.\r\n[    0.000000] RCU: Adjusting geometry for rcu_fanout_leaf=64, nr_cpu_ids=64\r\n[    0.000000] NR_IRQS:16640 nr_irqs:936 16\r\n[    0.000000] \tOffload RCU callbacks from all CPUs\r\n[    0.000000] \tOffload RCU callbacks from CPUs: 0-63.\r\n[    0.000000] Console: colour VGA+ 80x25\r\n[    0.000000] console [tty1] enabled\r\n[    0.000000] console [ttyS0] enabled\r\n[    0.000000] console [ttyS0] enabled\r\n[    0.000000] bootconsole [earlyser0] disabled\r\n[    0.000000] bootconsole [earlyser0] disabled\r\n[    0.000000] tsc: Fast TSC calibration failed\r\n[    0.000000] tsc: Unable to calibrate against PIT\r\n[    0.000000] tsc: using PMTIMER reference calibration\r\n[    0.000000] tsc: Detected 2194.497 MHz processor\r\n[    0.016046] Calibrating delay loop (skipped), value calculated using timer frequency.. 4388.99 BogoMIPS (lpj=8777988)\r\n[    0.021293] pid_max: default: 65536 minimum: 512\r\n[    0.022733] ACPI: Core revision 20150619\r\n[    0.026070] ACPI: All ACPI Tables successfully acquired\r\n[    0.029134] Security Framework initialized\r\n[    0.030599] AppArmor: AppArmor initialized\r\n[    0.032023] Yama: becoming mindful.\r\n[    0.033728] Dentry cache hash table entries: 524288 (order: 10, 4194304 bytes)\r\n[    0.036991] Inode-cache hash table entries: 262144 (order: 9, 2097152 bytes)\r\n[    0.039112] Mount-cache hash table entries: 8192 (order: 4, 65536 bytes)\r\n[    0.040025] Mountpoint-cache hash table entries: 8192 (order: 4, 65536 bytes)\r\n[    0.042337] Initializing cgroup subsys blkio\r\n[    0.044022] Initializing cgroup subsys memory\r\n[    0.045773] Initializing cgroup subsys devices\r\n[    0.048022] Initializing cgroup subsys freezer\r\n[    0.049467] Initializing cgroup subsys net_cls\r\n[    0.050911] Initializing cgroup subsys perf_event\r\n[    0.052042] Initializing cgroup subsys net_prio\r\n[    0.053527] Initializing cgroup subsys hugetlb\r\n[    0.056120] mce: CPU supports 1 MCE banks\r\n[    0.057642] Last level iTLB entries: 4KB 512, 2MB 8, 4MB 8\r\n[    0.059185] Last level dTLB entries: 4KB 512, 2MB 32, 4MB 32, 1GB 0\r\n[    0.085274] ftrace: allocating 30933 entries in 121 pages\r\n[    0.100155] Switched APIC routing to physical flat.\r\n[    0.115407] ..TIMER: vector=0x30 apic1=0 pin1=2 apic2=-1 pin2=-1\r\n[    0.116146] smpboot: CPU0: Intel(R) Xeon(R) CPU E5-2660 0 @ 2.20GHz (fam: 06, model: 2d, stepping: 07)\r\n[    0.120033] Performance Events: unsupported p6 CPU model 45 no PMU driver, software events only.\r\n[    0.125341] x86: Booted up 1 node, 1 CPUs\r\n[    0.126895] smpboot: Total of 1 processors activated (4388.99 BogoMIPS)\r\n[    0.128013] NMI watchdog: disabled (cpu0): hardware events not enabled\r\n[    0.129764] NMI watchdog: Shutting down hard lockup detector on all cpus\r\n[    0.136020] devtmpfs: initialized\r\n[    0.140397] evm: security.selinux\r\n[    0.142167] evm: security.SMACK64\r\n[    0.143603] evm: security.SMACK64EXEC\r\n[    0.144003] evm: security.SMACK64TRANSMUTE\r\n[    0.145633] evm: security.SMACK64MMAP\r\n[    0.148016] evm: security.ima\r\n[    0.149469] evm: security.capability\r\n[    0.150975] PM: Registering ACPI NVS region [mem 0x1ffff000-0x1fffffff] (4096 bytes)\r\n[    0.152097] clocksource: jiffies: mask: 0xffffffff max_cycles: 0xffffffff, max_idle_ns: 7645041785100000 ns\r\n[    0.154146] pinctrl core: initialized pinctrl subsystem\r\n[    0.156395] RTC time: 14:52:28, date: 04/28/16\r\n[    0.157756] NET: Registered protocol family 16\r\n[    0.159161] cpuidle: using governor ladder\r\n[    0.160011] cpuidle: using governor menu\r\n[    0.161276] ACPI: bus type PCI registered\r\n[    0.164005] acpiphp: ACPI Hot Plug PCI Controller Driver version: 0.5\r\n[    0.166464] PCI: Using configuration type 1 for base access\r\n[    0.169709] ACPI: Added _OSI(Module Device)\r\n[    0.170880] ACPI: Added _OSI(Processor Device)\r\n[    0.172008] ACPI: Added _OSI(3.0 _SCP Extensions)\r\n[    0.173231] ACPI: Added _OSI(Processor Aggregator Device)\r\n[    0.177215] ACPI: Interpreter enabled\r\n[    0.178383] ACPI Exception: AE_NOT_FOUND, While evaluating Sleep State [\\_S1_] (20150619/hwxface-580)\r\n[    0.180998] ACPI Exception: AE_NOT_FOUND, While evaluating Sleep State [\\_S2_] (20150619/hwxface-580)\r\n[    0.184003] ACPI Exception: AE_NOT_FOUND, While evaluating Sleep State [\\_S3_] (20150619/hwxface-580)\r\n[    0.186955] ACPI Exception: AE_NOT_FOUND, While evaluating Sleep State [\\_S4_] (20150619/hwxface-580)\r\n[    0.189995] ACPI: (supports S0 S5)\r\n[    0.191096] ACPI: Using IOAPIC for interrupt routing\r\n[    0.192029] PCI: Using host bridge windows from ACPI; if necessary, use \"pci=nocrs\" and report a bug\r\n[    0.203700] ACPI: PCI Root Bridge [PCI0] (domain 0000 [bus 00-ff])\r\n[    0.204015] acpi PNP0A03:00: _OSC: OS supports [ASPM ClockPM Segments MSI]\r\n[    0.205399] acpi PNP0A03:00: _OSC failed (AE_NOT_FOUND); disabling ASPM\r\n[    0.208258] acpi PNP0A03:00: fail to add MMCONFIG information, can't access extended PCI configuration space under this bridge.\r\n[    0.210219] PCI host bridge to bus 0000:00\r\n[    0.211339] pci_bus 0000:00: root bus resource [bus 00-ff]\r\n[    0.212008] pci_bus 0000:00: root bus resource [mem 0xfe0000000-0xfffefffff window]\r\n[    0.213521] pci_bus 0000:00: root bus resource [io  0x0000-0x0cf7 window]\r\n[    0.214893] pci_bus 0000:00: root bus resource [io  0x0d00-0xffff window]\r\n[    0.216010] pci_bus 0000:00: root bus resource [mem 0x000a0000-0x000bffff window]\r\n[    0.217557] pci_bus 0000:00: root bus resource [mem 0x20000000-0xfffbffff window]\r\n[    0.225810] pci 0000:00:07.1: legacy IDE quirk: reg 0x10: [io  0x01f0-0x01f7]\r\n[    0.227185] pci 0000:00:07.1: legacy IDE quirk: reg 0x14: [io  0x03f6]\r\n[    0.228003] pci 0000:00:07.1: legacy IDE quirk: reg 0x18: [io  0x0170-0x0177]\r\n[    0.229385] pci 0000:00:07.1: legacy IDE quirk: reg 0x1c: [io  0x0376]\r\n[    0.231122] * Found PM-Timer Bug on the chipset. Due to workarounds for a bug,\r\n[    0.231122] * this clock source is slow. Consider trying other clock sources\r\n[    0.233702] pci 0000:00:07.3: quirk: [io  0x0400-0x043f] claimed by PIIX4 ACPI\r\n[    0.245777] ACPI: PCI Interrupt Link [LNKA] (IRQs 3 4 5 7 9 10 *11 12 14 15)\r\n[    0.254327] ACPI: PCI Interrupt Link [LNKB] (IRQs 3 4 5 7 9 10 11 12 14 15) *0, disabled.\r\n[    0.265731] ACPI: PCI Interrupt Link [LNKC] (IRQs 3 4 5 7 9 10 11 12 14 15) *0, disabled.\r\n[    0.276184] ACPI: PCI Interrupt Link [LNKD] (IRQs 3 4 5 7 9 10 11 12 14 15) *0, disabled.\r\n[    0.287129] ACPI: Enabled 1 GPEs in block 00 to 0F\r\n[    0.288151] vgaarb: setting as boot device: PCI:0000:00:08.0\r\n[    0.289421] vgaarb: device added: PCI:0000:00:08.0,decodes=io+mem,owns=io+mem,locks=none\r\n[    0.292002] vgaarb: loaded\r\n[    0.293035] vgaarb: bridge control possible 0000:00:08.0\r\n[    0.294508] SCSI subsystem initialized\r\n[    0.296089] ACPI: bus type USB registered\r\n[    0.297252] usbcore: registered new interface driver usbfs\r\n[    0.298527] usbcore: registered new interface driver hub\r\n[    0.300114] usbcore: registered new device driver usb\r\n[    0.301700] PCI: Using ACPI for IRQ routing\r\n[    0.303447] NetLabel: Initializing\r\n[    0.304003] NetLabel:  domain hash size = 128\r\n[    0.305218] NetLabel:  protocols = UNLABELED CIPSOv4\r\n[    0.306548] NetLabel:  unlabeled traffic allowed by default\r\n[    0.308118] clocksource: Switched to clocksource hyperv_clocksource\r\n[    0.316767] AppArmor: AppArmor Filesystem Enabled\r\n[    0.318902] pnp: PnP ACPI init\r\n[    0.322041] system 00:06: [io  0x01e0-0x01ef] has been reserved\r\n[    0.323498] system 00:06: [io  0x0160-0x016f] has been reserved\r\n[    0.324946] system 00:06: [io  0x0278-0x027f] has been reserved\r\n[    0.326353] system 00:06: [io  0x0378-0x037f] has been reserved\r\n[    0.327797] system 00:06: [io  0x0678-0x067f] has been reserved\r\n[    0.329272] system 00:06: [io  0x0778-0x077f] has been reserved\r\n[    0.330716] system 00:06: [io  0x04d0-0x04d1] has been reserved\r\n[    0.332297] system 00:07: [io  0x0400-0x043f] has been reserved\r\n[    0.333955] system 00:07: [io  0x0370-0x0371] has been reserved\r\n[    0.335675] system 00:07: [io  0x0440-0x044f] has been reserved\r\n[    0.337002] system 00:07: [mem 0xfec00000-0xfec00fff] could not be reserved\r\n[    0.338769] system 00:07: [mem 0xfee00000-0xfee00fff] has been reserved\r\n[    0.340210] system 00:08: [mem 0x00000000-0x0009ffff] could not be reserved\r\n[    0.341537] system 00:08: [mem 0x000c0000-0x000dffff] could not be reserved\r\n[    0.342907] system 00:08: [mem 0x000e0000-0x000fffff] could not be reserved\r\n[    0.344264] system 00:08: [mem 0x00100000-0x1fffffff] could not be reserved\r\n[    0.345650] system 00:08: [mem 0xfffc0000-0xffffffff] has been reserved\r\n[    0.347212] pnp: PnP ACPI: found 9 devices\r\n[    0.354445] clocksource: acpi_pm: mask: 0xffffff max_cycles: 0xffffff, max_idle_ns: 2085701024 ns\r\n[    0.357479] NET: Registered protocol family 2\r\n[    0.359441] TCP established hash table entries: 32768 (order: 6, 262144 bytes)\r\n[    0.361348] TCP bind hash table entries: 32768 (order: 7, 524288 bytes)\r\n[    0.362781] TCP: Hash tables configured (established 32768 bind 32768)\r\n[    0.364224] UDP hash table entries: 2048 (order: 4, 65536 bytes)\r\n[    0.365575] UDP-Lite hash table entries: 2048 (order: 4, 65536 bytes)\r\n[    0.367092] NET: Registered protocol family 1\r\n[    0.368744] pci 0000:00:00.0: Limiting direct PCI/PCI transfers\r\n[    0.370347] Trying to unpack rootfs image as initramfs...\r\n[    0.932498] Freeing initrd memory: 30480K (ffff88001d9ee000 - ffff88001f7b2000)\r\n[    0.934957] PCI-DMA: Using software bounce buffering for IO (SWIOTLB)\r\n[    0.936949] software IO TLB [mem 0x199ee000-0x1d9ee000] (64MB) mapped at [ffff8800199ee000-ffff88001d9edfff]\r\n[    0.939498] clocksource: tsc: mask: 0xffffffffffffffff max_cycles: 0x1fa1e43aa2d, max_idle_ns: 440795249984 ns\r\n[    0.942109] RAPL PMU detected, API unit is 2^-32 Joules, 3 fixed counters 10737418240 ms ovfl timer\r\n[    0.944492] hw unit of domain pp0-core 2^-0 Joules\r\n[    0.946390] hw unit of domain package 2^-0 Joules\r\n[    0.948175] hw unit of domain dram 2^-0 Joules\r\n[    0.950140] microcode: CPU0 sig=0x206d7, pf=0x1, revision=0xffffffff\r\n[    0.952377] microcode: Microcode Update Driver: v2.00 <tigran@aivazian.fsnet.co.uk>, Peter Oruba\r\n[    0.955078] Scanning for low memory corruption every 60 seconds\r\n[    0.958218] futex hash table entries: 16384 (order: 8, 1048576 bytes)\r\n[    0.960502] Initialise system trusted keyring\r\n[    0.962416] audit: initializing netlink subsys (disabled)\r\n[    0.964604] audit: type=2000 audit(1461855147.964:1): initialized\r\n[    0.967376] HugeTLB registered 2 MB page size, pre-allocated 0 pages\r\n[    0.970837] zpool: loaded\r\n[    0.972370] zbud: loaded\r\n[    0.974112] VFS: Disk quotas dquot_6.6.0\r\n[    0.975790] VFS: Dquot-cache hash table entries: 512 (order 0, 4096 bytes)\r\n[    0.978565] fuse init (API version 7.23)\r\n[    0.980254] Key type big_key registered\r\n[    0.982284] Key type asymmetric registered\r\n[    0.984193] Asymmetric key parser 'x509' registered\r\n[    0.985456] Block layer SCSI generic (bsg) driver version 0.4 loaded (major 249)\r\n[    0.987072] io scheduler noop registered\r\n[    0.988240] io scheduler deadline registered (default)\r\n[    0.989602] io scheduler cfq registered\r\n[    0.990847] pci_hotplug: PCI Hot Plug PCI Core version: 0.5\r\n[    0.992179] pciehp: PCI Express Hot Plug Controller Driver version: 0.4\r\n[    0.993677] input: Power Button as /devices/LNXSYSTM:00/LNXPWRBN:00/input/input0\r\n[    0.995268] ACPI: Power Button [PWRF]\r\n[    0.996672] GHES: HEST is not enabled!\r\n[    0.997933] Serial: 8250/16550 driver, 32 ports, IRQ sharing enabled\r\n[    1.021075] 00:03: ttyS0 at I/O 0x3f8 (irq = 4, base_baud = 115200) is a 16550A\r\n[    1.043727] 00:04: ttyS1 at I/O 0x2f8 (irq = 3, base_baud = 115200) is a 16550A\r\n[    1.047370] Linux agpgart interface v0.103\r\n[    1.051539] brd: module loaded\r\n[    1.054373] loop: module loaded\r\n[    1.056287] ata_piix 0000:00:07.1: Hyper-V Virtual Machine detected, ATA device ignore set\r\n[    1.060647] scsi host0: ata_piix\r\n[    1.062192] scsi host1: ata_piix\r\n[    1.063814] ata1: PATA max UDMA/33 cmd 0x1f0 ctl 0x3f6 bmdma 0xffa0 irq 14\r\n[    1.065629] ata2: PATA max UDMA/33 cmd 0x170 ctl 0x376 bmdma 0xffa8 irq 15\r\n[    1.069734] libphy: Fixed MDIO Bus: probed\r\n[    1.071249] tun: Universal TUN/TAP device driver, 1.6\r\n[    1.072819] tun: (C) 1999-2004 Max Krasnyansky <maxk@qualcomm.com>\r\n[    1.074552] PPP generic driver version 2.4.2\r\n[    1.076599] ehci_hcd: USB 2.0 'Enhanced' Host Controller (EHCI) Driver\r\n[    1.078636] ehci-pci: EHCI PCI platform driver\r\n[    1.080237] ehci-platform: EHCI generic platform driver\r\n[    1.081721] ohci_hcd: USB 1.1 'Open' Host Controller (OHCI) Driver\r\n[    1.083545] ohci-pci: OHCI PCI platform driver\r\n[    1.085135] ohci-platform: OHCI generic platform driver\r\n[    1.086956] uhci_hcd: USB Universal Host Controller Interface driver\r\n[    1.088795] i8042: PNP: PS/2 Controller [PNP0303:PS2K,PNP0f03:PS2M] at 0x60,0x64 irq 1,12\r\n[    1.096294] serio: i8042 KBD port at 0x60,0x64 irq 1\r\n[    1.098552] serio: i8042 AUX port at 0x60,0x64 irq 12\r\n[    1.100000] mousedev: PS/2 mouse device common for all mice\r\n[    1.101592] rtc_cmos 00:00: RTC can wake from S4\r\n[    1.124409] input: AT Translated Set 2 keyboard as /devices/platform/i8042/serio0/input/input1\r\n[    1.127285] rtc_cmos 00:00: rtc core: registered rtc_cmos as rtc0\r\n[    1.129201] rtc_cmos 00:00: alarms up to one month, 114 bytes nvram\r\n[    1.130541] i2c /dev entries driver\r\n[    1.131739] device-mapper: uevent: version 1.0.3\r\n[    1.133432] device-mapper: ioctl: 4.33.0-ioctl (2015-8-18) initialised: dm-devel@redhat.com\r\n[    1.135140] ledtrig-cpu: registered to indicate activity on CPUs\r\n[    1.136545] PCCT header not found.\r\n[    1.138176] NET: Registered protocol family 10\r\n[    1.139876] NET: Registered protocol family 17\r\n[    1.141580] Key type dns_resolver registered\r\n[    1.143363] Loading compiled-in X.509 certificates\r\n[    1.145783] Loaded X.509 cert 'Build time autogenerated kernel key: 9421ce78f7dd6932d7a71d3bab89bb036afa29eb'\r\n[    1.147762] registered taskstats version 1\r\n[    1.149027] zswap: loading zswap\r\n[    1.150180] zswap: using zbud pool\r\n[    1.151339] zswap: using lzo compressor\r\n[    1.154478] Key type trusted registered\r\n[    1.158899] Key type encrypted registered\r\n[    1.160204] AppArmor: AppArmor sha1 policy hashing enabled\r\n[    1.161478] ima: No TPM chip found, activating TPM-bypass!\r\n[    1.162793] evm: HMAC attrs: 0x1\r\n[    1.164388]   Magic number: 12:914:890\r\n[    1.165814] rtc_cmos 00:00: setting system clock to 2016-04-28 14:52:29 UTC (1461855149)\r\n[    1.167879] BIOS EDD facility v0.16 2004-Jun-25, 0 devices found\r\n[    1.169176] EDD information not available.\r\n[    1.233230] ata2.00: ATAPI: Virtual CD, , max MWDMA2\r\n[    1.236854] ata2.00: configured for MWDMA2\r\n[    1.240380] scsi 1:0:0:0: CD-ROM            Msft     Virtual CD/ROM   1.0  PQ: 0 ANSI: 5\r\n[    1.245706] sr 1:0:0:0: [sr0] scsi3-mmc drive: 0x/0x tray\r\n[    1.247095] cdrom: Uniform CD-ROM driver Revision: 3.20\r\n[    1.249219] sr 1:0:0:0: Attached scsi generic sg0 type 5\r\n[    1.251114] Freeing unused kernel memory: 1460K (ffffffff81d37000 - ffffffff81ea4000)\r\n[    1.252841] Write protecting the kernel read-only data: 12288k\r\n[    1.254337] Freeing unused kernel memory: 24K (ffff8800017fa000 - ffff880001800000)\r\n[    1.256152] Freeing unused kernel memory: 292K (ffff880001bb7000 - ffff880001c00000)\r\nLoading, please wait...\r\nstarting version 225\r\n[    1.278348] random: udevadm urandom read with 2 bits of entropy available\r\n[    1.354400] clocksource: hyperv_clocksource_tsc_page: mask: 0xffffffffffffffff max_cycles: 0x24e6a1710, max_idle_ns: 440795202120 ns\r\n[    1.357365] Floppy drive(s): fd0 is 1.44M\r\n[    1.383248] clocksource: Switched to clocksource hyperv_clocksource_tsc_page\r\n[    1.406729] FDC 0 is an 82078.\r\n[    1.457647] AVX version of gcm_enc/dec engaged.\r\n[    1.460099] AES CTR mode by8 optimization enabled\r\n[    1.492454] hv_vmbus: Hyper-V Host Build:9600-6.3-18-0.18190; Vmbus version:3.0\r\n[    1.526024] hv_vmbus: registering driver hv_storvsc\r\n[    1.534577] hidraw: raw HID events driver (C) Jiri Kosina\r\n[    1.540100] hv_utils: Registering HyperV Utility Driver\r\n[    1.541684] hv_vmbus: registering driver hv_util\r\n[    1.553583] hv_vmbus: registering driver hv_netvsc\r\n[    1.558863] hv_vmbus: registering driver hid_hyperv\r\n[    1.560839] scsi host2: storvsc_host_t\r\n[    1.562813] scsi 2:0:0:0: Direct-Access     Msft     Virtual Disk     1.0  PQ: 0 ANSI: 4\r\n[    1.565636] sd 2:0:0:0: Attached scsi generic sg1 type 0\r\n[    1.567286] sd 2:0:0:0: [sda] 61440000 512-byte logical blocks: (31.4 GB/29.2 GiB)\r\n[    1.569299] sd 2:0:0:0: [sda] 4096-byte physical blocks\r\n[    1.572191] sd 2:0:0:0: [sda] Write Protect is off\r\n[    1.574270] sd 2:0:0:0: [sda] Write cache: enabled, read cache: enabled, supports DPO and FUA\r\n[    1.576429] hv_netvsc: hv_netvsc channel opened successfully\r\n[    1.589949]  sda: sda1\r\n[    1.593434] sd 2:0:0:0: [sda] Attached SCSI disk\r\n[    1.726541] hv_netvsc vmbus_14: Send section size: 6144, Section count:2560\r\n[    1.729952] hv_netvsc vmbus_14: Device MAC 00:0d:3a:a0:f4:06 link state up\r\n[    1.733344] input: Microsoft Vmbus HID-compliant Mouse as /devices/0006:045E:0621.0001/input/input4\r\n[    1.739608] hid 0006:045E:0621.0001: input: <UNKNOWN> HID v0.01 Mouse [Microsoft Vmbus HID-compliant Mouse] on \r\n[    1.757443] scsi host3: storvsc_host_t\r\n[    1.760466] scsi 3:0:1:0: Direct-Access     Msft     Virtual Disk     1.0  PQ: 0 ANSI: 4\r\n[    1.763519] sd 3:0:1:0: Attached scsi generic sg2 type 0\r\n[    1.765268] sd 3:0:1:0: [sdb] 14680064 512-byte logical blocks: (7.51 GB/7.00 GiB)\r\n[    1.767313] sd 3:0:1:0: [sdb] 4096-byte physical blocks\r\n[    1.770214] sd 3:0:1:0: [sdb] Write Protect is off\r\n[    1.773570] sd 3:0:1:0: [sdb] Write cache: enabled, read cache: enabled, supports DPO and FUA\r\n[    1.777913]  sdb: sdb1\r\n[    1.781922] sd 3:0:1:0: [sdb] Attached SCSI disk\r\n[    1.784954] scsi host4: storvsc_host_t\r\n[    1.787241] scsi 4:0:0:0: scsi scan: INQUIRY result too short (5), using 36\r\n[    1.788859] scsi 4:0:0:1: scsi scan: INQUIRY result too short (5), using 36\r\n[    1.790445] scsi 4:0:1:0: scsi scan: INQUIRY result too short (5), using 36\r\n[    1.792066] psmouse serio1: trackpoint: failed to get extended button data\r\n[    1.793862] scsi 4:0:1:1: scsi scan: INQUIRY result too short (5), using 36\r\n[    1.795507] scsi 4:1:0:0: scsi scan: INQUIRY result too short (5), using 36\r\n[    1.797113] scsi host5: storvsc_host_t\r\n[    1.798885] scsi 4:1:0:1: scsi scan: INQUIRY result too short (5), using 36\r\n[    1.800388] scsi 5:0:0:0: scsi scan: INQUIRY result too short (5), using 36\r\n[    1.802038] scsi 5:0:0:1: scsi scan: INQUIRY result too short (5), using 36\r\n[    1.803622] scsi 4:1:1:0: scsi scan: INQUIRY result too short (5), using 36\r\n[    1.805189] scsi 5:0:1:0: scsi scan: INQUIRY result too short (5), using 36\r\n[    1.806751] scsi 4:1:1:1: scsi scan: INQUIRY result too short (5), using 36\r\n[    1.808413] scsi 5:0:1:1: scsi scan: INQUIRY result too short (5), using 36\r\n[    1.809925] scsi 4:2:0:0: scsi scan: INQUIRY result too short (5), using 36\r\n[    1.811581] scsi 5:1:0:0: scsi scan: INQUIRY result too short (5), using 36\r\n[    1.813040] scsi 4:2:0:1: scsi scan: INQUIRY result too short (5), using 36\r\n[    1.814792] scsi 5:1:0:1: scsi scan: INQUIRY result too short (5), using 36\r\n[    1.816304] scsi 4:2:1:0: scsi scan: INQUIRY result too short (5), using 36\r\n[    1.818130] scsi 5:1:1:0: scsi scan: INQUIRY result too short (5), using 36\r\n[    1.819731] scsi 4:2:1:1: scsi scan: INQUIRY result too short (5), using 36\r\n[    1.821370] scsi 5:1:1:1: scsi scan: INQUIRY result too short (5), using 36\r\n[    1.823311] scsi 4:3:0:0: scsi scan: INQUIRY result too short (5), using 36\r\n[    1.825044] scsi 5:2:0:0: scsi scan: INQUIRY result too short (5), using 36\r\n[    1.826879] scsi 4:3:0:1: scsi scan: INQUIRY result too short (5), using 36\r\n[    1.828617] scsi 5:2:0:1: scsi scan: INQUIRY result too short (5), using 36\r\n[    1.830274] scsi 4:3:1:0: scsi scan: INQUIRY result too short (5), using 36\r\n[    1.831974] scsi 5:2:1:0: scsi scan: INQUIRY result too short (5), using 36\r\n[    1.834033] scsi 4:3:1:1: scsi scan: INQUIRY result too short (5), using 36\r\n[    1.835801] scsi 5:2:1:1: scsi scan: INQUIRY result too short (5), using 36\r\n[    1.837513] scsi 4:4:0:0: scsi scan: INQUIRY result too short (5), using 36\r\n[    1.847571] scsi 5:3:0:0: scsi scan: INQUIRY result too short (5), using 36\r\n[    1.850624] scsi 4:4:0:1: scsi scan: INQUIRY result too short (5), using 36\r\n[    1.854883] scsi 5:3:0:1: scsi scan: INQUIRY result too short (5), using 36\r\n[    1.856452] scsi 4:4:1:0: scsi scan: INQUIRY result too short (5), using 36\r\n[    1.857890] scsi 5:3:1:0: scsi scan: INQUIRY result too short (5), using 36\r\n[    1.859592] scsi 5:3:1:1: scsi scan: INQUIRY result too short (5), using 36\r\n[    1.861105] scsi 4:4:1:1: scsi scan: INQUIRY result too short (5), using 36\r\n[    1.862751] scsi 5:4:0:0: scsi scan: INQUIRY result too short (5), using 36\r\n[    1.864153] scsi 4:5:0:0: scsi scan: INQUIRY result too short (5), using 36\r\n[    1.865905] scsi 5:4:0:1: scsi scan: INQUIRY result too short (5), using 36\r\n[    1.867690] scsi 4:5:0:1: scsi scan: INQUIRY result too short (5), using 36\r\n[    1.869523] scsi 5:4:1:0: scsi scan: INQUIRY result too short (5), using 36\r\n[    1.871136] scsi 4:5:1:0: scsi scan: INQUIRY result too short (5), using 36\r\n[    1.872814] scsi 5:4:1:1: scsi scan: INQUIRY result too short (5), using 36\r\n[    1.939111] scsi 4:5:1:1: scsi scan: INQUIRY result too short (5), using 36\r\n[    1.953157] scsi 4:6:0:0: scsi scan: INQUIRY result too short (5), using 36\r\n[    1.955400] scsi 5:5:0:0: scsi scan: INQUIRY result too short (5), using 36\r\n[    1.959023] scsi 4:6:0:1: scsi scan: INQUIRY result too short (5), using 36\r\n[    1.961120] scsi 4:6:1:0: scsi scan: INQUIRY result too short (5), using 36\r\n[    1.963174] scsi 5:5:0:1: scsi scan: INQUIRY result too short (5), using 36\r\n[    1.967964] scsi 4:6:1:1: scsi scan: INQUIRY result too short (5), using 36\r\n[    1.969732] scsi 5:5:1:0: scsi scan: INQUIRY result too short (5), using 36\r\n[    1.971437] scsi 4:7:0:0: scsi scan: INQUIRY result too short (5), using 36\r\n[    1.973260] scsi 4:7:0:1: scsi scan: INQUIRY result too short (5), using 36\r\n[    1.974950] scsi 5:5:1:1: scsi scan: INQUIRY result too short (5), using 36\r\n[    1.976814] scsi 4:7:1:0: scsi scan: INQUIRY result too short (5), using 36\r\n[    1.978575] scsi 5:6:0:0: scsi scan: INQUIRY result too short (5), using 36\r\n[    1.980284] scsi 4:7:1:1: scsi scan: INQUIRY result too short (5), using 36\r\n[    1.982024] scsi 5:6:0:1: scsi scan: INQUIRY result too short (5), using 36\r\n[    1.983881] scsi 5:6:1:0: scsi scan: INQUIRY result too short (5), using 36\r\n[    1.985994] scsi 5:6:1:1: scsi scan: INQUIRY result too short (5), using 36\r\n[    1.987970] scsi 5:7:0:0: scsi scan: INQUIRY result too short (5), using 36\r\n[    1.990276] scsi 5:7:0:1: scsi scan: INQUIRY result too short (5), using 36\r\n[    1.992595] scsi 5:7:1:0: scsi scan: INQUIRY result too short (5), using 36\r\n[    1.994832] scsi 5:7:1:1: scsi scan: INQUIRY result too short (5), using 36\r\nBegin: Loading essential drivers ... done.\r\r\nBegin: Running /scripts/init-premount ... done.\r\r\nBegin: Mounting root file system ... Begin: Running /scripts/local-top ... done.\r\r\nBegin: Running /scripts/local-premount ... done.\r\r\nBegin: Checking root file system ... fsck from util-linux 2.26.2\r\r\ncloudimg-rootfs: clean, 73595/244736 files, 351302/524032 blocks\r\r\ndone.\r\r\n[    3.918587] EXT4-fs (sda1): mounted filesystem with ordered data mode. Opts: (null)\r\ndone.\r\r\nBegin: Running /scripts/local-bottom ... done.\r\r\nBegin: Running /scripts/init-bottom ... Warning: overlayroot: debug is busted\r\r\ndone.\r\r\n[    4.864380] random: nonblocking pool is initialized\r\n[    5.890718] systemd[1]: Failed to insert module 'kdbus': Function not implemented\r\n[    6.039994] systemd[1]: systemd 225 running in system mode. (+PAM +AUDIT +SELINUX +IMA +APPARMOR +SMACK +SYSVINIT +UTMP +LIBCRYPTSETUP +GCRYPT +GNUTLS +ACL +XZ -LZ4 +SECCOMP +BLKID -ELFUTILS +KMOD -IDN)\r\n[    6.045107] systemd[1]: Detected virtualization microsoft.\r\n[    6.047217] systemd[1]: Detected architecture x86-64.\r\n\r\r\nWelcome to \u001b[1mUbuntu 15.10\u001b[0m!\r\r\n\r\r\n[    6.077283] systemd[1]: Set hostname to <ubuntu>.\r\n[    6.078800] systemd[1]: Initializing machine ID from random generator.\r\n[    6.080286] systemd[1]: Installed transient /etc/machine-id file.\r\n[    6.620085] psmouse serio1: trackpoint: IBM TrackPoint firmware: 0x01, buttons: 0/0\r\n[    6.622732] input: TPPS/2 IBM TrackPoint as /devices/platform/i8042/serio1/input/input3\r\netc-machine\\x2did.mount\r\r\n[    6.794759] systemd[1]: sshd-keygen.service: Cannot add dependency job, ignoring: Unit sshd-keygen.service failed to load: No such file or directory.\r\n[    6.794841] systemd[1]: sshd-keygen.service: Cannot add dependency job, ignoring: Unit sshd-keygen.service failed to load: No such file or directory.\r\n[    6.794912] systemd[1]: display-manager.service: Cannot add dependency job, ignoring: Unit display-manager.service failed to load: No such file or directory.\r\n[    6.795651] systemd[1]: Time has been changed\r\n[    6.795944] systemd[1]: Set up automount Arbitrary Executable File Formats File System Automount Point.\r\n[    6.814301] systemd[1]: Reached target Remote File Systems (Pre).\r\n[    6.817081] systemd[1]: Started Forward Password Requests to Wall Directory Watch.\r\n[    6.820349] systemd[1]: Created slice Root Slice.\r\n[    6.823250] systemd[1]: Listening on Journal Audit Socket.\r\n[    6.826650] systemd[1]: Created slice User and Session Slice.\r\n[    6.829998] systemd[1]: Created slice System Slice.\r\n[\u001b[32m  OK  \u001b[0m] Set up automount Arbitrary Executab...ats File System Automount Point.\r[    6.841674] systemd[1]: Created slice system-getty.slice.\r\n[    6.845060] systemd[1]: Created slice system-serial\\x2dgetty.slice.\r\n[    6.847881] systemd[1]: Reached target Swap.\r\n\r\n[    6.852496] systemd[1]: Reached target Slices.\r\n[\u001b[32m  OK  \u001b[0m] Reached target Remote File Systems (Pre).\r[    6.862843] systemd[1]: Listening on udev Kernel Socket.\r\n\r\n[\u001b[32m  OK  \u001b[0m] Started Forward Password Requests to Wall Directory Watch.\r[    6.872149] systemd[1]: Reached target Encrypted Volumes.\r\n[    6.875519] systemd[1]: Starting Increase datagram queue length...\r\n\r\n[\u001b[32m  OK  \u001b[0m] Created slice Root Slice.\r[    6.883458] systemd[1]: Listening on Journal Socket.\r\n[    6.886594] systemd[1]: Mounting POSIX Message Queue File System...\r\n\r\n[\u001b[32m  OK  \u001b[0m] Listening on Journal Audit Soket.\r[    6.895890] systemd[1]: Mounting Debug File System...\r\n[    6.899564] systemd[1]: Starting Remount Root and Kernel File Systems...\r\n\r\n[\u001b[32m  OK  \u001b[0m] Created slice User and Session Slice.\r[    6.908631] systemd[1]: Starting Setup Virtual Console...\r\n\r\n[    6.914278] systemd[1]: Starting Uncomplicated firewall...\r\n[[    6.922190] systemd[1]: Starting Create list of required static device nodes for the current kernel...\r\n[    6.935009] systemd[1]: Starting Load Kernel Modules...\r\n\u001b[32m  OK  \u001b[0m] Created slice System Slice.\r\r\n[\u001b[32m  OK  \u001b[0] Created slice system-getty.slice.\r\r\n[\u001b[32m  OK  \u001b[0m] Created slice system-serial\\x2dgetty.slice.\r\r\n[\u001b[32m  OK  \u001b[0m] Reached target Swap.\r\r\n[\u001b[32m  OK  \u001b[0m] Reached target Slices.\r\r\n[    6.976480] systemd[1]: Mounting Huge Pages File System...\r\n[    6.978996] EXT4-fs (sda1): re-mounted. Opts: discard\r\n[    6.983424] systemd[1]: Listening on /dev/initctl Compatibility Named Pipe.\r\n[\u001b[32m  OK  \u001b[0m] Listening on udev Kernel Socket.\r[    6.993282] systemd[1]: Listening on Journal Socket (/dev/log).\r\n\r\n[\u001b[32m  OK  \u001b[0m] Reached target Encrypted Volumes.\r[    7.002182] systemd[1]: Listening on udev Control Socket.\r\n[    7.005387] systemd[1]: Starting udev Coldplug all Devices...\r\n\r\n         Starting Increase datagram queue lengt...\r[    7.014290] systemd[1]: Reached target User and Group Name Lookups.\r\n[    7.018571] systemd[1]: Mounted Debug File System.\r\n\r\n[\u001b[32m  OK  \u001b[0m] Listening on Journal Socket.\r[    7.026238] systemd[1]: Mounted POSIX Message Queue File System.\r\n[    7.028491] systemd[1]: Mounted Huge Pages File System.\r\n\r\n         Mounting POSIX Message Queue File System...\r\r\n[    7.038319] systemd[1]: Started Increase datagram queue length.\r\n[    7.041618] systemd[1]: Started Remount Root and Kernel File Systems.\r\n         Mounting Debug File System...\r[    7.047835] systemd[1]: Started Setup Virtual Console.\r\n\r\n         Starting Remount Root and Kernel File Systems...\r[    7.056488] systemd[1]: Started Uncomplicated firewall.\r\n[    7.059557] systemd[1]: Started Create list of required static device nodes for the current kernel.\r\n\r\n         Starting Setup Virtual Console...\r\r\n[    7.070167] systemd[1]: Started Load Kernel Modules.\r\n         Starting Uncomplicated firewall...\r\r\n         Starting Create list of required st... nodes for the current kernel...\r\r\n         Starting Load Kernel Modules...\r\r\n[    7.108798] systemd[1]: Mounting FUSE Control File System...\r\n[    7.121548] systemd[1]: Starting Apply Kernel Variables...\r\n[    7.125561] systemd[1]: Starting Create Static Device Nodes in /dev...\r\n[    7.127867] systemd[1]: Starting Load/Save Random Seed...\r\n[    7.134644] systemd[1]: Starting Ensure /etc/mtab is a symlink to /proc/mounts...\r\n-.mount[    7.142020] systemd[1]: Listening on Syslog Socket.\r\n\r\r\n         Mounting Huge Pages File System...\r[    7.149901] systemd[1]: Starting Journal Service...\r\n[    7.157597] systemd[1]: Mounted FUSE Control File System.\r\n\r\n[\u001b[32m  OK  \u001b[0m] Listening on /dev/initctl Compatibility Named Pipe.\r\r\n[\u001b[32m  OK  \u001b[0m] Listening on Journal Socket (/dev/log).\r\r\n[\u001b[32m  OK  \u001b[0m] Listening on udev Control Socket.\r\r\n         Starting udev Coldplug all Devices...\r\r\n[\u001b[32m  OK  \u001b[0m] Reached target User and Group Name Lookups.\r\r\n[\u001b[32m  OK  \u001b[0m] Mounted Debug File System.\r\r\n[\u001b[32m  OK  \u001b[0m] Mounted POSIX Message Queue File System.\r\r\n[\u001b[32m  OK  \u001b[0m] Mounted Huge Pages File System.\r\r\n[    7.225490] systemd[1]: Started Load/Save Random Seed.\r\n[\u001b[32m  OK  \u001b[0m] Started Increase datagram queue length.\r\r\n[\u001b[32m  OK  \u001b[0m] Started Remount Root and Kernel File Systems.\r[    7.237800] systemd[1]: Started Ensure /etc/mtab is a symlink to /proc/mounts.\r\n\r\n[\u001b[32m  OK  \u001b[0m] Started SetupVirtual Console.\r\r\n[\u001b[32m  OK  \u001b[0m] Started Uncomplicated firewall.\r[    7.250780] systemd[1]: Started udev Coldplug all Devices.\r\n\r\n[\u001b[32m  OK  \u001b[0m] Started Create list of required sta...ce nodes for the current kernel.\r\r\n[\u001b[32m  OK  \u001b[0m] Started Load Kernel Modules.\r\r\n         Mounting FUSE Control File System...\r\r\n         Starting Apply Kernel Variables...\r\r\n         Starting Create Static Device Nodes in /dev...\r\r\n         Starting Load/Save Random Seed...\r\r\n         Starting Ensure /etc/mtab is a symlink to /proc/mounts...\r\r\n[\u001b[32m  OK  \u001b[0m] Listening on Syslog Socket.\r\r\n         Startig Journal Service...\r\r\n[\u001b[32m  OK  \u001b[0m] Mounted FUSE Control File System.\r\r\n[\u001b[32m  OK  \u001b[0m] Started Load/Save Random Seed.\r\r\n[\u001b[32m  OK  \u001b[0m] Started Ensure /etc/mtab is a symlink to /proc/mounts.\r\r\n[\u001b[32m  OK  \u001b[0m] Started udev Coldplug all Devices.\r\r\nsys-kernel-debug.mount\r\r\ndev-mqueue.mount\r\r\ndev-hugepages.mount\r\r\nsystemd-setup-dgram-qlen.service\r\r\nsystemd-remount-fs.service\r\r\nsystemd-vconsole-setup.service\r\r\n[\u001b[32m  OK  \u001b[0m] Started Apply Kernel Variables.\r\r\nufw.service\r\r\nkmod-static-nodes.service\r\r\nsystemd-modules-load.service\r\r\nsys-fs-fuse-connections.mount\r\r\nsystemd-random-seed.service\r\r\ndebian-fixup.sevice\r\r\nsystemd-udev-trigger.service\r\r\nsystemd-sysctl.service\r\r\n[\u001b[32m  OK  \u001b[0m] Started Journal Service.\r\r\n         Starting Flush Journal to Persistent Storage...\r\r\nsystemd-journald.service\r\r\n[\u001b[32m  OK  \u001b[0m] Started Flush Journal to Persistent Storage.\r\r\nsystemd-journal-flush.service\r\r\n[\u001b[32m  OK  \u001b[0m] Started Create Static Device Nodes in /dev.\r\r\n         Starting udev Kernel Device Manager...\r\r\nsystemd-tmpfiles-setup-dev.service\r\r\n[\u001b[32m  OK  \u001b[0m] Started udev Kernel Device Manager.\r\r\n[\u001b[32m  OK  \u001b[0m] Reached target Local File Systems (Pre).\r\r\nsystemd-udevd.service\r\r\n         Mounting /etc/network/interfaces.dynamic.d...\r\r\n[\u001b[32m  OK  \u001b[0m] Mounted /etc/network/interfaces.dynamic.d.\r\r\n[\u001b[32m  OK  \u001b[0m] Reached target Local File Systems.\r\r\n         Starting Wait for all \"auto\" /etc/n... up for network-online.target...\r\r\n[\u001b[32m  OK  \u001b[0m] Reached target Remote File Systems.\r\r\n         Starting Clean up any mess left by 0dns-up...\r\r\n         Starting LSB: AppArmor initialization...\r\r\n         Starting Tell Plymouth To Write Out Runtime Data...\r\r\n         Starting Set console keymap...\r\r\n         Starting Create Volatile Files and Dirctories...\r\r\n         Starting Commit a transient machine-id on disk...\r\r\n[\u001b[32m  OK  \u001b[0m] Started Commit a transient machine-id on disk.\r\r\netc-network-interfaces.dynamic.d.mount\r\r\n[\u001b[32m  OK  \u001b[0m] Started Create Volatile Files and Directories.\r\r\n         Starting Update UTMP about System Boot/Shutdown...\r\r\n         Starting Network Time Synchronization...\r\r\n[\u001b[32m  OK  \u001b[0m] Started Clean up any mess left by 0dns-up.\r\r\n         Starting Nameserver information manager...\r\r\n[\u001b[32m  OK  \u001b[0m] Started Nameserver information manager.\r\r\nsystemd-machine-id-commit.service\r\r\n[\u001b[32m  OK  \u001b[0m] Started Update UTMP about System Boot/Shutdown.\r\r\nsystemd-tmpfiles-setup.service\r\r\nresolvconf.service\r\r\nsystemd-update-utmp.service\r\r\n[\u001b[32m  OK  \u001b[0m] Started Tell Plymouth To Write Out Runtime Data.\r\r\n[\u001b[32m  OK  \u001b[0m] Started Set console keymap.\r\r\n[\u001b[32m  OK  \u001b[0m] Started Network Time Synchronization.\r\r\n[\u001b[32m  OK  \u001b[0m] Reached target System Time Synchronized.\r\r\nsystemd-timesyncd.service\r\r\n[\u001b[32m  OK  \u001b[0m] Found device /dev/ttyS0.\r\r\n[    9.074913] piix4_smbus 0000:00:07.3: SMBus base address uninitialized - upgrade BIOS or use force_addr=0xaddr\r\n[\u001b[32m  OK  \u001b[0m] Created slice system-ifup.slice.\r\r\n[\u001b[32m  OK  \u001b[0m] Found device /sys/subsystem/net/devices/eth0.\r\r\n[    9.410998] intel_rapl: no valid rapl domains found in package 0\r\n[\u001b[32m  OK  \u001b[0m] Started LSB: AppArmor initialization.\r\r\n[\u001b[32m  OK  \u001b[0m] Started ifup for eth0.\r\r\n         Starting LSB: Raise network interfaces....\r\r\napparmor.service\r\r\nifup@eth0.service\r\r\n[\u001b[32m  OK  \u001b[0m] Started Wait for all \"auto\" /etc/ne...be up for network-online.target.\r\r\nifup-wait-all-auto.service\r\r\n[\u001b[32m  OK  \u001b[0m] Started LSB: Raise network interfaces..\r\r\n[\u001b[32m  OK  \u001b[0m] Reached target Network.\r\r\n[\u001b[32m  OK  \u001b[0m] Reached target Network is Online.\r\r\n[\u001b[32m  OK  \u001b[0m] Reached target System Initialization.\r\r\n[\u001b[32m  OK  \u001b[0m] Started Trigger resolvconf update for networkd DNS.\r\r\n[\u001b[32m  OK  \u001b[0m] Reached target Paths.\r\r\n[\u001b[32m  OK  \u001b[0m] Listening on D-Bus System Message Bus Socket.\r\r\n[\u001b[32m  OK  \u001b[0m] Listening on UUID daemon activation socket.\r\r\n         Starting Seed the pseudo random number generator on first boot...\r\r\n         Starting lxd-unix.socket.\r\r\n[\u001b[32m  OK  \u001b[0m] Started Daily Cleanup of Temporary Directories.\r\r\n[\u001b[32m  OK  \u001b[0m] Reached target Timers.\r\r\n[\u001b[32m  OK  \u001b[0m] Listening on ACPID Listen Socket.\r\r\n[\u001b[32m  OK  \u001b[0m] Listening on lxd-unix.socket.\r\r\n[\u001b[32m  OK  \u001b[0m] Reached target Sockets.\r\r\n[\u001b[32m  OK  \u001b[0m] Reached target Basic System.\r\r\n[\u001b[32m  OK  \u001b[0m] Started Hyper-V VSS Protocol Daemon.\r\r\n         Starting LSB: Starts the Micro Name Service Cache Daemon...\r\r\n[\u001b[32m  OK  \u001b[0m] Started Hyper-V File Copy Protocol Daemon.\r\r\n         Starting LSB: daemon to balance interrupts for SMP systems...\r\r\n         Starting /etc/rc.local Compatibility...\r\r\n[\u001b[32m  OK  \u001b[0m] Started D-Bus System Message Bus.\r\r\nnetworking.service\r\r\nhv-vss-daemon.service\r\r\nhv-fcopy-daemon.service\r\r\ndbus.service\r\r\n[\u001b[32m  OK  \u001b[0m] Started Deferred execution scheduler.\r\r\n         Starting Initial cloud-init job (pre-networking)...\r\r\n         Starting System Logging Service...\r\r\n[\u001b[32m  OK  \u001b[0m] Started Regular background program processing daemon.\r\r\n[\u001b[32m  OK  \u001b[0m] Started Hyper-V KVP Protocol Daemon.\r\r\n         Starting LSB: Record successful boot for GRUB...\r\r\n         Starting Accounts Service...\r\r\n[\u001b[32m  OK  \u001b[0m] Started Cgroup management daemon.\r\r\n[\u001b[32m  OK  \u001b[0m] Started FUSE filesystem for LXC.\r\r\n         Starting LXC network bridge setup...\r\r\n         Starting LSB: Set the CPU Frequency Scaling governor to \"ondemand\"...\r\r\n         Starting LSB: automatic crash report generation...\r\r\n         Starting Login Service...\r\r\n         Starting Thermal Daemon Service...\r\r\n         Starting Restore /etc/resolv.conf i...e the ppp link was shut down....\r\r\n[\u001b[32m  OK  \u001b[0m] Started LSB: Starts the Micro Name Service Cache Daemon.\r\r\n[\u001b[32m  OK  \u001b[0m] Started LSB: daemon to balance interrupts for SMP systems.\r\r\n[\u001b[32m  OK  \u001b[0m] Started /etc/rc.local Compatibility.\r\r\n[\u001b[32m  OK  \u001b[0m] Started Restore /etc/resolv.conf if...ore the ppp link was shut down..\r\r\natd.service\r\r\n[\u001b[32m  OK  \u001b[0m] Started LSB: Set the CPU Frequency Scaling governor to \"ondemand\".\r\r\n[\u001b[32m  OK  \u001b[0m] Started LSB: automatic crash report generation.\r\r\ncron.service\r\r\n[\u001b[32m  OK  \u001b[0m] Started Login Service.\r\r\nhv-kvp-daemon.service\r\r\ncgmanager.service\r\r\nlxcfs.service\r\r\nunscd.service\r\r\nirqbalance.service\r\r\nrc-local.service\r\r\nondemand.service\r\r\napport.service\r\r\nrun-cgmanager-fs.mount\r\r\nvar-lib-lxcfs.mount\r\r\nsystemd-logind.service\r\r\n[\u001b[32m  OK  \u001b[0m] Started LSB: Record successful boot for GRUB.\r\r\ngrub-common.service\r\r\n[\u001b[32m  OK  \u001b[0m] Started Thermal Daemon Service.\r\r\nthermald.service\r\r\n         Starting Authenticate and Authorize Users to Run Privileged Tasks...\r\r\n[\u001b[32m  OK  \u001b[0m] Started Authenticate and Authorize Users to Run Privileged Tasks.\r\r\n[\u001b[32m  OK  \u001b[0m] Started Accounts Service.\r\r\npolkitd.service\r\r\naccounts-daemon.service\r\r\n[\u001b[32m  OK  \u001b[0m] Started LXC network bridge setup.\r\r\n         Starting LXC Container Initialization and Autoboot Code...\r\r\nlxc-net.service\r\r\n[\u001b[32m  OK  \u001b[0m] Started LXC Container Initialization and Autoboot Code.\r\r\n         Starting Container hypervisor based on LXC - boot time check...\r\r\nlxc.service\r\r\n[\u001b[32m  OK  \u001b[0m] Started System Logging Service.\r\r\nrsyslog.service\r\r\n[\u001b[32m  OK  \u001b[0m] Started Container hypervisor based on LXC - boot time check.\r\r\n[   18.730175] cloud-init[736]: Cloud-init v. 0.7.7 running 'init-local' at Thu, 28 Apr 2016 14:52:47 +0000. Up 18.49 seonds.\r\r\n[\u001b[32m  OK  \u001b[0m] Started Initial cloud-init job (pre-networking).\r\r\n         Starting Initial cloud-init job (metadata service crawler)...\r\r\ncloud-init-local.service\r\r\n[\u001b[32m  OK  \u001b[0m] Started Seed the pseudo random number generator on first boot.\r\r\n[   19.560127] blk_update_request: I/O error, dev fd0, sector 0\r\n[   19.600101] blk_update_request: I/O error, dev fd0, sector 0\r\ntmp-tmp2kzpidrj.mount\r\r\n[   19.800917] cloud-init[966]: + i=eth0\r\r\n[   19.804618] cloud-init[966]: + x=0\r\r\n[   19.810531] cloud-init[966]: + ifdown eth0\r\r\n[   19.841896] cloud-init[966]: Killed old client process\r\r\n[   20.847089] loud-init[966]: Internet System Consortium DHCP Client 4.3.1\r\r\n[   20.852121] cloud-init[966]: Copyright 2004-2014 Internet Systems Consortium.\r\r\n[   20.852712] cloud-init[966]: All rights reserved.\r\r\n[   20.853629] cloud-init[966]: For info, please visit https://www.isc.org/software/dhcp/\r\r\n[   20.862871] cloud-init[966]: Listening on LPF/eth0/00:0d:3a:a0:f4:06\r\r\n[   20.863858] cloud-init[966]: Sending on   LPF/eth0/00:0d:3a:a0:f4:06\r\r\n[   20.866888] cloud-init[966]: Sending on   Socket/fallback\r\r\n[   20.962175] cloud-init[966]: DHCPRELEASE on eth0 to 168.63.129.16 port 67 (xid=0x3be31f54)\r\r\n[   21.006804] cloud-init[966]: + ifup eth0\r\r\n[   21.025380] cloud-init[966]: Internet Systems Consortium DHCP Client 4.3.1\r\r\n[   21.029585] cloud-init[966]: Copyright 2004-2014 Internet Systems Consortium.\r\r\n[   21.032681] cloud-init[966]: All rights reseved.\r\r\n[   21.033294] cloud-init[966]: For info, please visit https://www.isc.org/software/dhcp/\r\r\n[   21.045575] cloud-init[966]: Listening on LPF/eth0/00:0d:3a:a0:f4:06\r\r\n[   21.048785] cloud-init[966]: Sending on   LPF/eth0/00:0d:3a:a0:f4:06\r\r\n[   21.049392] cloud-init[966]: Sending on   Socket/fallback\r\r\n[   21.049720] cloud-init[966]: DHCPDISCOVER on eth0 to 255.255.255.255 port 67 interval 3 (xid=0xb0a275d)\r\r\n[   21.091094] cloud-init[966]: DHCPREQUEST of 10.0.0.4 on eth0 to 255.255.255.255 port 67 (xid=0x5d270a0b)\r\r\n[   21.091746] cloud-init[966]: DHCPOFFER of 10.0.0.4 from 168.63.129.16\r\r\n[   21.114058] cloud-init[966]: DHCPACK of 10.0.0.4 from 168.63.129.16\r\r\n[   21.179388] cloud-init[966]: bound to 10.0.0.4 -- renewal in 4294967295 seconds.\r\r\n[   21.201215] cloud-init[966]: + exit 0\r\r\n[\u001b[32m  OK  \u001b[0m] Started Azure Linux Agent.\r\r\nwalinuxagent.service\r\r\n2016/04/28 14:52:50.740615 INFO Azure Linux Agent Version:2.1.2\r\r\n2016/04/28 14:52:50.746683 INFO OS: ubuntu 15.10\r\r\n2016/04/28 14:52:50.746934 INFO Python: 3.4.3\r\r\n2016/04/28 14:52:50.747183 INFO Send dhcp request\r\r\n2016/04/28 14:52:50.885899 INFO Wire server endpoint:168.63.129.16\r\r\n2016/04/28 14:52:50.891076 INFO Gateway:10.0.0.1\r\r\n2016/04/28 14:52:50.891409 INFO Routes:None\r\r\n2016/04/28 14:52:50.891726 INFO Configure routes\r\r\n2016/04/28 14:52:50.896183 INFO Detect default protocol.\r\r\n2016/04/28 14:52:51.129645 INFO Fabric preferred wire protocol version:2015-04-05\r\r\n2016/04/28 14:52:51.134494 INFO Wire protocol vrsion:2012-11-30\r\r\n2016/04/28 14:52:51.135977 WARNING Server prefered version:2015-04-05\r\r\n2016/04/28 14:52:51.136191 INFO Last request issued less than 1 second ago\r\r\n2016/04/28 14:52:51.136398 INFO Sleep 1 second to avoid throttling.\r\r\n2016/04/28 14:52:52.149728 INFO Sleep 1 second to avoid throttling.\r\r\n2016/04/28 14:52:53.169069 INFO Last request issued less than 1 second ago\r\r\n2016/04/28 14:52:53.175965 INFO Sleep 1 second to avoid throttling.\r\r\n2016/04/28 14:52:54.248879 INFO Sleep 1 second to avoid throttling.\r\r\n[   25.608113] blk_update_request: I/O error, dev fd0, sector 0\r\n[   25.660188] blk_update_request: I/O error, dev fd0, sector 0\r\ntmp-tmp63iznc57mount\r\r\n2016/04/28 14:52:55.261945 INFO Protocol V1 found.\r\r\n2016/04/28 14:52:55.266710 INFO Protocol V2 found.\r\r\n2016/04/28 14:52:55.267448 INFO run Ubuntu provision handler\r\r\n2016/04/28 14:52:55.270043 INFO Waiting cloud-init to finish provisioning.\r\r\n2016/04/28 14:52:55.270354 INFO Wait for ssh host key to be generated.\r\r\n2016/04/28 14:52:55.271180 INFO Wait for ssh host key be generated: /etc/ssh/ssh_host_rsa_key\r\r\n2016/04/28 14:52:55.285585 INFO Event: name=WALA, op=HeartBeat, message=\r\r\n[   28.174482] cloud-init[966]: Cloud-init v. 0.7.7 running 'init' at Thu, 28 Apr 2016 14:52:48 +0000. Up 19.23 seconds.\r\r\n[   28.180641] cloud-init[966]: ci-info: ++++++++++++++++++++++++++++++++++++++Net device info+++++++++++++++++++++++++++++++++++++++\r\r\n[   28.180924] cloud-init[966]: ci-info: +--------+------+------------------------------+---------------+-------+-------------------+\r\r\n[   28.181175] cloud-init[966]: ci-info: | Device |  Up  |           Address            |      Mask     | Scope |     Hw-Address    |\r\r\n[   28.181422] cloud-init[966]: ci-info: +--------+------+------------------------------+---------------+-------+-------------------+\r\r\n[   28.181727] cloud-init[966]: ci-info: |  eth0  | True |           10.0.0.4           | 255.255.255.0 |   .   | 00:0d:3a:a0:f4:06 |\r\r\n[   28.181976] cloud-init[966]: ci-info: |  eth0  | True | fe80::20d:3aff:fea0:f406/64  |       .       |  link | 00:0d:3a:a0:f4:06 |\r\r\n[   28.182220] cloud-init[966]: ci-info: | lxcbr0 | True |           10.0.1.1           | 255.255.255.0 |   .   | 7e:a8:f9:3c:a3:a0 |\r\r\n[   28.182460] cloud-init[966]: ci-info: | lxcbr0 | True | fe80::7ca8:f9ff:fe3c:a3a0/64 |       .       |  link | 7e:a8:f9:3c:a3:a0 |\r\r\n[   28.187832] cloud-init[966]: ci-info: |   lo  | True |          127.0.0.1           |   255.0.0.0   |   .   |         .         |\r\r\n[   28.188107] cloud-init[966]: ci-info: |   lo   | True |           ::1/128            |       .       |  host |         .         |\r\r\n[   28.188353] cloud-init[966]: ci-info: +--------+------+------------------------------+---------------+-------+-------------------+\r\r\n[   28.188591] cloud-init[966]: ci-info: +++++++++++++++++++++++++++++Route IPv4 info++++++++++++++++++++++++++++++\r\r\n[   28.188852] cloud-init[966]: ci-info: +-------+---------------+----------+-----------------+-----------+-------+\r\r\n[   28.192029] cloud-init[966]: ci-info: | Route |  Destination  | Gateway  |     Genmask     | Interface | Flags |\r\r\n[   28.192321] cloud-init[966]: ci-info: +-------+---------------+----------+-----------------+-----------+-------+\r\r\n[   28.192576] cloud-init[966]: ci-info: |   0   |    0.0.0.0    | 10.0.0.1 |     0.0.0.0     |    eth0   |   UG  |\r\r\n[   28.199659] cloud-init[966]: ci-info: |   1   |    10.0.0.0   | 0.0.0.0  |  255.255.255.0  |    eth0   |   U   |\r\r\n[   28.199941] cloud-init[966]: ci-info: |   2   |    10.0.1.0   | 0.0.0.0  |  255.255.255.0  |   lxcbr0  |   U   |\r\r\n[   28.200214] cloud-init[966]: ci-info: |   3   | 168.63.129.16 | 10.0.0.1 | 255.255.255.255 |    eth0   |  UGH  |\r\r\n[   28.200456] cloud-init[966]: ci-info: +-------+---------------+----------+-----------------+-----------+-------+\r\r\n[   28.200720] cloud-init[966]: Generating public/private rsa key pair.\r\r\n[   28.200963] cloud-init[966]: Your identification has been saved in /etc/ssh/ssh_host_rsa_key.\r\r\n[   28.201202] cloud-init[966]: Your public key has been saved in /etc/ssh/ssh_host_rsa_key.pub.\r\r\n[   28.201444] cloud-init[966]: The key fingerprint is:\r\r\n[   28.201687] cloud-init[966]: SHA256:QpBkSG6omYgC00lZl2Zna5bNubOxqfEgNHG4Gyo9QdM root@xplatvmStSp\r\r\n[   28.201941] cloud-init[966]: The key's randomart image is:\r\r\n[   28.202180] cloud-init[966]: +---[RSA 2048]----+\r\r\n[   28.202417] cloud-init[966]: | .o==...         |\r\r\n[   28.204284] cloud-init[966]: | =oo.++.o        |\r\r\n[   28.204547] cloud-init[966]: |+ = ooEo.= .     |\r\r\n[   28.204847] cloud-init[966]: |== . o += +      |\r\r\n[   28.205095] cloud-init[966]: |B   . *oS  .     |\r\r\n[   28.205339] cloud-init[966]: |.  . + =  +      |\r\r\n[   28.205580] cloud-init[966]: |  . + o o  *     |\r\r\n[   28.205845] cloud-init[966]: |   . . . ++      |\r\r\n[   28.213317] cloud-init[966]: |        ...      |\r\r\n[   28.213612] cloud-init[966]: +----[SHA256]-----+\r\r\n[   28.213882] cloud-init[966]: Generating public/private dsa key pair.\r\r\n[   28.214136] cloud-init[966]: Your identification has been saved in /etc/ssh/ssh_host_dsa_key.\r\r\n[   28.214380] cloud-init[966]: Your public key has been saved in /etc/ssh/ssh_host_dsa_key.pub.\r\r\n[   28.214623] cloud-init[966]: The key fingerprint is:\r\r\n[   28.214878] cloud-init[966]: SHA256:+LZg4uslT0LVI/lDDKXXNtHaZyAlcz0evw8vwZcG1Gs root@xplatvmStSp\r\r\n[   28.215119] cloud-init[966]: The key's randomart image is:\r\r\n[   28.215356] cloud-init[966]: +---[DSA 1024]----+\r\r\n[   28.215592] cloud-init[966]: |      ... +oo..  |\r\r\n[   28.216025] cloud-init[966]: |       * ..=o.+. |\r\r\n[   28.228369] cloud-init[966]: |      = * ++.o +.|\r\r\n[   28.228633] cloud-init[966]: |     . * o....+E.|\r\r\n[   28.228910] cloud-init[966]: |    . . S    +o o|\r\r\n[   28.229159] cloud-init[966]: |   .   . .    ++.|\r\r\n[   28.229409] cloud-init[966]: |    + = o     .=.|\r\r\n[   28.229655] cloud-init[966]: |   . O o .    . o|\r\r\n[   28.229915] cloud-init[966]: |   .+.. .      . |\r\r\n[   28.230161] cloud-init[966]: +----[SHA256]-----+\r\r\n[   28.230399] cloud-init[966]: Generating public/private ecdsa key pair.\r\r\n[   28.230641] cloud-init[966]: Your identification has been saved in /etc/ssh/ssh_host_ecdsa_key.\r\r\n[   28.230896] cloud-init[966]: Your public keyhas been saved in /etc/ssh/ssh_host_ecdsa_key.pub.\r\r\n[   28.231137] cloud-init[966]: The key fingerprint is:\r\r\n[   28.231375] cloud-init[966]: SHA256:oFL5RqKQKJU/9tlkJ4+/cJVOf2dyyBWqcfIRgkeD8KA root@xplatvmStSp\r\r\n[   28.231611] cloud-init[966]: The key's randomart image is:\r\r\n[   28.231863] cloud-init[966]: +---[ECDSA 256]---+\r\r\n[   28.233948] cloud-init[966]: |  ..   o. .o     |\r\r\n[   28.234206] cloud-init[966]: |.o.  .. o.o .    |\r\r\n[   28.234458] cloud-init[966]: |=  .+Eo  o o . . |\r\r\n[   28.234706] cloud-init[966]: |.. o+= .+ o ..o .|\r\r\n[   28.234973] cloud-init[966]: |  o..oo=S= o++  .|\r\r\n[   28.235215] cloud-init[966]: |   . .o o .+*o.o |\r\r\n[   28.235470] cloud-init[966]: |        ......= =|\r\r\n[   28.241285] cloud-init[966]: |         o.    =.|\r\r\n[   28.244299] cloud-init[966]: |          ..     |\r\r\n[   28.244557] cloud-init[966]: +----[SHA256]-----+\r\r\n[   28.244825] cloud-init[966]: Generating public/private ed25519 key pair.\r\r\n[   28.245076] cloud-init[966]: Your identification has been saved in /etc/ssh/ssh_host_ed25519_key.\r\r\n[   28.245332] cloud-init[966]: Your public key has been saved in /etc/ssh/ssh_host_ed25519_key.pub.\r\r\n[   28.245578] cloud-init[966]: The key fingerprint is:\r\r\n[   28.245836] cloud-init[966]: SHA256:UB2HrTnrWjE29inLX+uEJXjEazO8OGg//PkLRZUniXU root@xplatvmStSp\r\r\n[   28.246078] cloud-init[966]: The key's randomart image is:\r\r\n[   28.246318] cloud-init[966]: +--[ED25519 256]--+\r\r\n[   28.246555] cloud-init[966]: |        ...+.o..E|\r\r\n[   28.251655] cloud-init[966]: |       .  ooo +.|\r\r\n[   28.251932] cloud-init[966]: |      .    oo ...|\r\r\n[   28.252219] cloud-init[966]: |       .  ++ o   |\r\r\n[   28.256029] cloud-init[966]: |        S BoO o  |\r\r\n[   28.256313] cloud-init[966]: |         +.O X   |\r\r\n[   28.266004] cloud-init[966]: |        oo= * o  |\r\r\n[   28.266262] cloud-init[966]: |       . +++ = . |\r\r\n[   28.266510] cloud-init[966]: |        ..+++o=. |\r\r\n[   28.266786] cloud-init[966]: +----[SHA256]-----+\r\r\n[\u001b[32m  OK  \u001b[0m] Started Initial cloud-init job (metadata service crawler).\r\r\n         Starting Permit User Sessions...\r\r\n[\u001b[32m  OK  \u001b[0m] Reached target Cloud-config availability.\r\r\n         Starting Apply the settings specified in cloud-config...\r\r\n[\u001b[32m  OK  \u001b[0m] Started OpenBSD Secure Shell server.\r\r\n[\u001b[32m  OK  \u001b[0m] Started Permit User Sessions.\r\r\n         Starting Wait for Plymouth Boot Screen to Quit...\r\r\n         Starting Terminate Plymouth Boot Screen...\r\r\ncloud-init.service\r\r\nssh.service\r\r\nsystemd-user-sessions.service\r\r\n2016/04/28 14:53:00.284138 INFO Finished provisioning\r\n2016/04/28 14:53:00.992386 INFO Last request issued less than 1 second ago\r\n2016/04/28 14:53:00.999769 INFO Sleep 1 second to avoid throttling.\r\n2016/04/28 14:53:02.007141 INFO Sleep 1 second to avoid throttling.\r\n2016/04/28 14:53:03.448901 INFO Start env monitor service.\r\n2016/04/28 14:53:03.504909 INFO Set block dev timeout: sda with timeout: 300\r\n2016/04/28 14:53:03.509845 INFO Set block dev timeout: sdb with timeout: 300\r\n\r\r\nUbuntu 15.10 xplatvmStSp ttyS0\r\n\r\nxplatvmStSp login:
[   35.483139] cloud-init[1262]: Generating locales...\r\n[   35.554758] cloud-init[1262]: en_US.UTF-8... up-to-date\r\n[   35.575488] cloud-init[1262]: Generation complete.\r\n", { 'content-length': '58368',
  'content-type': 'text/plain',
  'last-modified': 'Thu, 28 Apr 2016 14:53:04 GMT',
  'accept-ranges': 'bytes',
  etag: '"0x8D36F74CD68D001"',
  server: 'Windows-Azure-Blob/1.0 Microsoft-HTTPAPI/2.0',
  'x-ms-request-id': 'f2891362-0001-0034-1e5d-a1d937000000',
  'x-ms-version': '2015-02-21',
  'x-ms-write-protection': 'false',
  'x-ms-lease-status': 'unlocked',
  'x-ms-lease-state': 'available',
  'x-ms-blob-type': 'PageBlob',
  'x-ms-blob-sequence-number': '0',
  date: 'Thu, 28 Apr 2016 14:53:31 GMT',
  connection: 'close' });
 return result; },
function (nock) { 
var result = 
nock('https://xplattstoragestsp9410.blob.core.windows.net:443')
  .get('/bootdiagnostics-xplatvmst-082a247e-bf3f-483b-aef4-9a62c5e8f1b5/xplatvmStSp.082a247e-bf3f-483b-aef4-9a62c5e8f1b5.serialconsole.log')
