// This file has been autogenerated.

var profile = require('../../../lib/util/profile');

exports.getMockedProfile = function () {
  var newProfile = new profile.Profile();

  newProfile.addSubscription(new profile.Subscription({
    id: '2c224e7e-3ef5-431d-a57b-e71f4662e3a6',
    name: 'Node CLI Test',
    user: {
      name: 'user@domain.example',
      type: 'user'
    },
    tenantId: '72f988bf-86f1-41af-91ab-2d7cd011db47',
    state: 'Enabled',
    registeredProviders: [],
    isDefault: true
  }, newProfile.environments['AzureCloud']));

  return newProfile;
};

exports.setEnvironment = function() {
  process.env['AZURE_VM_TEST_LOCATION'] = 'eastus';
  process.env['SSHCERT'] = 'test/myCert.pem';
};

exports.scopes = [[function (nock) { 
var result = 
nock('https://management.azure.com:443')
  .get('/subscriptions/2c224e7e-3ef5-431d-a57b-e71f4662e3a6/resourceGroups/xplatTestGVMStart/providers/Microsoft.Compute/virtualMachines/xplatvmStSp?$expand=instanceView&api-version=2016-03-30')
  .reply(200, "{\r\n  \"properties\": {\r\n    \"vmId\": \"d974ed0a-878e-43ad-a26b-93bd74cbc625\",\r\n    \"hardwareProfile\": {\r\n      \"vmSize\": \"Standard_DS1\"\r\n    },\r\n    \"storageProfile\": {\r\n      \"imageReference\": {\r\n        \"publisher\": \"canonical\",\r\n        \"offer\": \"UbuntuServer\",\r\n        \"sku\": \"15.10\",\r\n        \"version\": \"15.10.201602040\"\r\n      },\r\n      \"osDisk\": {\r\n        \"osType\": \"Linux\",\r\n        \"name\": \"cli06d03bbfb80cb0e0-os-1471267802364\",\r\n        \"createOption\": \"FromImage\",\r\n        \"vhd\": {\r\n          \"uri\": \"https://xplattstoragestsp6105.blob.core.windows.net/xplatteststoragecntstsp/cli06d03bbfb80cb0e0-os-1471267802364.vhd\"\r\n        },\r\n        \"caching\": \"ReadWrite\"\r\n      },\r\n      \"dataDisks\": []\r\n    },\r\n    \"osProfile\": {\r\n      \"computerName\": \"xplatvmStSp\",\r\n      \"adminUsername\": \"azureuser\",\r\n      \"linuxConfiguration\": {\r\n        \"disablePasswordAuthentication\": false,\r\n        \"ssh\": {\r\n          \"publicKeys\": [\r\n            {\r\n              \"path\": \"/home/azureuser/.ssh/authorized_keys\",\r\n              \"keyData\": \"MIID/zCCAuegAwIBAgIJAMUAa+XVLvAeMA0GCSqGSIb3DQEBBQUAMIGVMQswCQYD\\r\\nVQQGEwJJbjESMBAGA1UECAwJS2FybmF0YWthMRIwEAYDVQQHDAlCYW5nYWxvcmUx\\r\\nEDAOBgNVBAoMB2JyaWxsaW8xEjAQBgNVBAsMCW1pY3Jvc29mdDEQMA4GA1UEAwwH\\r\\nYnJpbGxpbzEmMCQGCSqGSIb3DQEJARYXc3JlZWthbnRoYnNAeWFob28uY28uaW4w\\r\\nHhcNMTUwMzA1MTE1MzEyWhcNMTYwMzA0MTE1MzEyWjCBlTELMAkGA1UEBhMCSW4x\\r\\nEjAQBgNVBAgMCUthcm5hdGFrYTESMBAGA1UEBwwJQmFuZ2Fsb3JlMRAwDgYDVQQK\\r\\nDAdicmlsbGlvMRIwEAYDVQQLDAltaWNyb3NvZnQxEDAOBgNVBAMMB2JyaWxsaW8x\\r\\nJjAkBgkqhkiG9w0BCQEWF3NyZWVrYW50aGJzQHlhaG9vLmNvLmluMIIBIjANBgkq\\r\\nhkiG9w0BAQEFAAOCAQ8AMIIBCgKCAQEAyUNKaOuT0NK+S8Ck81zy9xJ6hXfZvAC6\\r\\nlhbmf/6s/WVimJ/TX5NMhQJwC9k6ZIF92KfYrojHNvHDufSZ3EtKUVwRFCDjmgMT\\r\\nDL09WkGaZt7gROYFK0iZ4KrYGovUwlwum9fHB24OJiOV4bi0ek62/rHx9fjYZpvp\\r\\naIH2PV/hN8SCZ0x7HJMberD4gVoU/Kv42nNvwjLUW6IZfVx/Gv5OeFDtWHfSvUEF\\r\\ndadHKTPn3Ab20Iu6gZIbLO9Vuf38/IpaYGfnFCouHdzmiTiLieYNe3CUPcOJNSv7\\r\\n1G8KYpx3uNJRkJPab5OsRyJw75Gvzkr9OgaPss9tVD6Gt68u3WQtVQIDAQABo1Aw\\r\\nTjAdBgNVHQ4EFgQUogvhXB+xZ2JJPfLO6cVs4ForzscwHwYDVR0jBBgwFoAUogvh\\r\\nXB+xZ2JJPfLO6cVs4ForzscwDAYDVR0TBAUwAwEB/zANBgkqhkiG9w0BAQUFAAOC\\r\\nAQEAdDj7qUNJ45xlF5cjd+4x5NHvAD1VTjOKu+Xh/uzSSjXqB2F0aOMWA9lx0qaQ\\r\\noJgHkGxj3zz/W7ik/cVGL2O+vRIOKv/y0OPogEmS3Hw+P+O6OGE7x1G6YN0zLVoL\\r\\nu4BN/BEYmjttxM9I7qqL7C5cJoE+K3s/w1/pt/68ohJcr7F9Ohi7cso62xuGY1Rm\\r\\nksAh2EUDsU9JV/P+C9AMpLSrb03JJYzVj4w1RHbrmw2AjFyGXdQYkggyXisg+Ifr\\r\\n5gbNN7HigpHf7b2i3CQBUqp9m23frh5AhnLI2qp3UXgc52U5ieLdi/t6j0TTZqqY\\r\\nHhHqofKrj938HHlBNpC5/LVh3w==\\r\\n\"\r\n            }\r\n          ]\r\n        }\r\n      },\r\n      \"secrets\": []\r\n    },\r\n    \"networkProfile\": {\"networkInterfaces\":[{\"id\":\"/subscriptions/2c224e7e-3ef5-431d-a57b-e71f4662e3a6/resourceGroups/xplatTestGVMStart/providers/Microsoft.Network/networkInterfaces/xplattestnicStSp\"}]},\r\n    \"diagnosticsProfile\": {\r\n      \"bootDiagnostics\": {\r\n        \"enabled\": true,\r\n        \"storageUri\": \"https://xplattstoragestsp6105.blob.core.windows.net/\"\r\n      }\r\n    },\r\n    \"provisioningState\": \"Succeeded\",\r\n    \"instanceView\": {\r\n      \"vmAgent\": {\r\n        \"vmAgentVersion\": \"2.1.2\",\r\n        \"statuses\": [\r\n          {\r\n            \"code\": \"ProvisioningState/succeeded\",\r\n            \"level\": \"Info\",\r\n            \"displayStatus\": \"Ready\",\r\n            \"message\": \"Guest Agent is running\",\r\n            \"time\": \"2016-08-15T13:33:58+00:00\"\r\n          }\r\n        ],\r\n        \"extensionHandlers\": []\r\n      },\r\n      \"disks\": [\r\n        {\r\n          \"name\": \"cli06d03bbfb80cb0e0-os-1471267802364\",\r\n          \"statuses\": [\r\n            {\r\n              \"code\": \"ProvisioningState/succeeded\",\r\n              \"level\": \"Info\",\r\n              \"displayStatus\": \"Provisioning succeeded\",\r\n              \"time\": \"2016-08-15T13:31:54.8268663+00:00\"\r\n            }\r\n          ]\r\n        }\r\n      ],\r\n      \"bootDiagnostics\": {\r\n        \"consoleScreenshotBlobUri\": \"https://xplattstoragestsp6105.blob.core.windows.net/bootdiagnostics-xplatvmst-d974ed0a-878e-43ad-a26b-93bd74cbc625/xplatvmStSp.d974ed0a-878e-43ad-a26b-93bd74cbc625.screenshot.bmp\",\r\n        \"serialConsoleLogBlobUri\": \"https://xplattstoragestsp6105.blob.core.windows.net/bootdiagnostics-xplatvmst-d974ed0a-878e-43ad-a26b-93bd74cbc625/xplatvmStSp.d974ed0a-878e-43ad-a26b-93bd74cbc625.serialconsole.log\"\r\n      },\r\n      \"statuses\": [\r\n        {\r\n          \"code\": \"ProvisioningState/succeeded\",\r\n          \"level\": \"Info\",\r\n          \"displayStatus\": \"Provisioning succeeded\",\r\n          \"time\": \"2016-08-15T13:33:33.7956091+00:00\"\r\n        },\r\n        {\r\n          \"code\": \"PowerState/running\",\r\n          \"level\": \"Info\",\r\n          \"displayStatus\": \"VM running\"\r\n        }\r\n      ]\r\n    }\r\n  },\r\n  \"id\": \"/subscriptions/2c224e7e-3ef5-431d-a57b-e71f4662e3a6/resourceGroups/xplatTestGVMStart/providers/Microsoft.Compute/virtualMachines/xplatvmStSp\",\r\n  \"name\": \"xplatvmStSp\",\r\n  \"type\": \"Microsoft.Compute/virtualMachines\",\r\n  \"location\": \"eastus\",\r\n  \"tags\": {}\r\n}", { 'cache-control': 'no-cache',
  pragma: 'no-cache',
  'content-length': '4916',
  'content-type': 'application/json; charset=utf-8',
  expires: '-1',
  'strict-transport-security': 'max-age=31536000; includeSubDomains',
  'x-ms-served-by': 'f1952173-7412-4020-8c98-fffca6509750_131118073625769552',
  'x-ms-request-id': 'da7fab2a-8432-4893-8309-0a6765a1bb6a',
  server: 'Microsoft-HTTPAPI/2.0',
  'x-ms-ratelimit-remaining-subscription-reads': '14996',
  'x-ms-correlation-request-id': '4b489ad3-cff1-4b9a-9514-e4456029c019',
  'x-ms-routing-request-id': 'WESTEUROPE:20160815T133406Z:4b489ad3-cff1-4b9a-9514-e4456029c019',
  date: 'Mon, 15 Aug 2016 13:34:06 GMT' });
 return result; },
function (nock) { 
var result = 
nock('https://management.azure.com:443')
  .post('/subscriptions/2c224e7e-3ef5-431d-a57b-e71f4662e3a6/resourceGroups/xplatTestGVMStart/providers/Microsoft.Storage/storageAccounts/xplattstoragestsp6105/listKeys?api-version=2016-01-01')
  .reply(200, "{\"keys\":[{\"keyName\":\"key1\",\"permissions\":\"Full\",\"value\":\"Wirm/34THObmdHRlIQOO/505NPumARZ6UlR0iaL8JTmLgdstT5UYcpnxfZYc2BiTtZCVLyeG5yDlSjU+unH1Ng==\"},{\"keyName\":\"key2\",\"permissions\":\"Full\",\"value\":\"A8avwfX53pcs4MikSfYWhrPPfkUtnkA49VVsDUEScHSDIdGCb9S2XgNSrd4DTt/eIp5mQ5J2fJQTkWeVwnTmjg==\"}]}\n", { 'cache-control': 'no-cache',
  pragma: 'no-cache',
  'content-length': '289',
  'content-type': 'application/json',
  expires: '-1',
  'x-ms-request-id': 'b9baf739-3bdc-4141-9344-a81c9afdb9e8',
  server: 'Microsoft-Azure-Storage-Resource-Provider/1.0',
  'x-ms-ratelimit-remaining-subscription-writes': '1198',
  'x-ms-correlation-request-id': 'b9baf739-3bdc-4141-9344-a81c9afdb9e8',
  'x-ms-routing-request-id': 'WESTEUROPE:20160815T133407Z:b9baf739-3bdc-4141-9344-a81c9afdb9e8',
  'strict-transport-security': 'max-age=31536000; includeSubDomains',
  date: 'Mon, 15 Aug 2016 13:34:06 GMT' });
 return result; },
function (nock) { 
var result = 
nock('https://xplattstoragestsp6105.blob.core.windows.net:443')
  .head('/bootdiagnostics-xplatvmst-d974ed0a-878e-43ad-a26b-93bd74cbc625/xplatvmStSp.d974ed0a-878e-43ad-a26b-93bd74cbc625.serialconsole.log')
  .reply(200, "", { 'content-length': '60928',
  'content-type': 'text/plain',
  'last-modified': 'Mon, 15 Aug 2016 13:33:41 GMT',
  'accept-ranges': 'bytes',
  etag: '"0x8D3C510C5E58010"',
  server: 'Windows-Azure-Blob/1.0 Microsoft-HTTPAPI/2.0',
  'x-ms-request-id': 'e3c4a301-0001-008b-2cf9-f65f3a000000',
  'x-ms-version': '2015-04-05',
  'x-ms-write-protection': 'false',
  'x-ms-lease-status': 'unlocked',
  'x-ms-lease-state': 'available',
  'x-ms-blob-type': 'PageBlob',
  'x-ms-blob-sequence-number': '0',
  date: 'Mon, 15 Aug 2016 13:34:06 GMT' });
 return result; },
function (nock) { 
var result = 
nock('https://xplattstoragestsp6105.blob.core.windows.net:443')
  .get('/bootdiagnostics-xplatvmst-d974ed0a-878e-43ad-a26b-93bd74cbc625/xplatvmStSp.d974ed0a-878e-43ad-a26b-93bd74cbc625.serialconsole.log')
  .reply(200, "\u001b[H\u001b[J\u001b[1;1H[    0.000000] Initializing cgroup subsys cpuset\r\n[    0.000000] Initializing cgroup subsys cpu\r\n[    0.000000] Initializing cgroup subsys cpuacct\r\n[    0.000000] Linux version 4.2.0-27-generic (buildd@lgw01-12) (gcc version 5.2.1 20151010 (Ubuntu 5.2.1-22ubuntu2) ) #32-Ubuntu SMP Fri Jan 22 04:49:08 UTC 2016 (Ubuntu 4.2.0-27.32-generic 4.2.8-ckt1)\r\n[    0.000000] Command line: BOOT_IMAGE=/boot/vmlinuz-4.2.0-27-generic root=UUID=00dbac90-0d84-46e7-b813-31837bb7b225 ro console=tty1 console=ttyS0 earlyprintk=ttyS0 rootdelay=300\r\n[    0.000000] KERNEL supported cpus:\r\n[    0.000000]   Intel GenuineIntel\r\n[    0.000000]   AMD AuthenticAMD\r\n[    0.000000]   Centaur CentaurHauls\r\n[    0.000000] x86/fpu: xstate_offset[2]: 0240, xstate_sizes[2]: 0100\r\n[    0.000000] x86/fpu: Supporting XSAVE feature 0x01: 'x87 floating point registers'\r\n[    0.000000] x86/fpu: Supporting XSAVE feature 0x02: 'SSE registers'\r\n[    0.000000] x86/fpu: Supporting XSAVE feature 0x04: 'AVX registers'\r\n[    0.000000] x86/fpu: Enabled xstate features 0x7, context size is 0x340 bytes, using 'standard' format.\r\n[    0.000000] x86/fpu: Using 'eager' FPU context switches.\r\n[    0.000000] e820: BIOS-provided physical RAM map:\r\n[    0.000000] BIOS-e820: [mem 0x0000000000000000-0x000000000009fbff] usable\r\n[    0.000000] BIOS-e820: [mem 0x000000000009fc00-0x000000000009ffff] reserved\r\n[    0.000000] BIOS-e820: [mem 0x00000000000e0000-0x00000000000fffff] reserved\r\n[    0.000000] BIOS-e820: [mem 0x0000000000100000-0x000000001ffeffff] usable\r\n[    0.000000] BIOS-e820: [mem 0x000000001fff0000-0x000000001fffefff] ACPI data\r\n[    0.000000] BIOS-e820: [mem 0x000000001ffff000-0x000000001fffffff] ACPI NVS\r\n[    0.000000] BIOS-e820: [mem 0x0000000100000000-0x00000001bfffffff] usable\r\n[    0.000000] bootconsole [earlyser0] enabled\r\n[    0.000000] NX (Execute Disable) protection: active\r\n[    0.000000] SMBIOS 2.3 present.\r\n[    0.000000] Hypervisor detected: Microsoft HyperV\r\n[    0.000000] HyperV: features 0xe7f, hints 0x2c\r\n[    0.000000] HyperV: LAPIC Timer Frequency: 0xc3500\r\n[    0.000000] clocksource: hyperv_clocksource: mask: 0xffffffffffffffff max_cycles: 0x24e6a1710, max_idle_ns: 440795202120 ns\r\n[    0.000000] tsc: Marking TSC unstable due to running on Hyper-V\r\n[    0.000000] e820: last_pfn = 0x1c0000 max_arch_pfn = 0x400000000\r\n[    0.000000] x86/PAT: Configuration [0-7]: WB  WC  UC- UC  WB  WC  UC- WT  \r\n[    0.000000] e820: last_pfn = 0x1fff0 max_arch_pfn = 0x400000000\r\n[    0.000000] found SMP MP-table at [mem 0x000ff780-0x000ff78f] mapped at [ffff8800000ff780]\r\n[    0.000000] Scanning 1 areas for low memory corruption\r\n[    0.000000] init_memory_mapping: [mem 0x00000000-0x000fffff]\r\n[    0.000000] init_memory_mapping: [mem 0x1bfe00000-0x1bfffffff]\r\n[    0.000000] init_memory_mapping: [mem 0x1a0000000-0x1bfdfffff]\r\n[    0.000000] init_memory_mapping: [mem 0x00100000-0x1ffeffff]\r\n[    0.000000] init_memory_mapping: [mem 0x100000000-0x19fffffff]\r\n[    0.000000] RAMDISK: [mem 0x1d9ee000-0x1f7b1fff]\r\n[    0.000000] ACPI: Early table checksum verification disabled\r\n[    0.000000] ACPI: RSDP 0x00000000000F56F0 000014 (v00 ACPIAM)\r\n[    0.000000] ACPI: RSDT 0x000000001FFF0000 000040 (v01 VRTUAL MICROSFT 05001223 MSFT 00000097)\r\n[    0.000000] ACPI: FACP 0x000000001FFF0200 000081 (v02 VRTUAL MICROSFT 05001223 MSFT 00000097)\r\n[    0.000000] ACPI: DSDT 0x000000001FFF1724 002E78 (v01 MSFTVM MSFTVM02 00000002 INTL 02002026)\r\n[    0.000000] ACPI: FACS 0x000000001FFFF000 000040\r\n[    0.000000] ACPI: WAET 0x000000001FFF1480 000028 (v01 VRTUAL MICROSFT 05001223 MSFT 00000097)\r\n[    0.000000] ACPI: SLIC 0x000000001FFF14C0 000176 (v01 VRTUAL MICROSFT 05001223 MSFT 00000097)\r\n[    0.000000] ACPI: OEM0 0x000000001FFF16C0 000064 (v01 VRTUAL MICROSFT 05001223 MSFT 00000097)\r\n[    0.000000] ACPI: SRAT 0x000000001FFF0600 000090 (v02 VRTUAL MICROSFT 00000001 MSFT 00000001)\r\n[    0.000000] ACPI: APIC 0x000000001FFF0300 00024C (v01 VRTUAL MICROSFT 05001223 MSFT 00000097)\r\n[    0.000000] ACPI: OEMB 0x000000001FFFF040 000064 (v01 VRTUAL MICROSFT 05001223 MSFT 00000097)\r\n[    0.000000] SRAT: PXM 0 -> APIC 0x00 -> Node 0\r\n[    0.000000] SRAT: Node 0 PXM 0 [mem 0x00000000-0x1fffffff]\r\n[    0.000000] SRAT: Node 0 PXM 0 [mem 0x100000000-0x1bfffffff]\r\n[    0.000000] NUMA: Node 0 [mem 0x00000000-0x1fffffff] + [mem 0x100000000-0x1bfffffff] -> [mem 0x00000000-0x1bfffffff]\r\n[    0.000000] NODE_DATA(0) allocated [mem 0x1bfffa000-0x1bfffefff]\r\n[    0.000000] Zone ranges:\r\n[    0.000000]   DMA      [mem 0x0000000000001000-0x0000000000ffffff]\r\n[    0.000000]   DMA32    [mem 0x0000000001000000-0x00000000ffffffff]\r\n[    0.000000]   Normal   [mem 0x0000000100000000-0x00000001bfffffff]\r\n[    0.000000] Movable zone start for each node\r\n[    0.000000] Early memory node ranges\r\n[    0.000000]   node   0: [mem 0x0000000000001000-0x000000000009efff]\r\n[    0.000000]   node   0: [mem 0x0000000000100000-0x000000001ffeffff]\r\n[    0.000000]   node   0: [mem 0x0000000100000000-0x00000001bfffffff]\r\n[    0.000000] Initmem setup node 0 [mem 0x0000000000001000-0x00000001bfffffff]\r\n[    0.000000] ACPI: PM-Timer IO Port: 0x408\r\n[    0.000000] IOAPIC[0]: apic_id 0, version 17, address 0xfec00000, GSI 0-23\r\n[    0.000000] ACPI: INT_SRC_OVR (bus 0 bus_irq 0 global_irq 2 dfl dfl)\r\n[    0.000000] ACPI: INT_SRC_OVR (bus 0 bus_irq 9 global_irq 9 high level)\r\n[    0.000000] Using ACPI (MADT) for SMP configuration information\r\n[    0.000000] smpboot: Allowing 64 CPUs, 63 hotplug CPUs\r\n[    0.000000] PM: Registered nosave memory: [mem 0x00000000-0x00000fff]\r\n[    0.000000] PM: Registered nosave memory: [mem 0x0009f000-0x0009ffff]\r\n[    0.000000] PM: Registered nosave memory: [mem 0x000a0000-0x000dffff]\r\n[    0.000000] PM: Registered nosave memory: [mem 0x000e0000-0x000fffff]\r\n[    0.000000] PM: Registered nosave memory: [mem 0x1fff0000-0x1fffefff]\r\n[    0.000000] PM: Registered nosave memory: [mem 0x1ffff000-0x1fffffff]\r\n[    0.000000] PM: Registered nosave memory: [mem 0x20000000-0xffffffff]\r\n[    0.000000] e820: [mem 0x20000000-0xffffffff] available for PCI devices\r\n[    0.000000] Booting paravirtualized kernel on bare hardware\r\n[    0.000000] clocksource: refined-jiffies: mask: 0xffffffff max_cycles: 0xffffffff, max_idle_ns: 7645519600211568 ns\r\n[    0.000000] setup_percpu: NR_CPUS:256 nr_cpumask_bits:256 nr_cpu_ids:64 nr_node_ids:1\r\n[    0.000000] PERCPU: Embedded 33 pages/cpu @ffff8801bae00000 s96728 r8192 d30248 u262144\r\n[    0.000000] Built 1 zonelists in Node order, mobility grouping on.  Total pages: 903033\r\n[    0.000000] Policy zone: Normal\r\n[    0.000000] Kernel command line: BOOT_IMAGE=/boot/vmlinuz-4.2.0-27-generic root=UUID=00dbac90-0d84-46e7-b813-31837bb7b225 ro console=tty1 console=ttyS0 earlyprintk=ttyS0 rootdelay=300\r\n[    0.000000] log_buf_len individual max cpu contribution: 4096 bytes\r\n[    0.000000] log_buf_len total cpu_extra contributions: 258048 bytes\r\n[    0.000000] log_buf_len min size: 262144 bytes\r\n[    0.000000] log_buf_len: 524288 bytes\r\n[    0.000000] early log buf free: 252360(96%)\r\n[    0.000000] PID hash table entries: 4096 (order: 3, 32768 bytes)\r\n[    0.000000] Memory: 3490024K/3669560K available (8154K kernel code, 1238K rwdata, 3804K rodata, 1460K init, 1292K bss, 179536K reserved, 0K cma-reserved)\r\n[    0.000000] SLUB: HWalign=64, Order=0-3, MinObjects=0, CPUs=64, Nodes=1\r\n[    0.000000] Hierarchical RCU implementation.\r\n[    0.000000] \tBuild-time adjustment of leaf fanout to 64.\r\n[    0.000000] \tRCU restricting CPUs from NR_CPUS=256 to nr_cpu_ids=64.\r\n[    0.000000] RCU: Adjusting geometry for rcu_fanout_leaf=64, nr_cpu_ids=64\r\n[    0.000000] NR_IRQS:16640 nr_irqs:936 16\r\n[    0.000000] \tOffload RCU callbacks from all CPUs\r\n[    0.000000] \tOffload RCU callbacks from CPUs: 0-63.\r\n[    0.000000] Console: colour VGA+ 80x25\r\n[    0.000000] console [tty1] enabled\r\n[    0.000000] console [ttyS0] enabled\r\n[    0.000000] console [ttyS0] enabled\r\n[    0.000000] bootconsole [earlyser0] disabled\r\n[    0.000000] bootconsole [earlyser0] disabled\r\n[    0.000000] tsc: Fast TSC calibration failed\r\n[    0.000000] tsc: Unable to calibrate against PIT\r\n[    0.000000] tsc: using PMTIMER reference calibration\r\n[    0.000000] tsc: Detected 2394.392 MHz processor\r\n[    0.020033] Calibrating delay loop (skipped), value calculated using timer frequency.. 4788.78 BogoMIPS (lpj=9577568)\r\n[    0.024016] pid_max: default: 65536 minimum: 512\r\n[    0.025820] ACPI: Core revision 20150619\r\n[    0.029892] ACPI: All ACPI Tables successfully acquired\r\n[    0.036095] Security Framework initialized\r\n[    0.040062] AppArmor: AppArmor initialized\r\n[    0.042020] Yama: becoming mindful.\r\n[    0.044383] Dentry cache hash table entries: 524288 (order: 10, 4194304 bytes)\r\n[    0.048398] Inode-cache hash table entries: 262144 (order: 9, 2097152 bytes)\r\n[    0.052421] Mount-cache hash table entries: 8192 (order: 4, 65536 bytes)\r\n[    0.055156] Mountpoint-cache hash table entries: 8192 (order: 4, 65536 bytes)\r\n[    0.056317] Initializing cgroup subsys blkio\r\n[    0.060032] Initializing cgroup subsys memory\r\n[    0.061841] Initializing cgroup subsys devices\r\n[    0.063643] Initializing cgroup subsys freezer\r\n[    0.064094] Initializing cgroup subsys net_cls\r\n[    0.065874] Initializing cgroup subsys perf_event\r\n[    0.068024] Initializing cgroup subsys net_prio\r\n[    0.069729] Initializing cgroup subsys hugetlb\r\n[    0.073108] mce: CPU supports 1 MCE banks\r\n[    0.076034] Last level iTLB entries: 4KB 1024, 2MB 1024, 4MB 1024\r\n[    0.079109] Last level dTLB entries: 4KB 1024, 2MB 1024, 4MB 1024, 1GB 4\r\n[    0.096213] ftrace: allocating 30933 entries in 121 pages\r\n[    0.112141] Switched APIC routing to physical flat.\r\n[    0.136000] ..TIMER: vector=0x30 apic1=0 pin1=2 apic2=-1 pin2=-1\r\n[    0.136104] smpboot: CPU0: Intel(R) Xeon(R) CPU E5-2673 v3 @ 2.40GHz (fam: 06, model: 3f, stepping: 02)\r\n[    0.152032] Performance Events: unsupported p6 CPU model 63 no PMU driver, software events only.\r\n[    0.168397] x86: Booted up 1 node, 1 CPUs\r\n[    0.172004] smpboot: Total of 1 processors activated (4788.78 BogoMIPS)\r\n[    0.176008] NMI watchdog: disabled (cpu0): hardware events not enabled\r\n[    0.180001] NMI watchdog: Shutting down hard lockup detector on all cpus\r\n[    0.189067] devtmpfs: initialized\r\n[    0.197394] evm: security.selinux\r\n[    0.200003] evm: security.SMACK64\r\n[    0.204001] evm: security.SMACK64EXEC\r\n[    0.208007] evm: security.SMACK64TRANSMUTE\r\n[    0.212001] evm: security.SMACK64MMAP\r\n[    0.216001] evm: security.ima\r\n[    0.220001] evm: security.capability\r\n[    0.224091] PM: Registering ACPI NVS region [mem 0x1ffff000-0x1fffffff] (4096 bytes)\r\n[    0.228117] clocksource: jiffies: mask: 0xffffffff max_cycles: 0xffffffff, max_idle_ns: 7645041785100000 ns\r\n[    0.232211] pinctrl core: initialized pinctrl subsystem\r\n[    0.236438] RTC time: 13:32:59, date: 08/15/16\r\n[    0.240185] NET: Registered protocol family 16\r\n[    0.244207] cpuidle: using governor ladder\r\n[    0.248005] cpuidle: using governor menu\r\n[    0.252113] ACPI: bus type PCI registered\r\n[    0.256002] acpiphp: ACPI Hot Plug PCI Controller Driver version: 0.5\r\n[    0.260373] PCI: Using configuration type 1 for base access\r\n[    0.265632] ACPI: Added _OSI(Module Device)\r\n[    0.268003] ACPI: Added _OSI(Processor Device)\r\n[    0.272002] ACPI: Added _OSI(3.0 _SCP Extensions)\r\n[    0.276002] ACPI: Added _OSI(Processor Aggregator Device)\r\n[    0.284028] ACPI: Interpreter enabled\r\n[    0.288006] ACPI Exception: AE_NOT_FOUND, While evaluating Sleep State [\\_S1_] (20150619/hwxface-580)\r\n[    0.300003] ACPI Exception: AE_NOT_FOUND, While evaluating Sleep State [\\_S2_] (20150619/hwxface-580)\r\n[    0.312007] ACPI Exception: AE_NOT_FOUND, While evaluating Sleep State [\\_S3_] (20150619/hwxface-580)\r\n[    0.324006] ACPI Exception: AE_NOT_FOUND, While evaluating Sleep State [\\_S4_] (20150619/hwxface-580)\r\n[    0.336011] ACPI: (supports S0 S5)\r\n[    0.340002] ACPI: Using IOAPIC for interrupt routing\r\n[    0.344036] PCI: Using host bridge windows from ACPI; if necessary, use \"pci=nocrs\" and report a bug\r\n[    0.361240] ACPI: PCI Root Bridge [PCI0] (domain 0000 [bus 00-ff])\r\n[    0.364007] acpi PNP0A03:00: _OSC: OS supports [ASPM ClockPM Segments MSI]\r\n[    0.368009] acpi PNP0A03:00: _OSC failed (AE_NOT_FOUND); disabling ASPM\r\n[    0.372475] acpi PNP0A03:00: fail to add MMCONFIG information, can't access extended PCI configuration space under this bridge.\r\n[    0.376144] PCI host bridge to bus 0000:00\r\n[    0.380003] pci_bus 0000:00: root bus resource [bus 00-ff]\r\n[    0.384005] pci_bus 0000:00: root bus resource [mem 0xfe0000000-0xfffefffff window]\r\n[    0.388008] pci_bus 0000:00: root bus resource [io  0x0000-0x0cf7 window]\r\n[    0.392002] pci_bus 0000:00: root bus resource [io  0x0d00-0xffff window]\r\n[    0.396002] pci_bus 0000:00: root bus resource [mem 0x000a0000-0x000bffff window]\r\n[    0.400005] pci_bus 0000:00: root bus resource [mem 0x20000000-0xfffbffff window]\r\n[    0.413414] pci 0000:00:07.1: legacy IDE quirk: reg 0x10: [io  0x01f0-0x01f7]\r\n[    0.416002] pci 0000:00:07.1: legacy IDE quirk: reg 0x14: [io  0x03f6]\r\n[    0.420006] pci 0000:00:07.1: legacy IDE quirk: reg 0x18: [io  0x0170-0x0177]\r\n[    0.424006] pci 0000:00:07.1: legacy IDE quirk: reg 0x1c: [io  0x0376]\r\n[    0.428459] * Found PM-Timer Bug on the chipset. Due to workarounds for a bug,\r\n[    0.428459] * this clock source is slow. Consider trying other clock sources\r\n[    0.433807] pci 0000:00:07.3: quirk: [io  0x0400-0x043f] claimed by PIIX4 ACPI\r\n[    0.447734] ACPI: PCI Interrupt Link [LNKA] (IRQs 3 4 5 7 9 10 *11 12 14 15)\r\n[    0.478572] ACPI: PCI Interrupt Link [LNKB] (IRQs 3 4 5 7 9 10 11 12 14 15) *0, disabled.\r\n[    0.516018] ACPI: PCI Interrupt Link [LNKC] (IRQs 3 4 5 7 9 10 11 12 14 15) *0, disabled.\r\n[    0.556232] ACPI: PCI Interrupt Link [LNKD] (IRQs 3 4 5 7 9 10 11 12 14 15) *0, disabled.\r\n[    0.596229] ACPI: Enabled 1 GPEs in block 00 to 0F\r\n[    0.600210] vgaarb: setting as boot device: PCI:0000:00:08.0\r\n[    0.604000] vgaarb: device added: PCI:0000:00:08.0,decodes=io+mem,owns=io+mem,locks=none\r\n[    0.604005] vgaarb: loaded\r\n[    0.608002] vgaarb: bridge control possible 0000:00:08.0\r\n[    0.612299] SCSI subsystem initialized\r\n[    0.616113] ACPI: bus type USB registered\r\n[    0.620028] usbcore: registered new interface driver usbfs\r\n[    0.624013] usbcore: registered new interface driver hub\r\n[    0.628037] usbcore: registered new device driver usb\r\n[    0.632219] PCI: Using ACPI for IRQ routing\r\n[    0.636567] NetLabel: Initializing\r\n[    0.640003] NetLabel:  domain hash size = 128\r\n[    0.644001] NetLabel:  protocols = UNLABELED CIPSOv4\r\n[    0.648019] NetLabel:  unlabeled traffic allowed by default\r\n[    0.652136] clocksource: Switched to clocksource hyperv_clocksource\r\n[    0.673496] AppArmor: AppArmor Filesystem Enabled\r\n[    0.685518] pnp: PnP ACPI init\r\n[    0.696040] system 00:06: [io  0x01e0-0x01ef] has been reserved\r\n[    0.710564] system 00:06: [io  0x0160-0x016f] has been reserved\r\n[    0.725001] system 00:06: [io  0x0278-0x027f] has been reserved\r\n[    0.741259] system 00:06: [io  0x0378-0x037f] has been reserved\r\n[    0.756091] system 00:06: [io  0x0678-0x067f] has been reserved\r\n[    0.771477] system 00:06: [io  0x0778-0x077f] has been reserved\r\n[    0.785718] system 00:06: [io  0x04d0-0x04d1] has been reserved\r\n[    0.800767] system 00:07: [io  0x0400-0x043f] has been reserved\r\n[    0.815636] system 00:07: [io  0x0370-0x0371] has been reserved\r\n[    0.830008] system 00:07: [io  0x0440-0x044f] has been reserved\r\n[    0.844866] system 00:07: [mem 0xfec00000-0xfec00fff] could not be reserved\r\n[    0.862369] system 00:07: [mem 0xfee00000-0xfee00fff] has been reserved\r\n[    0.878540] system 00:08: [mem 0x00000000-0x0009ffff] could not be reserved\r\n[    0.894954] system 00:08: [mem 0x000c0000-0x000dffff] could not be reserved\r\n[    0.911520] system 00:08: [mem 0x000e0000-0x000fffff] could not be reserved\r\n[    0.927940] system 00:08: [mem 0x00100000-0x1fffffff] could not be reserved\r\n[    0.944614] system 00:08: [mem 0xfffc0000-0xffffffff] has been reserved\r\n[    0.960813] pnp: PnP ACPI: found 9 devices\r\n[    0.976970] clocksource: acpi_pm: mask: 0xffffff max_cycles: 0xffffff, max_idle_ns: 2085701024 ns\r\n[    0.997784] NET: Registered protocol family 2\r\n[    1.009117] TCP established hash table entries: 32768 (order: 6, 262144 bytes)\r\n[    1.026221] TCP bind hash table entries: 32768 (order: 7, 524288 bytes)\r\n[    1.042169] TCP: Hash tables configured (established 32768 bind 32768)\r\n[    1.057748] UDP hash table entries: 2048 (order: 4, 65536 bytes)\r\n[    1.072491] UDP-Lite hash table entries: 2048 (order: 4, 65536 bytes)\r\n[    1.088124] NET: Registered protocol family 1\r\n[    1.100079] pci 0000:00:00.0: Limiting direct PCI/PCI transfers\r\n[    1.127364] Trying to unpack rootfs image as initramfs...\r\n[    1.712538] Freeing initrd memory: 30480K (ffff88001d9ee000 - ffff88001f7b2000)\r\n[    1.733073] PCI-DMA: Using software bounce buffering for IO (SWIOTLB)\r\n[    1.751031] software IO TLB [mem 0x199ee000-0x1d9ee000] (64MB) mapped at [ffff8800199ee000-ffff88001d9edfff]\r\n[    1.775879] clocksource: tsc: mask: 0xffffffffffffffff max_cycles: 0x228386036a0, max_idle_ns: 440795290004 ns\r\n[    1.799216] RAPL PMU detected, API unit is 2^-32 Joules, 3 fixed counters 10737418240 ms ovfl timer\r\n[    1.820137] hw unit of domain pp0-core 2^-0 Joules\r\n[    1.832219] hw unit of domain package 2^-0 Joules\r\n[    1.844088] hw unit of domain dram 2^-16 Joules\r\n[    1.855705] microcode: CPU0 sig=0x306f2, pf=0x1, revision=0xffffffff\r\n[    1.871330] microcode: Microcode Update Driver: v2.00 <tigran@aivazian.fsnet.co.uk>, Peter Oruba\r\n[    1.892056] Scanning for low memory corruption every 60 seconds\r\n[    1.907536] futex hash table entries: 16384 (order: 8, 1048576 bytes)\r\n[    1.923290] Initialise system trusted keyring\r\n[    1.934526] audit: initializing netlink subsys (disabled)\r\n[    1.947838] audit: type=2000 audit(1471267980.944:1): initialized\r\n[    1.963006] HugeTLB registered 2 MB page size, pre-allocated 0 pages\r\n[    1.979731] zpool: loaded\r\n[    1.987433] zbud: loaded\r\n[    1.994946] VFS: Disk quotas dquot_6.6.0\r\n[    2.005226] VFS: Dquot-cache hash table entries: 512 (order 0, 4096 bytes)\r\n[    2.022395] fuse init (API version 7.23)\r\n[    2.032800] Key type big_key registered\r\n[    2.042889] Key type asymmetric registered\r\n[    2.053474] Asymmetric key parser 'x509' registered\r\n[    2.065681] Block layer SCSI generic (bsg) driver version 0.4 loaded (major 249)\r\n[    2.083212] io scheduler noop registered\r\n[    2.093487] io scheduler deadline registered (default)\r\n[    2.106281] io scheduler cfq registered\r\n[    2.116326] pci_hotplug: PCI Hot Plug PCI Core version: 0.5\r\n[    2.130016] pciehp: PCI Express Hot Plug Controller Driver version: 0.4\r\n[    2.145943] input: Power Button as /devices/LNXSYSTM:00/LNXPWRBN:00/input/input0\r\n[    2.163537] ACPI: Power Button [PWRF]\r\n[    2.173319] GHES: HEST is not enabled!\r\n[    2.183304] Serial: 8250/16550 driver, 32 ports, IRQ sharing enabled\r\n[    2.249442] 00:03: ttyS0 at I/O 0x3f8 (irq = 4, base_baud = 115200) is a 16550A\r\n[    2.319096] 00:04: ttyS1 at I/O 0x2f8 (irq = 3, base_baud = 115200) is a 16550A\r\n[    2.337516] Linux agpgart interface v0.103\r\n[    2.350821] brd: module loaded\r\n[    2.360530] loop: module loaded\r\n[    2.369804] ata_piix 0000:00:07.1: Hyper-V Virtual Machine detected, ATA device ignore set\r\n[    2.391389] scsi host0: ata_piix\r\n[    2.400355] scsi host1: ata_piix\r\n[    2.409153] ata1: PATA max UDMA/33 cmd 0x1f0 ctl 0x3f6 bmdma 0xffa0 irq 14\r\n[    2.425478] ata2: PATA max UDMA/33 cmd 0x170 ctl 0x376 bmdma 0xffa8 irq 15\r\n[    2.443078] libphy: Fixed MDIO Bus: probed\r\n[    2.454635] tun: Universal TUN/TAP device driver, 1.6\r\n[    2.467528] tun: (C) 1999-2004 Max Krasnyansky <maxk@qualcomm.com>\r\n[    2.482481] PPP generic driver version 2.4.2\r\n[    2.493486] ehci_hcd: USB 2.0 'Enhanced' Host Controller (EHCI) Driver\r\n[    2.509067] ehci-pci: EHCI PCI platform driver\r\n[    2.520477] ehci-platform: EHCI generic platform driver\r\n[    2.533704] ohci_hcd: USB 1.1 'Open' Host Controller (OHCI) Driver\r\n[    2.548430] ohci-pci: OHCI PCI platform driver\r\n[    2.559893] ohci-platform: OHCI generic platform driver\r\n[    2.572698] uhci_hcd: USB Universal Host Controller Interface driver\r\n[    2.587939] i8042: PNP: PS/2 Controller [PNP0303:PS2K,PNP0f03:PS2M] at 0x60,0x64 irq 1,12\r\n[    2.610230] ata2.00: ATAPI: Virtual CD, , max MWDMA2\r\n[    2.628203] serio: i8042 KBD port at 0x60,0x64 irq 1\r\n[    2.641472] ata2.00: configured for MWDMA2\r\n[    2.652621] serio: i8042 AUX port at 0x60,0x64 irq 12\r\n[    2.666268] scsi 1:0:0:0: CD-ROM            Msft     Virtual CD/ROM   1.0  PQ: 0 ANSI: 5\r\n[    2.685614] mousedev: PS/2 mouse device common for all mice\r\n[    2.701817] sr 1:0:0:0: [sr0] scsi3-mmc drive: 0x/0x tray\r\n[    2.714829] cdrom: Uniform CD-ROM driver Revision: 3.20\r\n[    2.727833] rtc_cmos 00:00: RTC can wake from S4\r\n[    2.762381] input: AT Translated Set 2 keyboard as /devices/platform/i8042/serio0/input/input1\r\n[    2.782868] sr 1:0:0:0: Attached scsi generic sg0 type 5\r\n[    2.796948] rtc_cmos 00:00: rtc core: registered rtc_cmos as rtc0\r\n[    2.813456] rtc_cmos 00:00: alarms up to one month, 114 bytes nvram\r\n[    2.828480] i2c /dev entries driver\r\n[    2.837961] device-mapper: uevent: version 1.0.3\r\n[    2.849668] device-mapper: ioctl: 4.33.0-ioctl (2015-8-18) initialised: dm-devel@redhat.com\r\n[    2.869404] ledtrig-cpu: registered to indicate activity on CPUs\r\n[    2.884328] PCCT header not found.\r\n[    2.893920] NET: Registered protocol family 10\r\n[    2.905561] NET: Registered protocol family 17\r\n[    2.916873] Key type dns_resolver registered\r\n[    2.927852] Loading compiled-in X.509 certificates\r\n[    2.940852] Loaded X.509 cert 'Build time autogenerated kernel key: 9421ce78f7dd6932d7a71d3bab89bb036afa29eb'\r\n[    2.963436] registered taskstats version 1\r\n[    2.974034] zswap: loading zswap\r\n[    2.982661] zswap: using zbud pool\r\n[    2.991703] zswap: using lzo compressor\r\n[    3.003370] Key type trusted registered\r\n[    3.016316] Key type encrypted registered\r\n[    3.027057] AppArmor: AppArmor sha1 policy hashing enabled\r\n[    3.040778] ima: No TPM chip found, activating TPM-bypass!\r\n[    3.054331] evm: HMAC attrs: 0x1\r\n[    3.063600]   Magic number: 12:993:533\r\n[    3.073540] bdi 1:11: hash matches\r\n[    3.082609] tty ttyS13: hash matches\r\n[    3.092481] rtc_cmos 00:00: setting system clock to 2016-08-15 13:33:03 UTC (1471267983)\r\n[    3.112029] BIOS EDD facility v0.16 2004-Jun-25, 0 devices found\r\n[    3.139778] EDD information not available.\r\n[    3.155293] Freeing unused kernel memory: 1460K (ffffffff81d37000 - ffffffff81ea4000)\r\n[    3.174277] Write protecting the kernel read-only data: 12288k\r\n[    3.188689] Freeing unused kernel memory: 24K (ffff8800017fa000 - ffff880001800000)\r\n[    3.207179] Freeing unused kernel memory: 292K (ffff880001bb7000 - ffff880001c00000)\r\nLoading, please wait...\r\nstarting version 225\r\n[    3.248965] random: udevadm urandom read with 4 bits of entropy available\r\n[    3.323951] Floppy drive(s): fd0 is 1.44M\r\n[    3.356686] clocksource: hyperv_clocksource_tsc_page: mask: 0xffffffffffffffff max_cycles: 0x24e6a1710, max_idle_ns: 440795202120 ns\r\n[    3.464160] AVX2 version of gcm_enc/dec engaged.\r\n[    3.476045] AES CTR mode by8 optimization enabled\r\n[    3.505474] FDC 0 is an 82078.\r\n[    3.552429] clocksource: Switched to clocksource hyperv_clocksource_tsc_page\r\n[    3.571219] hv_vmbus: Hyper-V Host Build:9600-6.3-18-0.18190; Vmbus version:3.0\r\n[    3.593648] hv_vmbus: registering driver hv_storvsc\r\n[    3.610783] hv_utils: Registering HyperV Utility Driver\r\n[    3.624082] hv_vmbus: registering driver hv_util\r\n[    3.649727] hidraw: raw HID events driver (C) Jiri Kosina\r\n[    3.666977] hv_vmbus: registering driver hv_netvsc\r\n[    3.680524] hv_vmbus: registering driver hid_hyperv\r\n[    3.701965] scsi host2: storvsc_host_t\r\n[    3.724650] scsi 2:0:0:0: Direct-Access     Msft     Virtual Disk     1.0  PQ: 0 ANSI: 4\r\n[    3.744694] sd 2:0:0:0: Attached scsi generic sg1 type 0\r\n[    3.758235] sd 2:0:0:0: [sda] 61440000 512-byte logical blocks: (31.4 GB/29.2 GiB)\r\n[    3.776446] sd 2:0:0:0: [sda] 4096-byte physical blocks\r\n[    3.790048] sd 2:0:0:0: [sda] Write Protect is off\r\n[    3.802587] sd 2:0:0:0: [sda] Write cache: enabled, read cache: enabled, supports DPO and FUA\r\n[    3.823397] hv_netvsc: hv_netvsc channel opened successfully\r\n[    3.840019] psmouse serio1: trackpoint: failed to get extended button data\r\n[    3.859565]  sda: sda1\r\n[    3.867438] sd 2:0:0:0: [sda] Attached SCSI disk\r\n[    4.005688] hv_netvsc vmbus_14: Send section size: 6144, Section count:2560\r\n[    4.029483] hv_netvsc vmbus_14: Device MAC 00:0d:3a:13:98:95 link state up\r\n[    4.050659] input: Microsoft Vmbus HID-compliant Mouse as /devices/0006:045E:0621.0001/input/input4\r\n[    4.075318] hid 0006:045E:0621.0001: input: <UNKNOWN> HID v0.01 Mouse [Microsoft Vmbus HID-compliant Mouse] on \r\n[    4.113886] scsi host3: storvsc_host_t\r\n[    4.124290] scsi 3:0:1:0: Direct-Access     Msft     Virtual Disk     1.0  PQ: 0 ANSI: 4\r\n[    4.144735] sd 3:0:1:0: Attached scsi generic sg2 type 0\r\n[    4.159260] sd 3:0:1:0: [sdb] 14680064 512-byte logical blocks: (7.51 GB/7.00 GiB)\r\n[    4.177599] sd 3:0:1:0: [sdb] 4096-byte physical blocks\r\n[    4.193821] sd 3:0:1:0: [sdb] Write Protect is off\r\n[    4.207883] sd 3:0:1:0: [sdb] Write cache: enabled, read cache: enabled, supports DPO and FUA\r\n[    4.230298]  sdb: sdb1\r\n[    4.237779] scsi host4: storvsc_host_t\r\n[    4.248288] scsi 4:0:0:0: scsi scan: INQUIRY result too short (5), using 36\r\n[    4.265192] sd 3:0:1:0: [sdb] Attached SCSI disk\r\n[    4.278350] scsi 4:0:0:1: scsi scan: INQUIRY result too short (5), using 36\r\n[    4.295023] scsi 4:0:1:0: scsi scan: INQUIRY result too short (5), using 36\r\n[    4.323945] scsi 4:0:1:1: scsi scan: INQUIRY result too short (5), using 36\r\n[    4.340656] scsi host5: storvsc_host_t\r\n[    4.350633] scsi 4:1:0:0: scsi scan: INQUIRY result too short (5), using 36\r\n[    4.367796] scsi 5:0:0:0: scsi scan: INQUIRY result too short (5), using 36\r\n[    4.384610] scsi 4:1:0:1: scsi scan: INQUIRY result too short (5), using 36\r\n[    4.401365] scsi 5:0:0:1: scsi scan: INQUIRY result too short (5), using 36\r\n[    4.417778] scsi 4:1:1:0: scsi scan: INQUIRY result too short (5), using 36\r\n[    4.434459] scsi 5:0:1:0: scsi scan: INQUIRY result too short (5), using 36\r\n[    4.451562] scsi 4:1:1:1: scsi scan: INQUIRY result too short (5), using 36\r\n[    4.468427] scsi 5:0:1:1: scsi scan: INQUIRY result too short (5), using 36\r\n[    4.485438] scsi 4:2:0:0: scsi scan: INQUIRY result too short (5), using 36\r\n[    4.502520] scsi 5:1:0:0: scsi scan: INQUIRY result too short (5), using 36\r\n[    4.519285] scsi 4:2:0:1: scsi scan: INQUIRY result too short (5), using 36\r\n[    4.535865] scsi 5:1:0:1: scsi scan: INQUIRY result too short (5), using 36\r\n[    4.552461] scsi 4:2:1:0: scsi scan: INQUIRY result too short (5), using 36\r\n[    4.569274] scsi 5:1:1:0: scsi scan: INQUIRY result too short (5), using 36\r\n[    4.585992] scsi 5:1:1:1: scsi scan: INQUIRY result too short (5), using 36\r\n[    4.602755] scsi 4:2:1:1: scsi scan: INQUIRY result too short (5), using 36\r\n[    4.619522] scsi 5:2:0:0: scsi scan: INQUIRY result too short (5), using 36\r\n[    4.635937] scsi 4:3:0:0: scsi scan: INQUIRY result too short (5), using 36\r\n[    4.653256] scsi 5:2:0:1: scsi scan: INQUIRY result too short (5), using 36\r\n[    4.669952] scsi 4:3:0:1: scsi scan: INQUIRY result too short (5), using 36\r\n[    4.687191] scsi 5:2:1:0: scsi scan: INQUIRY result too short (5), using 36\r\n[    4.704410] scsi 4:3:1:0: scsi scan: INQUIRY result too short (5), using 36\r\n[    4.723281] scsi 5:2:1:1: scsi scan: INQUIRY result too short (5), using 36\r\n[    4.739775] scsi 4:3:1:1: scsi scan: INQUIRY result too short (5), using 36\r\n[    4.756700] scsi 5:3:0:0: scsi scan: INQUIRY result too short (5), using 36\r\n[    4.773186] scsi 4:4:0:0: scsi scan: INQUIRY result too short (5), using 36\r\n[    4.790419] scsi 5:3:0:1: scsi scan: INQUIRY result too short (5), using 36\r\n[    4.806890] scsi 4:4:0:1: scsi scan: INQUIRY result too short (5), using 36\r\n[    4.823845] scsi 5:3:1:0: scsi scan: INQUIRY result too short (5), using 36\r\n[    4.840332] scsi 4:4:1:0: scsi scan: INQUIRY result too short (5), using 36\r\n[    4.857397] scsi 5:3:1:1: scsi scan: INQUIRY result too short (5), using 36\r\n[    4.874258] scsi 4:4:1:1: scsi scan: INQUIRY result too short (5), using 36\r\n[    4.891194] scsi 5:4:0:0: scsi scan: INQUIRY result too short (5), using 36\r\n[    4.927844] scsi 4:5:0:0: scsi scan: INQUIRY result too short (5), using 36\r\n[    4.944305] scsi 5:4:0:1: scsi scan: INQUIRY result too short (5), using 36\r\n[    4.961249] scsi 4:5:0:1: scsi scan: INQUIRY result too short (5), using 36\r\n[    4.977851] scsi 5:4:1:0: scsi scan: INQUIRY result too short (5), using 36\r\n[    4.994453] scsi 4:5:1:0: scsi scan: INQUIRY result too short (5), using 36\r\n[    5.010976] scsi 5:4:1:1: scsi scan: INQUIRY result too short (5), using 36\r\n[    5.027329] scsi 4:5:1:1: scsi scan: INQUIRY result too short (5), using 36\r\n[    5.043874] scsi 5:5:0:0: scsi scan: INQUIRY result too short (5), using 36\r\n[    5.060377] scsi 4:6:0:0: scsi scan: INQUIRY result too short (5), using 36\r\n[    5.077067] scsi 5:5:0:1: scsi scan: INQUIRY result too short (5), using 36\r\n[    5.094017] scsi 4:6:0:1: scsi scan: INQUIRY result too short (5), using 36\r\n[    5.110592] scsi 5:5:1:0: scsi scan: INQUIRY result too short (5), using 36\r\n[    5.126919] scsi 4:6:1:0: scsi scan: INQUIRY result too short (5), using 36\r\n[    5.143679] scsi 5:5:1:1: scsi scan: INQUIRY result too short (5), using 36\r\n[    5.160176] scsi 4:6:1:1: scsi scan: INQUIRY result too short (5), using 36\r\n[    5.176738] scsi 5:6:0:0: scsi scan: INQUIRY result too short (5), using 36\r\n[    5.193679] scsi 4:7:0:0: scsi scan: INQUIRY result too short (5), using 36\r\n[    5.210376] scsi 5:6:0:1: scsi scan: INQUIRY result too short (5), using 36\r\n[    5.227142] scsi 4:7:0:1: scsi scan: INQUIRY result too short (5), using 36\r\n[    5.244060] scsi 5:6:1:0: scsi scan: INQUIRY result too short (5), using 36\r\n[    5.260759] scsi 4:7:1:0: scsi scan: INQUIRY result too short (5), using 36\r\n[    5.277337] scsi 5:6:1:1: scsi scan: INQUIRY result too short (5), using 36\r\n[    5.293957] scsi 4:7:1:1: scsi scan: INQUIRY result too short (5), using 36\r\n[    5.310729] scsi 5:7:0:0: scsi scan: INQUIRY result too short (5), using 36\r\n[    5.327479] scsi 5:7:0:1: scsi scan: INQUIRY result too short (5), using 36\r\n[    5.344030] scsi 5:7:1:0: scsi scan: INQUIRY result too short (5), using 36\r\n[    5.360458] scsi 5:7:1:1: scsi scan: INQUIRY result too short (5), using 36\r\nBegin: Loading essential drivers ... done.\r\r\nBegin: Running /scripts/init-premount ... done.\r\r\nBegin: Mounting root file system ... Begin: Running /scripts/local-top ... done.\r\r\nBegin: Running /scripts/local-premount ... done.\r\r\nBegin: Checking root file system ... fsck from util-linux 2.26.2\r\r\ncloudimg-rootfs: clean, 73595/244736 files, 351302/524032 blocks\r\r\ndone.\r\r\n[    7.017551] EXT4-fs (sda1): mounted filesystem with ordered data mode. Opts: (null)\r\ndone.\r\r\nBegin: Running /scripts/local-bottom ... done.\r\r\nBegin: Running /scripts/init-bottom ... Warning: overlayroot: debug is busted\r\r\ndone.\r\r\n[    7.869913] systemd[1]: Failed to insert module 'kdbus': Function not implemented\r\n[    7.960411] systemd[1]: systemd 225 running in system mode. (+PAM +AUDIT +SELINUX +IMA +APPARMOR +SMACK +SYSVINIT +UTMP +LIBCRYPTSETUP +GCRYPT +GNUTLS +ACL +XZ -LZ4 +SECCOMP +BLKID -ELFUTILS +KMOD -IDN)\r\n[    8.001825] systemd[1]: Detected virtualization microsoft.\r\n[    8.013751] systemd[1]: Detected architecture x86-64.\r\n\r\r\nWelcome to \u001b[1mUbuntu 15.10\u001b[0m!\r\r\n\r\r\n[    8.053215] systemd[1]: Set hostname to <ubuntu>.\r\n[    8.063989] random: nonblocking pool is initialized\r\n[    8.074975] systemd[1]: Initializing machine ID from random generator.\r\n[    8.089141] systemd[1]: Installed transient /etc/machine-id file.\r\netc-machine\\x2did.mount[    8.445909] systemd[1]: sshd-keygen.service: Cannot add dependency job, ignoring: Unit sshd-keygen.service failed to load: No such file or directory.\r\n\r\r\n-.mount\r\r\n[    8.487616] systemd[1]: sshd-keygen.service: Cannot add dependency job, ignoring: Unit sshd-keygen.service failed to load: No such file or directory.\r\n[    8.515873] systemd[1]: display-manager.service: Cannot add dependency job, ignoring: Unit display-manager.service failed to load: No such file or directory.\r\n[    8.546606] systemd[1]: Started Forward Password Requests to Wall Directory Watch.\r\n[\u001b[32m  OK  \u001b[0m[    8.568161] systemd[1]: Created slice Root Slice.\r\n] Started Forward Password Requests to Wall Directory Watch.\r\r\n[    8.589054] systemd[1]: Listening on Journal Audit Socket.\r\n[\u001b[32m  OK  \u001b[0m] Created slice Root Slice.\r\r\n[\u001b[32m  OK  \u001b[0m[    8.614329] systemd[1]: Created slice System Slice.\r\n] Listening on Journal Audit Socket.\r\r\n[\u001b[32m  OK  \u001b[0m[    8.637191] systemd[1]: Reached target User and Group Name Lookups.\r\n] Created slice System Slice.\r\r\n[\u001b[32m  OK  \u001b[0m[    8.661702] systemd[1]: Listening on Journal Socket.\r\n] Reached target User and Group Name Lookups.\r\r\n[[    8.683482] systemd[1]: Starting Remount Root and Kernel File Systems...\r\n\u001b[32m  OK  \u001b[0m] Listening on Journal Socket.\r\r\n         Starting Remount Root and Kernel File Systems...[    8.717917] systemd[1]: Mounting Debug File System...\r\n\r\r\n        
[    8.737601] systemd[1]: Starting Uncomplicated firewall...\r\n[    8.750568] psmouse serio1: trackpoint: IBM TrackPoint firmware: 0x01, buttons: 0/0\r\nMounting Debug File System...\r[    8.773922] EXT4-fs (sda1): re-mounted. Opts: discard\r\n\r\n[    8.789522] systemd[1]: Mounting POSIX Message Queue File System...\r\n[    8.803567] input: TPPS/2 IBM TrackPoint as /devices/platform/i8042/serio1/input/input3\r\n[    8.823601] systemd[1]: Mounting Huge Pages File System...\r\n         Starting Uncomplicated firewall...\r\r\n         Mounting POSIX Message Queue File System...\r\r\n         Mounting Huge Pages File System...\r[    8.863458] systemd[1]: Starting Load Kernel Modules...\r\n\r\n         Starting Load Kernel Modules...[    8.890707] systemd[1]: Created slice system-getty.slice.\r\n\r\r\n[\u001b[32m  OK  \u001b[0m[    8.911047] systemd[1]: Set up automount Arbitrary Executable File Formats File System Automount Point.\r\n] Created slice system-getty.slice.\r\r\n[\u001b[32m  OK  \u001b[0m] Set up automount Arbitrary Executab...ats File System Automount Point.\r\r\n[    8.957854] systemd[1]: Starting Setup Virtual Console...\r\n         Starting Setup Virtual Console...[    8.979598] systemd[1]: Created slice User and Session Slice.\r\n\r\r\n[\u001b[32m  OK  \u001b[0m[    9.000767] systemd[1]: Reached target Slices.\r\n] Created slice User and Session Slice.\r\r\n[[    9.020422] systemd[1]: Listening on udev Kernel Socket.\r\n\u001b[32m  OK  \u001b[0m] Reached target Slices.\r\r\n[\u001b[32m  OK  \u001b[0m[    9.046053] systemd[1]: Reached target Encrypted Volumes.\r\n] Listening on udev Kernel Socket.\r\r\n[\u001b[32m  OK  \u001b[0m[    9.080156] systemd[1]: Listening on udev Control Socket.\r\n] Reached target Encrypted Volumes.\r\r\n[\u001b[32m  OK  \u001b[0m[    9.107266] systemd[1]: Reached target Swap.\r\n] Listening on udev Control Socket.\r\r\n[\u001b[32m  OK  \u001b[0m[    9.135099] systemd[1]: Created slice system-serial\\x2dgetty.slice.\r\n] Reached target Swap.\r\r\n[\u001b[32m  OK  \u001b[0m[    9.162090] systemd[1]: Listening on /dev/initctl Compatibility Named Pipe.\r\n] Created slice system-serial\\x2dgetty.slice.\r\r\n[\u001b[32m  OK  \u001b[0m[    9.190750] systemd[1]: Listening on Journal Socket (/dev/log).\r\n] Listening on /dev/initctl Compatibility Named Pipe.\r\r\n[\u001b[32m  OK  \u001b[0m[    9.219247] systemd[1]: Starting Create list of required static device nodes for the current kernel...\r\n] Listening on Journal Socket (/dev/log).\r\r\n         Starting Create list of required st... nodes for the current kernel...[    9.262060] systemd[1]: Reached target Remote File Systems (Pre).\r\n\r\r\n[[    9.280851] systemd[1]: Starting udev Coldplug all Devices...\r\n\u001b[32m  OK  \u001b[0m] Reached target Remote File Systems (Pre).\r\r\n        
[    9.309290] systemd[1]: Starting Increase datagram queue length...\r\nStarting udev Coldplug all Devices...\r\r\n         Starting Increase datagram queue length...[    9.342876] systemd[1]: Mounted Debug File System.\r\n\r\r\n[\u001b[32m  OK  \u001b[0m[    9.368137] systemd[1]: Mounted POSIX Message Queue File System.\r\n] Mounted Debug File System.\r\r\nsys-kernel-debug.mount\r\r\n[    9.398826] systemd[1]: Mounted Huge Pages File System.\r\n[\u001b[32m  OK  \u001b[0m] Mounted POSIX Message Queue File System.\r\r\ndev-mqueue.mount\r[    9.425225] systemd[1]: Started Remount Root and Kernel File Systems.\r\n\r\n[\u001b[32m  OK  \u001b[0m] Mounted Huge Pages File System.\r\r\ndev-hugepages.mount\r\r\n[    9.457595] systemd[1]: Started Uncomplicated firewall.\r\n[\u001b[32m  OK  \u001b[0m] Started Remount Root and Kernel File Systems.\r\r\nsystemd-remount-fs.service[    9.487515] systemd[1]: Started Load Kernel Modules.\r\n\r\r\n[\u001b[32m  OK  \u001b[0m] Started Uncomplicated firewall.\r[    9.510782] systemd[1]: Started Setup Virtual Console.\r\n\r\n[\u001b[32m  OK  \u001b[0m] Started Load Kernel Modules.\r\r\nufw.service[    9.537102] systemd[1]: Started Create list of required static device nodes for the current kernel.\r\n\r\r\n[\u001b[32m  OK  \u001b[0m] Started Setup Virtual Console.\r\r\nsystemd-modules-load.service\r\r\nsystemd-vconsole-setup.service[    9.584820] systemd[1]: Started Increase datagram queue length.\r\n\r\r\n[\u001b[32m  OK  \u001b[0m] Started Create list of required sta...ce nodes for the current kernel.\r[    9.623161] systemd[1]: Time has been changed\r\n\r\n[\u001b[32m  OK  \u001b[0m] Started Increase datagram queue length.\r\r\nkmod-static-nodes.service\r\r\nsystemd-setup-dgram-qlen.service[    9.698535] systemd[1]: Listening on Syslog Socket.\r\n\r\r\n[\u001b[32m  OK  \u001b[0m[    9.721712] systemd[1]: Starting Journal Service...\r\n] Listening on Syslog Socket.\r\r\n         Starting Journal Service...[    9.747810] systemd[1]: Starting Create Static Device Nodes in /dev...\r\n\r\r\n         Starting Create Static Device Nodes in /dev...[    9.778088] systemd[1]: Starting Apply Kernel Variables...\r\n\r\r\n         Starting Apply Kernel Variables...[    9.804167] systemd[1]: Mounting FUSE Control File System...\r\n\r\r\n         Mounting FUSE Control File System...[    9.831937] systemd[1]: Starting Ensure /etc/mtab is a symlink to /proc/mounts...\r\n\r\r\n         Starting Ensure /etc/mtab is a symlink to /proc/mounts...[    9.868912] systemd[1]: Starting Load/Save Random Seed...\r\n\r\r\n         Starting Load/Save Random Seed...\r\r\n[\u001b[32m  OK  \u001b[0m] Mounted FUSE Control File System.\r\r\n[\u001b[32m  OK  \u001b[0m] Started Journal Service.\r\r\n[\u001b[32m  OK  \u001b[0m] Started udev Coldplug all Devices.\r\r\n[\u001b[32m  OK  \u001b[0m] Started Apply Kernel Variables.\r\r\n[\u001b[32m  OK  \u001b[0m] Started Ensure /etc/mtab is a symlink to /proc/mounts.\r\r\n         Starting Flush Journal to Persistent Storage...\r\r\n[\u001b[32m  OK  \u001b[0m] Started Load/Save Random Seed.\r\r\nsys-fs-fuse-connections.mount\r\r\n[\u001b[32m  OK  \u001b[0m] Started Create Static Device Nodes in /dev.\r\r\n         Starting udev Kernel Device Manager...\r\r\nsystemd-journald.service\r\r\nsystemd-udev-trigger.service\r\r\nsystemd-sysctl.service\r\r\n[\u001b[32m  OK  \u001b[0m] Started Flush Journal to Persistent Storage.\r\r\ndebian-fixup.service\r\r\nsystemd-random-seed.service\r\r\nsystemd-tmpfiles-setup-dev.service\r\r\nsystemd-journal-flush.service\r\r\n[\u001b[32m  OK  \u001b[0m] Started udev Kernel Device Manager.\r\r\n[\u001b[32m  OK  \u001b[0m] Reached target Local File Systems (Pre).\r\r\n         Mounting /etc/network/interfaces.dynamic.d...\r\r\n[\u001b[32m  OK  \u001b[0m] Mounted /etc/network/interfaces.dynamic.d.\r\r\n[\u001b[32m  OK  \u001b[0m] Reached target Local File Systems.\r\r\n         Starting Create Volatile Files and Directories...\r\r\n         Starting Set console keymap...\r\r\n         Starting Commit a transient machine-id on disk...\r\r\n         Starting Tell Plymouth To Write Out Runtime Data...\r\r\n         Starting Clean up any mess left by 0dns-up...\r\r\n[\u001b[32m  OK  \u001b[0m] Reached target Remote File Systems.\r\r\n         Starting Wait for all \"auto\" /etc/n... up for network-online.target...\r\r\n         Starting LSB: AppArmor initialization...\r\r\nsystemd-udevd.service\r\r\n[\u001b[32m  OK  \u001b[0m] Started Commit a transient machine-id on disk.\r\r\n[\u001b[32m  OK  \u001b[0m] Started Create Volatile Files and Directories.\r\r\n         Starting Network Time Synchronization...\r\r\n         Starting Update UTMP about System Boot/Shutdown...\r\r\n[\u001b[32m  OK  \u001b[0m] Started Clean up any mess left by 0dns-up.\r\r\n         Starting Nameserver information manager...\r\r\n[\u001b[32m  OK  \u001b[0m] Started Nameserver information manager.\r\r\n[\u001b[32m  OK  \u001b[0m] Started Update UTMP about System Boot/Shutdown.\r\r\n[\u001b[32m  OK  \u001b[0m] Started Network Time Synchronization.\r\r\n[\u001b[32m  OK  \u001b[0m] Reached target System Time Synchronized.\r[   10.752436] piix4_smbus 0000:00:07.3: SMBus base address uninitialized - upgrade BIOS or use force_addr=0xaddr\r\n\r\n[\u001b[32m  OK  \u001b[0m] Started Set console keymap.\r\r\netc-network-interfaces.dynamic.d.mount\r\r\nsystemd-machine-id-commit.service\r\r\nsystemd-tmpfiles-setup.service\r\r\nresolvconf.service\r\r\nsystemd-update-utmp.service\r\r\n[\u001b[32m  OK  \u001b[0m] Started Tell Plymouth To Write Out Runtime Data.\r\r\nsystemd-timesyncd.service\r\r\n[\u001b[32m  OK  \u001b[0m] Found device /dev/ttyS0.\r\r\n[\u001b[32m  OK  \u001b[0m] Created slice system-ifup.slice.\r\r\n[\u001b[32m  OK  \u001b[0m] Found device /sys/subsystem/net/devices/eth0.\r\r\n[   11.181452] intel_rapl: no valid rapl domains found in package 0\r\n[\u001b[32m  OK  \u001b[0m] Started LSB: AppArmor initialization.\r\r\n         Starting LSB: Raise network interfaces....\r\r\n[\u001b[32m  OK  \u001b[0m] Started ifup for eth0.\r\r\napparmor.service\r\r\nifup@eth0.service\r\r\n[\u001b[32m  OK  \u001b[0m] Started LSB: Raise network interfaces..\r\r\n[\u001b[32m  OK  \u001b[0m] Reached target Network.\r\r\n[\u001b[32m  OK  \u001b[0m] Reached target System Initialization.\r\r\n         Starting Seed the pseudo random number generator on first boot...\r\r\n[\u001b[32m  OK  \u001b[0m] Started Trigger resolvconf update for networkd DNS.\r\r\n[\u001b[32m  OK  \u001b[0m] Reached target Paths.\r\r\n[\u001b[32m  OK  \u001b[0m] Started Daily Cleanup of Temporary Directories.\r\r\n[\u001b[32m  OK  \u001b[0m] Reached target Timers.\r\r\n[\u001b[32m  OK  \u001b[0m] Listening on ACPID Listen Socket.\r\r\n         Starting lxd-unix.socket.\r\r\n[\u001b[32m  OK  \u001b[0m] Listening on UUID daemon activation socket.\r\r\n[\u001b[32m  OK  \u001b[0m] Listening on D-Bus System Message Bus Socket.\r\r\n[\u001b[32m  OK  \u001b[0m] Listening on lxd-unix.socket.\r\r\n[\u001b[32m  OK  \u001b[0m] Reached target Sockets.\r\r\n[\u001b[32m  OK  \u001b[0m] Reached target Basic System.\r\r\n         Starting Thermal Daemon Service...\r\r\n         Starting Login Service...\r\r\n         Starting LSB: Starts the Micro Name Service Cache Daemon...\r\r\n         Starting Restore /etc/resolv.conf i...e the ppp link was shut down....\r\r\n[\u001b[32m  OK  \u001b[0m] Started Hyper-V File Copy Protocol Daemon.\r\r\n[\u001b[32m  OK  \u001b[0m] Started Cgroup management daemon.\r\r\n         Starting Accounts Service...\r\r\n[\u001b[32m  OK  \u001b[0m] Started FUSE filesystem for LXC.\r\r\n         Starting LSB: Record successful boot for GRUB...\r\r\n[\u001b[32m  OK  \u001b[0m] Started Regular background program processing daemon.\r\r\n[\u001b[32m  OK  \u001b[0m] Started Hyper-V KVP Protocol Daemon.\r\r\n[\u001b[32m  OK  \u001b[0m] Started Hyper-V VSS Protocol Daemon.\r\r\n         Starting LSB: Set the CPU Frequency Scaling governor to \"ondemand\"...\r\r\n         Starting LSB: daemon to balance interrupts for SMP systems...\r\r\n[\u001b[32m  OK  \u001b[0m] Started D-Bus System Message Bus.\r\r\nnetworking.service\r\r\nhv-fcopy-daemon.service\r\r\ncgmanager.service\r\r\n[\u001b[32m  OK  \u001b[0m] Started Deferred execution scheduler.\r\r\n         Starting Initial cloud-init job (pre-networking)...\r\r\n         Starting LSB: automatic crash report generation...\r\r\n         Starting System Logging Service...\r\r\n[\u001b[32m  OK  \u001b[0m] Started Wait for all \"auto\" /etc/ne...be up for network-online.target.\r\r\n[\u001b[32m  OK  \u001b[0m] Started LSB: Starts the Micro Name Service Cache Daemon.\r\r\n[\u001b[32m  OK  \u001b[0m] Started Restore /etc/resolv.conf if...ore the ppp link was shut down..\r\r\n[\u001b[32m  OK  \u001b[0m] Started LSB: Record successful boot for GRUB.\r\r\n[\u001b[32m  OK  \u001b[0m] Started LSB: Set the CPU Frequency Scaling governor to \"ondemand\".\r\r\n[\u001b[32m  OK  \u001b[0m] Started LSB: daemon to balance interrupts for SMP systems.\r\r\n[\u001b[32m  OK  \u001b[0m] Started LSB: automatic crash report generation.\r\r\n[\u001b[32m  OK  \u001b[0m] Started Login Service.\r\r\n[\u001b[32m  OK  \u001b[0m] Reached target Network is Online.\r\r\n         Starting /etc/rc.local Compatibility...\r\r\n         Starting LXC network bridge setup...\r\r\n[\u001b[32m  OK  \u001b[0m] Started /etc/rc.local Compatibility.\r\r\nlxcfs.service\r\r\n[\u001b[32m  OK  \u001b[0m] Started Thermal Daemon Service.\r\r\n         Starting Authenticate and Authorize Users to Run Privileged Tasks...\r\r\ncron.service\r\r\n[\u001b[32m  OK  \u001b[0m] Started Authenticate and Authorize Users to Run Privileged Tasks.\r\r\n[\u001b[32m  OK  \u001b[0m] Started Accounts Service.\r\r\n[\u001b[32m  OK  \u001b[0m] Started System Logging Service.\r\r\nhv-kvp-daemon.service\r\r\nhv-vss-daemon.service\r\r\ndbus.service\r\r\natd.service\r\r\nvar-lib-lxcfs.mount\r\r\nrun-cgmanager-fs.mount\r\r\nifup-wait-all-auto.service\r\r\nunscd.service\r\r\ngrub-common.service\r\r\nondemand.service\r\r\nirqbalance.service\r\r\napport.service\r\r\nsystemd-logind.service\r\r\nrc-local.service\r\r\nthermald.service\r\r\npolkitd.service\r\r\naccounts-daemon.service\r\r\nrsyslog.service\r\r\n[\u001b[32m  OK  \u001b[0m] Started LXC network bridge setup.\r\r\n         Starting LXC Container Initialization and Autoboot Code...\r\r\nlxc-net.service\r\r\n[\u001b[32m  OK  \u001b[0m] Started LXC Container Initialization and Autoboot Code.\r\r\n         Starting Container hypervisor based on LXC - boot time check...\r\r\nlxc.service\r\r\n[\u001b[32m  OK  \u001b[0m] Started Container hypervisor based on LXC - boot time check.\r\r\n[\u001b[32m  OK  \u001b[0m] Started Seed the pseudo random number generator on first boot.\r\r\n[   15.854535] cloud-init[744]: Cloud-init v. 0.7.7 running 'init-local' at Mon, 15 Aug 2016 13:33:16 +0000. Up 15.70 seconds.\r\r\n[\u001b[32m  OK  \u001b[0m] Started Initial cloud-init job (pre-networking).\r\r\n         Starting Initial cloud-init job (metadata service crawler)...\r\r\ncloud-init-local.service\r\r\n[   16.468187] blk_update_request: I/O error, dev fd0, sector 0\r\n[   16.520146] blk_update_request: I/O error, dev fd0, sector 0\r\ntmp-tmppt2rb0r8.mount\r\r\n[   16.656997] cloud-init[950]: + i=eth0\r\r\n[   16.660596] cloud-init[950]: + x=0\r\r\n[   16.665100] cloud-init[950]: + ifdown eth0\r\r\n[   16.696273] cloud-init[950]: Killed old client process\r\r\n[   17.697139] cloud-init[950]: Internet Systems Consortium DHCP Client 4.3.1\r\r\n[   17.697794] cloud-init[950]: Copyright 2004-2014 Internet Systems Consortium.\r\r\n[   17.698365] cloud-init[950]: All rights reserved.\r\r\n[   17.714159] cloud-init[950]: For info, please visit https://www.isc.org/software/dhcp/\r\r\n[   17.717432] cloud-init[950]: Listening on LPF/eth0/00:0d:3a:13:98:95\r\r\n[   17.718016] cloud-init[950]: Sending on   LPF/eth0/00:0d:3a:13:98:95\r\r\n[   17.718568] cloud-init[950]: Sending on   Socket/fallback\r\r\n[   17.804401] cloud-init[950]: DHCPRELEASE on eth0 to 168.63.129.16 port 67 (xid=0x153b4a88)\r\r\n[   17.854613] cloud-init[950]: + ifup eth0\r\r\n[   17.877341] cloud-init[950]: Internet Systems Consortium DHCP Client 4.3.1\r\r\n[   17.883315] cloud-init[950]: Copyright 2004-2014 Internet Systems Consortium.\r\r\n[   17.883831] cloud-init[950]: All rights reserved.\r\r\n[   17.884389] cloud-init[950]: For info, please visit https://www.isc.org/software/dhcp/\r\r\n[   17.898959] cloud-init[950]: Listening on LPF/eth0/00:0d:3a:13:98:95\r\r\n[   17.899472] cloud-init[950]: Sending on   LPF/eth0/00:0d:3a:13:98:95\r\r\n[   17.899989] cloud-init[950]: Sending on   Socket/fallback\r\r\n[   17.911882] cloud-init[950]: DHCPDISCOVER on eth0 to 255.255.255.255 port 67 interval 3 (xid=0x99cdfb75)\r\r\n[   17.934063] cloud-init[950]: DHCPREQUEST of 10.0.0.4 on eth0 to 255.255.255.255 port 67 (xid=0x75fbcd99)\r\r\n[   17.934330] cloud-init[950]: DHCPOFFER of 10.0.0.4 from 168.63.129.16\r\r\n[   17.949651] cloud-init[950]: DHCPACK of 10.0.0.4 from 168.63.129.16\r\r\n[   18.036994] cloud-init[950]: bound to 10.0.0.4 -- renewal in 4294967295 seconds.\r\r\n[   18.064147] cloud-init[950]: + exit 0\r\r\n[\u001b[32m  OK  \u001b[0m] Started Azure Linux Agent.\r\r\nwalinuxagent.service\r\r\n2016/08/15 13:33:19.706947 INFO Azure Linux Agent Version:2.1.2\r\r\n2016/08/15 13:33:19.718740 INFO OS: ubuntu 15.10\r\r\n2016/08/15 13:33:19.718969 INFO Python: 3.4.3\r\r\n2016/08/15 13:33:19.719206 INFO Send dhcp request\r\r\n2016/08/15 13:33:19.773238 INFO Wire server endpoint:168.63.129.16\r\r\n2016/08/15 13:33:19.773466 INFO Gateway:10.0.0.1\r\r\n2016/08/15 13:33:19.773647 INFO Routes:None\r\r\n2016/08/15 13:33:19.784185 INFO Configure routes\r\r\n2016/08/15 13:33:19.786196 INFO Detect default protocol.\r\r\n2016/08/15 13:33:19.884772 INFO Fabric preferred wire protocol version:2015-04-05\r\r\n2016/08/15 13:33:19.897787 INFO Wire protocol version:2012-11-30\r\r\n2016/08/15 13:33:19.898000 WARNING Server prefered version:2015-04-05\r\r\n2016/08/15 13:33:19.898189 INFO Last request issued less than 1 second ago\r\r\n2016/08/15 13:33:19.898356 INFO Sleep 1 second to avoid throttling.\r\r\n2016/08/15 13:33:20.906629 INFO Sleep 1 second to avoid throttling.\r\r\n2016/08/15 13:33:21.929492 INFO Last request issued less than 1 second ago\r\r\n2016/08/15 13:33:21.944606 INFO Sleep 1 second to avoid throttling.\r\r\n2016/08/15 13:33:22.984740 INFO Sleep 1 second to avoid throttling.\r\r\n[   22.408125] blk_update_request: I/O error, dev fd0, sector 0\r\n[   22.456119] blk_update_request: I/O error, dev fd0, sector 0\r\ntmp-tmpvfe1mryn.mount\r\r\n2016/08/15 13:33:24.002291 INFO Protocol V1 found.\r\r\n2016/08/15 13:33:24.010514 INFO Protocol V2 found.\r\r\n2016/08/15 13:33:24.011633 INFO run Ubuntu provision handler\r\r\n2016/08/15 13:33:24.013156 INFO Waiting cloud-init to finish provisioning.\r\r\n2016/08/15 13:33:24.013647 INFO Wait for ssh host key to be generated.\r\r\n2016/08/15 13:33:24.018092 INFO Wait for ssh host key be generated: /etc/ssh/ssh_host_rsa_key\r\r\n2016/08/15 13:33:24.029771 INFO Event: name=WALA, op=HeartBeat, message=\r\r\n[   24.354983] cloud-init[950]: Cloud-init v. 0.7.7 running 'init' at Mon, 15 Aug 2016 13:33:17 +0000. Up 16.26 seconds.\r\r\n[   24.362187] cloud-init[950]: ci-info: ++++++++++++++++++++++++++++++++++++++Net device info+++++++++++++++++++++++++++++++++++++++\r\r\n[   24.362428] cloud-init[950]: ci-info: +--------+------+------------------------------+---------------+-------+-------------------+\r\r\n[   24.362653] cloud-init[950]: ci-info: | Device |  Up  |           Address            |      Mask     | Scope |     Hw-Address    |\r\r\n[   24.362876] cloud-init[950]: ci-info: +--------+------+------------------------------+---------------+-------+-------------------+\r\r\n[   24.363109] cloud-init[950]: ci-info: |  eth0  | True |           10.0.0.4           | 255.255.255.0 |   .   | 00:0d:3a:13:98:95 |\r\r\n[   24.363368] cloud-init[950]: ci-info: |  eth0  | True | fe80::20d:3aff:fe13:9895/64  |       .       |  link | 00:0d:3a:13:98:95 |\r\r\n[   24.363586] cloud-init[950]: ci-info: |   lo   | True |          127.0.0.1           |   255.0.0.0   |   .   |         .         |\r\r\n[   24.363794] cloud-init[950]: ci-info: |   lo   | True |           ::1/128            |       .       |  host |         .         |\r\r\n[   24.364746] cloud-init[950]: ci-info: | lxcbr0 | True |           10.0.1.1           | 255.255.255.0 |   .   | e6:f7:cd:66:28:c5 |\r\r\n[   24.364978] cloud-init[950]: ci-info: | lxcbr0 | True | fe80::e4f7:cdff:fe66:28c5/64 |       .       |  link | e6:f7:cd:66:28:c5 |\r\r\n[   24.365198] cloud-init[950]: ci-info: +--------+------+------------------------------+---------------+-------+-------------------+\r\r\n[   24.365408] cloud-init[950]: ci-info: +++++++++++++++++++++++++++++Route IPv4 info++++++++++++++++++++++++++++++\r\r\n[   24.384193] cloud-init[950]: ci-info: +-------+---------------+----------+-----------------+-----------+-------+\r\r\n[   24.384419] cloud-init[950]: ci-info: | Route |  Destination  | Gateway  |     Genmask     | Interface | Flags |\r\r\n[   24.384633] cloud-init[950]: ci-info: +-------+---------------+----------+-----------------+-----------+-------+\r\r\n[   24.388027] cloud-init[950]: ci-info: |   0   |    0.0.0.0    | 10.0.0.1 |     0.0.0.0     |    eth0   |   UG  |\r\r\n[   24.388300] cloud-init[950]: ci-info: |   1   |    10.0.0.0   | 0.0.0.0  |  255.255.255.0  |    eth0   |   U   |\r\r\n[   24.388528] cloud-init[950]: ci-info: |   2   |    10.0.1.0   | 0.0.0.0  |  255.255.255.0  |   lxcbr0  |   U   |\r\r\n[   24.388746] cloud-init[950]: ci-info: |   3   | 168.63.129.16 | 10.0.0.1 | 255.255.255.255 |    eth0   |  UGH  |\r\r\n[   24.388983] cloud-init[950]: ci-info: +-------+---------------+----------+-----------------+-----------+-------+\r\r\n[   24.389204] cloud-init[950]: Generating public/private rsa key pair.\r\r\n[   24.389421] cloud-init[950]: Your identification has been saved in /etc/ssh/ssh_host_rsa_key.\r\r\n[   24.389631] cloud-init[950]: Your public key has been saved in /etc/ssh/ssh_host_rsa_key.pub.\r\r\n[   24.389844] cloud-init[950]: The key fingerprint is:\r\r\n[   24.390073] cloud-init[950]: SHA256:ohxUw7Ib6wuG371XgoPC1MHgfN4RdvUnguwa1RO0nX8 root@xplatvmStSp\r\r\n[   24.390283] cloud-init[950]: The key's randomart image is:\r\r\n[   24.390490] cloud-init[950]: +---[RSA 2048]----+\r\r\n[   24.390696] cloud-init[950]: |  .o .= .o+      |\r\r\n[   24.390913] cloud-init[950]: | o  +o.= o = .   |\r\r\n[   24.391122] cloud-init[950]: |  o.o+. + = = .  |\r\r\n[   24.391327] cloud-init[950]: |  .++. +   o +   |\r\r\n[   24.391532] cloud-init[950]: | o  o=+.S     . E|\r\r\n[   24.391739] cloud-init[950]: | .o.+oo+. .    . |\r\r\n[   24.391959] cloud-init[950]: |. ooo .. o       |\r\r\n[   24.396035] cloud-init[950]: | o o..  .        |\r\r\n[   24.396300] cloud-init[950]: |  . o.oo         |\r\r\n[   24.396527] cloud-init[950]: +----[SHA256]-----+\r\r\n[   24.396746] cloud-init[950]: Generating public/private dsa key pair.\r\r\n[   24.396978] cloud-init[950]: Your identification has been saved in /etc/ssh/ssh_host_dsa_key.\r\r\n[   24.397194] cloud-init[950]: Your public key has been saved in /etc/ssh/ssh_host_dsa_key.pub.\r\r\n[   24.397406] cloud-init[950]: The key fingerprint is:\r\r\n[   24.397616] cloud-init[950]: SHA256:0o8/7vMvmGHH9moEoNQMxaBWCDxztVyXSEqrnZbb2Ko root@xplatvmStSp\r\r\n[   24.397829] cloud-init[950]: The key's randomart image is:\r\r\n[   24.398053] cloud-init[950]: +---[DSA 1024]----+\r\r\n[   24.398266] cloud-init[950]: | ... o*O+...     |\r\r\n[   24.398473] cloud-init[950]: |  + o=.=*..      |\r\r\n[   24.398678] cloud-init[950]: |   +o.=. .       |\r\r\n[   24.398882] cloud-init[950]: |   . o.+  .      |\r\r\n[   24.399100] cloud-init[950]: |    . * S  o     |\r\r\n[   24.399305] cloud-init[950]: |     . * oo =    |\r\r\n[   24.399511] cloud-init[950]: |      o +..B .   |\r\r\n[   24.399718] cloud-init[950]: |       . .= o .  |\r\r\n[   24.399935] cloud-init[950]: |    E..  o+=o+.  |\r\r\n[   24.400179] cloud-init[950]: +----[SHA256]-----+\r\r\n[   24.400386] cloud-init[950]: Generating public/private ecdsa key pair.\r\r\n[   24.400592] cloud-init[950]: Your identification has been saved in /etc/ssh/ssh_host_ecdsa_key.\r\r\n[   24.400801] cloud-init[950]: Your public key has been saved in /etc/ssh/ssh_host_ecdsa_key.pub.\r\r\n[   24.430914] cloud-init[950]: The key fingerprint is:\r\r\n[   24.431221] cloud-init[950]: SHA256:m4THD+gNNAkpLgxFj8wcqGM5Rj6IWfkfTZDsStVOqxY root@xplatvmStSp\r\r\n[   24.431465] cloud-init[950]: The key's randomart image is:\r\r\n[   24.431690] cloud-init[950]: +---[ECDSA 256]---+\r\r\n[   24.431918] cloud-init[950]: | ++..o.+         |\r\r\n[   24.432171] cloud-init[950]: |o=++..+.+        |\r\r\n[   24.432442] cloud-init[950]: |O+*o.o+= .       |\r\r\n[   24.432651] cloud-init[950]: |BO. o.E=+        |\r\r\n[   24.432859] cloud-init[950]: |ooo. o++S        |\r\r\n[   24.433083] cloud-init[950]: |    ..+= =       |\r\r\n[   24.433290] cloud-init[950]: |     .. + .      |\r\r\n[   24.433495] cloud-init[950]: |                 |\r\r\n[   24.433688] cloud-init[950]: |                 |\r\r\n[   24.433914] cloud-init[950]: +----[SHA256]-----+\r\r\n[   24.434123] cloud-init[950]: Generating public/private ed25519 key pair.\r\r\n[   24.434328] cloud-init[950]: Your identification has been saved in /etc/ssh/ssh_host_ed25519_key.\r\r\n[   24.434535] cloud-init[950]: Your public key has been saved in /etc/ssh/ssh_host_ed25519_key.pub.\r\r\n[   24.436028] cloud-init[950]: The key fingerprint is:\r\r\n[   24.436281] cloud-init[950]: SHA256:gE4pVE/Aqd4KhW4zbkR3GlVU548mOS8DVyzExCzdfDg root@xplatvmStSp\r\r\n[   24.436507] cloud-init[950]: The key's randomart image is:\r\r\n[   24.436802] cloud-init[950]: +--[ED25519 256]--+\r\r\n[   24.437033] cloud-init[950]: |  .ooo+oB+o..    |\r\r\n[   24.437247] cloud-init[950]: | .  o* ..=+E .   |\r\r\n[   24.437456] cloud-init[950]: | ...= o .. +o    |\r\r\n[   24.440033] cloud-init[950]: |..o* . .  + o    |\r\r\n[   24.440294] cloud-init[950]: |oo..=  .S= o .   |\r\r\n[   24.440518] cloud-init[950]: |.*...   o =      |\r\r\n[   24.440737] cloud-init[950]: |+.o.     o .     |\r\r\n[   24.440961] cloud-init[950]: | o.       o      |\r\r\n[   24.441172] cloud-init[950]: |.                |\r\r\n[   24.441387] cloud-init[950]: +----[SHA256]-----+\r\r\n[\u001b[32m  OK  \u001b[0m] Started Initial cloud-init job (metadata service crawler).\r\r\n[\u001b[32m  OK  \u001b[0m] Started OpenBSD Secure Shell server.\r\r\n         Starting Permit User Sessions...\r\r\n[\u001b[32m  OK  \u001b[0m] Reached target Cloud-config availability.\r\r\n         Starting Apply the settings specified in cloud-config...\r\r\n[\u001b[32m  OK  \u001b[0m] Started Permit User Sessions.\r\r\n         Starting Terminate Plymouth Boot Screen...\r\r\n         Starting Wait for Plymuth Boot Screen to Quit...\r\r\ncloud-init.service\r\r\nssh.service\r\r\nsystemd-user-sessions.service\r\r\n2016/08/15 13:33:29.027979 INFO Finished provisioning\r\n2016/08/15 13:33:29.738381 INFO Last request issued less than 1 second ago\r\n2016/08/15 13:33:29.756711 INFO Sleep 1 second to avoid throttling.\r\n2016/08/15 13:33:30.774609 INFO Sleep 1 second to avoid throttling.\r\n2016/08/15 13:33:32.293242 INFO Start env monitor service.\r\n2016/08/15 13:33:32.342593 INFO Set block dev timeout: sda with timeout: 300\r\n2016/08/15 13:33:32.373066 INFO Set block dev timeout: sdb with timeout: 300\r\n[   31.178685] cloud-init[1229]: Generating locales...\r\n[   31.251975] cloud-init[1229]: en_US.UTF-8... up-to-date\r\n[   31.282376] cloud-init[1229]: Generation complete.\r\n\r\r\nUbuntu 15.10 xplatvmStSp ttyS0\r\n\r\nxplatvmStSp login:
[   32.533823] cloud-init[1229]: Cloud-init v. 0.7.7 running 'modules:config' at Mon, 15 Aug 2016 13:33:26 +0000. Up 25.11 seconds.\r\nci-info: ++Authorized keys from /home/azureuser/.ssh/authorized_keys for user azureuser+++\r\nci-info: +---------+-------------------------------------------------+---------+---------+\r\nci-info: | Keytype |                Fingerprint (md5)                | Options | Comment |\r\nci-info: +---------+-------------------------------------------------+---------+---------+\r\nci-info: | ssh-rsa | 8f:df:8f:18:ba:cd:cc:63:7c:1f:ea:ae:ba:09:40:65 |    -    |    -    |\r\nci-info: +---------+-------------------------------------------------+---------+---------+\r\n<14>Aug 15 13:33:34 ec2: \r\n<14>Aug 15 13:33:34 ec2: #############################################################\r\n<14>Aug 15 13:33:34 ec2: -----BEGIN SSH HOST KEY FINGERPRINTS-----\r\n<14>Aug 15 13:33:34 ec2: 1024 SHA256:0o8/7vMvmGHH9moEoNQMxaBWCDxztVyXSEqrnZbb2Ko root@xplatvmStSp (DSA)\r\n<14>Aug 15 13:33:34 ec2: 256 SHA256:m4THD+gNNAkpLgxFj8wcqGM5Rj6IWfkfTZDsStVOqxY root@xplatvmStSp (ECDSA)\r\n<14>Aug 15 13:33:34 ec2: 256 SHA256:gE4pVE/Aqd4KhW4zbkR3GlVU548mOS8DVyzExCzdfDg root@xplatvmStSp (ED25519)\r\n<14>Aug 15 13:33:34 ec2: 2048 SHA256:ohxUw7Ib6wuG371XgoPC1MHgfN4RdvUnguwa1RO0nX8 root@xplatvmStSp (RSA)\r\n<14>Aug 15 13:33:34 ec2: -----END SSH HOST KEY FINGERPRINTS-----\r\n<14>Aug 15 13:33:34 ec2: #############################################################\r\n-----BEGIN SSH HOST KEY KEYS-----\r\necdsa-sha2-nistp256 AAAAE2VjZHNhLXNoYTItbmlzdHAyNTYAAAAIbmlzdHAyNTYAAABBBNpCgvD9RKqcHLbNna/fC48T5T8BstqS7JrdcUBNzvO19qDGqig7vpUYIJ5ABGFsJqllqfgcmFUfH0dtsCokNDk= root@xplatvmStSp\r\nssh-ed25519 AAAAC3NzaC1lZDI1NTE5AAAAINr20VSvMDQzNPwyXMiHCy8fuZb3MaU9akKuwR/jpEAf root@xplatvmStSp\r\nssh-rsa AAAAB3NzaC1yc2EAAAADAQABAAABAQDjT+nOdGjmvgUqp/4M4DwPlDA6JX6uwS5eVCNSW9Nh5n8BXM7+fgz7YXhztBLspXBADOFpKfqAS249z+JeXzMcZcAGDAwek0r0olSDd8tR5ha4L4iFJdVjTWqOTQh70evutCt9/ZFJ34UGHYftVbU9M+B4hfOpctxiIb5xlClhrBjJKLWP4TkZEEB1a9AHJRYD3Dblt2fllw/tQpANRwI9VriWXPzqq2QSL15/fjV/S4+dpCtJo7WV/bBltyBqY1Oqnq5X9l7DMQ8uTjP3KuIo9iSLiCLJqyBv9n/y6GdgoOgMfwYIFYNq1u/Xp61eV/uWYNJoWNhEZVWsCkpYcb89 root@xplatvmStSp\r\n-----END SSH HOST KEY KEYS-----\r\n[   33.369454] cloud-init[1340]: Cloud-init v. 0.7.7 running 'modules:final' at Mon, 15 Aug 2016 13:33:34 +0000. Up 32.89 seconds.\r\n[   33.414517] cloud-init[1340]: Cloud-init v. 0.7.7 finished at Mon, 15 Aug 2016 13:33:34 +0000. Datasource DataSourceAzureNet [seed=/dev/sr0].  Up 33.35 seconds\r\n\u0000\u0000\u0000\u0000\u0000\u0000\u0000\u0000\u0000\u0000\u0000\u0000\u0000\u0000\u0000\u0000\u0000\u0000\u0000\u0000\u0000\u0000\u0000\u0000\u0000\u0000\u0000\u0000\u0000\u0000\u0000\u0000\u0000\u0000\u0000\u0000\u0000\u0000\u0000\u0000\u0000\u0000\u0000\u0000\u0000\u0000\u0000\u0000\u0000\u0000\u0000\u0000\u0000\u0000\u0000\u0000\u0000\u0000\u0000\u0000\u0000\u0000\u0000\u0000\u0000\u0000\u0000\u0000\u0000\u0000\u0000\u0000\u0000\u0000\u0000\u0000\u0000\u0000\u0000\u0000\u0000\u0000\u0000\u0000\u0000\u0000\u0000\u0000\u0000\u0000\u0000\u0000\u0000\u0000\u0000\u0000\u0000\u0000\u0000\u0000\u0000\u0000\u0000\u0000\u0000\u0000\u0000\u0000\u0000\u0000\u0000\u0000\u0000\u0000\u0000\u0000\u0000\u0000\u0000\u0000\u0000\u0000\u0000\u0000\u0000\u0000\u0000\u0000\u0000\u0000\u0000\u0000\u0000\u0000\u0000\u0000\u0000\u0000\u0000\u0000\u0000\u0000\u0000\u0000\u0000\u0000\u0000\u0000\u0000\u0000\u0000\u0000\u0000\u0000\u0000\u0000\u0000\u0000\u0000\u0000\u0000\u0000\u0000\u0000\u0000\u0000\u0000\u0000\u0000\u0000\u0000\u0000\u0000\u0000\u0000\u0000\u0000\u0000\u0000\u0000\u0000\u0000\u0000\u0000\u0000\u0000\u0000\u0000\u0000\u0000\u0000\u0000\u0000\u0000\u0000\u0000\u0000\u0000\u0000\u0000\u0000\u0000\u0000\u0000\u0000\u0000\u0000\u0000\u0000\u0000\u0000\u0000\u0000\u0000\u0000\u0000\u0000\u0000\u0000\u0000\u0000\u0000\u0000\u0000\u0000\u0000\u0000\u0000\u0000", { 'content-length': '60928',
  'content-type': 'text/plain',
  'last-modified': 'Mon, 15 Aug 2016 13:33:41 GMT',
  'accept-ranges': 'bytes',
  etag: '"0x8D3C510C5E58010"',
  server: 'Windows-Azure-Blob/1.0 Microsoft-HTTPAPI/2.0',
  'x-ms-request-id': '5eaf9fee-0001-0065-0df9-f655b9000000',
  'x-ms-version': '2015-04-05',
  'x-ms-write-protection': 'false',
  'x-ms-lease-status': 'unlocked',
  'x-ms-lease-state': 'available',
  'x-ms-blob-type': 'PageBlob',
  'x-ms-blob-sequence-number': '0',
  date: 'Mon, 15 Aug 2016 13:34:04 GMT' });
 return result; }]];
