// This file has been autogenerated.

var profile = require('../../../lib/util/profile');

exports.getMockedProfile = function () {
  var newProfile = new profile.Profile();

  newProfile.addSubscription(new profile.Subscription({
    id: 'e33f361b-53c2-4cc7-b829-78906708387b',
    name: 'Microsoft Azure Internal Consumption',
    user: {
      name: 'user@domain.example',
      type: 'servicePrincipal'
    },
    tenantId: '72f988bf-86f1-41af-91ab-2d7cd011db47',
    state: 'Enabled',
    registeredProviders: [],
    isDefault: true
  }, newProfile.environments['AzureCloud']));

  return newProfile;
};

exports.setEnvironment = function() {
  process.env['AZURE_VM_TEST_LOCATION'] = 'westus';
  process.env['SSHCERT'] = 'test/myCert.pem';
};

exports.scopes = [[function (nock) { 
var result = 
nock('http://management.azure.com:443')
  .get('/subscriptions/e33f361b-53c2-4cc7-b829-78906708387b/resourceGroups/xplatTestGVMStart/providers/Microsoft.Compute/virtualMachines/xplatvmStSp?$expand=instanceView&api-version=2015-06-15')
  .reply(200, "{\r\n  \"properties\": {\r\n    \"vmId\": \"f9fb195e-134a-437e-9448-512186b916eb\",\r\n    \"hardwareProfile\": {\r\n      \"vmSize\": \"Standard_A1\"\r\n    },\r\n    \"storageProfile\": {\r\n      \"imageReference\": {\r\n        \"publisher\": \"canonical\",\r\n        \"offer\": \"UbuntuServer\",\r\n        \"sku\": \"15.04\",\r\n        \"version\": \"15.04.201507070\"\r\n      },\r\n      \"osDisk\": {\r\n        \"osType\": \"Linux\",\r\n        \"name\": \"clia3e1356b425d4a10-os-1453413961494\",\r\n        \"createOption\": \"FromImage\",\r\n        \"vhd\": {\r\n          \"uri\": \"https://xplattstoragestsp5027.blob.core.windows.net/xplatteststoragecntstsp/clia3e1356b425d4a10-os-1453413961494.vhd\"\r\n        },\r\n        \"caching\": \"ReadWrite\"\r\n      },\r\n      \"dataDisks\": []\r\n    },\r\n    \"osProfile\": {\r\n      \"computerName\": \"xplatvmStSp\",\r\n      \"adminUsername\": \"azureuser\",\r\n      \"linuxConfiguration\": {\r\n        \"disablePasswordAuthentication\": false,\r\n        \"ssh\": {\r\n          \"publicKeys\": [\r\n            {\r\n              \"path\": \"/home/azureuser/.ssh/authorized_keys\",\r\n              \"keyData\": \"MIID/zCCAuegAwIBAgIJAMUAa+XVLvAeMA0GCSqGSIb3DQEBBQUAMIGVMQswCQYD\\r\\nVQQGEwJJbjESMBAGA1UECAwJS2FybmF0YWthMRIwEAYDVQQHDAlCYW5nYWxvcmUx\\r\\nEDAOBgNVBAoMB2JyaWxsaW8xEjAQBgNVBAsMCW1pY3Jvc29mdDEQMA4GA1UEAwwH\\r\\nYnJpbGxpbzEmMCQGCSqGSIb3DQEJARYXc3JlZWthbnRoYnNAeWFob28uY28uaW4w\\r\\nHhcNMTUwMzA1MTE1MzEyWhcNMTYwMzA0MTE1MzEyWjCBlTELMAkGA1UEBhMCSW4x\\r\\nEjAQBgNVBAgMCUthcm5hdGFrYTESMBAGA1UEBwwJQmFuZ2Fsb3JlMRAwDgYDVQQK\\r\\nDAdicmlsbGlvMRIwEAYDVQQLDAltaWNyb3NvZnQxEDAOBgNVBAMMB2JyaWxsaW8x\\r\\nJjAkBgkqhkiG9w0BCQEWF3NyZWVrYW50aGJzQHlhaG9vLmNvLmluMIIBIjANBgkq\\r\\nhkiG9w0BAQEFAAOCAQ8AMIIBCgKCAQEAyUNKaOuT0NK+S8Ck81zy9xJ6hXfZvAC6\\r\\nlhbmf/6s/WVimJ/TX5NMhQJwC9k6ZIF92KfYrojHNvHDufSZ3EtKUVwRFCDjmgMT\\r\\nDL09WkGaZt7gROYFK0iZ4KrYGovUwlwum9fHB24OJiOV4bi0ek62/rHx9fjYZpvp\\r\\naIH2PV/hN8SCZ0x7HJMberD4gVoU/Kv42nNvwjLUW6IZfVx/Gv5OeFDtWHfSvUEF\\r\\ndadHKTPn3Ab20Iu6gZIbLO9Vuf38/IpaYGfnFCouHdzmiTiLieYNe3CUPcOJNSv7\\r\\n1G8KYpx3uNJRkJPab5OsRyJw75Gvzkr9OgaPss9tVD6Gt68u3WQtVQIDAQABo1Aw\\r\\nTjAdBgNVHQ4EFgQUogvhXB+xZ2JJPfLO6cVs4ForzscwHwYDVR0jBBgwFoAUogvh\\r\\nXB+xZ2JJPfLO6cVs4ForzscwDAYDVR0TBAUwAwEB/zANBgkqhkiG9w0BAQUFAAOC\\r\\nAQEAdDj7qUNJ45xlF5cjd+4x5NHvAD1VTjOKu+Xh/uzSSjXqB2F0aOMWA9lx0qaQ\\r\\noJgHkGxj3zz/W7ik/cVGL2O+vRIOKv/y0OPogEmS3Hw+P+O6OGE7x1G6YN0zLVoL\\r\\nu4BN/BEYmjttxM9I7qqL7C5cJoE+K3s/w1/pt/68ohJcr7F9Ohi7cso62xuGY1Rm\\r\\nksAh2EUDsU9JV/P+C9AMpLSrb03JJYzVj4w1RHbrmw2AjFyGXdQYkggyXisg+Ifr\\r\\n5gbNN7HigpHf7b2i3CQBUqp9m23frh5AhnLI2qp3UXgc52U5ieLdi/t6j0TTZqqY\\r\\nHhHqofKrj938HHlBNpC5/LVh3w==\\r\\n\"\r\n            }\r\n          ]\r\n        }\r\n      },\r\n      \"secrets\": []\r\n    },\r\n    \"networkProfile\": {\"networkInterfaces\":[{\"properties\":{},\"id\":\"/subscriptions/e33f361b-53c2-4cc7-b829-78906708387b/resourceGroups/xplatTestGVMStart/providers/Microsoft.Network/networkInterfaces/xplattestnicStSp\"}]},\r\n    \"diagnosticsProfile\": {\r\n      \"bootDiagnostics\": {\r\n        \"enabled\": true,\r\n        \"storageUri\": \"https://xplattstoragestsp5027.blob.core.windows.net/\"\r\n      }\r\n    },\r\n    \"provisioningState\": \"Succeeded\",\r\n    \"instanceView\": {\r\n      \"vmAgent\": {\r\n        \"vmAgentVersion\": \"WALinuxAgent-2.0.13\",\r\n        \"statuses\": [\r\n          {\r\n            \"code\": \"ProvisioningState/succeeded\",\r\n            \"level\": \"Info\",\r\n            \"displayStatus\": \"Ready\",\r\n            \"message\": \"GuestAgent is running and accepting new configurations.\",\r\n            \"time\": \"2016-01-21T22:10:06+00:00\"\r\n          }\r\n        ],\r\n        \"extensionHandlers\": []\r\n      },\r\n      \"disks\": [\r\n        {\r\n          \"name\": \"clia3e1356b425d4a10-os-1453413961494\",\r\n          \"statuses\": [\r\n            {\r\n              \"code\": \"ProvisioningState/succeeded\",\r\n              \"level\": \"Info\",\r\n              \"displayStatus\": \"Provisioning succeeded\",\r\n              \"time\": \"2016-01-21T22:07:44.6510356+00:00\"\r\n            }\r\n          ]\r\n        }\r\n      ],\r\n      \"bootDiagnostics\": {\r\n        \"consoleScreenshotBlobUri\": \"https://xplattstoragestsp5027.blob.core.windows.net/bootdiagnostics-xplatvmst-f9fb195e-134a-437e-9448-512186b916eb/xplatvmStSp.f9fb195e-134a-437e-9448-512186b916eb.screenshot.bmp\",\r\n        \"serialConsoleLogBlobUri\": \"https://xplattstoragestsp5027.blob.core.windows.net/bootdiagnostics-xplatvmst-f9fb195e-134a-437e-9448-512186b916eb/xplatvmStSp.f9fb195e-134a-437e-9448-512186b916eb.serialconsole.log\"\r\n      },\r\n      \"statuses\": [\r\n        {\r\n          \"code\": \"ProvisioningState/succeeded\",\r\n          \"level\": \"Info\",\r\n          \"displayStatus\": \"Provisioning succeeded\",\r\n          \"time\": \"2016-01-21T22:09:46.7768191+00:00\"\r\n        },\r\n        {\r\n          \"code\": \"PowerState/running\",\r\n          \"level\": \"Info\",\r\n          \"displayStatus\": \"VM running\"\r\n        }\r\n      ]\r\n    }\r\n  },\r\n  \"id\": \"/subscriptions/e33f361b-53c2-4cc7-b829-78906708387b/resourceGroups/xplatTestGVMStart/providers/Microsoft.Compute/virtualMachines/xplatvmStSp\",\r\n  \"name\": \"xplatvmStSp\",\r\n  \"type\": \"Microsoft.Compute/virtualMachines\",\r\n  \"location\": \"westus\",\r\n  \"tags\": {}\r\n}", { 'cache-control': 'no-cache',
  pragma: 'no-cache',
  'content-length': '4978',
  'content-type': 'application/json; charset=utf-8',
  expires: '-1',
  'strict-transport-security': 'max-age=31536000; includeSubDomains',
  'x-ms-served-by': '21502de0-6f98-4d84-959e-6be54f3bb855_130971757558252273',
  'x-ms-request-id': '2d6bdacb-6274-4874-bcf0-bedc90449404',
  server: 'Microsoft-HTTPAPI/2.0, Microsoft-HTTPAPI/2.0',
  'x-ms-ratelimit-remaining-subscription-reads': '14924',
  'x-ms-correlation-request-id': '8f59b0d3-1b0f-4fe3-8716-f45ba985a14a',
  'x-ms-routing-request-id': 'CENTRALUS:20160121T221017Z:8f59b0d3-1b0f-4fe3-8716-f45ba985a14a',
  date: 'Thu, 21 Jan 2016 22:10:17 GMT',
  connection: 'close' });
 return result; },
function (nock) { 
var result = 
nock('https://management.azure.com:443')
  .get('/subscriptions/e33f361b-53c2-4cc7-b829-78906708387b/resourceGroups/xplatTestGVMStart/providers/Microsoft.Compute/virtualMachines/xplatvmStSp?$expand=instanceView&api-version=2015-06-15')
  .reply(200, "{\r\n  \"properties\": {\r\n    \"vmId\": \"f9fb195e-134a-437e-9448-512186b916eb\",\r\n    \"hardwareProfile\": {\r\n      \"vmSize\": \"Standard_A1\"\r\n    },\r\n    \"storageProfile\": {\r\n      \"imageReference\": {\r\n        \"publisher\": \"canonical\",\r\n        \"offer\": \"UbuntuServer\",\r\n        \"sku\": \"15.04\",\r\n        \"version\": \"15.04.201507070\"\r\n      },\r\n      \"osDisk\": {\r\n        \"osType\": \"Linux\",\r\n        \"name\": \"clia3e1356b425d4a10-os-1453413961494\",\r\n        \"createOption\": \"FromImage\",\r\n        \"vhd\": {\r\n          \"uri\": \"https://xplattstoragestsp5027.blob.core.windows.net/xplatteststoragecntstsp/clia3e1356b425d4a10-os-1453413961494.vhd\"\r\n        },\r\n        \"caching\": \"ReadWrite\"\r\n      },\r\n      \"dataDisks\": []\r\n    },\r\n    \"osProfile\": {\r\n      \"computerName\": \"xplatvmStSp\",\r\n      \"adminUsername\": \"azureuser\",\r\n      \"linuxConfiguration\": {\r\n        \"disablePasswordAuthentication\": false,\r\n        \"ssh\": {\r\n          \"publicKeys\": [\r\n            {\r\n              \"path\": \"/home/azureuser/.ssh/authorized_keys\",\r\n              \"keyData\": \"MIID/zCCAuegAwIBAgIJAMUAa+XVLvAeMA0GCSqGSIb3DQEBBQUAMIGVMQswCQYD\\r\\nVQQGEwJJbjESMBAGA1UECAwJS2FybmF0YWthMRIwEAYDVQQHDAlCYW5nYWxvcmUx\\r\\nEDAOBgNVBAoMB2JyaWxsaW8xEjAQBgNVBAsMCW1pY3Jvc29mdDEQMA4GA1UEAwwH\\r\\nYnJpbGxpbzEmMCQGCSqGSIb3DQEJARYXc3JlZWthbnRoYnNAeWFob28uY28uaW4w\\r\\nHhcNMTUwMzA1MTE1MzEyWhcNMTYwMzA0MTE1MzEyWjCBlTELMAkGA1UEBhMCSW4x\\r\\nEjAQBgNVBAgMCUthcm5hdGFrYTESMBAGA1UEBwwJQmFuZ2Fsb3JlMRAwDgYDVQQK\\r\\nDAdicmlsbGlvMRIwEAYDVQQLDAltaWNyb3NvZnQxEDAOBgNVBAMMB2JyaWxsaW8x\\r\\nJjAkBgkqhkiG9w0BCQEWF3NyZWVrYW50aGJzQHlhaG9vLmNvLmluMIIBIjANBgkq\\r\\nhkiG9w0BAQEFAAOCAQ8AMIIBCgKCAQEAyUNKaOuT0NK+S8Ck81zy9xJ6hXfZvAC6\\r\\nlhbmf/6s/WVimJ/TX5NMhQJwC9k6ZIF92KfYrojHNvHDufSZ3EtKUVwRFCDjmgMT\\r\\nDL09WkGaZt7gROYFK0iZ4KrYGovUwlwum9fHB24OJiOV4bi0ek62/rHx9fjYZpvp\\r\\naIH2PV/hN8SCZ0x7HJMberD4gVoU/Kv42nNvwjLUW6IZfVx/Gv5OeFDtWHfSvUEF\\r\\ndadHKTPn3Ab20Iu6gZIbLO9Vuf38/IpaYGfnFCouHdzmiTiLieYNe3CUPcOJNSv7\\r\\n1G8KYpx3uNJRkJPab5OsRyJw75Gvzkr9OgaPss9tVD6Gt68u3WQtVQIDAQABo1Aw\\r\\nTjAdBgNVHQ4EFgQUogvhXB+xZ2JJPfLO6cVs4ForzscwHwYDVR0jBBgwFoAUogvh\\r\\nXB+xZ2JJPfLO6cVs4ForzscwDAYDVR0TBAUwAwEB/zANBgkqhkiG9w0BAQUFAAOC\\r\\nAQEAdDj7qUNJ45xlF5cjd+4x5NHvAD1VTjOKu+Xh/uzSSjXqB2F0aOMWA9lx0qaQ\\r\\noJgHkGxj3zz/W7ik/cVGL2O+vRIOKv/y0OPogEmS3Hw+P+O6OGE7x1G6YN0zLVoL\\r\\nu4BN/BEYmjttxM9I7qqL7C5cJoE+K3s/w1/pt/68ohJcr7F9Ohi7cso62xuGY1Rm\\r\\nksAh2EUDsU9JV/P+C9AMpLSrb03JJYzVj4w1RHbrmw2AjFyGXdQYkggyXisg+Ifr\\r\\n5gbNN7HigpHf7b2i3CQBUqp9m23frh5AhnLI2qp3UXgc52U5ieLdi/t6j0TTZqqY\\r\\nHhHqofKrj938HHlBNpC5/LVh3w==\\r\\n\"\r\n            }\r\n          ]\r\n        }\r\n      },\r\n      \"secrets\": []\r\n    },\r\n    \"networkProfile\": {\"networkInterfaces\":[{\"properties\":{},\"id\":\"/subscriptions/e33f361b-53c2-4cc7-b829-78906708387b/resourceGroups/xplatTestGVMStart/providers/Microsoft.Network/networkInterfaces/xplattestnicStSp\"}]},\r\n    \"diagnosticsProfile\": {\r\n      \"bootDiagnostics\": {\r\n        \"enabled\": true,\r\n        \"storageUri\": \"https://xplattstoragestsp5027.blob.core.windows.net/\"\r\n      }\r\n    },\r\n    \"provisioningState\": \"Succeeded\",\r\n    \"instanceView\": {\r\n      \"vmAgent\": {\r\n        \"vmAgentVersion\": \"WALinuxAgent-2.0.13\",\r\n        \"statuses\": [\r\n          {\r\n            \"code\": \"ProvisioningState/succeeded\",\r\n            \"level\": \"Info\",\r\n            \"displayStatus\": \"Ready\",\r\n            \"message\": \"GuestAgent is running and accepting new configurations.\",\r\n            \"time\": \"2016-01-21T22:10:06+00:00\"\r\n          }\r\n        ],\r\n        \"extensionHandlers\": []\r\n      },\r\n      \"disks\": [\r\n        {\r\n          \"name\": \"clia3e1356b425d4a10-os-1453413961494\",\r\n          \"statuses\": [\r\n            {\r\n              \"code\": \"ProvisioningState/succeeded\",\r\n              \"level\": \"Info\",\r\n              \"displayStatus\": \"Provisioning succeeded\",\r\n              \"time\": \"2016-01-21T22:07:44.6510356+00:00\"\r\n            }\r\n          ]\r\n        }\r\n      ],\r\n      \"bootDiagnostics\": {\r\n        \"consoleScreenshotBlobUri\": \"https://xplattstoragestsp5027.blob.core.windows.net/bootdiagnostics-xplatvmst-f9fb195e-134a-437e-9448-512186b916eb/xplatvmStSp.f9fb195e-134a-437e-9448-512186b916eb.screenshot.bmp\",\r\n        \"serialConsoleLogBlobUri\": \"https://xplattstoragestsp5027.blob.core.windows.net/bootdiagnostics-xplatvmst-f9fb195e-134a-437e-9448-512186b916eb/xplatvmStSp.f9fb195e-134a-437e-9448-512186b916eb.serialconsole.log\"\r\n      },\r\n      \"statuses\": [\r\n        {\r\n          \"code\": \"ProvisioningState/succeeded\",\r\n          \"level\": \"Info\",\r\n          \"displayStatus\": \"Provisioning succeeded\",\r\n          \"time\": \"2016-01-21T22:09:46.7768191+00:00\"\r\n        },\r\n        {\r\n          \"code\": \"PowerState/running\",\r\n          \"level\": \"Info\",\r\n          \"displayStatus\": \"VM running\"\r\n        }\r\n      ]\r\n    }\r\n  },\r\n  \"id\": \"/subscriptions/e33f361b-53c2-4cc7-b829-78906708387b/resourceGroups/xplatTestGVMStart/providers/Microsoft.Compute/virtualMachines/xplatvmStSp\",\r\n  \"name\": \"xplatvmStSp\",\r\n  \"type\": \"Microsoft.Compute/virtualMachines\",\r\n  \"location\": \"westus\",\r\n  \"tags\": {}\r\n}", { 'cache-control': 'no-cache',
  pragma: 'no-cache',
  'content-length': '4978',
  'content-type': 'application/json; charset=utf-8',
  expires: '-1',
  'strict-transport-security': 'max-age=31536000; includeSubDomains',
  'x-ms-served-by': '21502de0-6f98-4d84-959e-6be54f3bb855_130971757558252273',
  'x-ms-request-id': '2d6bdacb-6274-4874-bcf0-bedc90449404',
  server: 'Microsoft-HTTPAPI/2.0, Microsoft-HTTPAPI/2.0',
  'x-ms-ratelimit-remaining-subscription-reads': '14924',
  'x-ms-correlation-request-id': '8f59b0d3-1b0f-4fe3-8716-f45ba985a14a',
  'x-ms-routing-request-id': 'CENTRALUS:20160121T221017Z:8f59b0d3-1b0f-4fe3-8716-f45ba985a14a',
  date: 'Thu, 21 Jan 2016 22:10:17 GMT',
  connection: 'close' });
 return result; },
function (nock) { 
var result = 
nock('http://management.azure.com:443')
  .post('/subscriptions/e33f361b-53c2-4cc7-b829-78906708387b/resourceGroups/xplatTestGVMStart/providers/Microsoft.Storage/storageAccounts/xplattstoragestsp5027/listKeys?api-version=2015-06-15')
  .reply(200, "{\"key1\":\"j199tR5Cqku7MQRFyXVWjPrYe1UEm6FHpFGI4edUB4odm5JsY239fZuYsSGxUZ6EEUfbryps7BEg8sRmUFFxpQ==\",\"key2\":\"ezW7jmAiUV1zOwKaYGEFZFtF6rD+tgATXoqK0E2l34LFtg69PJD1FyRcJyE1uQSbOUk4Au1WjtUv8uRdro0GgQ==\"}\n", { 'cache-control': 'no-cache',
  pragma: 'no-cache',
  'content-length': '198',
  'content-type': 'application/json',
  expires: '-1',
  'x-ms-request-id': 'f891617e-38cf-4879-a5e1-e9ad56057462',
  server: 'Microsoft-Azure-Storage-Resource-Provider/1.0, Microsoft-HTTPAPI/2.0',
  'x-ms-ratelimit-remaining-subscription-writes': '1194',
  'x-ms-correlation-request-id': 'f891617e-38cf-4879-a5e1-e9ad56057462',
  'x-ms-routing-request-id': 'CENTRALUS:20160121T221017Z:f891617e-38cf-4879-a5e1-e9ad56057462',
  'strict-transport-security': 'max-age=31536000; includeSubDomains',
  date: 'Thu, 21 Jan 2016 22:10:17 GMT',
  connection: 'close' });
 return result; },
function (nock) { 
var result = 
nock('https://management.azure.com:443')
  .post('/subscriptions/e33f361b-53c2-4cc7-b829-78906708387b/resourceGroups/xplatTestGVMStart/providers/Microsoft.Storage/storageAccounts/xplattstoragestsp5027/listKeys?api-version=2015-06-15')
  .reply(200, "{\"key1\":\"j199tR5Cqku7MQRFyXVWjPrYe1UEm6FHpFGI4edUB4odm5JsY239fZuYsSGxUZ6EEUfbryps7BEg8sRmUFFxpQ==\",\"key2\":\"ezW7jmAiUV1zOwKaYGEFZFtF6rD+tgATXoqK0E2l34LFtg69PJD1FyRcJyE1uQSbOUk4Au1WjtUv8uRdro0GgQ==\"}\n", { 'cache-control': 'no-cache',
  pragma: 'no-cache',
  'content-length': '198',
  'content-type': 'application/json',
  expires: '-1',
  'x-ms-request-id': 'f891617e-38cf-4879-a5e1-e9ad56057462',
  server: 'Microsoft-Azure-Storage-Resource-Provider/1.0, Microsoft-HTTPAPI/2.0',
  'x-ms-ratelimit-remaining-subscription-writes': '1194',
  'x-ms-correlation-request-id': 'f891617e-38cf-4879-a5e1-e9ad56057462',
  'x-ms-routing-request-id': 'CENTRALUS:20160121T221017Z:f891617e-38cf-4879-a5e1-e9ad56057462',
  'strict-transport-security': 'max-age=31536000; includeSubDomains',
  date: 'Thu, 21 Jan 2016 22:10:17 GMT',
  connection: 'close' });
 return result; },
function (nock) { 
var result = 
nock('http://xplattstoragestsp5027.blob.core.windows.net:443')
  .head('/bootdiagnostics-xplatvmst-f9fb195e-134a-437e-9448-512186b916eb/xplatvmStSp.f9fb195e-134a-437e-9448-512186b916eb.serialconsole.log')
  .reply(200, "", { 'content-length': '55296',
  'last-modified': 'Thu, 21 Jan 2016 22:09:34 GMT',
  'accept-ranges': 'bytes',
  etag: '"0x8D322AF8B4D5914"',
  server: 'Windows-Azure-Blob/1.0 Microsoft-HTTPAPI/2.0',
  'x-ms-request-id': 'e01d444a-0001-009b-0898-54bd4e000000',
  'x-ms-version': '2015-02-21',
  'x-ms-lease-status': 'unlocked',
  'x-ms-lease-state': 'available',
  'x-ms-blob-type': 'PageBlob',
  'x-ms-blob-sequence-number': '0',
  date: 'Thu, 21 Jan 2016 22:10:17 GMT',
  connection: 'close' });
 return result; },
function (nock) { 
var result = 
nock('https://xplattstoragestsp5027.blob.core.windows.net:443')
  .head('/bootdiagnostics-xplatvmst-f9fb195e-134a-437e-9448-512186b916eb/xplatvmStSp.f9fb195e-134a-437e-9448-512186b916eb.serialconsole.log')
  .reply(200, "", { 'content-length': '55296',
  'last-modified': 'Thu, 21 Jan 2016 22:09:34 GMT',
  'accept-ranges': 'bytes',
  etag: '"0x8D322AF8B4D5914"',
  server: 'Windows-Azure-Blob/1.0 Microsoft-HTTPAPI/2.0',
  'x-ms-request-id': 'e01d444a-0001-009b-0898-54bd4e000000',
  'x-ms-version': '2015-02-21',
  'x-ms-lease-status': 'unlocked',
  'x-ms-lease-state': 'available',
  'x-ms-blob-type': 'PageBlob',
  'x-ms-blob-sequence-number': '0',
  date: 'Thu, 21 Jan 2016 22:10:17 GMT',
  connection: 'close' });
 return result; },
function (nock) { 
var result = 
nock('http://xplattstoragestsp5027.blob.core.windows.net:443')
  .get('/bootdiagnostics-xplatvmst-f9fb195e-134a-437e-9448-512186b916eb/xplatvmStSp.f9fb195e-134a-437e-9448-512186b916eb.serialconsole.log')
  .reply(200, "\u001b[H\u001b[J\u001b[1;1H[    0.000000] Initializing cgroup subsys cpuset\r\n[    0.000000] Initializing cgroup subsys cpu\r\n[    0.000000] Initializing cgroup subsys cpuacct\r\n[    0.000000] Linux version 3.19.0-22-generic (buildd@allspice) (gcc version 4.9.2 (Ubuntu 4.9.2-10ubuntu13) ) #22-Ubuntu SMP Tue Jun 16 17:15:15 UTC 2015 (Ubuntu 3.19.0-22.22-generic 3.19.8-ckt1)\r\n[    0.000000] Command line: BOOT_IMAGE=/boot/vmlinuz-3.19.0-22-generic root=UUID=86b96bdf-cfdc-4d59-8fcc-539ee2251b7d ro console=tty1 console=ttyS0 earlyprintk=ttyS0 rootdelay=300\r\n[    0.000000] KERNEL supported cpus:\r\n[    0.000000]   Intel GenuineIntel\r\n[    0.000000]   AMD AuthenticAMD\r\n[    0.000000]   Centaur CentaurHauls\r\n[    0.000000] e820: BIOS-provided physical RAM map:\r\n[    0.000000] BIOS-e820: [mem 0x0000000000000000-0x000000000009fbff] usable\r\n[    0.000000] BIOS-e820: [mem 0x000000000009fc00-0x000000000009ffff] reserved\r\n[    0.000000] BIOS-e820: [mem 0x00000000000e0000-0x00000000000fffff] reserved\r\n[    0.000000] BIOS-e820: [mem 0x0000000000100000-0x000000001ffeffff] usable\r\n[    0.000000] BIOS-e820: [mem 0x000000001fff0000-0x000000001fffefff] ACPI data\r\n[    0.000000] BIOS-e820: [mem 0x000000001ffff000-0x000000001fffffff] ACPI NVS\r\n[    0.000000] BIOS-e820: [mem 0x0000000100000000-0x000000014fffffff] usable\r\n[    0.000000] bootconsole [earlyser0] enabled\r\n[    0.000000] NX (Execute Disable) protection: active\r\n[    0.000000] SMBIOS 2.3 present.\r\n[    0.000000] Hypervisor detected: Microsoft HyperV\r\n[    0.000000] HyperV: features 0xe7f, hints 0x2c\r\n[    0.000000] HyperV: LAPIC Timer Frequency: 0xc3500\r\n[    0.000000] AGP: No AGP bridge found\r\n[    0.000000] e820: last_pfn = 0x150000 max_arch_pfn = 0x400000000\r\n[    0.000000] PAT configuration [0-7]: WB  WC  UC- UC  WB  WC  UC- UC  \r\n[    0.000000] e820: last_pfn = 0x1fff0 max_arch_pfn = 0x400000000\r\n[    0.000000] found SMP MP-table at [mem 0x000ff780-0x000ff78f] mapped at [ffff8800000ff780]\r\n[    0.000000] Scanning 1 areas for low memory corruption\r\n[    0.000000] init_memory_mapping: [mem 0x00000000-0x000fffff]\r\n[    0.000000] init_memory_mapping: [mem 0x14fe00000-0x14fffffff]\r\n[    0.000000] init_memory_mapping: [mem 0x140000000-0x14fdfffff]\r\n[    0.000000] init_memory_mapping: [mem 0x120000000-0x13fffffff]\r\n[    0.000000] init_memory_mapping: [mem 0x00100000-0x1ffeffff]\r\n[    0.000000] init_memory_mapping: [mem 0x100000000-0x11fffffff]\r\n[    0.000000] RAMDISK: [mem 0x1dd2d000-0x1f7c3fff]\r\n[    0.000000] ACPI: Early table checksum verification disabled\r\n[    0.000000] ACPI: RSDP 0x00000000000F56F0 000014 (v00 ACPIAM)\r\n[    0.000000] ACPI: RSDT 0x000000001FFF0000 000040 (v01 VRTUAL MICROSFT 05001223 MSFT 00000097)\r\n[    0.000000] ACPI: FACP 0x000000001FFF0200 000081 (v02 VRTUAL MICROSFT 05001223 MSFT 00000097)\r\n[    0.000000] ACPI: DSDT 0x000000001FFF1724 002E78 (v01 MSFTVM MSFTVM02 00000002 INTL 02002026)\r\n[    0.000000] ACPI: FACS 0x000000001FFFF000 000040\r\n[    0.000000] ACPI: WAET 0x000000001FFF1480 000028 (v01 VRTUAL MICROSFT 05001223 MSFT 00000097)\r\n[    0.000000] ACPI: SLIC 0x000000001FFF14C0 000176 (v01 VRTUAL MICROSFT 05001223 MSFT 00000097)\r\n[    0.000000] ACPI: OEM0 0x000000001FFF16C0 000064 (v01 VRTUAL MICROSFT 05001223 MSFT 00000097)\r\n[    0.000000] ACPI: SRAT 0x000000001FFF0600 000090 (v02 VRTUAL MICROSFT 00000001 MSFT 00000001)\r\n[    0.000000] ACPI: APIC 0x000000001FFF0300 00024C (v01 VRTUAL MICROSFT 05001223 MSFT 00000097)\r\n[    0.000000] ACPI: OEMB 0x000000001FFFF040 000064 (v01 VRTUAL MICROSFT 05001223 MSFT 00000097)\r\n[    0.000000] SRAT: PXM 0 -> APIC 0x00 -> Node 0\r\n[    0.000000] SRAT: Node 0 PXM 0 [mem 0x00000000-0x1fffffff]\r\n[    0.000000] SRAT: Node 0 PXM 0 [mem 0x100000000-0x14fffffff]\r\n[    0.000000] NUMA: Node 0 [mem 0x00000000-0x1fffffff] + [mem 0x100000000-0x14fffffff] -> [mem 0x00000000-0x14fffffff]\r\n[    0.000000] NODE_DATA(0) allocated [mem 0x14fffa000-0x14fffefff]\r\n[    0.000000] Zone ranges:\r\n[    0.000000]   DMA      [mem 0x00001000-0x00ffffff]\r\n[    0.000000]   DMA32    [mem 0x01000000-0xffffffff]\r\n[    0.000000]   Normal   [mem 0x100000000-0x14fffffff]\r\n[    0.000000] Movable zone start for each node\r\n[    0.000000] Early memory node ranges\r\n[    0.000000]   node   0: [mem 0x00001000-0x0009efff]\r\n[    0.000000]   node   0: [mem 0x00100000-0x1ffeffff]\r\n[    0.000000]   node   0: [mem 0x100000000-0x14fffffff]\r\n[    0.000000] Initmem setup node 0 [mem 0x00001000-0x14fffffff]\r\n[    0.000000] ACPI: PM-Timer IO Port: 0x408\r\n[    0.000000] ACPI: LAPIC (acpi_id[0x01] lapic_id[0x00] enabled)\r\n[    0.000000] ACPI: LAPIC (acpi_id[0x02] lapic_id[0x01] disabled)\r\n[    0.000000] ACPI: LAPIC (acpi_id[0x03] lapic_id[0x02] disabled)\r\n[    0.000000] ACPI: LAPIC (acpi_id[0x04] lapic_id[0x03] disabled)\r\n[    0.000000] ACPI: LAPIC (acpi_id[0x05] lapic_id[0x04] disabled)\r\n[    0.000000] ACPI: LAPIC (acpi_id[0x06] lapic_id[0x05] disabled)\r\n[    0.000000] ACPI: LAPIC (acpi_id[0x07] lapic_id[0x06] disabled)\r\n[    0.000000] ACPI: LAPIC (acpi_id[0x08] lapic_id[0x07] disabled)\r\n[    0.000000] ACPI: LAPIC (acpi_id[0x09] lapic_id[0x08] disabled)\r\n[    0.000000] ACPI: LAPIC (acpi_id[0x0a] lapic_id[0x09] disabled)\r\n[    0.000000] ACPI: LAPIC (acpi_id[0x0b] lapic_id[0x0a] disabled)\r\n[    0.000000] ACPI: LAPIC (acpi_id[0x0c] lapic_id[0x0b] disabled)\r\n[    0.000000] ACPI: LAPIC (acpi_id[0x0d] lapic_id[0x0c] disabled)\r\n[    0.000000] ACPI: LAPIC (acpi_id[0x0e] lapic_id[0x0d] disabled)\r\n[    0.000000] ACPI: LAPIC (acpi_id[0x0f] lapic_id[0x0e] disabled)\r\n[    0.000000] ACPI: LAPIC (acpi_id[0x10] lapic_id[0x0f] disabled)\r\n[    0.000000] ACPI: LAPIC (acpi_id[0x11] lapic_id[0x10] disabled)\r\n[    0.000000] ACPI: LAPIC (acpi_id[0x12] lapic_id[0x11] disabled)\r\n[    0.000000] ACPI: LAPIC (acpi_id[0x13] lapic_id[0x12] disabled)\r\n[    0.000000] ACPI: LAPIC (acpi_id[0x14] lapic_id[0x13] disabled)\r\n[    0.000000] ACPI: LAPIC (acpi_id[0x15] lapic_id[0x14] disabled)\r\n[    0.000000] ACPI: LAPIC (acpi_id[0x16] lapic_id[0x15] disabled)\r\n[    0.000000] ACPI: LAPIC (acpi_id[0x17] lapic_id[0x16] disabled)\r\n[    0.000000] ACPI: LAPIC (acpi_id[0x18] lapic_id[0x17] disabled)\r\n[    0.000000] ACPI: LAPIC (acpi_id[0x19] lapic_id[0x18] disabled)\r\n[    0.000000] ACPI: LAPIC (acpi_id[0x1a] lapic_id[0x19] disabled)\r\n[    0.000000] ACPI: LAPIC (acpi_id[0x1b] lapic_id[0x1a] disabled)\r\n[    0.000000] ACPI: LAPIC (acpi_id[0x1c] lapic_id[0x1b] disabled)\r\n[    0.000000] ACPI: LAPIC (acpi_id[0x1d] lapic_id[0x1c] disabled)\r\n[    0.000000] ACPI: LAPIC (acpi_id[0x1e] lapic_id[0x1d] disabled)\r\n[    0.000000] ACPI: LAPIC (acpi_id[0x1f] lapic_id[0x1e] disabled)\r\n[    0.000000] ACPI: LAPIC (acpi_id[0x20] lapic_id[0x1f] disabled)\r\n[    0.000000] ACPI: LAPIC (acpi_id[0x21] lapic_id[0x20] disabled)\r\n[    0.000000] ACPI: LAPIC (acpi_id[0x22] lapic_id[0x21] disabled)\r\n[    0.000000] ACPI: LAPIC (acpi_id[0x23] lapic_id[0x22] disabled)\r\n[    0.000000] ACPI: LAPIC (acpi_id[0x24] lapic_id[0x23] disabled)\r\n[    0.000000] ACPI: LAPIC (acpi_id[0x25] lapic_id[0x24] disabled)\r\n[    0.000000] ACPI: LAPIC (acpi_id[0x26] lapic_id[0x25] disabled)\r\n[    0.000000] ACPI: LAPIC (acpi_id[0x27] lapic_id[0x26] disabled)\r\n[    0.000000] ACPI: LAPIC (acpi_id[0x28] lapic_id[0x27] disabled)\r\n[    0.000000] ACPI: LAPIC (acpi_id[0x29] lapic_id[0x28] disabled)\r\n[    0.000000] ACPI: LAPIC (acpi_id[0x2a] lapic_id[0x29] disabled)\r\n[    0.000000] ACPI: LAPIC (acpi_id[0x2b] lapic_id[0x2a] disabled)\r\n[    0.000000] ACPI: LAPIC (acpi_id[0x2c] lapic_id[0x2b] disabled)\r\n[    0.000000] ACPI: LAPIC (acpi_id[0x2d] lapic_id[0x2c] disabled)\r\n[    0.000000] ACPI: LAPIC (acpi_id[0x2e] lapic_id[0x2d] disabled)\r\n[    0.000000] ACPI: LAPIC (acpi_id[0x2f] lapic_id[0x2e] disabled)\r\n[    0.000000] ACPI: LAPIC (acpi_id[0x30] lapic_id[0x2f] disabled)\r\n[    0.000000] ACPI: LAPIC (acpi_id[0x31] lapic_id[0x30] disabled)\r\n[    0.000000] ACPI: LAPIC (acpi_id[0x32] lapic_id[0x31] disabled)\r\n[    0.000000] ACPI: LAPIC (acpi_id[0x33] lapic_id[0x32] disabled)\r\n[    0.000000] ACPI: LAPIC (acpi_id[0x34] lapic_id[0x33] disabled)\r\n[    0.000000] ACPI: LAPIC (acpi_id[0x35] lapic_id[0x34] disabled)\r\n[    0.000000] ACPI: LAPIC (acpi_id[0x36] lapic_id[0x35] disabled)\r\n[    0.000000] ACPI: LAPIC (acpi_id[0x37] lapic_id[0x36] disabled)\r\n[    0.000000] ACPI: LAPIC (acpi_id[0x38] lapic_id[0x37] disabled)\r\n[    0.000000] ACPI: LAPIC (acpi_id[0x39] lapic_id[0x38] disabled)\r\n[    0.000000] ACPI: LAPIC (acpi_id[0x3a] lapic_id[0x39] disabled)\r\n[    0.000000] ACPI: LAPIC (acpi_id[0x3b] lapic_id[0x3a] disabled)\r\n[    0.000000] ACPI: LAPIC (acpi_id[0x3c] lapic_id[0x3b] disabled)\r\n[    0.000000] ACPI: LAPIC (acpi_id[0x3d] lapic_id[0x3c] disabled)\r\n[    0.000000] ACPI: LAPIC (acpi_id[0x3e] lapic_id[0x3d] disabled)\r\n[    0.000000] ACPI: LAPIC (acpi_id[0x3f] lapic_id[0x3e] disabled)\r\n[    0.000000] ACPI: LAPIC (acpi_id[0x40] lapic_id[0x3f] disabled)\r\n[    0.000000] ACPI: IOAPIC (id[0x00] address[0xfec00000] gsi_base[0])\r\n[    0.000000] IOAPIC[0]: apic_id 0, version 17, address 0xfec00000, GSI 0-23\r\n[    0.000000] ACPI: INT_SRC_OVR (bus 0 bus_irq 0 global_irq 2 dfl dfl)\r\n[    0.000000] ACPI: INT_SRC_OVR (bus 0 bus_irq 9 global_irq 9 high level)\r\n[    0.000000] Using ACPI (MADT) for SMP configuration information\r\n[    0.000000] smpboot: Allowing 64 CPUs, 63 hotplug CPUs\r\n[    0.000000] PM: Registered nosave memory: [mem 0x00000000-0x00000fff]\r\n[    0.000000] PM: Registered nosave memory: [mem 0x0009f000-0x0009ffff]\r\n[    0.000000] PM: Registered nosave memory: [mem 0x000a0000-0x000dffff]\r\n[    0.000000] PM: Registered nosave memory: [mem 0x000e0000-0x000fffff]\r\n[    0.000000] PM: Registered nosave memory: [mem 0x1fff0000-0x1fffefff]\r\n[    0.000000] PM: Registered nosave memory: [mem 0x1ffff000-0x1fffffff]\r\n[    0.000000] PM: Registered nosave memory: [mem 0x20000000-0xffffffff]\r\n[    0.000000] e820: [mem 0x20000000-0xffffffff] available for PCI devices\r\n[    0.000000] Booting paravirtualized kernel on bare hardware\r\n[    0.000000] setup_percpu: NR_CPUS:256 nr_cpumask_bits:256 nr_cpu_ids:64 nr_node_ids:1\r\n[    0.000000] PERCPU: Embedded 31 pages/cpu @ffff88014d200000 s87040 r8192 d31744 u131072\r\n[    0.000000] Built 1 zonelists in Node order, mobility grouping on.  Total pages: 451449\r\n[    0.000000] Policy zone: Normal\r\n[    0.000000] Kernel command line: BOOT_IMAGE=/boot/vmlinuz-3.19.0-22-generic root=UUID=86b96bdf-cfdc-4d59-8fcc-539ee2251b7d ro console=tty1 console=ttyS0 earlyprintk=ttyS0 rootdelay=300\r\n[    0.000000] log_buf_len individual max cpu contribution: 4096 bytes\r\n[    0.000000] log_buf_len total cpu_extra contributions: 258048 bytes\r\n[    0.000000] log_buf_len min size: 262144 bytes\r\n[    0.000000] log_buf_len: 524288 bytes\r\n[    0.000000] early log buf free: 248736(94%)\r\n[    0.000000] PID hash table entries: 4096 (order: 3, 32768 bytes)\r\n[    0.000000] xsave: enabled xstate_bv 0x7, cntxt size 0x340 using standard form\r\n[    0.000000] AGP: Checking aperture...\r\n[    0.000000] AGP: No AGP bridge found\r\n[    0.000000] Memory: 1687496K/1834552K available (8001K kernel code, 1232K rwdata, 3752K rodata, 1408K init, 1300K bss, 147056K reserved, 0K cma-reserved)\r\n[    0.000000] SLUB: HWalign=64, Order=0-3, MinObjects=0, CPUs=64, Nodes=1\r\n[    0.000000] Hierarchical RCU implementation.\r\n[    0.000000] \tRCU dyntick-idle grace-period acceleration is enabled.\r\n[    0.000000] \tRCU restricting CPUs from NR_CPUS=256 to nr_cpu_ids=64.\r\n[    0.000000] RCU: Adjusting geometry for rcu_fanout_leaf=16, nr_cpu_ids=64\r\n[    0.000000] NR_IRQS:16640 nr_irqs:936 16\r\n[    0.000000] \tOffload RCU callbacks from all CPUs\r\n[    0.000000] \tOffload RCU callbacks from CPUs: 0-63.\r\n[    0.000000] Console: colour VGA+ 80x25\r\n[    0.000000] console [tty1] enabled\r\n[    0.000000] console [ttyS0] enabled\r\n[    0.000000] console [ttyS0] enabled\r\n[    0.000000] bootconsole [earlyser0] disabled\r\n[    0.000000] bootconsole [earlyser0] disabled\r\n[    0.000000] tsc: Fast TSC calibration failed\r\n[    0.000000] tsc: Unable to calibrate against PIT\r\n[    0.000000] tsc: using PMTIMER reference calibration\r\n[    0.000000] tsc: Detected 2397.225 MHz processor\r\n[    0.020034] Calibrating delay loop (skipped), value calculated using timer frequency.. 4794.45 BogoMIPS (lpj=9588900)\r\n[    0.021685] pid_max: default: 65536 minimum: 512\r\n[    0.024036] ACPI: Core revision 20141107\r\n[    0.026272] ACPI: All ACPI Tables successfully acquired\r\n[    0.028154] Security Framework initialized\r\n[    0.028968] AppArmor: AppArmor initialized\r\n[    0.029711] Yama: becoming mindful.\r\n[    0.030581] Dentry cache hash table entries: 262144 (order: 9, 2097152 bytes)\r\n[    0.032365] Inode-cache hash table entries: 131072 (order: 8, 1048576 bytes)\r\n[    0.033552] Mount-cache hash table entries: 4096 (order: 3, 32768 bytes)\r\n[    0.034519] Mountpoint-cache hash table entries: 4096 (order: 3, 32768 bytes)\r\n[    0.035798] Initializing cgroup subsys memory\r\n[    0.036034] Initializing cgroup subsys devices\r\n[    0.036825] Initializing cgroup subsys freezer\r\n[    0.037706] Initializing cgroup subsys net_cls\r\n[    0.038494] Initializing cgroup subsys blkio\r\n[    0.039253] Initializing cgroup subsys perf_event\r\n[    0.040021] Initializing cgroup subsys net_prio\r\n[    0.040825] Initializing cgroup subsys hugetlb\r\n[    0.042681] mce: CPU supports 1 MCE banks\r\n[    0.044035] Last level iTLB entries: 4KB 1024, 2MB 1024, 4MB 1024\r\n[    0.044035] Last level dTLB entries: 4KB 1024, 2MB 1024, 4MB 1024, 1GB 4\r\n[    0.072331] ftrace: allocating 30088 entries in 118 pages\r\n[    0.088146] Switched APIC routing to physical flat.\r\n[    0.114083] ..TIMER: vector=0x30 apic1=0 pin1=2 apic2=-1 pin2=-1\r\n[    0.116001] smpboot: CPU0: Intel(R) Xeon(R) CPU E5-2673 v3 @ 2.40GHz (fam: 06, model: 3f, stepping: 02)\r\n[    0.132109] Performance Events: unsupported p6 CPU model 63 no PMU driver, software events only.\r\n[    0.145152] x86: Booted up 1 node, 1 CPUs\r\n[    0.148004] smpboot: Total of 1 processors activated (4794.45 BogoMIPS)\r\n[    0.152008] NMI watchdog: disabled (cpu0): hardware events not enabled\r\n[    0.158467] devtmpfs: initialized\r\n[    0.161289] evm: security.selinux\r\n[    0.164002] evm: security.SMACK64\r\n[    0.168004] evm: security.SMACK64EXEC\r\n[    0.172000] evm: security.SMACK64TRANSMUTE\r\n[    0.176001] evm: security.SMACK64MMAP\r\n[    0.180001] evm: security.ima\r\n[    0.184000] evm: security.capability\r\n[    0.188060] PM: Registering ACPI NVS region [mem 0x1ffff000-0x1fffffff] (4096 bytes)\r\n[    0.192232] pinctrl core: initialized pinctrl subsystem\r\n[    0.196291] RTC time: 22:08:48, date: 01/21/16\r\n[    0.200125] NET: Registered protocol family 16\r\n[    0.204137] cpuidle: using governor ladder\r\n[    0.208003] cpuidle: using governor menu\r\n[    0.212049] ACPI: bus type PCI registered\r\n[    0.216001] acpiphp: ACPI Hot Plug PCI Controller Driver version: 0.5\r\n[    0.220246] PCI: Using configuration type 1 for base access\r\n[    0.228792] ACPI: Added _OSI(Module Device)\r\n[    0.232002] ACPI: Added _OSI(Processor Device)\r\n[    0.236001] ACPI: Added _OSI(3.0 _SCP Extensions)\r\n[    0.240003] ACPI: Added _OSI(Processor Aggregator Device)\r\n[    0.248510] ACPI: Interpreter enabled\r\n[    0.252006] ACPI Exception: AE_NOT_FOUND, While evaluating Sleep State [\\_S1_] (20141107/hwxface-580)\r\n[    0.264003] ACPI Exception: AE_NOT_FOUND, While evaluating Sleep State [\\_S2_] (20141107/hwxface-580)\r\n[    0.276002] ACPI Exception: AE_NOT_FOUND, While evaluating Sleep State [\\_S3_] (20141107/hwxface-580)\r\n[    0.288006] ACPI Exception: AE_NOT_FOUND, While evaluating Sleep State [\\_S4_] (20141107/hwxface-580)\r\n[    0.299759] ACPI: (supports S0 S5)\r\n[    0.300002] ACPI: Using IOAPIC for interrupt routing\r\n[    0.304029] PCI: Using host bridge windows from ACPI; if necessary, use \"pci=nocrs\" and report a bug\r\n[    0.322001] ACPI: PCI Root Bridge [PCI0] (domain 0000 [bus 00-ff])\r\n[    0.324006] acpi PNP0A03:00: _OSC: OS supports [ASPM ClockPM Segments MSI]\r\n[    0.328008] acpi PNP0A03:00: _OSC failed (AE_NOT_FOUND); disabling ASPM\r\n[    0.332747] acpi PNP0A03:00: fail to add MMCONFIG information, can't access extended PCI configuration space under this bridge.\r\n[    0.336102] PCI host bridge to bus 0000:00\r\n[    0.340004] pci_bus 0000:00: root bus resource [bus 00-ff]\r\n[    0.344005] pci_bus 0000:00: root bus resource [mem 0xfe0000000-0xfffefffff]\r\n[    0.348003] pci_bus 0000:00: root bus resource [io  0x0000-0x0cf7]\r\n[    0.352002] pci_bus 0000:00: root bus resource [io  0x0d00-0xffff]\r\n[    0.356004] pci_bus 0000:00: root bus resource [mem 0x000a0000-0x000bffff]\r\n[    0.360003] pci_bus 0000:00: root bus resource [mem 0x20000000-0xfffbffff]\r\n[    0.372393] pci 0000:00:07.1: legacy IDE quirk: reg 0x10: [io  0x01f0-0x01f7]\r\n[    0.376002] pci 0000:00:07.1: legacy IDE quirk: reg 0x14: [io  0x03f6]\r\n[    0.380002] pci 0000:00:07.1: legacy IDE quirk: reg 0x18: [io  0x0170-0x0177]\r\n[    0.384001] pci 0000:00:07.1: legacy IDE quirk: reg 0x1c: [io  0x0376]\r\n[    0.388342] * Found PM-Timer Bug on the chipset. Due to workarounds for a bug,\r\n[    0.388342] * this clock source is slow. Consider trying other clock sources\r\n[    0.393363] pci 0000:00:07.3: quirk: [io  0x0400-0x043f] claimed by PIIX4 ACPI\r\n[    0.404928] ACPI: PCI Interrupt Link [LNKA] (IRQs 3 4 5 7 9 10 *11 12 14 15)\r\n[    0.426419] ACPI: PCI Interrupt Link [LNKB] (IRQs 3 4 5 7 9 10 11 12 14 15) *0, disabled.\r\n[    0.447343] ACPI: PCI Interrupt Link [LNKC] (IRQs 3 4 5 7 9 10 11 12 14 15) *0, disabled.\r\n[    0.468159] ACPI: PCI Interrupt Link [LNKD] (IRQs 3 4 5 7 9 10 11 12 14 15) *0, disabled.\r\n[    0.493316] ACPI: Enabled 1 GPEs in block 00 to 0F\r\n[    0.496142] vgaarb: setting as boot device: PCI:0000:00:08.0\r\n[    0.500000] vgaarb: device added: PCI:0000:00:08.0,decodes=io+mem,owns=io+mem,locks=none\r\n[    0.500002] vgaarb: loaded\r\n[    0.504006] vgaarb: bridge control possible 0000:00:08.0\r\n[    0.508242] SCSI subsystem initialized\r\n[    0.512100] ACPI: bus type USB registered\r\n[    0.516030] usbcore: registered new interface driver usbfs\r\n[    0.520016] usbcore: registered new interface driver hub\r\n[    0.524039] usbcore: registered new device driver usb\r\n[    0.528184] PCI: Using ACPI for IRQ routing\r\n[    0.532408] NetLabel: Initializing\r\n[    0.536003] NetLabel:  domain hash size = 128\r\n[    0.540002] NetLabel:  protocols = UNLABELED CIPSOv4\r\n[    0.544018] NetLabel:  unlabeled traffic allowed by default\r\n[    0.548176] Switched to clocksource hyperv_clocksource\r\n[    0.564359] AppArmor: AppArmor Filesystem Enabled\r\n[    0.576464] pnp: PnP ACPI init\r\n[    0.583609] system 00:06: [io  0x01e0-0x01ef] has been reserved\r\n[    0.591676] system 00:06: [io  0x0160-0x016f] has been reserved\r\n[    0.599686] system 00:06: [io  0x0278-0x027f] has been reserved\r\n[    0.607560] system 00:06: [io  0x0378-0x037f] has been reserved\r\n[    0.615184] system 00:06: [io  0x0678-0x067f] has been reserved\r\n[    0.622821] system 00:06: [io  0x0778-0x077f] has been reserved\r\n[    0.630773] system 00:06: [io  0x04d0-0x04d1] has been reserved\r\n[    0.639953] system 00:07: [io  0x0400-0x043f] has been reserved\r\n[    0.648338] system 00:07: [io  0x0370-0x0371] has been reserved\r\n[    0.655833] system 00:07: [io  0x0440-0x044f] has been reserved\r\n[    0.663670] system 00:07: [mem 0xfec00000-0xfec00fff] could not be reserved\r\n[    0.673005] system 00:07: [mem 0xfee00000-0xfee00fff] has been reserved\r\n[    0.682503] system 00:08: [mem 0x00000000-0x0009ffff] could not be reserved\r\n[    0.691497] system 00:08: [mem 0x000c0000-0x000dffff] could not be reserved\r\n[    0.700646] system 00:08: [mem 0x000e0000-0x000fffff] could not be reserved\r\n[    0.709453] system 00:08: [mem 0x00100000-0x1fffffff] could not be reserved\r\n[    0.719177] system 00:08: [mem 0xfffc0000-0xffffffff] has been reserved\r\n[    0.728584] pnp: PnP ACPI: found 9 devices\r\n[    0.740395] NET: Registered protocol family 2\r\n[    0.752685] TCP established hash table entries: 16384 (order: 5, 131072 bytes)\r\n[    0.761946] TCP bind hash table entries: 16384 (order: 6, 262144 bytes)\r\n[    0.771002] TCP: Hash tables configured (established 16384 bind 16384)\r\n[    0.779520] TCP: reno registered\r\n[    0.784111] UDP hash table entries: 1024 (order: 3, 32768 bytes)\r\n[    0.793290] UDP-Lite hash table entries: 1024 (order: 3, 32768 bytes)\r\n[    0.801726] NET: Registered protocol family 1\r\n[    0.807687] pci 0000:00:00.0: Limiting direct PCI/PCI transfers\r\n[    0.816934] Trying to unpack rootfs image as initramfs...\r\n[    1.687808] Freeing initrd memory: 27228K (ffff88001dd2d000 - ffff88001f7c4000)\r\n[    1.697346] PCI-DMA: Using software bounce buffering for IO (SWIOTLB)\r\n[    1.705518] software IO TLB [mem 0x19d2d000-0x1dd2d000] (64MB) mapped at [ffff880019d2d000-ffff88001dd2cfff]\r\n[    1.717819] microcode: CPU0 sig=0x306f2, pf=0x1, revision=0xffffffff\r\n[    1.726284] microcode: Microcode Update Driver: v2.00 <tigran@aivazian.fsnet.co.uk>, Peter Oruba\r\n[    1.737360] Scanning for low memory corruption every 60 seconds\r\n[    1.746063] futex hash table entries: 16384 (order: 8, 1048576 bytes)\r\n[    1.754691] Initialise system trusted keyring\r\n[    1.761651] audit: initializing netlink subsys (disabled)\r\n[    1.768756] audit: type=2000 audit(1453414128.768:1): initialized\r\n[    1.777276] HugeTLB registered 2 MB page size, pre-allocated 0 pages\r\n[    1.786627] zpool: loaded\r\n[    1.790947] zbud: loaded\r\n[    1.794874] VFS: Disk quotas dquot_6.5.2\r\n[    1.800289] VFS: Dquot-cache hash table entries: 512 (order 0, 4096 bytes)\r\n[    1.809504] fuse init (API version 7.23)\r\n[    1.815283] Key type big_key registered\r\n[    1.820924] Key type asymmetric registered\r\n[    1.826590] Asymmetric key parser 'x509' registered\r\n[    1.833561] Block layer SCSI generic (bsg) driver version 0.4 loaded (major 252)\r\n[    1.843100] io scheduler noop registered\r\n[    1.848577] io scheduler deadline registered (default)\r\n[    1.855455] io scheduler cfq registered\r\n[    1.861556] pci_hotplug: PCI Hot Plug PCI Core version: 0.5\r\n[    1.869276] pciehp: PCI Express Hot Plug Controller Driver version: 0.4\r\n[    1.877822] input: Power Button as /devices/LNXSYSTM:00/LNXPWRBN:00/input/input0\r\n[    1.887333] ACPI: Power Button [PWRF]\r\n[    1.892624] GHES: HEST is not enabled!\r\n[    1.898026] Serial: 8250/16550 driver, 32 ports, IRQ sharing enabled\r\n[    1.961691] 00:03: ttyS0 at I/O 0x3f8 (irq = 4, base_baud = 115200) is a 16550A\r\n[    2.026535] 00:04: ttyS1 at I/O 0x2f8 (irq = 3, base_baud = 115200) is a 16550A\r\n[    2.036648] Linux agpgart interface v0.103\r\n[    2.043866] brd: module loaded\r\n[    2.048942] loop: module loaded\r\n[    2.053893] ata_piix 0000:00:07.1: Hyper-V Virtual Machine detected, ATA device ignore set\r\n[    2.066383] scsi host0: ata_piix\r\n[    2.071616] scsi host1: ata_piix\r\n[    2.076546] ata1: PATA max UDMA/33 cmd 0x1f0 ctl 0x3f6 bmdma 0xffa0 irq 14\r\n[    2.085468] ata2: PATA max UDMA/33 cmd 0x170 ctl 0x376 bmdma 0xffa8 irq 15\r\n[    2.094934] libphy: Fixed MDIO Bus: probed\r\n[    2.101194] tun: Universal TUN/TAP device driver, 1.6\r\n[    2.108088] tun: (C) 1999-2004 Max Krasnyansky <maxk@qualcomm.com>\r\n[    2.116192] PPP generic driver version 2.4.2\r\n[    2.122126] ehci_hcd: USB 2.0 'Enhanced' Host Controller (EHCI) Driver\r\n[    2.130478] ehci-pci: EHCI PCI platform driver\r\n[    2.136505] ehci-platform: EHCI generic platform driver\r\n[    2.143393] ohci_hcd: USB 1.1 'Open' Host Controller (OHCI) Driver\r\n[    2.151388] ohci-pci: OHCI PCI platform driver\r\n[    2.157354] ohci-platform: OHCI generic platform driver\r\n[    2.165046] uhci_hcd: USB Universal Host Controller Interface driver\r\n[    2.173561] i8042: PNP: PS/2 Controller [PNP0303:PS2K,PNP0f03:PS2M] at 0x60,0x64 irq 1,12\r\n[    2.186748] serio: i8042 KBD port at 0x60,0x64 irq 1\r\n[    2.193343] serio: i8042 AUX port at 0x60,0x64 irq 12\r\n[    2.200147] mousedev: PS/2 mouse device common for all mice\r\n[    2.207590] rtc_cmos 00:00: RTC can wake from S4\r\n[    2.254718] input: AT Translated Set 2 keyboard as /devices/platform/i8042/serio0/input/input1\r\n[    2.268360] rtc_cmos 00:00: rtc core: registered rtc_cmos as rtc0\r\n[    2.276896] rtc_cmos 00:00: alarms up to one month, 114 bytes nvram\r\n[    2.285101] i2c /dev entries driver\r\n[    2.290476] device-mapper: uevent: version 1.0.3\r\n[    2.297245] device-mapper: ioctl: 4.29.0-ioctl (2014-10-28) initialised: dm-devel@redhat.com\r\n[    2.311150] ata2.00: ATAPI: Virtual CD, , max MWDMA2\r\n[    2.319169] ata2.00: configured for MWDMA2\r\n[    2.325242] ledtrig-cpu: registered to indicate activity on CPUs\r\n[    2.333574] scsi 1:0:0:0: CD-ROM            Msft     Virtual CD/ROM   1.0  PQ: 0 ANSI: 5\r\n[    2.343883] PCCT header not found.\r\n[    2.348852] ACPI PCC probe failed.\r\n[    2.355224] sr 1:0:0:0: [sr0] scsi3-mmc drive: 0x/0x tray\r\n[    2.362311] cdrom: Uniform CD-ROM driver Revision: 3.20\r\n[    2.369984] TCP: cubic registered\r\n[    2.374840] NET: Registered protocol family 10\r\n[    2.381480] sr 1:0:0:0: Attached scsi generic sg0 type 5\r\n[    2.388932] NET: Registered protocol family 17\r\n[    2.394989] Key type dns_resolver registered\r\n[    2.401189] Loading compiled-in X.509 certificates\r\n[    2.408239] Loaded X.509 cert 'Magrathea: Glacier signing key: c7d440344c0b3ac2a3cec2aeb9722ecf6cae7391'\r\n[    2.420576] registered taskstats version 1\r\n[    2.427449] Key type trusted registered\r\n[    2.434796] Key type encrypted registered\r\n[    2.441112] AppArmor: AppArmor sha1 policy hashing enabled\r\n[    2.448537] ima: No TPM chip found, activating TPM-bypass!\r\n[    2.455753] evm: HMAC attrs: 0x1\r\n[    2.460691]   Magic number: 0:945:148\r\n[    2.465780] bdi 1:0: hash matches\r\n[    2.471468] rtc_cmos 00:00: setting system clock to 2016-01-21 22:08:50 UTC (1453414130)\r\n[    2.482040] BIOS EDD facility v0.16 2004-Jun-25, 0 devices found\r\n[    2.489776] EDD information not available.\r\n[    2.497866] Freeing unused kernel memory: 1408K (ffffffff81d36000 - ffffffff81e96000)\r\n[    2.508045] Write protecting the kernel read-only data: 12288k\r\n[    2.515772] Freeing unused kernel memory: 180K (ffff8800017d3000 - ffff880001800000)\r\n[    2.525736] Freeing unused kernel memory: 344K (ffff880001baa000 - ffff880001c00000)\r\nLoading, please wait...\r\nstarting version 219\r\n[    2.557033] random: systemd-udevd urandom read with 3 bits of entropy available\r\n[    2.625215] hv_vmbus: Hyper-V Host Build:9600-6.3-18-0.18190; Vmbus version:3.0\r\n[    2.635705] Floppy drive(s): fd0 is 1.44M\r\n[    2.694153] FDC 0 is an 82078.\r\n[    2.739491] tsc: Refined TSC clocksource calibration: 2397.222 MHz\r\n[    2.750993] AVX2 version of gcm_enc/dec engaged.\r\n[    2.757322] AES CTR mode by8 optimization enabled\r\n[    3.096067] psmouse serio1: trackpoint: failed to get extended button data\r\n[    7.677379] hv_vmbus: registering driver hyperv_fb\r\n[    7.687389] hv_utils: Registering HyperV Utility Driver\r\n[    7.700593] hv_vmbus: registering driver hv_util\r\n[    7.711854] hv_vmbus: registering driver hv_storvsc\r\n[    7.733365] hyperv_fb: Screen resolution: 1152x864, Color depth: 32\r\n[    7.744769] Console: switching to colour frame buffer device 144x54\r\n[    7.763208] hv_vmbus: registering driver hv_netvsc\r\n[    7.770539] scsi host2: storvsc_host_t\r\n[    7.775975] scsi 2:0:0:0: Direct-Access     Msft     Virtual Disk     1.0  PQ: 0 ANSI: 4\r\n[    7.786406] sd 2:0:0:0: [sda] 61440000 512-byte logical blocks: (31.4 GB/29.2 GiB)\r\n[    7.797051] sd 2:0:0:0: Attached scsi generic sg1 type 0\r\n[    7.804470] hv_netvsc: hv_netvsc channel opened successfully\r\n[    7.811541] sd 2:0:0:0: [sda] Write Protect is off\r\n[    7.828031] sd 2:0:0:0: [sda] Write cache: enabled, read cache: enabled, supports DPO and FUA\r\n[    7.841107]  sda: sda1\r\n[    7.844878] sd 2:0:0:0: [sda] Attached SCSI disk\r\n[    7.908038] psmouse serio1: trackpoint: IBM TrackPoint firmware: 0x01, buttons: 0/0\r\n[    7.925105] input: TPPS/2 IBM TrackPoint as /devices/platform/i8042/serio1/input/input3\r\n[    9.609973] hv_netvsc vmbus_0_16: Send section size: 6144, Section count:2560\r\n[    9.625773] hv_netvsc vmbus_0_16: Device MAC 00:0d:3a:32:c4:e7 link state up\r\n[    9.645025] scsi host3: storvsc_host_t\r\n[    9.659482] scsi 3:0:1:0: Direct-Access     Msft     Virtual Disk     1.0  PQ: 0 ANSI: 4\r\n[    9.677360] sd 3:0:1:0: Attached scsi generic sg2 type 0\r\n[    9.689391] sd 3:0:1:0: [sdb] 146800640 512-byte logical blocks: (75.1 GB/70.0 GiB)\r\n[    9.706835] sd 3:0:1:0: [sdb] Write Protect is off\r\n[    9.717382] sd 3:0:1:0: [sdb] Write cache: enabled, read cache: enabled, supports DPO and FUA\r\n[    9.737128] scsi host4: storvsc_host_t\r\n[    9.745363]  sdb: sdb1\r\n[    9.751206] scsi 4:0:0:0: scsi scan: INQUIRY result too short (5), using 36\r\n[    9.766021] scsi 4:0:0:1: scsi scan: INQUIRY result too short (5), using 36\r\n[    9.780885] scsi 4:0:1:0: scsi scan: INQUIRY result too short (5), using 36\r\n[    9.796580] scsi host5: storvsc_host_t\r\n[    9.805025] scsi 4:0:1:1: scsi scan: INQUIRY result too short (5), using 36\r\n[    9.815608] scsi 4:1:0:0: scsi scan: INQUIRY result too short (5), using 36\r\n[    9.825874] scsi 5:0:0:0: scsi scan: INQUIRY result too short (5), using 36\r\n[    9.836757] sd 3:0:1:0: [sdb] Attached SCSI disk\r\n[    9.845450] scsi 4:1:0:1: scsi scan: INQUIRY result too short (5), using 36\r\n[    9.857447] scsi 5:0:0:1: scsi scan: INQUIRY result too short (5), using 36\r\n[    9.869255] scsi 4:1:1:0: scsi scan: INQUIRY result too short (5), using 36\r\n[    9.880610] scsi 5:0:1:0: scsi scan: INQUIRY result too short (5), using 36\r\n[    9.892144] scsi 4:1:1:1: scsi scan: INQUIRY result too short (5), using 36\r\n[    9.903683] scsi 5:0:1:1: scsi scan: INQUIRY result too short (5), using 36\r\n[    9.916376] scsi 4:2:0:0: scsi scan: INQUIRY result too short (5), using 36\r\n[    9.927815] scsi 5:1:0:0: scsi scan: INQUIRY result too short (5), using 36\r\n[    9.939125] scsi 4:2:0:1: scsi scan: INQUIRY result too short (5), using 36\r\n[    9.950521] scsi 5:1:0:1: scsi scan: INQUIRY result too short (5), using 36\r\n[    9.961856] scsi 4:2:1:0: scsi scan: INQUIRY result too short (5), using 36\r\n[    9.973334] scsi 5:1:1:0: scsi scan: INQUIRY result too short (5), using 36\r\n[    9.985013] scsi 4:2:1:1: scsi scan: INQUIRY result too short (5), using 36\r\n[    9.996576] scsi 5:1:1:1: scsi scan: INQUIRY result too short (5), using 36\r\n[   10.008241] scsi 4:3:0:0: scsi scan: INQUIRY result too short (5), using 36\r\n[   10.018471] scsi 5:2:0:0: scsi scan: INQUIRY result too short (5), using 36\r\n[   10.028530] scsi 4:3:0:1: scsi scan: INQUIRY result too short (5), using 36\r\n[   10.038595] scsi 5:2:0:1: scsi scan: INQUIRY result too short (5), using 36\r\n[   10.048316] scsi 4:3:1:0: scsi scan: INQUIRY result too short (5), using 36\r\n[   10.058054] scsi 5:2:1:0: scsi scan: INQUIRY result too short (5), using 36\r\n[   10.067651] scsi 4:3:1:1: scsi scan: INQUIRY result too short (5), using 36\r\n[   10.077662] scsi 5:2:1:1: scsi scan: INQUIRY result too short (5), using 36\r\n[   10.087376] scsi 4:4:0:0: scsi scan: INQUIRY result too short (5), using 36\r\n[   10.097307] scsi 5:3:0:0: scsi scan: INQUIRY result too short (5), using 36\r\n[   10.106746] scsi 4:4:0:1: scsi scan: INQUIRY result too short (5), using 36\r\n[   10.117073] scsi 5:3:0:1: scsi scan: INQUIRY result too short (5), using 36\r\n[   10.128272] scsi 4:4:1:0: scsi scan: INQUIRY result too short (5), using 36\r\n[   10.137995] scsi 4:4:1:1: scsi scan: INQUIRY result too short (5), using 36\r\n[   10.147489] scsi 5:3:1:0: scsi scan: INQUIRY result too short (5), using 36\r\n[   10.157138] scsi 4:5:0:0: scsi scan: INQUIRY result too short (5), using 36\r\n[   10.167000] scsi 5:3:1:1: scsi scan: INQUIRY result too short (5), using 36\r\n[   10.176707] scsi 5:4:0:0: scsi scan: INQUIRY result too short (5), using 36\r\n[   10.186253] scsi 4:5:0:1: scsi scan: INQUIRY result too short (5), using 36\r\n[   10.195825] scsi 5:4:0:1: scsi scan: INQUIRY result too short (5), using 36\r\n[   10.205468] scsi 4:5:1:0: scsi scan: INQUIRY result too short (5), using 36\r\n[   10.216329] scsi 5:4:1:0: scsi scan: INQUIRY result too short (5), using 36\r\n[   10.225828] scsi 4:5:1:1: scsi scan: INQUIRY result too short (5), using 36\r\n[   10.235645] scsi 5:4:1:1: scsi scan: INQUIRY result too short (5), using 36\r\n[   10.245230] scsi 4:6:0:0: scsi scan: INQUIRY result too short (5), using 36\r\n[   10.254943] scsi 5:5:0:0: scsi scan: INQUIRY result too short (5), using 36\r\n[   10.264295] scsi 4:6:0:1: scsi scan: INQUIRY result too short (5), using 36\r\n[   10.278623] scsi 5:5:0:1: scsi scan: INQUIRY result too short (5), using 36\r\n[   10.288302] scsi 4:6:1:0: scsi scan: INQUIRY result too short (5), using 36\r\n[   10.298029] scsi 5:5:1:0: scsi scan: INQUIRY result too short (5), using 36\r\n[   10.307670] scsi 4:6:1:1: scsi scan: INQUIRY result too short (5), using 36\r\n[   10.317839] scsi 5:5:1:1: scsi scan: INQUIRY result too short (5), using 36\r\n[   10.327323] scsi 4:7:0:0: scsi scan: INQUIRY result too short (5), using 36\r\n[   10.337479] scsi 5:6:0:0: scsi scan: INQUIRY result too short (5), using 36\r\n[   10.346725] scsi 4:7:0:1: scsi scan: INQUIRY result too short (5), using 36\r\n[   10.356355] scsi 5:6:0:1: scsi scan: INQUIRY result too short (5), using 36\r\n[   10.365579] scsi 4:7:1:0: scsi scan: INQUIRY result too short (5), using 36\r\n[   10.375241] scsi 5:6:1:0: scsi scan: INQUIRY result too short (5), using 36\r\n[   10.384622] scsi 4:7:1:1: scsi scan: INQUIRY result too short (5), using 36\r\n[   10.393991] scsi 5:6:1:1: scsi scan: INQUIRY result too short (5), using 36\r\n[   10.403551] scsi 5:7:0:0: scsi scan: INQUIRY result too short (5), using 36\r\n[   10.414052] scsi 5:7:0:1: scsi scan: INQUIRY result too short (5), using 36\r\n[   10.423859] scsi 5:7:1:0: scsi scan: INQUIRY result too short (5), using 36\r\n[   10.433243] scsi 5:7:1:1: scsi scan: INQUIRY result too short (5), using 36\r\nBegin: Loading essential drivers ... done.\r\r\nBegin: Running /scripts/init-premount ... done.\r\r\nBegin: Mounting root file system ... Begin: Running /scripts/local-top ... done.\r\r\nBegin: Running /scripts/local-premount ... done.\r\r\n[   12.252255] EXT4-fs (sda1): mounted filesystem with ordered data mode. Opts: (null)\r\nBegin: Running /scripts/local-bottom ... done.\r\r\ndone.\r\r\nBegin: Running /scripts/init-bottom ... done.\r\r\n[   12.977235] random: nonblocking pool is initialized\r\n[   14.573461] systemd[1]: Inserted module 'autofs4'\r\n[   15.009796] systemd[1]: systemd 219 running in system mode. (+PAM +AUDIT +SELINUX +IMA +APPARMOR +SMACK +SYSVINIT +UTMP +LIBCRYPTSETUP +GCRYPT -GNUTLS +ACL +XZ -LZ4 -SECCOMP +BLKID -ELFUTILS +KMOD -IDN)\r\n[   15.038097] systemd[1]: Detected virtualization microsoft.\r\n[   15.046497] systemd[1]: Detected architecture x86-64.\r\n\r\r\nWelcome to \u001b[1mUbuntu 15.04\u001b[0m!\r\r\n\r\r\n[   15.178194] systemd[1]: Set hostname to <ubuntu>.\r\n[   15.186655] systemd[1]: Initializing machine ID from random generator.\r\n[   15.197055] systemd[1]: Installed transient /etc/machine-id file.\r\netc-machine\\x2did.mount\r\r\n-.mount\r\r\n[   16.487156] systemd[1]: Cannot add dependency job for unit sshd-keygen.service, ignoring: Unit sshd-keygen.service failed to load: No such file or directory.\r\n[   16.503686] systemd[1]: Cannot add dependency job for unit sshd-keygen.service, ignoring: Unit sshd-keygen.service failed to load: No such file or directory.\r\n[   16.520495] systemd[1]: Cannot add dependency job for unit display-manager.service, ignoring: Unit display-manager.service failed to load: No such file or directory.\r\n[\u001b[32m  OK  \u001b[0m]
[   16.542468] systemd[1]: Reached target Encrypted Volumes.\r\nReached target Encrypted Volumes.\r\r\n[   16.552615] systemd[1]: Starting Encrypted Volumes.\r\n[\u001b[32m  OK  \u001b[0m]
[   16.562851] systemd[1]: Created slice Root Slice.\r\nCreated slice Root Slice.\r\r\n[   16.571812] systemd[1]: Starting Root Slice.\r\n[\u001b[32m  OK  \u001b[0m]
[   16.580526] systemd[1]: Listening on /dev/initctl Compatibility Named Pipe.\r\nListening on /dev/initctl Compatibility Named Pipe.\r\r\n[   16.594144] systemd[1]: Starting /dev/initctl Compatibility Named Pipe.\r\n[\u001b[32m  OK  \u001b[0m]
[   16.605569] systemd[1]: Created slice System Slice.\r\nCreated slice System Slice.\r\r\n[   16.614643] systemd[1]: Starting System Slice.\r\n[\u001b[32m  OK  \u001b[0m]
[   16.623714] systemd[1]: Created slice system-serial\\x2dgetty.slice.\r\nCreated slice system-serial\\x2dgetty.slice.\r\r\n[   16.636702] systemd[1]: Starting system-serial\\x2dgetty.slice.\r\n[   16.643963] systemd[1]: Starting Increase datagram queue length...\r\n         Starting Increase datagram queue length...[   16.658924] systemd[1]: Created slice User and Session Slice.\r\n\r\r\n[\u001b[32m  OK  \u001b[0m] Created slice User and Session Slice.\r[   16.671906] systemd[1]: Starting User and Session Slice.\r\n\r\n[\u001b[32m  OK  \u001b[0m]
[   16.682855] systemd[1]: Listening on udev Control Socket.\r\nListening on udev Control Socket.\r\r\n[   16.693219] systemd[1]: Starting udev Control Socket.\r\n[\u001b[32m  OK  \u001b[0m]
[   16.702848] systemd[1]: Listening on Journal Socket (/dev/log).\r\nListening on Journal Socket (/dev/log).\r\r\n[   16.714274] systemd[1]: Starting Journal Socket (/dev/log).\r\n[\u001b[32m  OK  \u001b[0m[   16.725425] systemd[1]: Listening on Delayed Shutdown Socket.\r\n] Listening on Delayed Shutdown Socket.\r\r\n[   16.740982] systemd[1]: Starting Delayed Shutdown Socket.\r\n[\u001b[32m  OK  \u001b[0m]
[   16.752149] systemd[1]: Listening on Journal Socket.\r\nListening on Journal Socket.\r\r\n[   16.763550] systemd[1]: Starting Journal Socket.\r\n[   16.770795] systemd[1]: Starting Remount Root and Kernel File Systems...\r\n         Starting Remount Root and Kernel File Systems...[   16.786126] systemd[1]: Started Read required files in advance.\r\n\r\r\n[   16.800169] systemd[1]: Starting Load Kernel Modules...\r\n         Starting Load Kernel Modules...[   16.814017] systemd[1]: Starting Setup Virtual Console...\r\n\r\r\n         Starting Setup Virtual Console...[   16.830243] systemd[1]: Starting Create list of required static device nodes for the current kernel...\r\n\r\r\n         Starting Create list of required st... nodes for the current kernel...[   16.859760] systemd[1]: Reached target Remote File Systems (Pre).\r\n[   16.868747] systemd[1]: Starting Remote File Systems (Pre).\r\n\r\r\n[\u001b[32m  OK  \u001b[0m] Reached target Remote File Systems (Pre).\r\r\n[   16.886432] systemd[1]: Mounting Huge Pages File System...\r\n         Mounting Huge Pages File System...[   16.899797] systemd[1]: Reached target Swap.\r\n\r\r\n[\u001b[32m  OK  \u001b[0m] Reached target Swap.\r[   16.910814] systemd[1]: Starting Swap.\r\n\r\n[   16.919954] EXT4-fs (sda1): re-mounted. Opts: discard\r\n[   16.937375] systemd[1]: Listening on udev Kernel Socket.\r\n[\u001b[32m  OK  \u001b[0m] Listening on udev Kernel Socket.\r[   16.949475] systemd[1]: Starting udev Kernel Socket.\r\n\r\n[   16.958581] systemd[1]: Mounting POSIX Message Queue File System...\r\n         Mounting POSIX Message Queue File System...[   16.973866] systemd[1]: Listening on Journal Audit Socket.\r\n\r\r\n[\u001b[32m  OK  \u001b[0m] Listening on Journal Audit Socket.\r[   16.987515] systemd[1]: Starting Journal Audit Socket.\r\n\r\n[   16.998291] systemd[1]: Mounting Debug File System...\r\n         Mounting Debug File System...[   17.015629] systemd[1]: Reached target Slices.\r\n\r\r\n[\u001b[32m  OK  \u001b[0m] Reached target Slices.\r\r\n[   17.030149] systemd[1]: Starting Slices.\r\n[   17.042268] systemd[1]: Starting Nameserver information manager...\r\n         Starting Nameserver information manager...[   17.056779] systemd[1]: Started Forward Password Requests to Wall Directory Watch.\r\n\r\r\n[   17.069646] systemd[1]: Starting Forward Password Requests to Wall Directory Watch.\r\n[\u001b[32m  OK  \u001b[0m]
[   17.083369] systemd[1]: Set up automount Arbitrary Executable File Formats File System Automount Point.\r\nSet up automount Arbitrary Executab...ats File System Automount Point.\r\r\n[   17.104617] systemd[1]: Starting Arbitrary Executable File Formats File System Automount Point.\r\n[   17.117407] systemd[1]: Started Set Up Additional Binary Formats.\r\n[   17.126117] systemd[1]: Starting udev Coldplug all Devices...\r\n         Starting udev Coldplug all Devices...[   17.140719] systemd[1]: Starting Uncomplicated firewall...\r\n\r\r\n         Starting Uncomplicated firewall...[   17.156235] systemd[1]: Created slice system-getty.slice.\r\n\r\r\n[\u001b[32m  OK  \u001b[0m] Created slice system-getty.slice.\r\r\n[   17.172031] systemd[1]: Starting system-getty.slice.\r\n[   17.179788] systemd[1]: Mounted POSIX Message Queue File System.\r\n[\u001b[32m  OK  \u001b[0m] Mounted POSIX Message Queue File System.\r\r\n[   17.195756] systemd[1]: Mounted Debug File System.\r\n[\u001b[32m  OK  \u001b[0m] Mounted Debug File System.\r\r\ndev-mqueue.mount\r\r\n[   17.212595] systemd[1]: Mounted Huge Pages File System.\r\n[\u001b[32m  OK  \u001b[0m] Mounted Huge Pages File System.\r\r\nsys-kernel-debug.mount[   17.230209] systemd[1]: Started Increase datagram queue length.\r\n\r\r\n[\u001b[32m  OK  \u001b[0m] Started Increase datagram queue length.\r[   17.246519] systemd[1]: Started Remount Root and Kernel File Systems.\r\n\r\n[\u001b[32m  OK  \u001b[0m] Started Remount Root and Kernel File Systems.\r[   17.262757] systemd[1]: Started Load Kernel Modules.\r\n\r\ndev-hugepages.mount\r\r\n[\u001b[32m  OK  \u001b[0m] Started Load Kernel Modules.\r[   17.289796] systemd[1]: Started Setup Virtual Console.\r\n\r\nsystemd-setup-dgram-qlen.service[   17.303655] systemd[1]: Started Create list of required static device nodes for the current kernel.\r\n\r\r\n[\u001b[32m  OK  \u001b[0m] Started Setup Virtual Console.\r\r\n[\u001b[32m  OK  \u001b[0m] Started Create list of required sta...ce nodes for the current kernel.\r\r\nsystemd-remount-fs.service\r\r\n[   17.373627] systemd[1]: Started Nameserver information manager.\r\n[\u001b[32m  OK  \u001b[0m] Started Nameserver information manager.\r[   17.411924] systemd[1]: Started Uncomplicated firewall.\r\n\r\nsystemd-modules-load.service[   17.427029] systemd[1]: Started udev Coldplug all Devices.\r\n\r\r\n[\u001b[32m  OK  \u001b[0m] Started Uncomplicated firewall.\r\r\n[\u001b[32m  OK  \u001b[0m] Started udev Coldplug all Devices.\r\r\nsystemd-vconsole-setup.service\r\r\nkmod-static-nodes.service\r\r\nresolvconf.service\r\r\nufw.service\r\r\nsystemd-udev-trigger.service\r\r\n[   17.521454] systemd[1]: Starting udev Wait for Complete Device Initialization...\r\n         Starting udev Wait for Complete Device Initialization...[   17.539864] systemd[1]: Starting Create Static Device Nodes in /dev...\r\n\r\r\n         Starting Create Static Device Nodes in /dev...[   17.558337] systemd[1]: Starting Apply Kernel Variables...\r\n\r\r\n         Starting Apply Kernel Variables...[   17.573162] systemd[1]: Mounted Configuration File System.\r\n\r\r\n[   17.582871] systemd[1]: Mounting FUSE Control File System...\r\n         Mounting FUSE Control File System...\r\r\n[   17.700618] systemd[1]: Started Rebuild Hardware Database.\r\n         Starting Various fixups to make systemd work better on Debian...\r\r\n         Starting Load/Save Random Seed...\r\r\n[\u001b[32m  OK  \u001b[0m] Listening on Syslog Socket.\r\r\n         Starting Journal Service...\r\r\n[\u001b[32m  OK  \u001b[0m] Mounted FUSE Control File System.\r\r\n[\u001b[32m  OK  \u001b[0m] Started Apply Kernel Variables.\r\r\nsys-fs-fuse-connections.mount\r\r\nsystemd-sysctl.service\r\r\n[\u001b[32m  OK  \u001b[0m] Started Load/Save Random Seed.\r\r\nsystemd-random-seed.service\r\r\n[\u001b[32m  OK  \u001b[0m] Started Various fixups to make systemd work better on Debian.\r\r\ndebian-fixup.service\r\r\n[\u001b[32m  OK  \u001b[0m] Started Create Static Device Nodes in /dev.\r\r\n         Starting udev Kernel Device Manager...\r\r\nsystemd-tmpfiles-setup-dev.service\r\r\n[\u001b[32m  OK  \u001b[0m] Started Journal Service.\r\r\n         Starting Flush Journal to Persistent Storage...\r\r\nsystemd-journald.service\r\r\n[\u001b[32m  OK  \u001b[0m] Started Flush Journal to Persistent Storage.\r\r\nsystemd-journal-flush.service\r\r\n[\u001b[32m  OK  \u001b[0m] Started udev Kernel Device Manager.\r\r\n[\u001b[32m  OK  \u001b[0m] Reached target Paths.\r\r\nsystemd-udevd.service\r\r\n[\u001b[32m  OK  \u001b[0m] Created slice system-ifup.slice.\r\r\n[\u001b[32m  OK  \u001b[0m] Found device /dev/ttyS0.\r\r\n[   19.323202] piix4_smbus 0000:00:07.3: SMBus base address uninitialized - upgrade BIOS or use force_addr=0xaddr\r\n[   19.416210] intel_rapl: no valid rapl domains found in package 0\r\n[\u001b[32m  OK  \u001b[0m] Started udev Wait for Complete Device Initialization.\r\r\n         Starting Copy rules generated while the root was ro...\r\r\n[\u001b[32m  OK  \u001b[0m] Reached target Local File Systems (Pre).\r\r\nsystemd-udev-settle.service\r\r\n         Mounting /etc/network/interfaces.dynamic.d...\r\r\n[\u001b[32m  OK  \u001b[0m] Started Copy rules generated while the root was ro.\r\r\n[\u001b[32m  OK  \u001b[0m] Mounted /etc/network/interfaces.dynamic.d.\r\r\n[\u001b[32m  OK  \u001b[0m] Reached target Local File Systems.\r\r\n[\u001b[32m  OK  \u001b[0m] Reached target Remote File Systems.\r\r\n         Starting Set console keymap...\r\r\n         Starting Tell Plymouth To Write Out Runtime Data...\r\r\n         Starting Create Volatile Files and Directories...\r\r\n         Starting Commit a transient machine-id on disk...\r\r\n         Starting LSB: AppArmor initialization...\r\r\n         Starting Wait for all \"auto\" /etc/n... up for network-online.target...\r\r\n[\u001b[32m  OK  \u001b[0m] Started Commit a transient machine-id on disk.\r\r\n[\u001b[32m  OK  \u001b[0m] Started Create Volatile Files and Directories.\r\r\n         Starting Update UTMP about System Boot/Shutdown...\r\r\nudev-finish.service\r\r\n         Starting Network Time Synchronization...\r\r\n[\u001b[32m  OK  \u001b[0m] Started Update UTMP about System Boot/Shutdown.\r\r\n[\u001b[32m  OK  \u001b[0m] Started Set console keymap.\r\r\netc-network-interfaces.dynamic.d.mount\r\r\nsystemd-machine-id-commit.service\r\r\nsystemd-tmpfiles-setup.service\r\r\nsystemd-update-utmp.service\r\r\n[\u001b[32m  OK  \u001b[0m] Started Tell Plymouth To Write Out Runtime Data.\r\r\n[\u001b[32m  OK  \u001b[0m] Started Network Time Synchronization.\r\r\n[\u001b[32m  OK  \u001b[0m] Reached target System Time Synchronized.\r\r\nsystemd-timesyncd.service\r\r\n[\u001b[32m  OK  \u001b[0m] Started LSB: AppArmor initialization.\r\r\n[\u001b[32m  OK  \u001b[0m] Started ifup for eth0.\r\r\n         Starting ifup for eth0...\r\r\n         Starting LSB: Raise network interfaces....\r\r\napparmor.service\r\r\nifup@eth0.service\r\r\n[\u001b[32m  OK  \u001b[0m] Started LSB: Raise network interfaces..\r\r\n[\u001b[32m  OK  \u001b[0m] Reached target Network.\r\r\n[\u001b[32m  OK  \u001b[0m] Reached target System Initialization.\r\r\n[\u001b[32m  OK  \u001b[0m] Listening on UUID daemon activation socket.\r\r\n[\u001b[32m  OK  \u001b[0m] Listening on ACPID Listen Socket.\r\r\n[\u001b[32m  OK  \u001b[0m] Listening on D-Bus System Message Bus Socket.\r\r\n[\u001b[32m  OK  \u001b[0m] Reached target Sockets.\r\r\n[\u001b[32m  OK  \u001b[0m] Reached target Basic System.\r\r\n         Starting Login Service...\r\r\n         Starting System Logging Service...\r\r\n         Starting LSB: Landscape client daemons...\r\r\n[\u001b[32m  OK  \u001b[0m] Started Regular background program processing daemon.\r\r\n         Starting Regular background program processing daemon...\r\r\n[\u001b[32m  OK  \u001b[0m] Started Hyper-V File Copy Protocol Daemon.\r\r\n         Starting Hyper-V File Copy Protocol Daemon...\r\r\n         Starting LSB: daemon to balance interrupts for SMP systems...\r\r\n         Starting Restore /etc/resolv.conf i...e the ppp link was shut down....\r\r\n[\u001b[32m  OK  \u001b[0m] Started Hyper-V KVP Protocol Daemon.\r\r\n         Starting Hyper-V KVP Protocol Daemon...\r\r\n         Starting Initial cloud-init job (pre-networking)...\r\r\n         Starting LSB: Set the CPU Frequency Scaling governor to \"ondemand\"...\r\r\n         Starting Accounts Service...\r\r\n[\u001b[32m  OK  \u001b[0m] Started Hyper-V VSS Protocol Daemon.\r\r\n         Starting Hyper-V VSS Protocol Daemon...\r\r\n[\u001b[32m  OK  \u001b[0m] Started Deferred execution scheduler.\r\r\n         Starting Deferred execution scheduler...\r\r\n         Starting LSB: automatic crash report generation...\r\r\n         Starting /etc/rc.local Compatibility...\r\r\n         Starting LSB: Starts the Micro Name Service Cache Daemon...\r\r\n         Starting LSB: Record successful boot for GRUB...\r\r\n         Starting D-Bus System Message Bus...\r\r\n         Starting Seed the pseudo random number generator on first boot...\r\r\n[\u001b[32m  OK  \u001b[0m] Reached target Timers.\r\r\n[\u001b[32m  OK  \u001b[0m] Started LSB: Landscape client daemons.\r\r\n[\u001b[32m  OK  \u001b[0m] Started Restore /etc/resolv.conf if...ore the ppp link was shut down..\r\r\n[\u001b[32m  OK  \u001b[0m] Started LSB: Set the CPU Frequency Scaling governor to \"ondemand\".\r\r\n[\u001b[32m  OK  \u001b[0m] Started /etc/rc.local Compatibility.\r\r\nnetworking.service\r\r\n[\u001b[32m  OK  \u001b[0m] Started LSB: automatic crash report generation.\r\r\ncron.service\r\r\nhv-fcopy-daemon.service\r\r\nhv-kvp-daemon.service\r\r\nhv-vss-daemon.service\r\r\natd.service\r\r\nlandscape-client.service\r\r\nondemand.service\r\r\nrc-local.service\r\r\napport.service\r\r\n[\u001b[32m  OK  \u001b[0m] Started LSB: Starts the Micro Name Service Cache Daemon.\r\r\nunscd.service\r\r\n[\u001b[32m  OK  \u001b[0m] Started D-Bus System Message Bus.\r\r\ndbus.service\r\r\n[\u001b[32m  OK  \u001b[0m] Started LSB: Record successful boot for GRUB.\r\r\n[\u001b[32m  OK  \u001b[0m] Started System Logging Service.\r\r\n[\u001b[32m  OK  \u001b[0m] Started LSB: daemon to balance interrupts for SMP systems.\r\r\n[\u001b[32m  OK  \u001b[0m] Started Login Service.\r\r\ngrub-common.service\r\r\n[\u001b[32m  OK  \u001b[0m] Started Wait for all \"auto\" /etc/ne...be up for network-online.target.\r\r\n[\u001b[32m  OK  \u001b[0m] Reached target Network is Online.\r\r\n         Starting LSB: Cleans up any mess left by 0dns-up...\r\r\nrsyslog.service\r\r\nirqbalance.service\r\r\nsystemd-logind.service\r\r\nifup-wait-all-auto.service\r\r\n[\u001b[32m  OK  \u001b[0m] Started LSB: Cleans up any mess left by 0dns-up.\r\r\ndns-clean.service\r\r\n         Starting Authenticate and Authorize Users to Run Privileged Tasks...\r\r\n[\u001b[32m  OK  \u001b[0m] Started Authenticate and Authorize Users to Run Privileged Tasks.\r\r\n[\u001b[32m  OK  \u001b[0m] Started Accounts Service.\r\r\npolkitd.service\r\r\naccounts-daemon.service\r\r\n[   29.270984] cloud-init[583]: Cloud-init v. 0.7.7 running 'init-local' at Thu, 21 Jan 2016 22:09:17 +0000. Up 28.68 seconds.\r\r\n[\u001b[32m  OK  \u001b[0m] Started Initial cloud-init job (pre-networking).\r\r\n         Starting Initial cloud-init job (metadata service crawler)...\r\r\ncloud-init-local.service\r\r\n[   30.928130] blk_update_request: I/O error, dev fd0, sector 0\r\n[   30.976127] blk_update_request: I/O error, dev fd0, sector 0\r\ntmp-tmpkhdz2dxc.mount\r\r\n[   31.363734] cloud-init[782]: + i=eth0\r\r\n[   31.378958] cloud-init[782]: + x=0\r\r\n[   31.379283] cloud-init[782]: + ifdown eth0\r\r\n[   31.455134] cloud-init[782]: Killed old client process\r\r\n[   32.470969] cloud-init[782]: Internet Systems Consortium DHCP Client 4.3.1\r\r\n[   32.471155] cloud-init[782]: Copyright 2004-2014 Internet Systems Consortium.\r\r\n[   32.471267] cloud-init[782]: All rights reserved.\r\r\n[   32.471374] cloud-init[782]: For info, please visit https://www.isc.org/software/dhcp/\r\r\n[   32.482375] cloud-init[782]: Listening on LPF/eth0/00:0d:3a:32:c4:e7\r\r\n[   32.482570] cloud-init[782]: Sending on   LPF/eth0/00:0d:3a:32:c4:e7\r\r\n[   32.482777] cloud-init[782]: Sending on   Socket/fallback\r\r\n[   32.537601] cloud-init[782]: DHCPRELEASE on eth0 to 168.63.129.16 port 67 (xid=0x66700ba0)\r\r\n[   32.596423] cloud-init[782]: + ifup eth0\r\r\n[   32.623744] cloud-init[782]: Internet Systems Consortium DHCP Client 4.3.1\r\r\n[   32.632629] cloud-init[782]: Copyright 2004-2014 Internet Systems Consortium.\r\r\n[   32.633186] cloud-init[782]: All rights reserved.\r\r\n[   32.633880] cloud-init[782]: For info, please visit https://www.isc.org/software/dhcp/\r\r\n[   32.655540] cloud-init[782]: Listening on LPF/eth0/00:0d:3a:32:c4:e7\r\r\n[   32.655658] cloud-init[782]: Sending on   LPF/eth0/00:0d:3a:32:c4:e7\r\r\n[   32.655765] cloud-init[782]: Sending on   Socket/fallback\r\r\n[   32.655863] cloud-init[782]: DHCPDISCOVER on eth0 to 255.255.255.255 port 67 interval 3 (xid=0x9336577e)\r\r\n[   32.690917] cloud-init[782]: DHCPREQUEST of 10.0.0.4 on eth0 to 255.255.255.255 port 67 (xid=0x7e573693)\r\r\n[   32.691032] cloud-init[782]: DHCPOFFER of 10.0.0.4 from 168.63.129.16\r\r\n[   32.722011] cloud-init[782]: DHCPACK of 10.0.0.4 from 168.63.129.16\r\r\n[   32.842810] cloud-init[782]: bound to 10.0.0.4 -- renewal in 4294967294 seconds.\r\r\n[   32.885034] cloud-init[782]: + exit 0\r\r\n[\u001b[32m  OK  \u001b[0m] Started Windows Azure Linux Agent.\r\r\n         Starting Windows Azure Linux Agent...\r\r\nwalinuxagent.service\r\r\n2016/01/21 22:09:25 Windows Azure Linux Agent Version: WALinuxAgent-2.0.13\r\r\n2016/01/21 22:09:25 Linux Distribution Detected      : Ubuntu\r\r\n2016/01/21 22:09:25 Module /lib/modules/3.19.0-22-generic/kernel/drivers/ata/ata_piix.ko driver for ATAPI CD-ROM does not exist.\r\r\nmnt-cdrom-secure.mount\r\r\n2016/01/21 22:09:25 mount: /dev/sr0 is write-protected, mounting read-only\r\r\n2016/01/21 22:09:25 mount: /dev/sr0 mounted on /mnt/cdrom/secure.\r\r\n2016/01/21 22:09:25 mount succeeded on attempt #1\r\r\n2016/01/21 22:09:25 VMM Init script not found.  Provisioning for Azure\r\r\n2016/01/21 22:09:25 IPv4 address: 10.0.0.4\r\r\n2016/01/21 22:09:25 MAC  address: 00:0D:3A:32:C4:E7\r\r\n2016/01/21 22:09:25 Probing for Windows Azure environment.\r\r\n2016/01/21 22:09:25 DoDhcpWork: Setting socket.timeout=10, entering recv\r\r\n2016/01/21 22:09:25 Discovered Windows Azure endpoint: 168.63.129.16\r\r\n2016/01/21 22:09:25 Fabric preferred wire protocol version: 2015-04-05\r\r\n2016/01/21 22:09:25 Negotiated wire protocol version: 2012-11-30\r\r\n2016/01/21 22:09:25 SetBlockDeviceTimeout: Update the device sda with timeout 300\r\r\n2016/01/21 22:09:25 SetBlockDeviceTimeout: Update the device sdb with timeout 300\r\r\n2016/01/21 22:09:26 Retrieved GoalState from Windows Azure Fabric.\r\r\n2016/01/21 22:09:26 ExpectedState: Started\r\r\n2016/01/21 22:09:26 ContainerId: 155bb8f9-0ee1-4b5c-876b-5fdd1d432e02\r\r\n2016/01/21 22:09:26 RoleInstanceId: 157700da-6d33-4133-9b6f-05f46ada2ad8._xplatvmStSp\r\r\n2016/01/21 22:09:27 Public cert with thumbprint: 1CFC1AB82C3A82A7CF23F392FCC9EF49F2607B0C was retrieved.\r\r\n[   38.476373] blk_update_request: I/O error, dev fd0, sector 0\r\n[   38.600106] blk_update_request: I/O error, dev fd0, sector 0\r\n[   38.649807] blk_update_request: I/O error, dev fd0, sector 0\r\n[   38.700180] blk_update_request: I/O error, dev fd0, sector 0\r\ntmp-tmpgm7w37ts.mount\r\r\n[\u001b[1;31mFAILED\u001b[0m] Failed to start Seed the pseudo random number generator on first boot.\r\r\nSee \"systemctl status pollinate.service\" for details.\r\r\n[   44.842742] cloud-init[782]:
Jan 21 22:09:34 ubuntu pollinate[1114]: ERROR: Network communication failed [60]\\n22:09:33.523757 * Hostname was NOT found in DNS cache\r\r\n[   44.845825] cloud-init[782]: % Total    % Received % Xferd  Average Speed   Time    Time     Time  Current\r\r\n[   44.846056] cloud-init[782]: Dload  Upload   Total   Spent    Left  Speed\r\r\n[   44.846279] cloud-init[782]: 0     0    0     0    0     0      0      0 --:--:-- --:--:-- --:--:--     022:09:33.528257 *   Trying 91.189.94.10...\r\r\n[   44.852275] cloud-init[782]: 22:09:33.669742 * Connected to entropy.ubuntu.com (91.189.94.10) port 443 (#0)\r\r\n[   44.868656] cloud-init[782]: 22:09:33.670470 * successfully set certificate verify locations:\r\r\n[   44.868901] cloud-init[782]: 22:09:33.670508 *   CAfile: /etc/pollinate/entropy.ubuntu.com.pem\r\r\n[   44.869103] cloud-init[782]: CApath: /dev/null\r\r\n[   44.869324] cloud-init[782]: 22:09:33.670616 * SSLv3, TLS handshake, Client hello (1):\r\r\n[   44.869516] cloud-init[782]: 22:09:33.670646 } [data not shown]\r\r\n[   44.870205] cloud-init[782]: 22:09:33.828511 * SSLv3, TLS handshake, Server hello (2):\r\r\n[   44.870419] cloud-init[782]: 22:09:33.828558 { [data not shown]\r\r\n[   44.870623] cloud-init[782]: 22:09:33.828622 * SSLv3, TLS handshake, CERT (11):\r\r\n[   44.870890] cloud-init[782]: 22:09:33.828648 { [data not shown]\r\r\n[   44.872042] cloud-init[782]: 22:09:33.828974 * SSLv3, TLS alert, Server hello (2):\r\u0000\u0000\u0000\u0000\u0000\u0000\u0000\u0000\u0000\u0000\u0000\u0000\u0000\u0000\u0000\u0000\u0000\u0000\u0000\u0000\u0000\u0000\u0000\u0000\u0000\u0000\u0000\u0000\u0000\u0000\u0000\u0000\u0000\u0000\u0000\u0000\u0000\u0000\u0000\u0000\u0000\u0000\u0000\u0000\u0000\u0000\u0000\u0000\u0000\u0000\u0000\u0000\u0000\u0000\u0000\u0000\u0000\u0000\u0000\u0000\u0000\u0000\u0000\u0000\u0000\u0000\u0000\u0000\u0000\u0000\u0000\u0000\u0000\u0000\u0000\u0000\u0000\u0000\u0000\u0000\u0000\u0000\u0000\u0000\u0000\u0000\u0000\u0000\u0000\u0000\u0000\u0000\u0000\u0000\u0000\u0000\u0000\u0000\u0000\u0000\u0000\u0000\u0000\u0000\u0000\u0000\u0000\u0000\u0000\u0000\u0000\u0000\u0000\u0000\u0000\u0000\u0000\u0000\u0000\u0000\u0000\u0000\u0000\u0000\u0000\u0000\u0000\u0000\u0000\u0000\u0000\u0000\u0000\u0000\u0000\u0000\u0000\u0000\u0000\u0000\u0000\u0000\u0000\u0000\u0000\u0000\u0000\u0000\u0000\u0000\u0000\u0000\u0000\u0000\u0000\u0000\u0000\u0000\u0000\u0000\u0000\u0000\u0000\u0000\u0000\u0000\u0000\u0000\u0000\u0000\u0000\u0000\u0000\u0000\u0000\u0000\u0000\u0000\u0000\u0000\u0000\u0000\u0000\u0000\u0000\u0000\u0000\u0000\u0000\u0000\u0000\u0000\u0000\u0000\u0000\u0000\u0000\u0000\u0000\u0000\u0000\u0000\u0000\u0000\u0000\u0000\u0000\u0000\u0000\u0000\u0000\u0000\u0000\u0000\u0000\u0000\u0000\u0000\u0000\u0000\u0000\u0000\u0000\u0000\u0000\u0000\u0000", { 'content-length': '55296',
  'last-modified': 'Thu, 21 Jan 2016 22:09:34 GMT',
  'accept-ranges': 'bytes',
  etag: '"0x8D322AF8B4D5914"',
  server: 'Windows-Azure-Blob/1.0 Microsoft-HTTPAPI/2.0',
  'x-ms-request-id': '46fcc931-0001-0006-7898-54c70e000000',
  'x-ms-version': '2015-02-21',
  'x-ms-lease-status': 'unlocked',
  'x-ms-lease-state': 'available',
  'x-ms-blob-type': 'PageBlob',
  'x-ms-blob-sequence-number': '0',
  date: 'Thu, 21 Jan 2016 22:10:17 GMT',
  connection: 'close' });
 return result; },
function (nock) { 
var result = 
nock('https://xplattstoragestsp5027.blob.core.windows.net:443')
  .get('/bootdiagnostics-xplatvmst-f9fb195e-134a-437e-9448-512186b916eb/xplatvmStSp.f9fb195e-134a-437e-9448-512186b916eb.serialconsole.log')
