// This file has been autogenerated.

var profile = require('../../../lib/util/profile');

exports.getMockedProfile = function () {
  var newProfile = new profile.Profile();

  newProfile.addSubscription(new profile.Subscription({
    id: 'e33f361b-53c2-4cc7-b829-78906708387b',
    name: 'Microsoft Azure Internal Consumption',
    user: {
      name: 'user@domain.example',
      type: 'servicePrincipal'
    },
    tenantId: '72f988bf-86f1-41af-91ab-2d7cd011db47',
    state: 'Enabled',
    registeredProviders: [],
    isDefault: true
  }, newProfile.environments['AzureCloud']));

  return newProfile;
};

exports.setEnvironment = function() {
  process.env['AZURE_VM_TEST_LOCATION'] = 'eastus';
  process.env['SSHCERT'] = 'test/myCert.pem';
};

exports.scopes = [[function (nock) { 
var result = 
nock('http://management.azure.com:443')
  .get('/subscriptions/e33f361b-53c2-4cc7-b829-78906708387b/resourceGroups/xplatTestGVMStart/providers/Microsoft.Compute/virtualMachines/xplatvmStSp?$expand=instanceView&api-version=2015-06-15')
  .reply(200, "{\r\n  \"properties\": {\r\n    \"vmId\": \"df3fa4fc-3202-43e0-9460-8cc9d214afe9\",\r\n    \"hardwareProfile\": {\r\n      \"vmSize\": \"Standard_A1\"\r\n    },\r\n    \"storageProfile\": {\r\n      \"imageReference\": {\r\n        \"publisher\": \"canonical\",\r\n        \"offer\": \"UbuntuServer\",\r\n        \"sku\": \"15.04\",\r\n        \"version\": \"15.04.201507070\"\r\n      },\r\n      \"osDisk\": {\r\n        \"osType\": \"Linux\",\r\n        \"name\": \"clife64bc661220070d-os-1453870776949\",\r\n        \"createOption\": \"FromImage\",\r\n        \"vhd\": {\r\n          \"uri\": \"https://xplattstoragestsp5877.blob.core.windows.net/xplatteststoragecntstsp/clife64bc661220070d-os-1453870776949.vhd\"\r\n        },\r\n        \"caching\": \"ReadWrite\"\r\n      },\r\n      \"dataDisks\": []\r\n    },\r\n    \"osProfile\": {\r\n      \"computerName\": \"xplatvmStSp\",\r\n      \"adminUsername\": \"azureuser\",\r\n      \"linuxConfiguration\": {\r\n        \"disablePasswordAuthentication\": false\r\n      },\r\n      \"secrets\": []\r\n    },\r\n    \"networkProfile\": {\"networkInterfaces\":[{\"id\":\"/subscriptions/e33f361b-53c2-4cc7-b829-78906708387b/resourceGroups/xplatTestGVMStart/providers/Microsoft.Network/networkInterfaces/xplattestnicStSp\"}]},\r\n    \"diagnosticsProfile\": {\r\n      \"bootDiagnostics\": {\r\n        \"enabled\": true,\r\n        \"storageUri\": \"https://xplattstoragestsp5877.blob.core.windows.net/\"\r\n      }\r\n    },\r\n    \"provisioningState\": \"Succeeded\",\r\n    \"instanceView\": {\r\n      \"vmAgent\": {\r\n        \"vmAgentVersion\": \"WALinuxAgent-2.0.13\",\r\n        \"statuses\": [\r\n          {\r\n            \"code\": \"ProvisioningState/succeeded\",\r\n            \"level\": \"Info\",\r\n            \"displayStatus\": \"Ready\",\r\n            \"message\": \"GuestAgent is running and accepting new configurations.\",\r\n            \"time\": \"2016-01-27T05:03:10+00:00\"\r\n          }\r\n        ],\r\n        \"extensionHandlers\": []\r\n      },\r\n      \"disks\": [\r\n        {\r\n          \"name\": \"clife64bc661220070d-os-1453870776949\",\r\n          \"statuses\": [\r\n            {\r\n              \"code\": \"ProvisioningState/succeeded\",\r\n              \"level\": \"Info\",\r\n              \"displayStatus\": \"Provisioning succeeded\",\r\n              \"time\": \"2016-01-27T05:01:26.3752637+00:00\"\r\n            }\r\n          ]\r\n        }\r\n      ],\r\n      \"bootDiagnostics\": {\r\n        \"consoleScreenshotBlobUri\": \"https://xplattstoragestsp5877.blob.core.windows.net/bootdiagnostics-xplatvmst-df3fa4fc-3202-43e0-9460-8cc9d214afe9/xplatvmStSp.df3fa4fc-3202-43e0-9460-8cc9d214afe9.screenshot.bmp\",\r\n        \"serialConsoleLogBlobUri\": \"https://xplattstoragestsp5877.blob.core.windows.net/bootdiagnostics-xplatvmst-df3fa4fc-3202-43e0-9460-8cc9d214afe9/xplatvmStSp.df3fa4fc-3202-43e0-9460-8cc9d214afe9.serialconsole.log\"\r\n      },\r\n      \"statuses\": [\r\n        {\r\n          \"code\": \"ProvisioningState/succeeded\",\r\n          \"level\": \"Info\",\r\n          \"displayStatus\": \"Provisioning succeeded\",\r\n          \"time\": \"2016-01-27T05:03:14.3113754+00:00\"\r\n        },\r\n        {\r\n          \"code\": \"PowerState/running\",\r\n          \"level\": \"Info\",\r\n          \"displayStatus\": \"VM running\"\r\n        }\r\n      ]\r\n    }\r\n  },\r\n  \"id\": \"/subscriptions/e33f361b-53c2-4cc7-b829-78906708387b/resourceGroups/xplatTestGVMStart/providers/Microsoft.Compute/virtualMachines/xplatvmStSp\",\r\n  \"name\": \"xplatvmStSp\",\r\n  \"type\": \"Microsoft.Compute/virtualMachines\",\r\n  \"location\": \"eastus\",\r\n  \"tags\": {}\r\n}", { 'cache-control': 'no-cache',
  pragma: 'no-cache',
  'content-length': '3310',
  'content-type': 'application/json; charset=utf-8',
  expires: '-1',
  'strict-transport-security': 'max-age=31536000; includeSubDomains',
  'x-ms-served-by': 'db2c81f2-c6fa-41a7-b70e-bc4bed3c3b56_130983411051883160',
  'x-ms-request-id': '1063f7f1-05aa-44bc-95a8-8eb44d938e14',
  server: 'Microsoft-HTTPAPI/2.0, Microsoft-HTTPAPI/2.0',
  'x-ms-ratelimit-remaining-subscription-reads': '14990',
  'x-ms-correlation-request-id': '005b3916-5b58-4bc6-9708-297eebf61253',
  'x-ms-routing-request-id': 'WESTUS:20160127T050330Z:005b3916-5b58-4bc6-9708-297eebf61253',
  date: 'Wed, 27 Jan 2016 05:03:30 GMT',
  connection: 'close' });
 return result; },
function (nock) { 
var result = 
nock('https://management.azure.com:443')
  .get('/subscriptions/e33f361b-53c2-4cc7-b829-78906708387b/resourceGroups/xplatTestGVMStart/providers/Microsoft.Compute/virtualMachines/xplatvmStSp?$expand=instanceView&api-version=2015-06-15')
  .reply(200, "{\r\n  \"properties\": {\r\n    \"vmId\": \"df3fa4fc-3202-43e0-9460-8cc9d214afe9\",\r\n    \"hardwareProfile\": {\r\n      \"vmSize\": \"Standard_A1\"\r\n    },\r\n    \"storageProfile\": {\r\n      \"imageReference\": {\r\n        \"publisher\": \"canonical\",\r\n        \"offer\": \"UbuntuServer\",\r\n        \"sku\": \"15.04\",\r\n        \"version\": \"15.04.201507070\"\r\n      },\r\n      \"osDisk\": {\r\n        \"osType\": \"Linux\",\r\n        \"name\": \"clife64bc661220070d-os-1453870776949\",\r\n        \"createOption\": \"FromImage\",\r\n        \"vhd\": {\r\n          \"uri\": \"https://xplattstoragestsp5877.blob.core.windows.net/xplatteststoragecntstsp/clife64bc661220070d-os-1453870776949.vhd\"\r\n        },\r\n        \"caching\": \"ReadWrite\"\r\n      },\r\n      \"dataDisks\": []\r\n    },\r\n    \"osProfile\": {\r\n      \"computerName\": \"xplatvmStSp\",\r\n      \"adminUsername\": \"azureuser\",\r\n      \"linuxConfiguration\": {\r\n        \"disablePasswordAuthentication\": false\r\n      },\r\n      \"secrets\": []\r\n    },\r\n    \"networkProfile\": {\"networkInterfaces\":[{\"id\":\"/subscriptions/e33f361b-53c2-4cc7-b829-78906708387b/resourceGroups/xplatTestGVMStart/providers/Microsoft.Network/networkInterfaces/xplattestnicStSp\"}]},\r\n    \"diagnosticsProfile\": {\r\n      \"bootDiagnostics\": {\r\n        \"enabled\": true,\r\n        \"storageUri\": \"https://xplattstoragestsp5877.blob.core.windows.net/\"\r\n      }\r\n    },\r\n    \"provisioningState\": \"Succeeded\",\r\n    \"instanceView\": {\r\n      \"vmAgent\": {\r\n        \"vmAgentVersion\": \"WALinuxAgent-2.0.13\",\r\n        \"statuses\": [\r\n          {\r\n            \"code\": \"ProvisioningState/succeeded\",\r\n            \"level\": \"Info\",\r\n            \"displayStatus\": \"Ready\",\r\n            \"message\": \"GuestAgent is running and accepting new configurations.\",\r\n            \"time\": \"2016-01-27T05:03:10+00:00\"\r\n          }\r\n        ],\r\n        \"extensionHandlers\": []\r\n      },\r\n      \"disks\": [\r\n        {\r\n          \"name\": \"clife64bc661220070d-os-1453870776949\",\r\n          \"statuses\": [\r\n            {\r\n              \"code\": \"ProvisioningState/succeeded\",\r\n              \"level\": \"Info\",\r\n              \"displayStatus\": \"Provisioning succeeded\",\r\n              \"time\": \"2016-01-27T05:01:26.3752637+00:00\"\r\n            }\r\n          ]\r\n        }\r\n      ],\r\n      \"bootDiagnostics\": {\r\n        \"consoleScreenshotBlobUri\": \"https://xplattstoragestsp5877.blob.core.windows.net/bootdiagnostics-xplatvmst-df3fa4fc-3202-43e0-9460-8cc9d214afe9/xplatvmStSp.df3fa4fc-3202-43e0-9460-8cc9d214afe9.screenshot.bmp\",\r\n        \"serialConsoleLogBlobUri\": \"https://xplattstoragestsp5877.blob.core.windows.net/bootdiagnostics-xplatvmst-df3fa4fc-3202-43e0-9460-8cc9d214afe9/xplatvmStSp.df3fa4fc-3202-43e0-9460-8cc9d214afe9.serialconsole.log\"\r\n      },\r\n      \"statuses\": [\r\n        {\r\n          \"code\": \"ProvisioningState/succeeded\",\r\n          \"level\": \"Info\",\r\n          \"displayStatus\": \"Provisioning succeeded\",\r\n          \"time\": \"2016-01-27T05:03:14.3113754+00:00\"\r\n        },\r\n        {\r\n          \"code\": \"PowerState/running\",\r\n          \"level\": \"Info\",\r\n          \"displayStatus\": \"VM running\"\r\n        }\r\n      ]\r\n    }\r\n  },\r\n  \"id\": \"/subscriptions/e33f361b-53c2-4cc7-b829-78906708387b/resourceGroups/xplatTestGVMStart/providers/Microsoft.Compute/virtualMachines/xplatvmStSp\",\r\n  \"name\": \"xplatvmStSp\",\r\n  \"type\": \"Microsoft.Compute/virtualMachines\",\r\n  \"location\": \"eastus\",\r\n  \"tags\": {}\r\n}", { 'cache-control': 'no-cache',
  pragma: 'no-cache',
  'content-length': '3310',
  'content-type': 'application/json; charset=utf-8',
  expires: '-1',
  'strict-transport-security': 'max-age=31536000; includeSubDomains',
  'x-ms-served-by': 'db2c81f2-c6fa-41a7-b70e-bc4bed3c3b56_130983411051883160',
  'x-ms-request-id': '1063f7f1-05aa-44bc-95a8-8eb44d938e14',
  server: 'Microsoft-HTTPAPI/2.0, Microsoft-HTTPAPI/2.0',
  'x-ms-ratelimit-remaining-subscription-reads': '14990',
  'x-ms-correlation-request-id': '005b3916-5b58-4bc6-9708-297eebf61253',
  'x-ms-routing-request-id': 'WESTUS:20160127T050330Z:005b3916-5b58-4bc6-9708-297eebf61253',
  date: 'Wed, 27 Jan 2016 05:03:30 GMT',
  connection: 'close' });
 return result; },
function (nock) { 
var result = 
nock('http://management.azure.com:443')
  .post('/subscriptions/e33f361b-53c2-4cc7-b829-78906708387b/resourceGroups/xplatTestGVMStart/providers/Microsoft.Storage/storageAccounts/xplattstoragestsp5877/listKeys?api-version=2015-06-15')
  .reply(200, "{\"key1\":\"AIKptXtnPX4b88g4kBYW8fR9OHhVpcrN8FGfGMlwSqUYnVlVdAtC+ZpozVvgC2E34AWZLKHv+EQwrTT+weB/7g==\",\"key2\":\"rMBg2grxw4gZtQbt6KeGLD+Ev5um48+uaQpYRjpPl6lo4Vv3P7Dc6wCQUYPNpShJq+XXg3kWVtHko10sQHPb3w==\"}\n", { 'cache-control': 'no-cache',
  pragma: 'no-cache',
  'content-length': '198',
  'content-type': 'application/json',
  expires: '-1',
  'x-ms-request-id': 'ef280788-277e-4b65-a8e5-481f045b5635',
  server: 'Microsoft-Azure-Storage-Resource-Provider/1.0, Microsoft-HTTPAPI/2.0',
  'x-ms-ratelimit-remaining-subscription-writes': '1197',
  'x-ms-correlation-request-id': 'ef280788-277e-4b65-a8e5-481f045b5635',
  'x-ms-routing-request-id': 'WESTUS:20160127T050330Z:ef280788-277e-4b65-a8e5-481f045b5635',
  'strict-transport-security': 'max-age=31536000; includeSubDomains',
  date: 'Wed, 27 Jan 2016 05:03:30 GMT',
  connection: 'close' });
 return result; },
function (nock) { 
var result = 
nock('https://management.azure.com:443')
  .post('/subscriptions/e33f361b-53c2-4cc7-b829-78906708387b/resourceGroups/xplatTestGVMStart/providers/Microsoft.Storage/storageAccounts/xplattstoragestsp5877/listKeys?api-version=2015-06-15')
  .reply(200, "{\"key1\":\"AIKptXtnPX4b88g4kBYW8fR9OHhVpcrN8FGfGMlwSqUYnVlVdAtC+ZpozVvgC2E34AWZLKHv+EQwrTT+weB/7g==\",\"key2\":\"rMBg2grxw4gZtQbt6KeGLD+Ev5um48+uaQpYRjpPl6lo4Vv3P7Dc6wCQUYPNpShJq+XXg3kWVtHko10sQHPb3w==\"}\n", { 'cache-control': 'no-cache',
  pragma: 'no-cache',
  'content-length': '198',
  'content-type': 'application/json',
  expires: '-1',
  'x-ms-request-id': 'ef280788-277e-4b65-a8e5-481f045b5635',
  server: 'Microsoft-Azure-Storage-Resource-Provider/1.0, Microsoft-HTTPAPI/2.0',
  'x-ms-ratelimit-remaining-subscription-writes': '1197',
  'x-ms-correlation-request-id': 'ef280788-277e-4b65-a8e5-481f045b5635',
  'x-ms-routing-request-id': 'WESTUS:20160127T050330Z:ef280788-277e-4b65-a8e5-481f045b5635',
  'strict-transport-security': 'max-age=31536000; includeSubDomains',
  date: 'Wed, 27 Jan 2016 05:03:30 GMT',
  connection: 'close' });
 return result; },
function (nock) { 
var result = 
nock('http://xplattstoragestsp5877.blob.core.windows.net:443')
  .head('/bootdiagnostics-xplatvmst-df3fa4fc-3202-43e0-9460-8cc9d214afe9/xplatvmStSp.df3fa4fc-3202-43e0-9460-8cc9d214afe9.serialconsole.log')
  .reply(200, "", { 'content-length': '63488',
  'last-modified': 'Wed, 27 Jan 2016 05:03:10 GMT',
  'accept-ranges': 'bytes',
  etag: '"0x8D326D7271E1ECE"',
  server: 'Windows-Azure-Blob/1.0 Microsoft-HTTPAPI/2.0',
  'x-ms-request-id': 'c2539d82-0001-00a0-77c0-58e919000000',
  'x-ms-version': '2015-02-21',
  'x-ms-lease-status': 'unlocked',
  'x-ms-lease-state': 'available',
  'x-ms-blob-type': 'PageBlob',
  'x-ms-blob-sequence-number': '0',
  date: 'Wed, 27 Jan 2016 05:03:31 GMT',
  connection: 'close' });
 return result; },
function (nock) { 
var result = 
nock('https://xplattstoragestsp5877.blob.core.windows.net:443')
  .head('/bootdiagnostics-xplatvmst-df3fa4fc-3202-43e0-9460-8cc9d214afe9/xplatvmStSp.df3fa4fc-3202-43e0-9460-8cc9d214afe9.serialconsole.log')
  .reply(200, "", { 'content-length': '63488',
  'last-modified': 'Wed, 27 Jan 2016 05:03:10 GMT',
  'accept-ranges': 'bytes',
  etag: '"0x8D326D7271E1ECE"',
  server: 'Windows-Azure-Blob/1.0 Microsoft-HTTPAPI/2.0',
  'x-ms-request-id': 'c2539d82-0001-00a0-77c0-58e919000000',
  'x-ms-version': '2015-02-21',
  'x-ms-lease-status': 'unlocked',
  'x-ms-lease-state': 'available',
  'x-ms-blob-type': 'PageBlob',
  'x-ms-blob-sequence-number': '0',
  date: 'Wed, 27 Jan 2016 05:03:31 GMT',
  connection: 'close' });
 return result; },
function (nock) { 
var result = 
nock('http://xplattstoragestsp5877.blob.core.windows.net:443')
  .get('/bootdiagnostics-xplatvmst-df3fa4fc-3202-43e0-9460-8cc9d214afe9/xplatvmStSp.df3fa4fc-3202-43e0-9460-8cc9d214afe9.serialconsole.log')
  .reply(200, "\u001b[H\u001b[J\u001b[1;1H[    0.000000] Initializing cgroup subsys cpuset\r\n[    0.000000] Initializing cgroup subsys cpu\r\n[    0.000000] Initializing cgroup subsys cpuacct\r\n[    0.000000] Linux version 3.19.0-22-generic (buildd@allspice) (gcc version 4.9.2 (Ubuntu 4.9.2-10ubuntu13) ) #22-Ubuntu SMP Tue Jun 16 17:15:15 UTC 2015 (Ubuntu 3.19.0-22.22-generic 3.19.8-ckt1)\r\n[    0.000000] Command line: BOOT_IMAGE=/boot/vmlinuz-3.19.0-22-generic root=UUID=86b96bdf-cfdc-4d59-8fcc-539ee2251b7d ro console=tty1 console=ttyS0 earlyprintk=ttyS0 rootdelay=300\r\n[    0.000000] KERNEL supported cpus:\r\n[    0.000000]   Intel GenuineIntel\r\n[    0.000000]   AMD AuthenticAMD\r\n[    0.000000]   Centaur CentaurHauls\r\n[    0.000000] e820: BIOS-provided physical RAM map:\r\n[    0.000000] BIOS-e820: [mem 0x0000000000000000-0x000000000009fbff] usable\r\n[    0.000000] BIOS-e820: [mem 0x000000000009fc00-0x000000000009ffff] reserved\r\n[    0.000000] BIOS-e820: [mem 0x00000000000e0000-0x00000000000fffff] reserved\r\n[    0.000000] BIOS-e820: [mem 0x0000000000100000-0x000000001ffeffff] usable\r\n[    0.000000] BIOS-e820: [mem 0x000000001fff0000-0x000000001fffefff] ACPI data\r\n[    0.000000] BIOS-e820: [mem 0x000000001ffff000-0x000000001fffffff] ACPI NVS\r\n[    0.000000] BIOS-e820: [mem 0x0000000100000000-0x000000014fffffff] usable\r\n[    0.000000] bootconsole [earlyser0] enabled\r\n[    0.000000] NX (Execute Disable) protection: active\r\n[    0.000000] SMBIOS 2.3 present.\r\n[    0.000000] Hypervisor detected: Microsoft HyperV\r\n[    0.000000] HyperV: features 0xe7f, hints 0x2c\r\n[    0.000000] HyperV: LAPIC Timer Frequency: 0xc3500\r\n[    0.000000] AGP: No AGP bridge found\r\n[    0.000000] e820: last_pfn = 0x150000 max_arch_pfn = 0x400000000\r\n[    0.000000] PAT configuration [0-7]: WB  WC  UC- UC  WB  WC  UC- UC  \r\n[    0.000000] e820: last_pfn = 0x1fff0 max_arch_pfn = 0x400000000\r\n[    0.000000] found SMP MP-table at [mem 0x000ff780-0x000ff78f] mapped at [ffff8800000ff780]\r\n[    0.000000] Scanning 1 areas for low memory corruption\r\n[    0.000000] init_memory_mapping: [mem 0x00000000-0x000fffff]\r\n[    0.000000] init_memory_mapping: [mem 0x14fe00000-0x14fffffff]\r\n[    0.000000] init_memory_mapping: [mem 0x140000000-0x14fdfffff]\r\n[    0.000000] init_memory_mapping: [mem 0x120000000-0x13fffffff]\r\n[    0.000000] init_memory_mapping: [mem 0x00100000-0x1ffeffff]\r\n[    0.000000] init_memory_mapping: [mem 0x100000000-0x11fffffff]\r\n[    0.000000] RAMDISK: [mem 0x1dd2d000-0x1f7c3fff]\r\n[    0.000000] ACPI: Early table checksum verification disabled\r\n[    0.000000] ACPI: RSDP 0x00000000000F56F0 000014 (v00 ACPIAM)\r\n[    0.000000] ACPI: RSDT 0x000000001FFF0000 000040 (v01 VRTUAL MICROSFT 05001223 MSFT 00000097)\r\n[    0.000000] ACPI: FACP 0x000000001FFF0200 000081 (v02 VRTUAL MICROSFT 05001223 MSFT 00000097)\r\n[    0.000000] ACPI: DSDT 0x000000001FFF1724 002E78 (v01 MSFTVM MSFTVM02 00000002 INTL 02002026)\r\n[    0.000000] ACPI: FACS 0x000000001FFFF000 000040\r\n[    0.000000] ACPI: WAET 0x000000001FFF1480 000028 (v01 VRTUAL MICROSFT 05001223 MSFT 00000097)\r\n[    0.000000] ACPI: SLIC 0x000000001FFF14C0 000176 (v01 VRTUAL MICROSFT 05001223 MSFT 00000097)\r\n[    0.000000] ACPI: OEM0 0x000000001FFF16C0 000064 (v01 VRTUAL MICROSFT 05001223 MSFT 00000097)\r\n[    0.000000] ACPI: SRAT 0x000000001FFF0600 000090 (v02 VRTUAL MICROSFT 00000001 MSFT 00000001)\r\n[    0.000000] ACPI: APIC 0x000000001FFF0300 00024C (v01 VRTUAL MICROSFT 05001223 MSFT 00000097)\r\n[    0.000000] ACPI: OEMB 0x000000001FFFF040 000064 (v01 VRTUAL MICROSFT 05001223 MSFT 00000097)\r\n[    0.000000] SRAT: PXM 0 -> APIC 0x00 -> Node 0\r\n[    0.000000] SRAT: Node 0 PXM 0 [mem 0x00000000-0x1fffffff]\r\n[    0.000000] SRAT: Node 0 PXM 0 [mem 0x100000000-0x14fffffff]\r\n[    0.000000] NUMA: Node 0 [mem 0x00000000-0x1fffffff] + [mem 0x100000000-0x14fffffff] -> [mem 0x00000000-0x14fffffff]\r\n[    0.000000] NODE_DATA(0) allocated [mem 0x14fffa000-0x14fffefff]\r\n[    0.000000] Zone ranges:\r\n[    0.000000]   DMA      [mem 0x00001000-0x00ffffff]\r\n[    0.000000]   DMA32    [mem 0x01000000-0xffffffff]\r\n[    0.000000]   Normal   [mem 0x100000000-0x14fffffff]\r\n[    0.000000] Movable zone start for each node\r\n[    0.000000] Early memory node ranges\r\n[    0.000000]   node   0: [mem 0x00001000-0x0009efff]\r\n[    0.000000]   node   0: [mem 0x00100000-0x1ffeffff]\r\n[    0.000000]   node   0: [mem 0x100000000-0x14fffffff]\r\n[    0.000000] Initmem setup node 0 [mem 0x00001000-0x14fffffff]\r\n[    0.000000] ACPI: PM-Timer IO Port: 0x408\r\n[    0.000000] ACPI: LAPIC (acpi_id[0x01] lapic_id[0x00] enabled)\r\n[    0.000000] ACPI: LAPIC (acpi_id[0x02] lapic_id[0x01] disabled)\r\n[    0.000000] ACPI: LAPIC (acpi_id[0x03] lapic_id[0x02] disabled)\r\n[    0.000000] ACPI: LAPIC (acpi_id[0x04] lapic_id[0x03] disabled)\r\n[    0.000000] ACPI: LAPIC (acpi_id[0x05] lapic_id[0x04] disabled)\r\n[    0.000000] ACPI: LAPIC (acpi_id[0x06] lapic_id[0x05] disabled)\r\n[    0.000000] ACPI: LAPIC (acpi_id[0x07] lapic_id[0x06] disabled)\r\n[    0.000000] ACPI: LAPIC (acpi_id[0x08] lapic_id[0x07] disabled)\r\n[    0.000000] ACPI: LAPIC (acpi_id[0x09] lapic_id[0x08] disabled)\r\n[    0.000000] ACPI: LAPIC (acpi_id[0x0a] lapic_id[0x09] disabled)\r\n[    0.000000] ACPI: LAPIC (acpi_id[0x0b] lapic_id[0x0a] disabled)\r\n[    0.000000] ACPI: LAPIC (acpi_id[0x0c] lapic_id[0x0b] disabled)\r\n[    0.000000] ACPI: LAPIC (acpi_id[0x0d] lapic_id[0x0c] disabled)\r\n[    0.000000] ACPI: LAPIC (acpi_id[0x0e] lapic_id[0x0d] disabled)\r\n[    0.000000] ACPI: LAPIC (acpi_id[0x0f] lapic_id[0x0e] disabled)\r\n[    0.000000] ACPI: LAPIC (acpi_id[0x10] lapic_id[0x0f] disabled)\r\n[    0.000000] ACPI: LAPIC (acpi_id[0x11] lapic_id[0x10] disabled)\r\n[    0.000000] ACPI: LAPIC (acpi_id[0x12] lapic_id[0x11] disabled)\r\n[    0.000000] ACPI: LAPIC (acpi_id[0x13] lapic_id[0x12] disabled)\r\n[    0.000000] ACPI: LAPIC (acpi_id[0x14] lapic_id[0x13] disabled)\r\n[    0.000000] ACPI: LAPIC (acpi_id[0x15] lapic_id[0x14] disabled)\r\n[    0.000000] ACPI: LAPIC (acpi_id[0x16] lapic_id[0x15] disabled)\r\n[    0.000000] ACPI: LAPIC (acpi_id[0x17] lapic_id[0x16] disabled)\r\n[    0.000000] ACPI: LAPIC (acpi_id[0x18] lapic_id[0x17] disabled)\r\n[    0.000000] ACPI: LAPIC (acpi_id[0x19] lapic_id[0x18] disabled)\r\n[    0.000000] ACPI: LAPIC (acpi_id[0x1a] lapic_id[0x19] disabled)\r\n[    0.000000] ACPI: LAPIC (acpi_id[0x1b] lapic_id[0x1a] disabled)\r\n[    0.000000] ACPI: LAPIC (acpi_id[0x1c] lapic_id[0x1b] disabled)\r\n[    0.000000] ACPI: LAPIC (acpi_id[0x1d] lapic_id[0x1c] disabled)\r\n[    0.000000] ACPI: LAPIC (acpi_id[0x1e] lapic_id[0x1d] disabled)\r\n[    0.000000] ACPI: LAPIC (acpi_id[0x1f] lapic_id[0x1e] disabled)\r\n[    0.000000] ACPI: LAPIC (acpi_id[0x20] lapic_id[0x1f] disabled)\r\n[    0.000000] ACPI: LAPIC (acpi_id[0x21] lapic_id[0x20] disabled)\r\n[    0.000000] ACPI: LAPIC (acpi_id[0x22] lapic_id[0x21] disabled)\r\n[    0.000000] ACPI: LAPIC (acpi_id[0x23] lapic_id[0x22] disabled)\r\n[    0.000000] ACPI: LAPIC (acpi_id[0x24] lapic_id[0x23] disabled)\r\n[    0.000000] ACPI: LAPIC (acpi_id[0x25] lapic_id[0x24] disabled)\r\n[    0.000000] ACPI: LAPIC (acpi_id[0x26] lapic_id[0x25] disabled)\r\n[    0.000000] ACPI: LAPIC (acpi_id[0x27] lapic_id[0x26] disabled)\r\n[    0.000000] ACPI: LAPIC (acpi_id[0x28] lapic_id[0x27] disabled)\r\n[    0.000000] ACPI: LAPIC (acpi_id[0x29] lapic_id[0x28] disabled)\r\n[    0.000000] ACPI: LAPIC (acpi_id[0x2a] lapic_id[0x29] disabled)\r\n[    0.000000] ACPI: LAPIC (acpi_id[0x2b] lapic_id[0x2a] disabled)\r\n[    0.000000] ACPI: LAPIC (acpi_id[0x2c] lapic_id[0x2b] disabled)\r\n[    0.000000] ACPI: LAPIC (acpi_id[0x2d] lapic_id[0x2c] disabled)\r\n[    0.000000] ACPI: LAPIC (acpi_id[0x2e] lapic_id[0x2d] disabled)\r\n[    0.000000] ACPI: LAPIC (acpi_id[0x2f] lapic_id[0x2e] disabled)\r\n[    0.000000] ACPI: LAPIC (acpi_id[0x30] lapic_id[0x2f] disabled)\r\n[    0.000000] ACPI: LAPIC (acpi_id[0x31] lapic_id[0x30] disabled)\r\n[    0.000000] ACPI: LAPIC (acpi_id[0x32] lapic_id[0x31] disabled)\r\n[    0.000000] ACPI: LAPIC (acpi_id[0x33] lapic_id[0x32] disabled)\r\n[    0.000000] ACPI: LAPIC (acpi_id[0x34] lapic_id[0x33] disabled)\r\n[    0.000000] ACPI: LAPIC (acpi_id[0x35] lapic_id[0x34] disabled)\r\n[    0.000000] ACPI: LAPIC (acpi_id[0x36] lapic_id[0x35] disabled)\r\n[    0.000000] ACPI: LAPIC (acpi_id[0x37] lapic_id[0x36] disabled)\r\n[    0.000000] ACPI: LAPIC (acpi_id[0x38] lapic_id[0x37] disabled)\r\n[    0.000000] ACPI: LAPIC (acpi_id[0x39] lapic_id[0x38] disabled)\r\n[    0.000000] ACPI: LAPIC (acpi_id[0x3a] lapic_id[0x39] disabled)\r\n[    0.000000] ACPI: LAPIC (acpi_id[0x3b] lapic_id[0x3a] disabled)\r\n[    0.000000] ACPI: LAPIC (acpi_id[0x3c] lapic_id[0x3b] disabled)\r\n[    0.000000] ACPI: LAPIC (acpi_id[0x3d] lapic_id[0x3c] disabled)\r\n[    0.000000] ACPI: LAPIC (acpi_id[0x3e] lapic_id[0x3d] disabled)\r\n[    0.000000] ACPI: LAPIC (acpi_id[0x3f] lapic_id[0x3e] disabled)\r\n[    0.000000] ACPI: LAPIC (acpi_id[0x40] lapic_id[0x3f] disabled)\r\n[    0.000000] ACPI: IOAPIC (id[0x00] address[0xfec00000] gsi_base[0])\r\n[    0.000000] IOAPIC[0]: apic_id 0, version 17, address 0xfec00000, GSI 0-23\r\n[    0.000000] ACPI: INT_SRC_OVR (bus 0 bus_irq 0 global_irq 2 dfl dfl)\r\n[    0.000000] ACPI: INT_SRC_OVR (bus 0 bus_irq 9 global_irq 9 high level)\r\n[    0.000000] Using ACPI (MADT) for SMP configuration information\r\n[    0.000000] smpboot: Allowing 64 CPUs, 63 hotplug CPUs\r\n[    0.000000] PM: Registered nosave memory: [mem 0x00000000-0x00000fff]\r\n[    0.000000] PM: Registered nosave memory: [mem 0x0009f000-0x0009ffff]\r\n[    0.000000] PM: Registered nosave memory: [mem 0x000a0000-0x000dffff]\r\n[    0.000000] PM: Registered nosave memory: [mem 0x000e0000-0x000fffff]\r\n[    0.000000] PM: Registered nosave memory: [mem 0x1fff0000-0x1fffefff]\r\n[    0.000000] PM: Registered nosave memory: [mem 0x1ffff000-0x1fffffff]\r\n[    0.000000] PM: Registered nosave memory: [mem 0x20000000-0xffffffff]\r\n[    0.000000] e820: [mem 0x20000000-0xffffffff] available for PCI devices\r\n[    0.000000] Booting paravirtualized kernel on bare hardware\r\n[    0.000000] setup_percpu: NR_CPUS:256 nr_cpumask_bits:256 nr_cpu_ids:64 nr_node_ids:1\r\n[    0.000000] PERCPU: Embedded 31 pages/cpu @ffff88014d200000 s87040 r8192 d31744 u131072\r\n[    0.000000] Built 1 zonelists in Node order, mobility grouping on.  Total pages: 451449\r\n[    0.000000] Policy zone: Normal\r\n[    0.000000] Kernel command line: BOOT_IMAGE=/boot/vmlinuz-3.19.0-22-generic root=UUID=86b96bdf-cfdc-4d59-8fcc-539ee2251b7d ro console=tty1 console=ttyS0 earlyprintk=ttyS0 rootdelay=300\r\n[    0.000000] log_buf_len individual max cpu contribution: 4096 bytes\r\n[    0.000000] log_buf_len total cpu_extra contributions: 258048 bytes\r\n[    0.000000] log_buf_len min size: 262144 bytes\r\n[    0.000000] log_buf_len: 524288 bytes\r\n[    0.000000] early log buf free: 248736(94%)\r\n[    0.000000] PID hash table entries: 4096 (order: 3, 32768 bytes)\r\n[    0.000000] xsave: enabled xstate_bv 0x7, cntxt size 0x340 using standard form\r\n[    0.000000] AGP: Checking aperture...\r\n[    0.000000] AGP: No AGP bridge found\r\n[    0.000000] Memory: 1687496K/1834552K available (8001K kernel code, 1232K rwdata, 3752K rodata, 1408K init, 1300K bss, 147056K reserved, 0K cma-reserved)\r\n[    0.000000] SLUB: HWalign=64, Order=0-3, MinObjects=0, CPUs=64, Nodes=1\r\n[    0.000000] Hierarchical RCU implementation.\r\n[    0.000000] \tRCU dyntick-idle grace-period acceleration is enabled.\r\n[    0.000000] \tRCU restricting CPUs from NR_CPUS=256 to nr_cpu_ids=64.\r\n[    0.000000] RCU: Adjusting geometry for rcu_fanout_leaf=16, nr_cpu_ids=64\r\n[    0.000000] NR_IRQS:16640 nr_irqs:936 16\r\n[    0.000000] \tOffload RCU callbacks from all CPUs\r\n[    0.000000] \tOffload RCU callbacks from CPUs: 0-63.\r\n[    0.000000] Console: colour VGA+ 80x25\r\n[    0.000000] console [tty1] enabled\r\n[    0.000000] console [ttyS0] enabled\r\n[    0.000000] console [ttyS0] enabled\r\n[    0.000000] bootconsole [earlyser0] disabled\r\n[    0.000000] bootconsole [earlyser0] disabled\r\n[    0.000000] tsc: Fast TSC calibration failed\r\n[    0.000000] tsc: Unable to calibrate against PIT\r\n[    0.000000] tsc: using PMTIMER reference calibration\r\n[    0.000000] tsc: Detected 2397.147 MHz processor\r\n[    0.012024] Calibrating delay loop (skipped), value calculated using timer frequency.. 4794.29 BogoMIPS (lpj=9588588)\r\n[    0.016524] pid_max: default: 65536 minimum: 512\r\n[    0.017227] ACPI: Core revision 20141107\r\n[    0.019019] ACPI: All ACPI Tables successfully acquired\r\n[    0.020958] Security Framework initialized\r\n[    0.021728] AppArmor: AppArmor initialized\r\n[    0.022447] Yama: becoming mindful.\r\n[    0.023448] Dentry cache hash table entries: 262144 (order: 9, 2097152 bytes)\r\n[    0.024320] Inode-cache hash table entries: 131072 (order: 8, 1048576 bytes)\r\n[    0.025256] Mount-cache hash table entries: 4096 (order: 3, 32768 bytes)\r\n[    0.026069] Mountpoint-cache hash table entries: 4096 (order: 3, 32768 bytes)\r\n[    0.027078] Initializing cgroup subsys memory\r\n[    0.028025] Initializing cgroup subsys devices\r\n[    0.028673] Initializing cgroup subsys freezer\r\n[    0.029336] Initializing cgroup subsys net_cls\r\n[    0.030010] Initializing cgroup subsys blkio\r\n[    0.030647] Initializing cgroup subsys perf_event\r\n[    0.031312] Initializing cgroup subsys net_prio\r\n[    0.032013] Initializing cgroup subsys hugetlb\r\n[    0.033436] mce: CPU supports 1 MCE banks\r\n[    0.034072] Last level iTLB entries: 4KB 1024, 2MB 1024, 4MB 1024\r\n[    0.034072] Last level dTLB entries: 4KB 1024, 2MB 1024, 4MB 1024, 1GB 4\r\n[    0.057808] ftrace: allocating 30088 entries in 118 pages\r\n[    0.076037] Switched APIC routing to physical flat.\r\n[    0.098194] ..TIMER: vector=0x30 apic1=0 pin1=2 apic2=-1 pin2=-1\r\n[    0.100001] smpboot: CPU0: Intel(R) Xeon(R) CPU E5-2673 v3 @ 2.40GHz (fam: 06, model: 3f, stepping: 02)\r\n[    0.108080] Performance Events: unsupported p6 CPU model 63 no PMU driver, software events only.\r\n[    0.117013] x86: Booted up 1 node, 1 CPUs\r\n[    0.120005] smpboot: Total of 1 processors activated (4794.29 BogoMIPS)\r\n[    0.124008] NMI watchdog: disabled (cpu0): hardware events not enabled\r\n[    0.133386] devtmpfs: initialized\r\n[    0.137238] evm: security.selinux\r\n[    0.140001] evm: security.SMACK64\r\n[    0.144000] evm: security.SMACK64EXEC\r\n[    0.148000] evm: security.SMACK64TRANSMUTE\r\n[    0.152001] evm: security.SMACK64MMAP\r\n[    0.156000] evm: security.ima\r\n[    0.160000] evm: security.capability\r\n[    0.164086] PM: Registering ACPI NVS region [mem 0x1ffff000-0x1fffffff] (4096 bytes)\r\n[    0.168210] pinctrl core: initialized pinctrl subsystem\r\n[    0.172309] RTC time:  5:02:22, date: 01/27/16\r\n[    0.176125] NET: Registered protocol family 16\r\n[    0.180127] cpuidle: using governor ladder\r\n[    0.184004] cpuidle: using governor menu\r\n[    0.188051] ACPI: bus type PCI registered\r\n[    0.192001] acpiphp: ACPI Hot Plug PCI Controller Driver version: 0.5\r\n[    0.196259] PCI: Using configuration type 1 for base access\r\n[    0.204589] ACPI: Added _OSI(Module Device)\r\n[    0.208004] ACPI: Added _OSI(Processor Device)\r\n[    0.212001] ACPI: Added _OSI(3.0 _SCP Extensions)\r\n[    0.216001] ACPI: Added _OSI(Processor Aggregator Device)\r\n[    0.221649] ACPI: Interpreter enabled\r\n[    0.224005] ACPI Exception: AE_NOT_FOUND, While evaluating Sleep State [\\_S1_] (20141107/hwxface-580)\r\n[    0.236001] ACPI Exception: AE_NOT_FOUND, While evaluating Sleep State [\\_S2_] (20141107/hwxface-580)\r\n[    0.248001] ACPI Exception: AE_NOT_FOUND, While evaluating Sleep State [\\_S3_] (20141107/hwxface-580)\r\n[    0.260002] ACPI Exception: AE_NOT_FOUND, While evaluating Sleep State [\\_S4_] (20141107/hwxface-580)\r\n[    0.272004] ACPI: (supports S0 S5)\r\n[    0.276001] ACPI: Using IOAPIC for interrupt routing\r\n[    0.280022] PCI: Using host bridge windows from ACPI; if necessary, use \"pci=nocrs\" and report a bug\r\n[    0.293201] ACPI: PCI Root Bridge [PCI0] (domain 0000 [bus 00-ff])\r\n[    0.296007] acpi PNP0A03:00: _OSC: OS supports [ASPM ClockPM Segments MSI]\r\n[    0.300004] acpi PNP0A03:00: _OSC failed (AE_NOT_FOUND); disabling ASPM\r\n[    0.304549] acpi PNP0A03:00: fail to add MMCONFIG information, can't access extended PCI configuration space under this bridge.\r\n[    0.308072] PCI host bridge to bus 0000:00\r\n[    0.312002] pci_bus 0000:00: root bus resource [bus 00-ff]\r\n[    0.316002] pci_bus 0000:00: root bus resource [mem 0xfe0000000-0xfffefffff]\r\n[    0.320001] pci_bus 0000:00: root bus resource [io  0x0000-0x0cf7]\r\n[    0.324004] pci_bus 0000:00: root bus resource [io  0x0d00-0xffff]\r\n[    0.328002] pci_bus 0000:00: root bus resource [mem 0x000a0000-0x000bffff]\r\n[    0.332001] pci_bus 0000:00: root bus resource [mem 0x20000000-0xfffbffff]\r\n[    0.340720] pci 0000:00:07.1: legacy IDE quirk: reg 0x10: [io  0x01f0-0x01f7]\r\n[    0.344001] pci 0000:00:07.1: legacy IDE quirk: reg 0x14: [io  0x03f6]\r\n[    0.348001] pci 0000:00:07.1: legacy IDE quirk: reg 0x18: [io  0x0170-0x0177]\r\n[    0.352001] pci 0000:00:07.1: legacy IDE quirk: reg 0x1c: [io  0x0376]\r\n[    0.356253] * Found PM-Timer Bug on the chipset. Due to workarounds for a bug,\r\n[    0.356253] * this clock source is slow. Consider trying other clock sources\r\n[    0.364763] pci 0000:00:07.3: quirk: [io  0x0400-0x043f] claimed by PIIX4 ACPI\r\n[    0.374242] ACPI: PCI Interrupt Link [LNKA] (IRQs 3 4 5 7 9 10 *11 12 14 15)\r\n[    0.390997] ACPI: PCI Interrupt Link [LNKB] (IRQs 3 4 5 7 9 10 11 12 14 15) *0, disabled.\r\n[    0.408119] ACPI: PCI Interrupt Link [LNKC] (IRQs 3 4 5 7 9 10 11 12 14 15) *0, disabled.\r\n[    0.428108] ACPI: PCI Interrupt Link [LNKD] (IRQs 3 4 5 7 9 10 11 12 14 15) *0, disabled.\r\n[    0.448121] ACPI: Enabled 1 GPEs in block 00 to 0F\r\n[    0.452079] vgaarb: setting as boot device: PCI:0000:00:08.0\r\n[    0.456000] vgaarb: device added: PCI:0000:00:08.0,decodes=io+mem,owns=io+mem,locks=none\r\n[    0.456001] vgaarb: loaded\r\n[    0.459457] vgaarb: bridge control possible 0000:00:08.0\r\n[    0.460168] SCSI subsystem initialized\r\n[    0.464062] ACPI: bus type USB registered\r\n[    0.468015] usbcore: registered new interface driver usbfs\r\n[    0.472006] usbcore: registered new interface driver hub\r\n[    0.476032] usbcore: registered new device driver usb\r\n[    0.480129] PCI: Using ACPI for IRQ routing\r\n[    0.484286] NetLabel: Initializing\r\n[    0.488002] NetLabel:  domain hash size = 128\r\n[    0.492000] NetLabel:  protocols = UNLABELED CIPSOv4\r\n[    0.496011] NetLabel:  unlabeled traffic allowed by default\r\n[    0.500080] Switched to clocksource hyperv_clocksource\r\n[    0.518616] AppArmor: AppArmor Filesystem Enabled\r\n[    0.525082] pnp: PnP ACPI init\r\n[    0.530743] system 00:06: [io  0x01e0-0x01ef] has been reserved\r\n[    0.537741] system 00:06: [io  0x0160-0x016f] has been reserved\r\n[    0.544488] system 00:06: [io  0x0278-0x027f] has been reserved\r\n[    0.551108] system 00:06: [io  0x0378-0x037f] has been reserved\r\n[    0.557933] system 00:06: [io  0x0678-0x067f] has been reserved\r\n[    0.564673] system 00:06: [io  0x0778-0x077f] has been reserved\r\n[    0.571316] system 00:06: [io  0x04d0-0x04d1] has been reserved\r\n[    0.578255] system 00:07: [io  0x0400-0x043f] has been reserved\r\n[    0.584893] system 00:07: [io  0x0370-0x0371] has been reserved\r\n[    0.591863] system 00:07: [io  0x0440-0x044f] has been reserved\r\n[    0.598506] system 00:07: [mem 0xfec00000-0xfec00fff] could not be reserved\r\n[    0.606429] system 00:07: [mem 0xfee00000-0xfee00fff] has been reserved\r\n[    0.613823] system 00:08: [mem 0x00000000-0x0009ffff] could not be reserved\r\n[    0.622007] system 00:08: [mem 0x000c0000-0x000dffff] could not be reserved\r\n[    0.629957] system 00:08: [mem 0x000e0000-0x000fffff] could not be reserved\r\n[    0.637859] system 00:08: [mem 0x00100000-0x1fffffff] could not be reserved\r\n[    0.645509] system 00:08: [mem 0xfffc0000-0xffffffff] has been reserved\r\n[    0.653182] pnp: PnP ACPI: found 9 devices\r\n[    0.669171] NET: Registered protocol family 2\r\n[    0.674809] TCP established hash table entries: 16384 (order: 5, 131072 bytes)\r\n[    0.683231] TCP bind hash table entries: 16384 (order: 6, 262144 bytes)\r\n[    0.692576] TCP: Hash tables configured (established 16384 bind 16384)\r\n[    0.701861] TCP: reno registered\r\n[    0.706536] UDP hash table entries: 1024 (order: 3, 32768 bytes)\r\n[    0.714447] UDP-Lite hash table entries: 1024 (order: 3, 32768 bytes)\r\n[    0.723000] NET: Registered protocol family 1\r\n[    0.729551] pci 0000:00:00.0: Limiting direct PCI/PCI transfers\r\n[    0.738067] Trying to unpack rootfs image as initramfs...\r\n[    1.581184] Freeing initrd memory: 27228K (ffff88001dd2d000 - ffff88001f7c4000)\r\n[    1.592624] PCI-DMA: Using software bounce buffering for IO (SWIOTLB)\r\n[    1.602747] software IO TLB [mem 0x19d2d000-0x1dd2d000] (64MB) mapped at [ffff880019d2d000-ffff88001dd2cfff]\r\n[    1.617738] microcode: CPU0 sig=0x306f2, pf=0x1, revision=0xffffffff\r\n[    1.627748] microcode: Microcode Update Driver: v2.00 <tigran@aivazian.fsnet.co.uk>, Peter Oruba\r\n[    1.641503] Scanning for low memory corruption every 60 seconds\r\n[    1.651416] futex hash table entries: 16384 (order: 8, 1048576 bytes)\r\n[    1.661537] Initialise system trusted keyring\r\n[    1.668464] audit: initializing netlink subsys (disabled)\r\n[    1.677090] audit: type=2000 audit(1453870943.676:1): initialized\r\n[    1.686820] HugeTLB registered 2 MB page size, pre-allocated 0 pages\r\n[    1.697618] zpool: loaded\r\n[    1.702840] zbud: loaded\r\n[    1.707505] VFS: Disk quotas dquot_6.5.2\r\n[    1.714158] VFS: Dquot-cache hash table entries: 512 (order 0, 4096 bytes)\r\n[    1.724989] fuse init (API version 7.23)\r\n[    1.731598] Key type big_key registered\r\n[    1.737937] Key type asymmetric registered\r\n[    1.744916] Asymmetric key parser 'x509' registered\r\n[    1.752141] Block layer SCSI generic (bsg) driver version 0.4 loaded (major 252)\r\n[    1.762442] io scheduler noop registered\r\n[    1.768149] io scheduler deadline registered (default)\r\n[    1.775365] io scheduler cfq registered\r\n[    1.781490] pci_hotplug: PCI Hot Plug PCI Core version: 0.5\r\n[    1.789654] pciehp: PCI Express Hot Plug Controller Driver version: 0.4\r\n[    1.799470] input: Power Button as /devices/LNXSYSTM:00/LNXPWRBN:00/input/input0\r\n[    1.810855] ACPI: Power Button [PWRF]\r\n[    1.816683] GHES: HEST is not enabled!\r\n[    1.822355] Serial: 8250/16550 driver, 32 ports, IRQ sharing enabled\r\n[    1.888364] 00:03: ttyS0 at I/O 0x3f8 (irq = 4, base_baud = 115200) is a 16550A\r\n[    1.950385] 00:04: ttyS1 at I/O 0x2f8 (irq = 3, base_baud = 115200) is a 16550A\r\n[    1.961259] Linux agpgart interface v0.103\r\n[    1.968713] brd: module loaded\r\n[    1.974180] loop: module loaded\r\n[    1.979398] ata_piix 0000:00:07.1: Hyper-V Virtual Machine detected, ATA device ignore set\r\n[    1.992592] scsi host0: ata_piix\r\n[    1.997883] scsi host1: ata_piix\r\n[    2.002974] ata1: PATA max UDMA/33 cmd 0x1f0 ctl 0x3f6 bmdma 0xffa0 irq 14\r\n[    2.012714] ata2: PATA max UDMA/33 cmd 0x170 ctl 0x376 bmdma 0xffa8 irq 15\r\n[    2.023214] libphy: Fixed MDIO Bus: probed\r\n[    2.030525] tun: Universal TUN/TAP device driver, 1.6\r\n[    2.038244] tun: (C) 1999-2004 Max Krasnyansky <maxk@qualcomm.com>\r\n[    2.047931] PPP generic driver version 2.4.2\r\n[    2.054545] ehci_hcd: USB 2.0 'Enhanced' Host Controller (EHCI) Driver\r\n[    2.064103] ehci-pci: EHCI PCI platform driver\r\n[    2.071147] ehci-platform: EHCI generic platform driver\r\n[    2.079158] ohci_hcd: USB 1.1 'Open' Host Controller (OHCI) Driver\r\n[    2.088679] ohci-pci: OHCI PCI platform driver\r\n[    2.095771] ohci-platform: OHCI generic platform driver\r\n[    2.103884] uhci_hcd: USB Universal Host Controller Interface driver\r\n[    2.113722] i8042: PNP: PS/2 Controller [PNP0303:PS2K,PNP0f03:PS2M] at 0x60,0x64 irq 1,12\r\n[    2.128262] serio: i8042 KBD port at 0x60,0x64 irq 1\r\n[    2.135953] serio: i8042 AUX port at 0x60,0x64 irq 12\r\n[    2.143480] mousedev: PS/2 mouse device common for all mice\r\n[    2.152074] rtc_cmos 00:00: RTC can wake from S4\r\n[    2.195850] rtc_cmos 00:00: rtc core: registered rtc_cmos as rtc0\r\n[    2.205611] rtc_cmos 00:00: alarms up to one month, 114 bytes nvram\r\n[    2.215003] i2c /dev entries driver\r\n[    2.221088] input: AT Translated Set 2 keyboard as /devices/platform/i8042/serio0/input/input1\r\n[    2.233812] device-mapper: uevent: version 1.0.3\r\n[    2.241120] device-mapper: ioctl: 4.29.0-ioctl (2014-10-28) initialised: dm-devel@redhat.com\r\n[    2.254973] ata2.00: ATAPI: Virtual CD, , max MWDMA2\r\n[    2.264091] ata2.00: configured for MWDMA2\r\n[    2.271130] ledtrig-cpu: registered to indicate activity on CPUs\r\n[    2.280227] scsi 1:0:0:0: CD-ROM            Msft     Virtual CD/ROM   1.0  PQ: 0 ANSI: 5\r\n[    2.292177] PCCT header not found.\r\n[    2.297966] ACPI PCC probe failed.\r\n[    2.304391] sr 1:0:0:0: [sr0] scsi3-mmc drive: 0x/0x tray\r\n[    2.312255] cdrom: Uniform CD-ROM driver Revision: 3.20\r\n[    2.320040] TCP: cubic registered\r\n[    2.325558] NET: Registered protocol family 10\r\n[    2.333296] sr 1:0:0:0: Attached scsi generic sg0 type 5\r\n[    2.341345] NET: Registered protocol family 17\r\n[    2.348139] Key type dns_resolver registered\r\n[    2.355301] Loading compiled-in X.509 certificates\r\n[    2.362976] Loaded X.509 cert 'Magrathea: Glacier signing key: c7d440344c0b3ac2a3cec2aeb9722ecf6cae7391'\r\n[    2.375765] registered taskstats version 1\r\n[    2.383221] Key type trusted registered\r\n[    2.390740] Key type encrypted registered\r\n[    2.396693] AppArmor: AppArmor sha1 policy hashing enabled\r\n[    2.404603] ima: No TPM chip found, activating TPM-bypass!\r\n[    2.412473] evm: HMAC attrs: 0x1\r\n[    2.417922]   Magic number: 0:487:12\r\n[    2.423549] rtc_cmos 00:00: setting system clock to 2016-01-27 05:02:25 UTC (1453870945)\r\n[    2.434641] BIOS EDD facility v0.16 2004-Jun-25, 0 devices found\r\n[    2.443063] EDD information not available.\r\n[    2.452192] Freeing unused kernel memory: 1408K (ffffffff81d36000 - ffffffff81e96000)\r\n[    2.462954] Write protecting the kernel read-only data: 12288k\r\n[    2.471233] Freeing unused kernel memory: 180K (ffff8800017d3000 - ffff880001800000)\r\n[    2.481978] Freeing unused kernel memory: 344K (ffff880001baa000 - ffff880001c00000)\r\nLoading, please wait...\r\nstarting version 219\r\n[    2.518603] random: systemd-udevd urandom read with 3 bits of entropy available\r\n[    2.579564] hv_vmbus: Hyper-V Host Build:9600-6.3-18-0.18190; Vmbus version:3.0\r\n[    2.606727] Floppy drive(s): fd0 is 1.44M\r\n[    2.640364] tsc: Refined TSC clocksource calibration: 2397.225 MHz\r\n[    2.649285] FDC 0 is an 82078.\r\n[    2.717208] AVX2 version of gcm_enc/dec engaged.\r\n[    2.723470] AES CTR mode by8 optimization enabled\r\n[    3.012071] psmouse serio1: trackpoint: failed to get extended button data\r\n[    7.629586] hv_vmbus: registering driver hyperv_fb\r\n[    7.639110] hv_utils: Registering HyperV Utility Driver\r\n[    7.654801] hv_vmbus: registering driver hv_util\r\n[    7.666602] hv_vmbus: registering driver hv_storvsc\r\n[    7.689115] hyperv_fb: Screen resolution: 1152x864, Color depth: 32\r\n[    7.703015] Console: switching to colour frame buffer device 144x54\r\n[    7.724363] hv_vmbus: registering driver hv_netvsc\r\n[    7.732259] scsi host2: storvsc_host_t\r\n[    7.738965] scsi 2:0:0:0: Direct-Access     Msft     Virtual Disk     1.0  PQ: 0 ANSI: 4\r\n[    7.751405] sd 2:0:0:0: Attached scsi generic sg1 type 0\r\n[    7.759540] sd 2:0:0:0: [sda] 61440000 512-byte logical blocks: (31.4 GB/29.2 GiB)\r\n[    7.771104] sd 2:0:0:0: [sda] Write Protect is off\r\n[    7.778277] sd 2:0:0:0: [sda] Write cache: enabled, read cache: enabled, supports DPO and FUA\r\n[    7.792434] hv_netvsc: hv_netvsc channel opened successfully\r\n[    7.806524]  sda: sda1\r\n[    7.810569] sd 2:0:0:0: [sda] Attached SCSI disk\r\n[    7.823300] psmouse serio1: trackpoint: IBM TrackPoint firmware: 0x01, buttons: 0/0\r\n[    7.835227] input: TPPS/2 IBM TrackPoint as /devices/platform/i8042/serio1/input/input3\r\n[    9.478623] hv_netvsc vmbus_0_16: Send section size: 6144, Section count:2560\r\n[    9.485920] hv_netvsc vmbus_0_16: Device MAC 00:0d:3a:10:4f:d4 link state up\r\n[    9.498324] scsi host3: storvsc_host_t\r\n[    9.504692] scsi 3:0:1:0: Direct-Access     Msft     Virtual Disk     1.0  PQ: 0 ANSI: 4\r\n[    9.517645] sd 3:0:1:0: Attached scsi generic sg2 type 0\r\n[    9.526153] sd 3:0:1:0: [sdb] 146800640 512-byte logical blocks: (75.1 GB/70.0 GiB)\r\n[    9.538237] scsi host4: storvsc_host_t\r\n[    9.544070] sd 3:0:1:0: [sdb] Write Protect is off\r\n[    9.551543] scsi 4:0:0:0: scsi scan: INQUIRY result too short (5), using 36\r\n[    9.561850] sd 3:0:1:0: [sdb] Write cache: enabled, read cache: enabled, supports DPO and FUA\r\n[    9.574847] scsi 4:0:0:1: scsi scan: INQUIRY result too short (5), using 36\r\n[    9.584778] scsi 4:0:1:0: scsi scan: INQUIRY result too short (5), using 36\r\n[    9.594656] scsi host5: storvsc_host_t\r\n[    9.599902] scsi 4:0:1:1: scsi scan: INQUIRY result too short (5), using 36\r\n[    9.609927] scsi 5:0:0:0: scsi scan: INQUIRY result too short (5), using 36\r\n[    9.619856] scsi 4:1:0:0: scsi scan: INQUIRY result too short (5), using 36\r\n[    9.629491] scsi 5:0:0:1: scsi scan: INQUIRY result too short (5), using 36\r\n[    9.639884] scsi 4:1:0:1: scsi scan: INQUIRY result too short (5), using 36\r\n[    9.650233] scsi 5:0:1:0: scsi scan: INQUIRY result too short (5), using 36\r\n[    9.660462]  sdb: sdb1\r\n[    9.664835] scsi 4:1:1:0: scsi scan: INQUIRY result too short (5), using 36\r\n[    9.675616] scsi 5:0:1:1: scsi scan: INQUIRY result too short (5), using 36\r\n[    9.685173] scsi 4:1:1:1: scsi scan: INQUIRY result too short (5), using 36\r\n[    9.694811] scsi 5:1:0:0: scsi scan: INQUIRY result too short (5), using 36\r\n[    9.704337] scsi 4:2:0:0: scsi scan: INQUIRY result too short (5), using 36\r\n[    9.713963] scsi 5:1:0:1: scsi scan: INQUIRY result too short (5), using 36\r\n[    9.723395] scsi 4:2:0:1: scsi scan: INQUIRY result too short (5), using 36\r\n[    9.732981] scsi 5:1:1:0: scsi scan: INQUIRY result too short (5), using 36\r\n[    9.742433] sd 3:0:1:0: [sdb] Attached SCSI disk\r\n[    9.749132] scsi 4:2:1:0: scsi scan: INQUIRY result too short (5), using 36\r\n[    9.758652] scsi 5:1:1:1: scsi scan: INQUIRY result too short (5), using 36\r\n[    9.768376] scsi 4:2:1:1: scsi scan: INQUIRY result too short (5), using 36\r\n[    9.780343] scsi 5:2:0:0: scsi scan: INQUIRY result too short (5), using 36\r\n[    9.790348] scsi 4:3:0:0: scsi scan: INQUIRY result too short (5), using 36\r\n[    9.800238] scsi 5:2:0:1: scsi scan: INQUIRY result too short (5), using 36\r\n[    9.809680] scsi 4:3:0:1: scsi scan: INQUIRY result too short (5), using 36\r\n[    9.819213] scsi 5:2:1:0: scsi scan: INQUIRY result too short (5), using 36\r\n[    9.828536] scsi 4:3:1:0: scsi scan: INQUIRY result too short (5), using 36\r\n[    9.837969] scsi 5:2:1:1: scsi scan: INQUIRY result too short (5), using 36\r\n[    9.847308] scsi 4:3:1:1: scsi scan: INQUIRY result too short (5), using 36\r\n[    9.856940] scsi 5:3:0:0: scsi scan: INQUIRY result too short (5), using 36\r\n[    9.866242] scsi 4:4:0:0: scsi scan: INQUIRY result too short (5), using 36\r\n[    9.876282] scsi 5:3:0:1: scsi scan: INQUIRY result too short (5), using 36\r\n[    9.885611] scsi 4:4:0:1: scsi scan: INQUIRY result too short (5), using 36\r\n[    9.896115] scsi 5:3:1:0: scsi scan: INQUIRY result too short (5), using 36\r\n[    9.905423] scsi 4:4:1:0: scsi scan: INQUIRY result too short (5), using 36\r\n[    9.916090] scsi 5:3:1:1: scsi scan: INQUIRY result too short (5), using 36\r\n[    9.925249] scsi 4:4:1:1: scsi scan: INQUIRY result too short (5), using 36\r\n[    9.935940] scsi 5:4:0:0: scsi scan: INQUIRY result too short (5), using 36\r\n[    9.945403] scsi 4:5:0:0: scsi scan: INQUIRY result too short (5), using 36\r\n[    9.955604] scsi 5:4:0:1: scsi scan: INQUIRY result too short (5), using 36\r\n[    9.965174] scsi 4:5:0:1: scsi scan: INQUIRY result too short (5), using 36\r\n[    9.975643] scsi 5:4:1:0: scsi scan: INQUIRY result too short (5), using 36\r\n[    9.986592] scsi 4:5:1:0: scsi scan: INQUIRY result too short (5), using 36\r\n[    9.996292] scsi 5:4:1:1: scsi scan: INQUIRY result too short (5), using 36\r\n[   10.010330] scsi 4:5:1:1: scsi scan: INQUIRY result too short (5), using 36\r\n[   10.019951] scsi 4:6:0:0: scsi scan: INQUIRY result too short (5), using 36\r\n[   10.029408] scsi 5:5:0:0: scsi scan: INQUIRY result too short (5), using 36\r\n[   10.040467] scsi 4:6:0:1: scsi scan: INQUIRY result too short (5), using 36\r\n[   10.049733] scsi 5:5:0:1: scsi scan: INQUIRY result too short (5), using 36\r\n[   10.060939] scsi 4:6:1:0: scsi scan: INQUIRY result too short (5), using 36\r\n[   10.070150] scsi 5:5:1:0: scsi scan: INQUIRY result too short (5), using 36\r\n[   10.080066] scsi 4:6:1:1: scsi scan: INQUIRY result too short (5), using 36\r\n[   10.089469] scsi 5:5:1:1: scsi scan: INQUIRY result too short (5), using 36\r\n[   10.098575] scsi 4:7:0:0: scsi scan: INQUIRY result too short (5), using 36\r\n[   10.107492] scsi 5:6:0:0: scsi scan: INQUIRY result too short (5), using 36\r\n[   10.118461] scsi 4:7:0:1: scsi scan: INQUIRY result too short (5), using 36\r\n[   10.127665] scsi 5:6:0:1: scsi scan: INQUIRY result too short (5), using 36\r\n[   10.137579] scsi 4:7:1:0: scsi scan: INQUIRY result too short (5), using 36\r\n[   10.148932] scsi 5:6:1:0: scsi scan: INQUIRY result too short (5), using 36\r\n[   10.158846] scsi 4:7:1:1: scsi scan: INQUIRY result too short (5), using 36\r\n[   10.168804] scsi 5:6:1:1: scsi scan: INQUIRY result too short (5), using 36\r\n[   10.178348] scsi 5:7:0:0: scsi scan: INQUIRY result too short (5), using 36\r\n[   10.187421] scsi 5:7:0:1: scsi scan: INQUIRY result too short (5), using 36\r\n[   10.196714] scsi 5:7:1:0: scsi scan: INQUIRY result too short (5), using 36\r\n[   10.205814] scsi 5:7:1:1: scsi scan: INQUIRY result too short (5), using 36\r\nBegin: Loading essential drivers ... done.\r\r\nBegin: Running /scripts/init-premount ... done.\r\r\nBegin: Mounting root file system ... Begin: Running /scripts/local-top ... done.\r\r\nBegin: Running /scripts/local-premount ... done.\r\r\n[   11.740841] EXT4-fs (sda1): mounted filesystem with ordered data mode. Opts: (null)\r\nBegin: Running /scripts/local-bottom ... done.\r\r\ndone.\r\r\nBegin: Running /scripts/init-bottom ... done.\r\r\n[   13.186799] random: nonblocking pool is initialized\r\n[   14.028912] systemd[1]: Inserted module 'autofs4'\r\n[   14.236310] systemd[1]: systemd 219 running in system mode. (+PAM +AUDIT +SELINUX +IMA +APPARMOR +SMACK +SYSVINIT +UTMP +LIBCRYPTSETUP +GCRYPT -GNUTLS +ACL +XZ -LZ4 -SECCOMP +BLKID -ELFUTILS +KMOD -IDN)\r\n[   14.268640] systemd[1]: Detected virtualization microsoft.\r\n[   14.278021] systemd[1]: Detected architecture x86-64.\r\n\r\r\nWelcome to \u001b[1mUbuntu 15.04\u001b[0m!\r\r\n\r\r\n[   14.336302] systemd[1]: Set hostname to <ubuntu>.\r\n[   14.346129] systemd[1]: Initializing machine ID from random generator.\r\n[   14.357091] systemd[1]: Installed transient /etc/machine-id file.\r\netc-machine\\x2did.mount\r\r\n-.mount\r\r\n[   15.593697] systemd[1]: Cannot add dependency job for unit sshd-keygen.service, ignoring: Unit sshd-keygen.service failed to load: No such file or directory.\r\n[   15.611338] systemd[1]: Cannot add dependency job for unit sshd-keygen.service, ignoring: Unit sshd-keygen.service failed to load: No such file or directory.\r\n[   15.628960] systemd[1]: Cannot add dependency job for unit display-manager.service, ignoring: Unit display-manager.service failed to load: No such file or directory.\r\n[\u001b[32m  OK  \u001b[0m]
[   15.651478] systemd[1]: Reached target Remote File Systems (Pre).\r\nReached target Remote File Systems (Pre).\r\r\n[   15.664468] systemd[1]: Starting Remote File Systems (Pre).\r\n[\u001b[32m  OK  \u001b[0m]
[   15.674952] systemd[1]: Reached target Swap.\r\nReached target Swap.\r\r\n[   15.683012] systemd[1]: Starting Swap.\r\n[\u001b[32m  OK  \u001b[0m]
[   15.691318] systemd[1]: Set up automount Arbitrary Executable File Formats File System Automount Point.\r\nSet up automount Arbitrary Executab...ats File System Automount Point.\r\r\n[   15.709393] systemd[1]: Starting Arbitrary Executable File Formats File System Automount Point.\r\n[\u001b[32m  OK  \u001b[0m]
[   15.723711] systemd[1]: Reached target Encrypted Volumes.\r\nReached target Encrypted Volumes.\r\r\n[   15.734657] systemd[1]: Starting Encrypted Volumes.\r\n[\u001b[32m  OK  \u001b[0m]
[   15.744554] systemd[1]: Created slice Root Slice.\r\nCreated slice Root Slice.\r\r\n[   15.753666] systemd[1]: Starting Root Slice.\r\n[\u001b[32m  OK  \u001b[0m]
[   15.762556] systemd[1]: Listening on udev Kernel Socket.\r\nListening on udev Kernel Socket.\r\r\n[   15.773469] systemd[1]: Starting udev Kernel Socket.\r\n[\u001b[32m  OK  \u001b[0m]
[   15.783129] systemd[1]: Listening on Delayed Shutdown Socket.\r\nListening on Delayed Shutdown Socket.\r\r\n[   15.794741] systemd[1]: Starting Delayed Shutdown Socket.\r\n[\u001b[32m  OK  \u001b[0m]
[   15.804985] systemd[1]: Listening on Journal Audit Socket.\r\nListening on Journal Audit Socket.\r\r\n[   15.819911] systemd[1]: Starting Journal Audit Socket.\r\n[\u001b[32m  OK  \u001b[0m]
[   15.839256] systemd[1]: Listening on udev Control Socket.\r\nListening on udev Control Socket.\r\r\n[   15.850906] systemd[1]: Starting udev Control Socket.\r\n[\u001b[32m  OK  \u001b[0m]
[   15.863971] systemd[1]: Created slice System Slice.\r\nCreated slice System Slice.\r\r\n[   15.875702] systemd[1]: Starting System Slice.\r\n[   15.882439] systemd[1]: Starting Increase datagram queue length...\r\n         Starting Increase datagram queue length...[   15.896963] systemd[1]: Created slice system-getty.slice.\r\n\r\r\n[\u001b[32m  OK  \u001b[0m] Created slice system-getty.slice.\r\r\n[   15.911953] systemd[1]: Starting system-getty.slice.\r\n[   15.919777] systemd[1]: Listening on Journal Socket (/dev/log).\r\n[   15.927877] systemd[1]: Starting Journal Socket (/dev/log).\r\n[\u001b[32m  OK  \u001b[0m] Listening on Journal Socket (/dev/log).\r[   15.947387] systemd[1]: Listening on /dev/initctl Compatibility Named Pipe.\r\n\r\n[\u001b[32m  OK  \u001b[0m] Listening on /dev/initctl Compatibility Named Pipe.\r[   15.964780] systemd[1]: Starting /dev/initctl Compatibility Named Pipe.\r\n\r\n[\u001b[32m  OK  \u001b[0m] Listening on Journal Socket.[   15.981812] systemd[1]: Listening on Journal Socket.\r\n\r\r\n[   15.990505] systemd[1]: Starting Journal Socket.\r\n[   15.997201] systemd[1]: Mounting Huge Pages File System...\r\n         Mounting Huge Pages File System...\r\r\n[   16.016407] systemd[1]: Starting Load Kernel Modules...\r\n         Starting Load Kernel Modules...[   16.028496] systemd[1]: Mounting POSIX Message Queue File System...\r\n\r\r\n         Mounting POSIX Message Queue File System...[   16.053789] systemd[1]: Mounting Debug File System...\r\n\r\r\n         Mounting Debug File System...[   16.075050] systemd[1]: Starting Remount Root and Kernel File Systems...\r\n\r\r\n         Starting Remount Root and Kernel File Systems...\r\r\n[   16.103437] EXT4-fs (sda1): re-mounted. Opts: discard\r\n[   16.159900] systemd[1]: Started Set Up Additional Binary Formats.\r\n[   16.168838] systemd[1]: Starting udev Coldplug all Devices...\r\n         Starting udev Coldplug all Devices...[   16.183261] systemd[1]: Starting Setup Virtual Console...\r\n\r\r\n         Starting Setup Virtual Console...[   16.198699] systemd[1]: Starting Uncomplicated firewall...\r\n\r\r\n         Starting Uncomplicated firewall...[   16.214066] systemd[1]: Started Read required files in advance.\r\n\r\r\n[   16.224746] systemd[1]: Starting Create list of required static device nodes for the current kernel...\r\n         Starting Create list of required st... nodes for the current kernel...[   16.245472] systemd[1]: Starting Nameserver information manager...\r\n\r\r\n         Starting Nameserver information manager...[   16.262334] systemd[1]: Created slice system-serial\\x2dgetty.slice.\r\n\r\r\n[\u001b[32m  OK  \u001b[0m] Created slice system-serial\\x2dgetty.slice.\r[   16.279858] systemd[1]: Starting system-serial\\x2dgetty.slice.\r\n\r\n[   16.291019] systemd[1]: Started Forward Password Requests to Wall Directory Watch.\r\n[   16.300352] systemd[1]: Starting Forward Password Requests to Wall Directory Watch.\r\n[\u001b[32m  OK  \u001b[0m]
[   16.314087] systemd[1]: Created slice User and Session Slice.\r\nCreated slice User and Session Slice.\r\r\n[   16.326614] systemd[1]: Starting User and Session Slice.\r\n[\u001b[32m  OK  \u001b[0m]
[   16.336647] systemd[1]: Reached target Slices.\r\nReached target Slices.\r\r\n[   16.346193] systemd[1]: Starting Slices.\r\n[\u001b[32m  OK  \u001b[0m]
[   16.355343] systemd[1]: Mounted POSIX Message Queue File System.\r\nMounted POSIX Message Queue File System.\r\r\ndev-mqueue.mount\r\r\n[   16.371831] systemd[1]: Mounted Debug File System.\r\n[\u001b[32m  OK  \u001b[0m] Mounted Debug File System.\r\r\n[[   16.384737] systemd[1]: Mounted Huge Pages File System.\r\n\u001b[32m  OK  \u001b[0m] Mounted Huge Pages File System.\r\r\nsys-kernel-debug.mount\r\r\n[   16.401020] systemd[1]: Started Increase datagram queue length.\r\n[\u001b[32m  OK  \u001b[0m] Started Increase datagram queue length.\r\r\ndev-hugepages.mount[   16.418531] systemd[1]: Started Load Kernel Modules.\r\n\r\r\n[\u001b[32m  OK  \u001b[0m] Started Load Kernel Modules.\r[   16.431229] systemd[1]: Started Remount Root and Kernel File Systems.\r\n\r\n[\u001b[32m  OK  \u001b[0m] Started Remount Root and Kernel File Systems.\r[   16.446410] systemd[1]: Started Setup Virtual Console.\r\n\r\nsystemd-setup-dgram-qlen.service\r\r\n[\u001b[32m  OK  \u001b[0m] Started Setup Virtual Console.\r[   16.464227] systemd[1]: Started Uncomplicated firewall.\r\n\r\nsystemd-modules-load.service\r[   16.477320] systemd[1]: Started Create list of required static device nodes for the current kernel.\r\n\r\n[\u001b[32m  OK  \u001b[0m] Started Uncomplicated firewall.\r\r\n[\u001b[32m  OK  \u001b[0m] Started Create list of required sta...ce nodes for the current kernel.\r\r\nsystemd-remount-fs.service\r\r\n[   16.533854] systemd[1]: Started Nameserver information manager.\r\n[\u001b[32m  OK  \u001b[0m] Started Nameserver information manager.\r\r\nsystemd-vconsole-setup.service[   16.598441] systemd[1]: Starting Create Static Device Nodes in /dev...\r\n\r\r\nufw.service\r\r\nkmod-static-nodes.service\r\r\nresolvconf.service\r\r\n[   16.637027] systemd[1]: Starting Load/Save Random Seed...\r\n         Starting Create Static Device Nodes in /dev...\r\r\n         Starting Load/Save Random Seed...\r\r\n[   16.657887] systemd[1]: Started Rebuild Hardware Database.\r\n[   16.771049] systemd[1]: Starting Various fixups to make systemd work better on Debian...\r\n         Starting Various fixups to make systemd work better on Debian...[   16.791396] systemd[1]: Starting Apply Kernel Variables...\r\n\r\r\n         Starting Apply Kernel Variables...[   16.807713] systemd[1]: Mounted Configuration File System.\r\n\r\r\n[   16.817951] systemd[1]: Mounting FUSE Control File System...\r\n         Mounting FUSE Control File System...[   16.833096] systemd[1]: Listening on Syslog Socket.\r\n\r\r\n[\u001b[32m  OK  \u001b[0m] Listening on Syslog Socket.\r\r\n[   16.846554] systemd[1]: Starting Syslog Socket.\r\n         Starting Journal Service...\r\r\n[\u001b[32m  OK  \u001b[0m] Mounted FUSE Control File System.\r\r\n[\u001b[32m  OK  \u001b[0m] Started udev Coldplug all Devices.\r\r\n[\u001b[32m  OK  \u001b[0m] Started Load/Save Random Seed.\r\r\n[\u001b[32m  OK  \u001b[0m] Started Apply Kernel Variables.\r\r\n[\u001b[32m  OK  \u001b[0m] Started Create Static Device Nodes in /dev.\r\r\nsys-fs-fuse-connections.mount\r\r\n         Starting udev Kernel Device Manager...\r\r\n         Starting udev Wait for Complete Device Initialization...\r\r\nsystemd-udev-trigger.service\r\r\nsystemd-random-seed.service\r\r\nsystemd-sysctl.service\r\r\nsystemd-tmpfiles-setup-dev.service\r\r\n[\u001b[32m  OK  \u001b[0m] Started Journal Service.\r\r\n         Starting Flush Journal to Persistent Storage...\r\r\nsystemd-journald.service\r\r\n[\u001b[32m  OK  \u001b[0m] Started Flush Journal to Persistent Storage.\r\r\nsystemd-journal-flush.service\r\r\n[\u001b[32m  OK  \u001b[0m] Started Various fixups to make systemd work better on Debian.\r\r\ndebian-fixup.service\r\r\n[\u001b[32m  OK  \u001b[0m] Started udev Kernel Device Manager.\r\r\n[\u001b[32m  OK  \u001b[0m] Reached target Paths.\r\r\nsystemd-udevd.service\r\r\n[\u001b[32m  OK  \u001b[0m] Created slice system-ifup.slice.\r\r\n[   17.794667] piix4_smbus 0000:00:07.3: SMBus base address uninitialized - upgrade BIOS or use force_addr=0xaddr\r\n[\u001b[32m  OK  \u001b[0m] Found device /dev/ttyS0.\r\r\n[   18.574067] intel_rapl: no valid rapl domains found in package 0\r\n[\u001b[32m  OK  \u001b[0m] Started udev Wait for Complete Device Initialization.\r\r\n         Starting Copy rules generated while the root was ro...\r\r\n[\u001b[32m  OK  \u001b[0m] Reached target Local File Systems (Pre).\r\r\n         Mounting /etc/network/interfaces.dynamic.d...\r\r\n[\u001b[32m  OK  \u001b[0m] Started Copy rules generated while the root was ro.\r\r\n[\u001b[32m  OK  \u001b[0m] Mounted /etc/network/interfaces.dynamic.d.\r\r\nsystemd-udev-settle.service\r\r\n[\u001b[32m  OK  \u001b[0m] Reached target Local File Systems.\r\r\n         Starting Wait for all \"auto\" /etc/n... up for network-online.target...\r\r\n         Starting LSB: AppArmor initialization...\r\r\n         Starting Create Volatile Files and Directories...\r\r\n         Starting Set console keymap...\r\r\n         Starting Tell Plymouth To Write Out Runtime Data...\r\r\n[\u001b[32m  OK  \u001b[0m] Reached target Remote File Systems.\r\r\n         Starting Commit a transient machine-id on disk...\r\r\n[\u001b[32m  OK  \u001b[0m] Started Create Volatile Files and Directories.\r\r\n[\u001b[32m  OK  \u001b[0m] Started Commit a transient machine-id on disk.\r\r\n         Starting Update UTMP about System Boot/Shutdown...\r\r\nudev-finish.service\r\r\n         Starting Network Time Synchronization...\r\r\n[\u001b[32m  OK  \u001b[0m] Started Set console keymap.\r\r\n[\u001b[32m  OK  \u001b[0m] Started Update UTMP about System Boot/Shutdown.\r\r\n[\u001b[32m  OK  \u001b[0m] Started Network Time Synchronization.\r\r\n[\u001b[32m  OK  \u001b[0m] Reached target System Time Synchronized.\r\r\netc-network-interfaces.dynamic.d.mount\r\r\nsystemd-tmpfiles-setup.service\r\r\nsystemd-machine-id-commit.service\r\r\nsystemd-update-utmp.service\r\r\n[\u001b[32m  OK  \u001b[0m] Started Tell Plymouth To Write Out Runtime Data.\r\r\nsystemd-timesyncd.service\r\r\n[\u001b[32m  OK  \u001b[0m] Started LSB: AppArmor initialization.\r\r\n[\u001b[32m  OK  \u001b[0m] Started ifup for eth0.\r\r\n         Starting ifup for eth0...\r\r\n         Starting LSB: Raise network interfaces....\r\r\napparmor.service\r\r\nifup@eth0.service\r\r\n[\u001b[32m  OK  \u001b[0m] Started LSB: Raise network interfaces..\r\r\n[\u001b[32m  OK  \u001b[0m] Reached target Network.\r\r\n[\u001b[32m  OK  \u001b[0m] Reached target System Initialization.\r\r\n[\u001b[32m  OK  \u001b[0m] Reached target Timers.\r\r\n[\u001b[32m  OK  \u001b[0m] Listening on UUID daemon activation socket.\r\r\n[\u001b[32m  OK  \u001b[0m] Listening on ACPID Listen Socket.\r\r\n[\u001b[32m  OK  \u001b[0m] Listening on D-Bus System Message Bus Socket.\r\r\n[\u001b[32m  OK  \u001b[0m] Reached target Sockets.\r\r\n[\u001b[32m  OK  \u001b[0m] Reached target Basic System.\r\r\n[\u001b[32m  OK  \u001b[0m] Started Hyper-V VSS Protocol Daemon.\r\r\n         Starting Hyper-V VSS Protocol Daemon...\r\r\n[\u001b[32m  OK  \u001b[0m] Started Deferred execution scheduler.\r\r\n         Starting Deferred execution scheduler...\r\r\n         Starting LSB: automatic crash report generation...\r\r\n         Starting Accounts Service...\r\r\n         Starting Restore /etc/resolv.conf i...e the ppp link was shut down....\r\r\n         Starting LSB: Set the CPU Frequency Scaling governor to \"ondemand\"...\r\r\n         Starting Login Service...\r\r\n[\u001b[32m  OK  \u001b[0m] Started Regular background program processing daemon.\r\r\n         Starting Regular background program processing daemon...\r\r\n         Starting /etc/rc.local Compatibility...\r\r\n         Starting LSB: Landscape client daemons...\r\r\n         Starting System Logging Service...\r\r\n         Starting D-Bus System Message Bus...\r\r\n[\u001b[32m  OK  \u001b[0m] Started Hyper-V KVP Protocol Daemon.\r\r\n         Starting Hyper-V KVP Protocol Daemon...\r\r\n[\u001b[32m  OK  \u001b[0m] Started Hyper-V File Copy Protocol Daemon.\r\r\n         Starting Hyper-V File Copy Protocol Daemon...\r\r\n         Starting LSB: Starts the Micro Name Service Cache Daemon...\r\r\n         Starting Initial cloud-init job (pre-networking)...\r\r\n         Starting LSB: Record successful boot for GRUB...\r\r\n         Starting LSB: daemon to balance interrupts for SMP systems...\r\r\n         Starting Seed the pseudo random number generator on first boot...\r\r\n[\u001b[32m  OK  \u001b[0m] Started Restore /etc/resolv.conf if...ore the ppp link was shut down..\r\r\n[\u001b[32m  OK  \u001b[0m] Started /etc/rc.local Compatibility.\r\r\n[\u001b[32m  OK  \u001b[0m] Started LSB: Landscape client daemons.\r\r\n[\u001b[32m  OK  \u001b[0m] Started LSB: Set the CPU Frequency Scaling governor to \"ondemand\".\r\r\n[\u001b[32m  OK  \u001b[0m] Started LSB: automatic crash report generation.\r\r\nnetworking.service\r\r\nhv-vss-daemon.service\r\r\natd.service\r\r\ncron.service\r\r\nhv-kvp-daemon.service\r\r\nhv-fcopy-daemon.service\r\r\nrc-local.service\r\r\nlandscape-client.service\r\r\nondemand.service\r\r\napport.service\r\r\n[\u001b[32m  OK  \u001b[0m] Started D-Bus System Message Bus.\r\r\ndbus.service\r\r\n[\u001b[32m  OK  \u001b[0m] Started LSB: Starts the Micro Name Service Cache Daemon.\r\r\n[\u001b[32m  OK  \u001b[0m] Started LSB: Record successful boot for GRUB.\r\r\n[\u001b[32m  OK  \u001b[0m] Started LSB: daemon to balance interrupts for SMP systems.\r\r\n[\u001b[32m  OK  \u001b[0m] Started System Logging Service.\r\r\n[\u001b[32m  OK  \u001b[0m] Started Wait for all \"auto\" /etc/ne...be up for network-online.target.\r\r\nunscd.service\r\r\n[\u001b[32m  OK  \u001b[0m] Started Login Service.\r\r\n[\u001b[32m  OK  \u001b[0m] Reached target Network is Online.\r\r\n         Starting LSB: Cleans up any mess left by 0dns-up...\r\r\ngrub-common.service\r\r\n[\u001b[32m  OK  \u001b[0m] Started LSB: Cleans up any mess left by 0dns-up.\r\r\nirqbalance.service\r\r\n         Starting Authenticate and Authorize Users to Run Privileged Tasks...\r\r\nrsyslog.service\r\r\nifup-wait-all-auto.service\r\r\nsystemd-logind.service\r\r\ndns-clean.service\r\r\n[\u001b[32m  OK  \u001b[0m] Started Authenticate and Authorize Users to Run Privileged Tasks.\r\r\n[\u001b[32m  OK  \u001b[0m] Started Accounts Service.\r\r\npolkitd.service\r\r\naccounts-daemon.service\r\r\n[   26.444112] cloud-init[591]: Cloud-init v. 0.7.7 running 'init-local' at Wed, 27 Jan 2016 05:02:49 +0000. Up 26.07 seconds.\r\r\n[\u001b[32m  OK  \u001b[0m] Started Initial cloud-init job (pre-networking).\r\r\n         Starting Initial cloud-init job (metadata service crawler)...\r\r\ncloud-init-local.service\r\r\n[   27.600191] blk_update_request: I/O error, dev fd0, sector 0\r\n[   27.864436] blk_update_request: I/O error, dev fd0, sector 0\r\ntmp-tmpjjbs44i5.mount\r\r\n[   28.100569] cloud-init[786]: + i=eth0\r\r\n[   28.109735] cloud-init[786]: + x=0\r\r\n[   28.109960] cloud-init[786]: + ifdown eth0\r\r\n[   28.165521] cloud-init[786]: Killed old client process\r\r\n[   29.176058] cloud-init[786]: Internet Systems Consortium DHCP Client 4.3.1\r\r\n[   29.176183] cloud-init[786]: Copyright 2004-2014 Internet Systems Consortium.\r\r\n[   275] cloud-init[786]: All rights reserved.\r\r\n[   29.176363] cloud-init[786]: For info, please visit https://www.isc.org/software/dhcp/\r\r\n[   29.182405] cloud-init[786]: Listening on LPF/eth0/00:0d:3a:10:4f:d4\r\r\n[   29.182636] cloud-init[786]: Sending on   LPF/eth0/00:0d:3a:10:4f:d4\r\r\n[   29.182786] cloud-init[786]: Sending on   Socket/fallback\r\r\n[   29.219299] cloud-init[786]: DHCPRELEASE on eth0 to 168.63.129.16 port 67 (xid=0x2d73a91b)\r\r\n[   29.338748] cloud-init[786]: + ifup eth0\r\r\n[   29.380059] cloud-init[786]: Internet Systems Consortium DHCP Client 4.3.1\r\r\n[   29.390465] cloud-init[786]: Copyright 2004-2014 Internet Systems Consortium.\r\r\n[   29.390584] cloud-init[786]: All rights reserved.\r\r\n[   29.390695] cloud-init[786]: For info, please visit https://www.isc.org/software/dhcp/\r\r\n[   29.404607] cloud-init[786]: Listening on LPF/eth0/00:0d:3a:10:4f:d4\r\r\n[   29.404732] cloud-init[786]: Sending on   LPF/eth0/00:0d:3a:10:4f:d4\r\r\n[   29.404842] cloud-init[786]: Sending on   Socket/fallback\r\r\n[   29.404949] cloud-init[786]: DHCPDISCOVER on eth0 to 255.255.255.255 port 67 interval 3 (xid=0x6cdf44)\r\r\n[   29.448012] cloud-init[786]: DHCPREQUEST of 10.0.0.4 on eth0 to 255.255.255.255 port 67 (xid=0x44df6c00)\r\r\n[   29.448139] cloud-init[786]: DHCPOFFER of 10.0.0.4 from 168.63.129.16\r\r\n[   29.480883] cloud-init[786]: DHCPACK of 10.0.0.4 from 168.63.129.16\r\r\n[   29.583389] cloud-init[786]: bound to 10.0.0.4 -- renewal in 4294967294 seconds.\r\r\n[   29.649642] cloud-init[786]: + exit 0\r\r\n[\u001b[32m  OK  \u001b[0m] Started Windows Azure Linux Agent.\r\r\n         Starting Windows Azure Linux Agent...\r\r\nwalinuxagent.service\r\r\n2016/01/27 05:02:55 Windows Azure Linux Agent Version: WALinuxAgent-2.0.13\r\r\n2016/01/27 05:02:55 Linux Distribution Detected      : Ubuntu\r\r\n2016/01/27 05:02:55 Module /lib/modules/3.19.0-22-generic/kernel/drivers/ata/ata_piix.ko driver for ATAPI CD-ROM does not exist.\r\r\nmnt-cdrom-secure.mount\r\r\n2016/01/27 05:02:56 mount: /dev/sr0 is write-protected, mounting read-only\r\r\n2016/01/27 05:02:56 mount: /dev/sr0 mounted on /mnt/cdrom/secure.\r\r\n2016/01/27 05:02:56 mount succeeded on attempt #1\r\r\n2016/01/27 05:02:56 VMM Init script not found.  Provisioning for Azure\r\r\n2016/01/27 05:02:56 IPv4 address: 10.0.0.4\r\r\n2016/01/27 05:02:56 MAC  address: 00:0D:3A:10:4F:D4\r\r\n2016/01/27 05:02:56 Probing for Windows Azure environment.\r\r\n2016/01/27 05:02:56 DoDhcpWork: Setting socket.timeout=10, entering recv\r\r\n2016/01/27 05:02:56 Discovered Windows Azure endpoint: 168.63.129.16\r\r\n2016/01/27 05:02:56 Fabric preferred wire protocol version: 2015-04-05\r\r\n2016/01/27 05:02:56 Negotiated wire protocol version: 2012-11-30\r\r\n2016/01/27 05:02:56 SetBlockDeviceTimeout: Update the device sda with timeout 300\r\r\n2016/01/27 05:02:56 SetBlockDeviceTimeout: Update the device sdb with timeout 300\r\r\n2016/01/27 05:02:57 Retrieved GoalState from Windows Azure Fabric.\r\r\n2016/01/27 05:02:57 ExpectedState: Started\r\r\n2016/01/27 05:02:57 ContainerId: bcb39a7f-b76c-486f-b9a6-869dd0396a77\r\r\n2016/01/27 05:02:57 RoleInstanceId: 319121c2-2793-4102-838a-ffb470d7b4ac._xplatvmStSp\r\r\n[   34.400117] blk_update_request: I/O error, dev fd0, sector 0\r\n[   34.436136] blk_update_request: I/O error, dev fd0, sector 0\r\n[   34.464080] blk_update_request: I/O error, dev fd0, sector 0\r\n[   34.492170] blk_update_request: I/O error, dev fd0, sector 0\r\ntmp-tmpd2py8vl9.mount\r\r\n[\u001b[1;31mFAILED\u001b[0m] Failed to start Seed the pseudo random number generator on first boot.\r\r\nSee \"systemctl status pollinate.service\" for details.\r\r\n[   39.711591] cloud-init[786]:
Jan 27 05:03:03 ubuntu pollinate[1086]: ERROR: Network communication failed [60]\\n05:03:03.525693 * Hostname was NOT found in DNS cache\r\r\n[   39.711834] cloud-init[786]: % Total    % Received % Xferd  Average Speed   Time    Time     Time  Current\r\r\n[   39.711960] cloud-init[786]: Dload  Upload   Total   Spent    Left  Speed\r\r\n[   39.712100] cloud-init[786]: 0     0    0     0    0     0      0      0 --:--:-- --:--:-- --:--:--     005:03:03.530141 *   Trying 91.189.94.10...\r\r\n[   39.712214] cloud-init[786]: 05:03:03.608010 * Connected to entropy.ubuntu.com (91.189.94.10) port 443 (#0)\r\r\n[   39.712324] cloud-init[786]: 05:03:03.608529 * successfully set certificate verify locations:\r\r\n[   39.712431] cloud-init[786]: 05:03:03.608557 *   CAfile: /etc/pollinate/entropy.ubuntu.com.pem\r\r\n[   39.712537] cloud-init[786]: CApath: /dev/null\r\r\n[   39.712646] cloud-init[786]: 05:03:03.608634 * SSLv3, TLS handshake, Client hello (1):\r\r\n[   39.712756] cloud-init[786]: 05:03:03.608657 } [data not shown]\r\r\n[   39.712865] cloud-init[786]: 05:03:03.707965 * SSLv3, TLS handshake, Server hello (2):\r\r\n[   39.712971] cloud-init[786]: 05:03:03.708079 { [data not shown]\r\r\n[   39.713078] cloud-init[786]: 05:03:03.708195 * SSLv3, TLS handshake, CERT (11):\r\r\n[   39.713185] cloud-init[786]: 05:03:03.708216 { [data not shown]\r\r\n[   39.713292] cloud-init[786]: 05:03:03.708446 * SSLv3, TLS alert, Server hello (2):\r\r\n[   39.713400] cloud-init[786]: 05:03:03.708474 } [data not shown]\r\r\n[   39.713507] cloud-init[786]: 05:03:03.708532 * SSL certificate problem: unable to get local issuer certificate\r\r\n[   39.713616] cloud-init[786]: 05:03:03.708557 * Closing connection 0\r\r\n[   39.713725] cloud-init[786]: curl: (60) SSL certificate problem: unable to get local issuer certificate\r\r\n[   39.713832] cloud-init[786]: More details here: http://curl.haxx.se/docs/sslcerts.html\r\r\n[   39.713939] cloud-init[786]: curl performs SSL certificate verification by default, using a \"bundle\"\r\r\n[   39.714046] cloud-init[786]: of Certificate Authority (CA) public keys (CA certs). If the default\r\r\n[   39.714154] cloud-init[786]: bundle file isn't adequate, you can specify an alternate file\r\r\n[   39.714260] cloud-init[786]: using the --cacert option.\r\r\n[   39.714367] cloud-init[786]: If this HTTPS server uses a certificate signed by a CA represented in\r\r\n[   39.714473] cloud-init[786]: the bundle, the certificate verification probably failed due to a\r\r\n[   39.714584] cloud-init[786]: problem with the certificate (it might be expired, or the name might\r\r\n[   39.714691] cloud-init[786]: not match the domain name in the URL).\r\r\n[   39.714796] cloud-init[786]: If you'd like to turn off curl's verification of the certificate, use\r\r\n[   39.742156] cloud-init[786]: the -k (or --insecure) option.\r\r\n[   39.743383] cloud-init[786]: Cloud-init v. 0.7.7 running 'init' at Wed, 27 Jan 2016 05:02:50 +0000. Up 27.23 seconds.\r\r\n[   39.743592] cloud-init[786]: ci-info: ++++++++++++++++++++++++++++++++++++++Net device info++++++++++++++++++++++++++++++++++++++\r\r\n[   39.743783] cloud-init[786]: ci-info: +--------+------+-----------------------------+---------------+-------+-------------------+\r\r\n[   39.743974] cloud-init[786]: ci-info: | Device |  Up  |           Address           |      Mask     | Scope |     Hw-Address    |\r\r\n[   39.744241] cloud-init[786]: ci-info: +--------+------+-----------------------------+---------------+-------+-------------------+\r\r\n[   39.744418] cloud-init[786]: ci-info: |  eth0  | True |           10.0.0.4          | 255.255.255.0 |   .   | 00:0d:3a:10:4f:d4 |\r\r\n[   39.744592] cloud-init[786]: ci-info: |  eth0  | True | fe80::20d:3aff:fe10:4fd4/64 |       .       |  link | 00:0d:3a:10:4f:d4 |\r\r\n[   39.750625] cloud-init[786]: ci-info: |   lo   | True |          127.0.0.1          |   255.0.0.0   |   .   |         .         |\r\r\n[   39.750971] cloud-init[786]: ci-info: |   lo   | True |           ::1/128           |       .       |  host |         .         |\r\r\n[   39.751154] cloud-init[786]: ci-info: +--------+------+-----------------------------+---------------+-------+-------------------+\r\r\n[   39.751328] cloud-init[786]: ci-info: +++++++++++++++++++++++++++++Route IPv4 info++++++++++++++++++++++++++++++\r\r\n[   39.751499] cloud-init[786]: ci-info: +-------+---------------+----------+-----------------+-----------+-------+\r\r\n[   39.751668] cloud-init[786]: ci-info: | Route |  Destination  | Gateway  |     Genmask     | Interface | Flags |\r\r\n[   39.751838] cloud-init[786]: ci-info: +-------+---------------+----------+-----------------+-----------+-------+\r\r\n[   39.752025] cloud-init[786]: ci-info: |   0   |    0.0.0.0    | 10.0.0.1 |     0.0.0.0     |    eth0   |   UG  |\r\r\n[   39.752195] cloud-init[786]: ci-info: |   1   |    10.0.0.0   | 0.0.0.0  |  255.255.255.0  |    eth0   |   U   |\r\r\n[   39.752366] cloud-init[786]: ci-info: |   2   | 168.63.129.16 | 10.0.0.1 | 255.255.255.255 |    eth0   |  UGH  |\r\r\n[   39.752532] cloud-init[786]: ci-info: +-------+---------------+----------+-----------------+-----------+-------+\r\r\n[   39.752704] cloud-init[786]: 2016-01-27 05:03:03,230 - util.py[WARNING]: Running module seed_random (<module 'cloudinit.config.cc_seed_random' from '/usr/lib/python3/dist-packages/cloudinit/config/cc_seed_random.py'>) failed\r\r\n[   43.029617] cloud-init[786]: Generating public/private rsa key pair.\r\r\n[   43.029818] cloud-init[786]: Your identification has been saved in /etc/ssh/ssh_host_rsa_key.\r\r\n[   43.029953] cloud-init[786]: Your public key has been saved in /etc/ssh/ssh_host_rsa_key.pub.\r\r\n[   43.030082] cloud-init[786]: The key fingerprint is:\r\r\n[   43.030206] cloud-init[786]: fc:73:0f:e2:b7:75:10:2c:77:32:c7:a9:f4:bd:c7:b1 root@xplatvmStSp\r\r\n[   43.030326] cloud-init[786]: The key's randomart image is:\r\r\n[   43.030444] cloud-init[786]: +---[RSA 2048]----+\r\r\n[   43.030565] cloud-init[786]: |                 |\r\r\n[   43.030685] cloud-init[786]: |             . ..|\r\r\n[   43.030803] cloud-init[786]: |            ..*.+|\r\r\n[   43.030922] cloud-init[786]: |       .    .oo*.|\r\r\n[   43.031041] cloud-init[786]: |        S    ..o.|\r\r\n[   43.031164] cloud-init[786]: |         .     o+|\r\r\n[   43.031283] cloud-init[786]: |          + o .E+|\r\r\n[   43.031408] cloud-init[786]: |         . +.+ ..|\r\r\n[   43.031533] cloud-init[786]: |          .....  |\r\r\n[   43.031653] cloud-init[786]: +-----------------+\r\r\n2016/01/27 05:03:06 Posted Role Properties. CertificateThumbprint=fc730fe2b775102c7732c7a9f4bdc7b1\r\r\n[   43.451389] cloud-init[786]: Generating public/private dsa key pair.\r\r\n[   43.451619] cloud-init[786]: Your identification has been saved in /etc/ssh/ssh_host_dsa_key.\r\r\n[   43.451743] cloud-init[786]: Your public key has been saved in /etc/ssh/ssh_host_dsa_key.pub.\r\r\n[   43.451856] cloud-init[786]: The key fingerprint is:\r\r\n[   43.451967] cloud-init[786]: 28:7c:07:d8:98:35:76:f4:2a:82:95:60:5f:2e:f4:c1 root@xplatvmStSp\r\r\n[   43.452102] cloud-init[786]: The key's randomart image is:\r\r\n[   43.452212] cloud-init[786]: +---[DSA 1024]----+\r\r\n[   43.452320] cloud-init[786]: |  o ..*.o        |\r\r\n[   43.452427] cloud-init[786]: | . + %E+ .       |\r\r\n[   43.452533] cloud-init[786]: |    O =   .      |\r\r\n[   43.452639] cloud-init[786]: |   + . o .       |\r\r\n[   43.452751] cloud-init[786]: |  . + + S        |\r\r\n[   43.452860] cloud-init[786]: |     + o         |\r\r\n[   43.452967] cloud-init[786]: |                 |\r\r\n[   43.453073] cloud-init[786]: |                 |\r\r\n[   43.453177] cloud-init[786]: |                 |\r\r\n[   43.453283] cloud-init[786]: +-----------------+\r\r\n[   43.470450] cloud-init[786]: Generating public/private ecdsa key pair.\r\r\n[   43.470589] cloud-init[786]: Your identification has been saved in /etc/ssh/ssh_host_ecdsa_key.\r\r\n[   43.470690] cloud-init[786]: Your public key has been saved in /etc/ssh/ssh_host_ecdsa_key.pub.\r\r\n[   43.470783] cloud-init[786]: The key fingerprint is:\r\r\n[   43.470871] cloud-init[786]: 1c:c4:78:d1:81:ae:eb:c7:09:05:f6:9b:37:ea:ca:18 root@xplatvmStSp\r\r\n[   43.470961] cloud-init[786]: The key's randomart image is:\r\r\n[   43.471048] cloud-init[786]: +---[ECDSA 256]---+\r\r\n[   43.471139] cloud-init[786]: |       oo+..     |\r\r\n[   43.471229] cloud-init[786]: |      +.+ .      |\r\r\n[   43.471316] cloud-init[786]: |     . =.        |\r\r\n[   43.471403] cloud-init[786]: |       .+.       |\r\r\n[   43.471490] cloud-init[786]: |       oSo       |\r\r\n[   43.471580] cloud-init[786]: |      o o o      |\r\r\n[   43.471668] cloud-init[786]: |    E  + + .     |\r\r\n[   43.471755] cloud-init[786]: |     +. =        |\r\r\n[   43.471844] cloud-init[786]: |    ..++.        |\r\r\n[   43.471933] cloud-init[786]: +-----------------+\r\r\n[\u001b[1;31mFAILED\u001b[0m] Failed to start Initial cloud-init job (metadata service crawler).\r\r\nSee \"systemctl status cloud-init.service\" for details.\r\r\n         Starting Permit User Sessions...\r\r\n[\u001b[32m  OK  \u001b[0m] Started OpenBSD Secure Shell server.\r\r\n         Starting OpenBSD Secure Shell server...\r\r\n[\u001b[32m  OK  \u001b[0m] Reached target Cloud-config availability.\r\r\n         Starting Apply the settings specified in cloud-config...\r\r\n[\u001b[32m  OK  \u001b[0m] Started Permit User Sessions.\r\r\n         Starting Wait for Plymouth Boot Screen to Quit...\r\r\n         Starting Terminate Plymouth Boot Screen...\r\r\nssh.service\r\r\nsystemd-user-sessions.service\r\r\n[\u001b[32m  OK  \u001b[0m] Started Terminate Plymouth Boot Screen.\r\n[\u001b[32m  OK  \u001b[0m] Started Wait for Plymouth Boot Screen to Quit.\r\n[\u001b[32m  OK  \u001b[0m] Started Getty on tty1.\r\n         Starting Getty on tty1...\r\n[\u001b[32m  OK  \u001b[0m] Started Serial Getty on ttyS0.\r\n         Starting Serial Getty on ttyS0...\r\n[\u001b[32m  OK  \u001b[0m] Reached target Login Prompts.\r\n\u0000\u0000\u0000\u0000\u0000\u0000\u0000\u0000\u0000\u0000\u0000\u0000\u0000\u0000\u0000\u0000\u0000\u0000\u0000\u0000\u0000\u0000\u0000\u0000\u0000\u0000\u0000\u0000\u0000\u0000\u0000\u0000\u0000\u0000\u0000\u0000\u0000\u0000\u0000\u0000\u0000\u0000\u0000\u0000\u0000\u0000\u0000\u0000\u0000\u0000\u0000\u0000\u0000\u0000\u0000\u0000\u0000\u0000\u0000\u0000\u0000\u0000\u0000\u0000\u0000\u0000\u0000\u0000\u0000\u0000\u0000\u0000\u0000\u0000\u0000\u0000\u0000\u0000\u0000\u0000\u0000\u0000\u0000\u0000\u0000\u0000\u0000\u0000\u0000\u0000\u0000\u0000\u0000\u0000\u0000\u0000\u0000\u0000\u0000\u0000\u0000\u0000\u0000\u0000\u0000\u0000\u0000\u0000\u0000\u0000\u0000\u0000\u0000\u0000\u0000\u0000\u0000\u0000\u0000\u0000\u0000\u0000\u0000\u0000\u0000\u0000\u0000\u0000\u0000\u0000\u0000\u0000\u0000\u0000\u0000\u0000\u0000\u0000\u0000\u0000\u0000\u0000\u0000\u0000\u0000\u0000\u0000\u0000\u0000\u0000\u0000\u0000\u0000\u0000\u0000\u0000\u0000\u0000\u0000\u0000\u0000\u0000\u0000\u0000\u0000\u0000\u0000\u0000\u0000\u0000\u0000\u0000\u0000\u0000\u0000\u0000\u0000\u0000\u0000\u0000\u0000\u0000\u0000\u0000\u0000\u0000\u0000\u0000\u0000\u0000\u0000\u0000\u0000\u0000\u0000\u0000\u0000\u0000\u0000\u0000\u0000\u0000\u0000\u0000\u0000\u0000\u0000\u0000\u0000\u0000\u0000\u0000\u0000\u0000\u0000\u0000\u0000", { 'content-length': '63488',
  'last-modified': 'Wed, 27 Jan 2016 05:03:10 GMT',
  'accept-ranges': 'bytes',
  etag: '"0x8D326D7271E1ECE"',
  server: 'Windows-Azure-Blob/1.0 Microsoft-HTTPAPI/2.0',
  'x-ms-request-id': 'b4180ce1-0001-00ab-73c0-58f16d000000',
  'x-ms-version': '2015-02-21',
  'x-ms-lease-status': 'unlocked',
  'x-ms-lease-state': 'available',
  'x-ms-blob-type': 'PageBlob',
  'x-ms-blob-sequence-number': '0',
  date: 'Wed, 27 Jan 2016 05:03:31 GMT',
  connection: 'close' });
 return result; },
function (nock) { 
var result = 
nock('https://xplattstoragestsp5877.blob.core.windows.net:443')
  .get('/bootdiagnostics-xplatvmst-df3fa4fc-3202-43e0-9460-8cc9d214afe9/xplatvmStSp.df3fa4fc-3202-43e0-9460-8cc9d214afe9.serialconsole.log')
