// This file has been autogenerated.

var profile = require('../../../lib/util/profile');

exports.getMockedProfile = function () {
  var newProfile = new profile.Profile();

  newProfile.addSubscription(new profile.Subscription({
    id: 'a0d901ba-9956-4f7d-830c-2d7974c36666',
    managementCertificate: {
      key: 'mockedKey',
      cert: 'mockedCert'
    },
    name: 'Azure Storage DM Dev',
    user: {
      name: 'user@domain.example',
      type: 'servicePrincipal'
    },
    tenantId: '72f988bf-86f1-41af-91ab-2d7cd011db47',
    state: 'Enabled',
    registeredProviders: [],
    _eventsCount: '1',
    isDefault: true
  }, newProfile.environments['AzureCloud']));

  return newProfile;
};

exports.setEnvironment = function() {
  process.env['AZURE_VM_TEST_LOCATION'] = 'eastus2';
  process.env['SSHCERT'] = 'test/myCert.pem';
};

exports.scopes = [[function (nock) { 
var result = 
nock('http://management.azure.com:443')
  .get('/subscriptions/a0d901ba-9956-4f7d-830c-2d7974c36666/resourceGroups/xplatTestZVMCreate3719/providers/Microsoft.Compute/virtualMachines/xplatvm?$expand=instanceView&api-version=2016-03-30')
  .reply(200, "{\r\n  \"properties\": {\r\n    \"vmId\": \"21f42ca1-063b-4661-9ac7-84d78b0cef80\",\r\n    \"availabilitySet\": {\r\n      \"id\": \"/subscriptions/a0d901ba-9956-4f7d-830c-2d7974c36666/resourceGroups/xplatTestZVMCreate3719/providers/Microsoft.Compute/availabilitySets/XPLATTESTZVMAVAIL7125\"\r\n    },\r\n    \"hardwareProfile\": {\r\n      \"vmSize\": \"Standard_DS1\"\r\n    },\r\n    \"storageProfile\": {\r\n      \"imageReference\": {\r\n        \"publisher\": \"canonical\",\r\n        \"offer\": \"UbuntuServer\",\r\n        \"sku\": \"15.10\",\r\n        \"version\": \"latest\"\r\n      },\r\n      \"osDisk\": {\r\n        \"osType\": \"Linux\",\r\n        \"name\": \"clic02284b615a57546-os-1461250709197\",\r\n        \"createOption\": \"FromImage\",\r\n        \"vhd\": {\r\n          \"uri\": \"https://xplatteststorage13672.blob.core.windows.net/xplatteststoragecnt12373/clic02284b615a57546-os-1461250709197.vhd\"\r\n        },\r\n        \"caching\": \"ReadWrite\"\r\n      },\r\n      \"dataDisks\": []\r\n    },\r\n    \"osProfile\": {\r\n      \"computerName\": \"xplatvm\",\r\n      \"adminUsername\": \"azureuser\",\r\n      \"linuxConfiguration\": {\r\n        \"disablePasswordAuthentication\": false,\r\n        \"ssh\": {\r\n          \"publicKeys\": [\r\n            {\r\n              \"path\": \"/home/azureuser/.ssh/authorized_keys\",\r\n              \"keyData\": \"MIID/zCCAuegAwIBAgIJAMUAa+XVLvAeMA0GCSqGSIb3DQEBBQUAMIGVMQswCQYD\\r\\nVQQGEwJJbjESMBAGA1UECAwJS2FybmF0YWthMRIwEAYDVQQHDAlCYW5nYWxvcmUx\\r\\nEDAOBgNVBAoMB2JyaWxsaW8xEjAQBgNVBAsMCW1pY3Jvc29mdDEQMA4GA1UEAwwH\\r\\nYnJpbGxpbzEmMCQGCSqGSIb3DQEJARYXc3JlZWthbnRoYnNAeWFob28uY28uaW4w\\r\\nHhcNMTUwMzA1MTE1MzEyWhcNMTYwMzA0MTE1MzEyWjCBlTELMAkGA1UEBhMCSW4x\\r\\nEjAQBgNVBAgMCUthcm5hdGFrYTESMBAGA1UEBwwJQmFuZ2Fsb3JlMRAwDgYDVQQK\\r\\nDAdicmlsbGlvMRIwEAYDVQQLDAltaWNyb3NvZnQxEDAOBgNVBAMMB2JyaWxsaW8x\\r\\nJjAkBgkqhkiG9w0BCQEWF3NyZWVrYW50aGJzQHlhaG9vLmNvLmluMIIBIjANBgkq\\r\\nhkiG9w0BAQEFAAOCAQ8AMIIBCgKCAQEAyUNKaOuT0NK+S8Ck81zy9xJ6hXfZvAC6\\r\\nlhbmf/6s/WVimJ/TX5NMhQJwC9k6ZIF92KfYrojHNvHDufSZ3EtKUVwRFCDjmgMT\\r\\nDL09WkGaZt7gROYFK0iZ4KrYGovUwlwum9fHB24OJiOV4bi0ek62/rHx9fjYZpvp\\r\\naIH2PV/hN8SCZ0x7HJMberD4gVoU/Kv42nNvwjLUW6IZfVx/Gv5OeFDtWHfSvUEF\\r\\ndadHKTPn3Ab20Iu6gZIbLO9Vuf38/IpaYGfnFCouHdzmiTiLieYNe3CUPcOJNSv7\\r\\n1G8KYpx3uNJRkJPab5OsRyJw75Gvzkr9OgaPss9tVD6Gt68u3WQtVQIDAQABo1Aw\\r\\nTjAdBgNVHQ4EFgQUogvhXB+xZ2JJPfLO6cVs4ForzscwHwYDVR0jBBgwFoAUogvh\\r\\nXB+xZ2JJPfLO6cVs4ForzscwDAYDVR0TBAUwAwEB/zANBgkqhkiG9w0BAQUFAAOC\\r\\nAQEAdDj7qUNJ45xlF5cjd+4x5NHvAD1VTjOKu+Xh/uzSSjXqB2F0aOMWA9lx0qaQ\\r\\noJgHkGxj3zz/W7ik/cVGL2O+vRIOKv/y0OPogEmS3Hw+P+O6OGE7x1G6YN0zLVoL\\r\\nu4BN/BEYmjttxM9I7qqL7C5cJoE+K3s/w1/pt/68ohJcr7F9Ohi7cso62xuGY1Rm\\r\\nksAh2EUDsU9JV/P+C9AMpLSrb03JJYzVj4w1RHbrmw2AjFyGXdQYkggyXisg+Ifr\\r\\n5gbNN7HigpHf7b2i3CQBUqp9m23frh5AhnLI2qp3UXgc52U5ieLdi/t6j0TTZqqY\\r\\nHhHqofKrj938HHlBNpC5/LVh3w==\\r\\n\"\r\n            }\r\n          ]\r\n        }\r\n      },\r\n      \"secrets\": []\r\n    },\r\n    \"networkProfile\": {\"networkInterfaces\":[{\"id\":\"/subscriptions/a0d901ba-9956-4f7d-830c-2d7974c36666/resourceGroups/xplatTestZVMCreate3719/providers/Microsoft.Network/networkInterfaces/xplattestnic\"}]},\r\n    \"diagnosticsProfile\": {\r\n      \"bootDiagnostics\": {\r\n        \"enabled\": true,\r\n        \"storageUri\": \"https://clisto2716036876xplatvm.blob.core.windows.net/\"\r\n      }\r\n    },\r\n    \"provisioningState\": \"Succeeded\",\r\n    \"instanceView\": {\r\n      \"platformUpdateDomain\": 0,\r\n      \"platformFaultDomain\": 0,\r\n      \"vmAgent\": {\r\n        \"vmAgentVersion\": \"2.1.3\",\r\n        \"statuses\": [\r\n          {\r\n            \"code\": \"ProvisioningState/succeeded\",\r\n            \"level\": \"Info\",\r\n            \"displayStatus\": \"Ready\",\r\n            \"message\": \"Guest Agent is running\",\r\n            \"time\": \"2016-04-21T15:04:03+00:00\"\r\n          }\r\n        ],\r\n        \"extensionHandlers\": []\r\n      },\r\n      \"disks\": [\r\n        {\r\n          \"name\": \"clic02284b615a57546-os-1461250709197\",\r\n          \"statuses\": [\r\n            {\r\n              \"code\": \"ProvisioningState/succeeded\",\r\n              \"level\": \"Info\",\r\n              \"displayStatus\": \"Provisioning succeeded\",\r\n              \"time\": \"2016-04-21T15:01:12.9423987+00:00\"\r\n            }\r\n          ]\r\n        }\r\n      ],\r\n      \"bootDiagnostics\": {\r\n        \"consoleScreenshotBlobUri\": \"https://clisto2716036876xplatvm.blob.core.windows.net/bootdiagnostics-xplatvm-21f42ca1-063b-4661-9ac7-84d78b0cef80/xplatvm.21f42ca1-063b-4661-9ac7-84d78b0cef80.screenshot.bmp\",\r\n        \"serialConsoleLogBlobUri\": \"https://clisto2716036876xplatvm.blob.core.windows.net/bootdiagnostics-xplatvm-21f42ca1-063b-4661-9ac7-84d78b0cef80/xplatvm.21f42ca1-063b-4661-9ac7-84d78b0cef80.serialconsole.log\"\r\n      },\r\n      \"statuses\": [\r\n        {\r\n          \"code\": \"ProvisioningState/succeeded\",\r\n          \"level\": \"Info\",\r\n          \"displayStatus\": \"Provisioning succeeded\",\r\n          \"time\": \"2016-04-21T15:02:49.6788776+00:00\"\r\n        },\r\n        {\r\n          \"code\": \"PowerState/running\",\r\n          \"level\": \"Info\",\r\n          \"displayStatus\": \"VM running\"\r\n        }\r\n      ]\r\n    }\r\n  },\r\n  \"id\": \"/subscriptions/a0d901ba-9956-4f7d-830c-2d7974c36666/resourceGroups/xplatTestZVMCreate3719/providers/Microsoft.Compute/virtualMachines/xplatvm\",\r\n  \"name\": \"xplatvm\",\r\n  \"type\": \"Microsoft.Compute/virtualMachines\",\r\n  \"location\": \"eastus2\",\r\n  \"tags\": {\r\n    \"a\": \"b\",\r\n    \"b\": \"c\",\r\n    \"d\": \"\"\r\n  }\r\n}", { 'cache-control': 'no-cache',
  pragma: 'no-cache',
  'content-length': '5217',
  'content-type': 'application/json; charset=utf-8',
  expires: '-1',
  'strict-transport-security': 'max-age=31536000; includeSubDomains',
  'x-ms-served-by': '895af9d7-954b-45c3-8bfc-dbfad65a03e9_131054026430276993',
  'x-ms-request-id': '1b283558-34d1-4b14-be11-f9c3494a1d95',
  server: 'Microsoft-HTTPAPI/2.0',
  'x-ms-ratelimit-remaining-subscription-reads': '14963',
  'x-ms-correlation-request-id': 'ecb7c221-992b-4ccb-b6ef-6c247eb424a2',
  'x-ms-routing-request-id': 'SOUTHEASTASIA:20160421T150420Z:ecb7c221-992b-4ccb-b6ef-6c247eb424a2',
  date: 'Thu, 21 Apr 2016 15:04:20 GMT',
  connection: 'close' });
 return result; },
function (nock) { 
var result = 
nock('https://management.azure.com:443')
  .get('/subscriptions/a0d901ba-9956-4f7d-830c-2d7974c36666/resourceGroups/xplatTestZVMCreate3719/providers/Microsoft.Compute/virtualMachines/xplatvm?$expand=instanceView&api-version=2016-03-30')
  .reply(200, "{\r\n  \"properties\": {\r\n    \"vmId\": \"21f42ca1-063b-4661-9ac7-84d78b0cef80\",\r\n    \"availabilitySet\": {\r\n      \"id\": \"/subscriptions/a0d901ba-9956-4f7d-830c-2d7974c36666/resourceGroups/xplatTestZVMCreate3719/providers/Microsoft.Compute/availabilitySets/XPLATTESTZVMAVAIL7125\"\r\n    },\r\n    \"hardwareProfile\": {\r\n      \"vmSize\": \"Standard_DS1\"\r\n    },\r\n    \"storageProfile\": {\r\n      \"imageReference\": {\r\n        \"publisher\": \"canonical\",\r\n        \"offer\": \"UbuntuServer\",\r\n        \"sku\": \"15.10\",\r\n        \"version\": \"latest\"\r\n      },\r\n      \"osDisk\": {\r\n        \"osType\": \"Linux\",\r\n        \"name\": \"clic02284b615a57546-os-1461250709197\",\r\n        \"createOption\": \"FromImage\",\r\n        \"vhd\": {\r\n          \"uri\": \"https://xplatteststorage13672.blob.core.windows.net/xplatteststoragecnt12373/clic02284b615a57546-os-1461250709197.vhd\"\r\n        },\r\n        \"caching\": \"ReadWrite\"\r\n      },\r\n      \"dataDisks\": []\r\n    },\r\n    \"osProfile\": {\r\n      \"computerName\": \"xplatvm\",\r\n      \"adminUsername\": \"azureuser\",\r\n      \"linuxConfiguration\": {\r\n        \"disablePasswordAuthentication\": false,\r\n        \"ssh\": {\r\n          \"publicKeys\": [\r\n            {\r\n              \"path\": \"/home/azureuser/.ssh/authorized_keys\",\r\n              \"keyData\": \"MIID/zCCAuegAwIBAgIJAMUAa+XVLvAeMA0GCSqGSIb3DQEBBQUAMIGVMQswCQYD\\r\\nVQQGEwJJbjESMBAGA1UECAwJS2FybmF0YWthMRIwEAYDVQQHDAlCYW5nYWxvcmUx\\r\\nEDAOBgNVBAoMB2JyaWxsaW8xEjAQBgNVBAsMCW1pY3Jvc29mdDEQMA4GA1UEAwwH\\r\\nYnJpbGxpbzEmMCQGCSqGSIb3DQEJARYXc3JlZWthbnRoYnNAeWFob28uY28uaW4w\\r\\nHhcNMTUwMzA1MTE1MzEyWhcNMTYwMzA0MTE1MzEyWjCBlTELMAkGA1UEBhMCSW4x\\r\\nEjAQBgNVBAgMCUthcm5hdGFrYTESMBAGA1UEBwwJQmFuZ2Fsb3JlMRAwDgYDVQQK\\r\\nDAdicmlsbGlvMRIwEAYDVQQLDAltaWNyb3NvZnQxEDAOBgNVBAMMB2JyaWxsaW8x\\r\\nJjAkBgkqhkiG9w0BCQEWF3NyZWVrYW50aGJzQHlhaG9vLmNvLmluMIIBIjANBgkq\\r\\nhkiG9w0BAQEFAAOCAQ8AMIIBCgKCAQEAyUNKaOuT0NK+S8Ck81zy9xJ6hXfZvAC6\\r\\nlhbmf/6s/WVimJ/TX5NMhQJwC9k6ZIF92KfYrojHNvHDufSZ3EtKUVwRFCDjmgMT\\r\\nDL09WkGaZt7gROYFK0iZ4KrYGovUwlwum9fHB24OJiOV4bi0ek62/rHx9fjYZpvp\\r\\naIH2PV/hN8SCZ0x7HJMberD4gVoU/Kv42nNvwjLUW6IZfVx/Gv5OeFDtWHfSvUEF\\r\\ndadHKTPn3Ab20Iu6gZIbLO9Vuf38/IpaYGfnFCouHdzmiTiLieYNe3CUPcOJNSv7\\r\\n1G8KYpx3uNJRkJPab5OsRyJw75Gvzkr9OgaPss9tVD6Gt68u3WQtVQIDAQABo1Aw\\r\\nTjAdBgNVHQ4EFgQUogvhXB+xZ2JJPfLO6cVs4ForzscwHwYDVR0jBBgwFoAUogvh\\r\\nXB+xZ2JJPfLO6cVs4ForzscwDAYDVR0TBAUwAwEB/zANBgkqhkiG9w0BAQUFAAOC\\r\\nAQEAdDj7qUNJ45xlF5cjd+4x5NHvAD1VTjOKu+Xh/uzSSjXqB2F0aOMWA9lx0qaQ\\r\\noJgHkGxj3zz/W7ik/cVGL2O+vRIOKv/y0OPogEmS3Hw+P+O6OGE7x1G6YN0zLVoL\\r\\nu4BN/BEYmjttxM9I7qqL7C5cJoE+K3s/w1/pt/68ohJcr7F9Ohi7cso62xuGY1Rm\\r\\nksAh2EUDsU9JV/P+C9AMpLSrb03JJYzVj4w1RHbrmw2AjFyGXdQYkggyXisg+Ifr\\r\\n5gbNN7HigpHf7b2i3CQBUqp9m23frh5AhnLI2qp3UXgc52U5ieLdi/t6j0TTZqqY\\r\\nHhHqofKrj938HHlBNpC5/LVh3w==\\r\\n\"\r\n            }\r\n          ]\r\n        }\r\n      },\r\n      \"secrets\": []\r\n    },\r\n    \"networkProfile\": {\"networkInterfaces\":[{\"id\":\"/subscriptions/a0d901ba-9956-4f7d-830c-2d7974c36666/resourceGroups/xplatTestZVMCreate3719/providers/Microsoft.Network/networkInterfaces/xplattestnic\"}]},\r\n    \"diagnosticsProfile\": {\r\n      \"bootDiagnostics\": {\r\n        \"enabled\": true,\r\n        \"storageUri\": \"https://clisto2716036876xplatvm.blob.core.windows.net/\"\r\n      }\r\n    },\r\n    \"provisioningState\": \"Succeeded\",\r\n    \"instanceView\": {\r\n      \"platformUpdateDomain\": 0,\r\n      \"platformFaultDomain\": 0,\r\n      \"vmAgent\": {\r\n        \"vmAgentVersion\": \"2.1.3\",\r\n        \"statuses\": [\r\n          {\r\n            \"code\": \"ProvisioningState/succeeded\",\r\n            \"level\": \"Info\",\r\n            \"displayStatus\": \"Ready\",\r\n            \"message\": \"Guest Agent is running\",\r\n            \"time\": \"2016-04-21T15:04:03+00:00\"\r\n          }\r\n        ],\r\n        \"extensionHandlers\": []\r\n      },\r\n      \"disks\": [\r\n        {\r\n          \"name\": \"clic02284b615a57546-os-1461250709197\",\r\n          \"statuses\": [\r\n            {\r\n              \"code\": \"ProvisioningState/succeeded\",\r\n              \"level\": \"Info\",\r\n              \"displayStatus\": \"Provisioning succeeded\",\r\n              \"time\": \"2016-04-21T15:01:12.9423987+00:00\"\r\n            }\r\n          ]\r\n        }\r\n      ],\r\n      \"bootDiagnostics\": {\r\n        \"consoleScreenshotBlobUri\": \"https://clisto2716036876xplatvm.blob.core.windows.net/bootdiagnostics-xplatvm-21f42ca1-063b-4661-9ac7-84d78b0cef80/xplatvm.21f42ca1-063b-4661-9ac7-84d78b0cef80.screenshot.bmp\",\r\n        \"serialConsoleLogBlobUri\": \"https://clisto2716036876xplatvm.blob.core.windows.net/bootdiagnostics-xplatvm-21f42ca1-063b-4661-9ac7-84d78b0cef80/xplatvm.21f42ca1-063b-4661-9ac7-84d78b0cef80.serialconsole.log\"\r\n      },\r\n      \"statuses\": [\r\n        {\r\n          \"code\": \"ProvisioningState/succeeded\",\r\n          \"level\": \"Info\",\r\n          \"displayStatus\": \"Provisioning succeeded\",\r\n          \"time\": \"2016-04-21T15:02:49.6788776+00:00\"\r\n        },\r\n        {\r\n          \"code\": \"PowerState/running\",\r\n          \"level\": \"Info\",\r\n          \"displayStatus\": \"VM running\"\r\n        }\r\n      ]\r\n    }\r\n  },\r\n  \"id\": \"/subscriptions/a0d901ba-9956-4f7d-830c-2d7974c36666/resourceGroups/xplatTestZVMCreate3719/providers/Microsoft.Compute/virtualMachines/xplatvm\",\r\n  \"name\": \"xplatvm\",\r\n  \"type\": \"Microsoft.Compute/virtualMachines\",\r\n  \"location\": \"eastus2\",\r\n  \"tags\": {\r\n    \"a\": \"b\",\r\n    \"b\": \"c\",\r\n    \"d\": \"\"\r\n  }\r\n}", { 'cache-control': 'no-cache',
  pragma: 'no-cache',
  'content-length': '5217',
  'content-type': 'application/json; charset=utf-8',
  expires: '-1',
  'strict-transport-security': 'max-age=31536000; includeSubDomains',
  'x-ms-served-by': '895af9d7-954b-45c3-8bfc-dbfad65a03e9_131054026430276993',
  'x-ms-request-id': '1b283558-34d1-4b14-be11-f9c3494a1d95',
  server: 'Microsoft-HTTPAPI/2.0',
  'x-ms-ratelimit-remaining-subscription-reads': '14963',
  'x-ms-correlation-request-id': 'ecb7c221-992b-4ccb-b6ef-6c247eb424a2',
  'x-ms-routing-request-id': 'SOUTHEASTASIA:20160421T150420Z:ecb7c221-992b-4ccb-b6ef-6c247eb424a2',
  date: 'Thu, 21 Apr 2016 15:04:20 GMT',
  connection: 'close' });
 return result; },
function (nock) { 
var result = 
nock('http://management.azure.com:443')
  .post('/subscriptions/a0d901ba-9956-4f7d-830c-2d7974c36666/resourceGroups/xplatTestZVMCreate3719/providers/Microsoft.Storage/storageAccounts/clisto2716036876xplatvm/listKeys?api-version=2016-01-01')
  .reply(200, "{\"keys\":[{\"keyName\":\"key1\",\"permissions\":\"Full\",\"value\":\"TQUvjtVd4TucKOTAgA4SDwqtSzvk8t9SjovFxq1fKxv5WFE+KfFDTpHbnS4FW8szmNSOOVo5ktKNH7IotkiLBA==\"},{\"keyName\":\"key2\",\"permissions\":\"Full\",\"value\":\"/TRZvP/90xt/ChBlax7RY/G0TwnEyR7e4oz9WG5hbKxNCMtqhEAqUjZqxQ0T2Am86toDsZHJxkWSVqQlDFzO7Q==\"}]}\n", { 'cache-control': 'no-cache',
  pragma: 'no-cache',
  'content-length': '289',
  'content-type': 'application/json',
  expires: '-1',
  'x-ms-request-id': '9527a929-2993-4229-878e-173117e1bdf7',
  server: 'Microsoft-Azure-Storage-Resource-Provider/1.0',
  'x-ms-ratelimit-remaining-subscription-writes': '1196',
  'x-ms-correlation-request-id': '9527a929-2993-4229-878e-173117e1bdf7',
  'x-ms-routing-request-id': 'SOUTHEASTASIA:20160421T150422Z:9527a929-2993-4229-878e-173117e1bdf7',
  'strict-transport-security': 'max-age=31536000; includeSubDomains',
  date: 'Thu, 21 Apr 2016 15:04:22 GMT',
  connection: 'close' });
 return result; },
function (nock) { 
var result = 
nock('https://management.azure.com:443')
  .post('/subscriptions/a0d901ba-9956-4f7d-830c-2d7974c36666/resourceGroups/xplatTestZVMCreate3719/providers/Microsoft.Storage/storageAccounts/clisto2716036876xplatvm/listKeys?api-version=2016-01-01')
  .reply(200, "{\"keys\":[{\"keyName\":\"key1\",\"permissions\":\"Full\",\"value\":\"TQUvjtVd4TucKOTAgA4SDwqtSzvk8t9SjovFxq1fKxv5WFE+KfFDTpHbnS4FW8szmNSOOVo5ktKNH7IotkiLBA==\"},{\"keyName\":\"key2\",\"permissions\":\"Full\",\"value\":\"/TRZvP/90xt/ChBlax7RY/G0TwnEyR7e4oz9WG5hbKxNCMtqhEAqUjZqxQ0T2Am86toDsZHJxkWSVqQlDFzO7Q==\"}]}\n", { 'cache-control': 'no-cache',
  pragma: 'no-cache',
  'content-length': '289',
  'content-type': 'application/json',
  expires: '-1',
  'x-ms-request-id': '9527a929-2993-4229-878e-173117e1bdf7',
  server: 'Microsoft-Azure-Storage-Resource-Provider/1.0',
  'x-ms-ratelimit-remaining-subscription-writes': '1196',
  'x-ms-correlation-request-id': '9527a929-2993-4229-878e-173117e1bdf7',
  'x-ms-routing-request-id': 'SOUTHEASTASIA:20160421T150422Z:9527a929-2993-4229-878e-173117e1bdf7',
  'strict-transport-security': 'max-age=31536000; includeSubDomains',
  date: 'Thu, 21 Apr 2016 15:04:22 GMT',
  connection: 'close' });
 return result; },
function (nock) { 
var result = 
nock('http://clisto2716036876xplatvm.blob.core.windows.net:443')
  .head('/bootdiagnostics-xplatvm-21f42ca1-063b-4661-9ac7-84d78b0cef80/xplatvm.21f42ca1-063b-4661-9ac7-84d78b0cef80.serialconsole.log')
  .reply(200, "", { 'content-length': '64000',
  'content-type': 'text/plain',
  'last-modified': 'Thu, 21 Apr 2016 15:03:36 GMT',
  'accept-ranges': 'bytes',
  etag: '"0x8D369F61D203C52"',
  server: 'Windows-Azure-Blob/1.0 Microsoft-HTTPAPI/2.0',
  'x-ms-request-id': 'dd009adf-0001-005d-46df-9bab60000000',
  'x-ms-version': '2015-02-21',
  'x-ms-write-protection': 'false',
  'x-ms-lease-status': 'unlocked',
  'x-ms-lease-state': 'available',
  'x-ms-blob-type': 'PageBlob',
  'x-ms-blob-sequence-number': '0',
  date: 'Thu, 21 Apr 2016 15:04:24 GMT',
  connection: 'close' });
 return result; },
function (nock) { 
var result = 
nock('https://clisto2716036876xplatvm.blob.core.windows.net:443')
  .head('/bootdiagnostics-xplatvm-21f42ca1-063b-4661-9ac7-84d78b0cef80/xplatvm.21f42ca1-063b-4661-9ac7-84d78b0cef80.serialconsole.log')
  .reply(200, "", { 'content-length': '64000',
  'content-type': 'text/plain',
  'last-modified': 'Thu, 21 Apr 2016 15:03:36 GMT',
  'accept-ranges': 'bytes',
  etag: '"0x8D369F61D203C52"',
  server: 'Windows-Azure-Blob/1.0 Microsoft-HTTPAPI/2.0',
  'x-ms-request-id': 'dd009adf-0001-005d-46df-9bab60000000',
  'x-ms-version': '2015-02-21',
  'x-ms-write-protection': 'false',
  'x-ms-lease-status': 'unlocked',
  'x-ms-lease-state': 'available',
  'x-ms-blob-type': 'PageBlob',
  'x-ms-blob-sequence-number': '0',
  date: 'Thu, 21 Apr 2016 15:04:24 GMT',
  connection: 'close' });
 return result; },
function (nock) { 
var result = 
nock('http://clisto2716036876xplatvm.blob.core.windows.net:443')
  .get('/bootdiagnostics-xplatvm-21f42ca1-063b-4661-9ac7-84d78b0cef80/xplatvm.21f42ca1-063b-4661-9ac7-84d78b0cef80.serialconsole.log')
  .reply(200, "\u001b[H\u001b[J\u001b[1;1H[    0.000000] Initializing cgroup subsys cpuset\r\n[    0.000000] Initializing cgroup subsys cpu\r\n[    0.000000] Initializing cgroup subsys cpuacct\r\n[    0.000000] Linux version 4.2.0-35-generic (buildd@lgw01-43) (gcc version 5.2.1 20151010 (Ubuntu 5.2.1-22ubuntu2) ) #40-Ubuntu SMP Tue Mar 15 22:15:45 UTC 2016 (Ubuntu 4.2.0-35.40-generic 4.2.8-ckt5)\r\n[    0.000000] Command line: BOOT_IMAGE=/boot/vmlinuz-4.2.0-35-generic root=UUID=e76b11a1-29e0-4279-a7de-dac4f6de393a ro console=tty1 console=ttyS0 earlyprintk=ttyS0 rootdelay=300\r\n[    0.000000] KERNEL supported cpus:\r\n[    0.000000]   Intel GenuineIntel\r\n[    0.000000]   AMD AuthenticAMD\r\n[    0.000000]   Centaur CentaurHauls\r\n[    0.000000] x86/fpu: xstate_offset[2]: 0240, xstate_sizes[2]: 0100\r\n[    0.000000] x86/fpu: Supporting XSAVE feature 0x01: 'x87 floating point registers'\r\n[    0.000000] x86/fpu: Supporting XSAVE feature 0x02: 'SSE registers'\r\n[    0.000000] x86/fpu: Supporting XSAVE feature 0x04: 'AVX registers'\r\n[    0.000000] x86/fpu: Enabled xstate features 0x7, context size is 0x340 bytes, using 'standard' format.\r\n[    0.000000] x86/fpu: Using 'eager' FPU context switches.\r\n[    0.000000] e820: BIOS-provided physical RAM map:\r\n[    0.000000] BIOS-e820: [mem 0x0000000000000000-0x000000000009fbff] usable\r\n[    0.000000] BIOS-e820: [mem 0x000000000009fc00-0x000000000009ffff] reserved\r\n[    0.000000] BIOS-e820: [mem 0x00000000000e0000-0x00000000000fffff] reserved\r\n[    0.000000] BIOS-e820: [mem 0x0000000000100000-0x000000001ffeffff] usable\r\n[    0.000000] BIOS-e820: [mem 0x000000001fff0000-0x000000001fffefff] ACPI data\r\n[    0.000000] BIOS-e820: [mem 0x000000001ffff000-0x000000001fffffff] ACPI NVS\r\n[    0.000000] BIOS-e820: [mem 0x0000000100000000-0x00000001bfffffff] usable\r\n[    0.000000] bootconsole [earlyser0] enabled\r\n[    0.000000] NX (Execute Disable) protection: active\r\n[    0.000000] SMBIOS 2.3 present.\r\n[    0.000000] Hypervisor detected: Microsoft HyperV\r\n[    0.000000] HyperV: features 0xe7f, hints 0x2c\r\n[    0.000000] HyperV: LAPIC Timer Frequency: 0xc3500\r\n[    0.000000] clocksource: hyperv_clocksource: mask: 0xffffffffffffffff max_cycles: 0x24e6a1710, max_idle_ns: 440795202120 ns\r\n[    0.000000] tsc: Marking TSC unstable due to running on Hyper-V\r\n[    0.000000] e820: last_pfn = 0x1c0000 max_arch_pfn = 0x400000000\r\n[    0.000000] x86/PAT: Configuration [0-7]: WB  WC  UC- UC  WB  WC  UC- WT  \r\n[    0.000000] e820: last_pfn = 0x1fff0 max_arch_pfn = 0x400000000\r\n[    0.000000] found SMP MP-table at [mem 0x000ff780-0x000ff78f] mapped at [ffff8800000ff780]\r\n[    0.000000] Scanning 1 areas for low memory corruption\r\n[    0.000000] init_memory_mapping: [mem 0x00000000-0x000fffff]\r\n[    0.000000] init_memory_mapping: [mem 0x1bfe00000-0x1bfffffff]\r\n[    0.000000] init_memory_mapping: [mem 0x1a0000000-0x1bfdfffff]\r\n[    0.000000] init_memory_mapping: [mem 0x00100000-0x1ffeffff]\r\n[    0.000000] init_memory_mapping: [mem 0x100000000-0x19fffffff]\r\n[    0.000000] RAMDISK: [mem 0x1d9d3000-0x1f7a1fff]\r\n[    0.000000] ACPI: Early table checksum verification disabled\r\n[    0.000000] ACPI: RSDP 0x00000000000F56F0 000014 (v00 ACPIAM)\r\n[    0.000000] ACPI: RSDT 0x000000001FFF0000 000040 (v01 VRTUAL MICROSFT 05001223 MSFT 00000097)\r\n[    0.000000] ACPI: FACP 0x000000001FFF0200 000081 (v02 VRTUAL MICROSFT 05001223 MSFT 00000097)\r\n[    0.000000] ACPI: DSDT 0x000000001FFF1724 002E78 (v01 MSFTVM MSFTVM02 00000002 INTL 02002026)\r\n[    0.000000] ACPI: FACS 0x000000001FFFF000 000040\r\n[    0.000000] ACPI: WAET 0x000000001FFF1480 000028 (v01 VRTUAL MICROSFT 05001223 MSFT 00000097)\r\n[    0.000000] ACPI: SLIC 0x000000001FFF14C0 000176 (v01 VRTUAL MICROSFT 05001223 MSFT 00000097)\r\n[    0.000000] ACPI: OEM0 0x000000001FFF16C0 000064 (v01 VRTUAL MICROSFT 05001223 MSFT 00000097)\r\n[    0.000000] ACPI: SRAT 0x000000001FFF0600 000090 (v02 VRTUAL MICROSFT 00000001 MSFT 00000001)\r\n[    0.000000] ACPI: APIC 0x000000001FFF0300 00024C (v01 VRTUAL MICROSFT 05001223 MSFT 00000097)\r\n[    0.000000] ACPI: OEMB 0x000000001FFFF040 000064 (v01 VRTUAL MICROSFT 05001223 MSFT 00000097)\r\n[    0.000000] SRAT: PXM 0 -> APIC 0x00 -> Node 0\r\n[    0.000000] SRAT: Node 0 PXM 0 [mem 0x00000000-0x1fffffff]\r\n[    0.000000] SRAT: Node 0 PXM 0 [mem 0x100000000-0x1bfffffff]\r\n[    0.000000] NUMA: Node 0 [mem 0x00000000-0x1fffffff] + [mem 0x100000000-0x1bfffffff] -> [mem 0x00000000-0x1bfffffff]\r\n[    0.000000] NODE_DATA(0) allocated [mem 0x1bfffa000-0x1bfffefff]\r\n[    0.000000] Zone ranges:\r\n[    0.000000]   DMA      [mem 0x0000000000001000-0x0000000000ffffff]\r\n[    0.000000]   DMA32    [mem 0x0000000001000000-0x00000000ffffffff]\r\n[    0.000000]   Normal   [mem 0x0000000100000000-0x00000001bfffffff]\r\n[    0.000000] Movable zone start for each node\r\n[    0.000000] Early memory node ranges\r\n[    0.000000]   node   0: [mem 0x0000000000001000-0x000000000009efff]\r\n[    0.000000]   node   0: [mem 0x0000000000100000-0x000000001ffeffff]\r\n[    0.000000]   node   0: [mem 0x0000000100000000-0x00000001bfffffff]\r\n[    0.000000] Initmem setup node 0 [mem 0x0000000000001000-0x00000001bfffffff]\r\n[    0.000000] ACPI: PM-Timer IO Port: 0x408\r\n[    0.000000] IOAPIC[0]: apic_id 0, version 17, address 0xfec00000, GSI 0-23\r\n[    0.000000] ACPI: INT_SRC_OVR (bus 0 bus_irq 0 global_irq 2 dfl dfl)\r\n[    0.000000] ACPI: INT_SRC_OVR (bus 0 bus_irq 9 global_irq 9 high level)\r\n[    0.000000] Using ACPI (MADT) for SMP configuration information\r\n[    0.000000] smpboot: Allowing 64 CPUs, 63 hotplug CPUs\r\n[    0.000000] PM: Registered nosave memory: [mem 0x00000000-0x00000fff]\r\n[    0.000000] PM: Registered nosave memory: [mem 0x0009f000-0x0009ffff]\r\n[    0.000000] PM: Registered nosave memory: [mem 0x000a0000-0x000dffff]\r\n[    0.000000] PM: Registered nosave memory: [mem 0x000e0000-0x000fffff]\r\n[    0.000000] PM: Registered nosave memory: [mem 0x1fff0000-0x1fffefff]\r\n[    0.000000] PM: Registered nosave memory: [mem 0x1ffff000-0x1fffffff]\r\n[    0.000000] PM: Registered nosave memory: [mem 0x20000000-0xffffffff]\r\n[    0.000000] e820: [mem 0x20000000-0xffffffff] available for PCI devices\r\n[    0.000000] Booting paravirtualized kernel on bare hardware\r\n[    0.000000] clocksource: refined-jiffies: mask: 0xffffffff max_cycles: 0xffffffff, max_idle_ns: 7645519600211568 ns\r\n[    0.000000] setup_percpu: NR_CPUS:256 nr_cpumask_bits:256 nr_cpu_ids:64 nr_node_ids:1\r\n[    0.000000] PERCPU: Embedded 33 pages/cpu @ffff8801bae00000 s96728 r8192 d30248 u262144\r\n[    0.000000] Built 1 zonelists in Node order, mobility grouping on.  Total pages: 903033\r\n[    0.000000] Policy zone: Normal\r\n[    0.000000] Kernel command line: BOOT_IMAGE=/boot/vmlinuz-4.2.0-35-generic root=UUID=e76b11a1-29e0-4279-a7de-dac4f6de393a ro console=tty1 console=ttyS0 earlyprintk=ttyS0 rootdelay=300\r\n[    0.000000] log_buf_len individual max cpu contribution: 4096 bytes\r\n[    0.000000] log_buf_len total cpu_extra contributions: 258048 bytes\r\n[    0.000000] log_buf_len min size: 262144 bytes\r\n[    0.000000] log_buf_len: 524288 bytes\r\n[    0.000000] early log buf free: 252360(96%)\r\n[    0.000000] PID hash table entries: 4096 (order: 3, 32768 bytes)\r\n[    0.000000] Memory: 3487928K/3669560K available (8182K kernel code, 1239K rwdata, 3804K rodata, 1464K init, 1292K bss, 181632K reserved, 0K cma-reserved)\r\n[    0.000000] SLUB: HWalign=64, Order=0-3, MinObjects=0, CPUs=64, Nodes=1\r\n[    0.000000] Hierarchical RCU implementation.\r\n[    0.000000] \tBuild-time adjustment of leaf fanout to 64.\r\n[    0.000000] \tRCU restricting CPUs from NR_CPUS=256 to nr_cpu_ids=64.\r\n[    0.000000] RCU: Adjusting geometry for rcu_fanout_leaf=64, nr_cpu_ids=64\r\n[    0.000000] NR_IRQS:16640 nr_irqs:936 16\r\n[    0.000000] \tOffload RCU callbacks from all CPUs\r\n[    0.000000] \tOffload RCU callbacks from CPUs: 0-63.\r\n[    0.000000] Console: colour VGA+ 80x25\r\n[    0.000000] console [tty1] enabled\r\n[    0.000000] console [ttyS0] enabled\r\n[    0.000000] console [ttyS0] enabled\r\n[    0.000000] bootconsole [earlyser0] disabled\r\n[    0.000000] bootconsole [earlyser0] disabled\r\n[    0.000000] tsc: Fast TSC calibration failed\r\n[    0.000000] tsc: Unable to calibrate against PIT\r\n[    0.000000] tsc: using PMTIMER reference calibration\r\n[    0.000000] tsc: Detected 2194.687 MHz processor\r\n[    0.016034] Calibrating delay loop (skipped), value calculated using timer frequency.. 4389.37 BogoMIPS (lpj=8778748)\r\n[    0.021370] pid_max: default: 65536 minimum: 512\r\n[    0.024035] ACPI: Core revision 20150619\r\n[    0.027354] ACPI: All ACPI Tables successfully acquired\r\n[    0.032086] Security Framework initialized\r\n[    0.033991] AppArmor: AppArmor initialized\r\n[    0.036019] Yama: becoming mindful.\r\n[    0.038069] Dentry cache hash table entries: 524288 (order: 10, 4194304 bytes)\r\n[    0.040968] Inode-cache hash table entries: 262144 (order: 9, 2097152 bytes)\r\n[    0.044457] Mount-cache hash table entries: 8192 (order: 4, 65536 bytes)\r\n[    0.046631] Mountpoint-cache hash table entries: 8192 (order: 4, 65536 bytes)\r\n[    0.048318] Initializing cgroup subsys blkio\r\n[    0.050209] Initializing cgroup subsys memory\r\n[    0.052037] Initializing cgroup subsys devices\r\n[    0.054022] Initializing cgroup subsys freezer\r\n[    0.056022] Initializing cgroup subsys net_cls\r\n[    0.057880] Initializing cgroup subsys perf_event\r\n[    0.060045] Initializing cgroup subsys net_prio\r\n[    0.061965] Initializing cgroup subsys hugetlb\r\n[    0.064141] mce: CPU supports 1 MCE banks\r\n[    0.066032] Last level iTLB entries: 4KB 512, 2MB 8, 4MB 8\r\n[    0.068019] Last level dTLB entries: 4KB 512, 2MB 32, 4MB 32, 1GB 0\r\n[    0.094472] ftrace: allocating 30947 entries in 121 pages\r\n[    0.108132] Switched APIC routing to physical flat.\r\n[    0.127231] ..TIMER: vector=0x30 apic1=0 pin1=2 apic2=-1 pin2=-1\r\n[    0.128153] smpboot: CPU0: Intel(R) Xeon(R) CPU E5-2660 0 @ 2.20GHz (fam: 06, model: 2d, stepping: 07)\r\n[    0.132032] Performance Events: unsupported p6 CPU model 45 no PMU driver, software events only.\r\n[    0.137333] x86: Booted up 1 node, 1 CPUs\r\n[    0.138838] smpboot: Total of 1 processors activated (4389.37 BogoMIPS)\r\n[    0.140015] NMI watchdog: disabled (cpu0): hardware events not enabled\r\n[    0.141691] NMI watchdog: Shutting down hard lockup detector on all cpus\r\n[    0.147130] devtmpfs: initialized\r\n[    0.150716] evm: security.selinux\r\n[    0.152003] evm: security.SMACK64\r\n[    0.153319] evm: security.SMACK64EXEC\r\n[    0.154653] evm: security.SMACK64TRANSMUTE\r\n[    0.156004] evm: security.SMACK64MMAP\r\n[    0.157193] evm: security.ima\r\n[    0.160003] evm: security.capability\r\n[    0.161211] PM: Registering ACPI NVS region [mem 0x1ffff000-0x1fffffff] (4096 bytes)\r\n[    0.162920] clocksource: jiffies: mask: 0xffffffff max_cycles: 0xffffffff, max_idle_ns: 7645041785100000 ns\r\n[    0.164167] pinctrl core: initialized pinctrl subsystem\r\n[    0.165769] RTC time: 15:01:50, date: 04/21/16\r\n[    0.168153] NET: Registered protocol family 16\r\n[    0.169518] cpuidle: using governor ladder\r\n[    0.170654] cpuidle: using governor menu\r\n[    0.171974] ACPI: bus type PCI registered\r\n[    0.172004] acpiphp: ACPI Hot Plug PCI Controller Driver version: 0.5\r\n[    0.173790] PCI: Using configuration type 1 for base access\r\n[    0.177823] ACPI: Added _OSI(Module Device)\r\n[    0.179037] ACPI: Added _OSI(Processor Device)\r\n[    0.180003] ACPI: Added _OSI(3.0 _SCP Extensions)\r\n[    0.181190] ACPI: Added _OSI(Processor Aggregator Device)\r\n[    0.185464] ACPI: Interpreter enabled\r\n[    0.186584] ACPI Exception: AE_NOT_FOUND, While evaluating Sleep State [\\_S1_] (20150619/hwxface-580)\r\n[    0.188980] ACPI Exception: AE_NOT_FOUND, While evaluating Sleep State [\\_S2_] (20150619/hwxface-580)\r\n[    0.192003] ACPI Exception: AE_NOT_FOUND, While evaluating Sleep State [\\_S3_] (20150619/hwxface-580)\r\n[    0.194883] ACPI Exception: AE_NOT_FOUND, While evaluating Sleep State [\\_S4_] (20150619/hwxface-580)\r\n[    0.197976] ACPI: (supports S0 S5)\r\n[    0.199044] ACPI: Using IOAPIC for interrupt routing\r\n[    0.200033] PCI: Using host bridge windows from ACPI; if necessary, use \"pci=nocrs\" and report a bug\r\n[    0.211712] ACPI: PCI Root Bridge [PCI0] (domain 0000 [bus 00-ff])\r\n[    0.212007] acpi PNP0A03:00: _OSC: OS supports [ASPM ClockPM Segments MSI]\r\n[    0.213321] acpi PNP0A03:00: _OSC failed (AE_NOT_FOUND); disabling ASPM\r\n[    0.216144] acpi PNP0A03:00: fail to add MMCONFIG information, can't access extended PCI configuration space under this bridge.\r\n[    0.218091] PCI host bridge to bus 0000:00\r\n[    0.219202] pci_bus 0000:00: root bus resource [bus 00-ff]\r\n[    0.220004] pci_bus 0000:00: root bus resource [mem 0xfe0000000-0xfffefffff window]\r\n[    0.221516] pci_bus 0000:00: root bus resource [io  0x0000-0x0cf7 window]\r\n[    0.222827] pci_bus 0000:00: root bus resource [io  0x0d00-0xffff window]\r\n[    0.224003] pci_bus 0000:00: root bus resource [mem 0x000a0000-0x000bffff window]\r\n[    0.225606] pci_bus 0000:00: root bus resource [mem 0x20000000-0xfffbffff window]\r\n[    0.234396] pci 0000:00:07.1: legacy IDE quirk: reg 0x10: [io  0x01f0-0x01f7]\r\n[    0.235820] pci 0000:00:07.1: legacy IDE quirk: reg 0x14: [io  0x03f6]\r\n[    0.236003] pci 0000:00:07.1: legacy IDE quirk: reg 0x18: [io  0x0170-0x0177]\r\n[    0.237488] pci 0000:00:07.1: legacy IDE quirk: reg 0x1c: [io  0x0376]\r\n[    0.240438] * Found PM-Timer Bug on the chipset. Due to workarounds for a bug,\r\n[    0.240438] * this clock source is slow. Consider trying other clock sources\r\n[    0.245089] pci 0000:00:07.3: quirk: [io  0x0400-0x043f] claimed by PIIX4 ACPI\r\n[    0.255364] ACPI: PCI Interrupt Link [LNKA] (IRQs 3 4 5 7 9 10 *11 12 14 15)\r\n[    0.264195] ACPI: PCI Interrupt Link [LNKB] (IRQs 3 4 5 7 9 10 11 12 14 15) *0, disabled.\r\n[    0.274490] ACPI: PCI Interrupt Link [LNKC] (IRQs 3 4 5 7 9 10 11 12 14 15) *0, disabled.\r\n[    0.285020] ACPI: PCI Interrupt Link [LNKD] (IRQs 3 4 5 7 9 10 11 12 14 15) *0, disabled.\r\n[    0.296147] ACPI: Enabled 1 GPEs in block 00 to 0F\r\n[    0.298814] vgaarb: setting as boot device: PCI:0000:00:08.0\r\n[    0.300000] vgaarb: device added: PCI:0000:00:08.0,decodes=io+mem,owns=io+mem,locks=none\r\n[    0.300002] vgaarb: loaded\r\n[    0.301145] vgaarb: bridge control possible 0000:00:08.0\r\n[    0.304256] SCSI subsystem initialized\r\n[    0.305502] ACPI: bus type USB registered\r\n[    0.306719] usbcore: registered new interface driver usbfs\r\n[    0.308015] usbcore: registered new interface driver hub\r\n[    0.309393] usbcore: registered new device driver usb\r\n[    0.310871] PCI: Using ACPI for IRQ routing\r\n[    0.312486] NetLabel: Initializing\r\n[    0.313680] NetLabel:  domain hash size = 128\r\n[    0.314948] NetLabel:  protocols = UNLABELED CIPSOv4\r\n[    0.316025] NetLabel:  unlabeled traffic allowed by default\r\n[    0.317548] clocksource: Switched to clocksource hyperv_clocksource\r\n[    0.324639] AppArmor: AppArmor Filesystem Enabled\r\n[    0.327305] pnp: PnP ACPI init\r\n[    0.330317] system 00:06: [io  0x01e0-0x01ef] has been reserved\r\n[    0.331633] system 00:06: [io  0x0160-0x016f] has been reserved\r\n[    0.332952] system 00:06: [io  0x0278-0x027f] has been reserved\r\n[    0.334273] system 00:06: [io  0x0378-0x037f] has been reserved\r\n[    0.335560] system 00:06: [io  0x0678-0x067f] has been reserved\r\n[    0.336848] system 00:06: [io  0x0778-0x077f] has been reserved\r\n[    0.338216] system 00:06: [io  0x04d0-0x04d1] has been reserved\r\n[    0.339743] system 00:07: [io  0x0400-0x043f] has been reserved\r\n[    0.341116] system 00:07: [io  0x0370-0x0371] has been reserved\r\n[    0.342437] system 00:07: [io  0x0440-0x044f] has been reserved\r\n[    0.343918] system 00:07: [mem 0xfec00000-0xfec00fff] could not be reserved\r\n[    0.345358] system 00:07: [mem 0xfee00000-0xfee00fff] has been reserved\r\n[    0.346883] system 00:08: [mem 0x00000000-0x0009ffff] could not be reserved\r\n[    0.348327] system 00:08: [mem 0x000c0000-0x000dffff] could not be reserved\r\n[    0.349733] system 00:08: [mem 0x000e0000-0x000fffff] could not be reserved\r\n[    0.351071] system 00:08: [mem 0x00100000-0x1fffffff] could not be reserved\r\n[    0.352413] system 00:08: [mem 0xfffc0000-0xffffffff] has been reserved\r\n[    0.354362] pnp: PnP ACPI: found 9 devices\r\n[    0.361642] clocksource: acpi_pm: mask: 0xffffff max_cycles: 0xffffff, max_idle_ns: 2085701024 ns\r\n[    0.364801] NET: Registered protocol family 2\r\n[    0.366926] TCP established hash table entries: 32768 (order: 6, 262144 bytes)\r\n[    0.369012] TCP bind hash table entries: 32768 (order: 7, 524288 bytes)\r\n[    0.371090] TCP: Hash tables configured (established 32768 bind 32768)\r\n[    0.372577] UDP hash table entries: 2048 (order: 4, 65536 bytes)\r\n[    0.373945] UDP-Lite hash table entries: 2048 (order: 4, 65536 bytes)\r\n[    0.375529] NET: Registered protocol family 1\r\n[    0.376742] pci 0000:00:00.0: Limiting direct PCI/PCI transfers\r\n[    0.378336] Trying to unpack rootfs image as initramfs...\r\n[    0.973423] Freeing initrd memory: 30524K (ffff88001d9d3000 - ffff88001f7a2000)\r\n[    0.975417] PCI-DMA: Using software bounce buffering for IO (SWIOTLB)\r\n[    0.976645] software IO TLB [mem 0x199d3000-0x1d9d3000] (64MB) mapped at [ffff8800199d3000-ffff88001d9d2fff]\r\n[    0.978649] clocksource: tsc: mask: 0xffffffffffffffff max_cycles: 0x1fa297cc0c6, max_idle_ns: 440795271000 ns\r\n[    0.980352] RAPL PMU detected, API unit is 2^-32 Joules, 3 fixed counters 10737418240 ms ovfl timer\r\n[    0.981855] hw unit of domain pp0-core 2^-0 Joules\r\n[    0.982879] hw unit of domain package 2^-0 Joules\r\n[    0.983913] hw unit of domain dram 2^-0 Joules\r\n[    0.985013] microcode: CPU0 sig=0x206d7, pf=0x1, revision=0xffffffff\r\n[    0.986666] microcode: Microcode Update Driver: v2.00 <tigran@aivazian.fsnet.co.uk>, Peter Oruba\r\n[    0.988578] Scanning for low memory corruption every 60 seconds\r\n[    0.991198] futex hash table entries: 16384 (order: 8, 1048576 bytes)\r\n[    0.992813] Initialise system trusted keyring\r\n[    0.994056] audit: initializing netlink subsys (disabled)\r\n[    0.995417] audit: type=2000 audit(1461250910.992:1): initialized\r\n[    0.997313] HugeTLB registered 2 MB page size, pre-allocated 0 pages\r\n[    1.000551] zpool: loaded\r\n[    1.001621] zbud: loaded\r\n[    1.002945] VFS: Disk quotas dquot_6.6.0\r\n[    1.004306] VFS: Dquot-cache hash table entries: 512 (order 0, 4096 bytes)\r\n[    1.006445] fuse init (API version 7.23)\r\n[    1.007842] Key type big_key registered\r\n[    1.009277] Key type asymmetric registered\r\n[    1.010434] Asymmetric key parser 'x509' registered\r\n[    1.011691] Block layer SCSI generic (bsg) driver version 0.4 loaded (major 249)\r\n[    1.013333] io scheduler noop registered\r\n[    1.014497] io scheduler deadline registered (default)\r\n[    1.015783] io scheduler cfq registered\r\n[    1.017071] pci_hotplug: PCI Hot Plug PCI Core version: 0.5\r\n[    1.018357] pciehp: PCI Express Hot Plug Controller Driver version: 0.4\r\n[    1.019895] input: Power Button as /devices/LNXSYSTM:00/LNXPWRBN:00/input/input0\r\n[    1.021515] ACPI: Power Button [PWRF]\r\n[    1.022952] GHES: HEST is not enabled!\r\n[    1.024253] Serial: 8250/16550 driver, 32 ports, IRQ sharing enabled\r\n[    1.046580] 00:03: ttyS0 at I/O 0x3f8 (irq = 4, base_baud = 115200) is a 16550A\r\n[    1.070174] 00:04: ttyS1 at I/O 0x2f8 (irq = 3, base_baud = 115200) is a 16550A\r\n[    1.074194] Linux agpgart interface v0.103\r\n[    1.078647] brd: module loaded\r\n[    1.081854] loop: module loaded\r\n[    1.083726] ata_piix 0000:00:07.1: Hyper-V Virtual Machine detected, ATA device ignore set\r\n[    1.088870] scsi host0: ata_piix\r\n[    1.090745] scsi host1: ata_piix\r\n[    1.092647] ata1: PATA max UDMA/33 cmd 0x1f0 ctl 0x3f6 bmdma 0xffa0 irq 14\r\n[    1.094703] ata2: PATA max UDMA/33 cmd 0x170 ctl 0x376 bmdma 0xffa8 irq 15\r\n[    1.099104] libphy: Fixed MDIO Bus: probed\r\n[    1.101085] tun: Universal TUN/TAP device driver, 1.6\r\n[    1.103337] tun: (C) 1999-2004 Max Krasnyansky <maxk@qualcomm.com>\r\n[    1.105758] PPP generic driver version 2.4.2\r\n[    1.107746] ehci_hcd: USB 2.0 'Enhanced' Host Controller (EHCI) Driver\r\n[    1.110026] ehci-pci: EHCI PCI platform driver\r\n[    1.111753] ehci-platform: EHCI generic platform driver\r\n[    1.113496] ohci_hcd: USB 1.1 'Open' Host Controller (OHCI) Driver\r\n[    1.115684] ohci-pci: OHCI PCI platform driver\r\n[    1.117663] ohci-platform: OHCI generic platform driver\r\n[    1.119784] uhci_hcd: USB Universal Host Controller Interface driver\r\n[    1.121849] i8042: PNP: PS/2 Controller [PNP0303:PS2K,PNP0f03:PS2M] at 0x60,0x64 irq 1,12\r\n[    1.127292] serio: i8042 KBD port at 0x60,0x64 irq 1\r\n[    1.128623] serio: i8042 AUX port at 0x60,0x64 irq 12\r\n[    1.129988] mousedev: PS/2 mouse device common for all mice\r\n[    1.131563] rtc_cmos 00:00: RTC can wake from S4\r\n[    1.154008] input: AT Translated Set 2 keyboard as /devices/platform/i8042/serio0/input/input1\r\n[    1.157960] rtc_cmos 00:00: rtc core: registered rtc_cmos as rtc0\r\n[    1.159834] rtc_cmos 00:00: alarms up to one month, 114 bytes nvram\r\n[    1.161192] i2c /dev entries driver\r\n[    1.162378] device-mapper: uevent: version 1.0.3\r\n[    1.163713] device-mapper: ioctl: 4.33.0-ioctl (2015-8-18) initialised: dm-devel@redhat.com\r\n[    1.165491] ledtrig-cpu: registered to indicate activity on CPUs\r\n[    1.166886] PCCT header not found.\r\n[    1.168266] NET: Registered protocol family 10\r\n[    1.169813] NET: Registered protocol family 17\r\n[    1.171029] Key type dns_resolver registered\r\n[    1.172481] Loading compiled-in X.509 certificates\r\n[    1.174741] Loaded X.509 cert 'Build time autogenerated kernel key: d2cd13f45fa3b012fc89b8d500f91dcca4d9e0a8'\r\n[    1.176746] registered taskstats version 1\r\n[    1.177938] zswap: loading zswap\r\n[    1.179007] zswap: using zbud pool\r\n[    1.180116] zswap: using lzo compressor\r\n[    1.183050] Key type trusted registered\r\n[    1.187409] Key type encrypted registered\r\n[    1.188622] AppArmor: AppArmor sha1 policy hashing enabled\r\n[    1.190028] ima: No TPM chip found, activating TPM-bypass!\r\n[    1.191376] evm: HMAC attrs: 0x1\r\n[    1.192899]   Magic number: 12:118:33\r\n[    1.194405] rtc_cmos 00:00: setting system clock to 2016-04-21 15:01:51 UTC (1461250911)\r\n[    1.196151] BIOS EDD facility v0.16 2004-Jun-25, 0 devices found\r\n[    1.197506] EDD information not available.\r\n[    1.256877] ata2.00: ATAPI: Virtual CD, , max MWDMA2\r\n[    1.259680] ata2.00: configured for MWDMA2\r\n[    1.262125] scsi 1:0:0:0: CD-ROM            Msft     Virtual CD/ROM   1.0  PQ: 0 ANSI: 5\r\n[    1.266083] sr 1:0:0:0: [sr0] scsi3-mmc drive: 0x/0x tray\r\n[    1.267371] cdrom: Uniform CD-ROM driver Revision: 3.20\r\n[    1.269438] sr 1:0:0:0: Attached scsi generic sg0 type 5\r\n[    1.271245] Freeing unused kernel memory: 1464K (ffffffff81f37000 - ffffffff820a5000)\r\n[    1.272891] Write protecting the kernel read-only data: 14336k\r\n[    1.275017] Freeing unused kernel memory: 2044K (ffff880001801000 - ffff880001a00000)\r\n[    1.276796] Freeing unused kernel memory: 292K (ffff880001db7000 - ffff880001e00000)\r\nLoading, please wait...\r\nstarting version 225\r\n[    1.297979] random: udevadm urandom read with 2 bits of entropy available\r\n[    1.377715] Floppy drive(s): fd0 is 1.44M\r\n[    1.382214] clocksource: hyperv_clocksource_tsc_page: mask: 0xffffffffffffffff max_cycles: 0x24e6a1710, max_idle_ns: 440795202120 ns\r\n[    1.407012] clocksource: Switched to clocksource hyperv_clocksource_tsc_page\r\n[    1.421547] FDC 0 is an 82078.\r\n[    1.425979] hv_vmbus: Hyper-V Host Build:9600-6.3-18-0.18190; Vmbus version:3.0\r\n[    1.475467] AVX version of gcm_enc/dec engaged.\r\n[    1.477067] AES CTR mode by8 optimization enabled\r\n[    1.520938] hv_vmbus: registering driver hv_storvsc\r\n[    1.530867] hv_utils: Registering HyperV Utility Driver\r\n[    1.532432] hv_vmbus: registering driver hv_util\r\n[    1.542754] hv_vmbus: registering driver hv_netvsc\r\n[    1.544398] hidraw: raw HID events driver (C) Jiri Kosina\r\n[    1.546876] scsi host2: storvsc_host_t\r\n[    1.550111] scsi 2:0:0:0: Direct-Access     Msft     Virtual Disk     1.0  PQ: 0 ANSI: 4\r\n[    1.552339] hv_vmbus: registering driver hid_hyperv\r\n[    1.557542] sd 2:0:0:0: [sda] 61440000 512-byte logical blocks: (31.4 GB/29.2 GiB)\r\n[    1.560215] sd 2:0:0:0: [sda] 4096-byte physical blocks\r\n[    1.561740] sd 2:0:0:0: Attached scsi generic sg1 type 0\r\n[    1.565358] sd 2:0:0:0: [sda] Write Protect is off\r\n[    1.567568] hv_netvsc: hv_netvsc channel opened successfully\r\n[    1.569406] sd 2:0:0:0: [sda] Write cache: enabled, read cache: enabled, supports DPO and FUA\r\n[    1.576931]  sda: sda1\r\n[    1.579138] sd 2:0:0:0: [sda] Attached SCSI disk\r\n[    1.718198] hv_netvsc vmbus_14: Send section size: 6144, Section count:2560\r\n[    1.721865] hv_netvsc vmbus_14: Device MAC 00:0d:3a:00:98:69 link state up\r\n[    1.725216] input: Microsoft Vmbus HID-compliant Mouse as /devices/0006:045E:0621.0001/input/input4\r\n[    1.728009] hid 0006:045E:0621.0001: input: <UNKNOWN> HID v0.01 Mouse [Microsoft Vmbus HID-compliant Mouse] on \r\n[    1.745474] scsi host3: storvsc_host_t\r\n[    1.748485] scsi 3:0:1:0: Direct-Access     Msft     Virtual Disk     1.0  PQ: 0 ANSI: 4\r\n[    1.752191] sd 3:0:1:0: Attached scsi generic sg2 type 0\r\n[    1.754763] sd 3:0:1:0: [sdb] 14680064 512-byte logical blocks: (7.51 GB/7.00 GiB)\r\n[    1.757655] sd 3:0:1:0: [sdb] 4096-byte physical blocks\r\n[    1.761371] sd 3:0:1:0: [sdb] Write Protect is off\r\n[    1.763840] sd 3:0:1:0: [sdb] Write cache: enabled, read cache: enabled, supports DPO and FUA\r\n[    1.768946]  sdb: sdb1\r\n[    1.771729] sd 3:0:1:0: [sdb] Attached SCSI disk\r\n[    1.776585] scsi host4: storvsc_host_t\r\n[    1.780693] scsi 4:0:0:0: scsi scan: INQUIRY result too short (5), using 36\r\n[    1.782542] scsi 4:0:0:1: scsi scan: INQUIRY result too short (5), using 36\r\n[    1.784098] scsi 4:0:1:0: scsi scan: INQUIRY result too short (5), using 36\r\n[    1.785590] scsi 4:0:1:1: scsi scan: INQUIRY result too short (5), using 36\r\n[    1.787478] scsi 4:1:0:0: scsi scan: INQUIRY result too short (5), using 36\r\n[    1.789372] scsi 4:1:0:1: scsi scan: INQUIRY result too short (5), using 36\r\n[    1.791289] scsi 4:1:1:0: scsi scan: INQUIRY result too short (5), using 36\r\n[    1.793194] scsi 4:1:1:1: scsi scan: INQUIRY result too short (5), using 36\r\n[    1.795045] scsi host5: storvsc_host_t\r\n[    1.796858] scsi 5:0:0:0: scsi scan: INQUIRY result too short (5), using 36\r\n[    1.798879] scsi 4:2:0:0: scsi scan: INQUIRY result too short (5), using 36\r\n[    1.800579] scsi 5:0:0:1: scsi scan: INQUIRY result too short (5), using 36\r\n[    1.802503] scsi 5:0:1:0: scsi scan: INQUIRY result too short (5), using 36\r\n[    1.804140] psmouse serio1: trackpoint: failed to get extended button data\r\n[    1.805999] scsi 4:2:0:1: scsi scan: INQUIRY result too short (5), using 36\r\n[    1.807912] scsi 5:0:1:1: scsi scan: INQUIRY result too short (5), using 36\r\n[    1.809593] scsi 4:2:1:0: scsi scan: INQUIRY result too short (5), using 36\r\n[    1.811528] scsi 5:1:0:0: scsi scan: INQUIRY result too short (5), using 36\r\n[    1.813181] scsi 4:2:1:1: scsi scan: INQUIRY result too short (5), using 36\r\n[    1.815166] scsi 5:1:0:1: scsi scan: INQUIRY result too short (5), using 36\r\n[    1.818980] scsi 4:3:0:0: scsi scan: INQUIRY result too short (5), using 36\r\n[    1.822281] scsi 5:1:1:0: scsi scan: INQUIRY result too short (5), using 36\r\n[    1.825377] scsi 4:3:0:1: scsi scan: INQUIRY result too short (5), using 36\r\n[    1.828869] scsi 5:1:1:1: scsi scan: INQUIRY result too short (5), using 36\r\n[    1.830821] scsi 4:3:1:0: scsi scan: INQUIRY result too short (5), using 36\r\n[    1.832818] scsi 5:2:0:0: scsi scan: INQUIRY result too short (5), using 36\r\n[    1.834751] scsi 4:3:1:1: scsi scan: INQUIRY result too short (5), using 36\r\n[    1.836777] scsi 5:2:0:1: scsi scan: INQUIRY result too short (5), using 36\r\n[    1.838674] scsi 4:4:0:0: scsi scan: INQUIRY result too short (5), using 36\r\n[    1.840773] scsi 5:2:1:0: scsi scan: INQUIRY result too short (5), using 36\r\n[    1.842666] scsi 4:4:0:1: scsi scan: INQUIRY result too short (5), using 36\r\n[    1.844563] scsi 5:2:1:1: scsi scan: INQUIRY result too short (5), using 36\r\n[    1.846077] scsi 4:4:1:0: scsi scan: INQUIRY result too short (5), using 36\r\n[    1.848000] scsi 4:4:1:1: scsi scan: INQUIRY result too short (5), using 36\r\n[    1.849904] scsi 5:3:0:0: scsi scan: INQUIRY result too short (5), using 36\r\n[    1.851885] scsi 5:3:0:1: scsi scan: INQUIRY result too short (5), using 36\r\n[    1.854021] scsi 4:5:0:0: scsi scan: INQUIRY result too short (5), using 36\r\n[    1.856333] scsi 5:3:1:0: scsi scan: INQUIRY result too short (5), using 36\r\n[    1.858238] scsi 4:5:0:1: scsi scan: INQUIRY result too short (5), using 36\r\n[    1.860304] scsi 5:3:1:1: scsi scan: INQUIRY result too short (5), using 36\r\n[    1.862336] scsi 4:5:1:0: scsi scan: INQUIRY result too short (5), using 36\r\n[    1.864497] scsi 5:4:0:0: scsi scan: INQUIRY result too short (5), using 36\r\n[    1.866503] scsi 4:5:1:1: scsi scan: INQUIRY result too short (5), using 36\r\n[    1.868578] scsi 5:4:0:1: scsi scan: INQUIRY result too short (5), using 36\r\n[    1.870482] scsi 4:6:0:0: scsi scan: INQUIRY result too short (5), using 36\r\n[    1.872451] scsi 5:4:1:0: scsi scan: INQUIRY result too short (5), using 36\r\n[    1.874400] scsi 4:6:0:1: scsi scan: INQUIRY result too short (5), using 36\r\n[    1.876728] scsi 5:4:1:1: scsi scan: INQUIRY result too short (5), using 36\r\n[    1.878712] scsi 4:6:1:0: scsi scan: INQUIRY result too short (5), using 36\r\n[    1.880850] scsi 5:5:0:0: scsi scan: INQUIRY result too short (5), using 36\r\n[    1.882856] scsi 4:6:1:1: scsi scan: INQUIRY result too short (5), using 36\r\n[    1.884974] scsi 5:5:0:1: scsi scan: INQUIRY result too short (5), using 36\r\n[    1.887257] scsi 4:7:0:0: scsi scan: INQUIRY result too short (5), using 36\r\n[    1.889468] scsi 5:5:1:0: scsi scan: INQUIRY result too short (5), using 36\r\n[    1.891536] scsi 4:7:0:1: scsi scan: INQUIRY result too short (5), using 36\r\n[    1.893650] scsi 5:5:1:1: scsi scan: INQUIRY result too short (5), using 36\r\n[    1.895525] scsi 4:7:1:0: scsi scan: INQUIRY result too short (5), using 36\r\n[    1.897641] scsi 5:6:0:0: scsi scan: INQUIRY result too short (5), using 36\r\n[    1.899423] scsi 4:7:1:1: scsi scan: INQUIRY result too short (5), using 36\r\n[    1.901575] scsi 5:6:0:1: scsi scan: INQUIRY result too short (5), using 36\r\n[    1.903699] scsi 5:6:1:0: scsi scan: INQUIRY result too short (5), using 36\r\n[    1.905957] scsi 5:6:1:1: scsi scan: INQUIRY result too short (5), using 36\r\n[    1.908096] scsi 5:7:0:0: scsi scan: INQUIRY result too short (5), using 36\r\n[    1.910193] scsi 5:7:0:1: scsi scan: INQUIRY result too short (5), using 36\r\n[    1.912296] scsi 5:7:1:0: scsi scan: INQUIRY result too short (5), using 36\r\n[    1.914341] scsi 5:7:1:1: scsi scan: INQUIRY result too short (5), using 36\r\nBegin: Loading essential driver ... done.\r\r\nBegin: Running /scripts/init-premount ... done.\r\r\nBegin: Mountingroot file system ... Begin: Running /scripts/local-top ... done.\r\r\nBegin: Running /scripts/local-premount ... done.\r\r\nBegin: Checking root file syste ... fsck from util-linux 2.26.2\r\r\ncloudimg-rootfs: clean, 73604/25504 files, 35214/524032 blocks\r\r\ndone.\r\r\n[    3.259338] EXT4-fs (sda1): mounted filesystem with ordered data mode. Opts: (null)\r\ndone.\r\r\nBegin: Running /scripts/local-bottom ... done.\r\r\nBegin: Running /scripts/init-botom ... Warning: overlaroot: debug is busted\r\r\ndone.\r\r\n[    3.732870] systemd[1]: Failed to insert module 'kdbus': Function not implemented\r\n[    3.779680] systemd[1]: systemd 225 running in system mode. (+PAM +AUDIT +SELINUX +IMA +APPARMOR +SMACK +SYSVINIT +UTMP +LIBCRYPTSETUP +GCRYPT +GNUTLS +ACL +XZ -LZ4 +SECCOMP +BLKID -ELFUTILS +KMOD -IDN)\r\n[    3.781540] systemd[1]: Detected virtualization microsoft.\r\n[    3.782364] systemd[1]: Detected architecture x86-64.\r\n\r\r\nWelcome to \u001b[1mbuntu 15.10\u001b[0m\r\r\n\r\r\n[    3.792498] systemd[1]: Set hostname to <ubuntu>.\r\n[    3.797560] systemd[1]: Initializing machine ID from random generator.\r\n[    3.798818] systemd[1]: Installed transient /etc/machine-id file.\r\netc-machine\\x2did.mount\r\r\n-.mount\r\r\n[    4.007700] systemd[1]: sshd-keygen.service: Cannot add dependency job, ignoring: Unit sshd-keygen.service failed to load: No such file or directory.\r\n[    4.009562] systemd[1]: sshd-keygen.service: Cannot add dependency job, ignoring: Unit sshd-keygen.service failed to load: No such file or directory.\r\n[    4.012651] systemd[1]: display-manager.service: Cannot add dependency job, ignoring: Unit display-manager.service failed to load: No such file or directory.\r\n[    4.015881] systemd[1]: Created slice Root Slice.\r\n[\u001b[32m  OK  \u001b[0m[    4.023798] systemd[1]: Listening on Journal Socket (/dev/log).\r\n[    4.025596] systemd[1]: Listening on udev Control Socket.\r\n] Created slice Root Slice.\r[    4.030028] systemd[1]: Listening on Journal Audit Socket.\r\n\r\n[    4.033458] systemd[1]: Listening on /dev/initctl Compatibility Named Pipe.\r\n[\u001b[32m  OK  \u001b[0] Listening on Journal Socket (/dev/log).\r[    4.038617] systemd[1]: Reached target Encrypted Volumes.\r\n[    4.040563] systemd[1]: Listening on Journal Socket.\r\n\r\n[[    4.047013] systemd[1]: Created slice System Slice.\r\n\u001b[32m  OK  \u001b[0m] Listening on udev Control Socket.\r[    4.054047] systemd[1]: Mounting POSIX Message Queue File System...\r\n\r\n[\u001b[32m  OK  \u001b[0m] Listening on Journal Audit Socket.\r\r\n[\u001b[32m  OK  \u001b[0m] Listening on /dev/initctl Compatibility Named Pipe.\r[    4.063443] systemd[1]: Starting Load Kernel Modules...\r\n[    4.065244] systemd[1]: Created slice system-getty.slice.\r\n[    4.069688] systemd[1]: Starting Remount Root and Kernel File Systems...\r\n\r\n[\u001b[32m  OK  \u001b[0m] Reached target Encrypted Volumes.\r[    4.077683] systemd[1]: Mounting Debug File System...\r\n[    4.082345] EXT4-fs (sda1): re-mounted. Opts: discard\r\n\r\n[\u001b[32m  OK  \u001b[0m] Listening on Journal Socket.\r\r\n[    4.091429] systemd[1]: Starting Increase datagram queue length...\r\n[    4.098450] systemd[1]: Starting Uncomplicated firewall...\r\n[    4.100590] systemd[1]: Reached target Swap.\r\n[    4.103023] systemd[1]: Created slice User and Session Slice.\r\n[\u001b[32m  OK  \u001b[0m] Created slice System Slice.\r\r\n         Mountig POSIX Message Queue File Systm...\r[    4.110212] systemd[1]: Reached target Slices.\r\n[    4.112138] systemd[1]: Listening on udev Kernel Socket.\r\n[    4.114778] systemd[1]: Starting udev Coldplug all Devices...\r\n\r\n[    4.117051] systemd[1]: Started Forward Password Requests to Wall Directory Watch.\r\n         Starting Load Kernel Modules...\r\r\n[\u001b[32m  OK  \u001b[0m] Created slice system-getty.slice.\r\r\n         Starting Remount Root and Kernel File Systems...\r[    4.127713] systemd[1]: Mounting Huge Pages File System...\r\n[    4.130127] systemd[1]: Starting Setup Virtual Console...\r\n\r\n[    4.135133] systemd[1]: Set up automount Arbitrary Executable File Formats File System Automount Point.\r\n         Mounting Debug File System...\r\r\n         Starting Increase datagram queue length...\r[    4.143999] systemd[1]: Created slice system-serial\\x2dgetty.slice.\r\n[    4.147005] systemd[1]: Starting Create list of required static device nodes for the current kernel...\r\n\r\n         Starting Uncomplicated firewall...\r\r\n[    4.153586] systemd[1]: Reached target Remote File Systems (Pre).\r\n[\u001b[32m  OK  \u001b[0m] Reached target Swap.\r[    4.156311] systemd[1]: Reached target User and Group Name Lookups.\r\n\r\n[    4.166485] systemd[1]: Mounted Debug File System.\r\n[\u001b[32m  OK  \u001b[0m] Created slice User and Session Slice.\r\r\n[    4.180598] systemd[1]: Mounted POSIX Message Queue File System.\r\n[    4.181848] systemd[1]: Mounted Huge Pages File System.\r\n[    4.185078] systemd[1]: Started Load Kernel Modules.\r\n[\u001b[32m  OK  \u001b[0m] Reached target Slices.\r\r\n[\u001b[32m  OK  \u001b[0] Listening on udev Kernel Socket.\r[    4.193942] systemd[1]: Started Remount Root and Kernel File Systems.\r\n[    4.197898] systemd[1]: Started Increase datagram queue length.\r\n\r\n         Starting udev Coldplug all Devices...\r[    4.203087] systemd[1]: Started Uncomplicated firewall.\r\n\r\n[\u001b[32m  OK  \u001b[0m] Started Forward Password Requests to Wall Directory Watch.\r[    4.210889] systemd[1]: Started Setup Virtual Console.\r\n\r\n         Mounting Huge Pages File System...\r\r\n         Starting Setup Virtual Console...\r[    4.225069] systemd[1]: Started Create list of required static device nodes for the current kernel.\r\n\r\n[\u001b[32m  OK  \u001b[0m] Set up automount Arbitrary Executab...ats File System Automount Point.\r\r\n[\u001b[32m  OK  \u001b[0m] Created slice system-serial\\x2dgetty.slice.\r\r\n         Starting Create list of required st... nodes for the current kernel...\r\r\n[\u001b[32m  OK  \u001b[0m] Reached target Remote File Systems (Pre).\r\r\n[\u001b[32m  OK  \u001b[0m] Reached targe User and GroupName Lookups.\r\r\n[    4.301496] systemd[1]: Starting Create Static Device Nodes in /dev...\r\n[    4.312964] systemd[1]: Listening on Syslog Socket.\r\n[    4.315370] systemd[1]: Starting Journal Service...\r\n[\u001b[32m  OK  \u001b[0m] Mounted DebugFile System.\r\r\n[\u001b[32m  OK  \u001b[0] Mounted POSIX Message Queue File System.\r[    4.323615] systemd[1]: Starting Ensure /etc/mtab is a symlink to /proc/mounts...\r\n[    4.328341] systemd[1]: Starting Load/Save Random Seed...\r\n\r\n[\u001b[32m  OK  \u001b[0m] Mounted Huge Pages File System.\r[    4.334925] systemd[1]: Mounting FUSE Control File System...\r\n\r\n[\u001b[32m  OK  \u001b[0m] Started Load Kernel Modules.\r\r\n[    4.347657] systemd[1]: Starting Apply Kernel Variables...\r\n[\u001b[32m  OK  \u001b[0m] Started Remount Root and Kernel File Systems.\r[    4.355625] systemd[1]: Mounted FUSE Control File System.\r\n\r\n[\u001b[32m  OK  \u001b[0m] Started Increase datagram queue length.\r[    4.362773] systemd[1]: Started udev Coldplug all Devices.\r\n\r\n[\u001b[32m  OK  \u001b[0m] Started Uncomplicated firewall.\r[    4.371260] systemd[1]: Started Load/Save Random Seed.\r\n\r\n[\u001b[32m  OK  \u001b[0m] Started Setup Virtual Console.\r\r\n[\u001b[32m  OK  \u001b[0m] Started Create list of required sta...ce nodes for the current kernel.\r\r\n         Starting Create Static Device Nodes in /dev...\r\r\n[\u001b[32m  OK  \u001b[0m] Listening on Syslog Socket.\r\r\n         Starting Journal Service...\r\r\n         Starting Ensure /etc/mtab is a symlink to /proc/mounts...\r\r\n         Starting Load/Save Random Seed...\r\r\n         Mounting FUSE Control File System...\r\r\n         Starting Apply Kernel Variables...\r\r\n[\u001b[32m  OK  \u001b[0m] Mounted FUSE Control File System.\r\r\n[\u001b[32m  OK  \u001b[0m] Started udev Coldplug all Devices.\r\r\n[\u001b[32m  OK  \u001b[0m] Started Load/Save Random Seed.\r\r\nsys-kernel-debug.mount\r\r\ndev-mqueue.mount\r\r\ndev-hugepages.mount\r\r\nsystemd-modules-load.service\r\r\nsystemd-remount-fs.service\r\r\nsystemd-setup-dgram-qlen.service\r\r\nufw.service\r\r\n[    4.452713] systemd[1]: Started Ensure /etc/mtab is a symlink to /proc/mounts.\r\nsystemd-vconsole-setup.service\r\r\n[\u001b[32m  OK  \u001b[0m] Started Ensure /etc/mtab is a symlink to /proc/mounts.\r\r\n[\u001b[32m  OK  \u001b[0m] Started ApplyKernel Variable.\r\r\nkmod-static-nodes.service\r\r\nsys-fs-fuse-connections.mount\r\r\nsystemd-udev-trigger.service\r\r\n[\u001b[32m  OK  \u001b[0m] Started Create Static Device Nodes in /dev.\r\r\n         Starting udev Kernel Device Manager...\r\r\n[\u001b[32m  OK  \u001b[0m] Started Journal Service.\r\r\n         Starting Flush Journal to Persistent Storage...\r\r\nsystemd-random-seed.service\r\r\ndebian-fixup.service\r\r\nsystemd-sysctl.ervice\r\r\n[\u001b[32m  OK  \u001b[0m] Started Flush Journal to Persistent Storage.\r\r\nsystemd-tmpfiles-setup-dev.service\r\r\nsystemd-journald.service\r\r\nsystemd-journal-flush.service\r\r\n[\u001b[32m  OK  \u001b[0m] Started udev Kernel Device Manager.\r\r\n[\u001b[32m  OK  \u001b[0] Reached target Local File Sysems (Pre).\r\r\n         Mounting /etc/network/interfaces.dynamic.d...\r\r\n[\u001b[32m  OK  \u001b[0m] Mounted /etc/network/interfaces.dynamic.d.\r\r\n[\u001b[32m  OK  \u001b[0m] Reached target Local File Systems.\r\r\n[\u001b[32m  OK  \u001b[0m] Reached targe Remote File Systems.\r\r\n         Starting LSB: AppArmor initialization...\r\r\n         Starting Create Volatile Files and Directories...\r\r\n         Starting Wait for all \"auto\" /etc/n... up for network-online.target...\r\r\n         Starting Commit a transient machine-id on disk...\r\r\n         Starting Tell Plymouth To Write Out Runtime Data...\r\r\n         Starting Clean up any mess left by 0dns-up...\r\r\n         Starting Set console keymap...\r\r\nsystemd-udevd.service\r\r\n[\u001b[32m  OK  \u001b[0m] Started Commi a transient machine-id on disk.\r\r\n[\u001b[32m  OK  \u001b[0] Started Creat Volatile Files and Directories\r\r\n         Starting Network Time ynchronization...\r\r\n         Starting Update UTMP about System Boot/Shutdown...\r\r\n[\u001b[32m  OK  \u001b[0m] Started Cleanup any mess left by 0dns-up.\r\r\n         Starting Nameserver information manage...\r\r\n[\u001b[32m  OK  \u001b[0m] Started Nameserver information manager.\r\r\netc-network-interfaces.dynamic.d.mount\r\r\n[\u001b[32m  OK  \u001b[0m] Started Updat UTMP about Sysem Boot/Shutdown.\r\r\n[\u001b[32m  OK  \u001b[0m] Started Network Time Synchronization.\r\r\n[\u001b[32m  OK  \u001b[0m] Reached target System Time Sychronized.\r\r\nsystemd-machine-id-commit.service\r\r\nsystemd-tmpfiles-setup.service\r\r\nresolvconf.service\r\r\n[\u001b[32m  OK  \u001b[0m] Started Tell Plymouth To Write Out Runtime Data.\r\r\nsystemd-update-utmp.service\r\r\nsystemd-timesyncd.service\r\r\n[\u001b[32m  OK  \u001b[0m] Started Set console keymap.\r\r\n[    5.133644] piix4_smbus 0000:00:07.3: SMBus base address uninitialized - upgrade BIOS or use force_addr=0xaddr\r\n[\u001b[32m  OK  \u001b[0m] Found device /dev/ttyS0.\r\r\n[\u001b[32m  OK  \u001b[0m Created slice system-ifup.slice.\r[    5.510243] intel_rapl: no valid rapl domains found in package 0\r\n\r\n[\u001b[32m  OK  \u001b[0m] Found device /sys/subsystem/net/devices/eth0.\r\r\n[\u001b[32m  OK  \u001b[0] Started LSB: ppArmor initialzation.\r\r\n[\u001b[32m  OK  \u001b[0] Started ifup or eth0.\r\r\n         Starting LSB: Raise network interfaces....\r\r\napparmor.service\r\r\nifup@eth0.service\r\r\n[\u001b[0m\u001b[31m*    \u001b[0m] (1 of 2)  start job is rnning for...etwrk-online.targe (7s / 2min)\r\u001b[K[\u001b[1;31m*\u001b[0m\u001b[31m*    \u001b[0m] (1 of 2) A stat job is running for...etwork-online.target (7s / 2min)\r\u001b[K[\u001b[31m*\u001b[1;1m*\u001b[0m\u001b[31m*  \u001b[0m] (1 of 2) A start job is running for...etwrk-online.target (8s / 2min)\r\u001b[K[ \u001b[31m*\u001b[1;31m*\u001b[0m\u001b[31m*  \u001b[0m] (2 of 2)  start job is rnning for...wor interfaces. (8 / no limit)\r\u001b[K[  \u001b[31m*\u001b[1;31m*\u001b[0m\u001b[31m*\u001b[0m] (2 of 2) A start job is running for...work interfaces. (9 / no limit)\r\u001b[K[   \u001b[31m*\u001b1;31m*\u001b[0m\u001b[31m*\u001b[0m] (2 of 2)  start job is running for...ork interfaces. (10 / no limit)\r\u001b[K[    \u001b[31m*\u001b[1;31m*\u001b[0m] (1 of 2) A start jb is running for...twork-online.target (10s / 2min)\r\u001b[K[     \u001b[31m*\u001b[0m] (1 of 2)  start job is rnning for...twok-online.target(11s / 2min)\r\u001b[K[    \u001b[31m*[1;31m*\u001b[0m] (1of 2) A start jb is running for...twork-onlinetarget (11s / 2min)\r\u001b[K[   \u001b[31m*\u001b1;31m*\u001b[0m\u001b[31m*\u001b[0m] (2 of 2) A start job is running for...ork interfaces. (12s / no limit)\r\u001b[K[  \u001b[31m*\u001b[1;31m*\u001b[0m\u001b[31m*\u001b[0m] (2 of 2) A start job is running for...ork interfaces. (12 / no limit)\r\u001b[K[ \u001b[31m*\u001b[1;31m*\u001b[0m\u001b[31m* \u001b[0m] (2 of 2) A start job is running for...ork interfaces. (13s / no limit)\r\u001b[K[\u001b[31m*\u001b[1;1m*\u001b[0m\u001b[31m*  \u001b[0m] (1 of 2)  start job is rnning for...twok-online.target(13s / 2min)\r\u001b[K[\u001b[1;31m*\u001b[0m\u001b[31m*    \u001b[0m] (1 of 2) A start job is running for...twork-online.target (14s / 2min)\r\u001b[K[\u001b[0m\u001b[31m*     \u001b[0m] (1 of2) A start job is running for...twork-online.taget (14s / 2min\r\u001b[K[\u001b[1;31m*\u001b[m\u001b[31m*    \u001b[0m (2 of 2) A stat job is running for...ork interfaces. (15s / no limit)\r\u001b[K[\u001b[31m*\u001b[1;31m*\u001b[0m\u001b[31m*   \u001b[0m] (2 of 2)  start job is running for...ork interfaces. (15s / no limit)\r\u001b[K[ \u001b[31m*\u001b[131m*\u001b[0m\u001b[31m*  \u001b[0m] (2 of 2) A start job is running for...ork interfaces. (16s / no limit)\r\u001b[K[  \u001b[31m*\u001b[;31m*\u001b[0m\u001b[31m* \u001b[0m] (1 of 2) A start job is running for...twork-online.target (16s / 2min)\r\u001b[K[   \u001b[31m*\u001b[1;31m*\u001b[0m\u001b[31m*\u001b[0m] (1 of 2) A start job is rnning for...twok-online.target (17s / 2min)\r\u001b[K[    \u001b[31m*\u001b[1;31m*\u001b[0m] (1 of 2) A start jb is running fo...twork-onlinetarget (17s / 2in)\r\u001b[K[     \u001b[31m*\u001b[0m] (2 of 2) A start job is rnning for...ork interfaces. (18s / no limit)\r\u001b[K[    \u001b[31m*\u001b[1;31m*\u001b[0m] (2 of 2) A start job is running fo...ork interfaces. (18s / no limit)\r\u001b[K[   \u001b[31m*\u001b1;31m*\u001b[0m\u001b[31m*\u001b[0m] (2 of 2) A start job is running for...orkinterfaces. (19 / no limit)\r\u001b[K[  \u001b[31m*\u001b[1;31m*\u001b[0m\u001b[31m* \u001b[0m] (1 of 2)  start job is running for...twork-online.target(19s / 2min)\r\u001b[K[ \u001b[31m*\u001b[131m*\u001b[0m\u001b[31m* \u001b[0m] (1 of 2)  start job is rnning for...twok-online.target(20s / 2min)\r\u001b[K[\u001b[31m*\u001b[1;31m*\u001b[0m\u001b[31m*  \u001b[0m] (1 of 2)  start job is rnning for...twork-online.target (20s / 2min)\r\u001b[K[\u001b[1;31m*\u001b[0m\u001b[31m*    \u001b[0m] (2 of 2) A start job is running for...ork interfaces. (21s / no limit)\r\u001b[K[\u001b[0m\u001b[31m*     \u001b[0m] (2 of 2) A start job is running for..ork interfaces.(21s / no limit\r\u001b[K[\u001b[1;31m*\u001b[0m\u001b[31m*    \u001b[0m (2 of 2) A stat job is runnin for...ork intefaces. (22s / n limit)\r\u001b[K[\u001b[31m*\u001b[1;31m*\u001b[0m\u001b[31m*   \u001b[0m] (1 of 2) A start job is running for...twok-online.target (22s / 2min)\r\u001b[K[ \u001b[31m*\u001b[1;31m*\u001b[0m\u001b[31m*  \u001b[0m] (1 of 2) A start job is running for...twork-online.target (23s / 2min)\r\u001b[K[  \u001b[31m*\u001b[1;31m*\u001b[0m\u001b[31m* \u001b[0m] (1 of 2) A start job is running for...twok-online.target(23s / 2min)\r\u001b[K[\u001b[32m  OK  \u001b[0m] Started LB: Raise networ interfaces..\r\r\n[\u001b[32m  OK  \u001b[0m] Reached targe Network.\r\r\n[\u001b[32m  OK  \u001b[0] Reached targe System Initialization.\r\r\n[\u001b[32m  OK  \u001b[0m] Listening on ACPID Listen Socket.\r\r\n[\u001b[32m  OK  \u001b[0m] Started Daily Cleanup of Temporary Directories.\r\r\n[\u001b[32m  OK  \u001b[0m] Reached target Timers.\r\r\n[\u001b[32m  OK  \u001b[0m] Listening on D-Bus System Message Bus Socket.\r\r\n         Starting Seed the pseudo random number generator on first boot...\r\r\n         Starting lxd-unix.socket.\r\r\n[\u001b[32m  OK  \u001b[0m] Listening on UUID daemon activation socket.\r\r\n[\u001b[32m  OK  \u001b[0m] Started Trigger resolvconf update for networkd DNS.\r\r\n[\u001b[32m  OK  \u001b[0m] Reached target Paths.\r\r\n[\u001b[32m  OK  \u001b[0m] Listening on lxd-unix.socket.\r\r\n[\u001b[32m  OK  \u001b[0m] Reached target Sockets.\r\r\n[\u001b[32m  OK  \u001b[0m] Reached target Basic System.\r\r\n[\u001b[32m  OK  \u001b[0m] Started D-Bus System Message Bus.\r\r\nnetworking.service\r\r\ndbus.service\r\r\n         Starting Thermal Daemo Service...\r\r\n         Starting LSB: Set the PU Frequency Scling governor t \"ondemand\"...\r\r\n         Starting LSB: daemon to balance interrupts for SMP systems...\r\r\n         Starting Accounts Service...\r\r\n[\u001b[32m  OK  \u001b[0m] Started Cgroup management daemon.\r\r\n[\u001b[32m  OK  \u001b[0m] Started Hyper-V File Copy Protocol Daemon.\r\r\n[\u001b[32m  OK  \u001b[0m] Started Hyper-V VSS Protocol Daemon.\r\r\n         Starting Login Service...\r\r\n         Starting System Logging Service...\r\r\n[\u001b[32m  OK  \u001b[0m] Started Deferred execution scheduler.\r\r\n[\u001b[32m  OK  \u001b[0m] Started Hyper-V KVP Protocol Daemon.\r\r\n         Starting LSB: Record successful boot for GRUB...\r\r\n         Starting LSB: Starts the Micro Name Service Cache Daemon...\r\r\n[\u001b[32m  OK  \u001b[0m] Started FUSE filesystem for LXC.\r\r\n         Starting Restore /etc/resolv.conf i...e the ppp link was shut down....\r\r\n         Starting Initial cloud-init job (pre-networking)...\r\r\n         Starting LSB: automatic crash report generation...\r\r\n[\u001b[32m  OK  \u001b[0m] Started Regular background program processing daemon.\r\r\n[\u001b[32m  OK  \u001b[0] Started Wait for all \"auto\" /etc/ne...be up for network-online.target.\r\r\n[\u001b[32m  OK  \u001b[0m] Started Restore /etc/resolv.conf if...ore the ppp link was shut down..\r\r\ncgmanager.service\r\r\n[\u001b[32m  OK  \u001b[0m] Reached target Network is Online.\r\r\n         Starting /etc/rc.local Compatibility...\r\r\n         Starting LXC network bridge setup...\r\r\n[\u001b[32m  OK  \u001b[0m] Started /etc/rc.local Compatibility.\r\r\n[\u001b[32m  OK  \u001b[0m] Started Login Service.\r\r\n[\u001b[32m  OK  \u001b[0] Started LSB: Set the CPU Frequency Scaling goernor to \"ondemand\".\r\r\n[\u001b[32m  OK  \u001b[0m] Started LSB: Starts the Micro Name Service Cahe Daemon.\r\r\nhv-fcopy-daemon.service\r\r\n[\u001b[32m  OK  \u001b[0m] Started LSB: automatic crash report generation.\r\r\nhv-vss-daemon.service\r\r\natd.service\r\r\nhv-kvp-daemon.service\r\r\nlxcfs.service\r\r\ncron.service\r\r\nifup-wait-all-auto.service\r\r\nrun-cgmanager-fs.mount\r\r\nrc-local.service\r\r\nsystemd-logind.service\r\r\n[\u001b[32m  OK  \u001b[0m] Started LSB: daemon to balance interrupts for SMP systems.\r\r\n[\u001b[32m  OK  \u001b[0m] Started LSB: Record successful boot for GRUB.\r\r\nvar-lib-lxcfs.mount\r\r\nondemand.servic\r\r\n[\u001b[32m  OK  \u001b[0m] Started System Logging Service.\r\r\nunscd.service\r\r\napport.service\r\r\nirqbalance.service\r\r\ngrub-common.serice\r\r\nrsyslog.service\r\r\n[\u001b[32m  OK  \u001b[0m] Started Therml Daemon Servic.\r\r\nthermald.servic\r\r\n         Starting Authenticate and Authoize Users to Ru Privileged Tass...\r\r\n[\u001b[32m  OK  \u001b[0m] Started Authenticate and Authorize Users to Run Privileged Tasks.\r\r\npolkitd.service\r\r\n[\u001b[32m  OK  \u001b[0m] Started Accounts Service.\r\r\naccounts-daemon.service\r\r\n[\u001b[32m  OK  \u001b[0m] Started LXC network bridge setup.\r\r\nlxc-net.service\r\r\n         Starting LXC Container Initialization and Autoboot Code...\r\r\n[\u001b[32m  OK  \u001b[0m] Started LXC Cntainer Initialzation and Autooot Code.\r\r\n         Startig Container hyprvisor based onLXC - boot time check...\r\r\nlxc.service\r\r\n[\u001b[32m  OK  \u001b[0m Started Contaier hypervisor bsed on LXC - bot time check.\r\r\n[   30.997695] cloud-init[847]: Cloud-init v. 0.7.7 running 'init-local' at Thu, 21 Apr 2016 15:02:21 +0000. Up 30.86 seconds.\r\r\n[\u001b[32m  OK  \u001b[0m] Started Initial cloud-init job (pre-networking).\r\r\n         Starting Initial cloud-init job (metadata service crawler)...\r\r\ncloud-init-local.service\r\r\n[\u001b[32m  OK  \u001b[0m] Started Seed the pseudo random number generator on first boot.\r[   31.621698] blk_update_request: I/O error, dev fd0, sector 0\r\n\r\n[   31.664195] blk_update_request: I/O error, dev fd0, sector 0\r\ntmp-tmpgl1kojtx.mount\r\r\n[   31.925132] cloud-init[1068]: + i=eth0\r\r\n[   31.929440] cloud-init[1068: + x=0\r\r\n[   31.933107] loud-init[1068] + ifdown eth0\r\r\n[   31.961018] cloud-init[1068]: Killed old client process\r\r\n[   32.966722] loud-init[1068] Internet Systes Consortium DHP Client 4.3.1\r\r\n[   32.967410] cloud-init[1068]: Copyright 2004-2014 Internet Systems Consortium.\r\r\n[   32.968013] cloud-init[1068]: All rights reserved.\r\r\n[   32.968575] cloud-init[1068]: For info, please visit https://www.isc.org/software/dhcp/\r\r\n[   32.975927] cloud-init[1068]: Listening on LPF/eth0/00:0d:3a00:98:69\r\r\n[   32.976552] cloud-init[1068]: Sending on   LPF/eth0/00:0d:3a:00:98:69\r\r\n[   32.977166] cloud-init[1068]: Sending on   Socket/fallback\r\r\n[   33.115551] cloud-init[1068]: DHCPRELEASE on eth0 to 168.63.129.16 port 67 (xid=0x735fb33f)\r\r\n[   33.166662] cloud-init[1068]: + ifup eth0\r\r\n[   33.188203] cloud-init[1068]: Internet Systems Consortium DHCP Client 4.3.1\r\r\n[   33.194774] cloud-init[1068]: Copyright 2004-2014 Internet Systems Consortium.\r\r\n[   33.195377] cloud-init[1068]: All rights reserved.\r\r\n[   33.199811] cloud-init[1068]: For info, please visit https://www.isc.org/software/dhcp/\r\r\n[   33.213024] cloud-init[1068]: Listening on LPF/eth0/00:0d:3a:00:98:69\r\r\n[   33.213612] cloud-init[1068]: Sending on   LPF/eth0/00:0d:3a:00:98:69\r\r\n[   33.218362] cloud-init[1068]: Sending on   Socket/fallback\r\r\n[   33.218698] cloud-init[1068]: DHCPDISCOVER on eth0 to 255.255.255.255 port 67 interval 3 (xi=0x9ea0f014)\r\r\n[   33.260076] cloud-init[1068] DHCPREQUEST of 10.0.0.4 on eth0 to 255.255.255.255 port 67 (xid=0x14f0a09e)\r\r\n[   33.260706] cloud-init[1068]: DHCPOFFER of 10.0.0.4 from 168.63.129.16\r\r\n[   33.354645] loud-init[1068] DHCPACK of 10..0.4 from 168.6.129.16\r\r\n[   33.400452] cloud-init[1068]: bound to 10.0.0.4 -- renewal in4294967295 secods.\r\r\n[   33.425122] cloud-init[1068]: + exit 0\r\r\n[\u001b[32m  OK  \u001b[0m] Started Azure Linux Agent.\r\r\nwalinuxagent.service\r\r\n2016/04/21 15:0:24.698788 INFOAzure Linux Aget Version:2.1.3\r\r\n2016/04/21 15:02:24.703634 INFOOS: ubuntu 15.1\r\r\n2016/04/21 15:02:24.703870 INFO Python: 3.4.3\r\r\n2016/04/21 15:02:24.704130 INFO Run daemon\r\r\n2016/04/21 15:02:24.704335 INFO run Ubuntu provision handler\r\r\n2016/04/21 15:02:24.704579 INFO Waiting cloud-init to copy ovf-env.xml.\r\r\n2016/04/21 15:02:24.712367 INFO Detect protocol endpoints\r\r\n2016/04/21 15:02:24.712668 INFO WireServer endpoint is not found. Rerun dhcp handler\r\r\n2016/04/21 15:02:24.712876 INFO Send dhcp request\r\r\n2016/04/21 15:02:24.802605 INFOConfigure route\r\r\n2016/04/21 15:0:24.804459 INFOGateway:10.0.0.\r\r\n2016/04/21 15:02:24.804674 INFO Routes:None\r\r\n2016/04/21 15:02:24.809265 INFO Wire server endpoint:168.63.129.16\r\r\n2016/04/21 15:02:24.815334 INFO Fabric preferred wire protocol version:2015-04-05\r\r\n2016/04/21 15:02:24.816742 INFO Wire protocol version:2012-11-30\r\r\n2016/04/21 15:02:24.816921 WARNING Server prefered version:2015-04-05\r\r\n[   37.712498] blk_update_request: I/O error, dev fd0, sector 0\r\n[   37.752601] blk_update_request: I/O error, dev fd0, sector 0\r\ntmp-tmpeszu0pc5.mount\r\r\n2016/04/21 15:02:29.140226 INFO Sleep 15 second to prevent thrttling\r\r\n[   39.281808] cloud-init[1068]: Cloud-init v. 0.7.7 running 'init' at Thu, 21 Apr 2016 15:02:22 +0000. p 31.41 seconds.\r\r\n[   39.285891] cloud-init[1068]: ci-info: ++++++++++++++++++++++++++++++++++++++Net device info+++++++++++++++++++++++++++++++++++++++\r\r\n[   39.289840] loud-init[1068]: ci-info: +--------+------+------------------------------+---------------+-------+------------------+\r\r\n[   39.290132] cloud-init[1068]: ci-info: | Device |  Up  |           Address            |      Mask     | Scope |     Hw-Address    |\r\r\n[   39.290450] cloud-init[1068]: ci-info: +--------+------+------------------------------+---------------+-------+-------------------+\r\r\n[   39.290704] cloud-init[1068]: ci-info: | lxcbr0 | True |           10.0.1.1           | 255.255.255.0 |   .   | 92:7f:57:ed:41:35 |\r\r\n[   39.290958] cloud-init[1068]: ci-info: | lxcbr0 | True | fe80::907f:57ff:feed:4135/64 |       .       |  link | 92:7f:57:ed:41:35 |\r\r\n[   39.291229] cloud-init[1068]: ci-info: |   lo   | True |          127.0.0.1           |   255.0.0.0   |   .   |         .         |\r\r\n[   39.291476] cloud-init[1068]: ci-info: |   lo   | True |           ::1/128            |       .       |  host |         .         |\r\r\n[   39.291723] cloud-init[1068]: ci-info: |  eth0  | True |           10.0.0.4           | 255.255.255.0 |   .   | 00:0d:3a:00:98:69 |\r\r\n[   39.291969] cloud-init[1068]: ci-info: |  eth0  | True | fe80::20d:3aff:fe00:9869/64  |       .       |  link | 00:0d:3a:00:98:69 |\r\r\n[   39.292272] cloud-init[1068]: ci-info: +--------+------+------------------------------+---------------+-------+-------------------+\r\r\n[   39.292521] cloud-init[1068]: ci-info: +++++++++++++++++++++++++++++Route IPv4 info++++++++++++++++++++++++++++++\r\r\n[   39.300087] cloud-init[1068]: ci-info: +------+---------------+----------+-----------------+-----------+-------+\r\r\n[   39.308627] cloud-init[1068]: ci-info: | Route |  Destination  | Gateway  |     Genmask     | Interface | Flags |\r\r\n[   39.308928] cloud-init[1068]: ci-info: +-------+---------------+----------+-----------------+-----------+-------+\r\r\n[   39.309192] cloud-init[1068]: ci-info: |   0   |    0.0.0.0    | 10.0.0.1 |     0.0.0.0     |    eth0   |   UG  |\r\r\n[   39.309472] cloud-init[1068]: ci-info: |   1   |    10.0.0.0   | 0.0.0.0  |  255.255.255.0  |    eth0   |   U   |\r\r\n[   39.309730] cloud-init[1068]: ci-info: |   2   |    10.0.1.0   | 0.0.0.0  |  255.255.255.0  |   lxcbr0  |   U   |\r\r\n[   39.315275] cloud-init[1068]: ci-info: |   3   | 168.63.129.16 | 10.0.0.1 | 255.255.255.255 |    eth0   |  UGH  |\r\r\n[   39.315543] cloud-init[1068]: ci-info: +-------+---------------+----------+-----------------+-----------+-------+\r\r\n[   39.315809] cloud-init[1068]: Generating public/private rsa key pair.\r\r\n[   39.316082] cloud-init[1068]: Your identification has been saved in /etc/ssh/ssh_host_rsa_key.\r\r\n[   39.316335] cloud-init[1068]: Your public key has been saved in /etc/ssh/ssh_host_rsa_key.pub.\r\r\n[   39.316607] cloud-init[1068]: The key fingerprint is:\r\r\n[   39.316855] cloud-init[1068] SHA256:n7UqQx6AtVCy7puy4AgcpS69p6YU830o4YAxlT5QcQQ root@xplatvm\r\r\n[   39.317100] cloud-init[1068]: The key's randomart image is:\r\r\n[   39.317344] cloud-init[1068]: +---[RSA 2048]----+\r\r\n[   39.320090] cloud-init[1068]: | .E=+..          |\r\r\n[   39.320380] cloud-init[1068]: |.....o.          |\r\r\n[   39.326300] cloud-init[1068]: |oo ..+ .         |\r\r\n[   39.326574] cloud-init[1068]: |.o=.. o          |\r\r\n[   39.326835] cloud-init[1068]: |.* o.  .S   .    |\r\r\n[   39.327089] cloud-init[1068]: |o.B.o . o. o .   |\r\r\n[   39.327339] cloud-init[1068] |++.+.o + .o .    |\r\r\n[   39.327599] cloud-init[1068]: |*.o.oo. +  .     |\r\r\n[   39.327850] cloud-init[1068]: |o++=o    o.      |\r\r\n[   39.328121] cloud-init[1068]: +----[SHA256]-----+\r\r\n[   39.328370] cloud-init[1068]: Generating public/private dsa key pair.\r\r\n[   39.328633] cloud-init[1068] Your identifiction has been saved in /etc/ssh/ssh_host_dsa_ke.\r\r\n[   39.337393] cloud-init[1068] Your public key has been saved in /etc/ssh/sshhost_dsa_key.pu.\r\r\n[   39.337708] cloud-init[1068] The key fingerrint is:\r\r\n[   39.337974] cloud-init[1068]: SHA256:awBl5K0qMGP07dGsZx8tOf97XWXekhXSKX8JDzoAfMU root@xplatvm\r\r\n[   39.338235] cloud-init[1068]: The key's randomart image is:\r\r\n[   39.338490] cloud-init[1068]: +---[DSA 1024]----+\r\r\n[   39.338765] cloud-init[1068]: |     .=.. o.  . .|\r\r\n[   39.339021] cloud-init[1068]: |     + o o E = + |\r\r\n[   39.339271] cloud-init[1068]: | .  . . o . . B o|\r\r\n[   39.339525] cloud-init[1068]: |. . ..o.   o   +=|\r\r\n[   39.339785] cloud-init[1068]: |+. . oooS   .  =+|\r\r\n[   39.340042] cloud-init[1068]: |.+  ..o. .o   o +|\r\r\n[   39.340316] cloud-init[1068]: |  . .o oo= .   .o|\r\r\n[   39.340562] cloud-init[1068]: |   .  o.. =    ..|\r\r\n[   39.340828] cloud-init[1068]: |         . ..oo  |\r\r\n[   39.341074] cloud-init[1068]: +----[SHA256]-----+\r\r\n[   39.341320] cloud-init[1068]: Generating public/private ecdsa key pair.\r\r\n[   39.349985] cloud-init[1068]: Your identification has been saved in /etc/ssh/ssh_host_ecdsa_key.\r\r\n[   39.350305] cloud-init[1068]: Your public key has been saved in /etc/ssh/ssh_host_ecdsa_key.pub.\r\r\n[   39.350577] cloud-init[1068]: The key fingerprint is:\r\r\n[   39.350841] cloud-init[1068]: SHA256:RBTBRY17qyOLXDWgi/y5SUrCwaC+ctkPsnF6kQ8kd9M root@xplatvm\r\r\n[   39.351119] cloud-init[1068]: The key's randomart image is:\r\r\n[   39.351373] cloud-init[1068]: +---[ECDSA 256]---+\r\r\n[   39.351625] cloud-init[1068]: |       o==oo     |\r\r\n[   39.351874] cloud-init[1068]: |       .. . .    |\r\r\n[   39.352176] cloud-init[1068]: |.      .o  .     |\r\r\n[   39.352425] cloud-init[1068]: |.o. o ooE.. .    |\r\r\n[   39.352677] cloud-init[1068]: |. o+ o..S o. .   |\r\r\n[   39.352936] loud-init[1068]: |.. o+. . . ..    |\r\r\n[   39.362059] cloud-init[1068]: | .=o*+o .  .     |\r\r\n[   39.362385] cloud-init[1068]: |. +Oo*.=. o      |\r\r\n[   39.362653] cloud-init[1068]: |.oo...O..o .     |\r\r\n[   39.362911] cloud-init[1068]: +----[SHA256]-----+\r\r\n[   39.363182] cloud-init[1068]: Generating public/private ed25519 key pair.\r\r\n[   39.363438] cloud-init[1068]: Your identification has been saved in /etc/ssh/ssh_host_ed25519_key.\r\r\n[   39.363692] cloud-init[1068]: Your public key has been saved in /etc/ssh/ssh_host_ed25519_key.pub.\r\r\n[   39.363946] cloud-init[1068]: The key fingerprint is:\r\r\n[   39.364248] cloud-init[1068]: SHA256:gwuLgsNctddiIDl2qcBzTagg6Vafi2uJJHi7fyd5nK4 root@xplatv\r\r\n[   39.364496] loud-init[1068] The key's randmart image is:\r\r\n[   39.364742] cloud-init[1068]: +--[ED25519 256]--+\r\r\n[   39.364987] cloud-init[1068]: | .  ..           |\r\r\n[   39.365254] cloud-init[1068]: |=  o+ .          |\r\r\n[   39.365498] cloud-init[1068]: |++o*.*.          |\r\r\n[   39.373400] cloud-init[1068]: | += *oo..        |\r\r\n[   39.373698] cloud-init[1068]: |o  oo.o+S.      |\r\r\n[   39.373962] cloud-init[1068]: |*.oo +o...       |\r\r\n[   39.374224] cloud-init[1068]: |*+o.+ .o .       |\r\r\n[   39.374495] cloud-init[1068]: | +.+  + =        |\r\r\n[   39.374746] cloud-init[1068]: |  oo..E*.        |\r\r\n[   39.375010] cloud-init[1068]: +----[SHA256]-----+\r\r\n[\u001b[32m  OK  \u001b[0m] Started Initial cloud-init job (metadata service crawler).\r\r\n[\u001b[32m  OK  \u001b[0m] Reached target Cloud-config availability.\r\r\n         Startig Apply the setings specified n cloud-config..\r\r\n[\u001b[32m  OK  \u001b[0] Started OpenBD Secure Shell server.\r\r\n         Starting Permit User Sessions...\r\r\n[\u001b[32m  OK  \u001b[0m] Started Permit User Sessions.\r\r\n         Starting Wait for Plymouth Boot Screen to Quit...\r\r\n         Starting Terminate Plymouth Boot Screen...\r\r\ncloud-init.servce\r\r\nssh.service\r\r\nsystemd-user-sessions.service\r\r\n[   45.845187] cloud-init[1353]: Generating locaes...\r\n[0707] cloud-init[1353]: en_US.UTF-8... p-to-date\r\n[   45.895024] cloud-init[1353]: Generation compete.\r\n\r\r\nUbuntu 15.10 xplatvm ttyS0\r\n\r\nxplatvm login:
[   47.327513] cloud-init[1353]: Cloud-init v. 0.7.7 running 'modules:config' at Thu, 21 Apr 2016 15:02:31 +0000. Up 40.19 seconds.\r\nci-info: ++Authorized keys from /home/azureuser/.ssh/authorized_keys for user azureuser+++\r\nci-info: +---------+-------------------------------------------------+---------+---------+\r\nci-info: | Keytpe |                Fingerprint (md5)                | Options | Comment |\r\nci-info: +---------+-------------------------------------------------+---------+---------+\r\nci-info: | ssh-rsa | 8f:df:8f:18:ba:cd:cc:63:7c:1f:ea:ae:ba:09:40:65 |    -    |    -    |\r\nci-info: +---------+-------------------------------------------------+---------+---------+\r\n<14>Apr 21 15:0:38 ec2: \r\n<14>Apr 21 15:0:38 ec2: #########################################################\r\n<14>Apr 21 15:02:38 ec2: -----BEGIN SSH HOST KEY FINGERPRINTS-----\r\n<14>Apr 21 15:02:38 ec2: 1024 SHA256:awBl5K0qMGP07dGsZx8tOf97XWXekhXSKX8JDzoAfMU root@xplatvm (DSA)\r\n<14>Apr 21 15:02:38 ec2: 256 SHA256:RBTBRY17qyOLXDWgi/y5SUrCwaC+ctkPsnF6kQ8kd9M root@xplatvm (ECDSA)\r\n<14>Apr 21 15:02:38 ec2: 256 SHA256:gwuLgsNctddiIDl2qcBzTagg6Vafi2uJJHi7fyd5nK4 root@xplatvm (ED25519)\r\n<14>Apr 21 15:02:38 ec2: 2048 SHA256:n7UqQx6AtVCy7puy4AgcpS69p6YU830o4YAxlT5QcQQ root@xplatvm (RSA)\r\n<14>Apr 21 15:02:38 ec2: -----END SSH HOST KEY FINGERPRINTS-----\r\n<14>Apr 21 15:02:38 ec2: #############################################################\r\n-----BEGIN SSH HOST KEY KEYS-----\r\necdsa-sha2-nistp256 AAAAE2VjZHNhLXNoYTItbmlzdHAyNTYAAAAIbmlzdHAyNTYAAABBBL+12bmE0O6wEvC3lH5Dl1AxGM3Ov9NWobuEYjAJnACgWSlvDoWY695E69P/WnyE9mDshJwXnB55i+lg9qWAD5o= root@xplatvm\r\nssh-ed25519 AAAAC3NzaC1lZDI1NTE5AAAAILWV4oCDSMc8ytyOlL/AwSiN2fpwI/XufLSipY7/3Z6f root@xplatvm\r\nssh-rsa AAAAB3NzaC1yc2EAAAADAQABAAABAQDLsAUGPUC3XwJVHS85XPPZ+HHfySuEfc27o7H/0v9PiyISzzol7Qi0vsJfbbLq1VuOgG91B7HMeYCt0qsupk2u+/N8Dw0duMOl2s84W54c7uKwkLhe71Im6fr7PVLiUnKa/4t8EnoJsHoqY3JVeP5hWmRRLymdS4Im0xQYiMZNYy21gg/1gyka2pafiuTjIlQCoKTxDrWKwqO1Pm8TyFk6g5SILAFtth/+pSh0zLzsMA0frwva6pmE657VXs1/57djOPxqoPfgNxnv1f7agQYWgfK7EzIOh3t+4LS1d7wkF2j7tLuvOp+FVXBTNU94Y9rEkNzMciPG+DTjdDs/y8jl root@xplatvm\r\n-----END SSH HOST KEY KEYS-----\r\n[   48.001799] cloud-init[1464]: Cloud-init v. 07.7 running 'modules:final' at Thu, 21 Apr 2016 15:02:38 +0000. Up 47.72 seconds.\r\n[   48.024532] cloud-init[1464]: Cloud-init v. 0.7.7 finished at Thu, 21 Apr 2016 15:02:38 +0000. Datasource DataSourceAzureNet seed=/dev/sr0].  Up 47.98 seconds\r\n2016/04/21 15:0:43.947454 INFOWait for ssh host key to be generated.\r\n2016/04/21 15:02:43.956877 INFO Finished provisoning\r\n2016/04/21 15:02:46.714229 INFO Event: name=WALA, op=Provision, message=Provision succeed\r\n2016/04/21 15:02:46.718480 INFO Detect protocol endpoints\r\n2016/04/21 15:02:46.721397 INFO Start env monitor service.\r\n2016/04/21 15:02:46.725334 INFOConfigure routes\r\n2016/04/21 15:02:46.733584 INFO Gateway:10.0.0.1\r\n2016/04/21 15:02:46.738409 INFO Routes:None\r\n2016/04/21 15:02:46.745383 INFO Event: name=WALA, op=HeartBeat, message=\r\n2016/04/21 15:02:46.767925 INFO Set block dev tmeout: sda with timeout: 300\r\n2016/04/21 15:02:46.773420 INFO Set block dev timeout: sdb with timeout: 300\r\n2016/04/21 15:02:47.702504 INFOHandle new ext handler config\r\n2016/04/21 15:0:47.709168 INFO No ext handler config found\r\n2016/04/21 15:02:47.917399 INFOSuccessfully reported vm agent status\r\n\u0000\u0000\u0000\u0000\u0000\u0000\u0000\u0000\u0000\u0000\u0000\u0000\u0000\u0000\u0000\u0000\u0000\u0000\u0000\u0000\u0000\u0000\u0000\u0000\u0000\u0000\u0000\u0000\u0000\u0000\u0000\u0000\u0000\u0000\u0000\u0000\u0000\u0000\u0000\u0000\u0000\u0000\u0000\u0000\u0000\u0000\u0000\u0000\u0000\u0000\u0000\u0000\u0000\u0000\u0000\u0000\u0000\u0000\u0000\u0000\u0000\u0000\u0000\u0000\u0000\u0000\u0000\u0000\u0000\u0000\u0000\u0000\u0000\u0000\u0000\u0000\u0000\u0000\u0000\u0000\u0000\u0000\u0000\u0000\u0000\u0000\u0000\u0000\u0000\u0000\u0000\u0000\u0000\u0000\u0000\u0000\u0000\u0000\u0000\u0000\u0000\u0000\u0000\u0000\u0000\u0000\u0000\u0000\u0000\u0000\u0000\u0000\u0000\u0000\u0000\u0000\u0000\u0000\u0000\u0000\u0000\u0000\u0000\u0000\u0000\u0000\u0000\u0000\u0000\u0000\u0000\u0000\u0000\u0000\u0000\u0000\u0000\u0000\u0000\u0000\u0000\u0000\u0000\u0000\u0000\u0000\u0000\u0000\u0000\u0000\u0000\u0000\u0000\u0000\u0000\u0000\u0000\u0000\u0000\u0000\u0000\u0000\u0000\u0000\u0000\u0000\u0000\u0000\u0000\u0000\u0000\u0000\u0000\u0000\u0000\u0000\u0000\u0000\u0000\u0000\u0000\u0000\u0000\u0000\u0000\u0000\u0000\u0000\u0000\u0000\u0000\u0000\u0000\u0000\u0000\u0000\u0000\u0000\u0000\u0000\u0000\u0000\u0000\u0000\u0000\u0000\u0000\u0000\u0000\u0000\u0000\u0000\u0000\u0000\u0000\u0000\u0000\u0000\u0000\u0000\u0000\u0000\u0000\u0000\u0000\u0000\u0000\u0000\u0000\u0000\u0000\u0000\u0000\u0000\u0000\u0000\u0000\u0000\u0000\u0000\u0000\u0000\u0000\u0000\u0000\u0000\u0000\u0000\u0000\u0000\u0000\u0000\u0000\u0000\u0000\u0000\u0000\u0000\u0000\u0000\u0000\u0000\u0000\u0000\u0000\u0000\u0000\u0000\u0000\u0000\u0000\u0000\u0000\u0000\u0000\u0000\u0000\u0000\u0000\u0000\u0000\u0000\u0000\u0000\u0000\u0000\u0000\u0000\u0000\u0000\u0000\u0000\u0000\u0000\u0000\u0000\u0000\u0000\u0000\u0000\u0000\u0000\u0000\u0000\u0000\u0000", { 'content-length': '64000',
  'content-type': 'text/plain',
  'last-modified': 'Thu, 21 Apr 2016 15:03:36 GMT',
  'accept-ranges': 'bytes',
  etag: '"0x8D369F61D203C52"',
  server: 'Windows-Azure-Blob/1.0 Microsoft-HTTPAPI/2.0',
  'x-ms-request-id': '77c8f90d-0001-00e4-05df-9b486e000000',
  'x-ms-version': '2015-02-21',
  'x-ms-write-protection': 'false',
  'x-ms-lease-status': 'unlocked',
  'x-ms-lease-state': 'available',
  'x-ms-blob-type': 'PageBlob',
  'x-ms-blob-sequence-number': '0',
  date: 'Thu, 21 Apr 2016 15:04:25 GMT',
  connection: 'close' });
 return result; },
function (nock) { 
var result = 
nock('https://clisto2716036876xplatvm.blob.core.windows.net:443')
  .get('/bootdiagnostics-xplatvm-21f42ca1-063b-4661-9ac7-84d78b0cef80/xplatvm.21f42ca1-063b-4661-9ac7-84d78b0cef80.serialconsole.log')
