// This file has been autogenerated.

var profile = require('../../../lib/util/profile');

exports.getMockedProfile = function () {
  var newProfile = new profile.Profile();

  newProfile.addSubscription(new profile.Subscription({
    id: 'e33f361b-53c2-4cc7-b829-78906708387b',
    managementCertificate: {
      key: 'mockedKey',
      cert: 'mockedCert'
    },
    name: 'Microsoft Azure Internal Consumption',
    user: {
      name: 'user@domain.example',
      type: 'servicePrincipal'
    },
    tenantId: '72f988bf-86f1-41af-91ab-2d7cd011db47',
    state: 'Enabled',
    registeredProviders: [],
    isDefault: true
  }, newProfile.environments['AzureCloud']));

  return newProfile;
};

exports.setEnvironment = function() {
  process.env['AZURE_VM_TEST_LOCATION'] = 'eastus2';
  process.env['SSHCERT'] = 'test/myCert.pem';
};

exports.scopes = [[function (nock) { 
var result = 
nock('http://management.azure.com:443')
  .get('/subscriptions/e33f361b-53c2-4cc7-b829-78906708387b/resourceGroups/xplatTestZVMCreate6381/providers/Microsoft.Compute/virtualMachines/xplatvm?$expand=instanceView&api-version=2016-03-30')
  .reply(200, "{\r\n  \"properties\": {\r\n    \"vmId\": \"6a8f9501-3fd6-44ae-858a-b8641a3f1222\",\r\n    \"availabilitySet\": {\r\n      \"id\": \"/subscriptions/e33f361b-53c2-4cc7-b829-78906708387b/resourceGroups/xplatTestZVMCreate6381/providers/Microsoft.Compute/availabilitySets/XPLATTESTZVMAVAIL5992\"\r\n    },\r\n    \"hardwareProfile\": {\r\n      \"vmSize\": \"Standard_DS1\"\r\n    },\r\n    \"storageProfile\": {\r\n      \"imageReference\": {\r\n        \"publisher\": \"canonical\",\r\n        \"offer\": \"UbuntuServer\",\r\n        \"sku\": \"15.10\",\r\n        \"version\": \"latest\"\r\n      },\r\n      \"osDisk\": {\r\n        \"osType\": \"Linux\",\r\n        \"name\": \"cli68ca510bb5af722a-os-1459234612773\",\r\n        \"createOption\": \"FromImage\",\r\n        \"vhd\": {\r\n          \"uri\": \"https://xplatteststorage17059.blob.core.windows.net/xplatteststoragecnt11161/cli68ca510bb5af722a-os-1459234612773.vhd\"\r\n        },\r\n        \"caching\": \"ReadWrite\"\r\n      },\r\n      \"dataDisks\": []\r\n    },\r\n    \"osProfile\": {\r\n      \"computerName\": \"xplatvm\",\r\n      \"adminUsername\": \"azureuser\",\r\n      \"linuxConfiguration\": {\r\n        \"disablePasswordAuthentication\": false,\r\n        \"ssh\": {\r\n          \"publicKeys\": [\r\n            {\r\n              \"path\": \"/home/azureuser/.ssh/authorized_keys\",\r\n              \"keyData\": \"MIID/zCCAuegAwIBAgIJAMUAa+XVLvAeMA0GCSqGSIb3DQEBBQUAMIGVMQswCQYD\\r\\nVQQGEwJJbjESMBAGA1UECAwJS2FybmF0YWthMRIwEAYDVQQHDAlCYW5nYWxvcmUx\\r\\nEDAOBgNVBAoMB2JyaWxsaW8xEjAQBgNVBAsMCW1pY3Jvc29mdDEQMA4GA1UEAwwH\\r\\nYnJpbGxpbzEmMCQGCSqGSIb3DQEJARYXc3JlZWthbnRoYnNAeWFob28uY28uaW4w\\r\\nHhcNMTUwMzA1MTE1MzEyWhcNMTYwMzA0MTE1MzEyWjCBlTELMAkGA1UEBhMCSW4x\\r\\nEjAQBgNVBAgMCUthcm5hdGFrYTESMBAGA1UEBwwJQmFuZ2Fsb3JlMRAwDgYDVQQK\\r\\nDAdicmlsbGlvMRIwEAYDVQQLDAltaWNyb3NvZnQxEDAOBgNVBAMMB2JyaWxsaW8x\\r\\nJjAkBgkqhkiG9w0BCQEWF3NyZWVrYW50aGJzQHlhaG9vLmNvLmluMIIBIjANBgkq\\r\\nhkiG9w0BAQEFAAOCAQ8AMIIBCgKCAQEAyUNKaOuT0NK+S8Ck81zy9xJ6hXfZvAC6\\r\\nlhbmf/6s/WVimJ/TX5NMhQJwC9k6ZIF92KfYrojHNvHDufSZ3EtKUVwRFCDjmgMT\\r\\nDL09WkGaZt7gROYFK0iZ4KrYGovUwlwum9fHB24OJiOV4bi0ek62/rHx9fjYZpvp\\r\\naIH2PV/hN8SCZ0x7HJMberD4gVoU/Kv42nNvwjLUW6IZfVx/Gv5OeFDtWHfSvUEF\\r\\ndadHKTPn3Ab20Iu6gZIbLO9Vuf38/IpaYGfnFCouHdzmiTiLieYNe3CUPcOJNSv7\\r\\n1G8KYpx3uNJRkJPab5OsRyJw75Gvzkr9OgaPss9tVD6Gt68u3WQtVQIDAQABo1Aw\\r\\nTjAdBgNVHQ4EFgQUogvhXB+xZ2JJPfLO6cVs4ForzscwHwYDVR0jBBgwFoAUogvh\\r\\nXB+xZ2JJPfLO6cVs4ForzscwDAYDVR0TBAUwAwEB/zANBgkqhkiG9w0BAQUFAAOC\\r\\nAQEAdDj7qUNJ45xlF5cjd+4x5NHvAD1VTjOKu+Xh/uzSSjXqB2F0aOMWA9lx0qaQ\\r\\noJgHkGxj3zz/W7ik/cVGL2O+vRIOKv/y0OPogEmS3Hw+P+O6OGE7x1G6YN0zLVoL\\r\\nu4BN/BEYmjttxM9I7qqL7C5cJoE+K3s/w1/pt/68ohJcr7F9Ohi7cso62xuGY1Rm\\r\\nksAh2EUDsU9JV/P+C9AMpLSrb03JJYzVj4w1RHbrmw2AjFyGXdQYkggyXisg+Ifr\\r\\n5gbNN7HigpHf7b2i3CQBUqp9m23frh5AhnLI2qp3UXgc52U5ieLdi/t6j0TTZqqY\\r\\nHhHqofKrj938HHlBNpC5/LVh3w==\\r\\n\"\r\n            }\r\n          ]\r\n        }\r\n      },\r\n      \"secrets\": []\r\n    },\r\n    \"networkProfile\": {\"networkInterfaces\":[{\"id\":\"/subscriptions/e33f361b-53c2-4cc7-b829-78906708387b/resourceGroups/xplatTestZVMCreate6381/providers/Microsoft.Network/networkInterfaces/xplattestnic\"}]},\r\n    \"diagnosticsProfile\": {\r\n      \"bootDiagnostics\": {\r\n        \"enabled\": true,\r\n        \"storageUri\": \"https://clisto1787056522xplatvm.blob.core.windows.net/\"\r\n      }\r\n    },\r\n    \"provisioningState\": \"Succeeded\",\r\n    \"instanceView\": {\r\n      \"platformUpdateDomain\": 0,\r\n      \"platformFaultDomain\": 0,\r\n      \"vmAgent\": {\r\n        \"vmAgentVersion\": \"2.1.2\",\r\n        \"statuses\": [\r\n          {\r\n            \"code\": \"ProvisioningState/succeeded\",\r\n            \"level\": \"Info\",\r\n            \"displayStatus\": \"Ready\",\r\n            \"message\": \"Guest Agent is running\",\r\n            \"time\": \"2016-03-29T07:00:07+00:00\"\r\n          }\r\n        ],\r\n        \"extensionHandlers\": []\r\n      },\r\n      \"disks\": [\r\n        {\r\n          \"name\": \"cli68ca510bb5af722a-os-1459234612773\",\r\n          \"statuses\": [\r\n            {\r\n              \"code\": \"ProvisioningState/succeeded\",\r\n              \"level\": \"Info\",\r\n              \"displayStatus\": \"Provisioning succeeded\",\r\n              \"time\": \"2016-03-29T06:58:43.6430974+00:00\"\r\n            }\r\n          ]\r\n        }\r\n      ],\r\n      \"bootDiagnostics\": {\r\n        \"consoleScreenshotBlobUri\": \"https://clisto1787056522xplatvm.blob.core.windows.net/bootdiagnostics-xplatvm-6a8f9501-3fd6-44ae-858a-b8641a3f1222/xplatvm.6a8f9501-3fd6-44ae-858a-b8641a3f1222.screenshot.bmp\",\r\n        \"serialConsoleLogBlobUri\": \"https://clisto1787056522xplatvm.blob.core.windows.net/bootdiagnostics-xplatvm-6a8f9501-3fd6-44ae-858a-b8641a3f1222/xplatvm.6a8f9501-3fd6-44ae-858a-b8641a3f1222.serialconsole.log\"\r\n      },\r\n      \"statuses\": [\r\n        {\r\n          \"code\": \"ProvisioningState/succeeded\",\r\n          \"level\": \"Info\",\r\n          \"displayStatus\": \"Provisioning succeeded\",\r\n          \"time\": \"2016-03-29T06:59:44.6275486+00:00\"\r\n        },\r\n        {\r\n          \"code\": \"PowerState/running\",\r\n          \"level\": \"Info\",\r\n          \"displayStatus\": \"VM running\"\r\n        }\r\n      ]\r\n    }\r\n  },\r\n  \"id\": \"/subscriptions/e33f361b-53c2-4cc7-b829-78906708387b/resourceGroups/xplatTestZVMCreate6381/providers/Microsoft.Compute/virtualMachines/xplatvm\",\r\n  \"name\": \"xplatvm\",\r\n  \"type\": \"Microsoft.Compute/virtualMachines\",\r\n  \"location\": \"eastus2\",\r\n  \"tags\": {\r\n    \"a\": \"b\",\r\n    \"b\": \"c\",\r\n    \"d\": \"\"\r\n  }\r\n}", { 'cache-control': 'no-cache',
  pragma: 'no-cache',
  'content-length': '5217',
  'content-type': 'application/json; charset=utf-8',
  expires: '-1',
  'strict-transport-security': 'max-age=31536000; includeSubDomains',
  'x-ms-served-by': '4756065c-8012-416b-9896-0720bb1f81cb_131031699529482160',
  'x-ms-request-id': 'efa71ed6-af27-4995-bb3b-9d8d4a665af3',
  server: 'Microsoft-HTTPAPI/2.0, Microsoft-HTTPAPI/2.0',
  'x-ms-ratelimit-remaining-subscription-reads': '14992',
  'x-ms-correlation-request-id': 'fe82dac6-2551-473a-adf7-87dd49924912',
  'x-ms-routing-request-id': 'WESTUS:20160329T070023Z:fe82dac6-2551-473a-adf7-87dd49924912',
  date: 'Tue, 29 Mar 2016 07:00:22 GMT',
  connection: 'close' });
 return result; },
function (nock) { 
var result = 
nock('https://management.azure.com:443')
  .get('/subscriptions/e33f361b-53c2-4cc7-b829-78906708387b/resourceGroups/xplatTestZVMCreate6381/providers/Microsoft.Compute/virtualMachines/xplatvm?$expand=instanceView&api-version=2016-03-30')
  .reply(200, "{\r\n  \"properties\": {\r\n    \"vmId\": \"6a8f9501-3fd6-44ae-858a-b8641a3f1222\",\r\n    \"availabilitySet\": {\r\n      \"id\": \"/subscriptions/e33f361b-53c2-4cc7-b829-78906708387b/resourceGroups/xplatTestZVMCreate6381/providers/Microsoft.Compute/availabilitySets/XPLATTESTZVMAVAIL5992\"\r\n    },\r\n    \"hardwareProfile\": {\r\n      \"vmSize\": \"Standard_DS1\"\r\n    },\r\n    \"storageProfile\": {\r\n      \"imageReference\": {\r\n        \"publisher\": \"canonical\",\r\n        \"offer\": \"UbuntuServer\",\r\n        \"sku\": \"15.10\",\r\n        \"version\": \"latest\"\r\n      },\r\n      \"osDisk\": {\r\n        \"osType\": \"Linux\",\r\n        \"name\": \"cli68ca510bb5af722a-os-1459234612773\",\r\n        \"createOption\": \"FromImage\",\r\n        \"vhd\": {\r\n          \"uri\": \"https://xplatteststorage17059.blob.core.windows.net/xplatteststoragecnt11161/cli68ca510bb5af722a-os-1459234612773.vhd\"\r\n        },\r\n        \"caching\": \"ReadWrite\"\r\n      },\r\n      \"dataDisks\": []\r\n    },\r\n    \"osProfile\": {\r\n      \"computerName\": \"xplatvm\",\r\n      \"adminUsername\": \"azureuser\",\r\n      \"linuxConfiguration\": {\r\n        \"disablePasswordAuthentication\": false,\r\n        \"ssh\": {\r\n          \"publicKeys\": [\r\n            {\r\n              \"path\": \"/home/azureuser/.ssh/authorized_keys\",\r\n              \"keyData\": \"MIID/zCCAuegAwIBAgIJAMUAa+XVLvAeMA0GCSqGSIb3DQEBBQUAMIGVMQswCQYD\\r\\nVQQGEwJJbjESMBAGA1UECAwJS2FybmF0YWthMRIwEAYDVQQHDAlCYW5nYWxvcmUx\\r\\nEDAOBgNVBAoMB2JyaWxsaW8xEjAQBgNVBAsMCW1pY3Jvc29mdDEQMA4GA1UEAwwH\\r\\nYnJpbGxpbzEmMCQGCSqGSIb3DQEJARYXc3JlZWthbnRoYnNAeWFob28uY28uaW4w\\r\\nHhcNMTUwMzA1MTE1MzEyWhcNMTYwMzA0MTE1MzEyWjCBlTELMAkGA1UEBhMCSW4x\\r\\nEjAQBgNVBAgMCUthcm5hdGFrYTESMBAGA1UEBwwJQmFuZ2Fsb3JlMRAwDgYDVQQK\\r\\nDAdicmlsbGlvMRIwEAYDVQQLDAltaWNyb3NvZnQxEDAOBgNVBAMMB2JyaWxsaW8x\\r\\nJjAkBgkqhkiG9w0BCQEWF3NyZWVrYW50aGJzQHlhaG9vLmNvLmluMIIBIjANBgkq\\r\\nhkiG9w0BAQEFAAOCAQ8AMIIBCgKCAQEAyUNKaOuT0NK+S8Ck81zy9xJ6hXfZvAC6\\r\\nlhbmf/6s/WVimJ/TX5NMhQJwC9k6ZIF92KfYrojHNvHDufSZ3EtKUVwRFCDjmgMT\\r\\nDL09WkGaZt7gROYFK0iZ4KrYGovUwlwum9fHB24OJiOV4bi0ek62/rHx9fjYZpvp\\r\\naIH2PV/hN8SCZ0x7HJMberD4gVoU/Kv42nNvwjLUW6IZfVx/Gv5OeFDtWHfSvUEF\\r\\ndadHKTPn3Ab20Iu6gZIbLO9Vuf38/IpaYGfnFCouHdzmiTiLieYNe3CUPcOJNSv7\\r\\n1G8KYpx3uNJRkJPab5OsRyJw75Gvzkr9OgaPss9tVD6Gt68u3WQtVQIDAQABo1Aw\\r\\nTjAdBgNVHQ4EFgQUogvhXB+xZ2JJPfLO6cVs4ForzscwHwYDVR0jBBgwFoAUogvh\\r\\nXB+xZ2JJPfLO6cVs4ForzscwDAYDVR0TBAUwAwEB/zANBgkqhkiG9w0BAQUFAAOC\\r\\nAQEAdDj7qUNJ45xlF5cjd+4x5NHvAD1VTjOKu+Xh/uzSSjXqB2F0aOMWA9lx0qaQ\\r\\noJgHkGxj3zz/W7ik/cVGL2O+vRIOKv/y0OPogEmS3Hw+P+O6OGE7x1G6YN0zLVoL\\r\\nu4BN/BEYmjttxM9I7qqL7C5cJoE+K3s/w1/pt/68ohJcr7F9Ohi7cso62xuGY1Rm\\r\\nksAh2EUDsU9JV/P+C9AMpLSrb03JJYzVj4w1RHbrmw2AjFyGXdQYkggyXisg+Ifr\\r\\n5gbNN7HigpHf7b2i3CQBUqp9m23frh5AhnLI2qp3UXgc52U5ieLdi/t6j0TTZqqY\\r\\nHhHqofKrj938HHlBNpC5/LVh3w==\\r\\n\"\r\n            }\r\n          ]\r\n        }\r\n      },\r\n      \"secrets\": []\r\n    },\r\n    \"networkProfile\": {\"networkInterfaces\":[{\"id\":\"/subscriptions/e33f361b-53c2-4cc7-b829-78906708387b/resourceGroups/xplatTestZVMCreate6381/providers/Microsoft.Network/networkInterfaces/xplattestnic\"}]},\r\n    \"diagnosticsProfile\": {\r\n      \"bootDiagnostics\": {\r\n        \"enabled\": true,\r\n        \"storageUri\": \"https://clisto1787056522xplatvm.blob.core.windows.net/\"\r\n      }\r\n    },\r\n    \"provisioningState\": \"Succeeded\",\r\n    \"instanceView\": {\r\n      \"platformUpdateDomain\": 0,\r\n      \"platformFaultDomain\": 0,\r\n      \"vmAgent\": {\r\n        \"vmAgentVersion\": \"2.1.2\",\r\n        \"statuses\": [\r\n          {\r\n            \"code\": \"ProvisioningState/succeeded\",\r\n            \"level\": \"Info\",\r\n            \"displayStatus\": \"Ready\",\r\n            \"message\": \"Guest Agent is running\",\r\n            \"time\": \"2016-03-29T07:00:07+00:00\"\r\n          }\r\n        ],\r\n        \"extensionHandlers\": []\r\n      },\r\n      \"disks\": [\r\n        {\r\n          \"name\": \"cli68ca510bb5af722a-os-1459234612773\",\r\n          \"statuses\": [\r\n            {\r\n              \"code\": \"ProvisioningState/succeeded\",\r\n              \"level\": \"Info\",\r\n              \"displayStatus\": \"Provisioning succeeded\",\r\n              \"time\": \"2016-03-29T06:58:43.6430974+00:00\"\r\n            }\r\n          ]\r\n        }\r\n      ],\r\n      \"bootDiagnostics\": {\r\n        \"consoleScreenshotBlobUri\": \"https://clisto1787056522xplatvm.blob.core.windows.net/bootdiagnostics-xplatvm-6a8f9501-3fd6-44ae-858a-b8641a3f1222/xplatvm.6a8f9501-3fd6-44ae-858a-b8641a3f1222.screenshot.bmp\",\r\n        \"serialConsoleLogBlobUri\": \"https://clisto1787056522xplatvm.blob.core.windows.net/bootdiagnostics-xplatvm-6a8f9501-3fd6-44ae-858a-b8641a3f1222/xplatvm.6a8f9501-3fd6-44ae-858a-b8641a3f1222.serialconsole.log\"\r\n      },\r\n      \"statuses\": [\r\n        {\r\n          \"code\": \"ProvisioningState/succeeded\",\r\n          \"level\": \"Info\",\r\n          \"displayStatus\": \"Provisioning succeeded\",\r\n          \"time\": \"2016-03-29T06:59:44.6275486+00:00\"\r\n        },\r\n        {\r\n          \"code\": \"PowerState/running\",\r\n          \"level\": \"Info\",\r\n          \"displayStatus\": \"VM running\"\r\n        }\r\n      ]\r\n    }\r\n  },\r\n  \"id\": \"/subscriptions/e33f361b-53c2-4cc7-b829-78906708387b/resourceGroups/xplatTestZVMCreate6381/providers/Microsoft.Compute/virtualMachines/xplatvm\",\r\n  \"name\": \"xplatvm\",\r\n  \"type\": \"Microsoft.Compute/virtualMachines\",\r\n  \"location\": \"eastus2\",\r\n  \"tags\": {\r\n    \"a\": \"b\",\r\n    \"b\": \"c\",\r\n    \"d\": \"\"\r\n  }\r\n}", { 'cache-control': 'no-cache',
  pragma: 'no-cache',
  'content-length': '5217',
  'content-type': 'application/json; charset=utf-8',
  expires: '-1',
  'strict-transport-security': 'max-age=31536000; includeSubDomains',
  'x-ms-served-by': '4756065c-8012-416b-9896-0720bb1f81cb_131031699529482160',
  'x-ms-request-id': 'efa71ed6-af27-4995-bb3b-9d8d4a665af3',
  server: 'Microsoft-HTTPAPI/2.0, Microsoft-HTTPAPI/2.0',
  'x-ms-ratelimit-remaining-subscription-reads': '14992',
  'x-ms-correlation-request-id': 'fe82dac6-2551-473a-adf7-87dd49924912',
  'x-ms-routing-request-id': 'WESTUS:20160329T070023Z:fe82dac6-2551-473a-adf7-87dd49924912',
  date: 'Tue, 29 Mar 2016 07:00:22 GMT',
  connection: 'close' });
 return result; },
function (nock) { 
var result = 
nock('http://management.azure.com:443')
  .post('/subscriptions/e33f361b-53c2-4cc7-b829-78906708387b/resourceGroups/xplatTestZVMCreate6381/providers/Microsoft.Storage/storageAccounts/clisto1787056522xplatvm/listKeys?api-version=2015-06-15')
  .reply(200, "{\"key1\":\"EE2n9Ow9657kFosIEUKJC3w2OnKWk1zYZGwXr84jxbEAGPrOSVlOw1E6XxnNxlrEN5IjTUHxgEoOm8BoKmm5jA==\",\"key2\":\"3R4mk39Mye5+T4nw7ezDuzLhG7P3rnN2NvC+r9V4nVi43bpGydtwZh1BhDg915ybkllCHQLFDIcAlTIWy59HcQ==\"}\n", { 'cache-control': 'no-cache',
  pragma: 'no-cache',
  'content-length': '198',
  'content-type': 'application/json',
  expires: '-1',
  'x-ms-request-id': '6ee0a167-de0f-4dad-add8-9304a3d3eed8',
  server: 'Microsoft-Azure-Storage-Resource-Provider/1.0, Microsoft-HTTPAPI/2.0',
  'x-ms-ratelimit-remaining-subscription-writes': '1196',
  'x-ms-correlation-request-id': '6ee0a167-de0f-4dad-add8-9304a3d3eed8',
  'x-ms-routing-request-id': 'WESTUS:20160329T070023Z:6ee0a167-de0f-4dad-add8-9304a3d3eed8',
  'strict-transport-security': 'max-age=31536000; includeSubDomains',
  date: 'Tue, 29 Mar 2016 07:00:23 GMT',
  connection: 'close' });
 return result; },
function (nock) { 
var result = 
nock('https://management.azure.com:443')
  .post('/subscriptions/e33f361b-53c2-4cc7-b829-78906708387b/resourceGroups/xplatTestZVMCreate6381/providers/Microsoft.Storage/storageAccounts/clisto1787056522xplatvm/listKeys?api-version=2015-06-15')
  .reply(200, "{\"key1\":\"EE2n9Ow9657kFosIEUKJC3w2OnKWk1zYZGwXr84jxbEAGPrOSVlOw1E6XxnNxlrEN5IjTUHxgEoOm8BoKmm5jA==\",\"key2\":\"3R4mk39Mye5+T4nw7ezDuzLhG7P3rnN2NvC+r9V4nVi43bpGydtwZh1BhDg915ybkllCHQLFDIcAlTIWy59HcQ==\"}\n", { 'cache-control': 'no-cache',
  pragma: 'no-cache',
  'content-length': '198',
  'content-type': 'application/json',
  expires: '-1',
  'x-ms-request-id': '6ee0a167-de0f-4dad-add8-9304a3d3eed8',
  server: 'Microsoft-Azure-Storage-Resource-Provider/1.0, Microsoft-HTTPAPI/2.0',
  'x-ms-ratelimit-remaining-subscription-writes': '1196',
  'x-ms-correlation-request-id': '6ee0a167-de0f-4dad-add8-9304a3d3eed8',
  'x-ms-routing-request-id': 'WESTUS:20160329T070023Z:6ee0a167-de0f-4dad-add8-9304a3d3eed8',
  'strict-transport-security': 'max-age=31536000; includeSubDomains',
  date: 'Tue, 29 Mar 2016 07:00:23 GMT',
  connection: 'close' });
 return result; },
function (nock) { 
var result = 
nock('http://clisto1787056522xplatvm.blob.core.windows.net:443')
  .head('/bootdiagnostics-xplatvm-6a8f9501-3fd6-44ae-858a-b8641a3f1222/xplatvm.6a8f9501-3fd6-44ae-858a-b8641a3f1222.serialconsole.log')
  .reply(200, "", { 'content-length': '60416',
  'content-type': 'text/plain',
  'last-modified': 'Tue, 29 Mar 2016 06:59:59 GMT',
  'accept-ranges': 'bytes',
  etag: '"0x8D3579FBE272FE5"',
  server: 'Windows-Azure-Blob/1.0 Microsoft-HTTPAPI/2.0',
  'x-ms-request-id': 'dbbaa776-0001-011a-4988-8999a7000000',
  'x-ms-version': '2015-02-21',
  'x-ms-lease-status': 'unlocked',
  'x-ms-lease-state': 'available',
  'x-ms-blob-type': 'PageBlob',
  'x-ms-blob-sequence-number': '0',
  date: 'Tue, 29 Mar 2016 07:00:23 GMT',
  connection: 'close' });
 return result; },
function (nock) { 
var result = 
nock('https://clisto1787056522xplatvm.blob.core.windows.net:443')
  .head('/bootdiagnostics-xplatvm-6a8f9501-3fd6-44ae-858a-b8641a3f1222/xplatvm.6a8f9501-3fd6-44ae-858a-b8641a3f1222.serialconsole.log')
  .reply(200, "", { 'content-length': '60416',
  'content-type': 'text/plain',
  'last-modified': 'Tue, 29 Mar 2016 06:59:59 GMT',
  'accept-ranges': 'bytes',
  etag: '"0x8D3579FBE272FE5"',
  server: 'Windows-Azure-Blob/1.0 Microsoft-HTTPAPI/2.0',
  'x-ms-request-id': 'dbbaa776-0001-011a-4988-8999a7000000',
  'x-ms-version': '2015-02-21',
  'x-ms-lease-status': 'unlocked',
  'x-ms-lease-state': 'available',
  'x-ms-blob-type': 'PageBlob',
  'x-ms-blob-sequence-number': '0',
  date: 'Tue, 29 Mar 2016 07:00:23 GMT',
  connection: 'close' });
 return result; },
function (nock) { 
var result = 
nock('http://clisto1787056522xplatvm.blob.core.windows.net:443')
  .get('/bootdiagnostics-xplatvm-6a8f9501-3fd6-44ae-858a-b8641a3f1222/xplatvm.6a8f9501-3fd6-44ae-858a-b8641a3f1222.serialconsole.log')
  .reply(200, "\u001b[H\u001b[J\u001b[1;1H[    0.000000] Initializing cgroup subsys cpuset\r\n[    0.000000] Initializing cgroup subsys cpu\r\n[    0.000000] Initializing cgroup subsys cpuacct\r\n[    0.000000] Linux version 4.2.0-34-generic (buildd@lgw01-54) (gcc version 5.2.1 20151010 (Ubuntu 5.2.1-22ubuntu2) ) #39-Ubuntu SMP Thu Mar 10 22:13:01 UTC 2016 (Ubuntu 4.2.0-34.39-generic 4.2.8-ckt4)\r\n[    0.000000] Command line: BOOT_IMAGE=/boot/vmlinuz-4.2.0-34-generic root=UUID=1d5dec81-eae2-456e-99ac-2090eeba6c82 ro console=tty1 console=ttyS0 earlyprintk=ttyS0 rootdelay=300\r\n[    0.000000] KERNEL supported cpus:\r\n[    0.000000]   Intel GenuineIntel\r\n[    0.000000]   AMD AuthenticAMD\r\n[    0.000000]   Centaur CentaurHauls\r\n[    0.000000] x86/fpu: xstate_offset[2]: 0240, xstate_sizes[2]: 0100\r\n[    0.000000] x86/fpu: Supporting XSAVE feature 0x01: 'x87 floating point registers'\r\n[    0.000000] x86/fpu: Supporting XSAVE feature 0x02: 'SSE registers'\r\n[    0.000000] x86/fpu: Supporting XSAVE feature 0x04: 'AVX registers'\r\n[    0.000000] x86/fpu: Enabled xstate features 0x7, context size is 0x340 bytes, using 'standard' format.\r\n[    0.000000] x86/fpu: Using 'eager' FPU context switches.\r\n[    0.000000] e820: BIOS-provided physical RAM map:\r\n[    0.000000] BIOS-e820: [mem 0x0000000000000000-0x000000000009fbff] usable\r\n[    0.000000] BIOS-e820: [mem 0x000000000009fc00-0x000000000009ffff] reserved\r\n[    0.000000] BIOS-e820: [mem 0x00000000000e0000-0x00000000000fffff] reserved\r\n[    0.000000] BIOS-e820: [mem 0x0000000000100000-0x000000001ffeffff] usable\r\n[    0.000000] BIOS-e820: [mem 0x000000001fff0000-0x000000001fffefff] ACPI data\r\n[    0.000000] BIOS-e820: [mem 0x000000001ffff000-0x000000001fffffff] ACPI NVS\r\n[    0.000000] BIOS-e820: [mem 0x0000000100000000-0x00000001bfffffff] usable\r\n[    0.000000] bootconsole [earlyser0] enabled\r\n[    0.000000] NX (Execute Disable) protection: active\r\n[    0.000000] SMBIOS 2.3 present.\r\n[    0.000000] Hypervisor detected: Microsoft HyperV\r\n[    0.000000] HyperV: features 0xe7f, hints 0x2c\r\n[    0.000000] HyperV: LAPIC Timer Frequency: 0xc3500\r\n[    0.000000] clocksource: hyperv_clocksource: mask: 0xffffffffffffffff max_cycles: 0x24e6a1710, max_idle_ns: 440795202120 ns\r\n[    0.000000] tsc: Marking TSC unstable due to running on Hyper-V\r\n[    0.000000] e820: last_pfn = 0x1c0000 max_arch_pfn = 0x400000000\r\n[    0.000000] x86/PAT: Configuration [0-7]: WB  WC  UC- UC  WB  WC  UC- WT  \r\n[    0.000000] e820: last_pfn = 0x1fff0 max_arch_pfn = 0x400000000\r\n[    0.000000] found SMP MP-table at [mem 0x000ff780-0x000ff78f] mapped at [ffff8800000ff780]\r\n[    0.000000] Scanning 1 areas for low memory corruption\r\n[    0.000000] init_memory_mapping: [mem 0x00000000-0x000fffff]\r\n[    0.000000] init_memory_mapping: [mem 0x1bfe00000-0x1bfffffff]\r\n[    0.000000] init_memory_mapping: [mem 0x1a0000000-0x1bfdfffff]\r\n[    0.000000] init_memory_mapping: [mem 0x00100000-0x1ffeffff]\r\n[    0.000000] init_memory_mapping: [mem 0x100000000-0x19fffffff]\r\n[    0.000000] RAMDISK: [mem 0x1d9c1000-0x1f789fff]\r\n[    0.000000] ACPI: Early table checksum verification disabled\r\n[    0.000000] ACPI: RSDP 0x00000000000F56F0 000014 (v00 ACPIAM)\r\n[    0.000000] ACPI: RSDT 0x000000001FFF0000 000040 (v01 VRTUAL MICROSFT 05001223 MSFT 00000097)\r\n[    0.000000] ACPI: FACP 0x000000001FFF0200 000081 (v02 VRTUAL MICROSFT 05001223 MSFT 00000097)\r\n[    0.000000] ACPI: DSDT 0x000000001FFF1724 002E78 (v01 MSFTVM MSFTVM02 00000002 INTL 02002026)\r\n[    0.000000] ACPI: FACS 0x000000001FFFF000 000040\r\n[    0.000000] ACPI: WAET 0x000000001FFF1480 000028 (v01 VRTUAL MICROSFT 05001223 MSFT 00000097)\r\n[    0.000000] ACPI: SLIC 0x000000001FFF14C0 000176 (v01 VRTUAL MICROSFT 05001223 MSFT 00000097)\r\n[    0.000000] ACPI: OEM0 0x000000001FFF16C0 000064 (v01 VRTUAL MICROSFT 05001223 MSFT 00000097)\r\n[    0.000000] ACPI: SRAT 0x000000001FFF0600 000090 (v02 VRTUAL MICROSFT 00000001 MSFT 00000001)\r\n[    0.000000] ACPI: APIC 0x000000001FFF0300 00024C (v01 VRTUAL MICROSFT 05001223 MSFT 00000097)\r\n[    0.000000] ACPI: OEMB 0x000000001FFFF040 000064 (v01 VRTUAL MICROSFT 05001223 MSFT 00000097)\r\n[    0.000000] SRAT: PXM 0 -> APIC 0x00 -> Node 0\r\n[    0.000000] SRAT: Node 0 PXM 0 [mem 0x00000000-0x1fffffff]\r\n[    0.000000] SRAT: Node 0 PXM 0 [mem 0x100000000-0x1bfffffff]\r\n[    0.000000] NUMA: Node 0 [mem 0x00000000-0x1fffffff] + [mem 0x100000000-0x1bfffffff] -> [mem 0x00000000-0x1bfffffff]\r\n[    0.000000] NODE_DATA(0) allocated [mem 0x1bfffa000-0x1bfffefff]\r\n[    0.000000] Zone ranges:\r\n[    0.000000]   DMA      [mem 0x0000000000001000-0x0000000000ffffff]\r\n[    0.000000]   DMA32    [mem 0x0000000001000000-0x00000000ffffffff]\r\n[    0.000000]   Normal   [mem 0x0000000100000000-0x00000001bfffffff]\r\n[    0.000000] Movable zone start for each node\r\n[    0.000000] Early memory node ranges\r\n[    0.000000]   node   0: [mem 0x0000000000001000-0x000000000009efff]\r\n[    0.000000]   node   0: [mem 0x0000000000100000-0x000000001ffeffff]\r\n[    0.000000]   node   0: [mem 0x0000000100000000-0x00000001bfffffff]\r\n[    0.000000] Initmem setup node 0 [mem 0x0000000000001000-0x00000001bfffffff]\r\n[    0.000000] ACPI: PM-Timer IO Port: 0x408\r\n[    0.000000] IOAPIC[0]: apic_id 0, version 17, address 0xfec00000, GSI 0-23\r\n[    0.000000] ACPI: INT_SRC_OVR (bus 0 bus_irq 0 global_irq 2 dfl dfl)\r\n[    0.000000] ACPI: INT_SRC_OVR (bus 0 bus_irq 9 global_irq 9 high level)\r\n[    0.000000] Using ACPI (MADT) for SMP configuration information\r\n[    0.000000] smpboot: Allowing 64 CPUs, 63 hotplug CPUs\r\n[    0.000000] PM: Registered nosave memory: [mem 0x00000000-0x00000fff]\r\n[    0.000000] PM: Registered nosave memory: [mem 0x0009f000-0x0009ffff]\r\n[    0.000000] PM: Registered nosave memory: [mem 0x000a0000-0x000dffff]\r\n[    0.000000] PM: Registered nosave memory: [mem 0x000e0000-0x000fffff]\r\n[    0.000000] PM: Registered nosave memory: [mem 0x1fff0000-0x1fffefff]\r\n[    0.000000] PM: Registered nosave memory: [mem 0x1ffff000-0x1fffffff]\r\n[    0.000000] PM: Registered nosave memory: [mem 0x20000000-0xffffffff]\r\n[    0.000000] e820: [mem 0x20000000-0xffffffff] available for PCI devices\r\n[    0.000000] Booting paravirtualized kernel on bare hardware\r\n[    0.000000] clocksource: refined-jiffies: mask: 0xffffffff max_cycles: 0xffffffff, max_idle_ns: 7645519600211568 ns\r\n[    0.000000] setup_percpu: NR_CPUS:256 nr_cpumask_bits:256 nr_cpu_ids:64 nr_node_ids:1\r\n[    0.000000] PERCPU: Embedded 33 pages/cpu @ffff8801bae00000 s96728 r8192 d30248 u262144\r\n[    0.000000] Built 1 zonelists in Node order, mobility grouping on.  Total pages: 903033\r\n[    0.000000] Policy zone: Normal\r\n[    0.000000] Kernel command line: BOOT_IMAGE=/boot/vmlinuz-4.2.0-34-generic root=UUID=1d5dec81-eae2-456e-99ac-2090eeba6c82 ro console=tty1 console=ttyS0 earlyprintk=ttyS0 rootdelay=300\r\n[    0.000000] log_buf_len individual max cpu contribution: 4096 bytes\r\n[    0.000000] log_buf_len total cpu_extra contributions: 258048 bytes\r\n[    0.000000] log_buf_len min size: 262144 bytes\r\n[    0.000000] log_buf_len: 524288 bytes\r\n[    0.000000] early log buf free: 252360(96%)\r\n[    0.000000] PID hash table entries: 4096 (order: 3, 32768 bytes)\r\n[    0.000000] Memory: 3490000K/3669560K available (8158K kernel code, 1238K rwdata, 3804K rodata, 1464K init, 1292K bss, 179560K reserved, 0K cma-reserved)\r\n[    0.000000] SLUB: HWalign=64, Order=0-3, MinObjects=0, CPUs=64, Nodes=1\r\n[    0.000000] Hierarchical RCU implementation.\r\n[    0.000000] \tBuild-time adjustment of leaf fanout to 64.\r\n[    0.000000] \tRCU restricting CPUs from NR_CPUS=256 to nr_cpu_ids=64.\r\n[    0.000000] RCU: Adjusting geometry for rcu_fanout_leaf=64, nr_cpu_ids=64\r\n[    0.000000] NR_IRQS:16640 nr_irqs:936 16\r\n[    0.000000] \tOffload RCU callbacks from all CPUs\r\n[    0.000000] \tOffload RCU callbacks from CPUs: 0-63.\r\n[    0.000000] Console: colour VGA+ 80x25\r\n[    0.000000] console [tty1] enabled\r\n[    0.000000] console [ttyS0] enabled\r\n[    0.000000] console [ttyS0] enabled\r\n[    0.000000] bootconsole [earlyser0] disabled\r\n[    0.000000] bootconsole [earlyser0] disabled\r\n[    0.000000] tsc: Fast TSC calibration failed\r\n[    0.000000] tsc: Unable to calibrate against PIT\r\n[    0.000000] tsc: using PMTIMER reference calibration\r\n[    0.000000] tsc: Detected 2194.509 MHz processor\r\n[    0.016034] Calibrating delay loop (skipped), value calculated using timer frequency.. 4389.01 BogoMIPS (lpj=8778036)\r\n[    0.021375] pid_max: default: 65536 minimum: 512\r\n[    0.024031] ACPI: Core revision 20150619\r\n[    0.027386] ACPI: All ACPI Tables successfully acquired\r\n[    0.030366] Security Framework initialized\r\n[    0.032062] AppArmor: AppArmor initialized\r\n[    0.033570] Yama: becoming mindful.\r\n[    0.036346] Dentry cache hash table entries: 524288 (order: 10, 4194304 bytes)\r\n[    0.039241] Inode-cache hash table entries: 262144 (order: 9, 2097152 bytes)\r\n[    0.040432] Mount-cache hash table entries: 8192 (order: 4, 65536 bytes)\r\n[    0.042208] Mountpoint-cache hash table entries: 8192 (order: 4, 65536 bytes)\r\n[    0.044296] Initializing cgroup subsys blkio\r\n[    0.045843] Initializing cgroup subsys memory\r\n[    0.048040] Initializing cgroup subsys devices\r\n[    0.049567] Initializing cgroup subsys freezer\r\n[    0.051089] Initializing cgroup subsys net_cls\r\n[    0.052022] Initializing cgroup subsys perf_event\r\n[    0.053555] Initializing cgroup subsys net_prio\r\n[    0.056022] Initializing cgroup subsys hugetlb\r\n[    0.057637] mce: CPU supports 1 MCE banks\r\n[    0.059202] Last level iTLB entries: 4KB 512, 2MB 8, 4MB 8\r\n[    0.060021] Last level dTLB entries: 4KB 512, 2MB 32, 4MB 32, 1GB 0\r\n[    0.086612] ftrace: allocating 30940 entries in 121 pages\r\n[    0.100135] Switched APIC routing to physical flat.\r\n[    0.120742] ..TIMER: vector=0x30 apic1=0 pin1=2 apic2=-1 pin2=-1\r\n[    0.124167] smpboot: CPU0: Intel(R) Xeon(R) CPU E5-2660 0 @ 2.20GHz (fam: 06, model: 2d, stepping: 07)\r\n[    0.128039] Performance Events: unsupported p6 CPU model 45 no PMU driver, software events only.\r\n[    0.133275] x86: Booted up 1 node, 1 CPUs\r\n[    0.134854] smpboot: Total of 1 processors activated (4389.01 BogoMIPS)\r\n[    0.136013] NMI watchdog: disabled (cpu0): hardware events not enabled\r\n[    0.137763] NMI watchdog: Shutting down hard lockup detector on all cpus\r\n[    0.144192] devtmpfs: initialized\r\n[    0.149682] evm: security.selinux\r\n[    0.151960] evm: security.SMACK64\r\n[    0.152003] evm: security.SMACK64EXEC\r\n[    0.153193] evm: security.SMACK64TRANSMUTE\r\n[    0.154380] evm: security.SMACK64MMAP\r\n[    0.156001] evm: security.ima\r\n[    0.157123] evm: security.capability\r\n[    0.158406] PM: Registering ACPI NVS region [mem 0x1ffff000-0x1fffffff] (4096 bytes)\r\n[    0.160099] clocksource: jiffies: mask: 0xffffffff max_cycles: 0xffffffff, max_idle_ns: 7645041785100000 ns\r\n[    0.164155] pinctrl core: initialized pinctrl subsystem\r\n[    0.165899] RTC time:  6:59:13, date: 03/29/16\r\n[    0.167298] NET: Registered protocol family 16\r\n[    0.168216] cpuidle: using governor ladder\r\n[    0.170012] cpuidle: using governor menu\r\n[    0.172125] ACPI: bus type PCI registered\r\n[    0.173373] acpiphp: ACPI Hot Plug PCI Controller Driver version: 0.5\r\n[    0.175200] PCI: Using configuration type 1 for base access\r\n[    0.177658] ACPI: Added _OSI(Module Device)\r\n[    0.180004] ACPI: Added _OSI(Processor Device)\r\n[    0.181280] ACPI: Added _OSI(3.0 _SCP Extensions)\r\n[    0.182572] ACPI: Added _OSI(Processor Aggregator Device)\r\n[    0.186619] ACPI: Interpreter enabled\r\n[    0.187839] ACPI Exception: AE_NOT_FOUND, While evaluating Sleep State [\\_S1_] (20150619/hwxface-580)\r\n[    0.190190] ACPI Exception: AE_NOT_FOUND, While evaluating Sleep State [\\_S2_] (20150619/hwxface-580)\r\n[    0.194180] ACPI Exception: AE_NOT_FOUND, While evaluating Sleep State [\\_S3_] (20150619/hwxface-580)\r\n[    0.197092] ACPI Exception: AE_NOT_FOUND, While evaluating Sleep State [\\_S4_] (20150619/hwxface-580)\r\n[    0.200007] ACPI: (supports S0 S5)\r\n[    0.201215] ACPI: Using IOAPIC for interrupt routing\r\n[    0.202569] PCI: Using host bridge windows from ACPI; if necessary, use \"pci=nocrs\" and report a bug\r\n[    0.215183] ACPI: PCI Root Bridge [PCI0] (domain 0000 [bus 00-ff])\r\n[    0.216007] acpi PNP0A03:00: _OSC: OS supports [ASPM ClockPM Segments MSI]\r\n[    0.217425] acpi PNP0A03:00: _OSC failed (AE_NOT_FOUND); disabling ASPM\r\n[    0.219291] acpi PNP0A03:00: fail to add MMCONFIG information, can't access extended PCI configuration space under this bridge.\r\n[    0.220132] PCI host bridge to bus 0000:00\r\n[    0.221331] pci_bus 0000:00: root bus resource [bus 00-ff]\r\n[    0.224004] pci_bus 0000:00: root bus resource [mem 0xfe0000000-0xfffefffff window]\r\n[    0.225644] pci_bus 0000:00: root bus resource [io  0x0000-0x0cf7 window]\r\n[    0.227088] pci_bus 0000:00: root bus resource [io  0x0d00-0xffff window]\r\n[    0.228003] pci_bus 0000:00: root bus resource [mem 0x000a0000-0x000bffff window]\r\n[    0.229642] pci_bus 0000:00: root bus resource [mem 0x20000000-0xfffbffff window]\r\n[    0.238685] pci 0000:00:07.1: legacy IDE quirk: reg 0x10: [io  0x01f0-0x01f7]\r\n[    0.240003] pci 0000:00:07.1: legacy IDE quirk: reg 0x14: [io  0x03f6]\r\n[    0.241430] pci 0000:00:07.1: legacy IDE quirk: reg 0x18: [io  0x0170-0x0177]\r\n[    0.242914] pci 0000:00:07.1: legacy IDE quirk: reg 0x1c: [io  0x0376]\r\n[    0.244466] * Found PM-Timer Bug on the chipset. Due to workarounds for a bug,\r\n[    0.244466] * this clock source is slow. Consider trying other clock sources\r\n[    0.249330] pci 0000:00:07.3: quirk: [io  0x0400-0x043f] claimed by PIIX4 ACPI\r\n[    0.260665] ACPI: PCI Interrupt Link [LNKA] (IRQs 3 4 5 7 9 10 *11 12 14 15)\r\n[    0.270798] ACPI: PCI Interrupt Link [LNKB] (IRQs 3 4 5 7 9 10 11 12 14 15) *0, disabled.\r\n[    0.281872] ACPI: PCI Interrupt Link [LNKC] (IRQs 3 4 5 7 9 10 11 12 14 15) *0, disabled.\r\n[    0.293944] ACPI: PCI Interrupt Link [LNKD] (IRQs 3 4 5 7 9 10 11 12 14 15) *0, disabled.\r\n[    0.305887] ACPI: Enabled 1 GPEs in block 00 to 0F\r\n[    0.308163] vgaarb: setting as boot device: PCI:0000:00:08.0\r\n[    0.309562] vgaarb: device added: PCI:0000:00:08.0,decodes=io+mem,owns=io+mem,locks=none\r\n[    0.312003] vgaarb: loaded\r\n[    0.313148] vgaarb: bridge control possible 0000:00:08.0\r\n[    0.314776] SCSI subsystem initialized\r\n[    0.316100] ACPI: bus type USB registered\r\n[    0.317377] usbcore: registered new interface driver usbfs\r\n[    0.318797] usbcore: registered new interface driver hub\r\n[    0.320039] usbcore: registered new device driver usb\r\n[    0.321777] PCI: Using ACPI for IRQ routing\r\n[    0.324579] NetLabel: Initializing\r\n[    0.325943] NetLabel:  domain hash size = 128\r\n[    0.327251] NetLabel:  protocols = UNLABELED CIPSOv4\r\n[    0.328022] NetLabel:  unlabeled traffic allowed by default\r\n[    0.329561] clocksource: Switched to clocksource hyperv_clocksource\r\n[    0.336468] AppArmor: AppArmor Filesystem Enabled\r\n[    0.339144] pnp: PnP ACPI init\r\n[    0.343549] system 00:06: [io  0x01e0-0x01ef] has been reserved\r\n[    0.345784] system 00:06: [io  0x0160-0x016f] has been reserved\r\n[    0.348047] system 00:06: [io  0x0278-0x027f] has been reserved\r\n[    0.349786] system 00:06: [io  0x0378-0x037f] has been reserved\r\n[    0.352157] system 00:06: [io  0x0678-0x067f] has been reserved\r\n[    0.353981] system 00:06: [io  0x0778-0x077f] has been reserved\r\n[    0.355992] system 00:06: [io  0x04d0-0x04d1] has been reserved\r\n[    0.357695] system 00:07: [io  0x0400-0x043f] has been reserved\r\n[    0.359060] system 00:07: [io  0x0370-0x0371] has been reserved\r\n[    0.360439] system 00:07: [io  0x0440-0x044f] has been reserved\r\n[    0.361796] system 00:07: [mem 0xfec00000-0xfec00fff] could not be reserved\r\n[    0.363240] system 00:07: [mem 0xfee00000-0xfee00fff] has been reserved\r\n[    0.364790] system 00:08: [mem 0x00000000-0x0009ffff] could not be reserved\r\n[    0.366210] system 00:08: [mem 0x000c0000-0x000dffff] could not be reserved\r\n[    0.367684] system 00:08: [mem 0x000e0000-0x000fffff] could not be reserved\r\n[    0.369253] system 00:08: [mem 0x00100000-0x1fffffff] could not be reserved\r\n[    0.370746] system 00:08: [mem 0xfffc0000-0xffffffff] has been reserved\r\n[    0.372446] pnp: PnP ACPI: found 9 devices\r\n[    0.379741] clocksource: acpi_pm: mask: 0xffffff max_cycles: 0xffffff, max_idle_ns: 2085701024 ns\r\n[    0.382717] NET: Registered protocol family 2\r\n[    0.384356] TCP established hash table entries: 32768 (order: 6, 262144 bytes)\r\n[    0.386095] TCP bind hash table entries: 32768 (order: 7, 524288 bytes)\r\n[    0.387635] TCP: Hash tables configured (established 32768 bind 32768)\r\n[    0.389151] UDP hash table entries: 2048 (order: 4, 65536 bytes)\r\n[    0.390582] UDP-Lite hash table entries: 2048 (order: 4, 65536 bytes)\r\n[    0.392230] NET: Registered protocol family 1\r\n[    0.393496] pci 0000:00:00.0: Limiting direct PCI/PCI transfers\r\n[    0.395198] Trying to unpack rootfs image as initramfs...\r\n[    0.953304] Freeing initrd memory: 30500K (ffff88001d9c1000 - ffff88001f78a000)\r\n[    0.955992] PCI-DMA: Using software bounce buffering for IO (SWIOTLB)\r\n[    0.958110] software IO TLB [mem 0x199c1000-0x1d9c1000] (64MB) mapped at [ffff8800199c1000-ffff88001d9c0fff]\r\n[    0.960955] clocksource: tsc: mask: 0xffffffffffffffff max_cycles: 0x1fa1efb5f03, max_idle_ns: 440795294340 ns\r\n[    0.963726] RAPL PMU detected, API unit is 2^-32 Joules, 3 fixed counters 10737418240 ms ovfl timer\r\n[    0.966315] hw unit of domain pp0-core 2^-0 Joules\r\n[    0.968384] hw unit of domain package 2^-0 Joules\r\n[    0.970269] hw unit of domain dram 2^-0 Joules\r\n[    0.972248] microcode: CPU0 sig=0x206d7, pf=0x1, revision=0xffffffff\r\n[    0.974493] microcode: Microcode Update Driver: v2.00 <tigran@aivazian.fsnet.co.uk>, Peter Oruba\r\n[    0.977215] Scanning for low memory corruption every 60 seconds\r\n[    0.980539] futex hash table entries: 16384 (order: 8, 1048576 bytes)\r\n[    0.982874] Initialise system trusted keyring\r\n[    0.984924] audit: initializing netlink subsys (disabled)\r\n[    0.987013] audit: type=2000 audit(1459234753.984:1): initialized\r\n[    0.989499] HugeTLB registered 2 MB page size, pre-allocated 0 pages\r\n[    0.993075] zpool: loaded\r\n[    0.994614] zbud: loaded\r\n[    0.996277] VFS: Disk quotas dquot_6.6.0\r\n[    0.998023] VFS: Dquot-cache hash table entries: 512 (order 0, 4096 bytes)\r\n[    1.000652] fuse init (API version 7.23)\r\n[    1.002494] Key type big_key registered\r\n[    1.004336] Key type asymmetric registered\r\n[    1.006013] Asymmetric key parser 'x509' registered\r\n[    1.007718] Block layer SCSI generic (bsg) driver version 0.4 loaded (major 249)\r\n[    1.009979] io scheduler noop registered\r\n[    1.011720] io scheduler deadline registered (default)\r\n[    1.013494] io scheduler cfq registered\r\n[    1.015221] pci_hotplug: PCI Hot Plug PCI Core version: 0.5\r\n[    1.017055] pciehp: PCI Express Hot Plug Controller Driver version: 0.4\r\n[    1.019142] input: Power Button as /devices/LNXSYSTM:00/LNXPWRBN:00/input/input0\r\n[    1.021383] ACPI: Power Button [PWRF]\r\n[    1.026649] GHES: HEST is not enabled!\r\n[    1.028393] Serial: 8250/16550 driver, 32 ports, IRQ sharing enabled\r\n[    1.052411] 00:03: ttyS0 at I/O 0x3f8 (irq = 4, base_baud = 115200) is a 16550A\r\n[    1.076424] 00:04: ttyS1 at I/O 0x2f8 (irq = 3, base_baud = 115200) is a 16550A\r\n[    1.079829] Linux agpgart interface v0.103\r\n[    1.083998] brd: module loaded\r\n[    1.086776] loop: module loaded\r\n[    1.088355] ata_piix 0000:00:07.1: Hyper-V Virtual Machine detected, ATA device ignore set\r\n[    1.092237] scsi host0: ata_piix\r\n[    1.093508] scsi host1: ata_piix\r\n[    1.094704] ata1: PATA max UDMA/33 cmd 0x1f0 ctl 0x3f6 bmdma 0xffa0 irq 14\r\n[    1.096180] ata2: PATA max UDMA/33 cmd 0x170 ctl 0x376 bmdma 0xffa8 irq 15\r\n[    1.098847] libphy: Fixed MDIO Bus: probed\r\n[    1.100126] tun: Universal TUN/TAP device driver, 1.6\r\n[    1.101461] tun: (C) 1999-2004 Max Krasnyansky <maxk@qualcomm.com>\r\n[    1.103962] PPP generic driver version 2.4.2\r\n[    1.105560] ehci_hcd: USB 2.0 'Enhanced' Host Controller (EHCI) Driver\r\n[    1.107029] ehci-pci: EHCI PCI platform driver\r\n[    1.108400] ehci-platform: EHCI generic platform driver\r\n[    1.109833] ohci_hcd: USB 1.1 'Open' Host Controller (OHCI) Driver\r\n[    1.111369] ohci-pci: OHCI PCI platform driver\r\n[    1.112843] ohci-platform: OHCI generic platform driver\r\n[    1.114292] uhci_hcd: USB Universal Host Controller Interface driver\r\n[    1.115903] i8042: PNP: PS/2 Controller [PNP0303:PS2K,PNP0f03:PS2M] at 0x60,0x64 irq 1,12\r\n[    1.121364] serio: i8042 KBD port at 0x60,0x64 irq 1\r\n[    1.122752] serio: i8042 AUX port at 0x60,0x64 irq 12\r\n[    1.124281] mousedev: PS/2 mouse device common for all mice\r\n[    1.125946] rtc_cmos 00:00: RTC can wake from S4\r\n[    1.149046] input: AT Translated Set 2 keyboard as /devices/platform/i8042/serio0/input/input1\r\n[    1.152932] rtc_cmos 00:00: rtc core: registered rtc_cmos as rtc0\r\n[    1.155059] rtc_cmos 00:00: alarms up to one month, 114 bytes nvram\r\n[    1.156835] i2c /dev entries driver\r\n[    1.158386] device-mapper: uevent: version 1.0.3\r\n[    1.159990] device-mapper: ioctl: 4.33.0-ioctl (2015-8-18) initialised: dm-devel@redhat.com\r\n[    1.161974] ledtrig-cpu: registered to indicate activity on CPUs\r\n[    1.163590] PCCT header not found.\r\n[    1.165221] NET: Registered protocol family 10\r\n[    1.167080] NET: Registered protocol family 17\r\n[    1.168590] Key type dns_resolver registered\r\n[    1.170272] Loading compiled-in X.509 certificates\r\n[    1.172850] Loaded X.509 cert 'Build time autogenerated kernel key: 544e45c0bde6f784077abca3de58e48fb525ee14'\r\n[    1.174859] registered taskstats version 1\r\n[    1.176539] zswap: loading zswap\r\n[    1.177843] zswap: using zbud pool\r\n[    1.179230] zswap: using lzo compressor\r\n[    1.182319] Key type trusted registered\r\n[    1.187538] Key type encrypted registered\r\n[    1.189218] AppArmor: AppArmor sha1 policy hashing enabled\r\n[    1.190662] ima: No TPM chip found, activating TPM-bypass!\r\n[    1.192352] evm: HMAC attrs: 0x1\r\n[    1.194053]   Magic number: 8:238:975\r\n[    1.195384] clockevents clockevent52: hash matches\r\n[    1.197180] rtc_cmos 00:00: setting system clock to 2016-03-29 06:59:14 UTC (1459234754)\r\n[    1.199356] BIOS EDD facility v0.16 2004-Jun-25, 0 devices found\r\n[    1.200757] EDD information not available.\r\n[    1.257693] ata2.00: ATAPI: Virtual CD, , max MWDMA2\r\n[    1.261058] ata2.00: configured for MWDMA2\r\n[    1.264081] scsi 1:0:0:0: CD-ROM            Msft     Virtual CD/ROM   1.0  PQ: 0 ANSI: 5\r\n[    1.268812] sr 1:0:0:0: [sr0] scsi3-mmc drive: 0x/0x tray\r\n[    1.271112] cdrom: Uniform CD-ROM driver Revision: 3.20\r\n[    1.273672] sr 1:0:0:0: Attached scsi generic sg0 type 5\r\n[    1.275622] Freeing unused kernel memory: 1464K (ffffffff81d37000 - ffffffff81ea5000)\r\n[    1.277398] Write protecting the kernel read-only data: 12288k\r\n[    1.279111] Freeing unused kernel memory: 20K (ffff8800017fb000 - ffff880001800000)\r\n[    1.280982] Freeing unused kernel memory: 292K (ffff880001bb7000 - ffff880001c00000)\r\nLoading, please wait...\r\nstarting version 225\r\n[    1.304869] random: udevadm urandom read with 2 bits of entropy available\r\n[    1.381366] Floppy drive(s): fd0 is 1.44M\r\n[    1.399326] clocksource: hyperv_clocksource_tsc_page: mask: 0xffffffffffffffff max_cycles: 0x24e6a1710, max_idle_ns: 440795202120 ns\r\n[    1.416057] clocksource: Switched to clocksource hyperv_clocksource_tsc_page\r\n[    1.434369] FDC 0 is an 82078.\r\n[    1.439700] hv_vmbus: Hyper-V Host Build:9600-6.3-18-0.18190; Vmbus version:3.0\r\n[    1.523764] AVX version of gcm_enc/dec engaged.\r\n[    1.525630] AES CTR mode by8 optimization enabled\r\n[    1.580283] hv_vmbus: registering driver hv_storvsc\r\n[    1.589770] hidraw: raw HID events driver (C) Jiri Kosina\r\n[    1.594398] hv_utils: Registering HyperV Utility Driver\r\n[    1.595803] hv_vmbus: registering driver hv_util\r\n[    1.606214] hv_vmbus: registering driver hv_netvsc\r\n[    1.613229] hv_vmbus: registering driver hid_hyperv\r\n[    1.626530] scsi host2: storvsc_host_t\r\n[    1.628588] scsi 2:0:0:0: Direct-Access     Msft     Virtual Disk     1.0  PQ: 0 ANSI: 4\r\n[    1.631641] sd 2:0:0:0: Attached scsi generic sg1 type 0\r\n[    1.633811] sd 2:0:0:0: [sda] 61440000 512-byte logical blocks: (31.4 GB/29.2 GiB)\r\n[    1.635882] sd 2:0:0:0: [sda] 4096-byte physical blocks\r\n[    1.638232] input: Microsoft Vmbus HID-compliant Mouse as /devices/0006:045E:0621.0001/input/input4\r\n[    1.646123] sd 2:0:0:0: [sda] Write Protect is off\r\n[    1.648686] hid 0006:045E:0621.0001: input: <UNKNOWN> HID v0.01 Mouse [Microsoft Vmbus HID-compliant Mouse] on \r\n[    1.651711] sd 2:0:0:0: [sda] Write cache: enabled, read cache: enabled, supports DPO and FUA\r\n[    1.655379] hv_netvsc: hv_netvsc channel opened successfully\r\n[    1.674327]  sda: sda1\r\n[    1.681332] sd 2:0:0:0: [sda] Attached SCSI disk\r\n[    1.805792] hv_netvsc vmbus_14: Send section size: 6144, Section count:2560\r\n[    1.809527] hv_netvsc vmbus_14: Device MAC 00:0d:3a:00:08:c4 link state up\r\n[    1.825190] scsi host3: storvsc_host_t\r\n[    1.828053] scsi 3:0:1:0: Direct-Access     Msft     Virtual Disk     1.0  PQ: 0 ANSI: 4\r\n[    1.831187] sd 3:0:1:0: Attached scsi generic sg2 type 0\r\n[    1.833020] sd 3:0:1:0: [sdb] 14680064 512-byte logical blocks: (7.51 GB/7.00 GiB)\r\n[    1.835357] sd 3:0:1:0: [sdb] 4096-byte physical blocks\r\n[    1.840608] sd 3:0:1:0: [sdb] Write Protect is off\r\n[    1.842427] sd 3:0:1:0: [sdb] Write cache: enabled, read cache: enabled, supports DPO and FUA\r\n[    1.844400] psmouse serio1: trackpoint: failed to get extended button data\r\n[    1.848509]  sdb: sdb1\r\n[    1.850295] scsi host4: storvsc_host_t\r\n[    1.852681] scsi 4:0:0:0: scsi scan: INQUIRY result too short (5), using 36\r\n[    1.854602] scsi 4:0:0:1: scsi scan: INQUIRY result too short (5), using 36\r\n[    1.857021] scsi 4:0:1:0: scsi scan: INQUIRY result too short (5), using 36\r\n[    1.862348] scsi 4:0:1:1: scsi scan: INQUIRY result too short (5), using 36\r\n[    1.864076] sd 3:0:1:0: [sdb] Attached SCSI disk\r\n[    1.865680] scsi 4:1:0:0: scsi scan: INQUIRY result too short (5), using 36\r\n[    1.867509] scsi 4:1:0:1: scsi scan: INQUIRY result too short (5), using 36\r\n[    1.869345] scsi host5: storvsc_host_t\r\n[    1.871298] scsi 4:1:1:0: scsi scan: INQUIRY result too short (5), using 36\r\n[    1.872990] scsi 5:0:0:0: scsi scan: INQUIRY result too short (5), using 36\r\n[    1.874813] scsi 5:0:0:1: scsi scan: INQUIRY result too short (5), using 36\r\n[    1.876528] scsi 4:1:1:1: scsi scan: INQUIRY result too short (5), using 36\r\n[    1.878201] scsi 5:0:1:0: scsi scan: INQUIRY result too short (5), using 36\r\n[    1.879980] scsi 4:2:0:0: scsi scan: INQUIRY result too short (5), using 36\r\n[    1.882369] scsi 5:0:1:1: scsi scan: INQUIRY result too short (5), using 36\r\n[    1.883965] scsi 4:2:0:1: scsi scan: INQUIRY result too short (5), using 36\r\n[    1.885747] scsi 5:1:0:0: scsi scan: INQUIRY result too short (5), using 36\r\n[    1.887531] scsi 5:1:0:1: scsi scan: INQUIRY result too short (5), using 36\r\n[    1.889143] scsi 4:2:1:0: scsi scan: INQUIRY result too short (5), using 36\r\n[    1.890889] scsi 5:1:1:0: scsi scan: INQUIRY result too short (5), using 36\r\n[    1.892707] scsi 4:2:1:1: scsi scan: INQUIRY result too short (5), using 36\r\n[    1.894563] scsi 5:1:1:1: scsi scan: INQUIRY result too short (5), using 36\r\n[    1.896165] scsi 4:3:0:0: scsi scan: INQUIRY result too short (5), using 36\r\n[    1.897966] scsi 5:2:0:0: scsi scan: INQUIRY result too short (5), using 36\r\n[    1.899731] scsi 4:3:0:1: scsi scan: INQUIRY result too short (5), using 36\r\n[    1.901789] scsi 5:2:0:1: scsi scan: INQUIRY result too short (5), using 36\r\n[    1.903403] scsi 4:3:1:0: scsi scan: INQUIRY result too short (5), using 36\r\n[    1.905201] scsi 5:2:1:0: scsi scan: INQUIRY result too short (5), using 36\r\n[    1.906909] scsi 4:3:1:1: scsi scan: INQUIRY result too short (5), using 36\r\n[    1.911399] scsi 5:2:1:1: scsi scan: INQUIRY result too short (5), using 36\r\n[    1.912952] scsi 4:4:0:0: scsi scan: INQUIRY result too short (5), using 36\r\n[    1.914561] scsi 5:3:0:0: scsi scan: INQUIRY result too short (5), using 36\r\n[    1.916166] scsi 4:4:0:1: scsi scan: INQUIRY result too short (5), using 36\r\n[    1.917928] scsi 5:3:0:1: scsi scan: INQUIRY result too short (5), using 36\r\n[    1.919539] scsi 4:4:1:0: scsi scan: INQUIRY result too short (5), using 36\r\n[    1.921360] scsi 5:3:1:0: scsi scan: INQUIRY result too short (5), using 36\r\n[    1.923036] scsi 4:4:1:1: scsi scan: INQUIRY result too short (5), using 36\r\n[    1.924744] scsi 5:3:1:1: scsi scan: INQUIRY result too short (5), using 36\r\n[    1.926699] scsi 4:5:0:0: scsi scan: INQUIRY result too short (5), using 36\r\n[    1.928436] scsi 5:4:0:0: scsi scan: INQUIRY result too short (5), using 36\r\n[    1.930147] scsi 4:5:0:1: scsi scan: INQUIRY result too short (5), using 36\r\n[    1.931782] scsi 5:4:0:1: scsi scan: INQUIRY result too short (5), using 36\r\n[    1.933500] scsi 4:5:1:0: scsi scan: INQUIRY result too short (5), using 36\r\n[    1.935207] scsi 5:4:1:0: scsi scan: INQUIRY result too short (5), using 36\r\n[    1.936982] scsi 4:5:1:1: scsi scan: INQUIRY result too short (5), using 36\r\n[    1.938843] scsi 4:6:0:0: scsi scan: INQUIRY result too short (5), using 36\r\n[    1.940711] scsi 5:4:1:1: scsi scan: INQUIRY result too short (5), using 36\r\n[    1.942820] scsi 4:6:0:1: scsi scan: INQUIRY result too short (5), using 36\r\n[    1.945048] scsi 5:5:0:0: scsi scan: INQUIRY result too short (5), using 36\r\n[    1.947344] scsi 5:5:0:1: scsi scan: INQUIRY result too short (5), using 36\r\n[    1.949318] scsi 4:6:1:0: scsi scan: INQUIRY result too short (5), using 36\r\n[    1.951637] scsi 5:5:1:0: scsi scan: INQUIRY result too short (5), using 36\r\n[    1.953733] scsi 4:6:1:1: scsi scan: INQUIRY result too short (5), using 36\r\n[    1.955931] scsi 5:5:1:1: scsi scan: INQUIRY result too short (5), using 36\r\n[    1.957814] scsi 4:7:0:0: scsi scan: INQUIRY result too short (5), using 36\r\n[    1.975057] scsi 4:7:0:1: scsi scan: INQUIRY result too short (5), using 36\r\n[    1.978110] scsi 5:6:0:0: scsi scan: INQUIRY result too short (5), using 36\r\n[    1.980456] scsi 5:6:0:1: scsi scan: INQUIRY result too short (5), using 36\r\n[    1.982339] scsi 4:7:1:0: scsi scan: INQUIRY result too short (5), using 36\r\n[    1.984259] scsi 5:6:1:0: scsi scan: INQUIRY result too short (5), using 36\r\n[    1.985968] scsi 4:7:1:1: scsi scan: INQUIRY result too short (5), using 36\r\n[    1.987835] scsi 5:6:1:1: scsi scan: INQUIRY result too short (5), using 36\r\n[    1.989537] scsi 5:7:0:0: scsi scan: INQUIRY result too short (5), using 36\r\n[    1.991409] scsi 5:7:0:1: scsi scan: INQUIRY result too short (5), using 36\r\n[    1.993255] scsi 5:7:1:0: scsi scan: INQUIRY result too short (5), using 36\r\n[    1.995342] scsi 5:7:1:1: scsi scan: INQUIRY result too short (5), using 36\r\nBegin: Loading essential drivers ... done.\r\r\nBegin: Running /scripts/init-premount ... done.\r\r\nBegin: Mounting root file syste ... Begin: Running /scripts/local-top ... done.\r\r\nBegin: Running /scripts/local-premount ... done.\r\r\nBegin: Checking root file system ... fsck from util-linux 2.26.2\r\r\ncloudimg-rootfs: clean, 73537/245248 files, 351820/524032 blocks\r\r\ndone.\r\r\n[    3.377667] EXT4-fs (sda1): mounted filesystem with ordered data mode. Opts: (null)\r\ndone.\r\r\nBegin: Running scripts/local-bttom ... done.\r\r\nBegin: Running scripts/init-botom ... Warning: overlayroot: debug is usted\r\r\ndone.\r\r\n[    3.948155] systemd[1]: Failed to insert module 'kdbus': Function not implemented\r\n[    4.098793] systemd[1]: systemd 225 running in system mode. (+PAM +AUDIT +SELINUX +IMA +APPARMOR +SMACK +SYSVINIT +UTMP +LIBCRYPTSETUP +GCRYPT +GNUTLS +ACL +XZ -LZ4 +SECCOMP +BLKID -ELFUTILS +KMOD -IDN)\r\n[    4.102375] systemd[1]: Detected virtualization microsoft.\r\n[    4.103932] systemd[1]: Detected architecture x86-64.\r\n\r\r\nWelcome to \u001b[1mUbuntu 15.10\u001b[0m!\r[    4.113714] systemd[1]: Set hostname to <ubuntu>.\r\n\r\n[    4.116919] systemd[1]: Initializing machine ID from random generator.\r\n[    4.118556] systemd[1]: Installed transient /etc/machine-id file.\r\n\r\r\n-.mount\r\r\n[    4.364379] systemd[1]: sshd-keygen.service: Cannot add dependency job, ignoring: Unit sshd-keygen.service failed to load: No such file or directory.\r\n[    4.366678] systemd[1]: sshd-keygen.service: Cannot add dependency job, ignoring: Unit sshd-keygen.service failed to load: No such file or directory.\r\netc-machine\\x2did.mount\r\r\n[    4.376272] systemd[1]: display-manager.service: Cannot add dependency job, ignoring: Unit display-manager.service failed to load: No such file or directory.\r\n[    4.379491] systemd[1]: Set up automount Arbitrary Executable File Formats File System Automount Point.\r\n[[    4.384967] systemd[1]: Reached target Remote File Systems (Pre).\r\n\u001b[32m  OK  \u001b[0m] Set up automount Arbitrary Executab...ats FileSystem Automount Point.\r[    4.392628] systemd[1]: Reached target Swap.\r\n[    4.394588] systemd[1]: Created slice Root Slice.\r\n[    4.397056] systemd[1]: Created slice User and Session Slice.\r\n\r\n[    4.400766] systemd[1]: Listening on Journal Socket.\r\n[[    4.405413] systemd[1]: Listening on Journal Socket (/dev/log).\r\n\u001b[32m  OK  \u001b[0m] Reached target Remote File Sysems (Pre).\r[    4.412380] systemd[1]: Listening on /dev/initctl Compatibility Named Pipe.\r\n[    4.414395] systemd[1]: Listening on Journal Audit Socket.\r\n[    4.416150] systemd[1]: Started Forward Password Requests to Wall Directory Watch.\r\n\r\n[\u001b[32m  OK  \u001b[0m] Reached target Swap.\r[    4.421566] systemd[1]: Reached target User and Group Name Lookups.\r\n[    4.422931] systemd[1]: Listening on udev Control Socket.\r\n\r\n[\u001b[32m  OK  \u001b[0m] Created slice Root Slice.\r\r\n[\u001b[32m  OK  \u001b[0m] Created slice User and Session Slice.\r[    4.429895] systemd[1]: Reached target Encrypted Volumes.\r\n[    4.431873] systemd[1]: Created slice System Slice.\r\n[    4.434462] systemd[1]: Starting Setup Virtual Console...\r\n\r\n[    4.438356] systemd[1]: Created slice system-serial\\x2dgetty.slice.\r\n[\u001b[32m  OK  \u001b[0m] Listening on Journal Socket.\r\r\n[[    4.445619] systemd[1]: Mounting POSIX Message Queue File System...\r\n\u001b[32m  OK  \u001b[0m] Listening on Journal Socket (/dev/log).\r\r\n[\u001b[32m  OK  \u001b[0m] Listening on /dev/initctl Compatibility Named Pipe.\r[    4.460388] systemd[1]: Starting Load Kernel Modules...\r\n\r\n[\u001b[32m  OK  \u001b[0m] Listening on Journal Audit Socket.\r\r\n[    4.471059] systemd[1]: Starting Remount Root and Kernel File Systems...\r\n[    4.475383] systemd[1]: Created slice system-getty.slice.\r\n[\u001b[32m  OK  \u001b[0m] Started Forward Password Requests to Wall Directory Watch.\r[    4.481274] EXT4-fs (sda1): re-mounted. Opts: discard\r\n\r\n[\u001b[32m  OK  \u001b[0m] Reached target User and Group Name Lookups.\r\r\n[\u001b[32m  OK  \u001b[0m] Listening on udev Control Socket.\r[    4.490065] systemd[1]: Starting Increase datagram queue length...\r\n[    4.494423] systemd[1]: Mounting Debug File System...\r\n[    4.498695] systemd[1]: Mounting Huge Pages File System...\r\n\r\n[\u001b[32m  OK  \u001b[0m] Reached target Encrypted Volumes.\r[    4.506425] systemd[1]: Starting Uncomplicated firewall...\r\n\r\n[\u001b[32m  OK  \u001b[0m] Created slice System Slice.\r\r\n         Starting Setup Virtual Console...\r[    4.514151] systemd[1]: Reached target Slices.\r\n\r\n[\u001b[32m  OK  \u001b[0m] Created slice system-serial\\x2dgetty.slice.\r\r\n[    4.519573] systemd[1]: Listening on udev Kernel Socket.\r\n[    4.521842] systemd[1]: Starting udev Coldplug all Devices...\r\n[    4.525317] systemd[1]: Starting Create list of required static device nodes for the current kernel...\r\n[    4.534419] systemd[1]: Mounted Debug File System.\r\n         Mounting POSIX MessageQueue File Systm...\r[    4.540322] systemd[1]: Mounted Huge Pages File System.\r\n\r\n         Startig Load Kernel Mdules...\r[    4.544698] systemd[1]: Mounted POSIX Message Queue File System.\r\n[    4.547202] systemd[1]: Started Setup Virtual Console.\r\n\r\n         Starting Remount Root nd Kernel File ystems...\r\r\n[    4.553920] systemd[1]: Started Load Kernel Modules.\r\n[    4.560748] systemd[1]: Started Remount Root and Kernel File Systems.\r\n[\u001b[32m  OK  \u001b[0m] Created slice system-getty.slice.\r[    4.568964] systemd[1]: Started Increase datagram queue length.\r\n\r\n         Starting Increase datagram queue lengt...\r[    4.575352] systemd[1]: Started Uncomplicated firewall.\r\n\r\n         Mountig Debug File Sytem...\r\r\n[    4.581801] systemd[1]: Started Create list of required static device nodes for the current kernel.\r\n         Mounting Huge Pages File System...\r\r\n         Starting Uncomplicated firewall...\r\r\n[\u001b[32m  OK  \u001b[0m] Reached target Slices.\r\r\n[\u001b[32m  OK  \u001b[0m] Listening on udev Kernel Sockt.\r\r\n         Starting udev Coldplug all Devices...\r\r\n[    4.645606] systemd[1]: Starting Create Static Device Nodes in /dev...\r\n         Startig Create list of required st... nodes for the current kernel...\r\r\n[    4.657610] systemd[1]: Listening on Syslog Socket.\r\n[    4.659888] systemd[1]: Starting Journal Service...\r\n[    4.665665] systemd[1]: Starting Load/Save Random Seed...\r\n[    4.674736] systemd[1]: Starting Ensure /etc/mtab is a symlink to /proc/mounts...\r\n[    4.686656] systemd[1]: Starting Apply Kernel Variables...\r\n[    4.691393] systemd[1]: Mounting FUSE Control File System...\r\n[\u001b[32m  OK  \u001b[0m] Mounted Debug File System.\r\r\n[    4.701662] systemd[1]: Mounted FUSE Control File System.\r\n[\u001b[32m  OK  \u001b[0] Mounted Huge Pages File System.\r[    4.709363] systemd[1]: Started udev Coldplug all Devices.\r\n\r\n[    4.713382] systemd[1]: Started Load/Save Random Seed.\r\n[\u001b[32m  OK  \u001b[0m] Mounted POSIX Message Queue File System.\r[    4.720588] systemd[1]: Started Ensure /etc/mtab is a symlink to /proc/mounts.\r\n\r\n[\u001b[32m  OK  \u001b[0m] Started Setup Virtual Console\r\r\n[\u001b[32m  OK  \u001b[0m] Started Load Kernel Modules.\r\r\n[\u001b[32m  OK  \u001b[0m] Started Remount Root and Kernel File Systems.\r\r\n[\u001b[32m  OK  \u001b[0m] Started Increse datagram queue length.\r\r\n[\u001b[32m  OK  \u001b[0m] Started Uncomplicated firewall.\r\r\n[\u001b[32m  OK  \u001b[0m] Started Creat list of requird sta...ce node for the current kernel.\r\r\n         Starting Create Static Device Nodes in /dev...\r\r\n[\u001b[32m  OK  \u001b[0m] Listening on Syslog Socket.\r\r\n         Starting Journal Service...\r\r\n         Starting Load/Save Random Seed...\r\r\n         Starting Ensure /etc/mtab is a symlink to /proc/mounts...\r\r\n         Starting Apply Kernel Variables...\r\r\n         Mounting FUSE Control ile System...\r\r\n[\u001b[32m  OK  \u001b[0m] Mounted FUSE Control File System.\r\r\n[\u001b[32m  OK  \u001b[0m] Started udev Coldplug all Devices.\r\r\n[\u001b[32m  OK  \u001b[0m] Started Load/Save Random Seed.\r\r\n[\u001b[32m  OK  \u001b[0m] Started Ensure /etc/mtab is a symlink to /proc/mounts.\r\r\n[\u001b[32m  OK  \u001b[0m] Started Apply Kernel Variables.\r\r\n[\u001b[32m  OK  \u001b[0m] Started Create Static Device Nodes in /dev.\r\r\n         Starting udev Kernel Device Manager...\r\r\n[\u001b[32m  OK  \u001b[0m] Started Journal Service.\r\r\n         Starting Flush Journal to Persistent Storage...\r\r\n[\u001b[32m  OK  \u001b[0] Started FlushJournal to Persstent Storage.\r\r\nsys-kernel-debug.mount\r\r\n[\u001b[32m  OK  \u001b[0m] Started udev ernel Device Maager.\r\r\n[\u001b[32m  OK  \u001b[0m] Reached target Local File Sysems (Pre).\r\r\n         Mountig /etc/network/nterfaces.dynamc.d...\r\r\n[\u001b[32m  OK  \u001b[0m] Mounted /etc/network/interfaces.dynamic.d.\r\r\n[\u001b[32m  OK  \u001b[0m] Reached target Local File Systems.\r\r\n         Starting Clean up any mess left by 0dns-up...\r\r\n         Starting Wait for all \"auto\" /etc/n... up for network-online.target...\r\r\n         Starting Tell Plymouth To Write Out Runtime Data...\r\r\n         Starting Commit a transient machine-id on disk...\r\r\n         Starting LSB: AppArmor initialization...\r\r\n[\u001b[32m  OK  \u001b[0m] Reached target Remote File Systems.\r\r\n         Starting Create Volatile Files and Dirctories...\r\r\n         Startig Set console kymap...\r\r\ndev-hugepages.mount\r\r\n[\u001b[32m  OK  \u001b[0m] Started Commit a transient machine-id on disk.\r\r\n[\u001b[32m  OK  \u001b[0m] Started Clean up any mess left by 0dns-up.\r\r\n         Starting Nameserver information manager...\r\r\n[\u001b[32m  OK  \u001b[0m] Started Creat Volatile Files and Directories.\r\r\n         Starting Update UTMP about System Boot/Shutdown...\r\r\n         Starting Network Time Synchronization...\r\r\n[\u001b[32m  OK  \u001b[0m] Started Nameserver information manager.\r\r\n[\u001b[32m  OK  \u001b[0m] Started Update UTMP about System Boot/Shutdown.\r\r\n[\u001b[32m  OK  \u001b[0m] Started Network Time Synchronization.\r\r\n[\u001b[32m  OK  \u001b[0m] Reached target System Time Synchronized.\r\r\ndev-mqueue.mount\r\r\n[\u001b[32m  OK  \u001b[0m] Started Set console keymap.\r\r\nsystemd-vconsole-setup.service\r\r\nsystemd-modules-load.service\r\r\nsystemd-remount-fs.service\r\r\nsystemd-setup-dgram-qlen.service\r\r\nufw.service\r\r\nkmod-static-nodes.service\r\r\nsys-fs-fuse-connections.mount\r\r\nsystemd-udev-trgger.service\r\r\nsystemd-random-eed.service\r\r\ndebian-fixup.sevice\r\r\nsystemd-sysctl.ervice\r\r\nsystemd-tmpfiles-setup-dev.service\r\r\nsystemd-journald.service\r\r\nsystemd-journal-flush.service\r\r\nsystemd-udevd.service\r\r\netc-network-interfaces.dynamic.d.mount\r\r\nsystemd-machine-id-commit.service\r\r\nsystemd-tmpfile-setup.service\r\r\n[\u001b[32m  OK  \u001b[0m] Started Tell Plymouth To Write Out Runtime Data.\r\r\nresolvconf.service\r\r\nsystemd-update-utmp.service\r\r\nsystemd-timesyncd.service\r\r\n[    5.625611] piix4_smbus 0000:00:07.3: SMBus base address uninitialized - upgrade BIOS or use force_addr=0xaddr\r\n[\u001b[32m  OK  \u001b[0m] Found device /dev/ttyS0.\r\r\n[\u001b[32m  OK  \u001b[0m] Created slice ystem-ifup.slic.\r\r\n[\u001b[32m  OK  \u001b[0m] Found device /sys/subsystem/net/devices/eth0.\r\r\n[    6.057989] intel_rapl: no valid rapl domains found in package 0\r\n[\u001b[32m  OK  \u001b[0m] Started LSB: AppArmor initialization.\r\r\n         Starting LSB: Raise network interfaces....\r\r\n[\u001b[32m  OK  \u001b[0m] Started ifup for eth0.\r\r\napparmor.service\r\r\nifup@eth0.service\r\r\n[\u001b[32m  OK  \u001b[0m] Started LSB: Raise network interfaces..\r\r\n[\u001b[32m  OK  \u001b[0m] Reached target Network.\r\r\n[\u001b[32m  OK  \u001b[0m] Reached target System Initialization.\r\r\n[\u001b[32m  OK  \u001b[0m] Listening on ACPID Listen Socket.\r\r\n[\u001b[32m  OK  \u001b[0m] Started Trigger resolvconf update for networkd DNS.\r\r\n[\u001b[32m  OK  \u001b[0m] Reached target Paths.\r\r\n         Starting lxd-unix.socket.\r\r\n[\u001b[32m  OK  \u001b[0m] Listening on D-Bus System Message Bus Socket.\r\r\n[\u001b[32m  OK  \u001b[0m] Listening on UUID daemon activation socket.\r\r\n[\u001b[32m  OK  \u001b[0] Started Daily Cleanup of Temporary Directories.\r\r\n[\u001b[32m  OK  \u001b[0m] Reached target Timers.\r\r\n         Starting Seed the pseudo random number generator on first boot...\r\r\n[\u001b[32m  OK  \u001b[0m] Listening on lxd-unix.socket.\r\r\n[\u001b[32m  OK  \u001b[0m] Reached target Sockets.\r\r\n[\u001b[32m  OK  \u001b[0m] Reached target Basic System.\r\r\n         Starting Restore /etc/resolv.conf i...e the ppp link was shut down....\r\r\n         Starting System Logging Service...\r\r\n[\u001b[32m  OK  \u001b[0m] Started Regular background program processing daemon.\r\r\n         Starting LSB: automatic crash report generation...\r\r\n[\u001b[32m  OK  \u001b[0m] Started D-Bus System Message Bus.\r\r\nnetworking.service\r\r\ncron.service\r\r\n         dbus.service\r\r\nStarting Initial cloud-init job (pre-networking)...\r\r\n[\u001b[32m  OK  \u001b[0m] Started Hyper-V File Copy Protocol Daemon.\r\r\n         Starting LSB: Set the CPU Frequency Scaling governor to \"ondemand\"...\r\r\n[\u001b[32m  OK  \u001b[0m] Started Cgrou management daeon.\r\r\n[\u001b[32m  OK  \u001b[0] Started FUSE ilesystem for LC.\r\r\n         Starting Accounts Service...\r\r\n         Starting Thermal Daemon Service...\r\r\n         Starting Login Service...\r\r\n         Starting LSB: Record successful boot for GRUB...\r\r\n[\u001b[32m  OK  \u001b[0m] Started Deferred execution scheduler.\r\r\n[\u001b[32m  OK  \u001b[0m] Started Hyper-V KVP Protocol Daemon.\r\r\n         Starting LSB: Starts the Micro Name Service Cache Daemon...\r\r\n[\u001b[32m  OK  \u001b[0m] Started Hyper-V VSS Protocol Daemon.\r\r\n         Starting LSB: daemon to balance interrupts for SMP systems...\r\r\n[\u001b[32m  OK  \u001b[0m] Started Wait for all \"auto\" /etc/ne...be up for network-online.target.\r\r\n[\u001b[32m  OK  \u001b[0m] Started Restore /etc/resolv.conf if...ore the ppp link was shut down..\r\r\n[\u001b[32m  OK  \u001b[0m] Started LSB: automatic crash report generation.\r\r\n[\u001b[32m  OK  \u001b[0m] Reached target Network is Online.\r\r\n         Starting /etc/rc.local Compatibility...\r\r\n         Starting LXC network bridge setup...\r\r\nhv-fcopy-daemon.service\r\r\n[\u001b[32m  OK  \u001b[0] Started /etc/rc.local Compatibility.\r\r\n[\u001b[32m  OK  \u001b[0m] Started System Logging Service.\r\r\n[\u001b[32m  OK  \u001b[0m] Started Login Service.\r\r\n[\u001b[32m  OK  \u001b[0m] Started LSB: Set the CPU Frequency Scaling governor to \"ondemand\".\r\r\n[\u001b[32m  OK  \u001b[0m] Started LSB: Starts the Micro Name Service Cache Daemon.\r\r\ncgmanager.service\r\r\nlxcfs.service\r\r\natd.service\r\r\nhv-kvp-daemon.srvice\r\r\nhv-vss-daemon.srvice\r\r\nifup-wait-all-ato.service\r\r\napport.service\r\r\nrun-cgmanager-f.mount\r\r\nrc-local.servic\r\r\nrsyslog.service\r\r\nvar-lib-lxcfs.munt\r\r\nsystemd-logind.ervice\r\r\nondemand.servic\r\r\nunscd.service\r\r\n[\u001b[32m  OK  \u001b[0m] Started LSB: Record successful boot for GRUB.\r\r\ngrub-common.service\r\r\n[\u001b[32m  OK  \u001b[0m] Started LSB: daemon to balance interrupts for SMP systems.\r\r\nirqbalance.servce\r\r\n[\u001b[32m  OK  \u001b[0m] Started Thermal Daemon Service.\r\r\nthermald.servic\r\r\n         Starting Authenticate and Authorize Users to Run Privileged Tasks...\r\r\n[\u001b[32m  OK  \u001b[0m] Started Authenticate and Authorize Users to Run Privileged Tasks.\r\r\n[\u001b[32m  OK  \u001b[0m] Started Accounts Service.\r\r\npolkitd.service\r\r\naccounts-daemon.service\r\r\n[\u001b[32m  OK  \u001b[0m] Started LXC network bridge setup.\r\r\n         Starting LXC Container Initialization and Autoboot Code...\r\r\nlxc-net.service\r\r\n[\u001b[32m  OK  \u001b[0m] Started LXC Container Initialization and Autoboot Code.\r\r\n         Starting Container hypervisor based on LXC - boot time check...\r\r\nlxc.service\r\r\n[\u001b[32m  OK  \u001b[0m] Started Container hypervisor based on LXC - boot time check.\r\r\n[   12.848494] cloud-init[770]: Cloud-init v. 0.7.7 running 'init-local' at Tue, 29 Mar 2016 06:59:26 +0000. Up 12.70 seconds.\r\r\n[\u001b[32m  OK  \u001b[0m] Started Initial cloud-init job (pre-networking).\r\r\n         Starting Initial cloud-init job (metadata service crawler)...\r\r\ncloud-init-local.service\r\r\n[   13.460271] blk_update_request: I/O error, dev fd0, sector 0\r\n[   13.500275] blk_update_request: I/O error, dev fd0, sector 0\r\ntmp-tmpwj10rggu.mount\r\r\n[   13.643467] cloud-init[992]: + i=eth0\r\n[   13.648949] cloud-init[992]: + x=0\r\r\n[   13.649330] loud-init[992]:+ ifdown eth0\r\r\n[   13.677936] cloud-init[992]: Killed old client process\r\r\n[\u001b[1;31mFAILED\u001b[0m] Failed to strt Seed the pseudo random number generator on first boot.\r\r\nSee 'systemctl status pollinateservice' for deails.\r\r\n[   14.690664] cloud-init[992]: Internet Systems Consortium DHCP Client 4.3.1\r\r\n[   14.695525] cloud-init[992]: Copyright 2004-2014 Internet Systems Consortium.\r\r\n[   14.695877] cloud-init[992]: All rights reserved.\r\r\n[   14.699549] cloud-init[992]: For info, please visit https://www.isc.org/software/dhcp/\r\r\n[   14.699908] cloud-init[992]: Listening on LPF/eth0/00:0d:3a:00:08:c4\r\r\n[   14.700282] cloud-init[992]: Sending on   LPF/eth0/00:0d:3a:00:08:c4\r\r\n[   14.700615] cloud-init[992]: Sending on   Socket/fallback\r\r\n[   14.733055] cloud-init[992]:DHCPRELEASE on th0 to 168.63.19.16 port 67 (xd=0x3caeba4f)\r\r\n[   14.787920] cloud-init[992]: + ifup eh0\r\r\n[   14.812096] cloud-init[992]: Internet Systes Consortium DHCP Client 4.3.1\r\r\n[   14.816941] cloud-init[992]: Copyrigh 2004-2014 Intenet Systems Conortium.\r\r\n[   14.821350] cloud-init[992]:All rights reseved.\r\r\n[   14.822144] loud-init[992]:For info, pleas visit https://ww.isc.org/softare/dhcp/\r\r\n[   14.838613] cloud-init[992]: Listening on LP/eth0/00:0d:3a:0:08:c4\r\r\n[   14.839439] cloud-init[992]: Sending on   LP/eth0/00:0d:3a:0:08:c4\r\r\n[   14.846326] cloud-init[992]: Sending on   Socket/fallback\r\r\n[   14.847177] cloud-init[992]: DHCPDISCOVER on eth0 to 255.255.255.255 port 67 interval 3 (xid=0xd38cb655)\r\r\n[   14.899283] cloud-init[992]:DHCPREQUEST of 10.0.0.4 on eth0to 255.255.255.55 port 67 (xid0x55b68cd3)\r\r\n[   14.899664] cloud-init[992]: DHCPOFFER of 10.0.0.4 from 168.63.129.16\r\r\n[   14.937126] cloud-init[992]:DHCPACK of 10.00.4 from 168.63129.16\r\r\n[   14.987251] cloud-init[992]: bound to 10.0.0.4 -- renewal in 4294967295 seconds.\r\r\n[   15.011440] cloud-init[992]: + exit 0\r\r\n[\u001b[32m  OK  \u001b[0m] Started Azure Linux Agent.\r\r\nwalinuxagent.service\r\r\n2016/03/29 06:59:29.375965 INFO Azure Linux Agent Version:2.1.2\r\r\n2016/03/29 06:59:29.380552 INFO OS: ubuntu 15.10\r\r\n2016/03/29 06:59:29.380764 INFO Python: 3.4.3\r\r\n2016/03/29 06:59:29.381013 INFO Send dhcp request\r\r\n2016/03/29 06:59:29.450040 INFO Wire server endpoint:168.63.129.16\r\r\n2016/03/29 06:59:29.454660 INFO Gateway:10.0.0.1\r\r\n2016/03/29 06:59:29.454909 INFO Routes:None\r\r\n2016/03/29 06:59:29.455204 INFO Configure routes\r\r\n2016/03/29 06:59:29.457412 INFO Detect default protocol.\r\r\n2016/03/29 06:59:29.555125 INFO Fabric preferred wire protocol ersion:2015-04-05\r\r\n2016/03/29 06:5:29.561364 INFO Wire protocol vrsion:2012-11-30\r\r\n2016/03/29 06:5:29.561564 WARNNG Server prefeed version:201504-05\r\r\n2016/03/29 06:59:29.561767 INFO Last request issued less than 1 second ago\r\r\n2016/03/29 06:59:29.561960 INFO Sleep 1 second to avoid throttling.\r\r\n2016/03/29 06:59:30.570909 INFO Sleep 1 second to avoid throttling.\r\r\n2016/03/29 06:59:31.584845 INFO Last request isued less than 1 second ago\r\r\n2016/03/29 06:59:31.590985 INFO Sleep 1 second to avoid throttling.\r\r\n2016/03/29 06:59:32.641490 INFO Sleep 1 second o avoid throttlng.\r\r\n[   18.804209] blk_update_request: I/O error, dev fd0, sector 0\r\n[   18.844268] blk_update_request: I/O error, dev fd0, sector 0\r\ntmp-tmpcl3840_o.mount\r\r\n2016/03/29 06:5:33.654618 INFO Protocol V1 found.\r\r\n2016/03/29 06:5:33.659577 INFO Protocol V2 found.\r\r\n2016/03/29 06:59:33.660509 INFO run Ubuntu provision handler\r\r\n2016/03/29 06:5:33.668651 INFO Waiting cloud-iit to finish prvisioning.\r\r\n2016/03/29 06:5:33.669078 INFOWait for ssh hot key to be genrated.\r\r\n2016/03/29 06:5:33.670229 INFOWait for ssh hot key be generated: /etc/ssh/ssh_host_rsa_key\r\r\n2016/03/29 06:59:33.690149 INFO Event: name=WALA, op=HeartBeat, message=\r\r\n[   20.850136] cloud-init[992]: Cloud-init v. 0.7.7 running 'init' at Tue, 29 Mar 2016 06:59:27 +0000. Up 13.25 seconds.\r\r\n[   20.856502] cloud-init[992]: ci-info: ++++++++++++++++++++++++++++++++++++++Net device info++++++++++++++++++++++++++++++++++++++\r\r\n[   20.856803] cloud-init[992]: ci-info: +--------+------+-----------------------------+--------------+-------------------------+\r\r\n[   20.857066] cloud-init[992]: ci-info: | Device |  Up  |          Address           |      Mask     | Scope |     Hw-Address    |\r\r\n[   20.857326] cloud-init[992]: ci-info: +--------+------+-----------------------------+---------------+-------+-------------------+\r\r\n[   20.857661] cloud-init[992]: ci-info: |   lo   | True |          127.0.0.1          |   255.0.0.0   |   .   |         .         |\r\r\n[   20.857917] cloud-init[992]: ci-info: |   lo   | True |           ::1/128           |       .       |  host |         .         |\r\r\n[   20.858169] cloud-init[992]: ci-info: | lxcbr0 | True |           10.0.1.1          | 255.255.255.0 |   .   | 0e:8f:42:db:b9:4f |\r\r\n[   20.858417] cloud-init[992]: ci-info: | lxcbr0 | True | fe80::c8f:42ff:fedb:b94f/64 |       .       |  link | 0e:8f:42:db:b9:4f |\r\r\n[   20.858681] cloud-init[992] ci-info: |  eth0  | True |          10.0.0.4          | 255.255.255.0 |   .   | 00:0d:3a:00:08:c4 |\r\r\n[   20.863333] cloud-init[992]: ci-info: |  eth0  | True |  fe80::20d:3aff:fe00:8c4/64 |       .       |  link | 00:0d:3a:00:08:c4 |\r\r\n[   20.863595] cloud-init[992]: ci-info: +--------+------+-----------------------------+---------------+-------+-------------------+\r\r\n[   20.863842] cloud-init[992]:ci-info: +++++++++++++++++++++++++++Route IPv info++++++++++++++++++++++++++++\r\r\n[   20.875953] loud-init[992]:ci-info: +------+---------------+----------+----------------+-----------+------+\r\r\n[   20.876336] cloud-init[992]:ci-info: | Route |  Destination  | Gateway  |    Genmask     | Interface | Flags |\r\r\n[   20.876621] cloud-init[992]: ci-info: +-------+---------------+----------+-----------------+-----------+-------+\r\r\n[   20.876878] cloud-init[992]: ci-info: |   0   |    0.0.0.0    | 10.0.0.1 |     0.0.0.0     |    eth0   |   UG  |\r\r\n[   20.877130] cloud-init[992]: ci-info: |   1   |    10.0.0.0   | 0.0.0.0  |  255.255.255.0  |    eth0   |   U   |\r\r\n[   20.877381] cloud-init[992]: ci-info: |   2   |    10.0.1.0   | 0.0.0.0  |  255.255.255.0  |   lxcbr0  |   U   |\r\r\n[   20.877643] cloud-init[992]: ci-info: |   3   | 168.63.129.16 | 10.0.0.1 | 255.255.255.255 |    eth0   |  UGH  |\r\r\n[   20.877890] cloud-init[992]: ci-info: +-------+---------------+----------+-----------------+-----------+-------+\r\r\n[   20.878158] cloud-init[992]: Generating public/private rsa key pair.\r\r\n[   20.878411] cloud-init[992]: Your identification has been saved in /etc/ssh/ssh_host_rsa_key.\r\r\n[   20.878672] cloud-init[992]: Your public key has been saved in /etc/ssh/ssh_host_rsa_key.pub.\r\r\n[   20.878920] cloud-init[992]: The key fingerprint is:\r\r\n[   20.879167] cloud-init[992]: SHA256:5KHjZmB0Od9cuwEMBX5z6F5adj7/do94O4LCkiPLRsI root@xplatvm\r\r\n[   20.879409] cloud-init[992]: The key's randomart image is:\r\r\n[   20.879664] cloud-init[992]: +---[RSA 2048]----+\r\r\n[   20.879905] cloud-init[992]: |        oo.      |\r\r\n[   20.880182] cloud-init[992]: |       o o .     |\r\r\n[   20.880423] cloud-init[992]: |    . + + * o    |\r\r\n[   20.880680] cloud-init[992]: |   . . * * = .   |\r\r\n[   20.880922] cloud-init[992]: | .  o o S + * .  |\r\r\n[   20.890287] cloud-init[992]: |  E..o . . = =   |\r\r\n[   20.890569] cloud-init[992]: |   o  +o  o.. o  |\r\r\n[   20.890828] cloud-init[992]: |   .oo+ o . ..o+o|\r\r\n[   20.891078] cloud-init[992]: |   .oo o .  .oo+B|\r\r\n[   20.891325] cloud-init[992]: +----[SHA256]-----+\r\r\n[   20.891590] cloud-init[992]: Generating public/private dsa key pair.\r\r\n[   20.891841] cloud-init[992]: Your identification has been saved in /etc/ssh/ssh_host_dsa_key.\r\r\n[   20.892117] cloud-init[992]: Your public key has been saved in /etc/ssh/ssh_host_dsa_key.pub.\r\r\n[   20.892371] cloud-init[992]: The key fingerprint is:\r\r\n[   20.892643] cloud-init[992]: SHA256:TM0cHlWaFN9ULsRECOhgQnchs/o+D0erEI4QSPsvoJ4 root@xplatvm\r\r\n[   20.892889] cloud-init[992]: The key's randomart image is:\r\r\n[   20.893131] cloud-init[992]: +---[DSA 1024]----+\r\r\n[   20.893371] cloud-init[992]: | . .. + oo+o+B= +|\r\r\n[   20.893623] cloud-init[992]: |o . ..o=.= +.=.+ |\r\r\n[   20.903080] cloud-init[992]: |o.   o.o. = o o o|\r\r\n[   20.903424] cloud-init[992]: | ..  . o.      . |\r\r\n[   20.903705] cloud-init[992]: |.. .o   S        |\r\r\n[   20.903958] cloud-init[992]: |...o.o . .       |\r\r\n[   20.904244] cloud-init[992]: |. ..o.o o        |\r\r\n[   20.904494] cloud-init[992]: |. . .o.+         |\r\r\n[   20.904784] cloud-init[992]: | E    oo.        |\r\r\n[   20.905030] cloud-init[992]: +----[SHA256]-----+\r\r\n[   20.905272] cloud-init[992]: Generating public/private ecdsa key pair.\r\r\n[   20.905516] cloud-init[992]: Your identification has been saved in /etc/ssh/ssh_host_ecdsa_key.\r\r\n[   20.905784] cloud-init[992]:Your public keyhas been saved n /etc/ssh/ssh_ost_ecdsa_key.pub.\r\r\n[   20.908030] loud-init[992]: The key fingerprint is:\r\r\n[   20.908306] cloud-init[992]: SHA256:/4ij8+atwd+mxzdmnlEqYV5VrvPolpFy2aMZ0hfG7ZI root@xplatvm\r\r\n[   20.908579] cloud-init[992]: The key's randomart image is:\r\r\n[   20.908831] cloud-init[992]: +---[ECDSA 256]---+\r\r\n[   20.909078] cloud-init[992]: |               .|\r\r\n[   20.909321] cloud-init[992]:|               ..|\r\r\n[   20.909576] cloud-init[992]: |              . +|\r\r\n[   20.915194] loud-init[992]: |               *.|\r\r\n[   20.915534] cloud-init[992]: |        S   + =*o|\r\r\n[   20.916030] cloud-init[992]: |       . . +.=EOo|\r\r\n[   20.920031] cloud-init[992]: |        o ..+oO+o|\r\r\n[   20.920343] cloud-init[992]:|      . o= ++=Bo |\r\r\n[   20.926447] cloud-init[992]: |      .*=o=+o*+. |\r\r\n[   20.926729] cloud-init[992]: +----[SHA256]-----+\r\r\n[   20.927285] cloud-init[992]: Generating public/private ed25519 key pair.\r\r\n[   20.927536] cloud-init[992]: Your identification has been saved in /etc/ssh/ssh_host_ed25519_key.\r\r\n[   20.927802] cloud-init[992]: Your public key has been saved in /etc/ssh/ssh_host_ed25519_key.pub.\r\r\n[   20.928076] cloud-init[992]: The key fingerprint is:\r\r\n[   20.928325] cloud-init[992]: SHA256:DKxzcMvCGeJzjzSSLQkFIwvMcxbp82dTLOfiGVxWo2g root@xplatvm\r\r\n[   20.928582] cloud-init[992]: The key's randomart image is:\r\r\n[   20.928837] cloud-init[992]: +--[ED25519 256]--+\r\r\n[   20.929085] cloud-init[992]: |B...o            |\r\r\n[   20.929328] cloud-init[992]: |oB + .     o     |\r\r\n[   20.929580] cloud-init[992]: |o * o + o o .    |\r\r\n[   20.929821] cloud-init[992]: | o O B E B       |\r\r\n[   20.930059] cloud-init[992]: |  B & * S        |\r\r\n[   20.930298] cloud-init[992]: |   * O B .       |\r\r\n[   20.937328] cloud-init[992]: |    . = =        |\r\r\n[   20.937646] cloud-init[992]: |       o         |\r\r\n[   20.937907] cloud-init[992]: |                 |\r\r\n[   20.938178] cloud-init[992]: +----[SHA256]-----+\r\r\n[\u001b[32m  OK  \u001b[0m] Started Initial cloud-init job (metadata service crawler).\r\r\n[\u001b[32m  OK  \u001b[0m] Reached target Cloud-config availability.\r\r\n         Starting Apply the settings specified in cloud-config...\r\r\n         Starting Permit User Sessions...\r\r\n[\u001b[32m  OK  \u001b[0m] Started OpenBSD Secure Shell server.\r\r\n[\u001b[32m  OK  \u001b[0m] Started Permit User Sessions.\r\r\n         Starting Terminate Plymouth Boot Screen...\r\r\n         Starting Wait for Plymouth Boot Screen to Quit...\r\r\ncloud-init.service\r\r\nssh.service\r\r\nsystemd-user-sessions.service\r\r\n2016/03/29 06:5:38.681982 INFOFinished provisioning\r\n2016/03/29 06:59:40.305757 INFO Sleep 1 second to avoid throttling.\r\n[   26.732783] cloud-init[1316]: Generating locales...\r\n[   26.786208] cloud-init[1316]: en_US.UTF-8... up-to-date\r\n[   26.810155] cloud-init[1316]: Generation compete.\r\n2016/03/29 06:59:41.327990 INFO Start env monitor service.\r\n2016/03/29 06:59:41.343969 INFO Set block dev timeout: sda with timeout: 300\r\n2016/03/29 06:59:41.353587 INFO Set block dev timeout: sdb with timeout: 300\r\n[   27.736087] cloud-init[1316]: Cloud-init v. 0.7.7 running 'modules:config' at Tue, 29 Mar 2016 06:59:35 +0000. Up 21.73 seconds.\r\n\r\r\nUbuntu 15.10 xplatvm ttyS0\r\n\r\nxplatvm login: ci-info: ++Authorized keys from /home/azureuser/.ssh/authorized_keys for user azureuser+++\r\nci-info: +---------+-------------------------------------------------+---------+---------+\r\nci-info: | Keytype |                Fingerprint (md5)                | Options | Comment |\r\nci-info: +---------+-------------------------------------------------+---------+---------+\r\nci-info: | ssh-rsa | 8f:df:8f:18:ba:cd:cc:63:7c:1f:ea:ae:ba:09:40:65 |    -    |    -    |\r\nci-info: +---------+-------------------------------------------------+---------+---------+\r\n<14>Mar 29 06:59:42 ec2: \r\n<14>Mar 29 06:59:42 ec2: #############################################################\r\n<14>Mar 29 06:59:42 ec2: -----BEGIN SSH HOST KEY FINGERPRINTS-----\r\n<14>Mar 29 06:59:42 ec2: 1024 SHA256:TM0cHlWaFN9ULsRECOhgQnchs/o+D0erEI4QSPsvoJ4 root@xplatvm (DSA)\r\n<14>Mar 29 06:59:42 ec2: 256 SHA256:/4ij8+atwd+mxzdmnlEqYV5VrvPolpFy2aMZ0hfG7ZI root@xplatvm (ECDSA)\r\n<14>Mar 29 06:59:42 ec2: 256 SHA256:DKxzcMvCGeJzjzSSLQkFIwvMcxbp82dTLOfiGVxWo2g root@xplatvm (ED25519)\r\n<14>Mar 29 06:59:42 ec2: 2048 SHA256:5KHjZmB0Od9cuwEMBX5z6F5adj7/do94O4LCkiPLRsI root@xplatvm (RSA)\r\n<14>Mar 29 06:59:42 ec2: -----END SSH HOST KEY FINGERPRINTS-----\r\n<14>Mar 29 06:59:42 ec2: #############################################################\r\n-----BEGIN SSH HOST KEY KEYS-----\r\necdsa-sha2-nistp256 AAAAE2VjZHNhLXNoYTItbmlzdHAyNTYAAAAIbmlzdHAyNTYAAABBBExMd63uTdoluoQCAxZMiL5o8BRZh/hkPzT+mrMfctKrOkkU9jE4N8XVPx0vyH8JOJ9HO15yJBTsJKX0tG/IDc4= root@xplatvm\r\nssh-ed25519 AAAAC3NzaC1lZDI1NTE5AAAAIGA2ZxssS2VFsZxcMvEyXrE5f3pcGevwSE80Am1zaV0e root@xplatvm\r\nssh-rsa AAAAB3NzaC1yc2EAAAADAQABAAABAQDTs+X/+T2moOU0T0/1U4rHrCRSBfke9bCr6piNk9zh6e4WO4ogH7Lqir2s469ojCFOozqEtIOFJ9J//1ii279O5ICuTRSDDZPOGTGsT9tuJM3jxVD8M1H6Gtp3WrEmk+XjPPTgLfpTQwJsWbl6dOKPtdt40Oz87ga7Pj0esfJeOyVOZqBkh7YOKYG7x9TKhOQnsVEeIz1NY5ZViIws+pbw97zgPKG3WYQDgctiSEBQClRkYzF8rYnkxiZP9yIRj0jYEgfDzGYLGGCUiIphl2xc01sCWZdDTC8ONUifFYC5p41qk1cIR4wzhetILLyHJeS1Z7PLdWSs/cGqd84mLSu1 root@xplatvm\r\n-----END SSH HOST KEY KEYS-----\r\n[   28.451482] cloud-init[1432]: Cloud-init v. 0.7.7 running 'modules:final' at Tue, 29 Mar 2016 06:59:42 +0000. Up 28.12 seconds.\r\n[   28.474216] cloud-init[1432]: Cloud-init v. 0.7.7 finished at Tue, 29 Mar 2016 06:59:42 +0000. Datasource DataSourceAzureNet [seed=/dev/sr0].  Up 28.43 seconds\r\n\u0000\u0000\u0000\u0000\u0000\u0000\u0000\u0000\u0000\u0000\u0000\u0000\u0000\u0000\u0000\u0000\u0000\u0000\u0000\u0000\u0000\u0000\u0000\u0000\u0000\u0000\u0000\u0000\u0000\u0000\u0000\u0000\u0000\u0000\u0000\u0000\u0000\u0000\u0000\u0000\u0000\u0000\u0000\u0000\u0000\u0000\u0000\u0000\u0000\u0000\u0000\u0000\u0000\u0000\u0000\u0000\u0000\u0000\u0000\u0000\u0000\u0000\u0000\u0000\u0000\u0000\u0000", { 'content-length': '60416',
  'content-type': 'text/plain',
  'last-modified': 'Tue, 29 Mar 2016 06:59:59 GMT',
  'accept-ranges': 'bytes',
  etag: '"0x8D3579FBE272FE5"',
  server: 'Windows-Azure-Blob/1.0 Microsoft-HTTPAPI/2.0',
  'x-ms-request-id': '00e55715-0001-00e7-2188-89e090000000',
  'x-ms-version': '2015-02-21',
  'x-ms-lease-status': 'unlocked',
  'x-ms-lease-state': 'available',
  'x-ms-blob-type': 'PageBlob',
  'x-ms-blob-sequence-number': '0',
  date: 'Tue, 29 Mar 2016 07:00:24 GMT',
  connection: 'close' });
 return result; },
function (nock) { 
var result = 
nock('https://clisto1787056522xplatvm.blob.core.windows.net:443')
  .get('/bootdiagnostics-xplatvm-6a8f9501-3fd6-44ae-858a-b8641a3f1222/xplatvm.6a8f9501-3fd6-44ae-858a-b8641a3f1222.serialconsole.log')
