// This file has been autogenerated.

var profile = require('../../../lib/util/profile');

exports.getMockedProfile = function () {
  var newProfile = new profile.Profile();

  newProfile.addSubscription(new profile.Subscription({
    id: 'e33f361b-53c2-4cc7-b829-78906708387b',
    managementCertificate: {
      key: 'mockedKey',
      cert: 'mockedCert'
    },
    name: 'Microsoft Azure Internal Consumption',
    user: {
      name: 'user@domain.example',
      type: 'servicePrincipal'
    },
    tenantId: '72f988bf-86f1-41af-91ab-2d7cd011db47',
    state: 'Enabled',
    registeredProviders: [],
    isDefault: true
  }, newProfile.environments['AzureCloud']));

  return newProfile;
};

exports.setEnvironment = function() {
  process.env['AZURE_VM_TEST_LOCATION'] = 'southeastasia';
  process.env['SSHCERT'] = 'test/myCert.pem';
};

exports.scopes = [[function (nock) { 
var result = 
nock('http://management.azure.com:443')
  .get('/subscriptions/e33f361b-53c2-4cc7-b829-78906708387b/resourceGroups/xplatTestZVMCreate2543/providers/Microsoft.Compute/virtualMachines/xplatvm?$expand=instanceView&api-version=2016-03-30')
  .reply(200, "{\r\n  \"properties\": {\r\n    \"vmId\": \"bd8724b0-c648-4526-990c-06d2c4eb9035\",\r\n    \"availabilitySet\": {\r\n      \"id\": \"/subscriptions/e33f361b-53c2-4cc7-b829-78906708387b/resourceGroups/xplatTestZVMCreate2543/providers/Microsoft.Compute/availabilitySets/XPLATTESTZVMAVAIL2929\"\r\n    },\r\n    \"hardwareProfile\": {\r\n      \"vmSize\": \"Standard_DS1\"\r\n    },\r\n    \"storageProfile\": {\r\n      \"imageReference\": {\r\n        \"publisher\": \"canonical\",\r\n        \"offer\": \"UbuntuServer\",\r\n        \"sku\": \"15.10\",\r\n        \"version\": \"latest\"\r\n      },\r\n      \"osDisk\": {\r\n        \"osType\": \"Linux\",\r\n        \"name\": \"cli59fdb36dbca27af8-os-1461854126447\",\r\n        \"createOption\": \"FromImage\",\r\n        \"vhd\": {\r\n          \"uri\": \"https://xplatteststorage13735.blob.core.windows.net/xplatteststoragecnt15260/cli59fdb36dbca27af8-os-1461854126447.vhd\"\r\n        },\r\n        \"caching\": \"ReadWrite\"\r\n      },\r\n      \"dataDisks\": []\r\n    },\r\n    \"osProfile\": {\r\n      \"computerName\": \"xplatvm\",\r\n      \"adminUsername\": \"azureuser\",\r\n      \"linuxConfiguration\": {\r\n        \"disablePasswordAuthentication\": false,\r\n        \"ssh\": {\r\n          \"publicKeys\": [\r\n            {\r\n              \"path\": \"/home/azureuser/.ssh/authorized_keys\",\r\n              \"keyData\": \"MIID/zCCAuegAwIBAgIJAMUAa+XVLvAeMA0GCSqGSIb3DQEBBQUAMIGVMQswCQYD\\r\\nVQQGEwJJbjESMBAGA1UECAwJS2FybmF0YWthMRIwEAYDVQQHDAlCYW5nYWxvcmUx\\r\\nEDAOBgNVBAoMB2JyaWxsaW8xEjAQBgNVBAsMCW1pY3Jvc29mdDEQMA4GA1UEAwwH\\r\\nYnJpbGxpbzEmMCQGCSqGSIb3DQEJARYXc3JlZWthbnRoYnNAeWFob28uY28uaW4w\\r\\nHhcNMTUwMzA1MTE1MzEyWhcNMTYwMzA0MTE1MzEyWjCBlTELMAkGA1UEBhMCSW4x\\r\\nEjAQBgNVBAgMCUthcm5hdGFrYTESMBAGA1UEBwwJQmFuZ2Fsb3JlMRAwDgYDVQQK\\r\\nDAdicmlsbGlvMRIwEAYDVQQLDAltaWNyb3NvZnQxEDAOBgNVBAMMB2JyaWxsaW8x\\r\\nJjAkBgkqhkiG9w0BCQEWF3NyZWVrYW50aGJzQHlhaG9vLmNvLmluMIIBIjANBgkq\\r\\nhkiG9w0BAQEFAAOCAQ8AMIIBCgKCAQEAyUNKaOuT0NK+S8Ck81zy9xJ6hXfZvAC6\\r\\nlhbmf/6s/WVimJ/TX5NMhQJwC9k6ZIF92KfYrojHNvHDufSZ3EtKUVwRFCDjmgMT\\r\\nDL09WkGaZt7gROYFK0iZ4KrYGovUwlwum9fHB24OJiOV4bi0ek62/rHx9fjYZpvp\\r\\naIH2PV/hN8SCZ0x7HJMberD4gVoU/Kv42nNvwjLUW6IZfVx/Gv5OeFDtWHfSvUEF\\r\\ndadHKTPn3Ab20Iu6gZIbLO9Vuf38/IpaYGfnFCouHdzmiTiLieYNe3CUPcOJNSv7\\r\\n1G8KYpx3uNJRkJPab5OsRyJw75Gvzkr9OgaPss9tVD6Gt68u3WQtVQIDAQABo1Aw\\r\\nTjAdBgNVHQ4EFgQUogvhXB+xZ2JJPfLO6cVs4ForzscwHwYDVR0jBBgwFoAUogvh\\r\\nXB+xZ2JJPfLO6cVs4ForzscwDAYDVR0TBAUwAwEB/zANBgkqhkiG9w0BAQUFAAOC\\r\\nAQEAdDj7qUNJ45xlF5cjd+4x5NHvAD1VTjOKu+Xh/uzSSjXqB2F0aOMWA9lx0qaQ\\r\\noJgHkGxj3zz/W7ik/cVGL2O+vRIOKv/y0OPogEmS3Hw+P+O6OGE7x1G6YN0zLVoL\\r\\nu4BN/BEYmjttxM9I7qqL7C5cJoE+K3s/w1/pt/68ohJcr7F9Ohi7cso62xuGY1Rm\\r\\nksAh2EUDsU9JV/P+C9AMpLSrb03JJYzVj4w1RHbrmw2AjFyGXdQYkggyXisg+Ifr\\r\\n5gbNN7HigpHf7b2i3CQBUqp9m23frh5AhnLI2qp3UXgc52U5ieLdi/t6j0TTZqqY\\r\\nHhHqofKrj938HHlBNpC5/LVh3w==\\r\\n\"\r\n            }\r\n          ]\r\n        }\r\n      },\r\n      \"secrets\": []\r\n    },\r\n    \"networkProfile\": {\"networkInterfaces\":[{\"id\":\"/subscriptions/e33f361b-53c2-4cc7-b829-78906708387b/resourceGroups/xplatTestZVMCreate2543/providers/Microsoft.Network/networkInterfaces/xplattestnic\"}]},\r\n    \"diagnosticsProfile\": {\r\n      \"bootDiagnostics\": {\r\n        \"enabled\": true,\r\n        \"storageUri\": \"https://clisto2383713853xplatvm.blob.core.windows.net/\"\r\n      }\r\n    },\r\n    \"provisioningState\": \"Succeeded\",\r\n    \"instanceView\": {\r\n      \"platformUpdateDomain\": 0,\r\n      \"platformFaultDomain\": 0,\r\n      \"vmAgent\": {\r\n        \"vmAgentVersion\": \"2.1.3\",\r\n        \"statuses\": [\r\n          {\r\n            \"code\": \"ProvisioningState/succeeded\",\r\n            \"level\": \"Info\",\r\n            \"displayStatus\": \"Ready\",\r\n            \"message\": \"Guest Agent is running\",\r\n            \"time\": \"2016-04-28T14:39:16+00:00\"\r\n          }\r\n        ],\r\n        \"extensionHandlers\": []\r\n      },\r\n      \"disks\": [\r\n        {\r\n          \"name\": \"cli59fdb36dbca27af8-os-1461854126447\",\r\n          \"statuses\": [\r\n            {\r\n              \"code\": \"ProvisioningState/succeeded\",\r\n              \"level\": \"Info\",\r\n              \"displayStatus\": \"Provisioning succeeded\",\r\n              \"time\": \"2016-04-28T14:37:33.9197127+00:00\"\r\n            }\r\n          ]\r\n        }\r\n      ],\r\n      \"bootDiagnostics\": {\r\n        \"consoleScreenshotBlobUri\": \"https://clisto2383713853xplatvm.blob.core.windows.net/bootdiagnostics-xplatvm-bd8724b0-c648-4526-990c-06d2c4eb9035/xplatvm.bd8724b0-c648-4526-990c-06d2c4eb9035.screenshot.bmp\",\r\n        \"serialConsoleLogBlobUri\": \"https://clisto2383713853xplatvm.blob.core.windows.net/bootdiagnostics-xplatvm-bd8724b0-c648-4526-990c-06d2c4eb9035/xplatvm.bd8724b0-c648-4526-990c-06d2c4eb9035.serialconsole.log\"\r\n      },\r\n      \"statuses\": [\r\n        {\r\n          \"code\": \"ProvisioningState/succeeded\",\r\n          \"level\": \"Info\",\r\n          \"displayStatus\": \"Provisioning succeeded\",\r\n          \"time\": \"2016-04-28T14:38:52.4056137+00:00\"\r\n        },\r\n        {\r\n          \"code\": \"PowerState/running\",\r\n          \"level\": \"Info\",\r\n          \"displayStatus\": \"VM running\"\r\n        }\r\n      ]\r\n    }\r\n  },\r\n  \"id\": \"/subscriptions/e33f361b-53c2-4cc7-b829-78906708387b/resourceGroups/xplatTestZVMCreate2543/providers/Microsoft.Compute/virtualMachines/xplatvm\",\r\n  \"name\": \"xplatvm\",\r\n  \"type\": \"Microsoft.Compute/virtualMachines\",\r\n  \"location\": \"southeastasia\",\r\n  \"tags\": {\r\n    \"a\": \"b\",\r\n    \"b\": \"c\",\r\n    \"d\": \"\"\r\n  }\r\n}", { 'cache-control': 'no-cache',
  pragma: 'no-cache',
  'content-length': '5223',
  'content-type': 'application/json; charset=utf-8',
  expires: '-1',
  'strict-transport-security': 'max-age=31536000; includeSubDomains',
  'x-ms-served-by': 'dce02487-9cda-4782-8138-773eb1573792_131062170979747812',
  'x-ms-request-id': 'a8917b5e-71ee-40e4-a51d-9e15dcb43c83',
  server: 'Microsoft-HTTPAPI/2.0, Microsoft-HTTPAPI/2.0',
  'x-ms-ratelimit-remaining-subscription-reads': '14995',
  'x-ms-correlation-request-id': 'f95b31eb-47c2-4e19-b983-982afd119fca',
  'x-ms-routing-request-id': 'CENTRALUS:20160428T143928Z:f95b31eb-47c2-4e19-b983-982afd119fca',
  date: 'Thu, 28 Apr 2016 14:39:27 GMT',
  connection: 'close' });
 return result; },
function (nock) { 
var result = 
nock('https://management.azure.com:443')
  .get('/subscriptions/e33f361b-53c2-4cc7-b829-78906708387b/resourceGroups/xplatTestZVMCreate2543/providers/Microsoft.Compute/virtualMachines/xplatvm?$expand=instanceView&api-version=2016-03-30')
  .reply(200, "{\r\n  \"properties\": {\r\n    \"vmId\": \"bd8724b0-c648-4526-990c-06d2c4eb9035\",\r\n    \"availabilitySet\": {\r\n      \"id\": \"/subscriptions/e33f361b-53c2-4cc7-b829-78906708387b/resourceGroups/xplatTestZVMCreate2543/providers/Microsoft.Compute/availabilitySets/XPLATTESTZVMAVAIL2929\"\r\n    },\r\n    \"hardwareProfile\": {\r\n      \"vmSize\": \"Standard_DS1\"\r\n    },\r\n    \"storageProfile\": {\r\n      \"imageReference\": {\r\n        \"publisher\": \"canonical\",\r\n        \"offer\": \"UbuntuServer\",\r\n        \"sku\": \"15.10\",\r\n        \"version\": \"latest\"\r\n      },\r\n      \"osDisk\": {\r\n        \"osType\": \"Linux\",\r\n        \"name\": \"cli59fdb36dbca27af8-os-1461854126447\",\r\n        \"createOption\": \"FromImage\",\r\n        \"vhd\": {\r\n          \"uri\": \"https://xplatteststorage13735.blob.core.windows.net/xplatteststoragecnt15260/cli59fdb36dbca27af8-os-1461854126447.vhd\"\r\n        },\r\n        \"caching\": \"ReadWrite\"\r\n      },\r\n      \"dataDisks\": []\r\n    },\r\n    \"osProfile\": {\r\n      \"computerName\": \"xplatvm\",\r\n      \"adminUsername\": \"azureuser\",\r\n      \"linuxConfiguration\": {\r\n        \"disablePasswordAuthentication\": false,\r\n        \"ssh\": {\r\n          \"publicKeys\": [\r\n            {\r\n              \"path\": \"/home/azureuser/.ssh/authorized_keys\",\r\n              \"keyData\": \"MIID/zCCAuegAwIBAgIJAMUAa+XVLvAeMA0GCSqGSIb3DQEBBQUAMIGVMQswCQYD\\r\\nVQQGEwJJbjESMBAGA1UECAwJS2FybmF0YWthMRIwEAYDVQQHDAlCYW5nYWxvcmUx\\r\\nEDAOBgNVBAoMB2JyaWxsaW8xEjAQBgNVBAsMCW1pY3Jvc29mdDEQMA4GA1UEAwwH\\r\\nYnJpbGxpbzEmMCQGCSqGSIb3DQEJARYXc3JlZWthbnRoYnNAeWFob28uY28uaW4w\\r\\nHhcNMTUwMzA1MTE1MzEyWhcNMTYwMzA0MTE1MzEyWjCBlTELMAkGA1UEBhMCSW4x\\r\\nEjAQBgNVBAgMCUthcm5hdGFrYTESMBAGA1UEBwwJQmFuZ2Fsb3JlMRAwDgYDVQQK\\r\\nDAdicmlsbGlvMRIwEAYDVQQLDAltaWNyb3NvZnQxEDAOBgNVBAMMB2JyaWxsaW8x\\r\\nJjAkBgkqhkiG9w0BCQEWF3NyZWVrYW50aGJzQHlhaG9vLmNvLmluMIIBIjANBgkq\\r\\nhkiG9w0BAQEFAAOCAQ8AMIIBCgKCAQEAyUNKaOuT0NK+S8Ck81zy9xJ6hXfZvAC6\\r\\nlhbmf/6s/WVimJ/TX5NMhQJwC9k6ZIF92KfYrojHNvHDufSZ3EtKUVwRFCDjmgMT\\r\\nDL09WkGaZt7gROYFK0iZ4KrYGovUwlwum9fHB24OJiOV4bi0ek62/rHx9fjYZpvp\\r\\naIH2PV/hN8SCZ0x7HJMberD4gVoU/Kv42nNvwjLUW6IZfVx/Gv5OeFDtWHfSvUEF\\r\\ndadHKTPn3Ab20Iu6gZIbLO9Vuf38/IpaYGfnFCouHdzmiTiLieYNe3CUPcOJNSv7\\r\\n1G8KYpx3uNJRkJPab5OsRyJw75Gvzkr9OgaPss9tVD6Gt68u3WQtVQIDAQABo1Aw\\r\\nTjAdBgNVHQ4EFgQUogvhXB+xZ2JJPfLO6cVs4ForzscwHwYDVR0jBBgwFoAUogvh\\r\\nXB+xZ2JJPfLO6cVs4ForzscwDAYDVR0TBAUwAwEB/zANBgkqhkiG9w0BAQUFAAOC\\r\\nAQEAdDj7qUNJ45xlF5cjd+4x5NHvAD1VTjOKu+Xh/uzSSjXqB2F0aOMWA9lx0qaQ\\r\\noJgHkGxj3zz/W7ik/cVGL2O+vRIOKv/y0OPogEmS3Hw+P+O6OGE7x1G6YN0zLVoL\\r\\nu4BN/BEYmjttxM9I7qqL7C5cJoE+K3s/w1/pt/68ohJcr7F9Ohi7cso62xuGY1Rm\\r\\nksAh2EUDsU9JV/P+C9AMpLSrb03JJYzVj4w1RHbrmw2AjFyGXdQYkggyXisg+Ifr\\r\\n5gbNN7HigpHf7b2i3CQBUqp9m23frh5AhnLI2qp3UXgc52U5ieLdi/t6j0TTZqqY\\r\\nHhHqofKrj938HHlBNpC5/LVh3w==\\r\\n\"\r\n            }\r\n          ]\r\n        }\r\n      },\r\n      \"secrets\": []\r\n    },\r\n    \"networkProfile\": {\"networkInterfaces\":[{\"id\":\"/subscriptions/e33f361b-53c2-4cc7-b829-78906708387b/resourceGroups/xplatTestZVMCreate2543/providers/Microsoft.Network/networkInterfaces/xplattestnic\"}]},\r\n    \"diagnosticsProfile\": {\r\n      \"bootDiagnostics\": {\r\n        \"enabled\": true,\r\n        \"storageUri\": \"https://clisto2383713853xplatvm.blob.core.windows.net/\"\r\n      }\r\n    },\r\n    \"provisioningState\": \"Succeeded\",\r\n    \"instanceView\": {\r\n      \"platformUpdateDomain\": 0,\r\n      \"platformFaultDomain\": 0,\r\n      \"vmAgent\": {\r\n        \"vmAgentVersion\": \"2.1.3\",\r\n        \"statuses\": [\r\n          {\r\n            \"code\": \"ProvisioningState/succeeded\",\r\n            \"level\": \"Info\",\r\n            \"displayStatus\": \"Ready\",\r\n            \"message\": \"Guest Agent is running\",\r\n            \"time\": \"2016-04-28T14:39:16+00:00\"\r\n          }\r\n        ],\r\n        \"extensionHandlers\": []\r\n      },\r\n      \"disks\": [\r\n        {\r\n          \"name\": \"cli59fdb36dbca27af8-os-1461854126447\",\r\n          \"statuses\": [\r\n            {\r\n              \"code\": \"ProvisioningState/succeeded\",\r\n              \"level\": \"Info\",\r\n              \"displayStatus\": \"Provisioning succeeded\",\r\n              \"time\": \"2016-04-28T14:37:33.9197127+00:00\"\r\n            }\r\n          ]\r\n        }\r\n      ],\r\n      \"bootDiagnostics\": {\r\n        \"consoleScreenshotBlobUri\": \"https://clisto2383713853xplatvm.blob.core.windows.net/bootdiagnostics-xplatvm-bd8724b0-c648-4526-990c-06d2c4eb9035/xplatvm.bd8724b0-c648-4526-990c-06d2c4eb9035.screenshot.bmp\",\r\n        \"serialConsoleLogBlobUri\": \"https://clisto2383713853xplatvm.blob.core.windows.net/bootdiagnostics-xplatvm-bd8724b0-c648-4526-990c-06d2c4eb9035/xplatvm.bd8724b0-c648-4526-990c-06d2c4eb9035.serialconsole.log\"\r\n      },\r\n      \"statuses\": [\r\n        {\r\n          \"code\": \"ProvisioningState/succeeded\",\r\n          \"level\": \"Info\",\r\n          \"displayStatus\": \"Provisioning succeeded\",\r\n          \"time\": \"2016-04-28T14:38:52.4056137+00:00\"\r\n        },\r\n        {\r\n          \"code\": \"PowerState/running\",\r\n          \"level\": \"Info\",\r\n          \"displayStatus\": \"VM running\"\r\n        }\r\n      ]\r\n    }\r\n  },\r\n  \"id\": \"/subscriptions/e33f361b-53c2-4cc7-b829-78906708387b/resourceGroups/xplatTestZVMCreate2543/providers/Microsoft.Compute/virtualMachines/xplatvm\",\r\n  \"name\": \"xplatvm\",\r\n  \"type\": \"Microsoft.Compute/virtualMachines\",\r\n  \"location\": \"southeastasia\",\r\n  \"tags\": {\r\n    \"a\": \"b\",\r\n    \"b\": \"c\",\r\n    \"d\": \"\"\r\n  }\r\n}", { 'cache-control': 'no-cache',
  pragma: 'no-cache',
  'content-length': '5223',
  'content-type': 'application/json; charset=utf-8',
  expires: '-1',
  'strict-transport-security': 'max-age=31536000; includeSubDomains',
  'x-ms-served-by': 'dce02487-9cda-4782-8138-773eb1573792_131062170979747812',
  'x-ms-request-id': 'a8917b5e-71ee-40e4-a51d-9e15dcb43c83',
  server: 'Microsoft-HTTPAPI/2.0, Microsoft-HTTPAPI/2.0',
  'x-ms-ratelimit-remaining-subscription-reads': '14995',
  'x-ms-correlation-request-id': 'f95b31eb-47c2-4e19-b983-982afd119fca',
  'x-ms-routing-request-id': 'CENTRALUS:20160428T143928Z:f95b31eb-47c2-4e19-b983-982afd119fca',
  date: 'Thu, 28 Apr 2016 14:39:27 GMT',
  connection: 'close' });
 return result; },
function (nock) { 
var result = 
nock('http://management.azure.com:443')
  .post('/subscriptions/e33f361b-53c2-4cc7-b829-78906708387b/resourceGroups/xplatTestZVMCreate2543/providers/Microsoft.Storage/storageAccounts/clisto2383713853xplatvm/listKeys?api-version=2016-01-01')
  .reply(200, "{\"keys\":[{\"keyName\":\"key1\",\"permissions\":\"Full\",\"value\":\"43Fty37ZqTppixClocFSE9Pm9JwjPRnJ3s0WeLoUnZb//q9BA9dCSH/yihexZHPc4XgR+qIWlnHoItWoE91etA==\"},{\"keyName\":\"key2\",\"permissions\":\"Full\",\"value\":\"voxsNtCUvTM4Cl41M/xdSoa2zKejA3F8zz+u37aEAfltmx/6Ckbe2kkb5KouSopgdYZ35Y4noM4TErunKljY8g==\"}]}\n", { 'cache-control': 'no-cache',
  pragma: 'no-cache',
  'content-length': '289',
  'content-type': 'application/json',
  expires: '-1',
  'x-ms-request-id': '72c390d2-560c-4c45-82f4-11183e0c4101',
  server: 'Microsoft-Azure-Storage-Resource-Provider/1.0, Microsoft-HTTPAPI/2.0',
  'x-ms-ratelimit-remaining-subscription-writes': '1199',
  'x-ms-correlation-request-id': '72c390d2-560c-4c45-82f4-11183e0c4101',
  'x-ms-routing-request-id': 'CENTRALUS:20160428T143929Z:72c390d2-560c-4c45-82f4-11183e0c4101',
  'strict-transport-security': 'max-age=31536000; includeSubDomains',
  date: 'Thu, 28 Apr 2016 14:39:28 GMT',
  connection: 'close' });
 return result; },
function (nock) { 
var result = 
nock('https://management.azure.com:443')
  .post('/subscriptions/e33f361b-53c2-4cc7-b829-78906708387b/resourceGroups/xplatTestZVMCreate2543/providers/Microsoft.Storage/storageAccounts/clisto2383713853xplatvm/listKeys?api-version=2016-01-01')
  .reply(200, "{\"keys\":[{\"keyName\":\"key1\",\"permissions\":\"Full\",\"value\":\"43Fty37ZqTppixClocFSE9Pm9JwjPRnJ3s0WeLoUnZb//q9BA9dCSH/yihexZHPc4XgR+qIWlnHoItWoE91etA==\"},{\"keyName\":\"key2\",\"permissions\":\"Full\",\"value\":\"voxsNtCUvTM4Cl41M/xdSoa2zKejA3F8zz+u37aEAfltmx/6Ckbe2kkb5KouSopgdYZ35Y4noM4TErunKljY8g==\"}]}\n", { 'cache-control': 'no-cache',
  pragma: 'no-cache',
  'content-length': '289',
  'content-type': 'application/json',
  expires: '-1',
  'x-ms-request-id': '72c390d2-560c-4c45-82f4-11183e0c4101',
  server: 'Microsoft-Azure-Storage-Resource-Provider/1.0, Microsoft-HTTPAPI/2.0',
  'x-ms-ratelimit-remaining-subscription-writes': '1199',
  'x-ms-correlation-request-id': '72c390d2-560c-4c45-82f4-11183e0c4101',
  'x-ms-routing-request-id': 'CENTRALUS:20160428T143929Z:72c390d2-560c-4c45-82f4-11183e0c4101',
  'strict-transport-security': 'max-age=31536000; includeSubDomains',
  date: 'Thu, 28 Apr 2016 14:39:28 GMT',
  connection: 'close' });
 return result; },
function (nock) { 
var result = 
nock('http://clisto2383713853xplatvm.blob.core.windows.net:443')
  .head('/bootdiagnostics-xplatvm-bd8724b0-c648-4526-990c-06d2c4eb9035/xplatvm.bd8724b0-c648-4526-990c-06d2c4eb9035.serialconsole.log')
  .reply(200, "", { 'content-length': '60416',
  'content-type': 'text/plain',
  'last-modified': 'Thu, 28 Apr 2016 14:38:58 GMT',
  'accept-ranges': 'bytes',
  etag: '"0x8D36F72D53791C9"',
  server: 'Windows-Azure-Blob/1.0 Microsoft-HTTPAPI/2.0',
  'x-ms-request-id': '7a64af92-0001-0027-345b-a12a87000000',
  'x-ms-version': '2015-02-21',
  'x-ms-write-protection': 'false',
  'x-ms-lease-status': 'unlocked',
  'x-ms-lease-state': 'available',
  'x-ms-blob-type': 'PageBlob',
  'x-ms-blob-sequence-number': '0',
  date: 'Thu, 28 Apr 2016 14:39:29 GMT',
  connection: 'close' });
 return result; },
function (nock) { 
var result = 
nock('https://clisto2383713853xplatvm.blob.core.windows.net:443')
  .head('/bootdiagnostics-xplatvm-bd8724b0-c648-4526-990c-06d2c4eb9035/xplatvm.bd8724b0-c648-4526-990c-06d2c4eb9035.serialconsole.log')
  .reply(200, "", { 'content-length': '60416',
  'content-type': 'text/plain',
  'last-modified': 'Thu, 28 Apr 2016 14:38:58 GMT',
  'accept-ranges': 'bytes',
  etag: '"0x8D36F72D53791C9"',
  server: 'Windows-Azure-Blob/1.0 Microsoft-HTTPAPI/2.0',
  'x-ms-request-id': '7a64af92-0001-0027-345b-a12a87000000',
  'x-ms-version': '2015-02-21',
  'x-ms-write-protection': 'false',
  'x-ms-lease-status': 'unlocked',
  'x-ms-lease-state': 'available',
  'x-ms-blob-type': 'PageBlob',
  'x-ms-blob-sequence-number': '0',
  date: 'Thu, 28 Apr 2016 14:39:29 GMT',
  connection: 'close' });
 return result; },
function (nock) { 
var result = 
nock('http://clisto2383713853xplatvm.blob.core.windows.net:443')
  .get('/bootdiagnostics-xplatvm-bd8724b0-c648-4526-990c-06d2c4eb9035/xplatvm.bd8724b0-c648-4526-990c-06d2c4eb9035.serialconsole.log')
  .reply(200, "\u001b[H\u001b[J\u001b[1;1H[    0.000000] Initializing cgroup subsys cpuset\r\n[    0.000000] Initializing cgroup subsys cpu\r\n[    0.000000] Initializing cgroup subsys cpuacct\r\n[    0.000000] Linux version 4.2.0-35-generic (buildd@lgw01-43) (gcc version 5.2.1 20151010 (Ubuntu 5.2.1-22ubuntu2) ) #40-Ubuntu SMP Tue Mar 15 22:15:45 UTC 2016 (Ubuntu 4.2.0-35.40-generic 4.2.8-ckt5)\r\n[    0.000000] Command line: BOOT_IMAGE=/boot/vmlinuz-4.2.0-35-generic root=UUID=e76b11a1-29e0-4279-a7de-dac4f6de393a ro console=tty1 console=ttyS0 earlyprintk=ttyS0 rootdelay=300\r\n[    0.000000] KERNEL supported cpus:\r\n[    0.000000]   Intel GenuineIntel\r\n[    0.000000]   AMD AuthenticAMD\r\n[    0.000000]   Centaur CentaurHauls\r\n[    0.000000] x86/fpu: xstate_offset[2]: 0240, xstate_sizes[2]: 0100\r\n[    0.000000] x86/fpu: Supporting XSAVE feature 0x01: 'x87 floating point registers'\r\n[    0.000000] x86/fpu: Supporting XSAVE feature 0x02: 'SSE registers'\r\n[    0.000000] x86/fpu: Supporting XSAVE feature 0x04: 'AVX registers'\r\n[    0.000000] x86/fpu: Enabled xstate features 0x7, context size is 0x340 bytes, using 'standard' format.\r\n[    0.000000] x86/fpu: Using 'eager' FPU context switches.\r\n[    0.000000] e820: BIOS-provided physical RAM map:\r\n[    0.000000] BIOS-e820: [mem 0x0000000000000000-0x000000000009fbff] usable\r\n[    0.000000] BIOS-e820: [mem 0x000000000009fc00-0x000000000009ffff] reserved\r\n[    0.000000] BIOS-e820: [mem 0x00000000000e0000-0x00000000000fffff] reserved\r\n[    0.000000] BIOS-e820: [mem 0x0000000000100000-0x000000001ffeffff] usable\r\n[    0.000000] BIOS-e820: [mem 0x000000001fff0000-0x000000001fffefff] ACPI data\r\n[    0.000000] BIOS-e820: [mem 0x000000001ffff000-0x000000001fffffff] ACPI NVS\r\n[    0.000000] BIOS-e820: [mem 0x0000000100000000-0x00000001bfffffff] usable\r\n[    0.000000] bootconsole [earlyser0] enabled\r\n[    0.000000] NX (Execute Disable) protection: active\r\n[    0.000000] SMBIOS 2.3 present.\r\n[    0.000000] Hypervisor detected: Microsoft HyperV\r\n[    0.000000] HyperV: features 0xe7f, hints 0x2c\r\n[    0.000000] HyperV: LAPIC Timer Frequency: 0xc3500\r\n[    0.000000] clocksource: hyperv_clocksource: mask: 0xffffffffffffffff max_cycles: 0x24e6a1710, max_idle_ns: 440795202120 ns\r\n[    0.000000] tsc: Marking TSC unstable due to running on Hyper-V\r\n[    0.000000] e820: last_pfn = 0x1c0000 max_arch_pfn = 0x400000000\r\n[    0.000000] x86/PAT: Configuration [0-7]: WB  WC  UC- UC  WB  WC  UC- WT  \r\n[    0.000000] e820: last_pfn = 0x1fff0 max_arch_pfn = 0x400000000\r\n[    0.000000] found SMP MP-table at [mem 0x000ff780-0x000ff78f] mapped at [ffff8800000ff780]\r\n[    0.000000] Scanning 1 areas for low memory corruption\r\n[    0.000000] init_memory_mapping: [mem 0x00000000-0x000fffff]\r\n[    0.000000] init_memory_mapping: [mem 0x1bfe00000-0x1bfffffff]\r\n[    0.000000] init_memory_mapping: [mem 0x1a0000000-0x1bfdfffff]\r\n[    0.000000] init_memory_mapping: [mem 0x00100000-0x1ffeffff]\r\n[    0.000000] init_memory_mapping: [mem 0x100000000-0x19fffffff]\r\n[    0.000000] RAMDISK: [mem 0x1d9d3000-0x1f7a1fff]\r\n[    0.000000] ACPI: Early table checksum verification disabled\r\n[    0.000000] ACPI: RSDP 0x00000000000F56F0 000014 (v00 ACPIAM)\r\n[    0.000000] ACPI: RSDT 0x000000001FFF0000 000040 (v01 VRTUAL MICROSFT 05001223 MSFT 00000097)\r\n[    0.000000] ACPI: FACP 0x000000001FFF0200 000081 (v02 VRTUAL MICROSFT 05001223 MSFT 00000097)\r\n[    0.000000] ACPI: DSDT 0x000000001FFF1724 002E78 (v01 MSFTVM MSFTVM02 00000002 INTL 02002026)\r\n[    0.000000] ACPI: FACS 0x000000001FFFF000 000040\r\n[    0.000000] ACPI: WAET 0x000000001FFF1480 000028 (v01 VRTUAL MICROSFT 05001223 MSFT 00000097)\r\n[    0.000000] ACPI: SLIC 0x000000001FFF14C0 000176 (v01 VRTUAL MICROSFT 05001223 MSFT 00000097)\r\n[    0.000000] ACPI: OEM0 0x000000001FFF16C0 000064 (v01 VRTUAL MICROSFT 05001223 MSFT 00000097)\r\n[    0.000000] ACPI: SRAT 0x000000001FFF0600 000090 (v02 VRTUAL MICROSFT 00000001 MSFT 00000001)\r\n[    0.000000] ACPI: APIC 0x000000001FFF0300 00024C (v01 VRTUAL MICROSFT 05001223 MSFT 00000097)\r\n[    0.000000] ACPI: OEMB 0x000000001FFFF040 000064 (v01 VRTUAL MICROSFT 05001223 MSFT 00000097)\r\n[    0.000000] SRAT: PXM 0 -> APIC 0x00 -> Node 0\r\n[    0.000000] SRAT: Node 0 PXM 0 [mem 0x00000000-0x1fffffff]\r\n[    0.000000] SRAT: Node 0 PXM 0 [mem 0x100000000-0x1bfffffff]\r\n[    0.000000] NUMA: Node 0 [mem 0x00000000-0x1fffffff] + [mem 0x100000000-0x1bfffffff] -> [mem 0x00000000-0x1bfffffff]\r\n[    0.000000] NODE_DATA(0) allocated [mem 0x1bfffa000-0x1bfffefff]\r\n[    0.000000] Zone ranges:\r\n[    0.000000]   DMA      [mem 0x0000000000001000-0x0000000000ffffff]\r\n[    0.000000]   DMA32    [mem 0x0000000001000000-0x00000000ffffffff]\r\n[    0.000000]   Normal   [mem 0x0000000100000000-0x00000001bfffffff]\r\n[    0.000000] Movable zone start for each node\r\n[    0.000000] Early memory node ranges\r\n[    0.000000]   node   0: [mem 0x0000000000001000-0x000000000009efff]\r\n[    0.000000]   node   0: [mem 0x0000000000100000-0x000000001ffeffff]\r\n[    0.000000]   node   0: [mem 0x0000000100000000-0x00000001bfffffff]\r\n[    0.000000] Initmem setup node 0 [mem 0x0000000000001000-0x00000001bfffffff]\r\n[    0.000000] ACPI: PM-Timer IO Port: 0x408\r\n[    0.000000] IOAPIC[0]: apic_id 0, version 17, address 0xfec00000, GSI 0-23\r\n[    0.000000] ACPI: INT_SRC_OVR (bus 0 bus_irq 0 global_irq 2 dfl dfl)\r\n[    0.000000] ACPI: INT_SRC_OVR (bus 0 bus_irq 9 global_irq 9 high level)\r\n[    0.000000] Using ACPI (MADT) for SMP configuration information\r\n[    0.000000] smpboot: Allowing 64 CPUs, 63 hotplug CPUs\r\n[    0.000000] PM: Registered nosave memory: [mem 0x00000000-0x00000fff]\r\n[    0.000000] PM: Registered nosave memory: [mem 0x0009f000-0x0009ffff]\r\n[    0.000000] PM: Registered nosave memory: [mem 0x000a0000-0x000dffff]\r\n[    0.000000] PM: Registered nosave memory: [mem 0x000e0000-0x000fffff]\r\n[    0.000000] PM: Registered nosave memory: [mem 0x1fff0000-0x1fffefff]\r\n[    0.000000] PM: Registered nosave memory: [mem 0x1ffff000-0x1fffffff]\r\n[    0.000000] PM: Registered nosave memory: [mem 0x20000000-0xffffffff]\r\n[    0.000000] e820: [mem 0x20000000-0xffffffff] available for PCI devices\r\n[    0.000000] Booting paravirtualized kernel on bare hardware\r\n[    0.000000] clocksource: refined-jiffies: mask: 0xffffffff max_cycles: 0xffffffff, max_idle_ns: 7645519600211568 ns\r\n[    0.000000] setup_percpu: NR_CPUS:256 nr_cpumask_bits:256 nr_cpu_ids:64 nr_node_ids:1\r\n[    0.000000] PERCPU: Embedded 33 pages/cpu @ffff8801bae00000 s96728 r8192 d30248 u262144\r\n[    0.000000] Built 1 zonelists in Node order, mobility grouping on.  Total pages: 903033\r\n[    0.000000] Policy zone: Normal\r\n[    0.000000] Kernel command line: BOOT_IMAGE=/boot/vmlinuz-4.2.0-35-generic root=UUID=e76b11a1-29e0-4279-a7de-dac4f6de393a ro console=tty1 console=ttyS0 earlyprintk=ttyS0 rootdelay=300\r\n[    0.000000] log_buf_len individual max cpu contribution: 4096 bytes\r\n[    0.000000] log_buf_len total cpu_extra contributions: 258048 bytes\r\n[    0.000000] log_buf_len min size: 262144 bytes\r\n[    0.000000] log_buf_len: 524288 bytes\r\n[    0.000000] early log buf free: 252360(96%)\r\n[    0.000000] PID hash table entries: 4096 (order: 3, 32768 bytes)\r\n[    0.000000] Memory: 3487928K/3669560K available (8182K kernel code, 1239K rwdata, 3804K rodata, 1464K init, 1292K bss, 181632K reserved, 0K cma-reserved)\r\n[    0.000000] SLUB: HWalign=64, Order=0-3, MinObjects=0, CPUs=64, Nodes=1\r\n[    0.000000] Hierarchical RCU implementation.\r\n[    0.000000] \tBuild-time adjustment of leaf fanout to 64.\r\n[    0.000000] \tRCU restricting CPUs from NR_CPUS=256 to nr_cpu_ids=64.\r\n[    0.000000] RCU: Adjusting geometry for rcu_fanout_leaf=64, nr_cpu_ids=64\r\n[    0.000000] NR_IRQS:16640 nr_irqs:936 16\r\n[    0.000000] \tOffload RCU callbacks from all CPUs\r\n[    0.000000] \tOffload RCU callbacks from CPUs: 0-63.\r\n[    0.000000] Console: colour VGA+ 80x25\r\n[    0.000000] console [tty1] enabled\r\n[    0.000000] console [ttyS0] enabled\r\n[    0.000000] console [ttyS0] enabled\r\n[    0.000000] bootconsole [earlyser0] disabled\r\n[    0.000000] bootconsole [earlyser0] disabled\r\n[    0.000000] tsc: Fast TSC calibration failed\r\n[    0.000000] tsc: Unable to calibrate against PIT\r\n[    0.000000] tsc: using PMTIMER reference calibration\r\n[    0.000000] tsc: Detected 2194.710 MHz processor\r\n[    0.020036] Calibrating delay loop (skipped), value calculated using timer frequency.. 4389.42 BogoMIPS (lpj=8778840)\r\n[    0.024020] pid_max: default: 65536 minimum: 512\r\n[    0.025617] ACPI: Core revision 20150619\r\n[    0.029236] ACPI: All ACPI Tables successfully acquired\r\n[    0.032089] Security Framework initialized\r\n[    0.033661] AppArmor: AppArmor initialized\r\n[    0.036019] Yama: becoming mindful.\r\n[    0.037801] Dentry cache hash table entries: 524288 (order: 10, 4194304 bytes)\r\n[    0.041045] Inode-cache hash table entries: 262144 (order: 9, 2097152 bytes)\r\n[    0.044031] Mount-cache hash table entries: 8192 (order: 4, 65536 bytes)\r\n[    0.045881] Mountpoint-cache hash table entries: 8192 (order: 4, 65536 bytes)\r\n[    0.048164] Initializing cgroup subsys blkio\r\n[    0.049733] Initializing cgroup subsys memory\r\n[    0.051303] Initializing cgroup subsys devices\r\n[    0.052022] Initializing cgroup subsys freezer\r\n[    0.053580] Initializing cgroup subsys net_cls\r\n[    0.056022] Initializing cgroup subsys perf_event\r\n[    0.057659] Initializing cgroup subsys net_prio\r\n[    0.059233] Initializing cgroup subsys hugetlb\r\n[    0.060121] mce: CPU supports 1 MCE banks\r\n[    0.061695] Last level iTLB entries: 4KB 512, 2MB 8, 4MB 8\r\n[    0.064021] Last level dTLB entries: 4KB 512, 2MB 32, 4MB 32, 1GB 0\r\n[    0.092038] ftrace: allocating 30947 entries in 121 pages\r\n[    0.104147] Switched APIC routing to physical flat.\r\n[    0.121920] ..TIMER: vector=0x30 apic1=0 pin1=2 apic2=-1 pin2=-1\r\n[    0.124117] smpboot: CPU0: Intel(R) Xeon(R) CPU E5-2660 0 @ 2.20GHz (fam: 06, model: 2d, stepping: 07)\r\n[    0.128035] Performance Events: unsupported p6 CPU model 45 no PMU driver, software events only.\r\n[    0.132623] x86: Booted up 1 node, 1 CPUs\r\n[    0.133860] smpboot: Total of 1 processors activated (4389.42 BogoMIPS)\r\n[    0.136009] NMI watchdog: disabled (cpu0): hardware events not enabled\r\n[    0.137556] NMI watchdog: Shutting down hard lockup detector on all cpus\r\n[    0.141049] devtmpfs: initialized\r\n[    0.144927] evm: security.selinux\r\n[    0.146351] evm: security.SMACK64\r\n[    0.148007] evm: security.SMACK64EXEC\r\n[    0.152004] evm: security.SMACK64TRANSMUTE\r\n[    0.156003] evm: security.SMACK64MMAP\r\n[    0.160005] evm: security.ima\r\n[    0.164003] evm: security.capability\r\n[    0.165374] PM: Registering ACPI NVS region [mem 0x1ffff000-0x1fffffff] (4096 bytes)\r\n[    0.167218] clocksource: jiffies: mask: 0xffffffff max_cycles: 0xffffffff, max_idle_ns: 7645041785100000 ns\r\n[    0.168158] pinctrl core: initialized pinctrl subsystem\r\n[    0.172018] RTC time: 14:38:15, date: 04/28/16\r\n[    0.176230] NET: Registered protocol family 16\r\n[    0.180263] cpuidle: using governor ladder\r\n[    0.181833] cpuidle: using governor menu\r\n[    0.183226] ACPI: bus type PCI registered\r\n[    0.184004] acpiphp: ACPI Hot Plug PCI Controller Driver version: 0.5\r\n[    0.185832] PCI: Using configuration type 1 for base access\r\n[    0.189739] ACPI: Added _OSI(Module Device)\r\n[    0.191010] ACPI: Added _OSI(Processor Device)\r\n[    0.192003] ACPI: Added _OSI(3.0 _SCP Extensions)\r\n[    0.193831] ACPI: Added _OSI(Processor Aggregator Device)\r\n[    0.198586] ACPI: Interpreter enabled\r\n[    0.199863] ACPI Exception: AE_NOT_FOUND, While evaluating Sleep State [\\_S1_] (20150619/hwxface-580)\r\n[    0.202214] ACPI Exception: AE_NOT_FOUND, While evaluating Sleep State [\\_S2_] (20150619/hwxface-580)\r\n[    0.206184] ACPI Exception: AE_NOT_FOUND, While evaluating Sleep State [\\_S3_] (20150619/hwxface-580)\r\n[    0.209079] ACPI Exception: AE_NOT_FOUND, While evaluating Sleep State [\\_S4_] (20150619/hwxface-580)\r\n[    0.212021] ACPI: (supports S0 S5)\r\n[    0.213229] ACPI: Using IOAPIC for interrupt routing\r\n[    0.214632] PCI: Using host bridge windows from ACPI; if necessary, use \"pci=nocrs\" and report a bug\r\n[    0.229699] ACPI: PCI Root Bridge [PCI0] (domain 0000 [bus 00-ff])\r\n[    0.232014] acpi PNP0A03:00: _OSC: OS supports [ASPM ClockPM Segments MSI]\r\n[    0.233578] acpi PNP0A03:00: _OSC failed (AE_NOT_FOUND); disabling ASPM\r\n[    0.236291] acpi PNP0A03:00: fail to add MMCONFIG information, can't access extended PCI configuration space under this bridge.\r\n[    0.240219] PCI host bridge to bus 0000:00\r\n[    0.242124] pci_bus 0000:00: root bus resource [bus 00-ff]\r\n[    0.243788] pci_bus 0000:00: root bus resource [mem 0xfe0000000-0xfffefffff window]\r\n[    0.244005] pci_bus 0000:00: root bus resource [io  0x0000-0x0cf7 window]\r\n[    0.245807] pci_bus 0000:00: root bus resource [io  0x0d00-0xffff window]\r\n[    0.248006] pci_bus 0000:00: root bus resource [mem 0x000a0000-0x000bffff window]\r\n[    0.250056] pci_bus 0000:00: root bus resource [mem 0x20000000-0xfffbffff window]\r\n[    0.260893] pci 0000:00:07.1: legacy IDE quirk: reg 0x10: [io  0x01f0-0x01f7]\r\n[    0.262689] pci 0000:00:07.1: legacy IDE quirk: reg 0x14: [io  0x03f6]\r\n[    0.264003] pci 0000:00:07.1: legacy IDE quirk: reg 0x18: [io  0x0170-0x0177]\r\n[    0.265885] pci 0000:00:07.1: legacy IDE quirk: reg 0x1c: [io  0x0376]\r\n[    0.268582] * Found PM-Timer Bug on the chipset. Due to workarounds for a bug,\r\n[    0.268582] * this clock source is slow. Consider trying other clock sources\r\n[    0.273979] pci 0000:00:07.3: quirk: [io  0x0400-0x043f] claimed by PIIX4 ACPI\r\n[    0.285646] ACPI: PCI Interrupt Link [LNKA] (IRQs 3 4 5 7 9 10 *11 12 14 15)\r\n[    0.296206] ACPI: PCI Interrupt Link [LNKB] (IRQs 3 4 5 7 9 10 11 12 14 15) *0, disabled.\r\n[    0.308210] ACPI: PCI Interrupt Link [LNKC] (IRQs 3 4 5 7 9 10 11 12 14 15) *0, disabled.\r\n[    0.320158] ACPI: PCI Interrupt Link [LNKD] (IRQs 3 4 5 7 9 10 11 12 14 15) *0, disabled.\r\n[    0.330547] ACPI: Enabled 1 GPEs in block 00 to 0F\r\n[    0.332181] vgaarb: setting as boot device: PCI:0000:00:08.0\r\n[    0.333544] vgaarb: device added: PCI:0000:00:08.0,decodes=io+mem,owns=io+mem,locks=none\r\n[    0.336002] vgaarb: loaded\r\n[    0.337107] vgaarb: bridge control possible 0000:00:08.0\r\n[    0.338667] SCSI subsystem initialized\r\n[    0.340100] ACPI: bus type USB registered\r\n[    0.341296] usbcore: registered new interface driver usbfs\r\n[    0.342556] usbcore: registered new interface driver hub\r\n[    0.344034] usbcore: registered new device driver usb\r\n[    0.345477] PCI: Using ACPI for IRQ routing\r\n[    0.347122] NetLabel: Initializing\r\n[    0.348003] NetLabel:  domain hash size = 128\r\n[    0.349180] NetLabel:  protocols = UNLABELED CIPSOv4\r\n[    0.350443] NetLabel:  unlabeled traffic allowed by default\r\n[    0.352122] clocksource: Switched to clocksource hyperv_clocksource\r\n[    0.360387] AppArmor: AppArmor Filesystem Enabled\r\n[    0.362771] pnp: PnP ACPI init\r\n[    0.370038] system 00:06: [io  0x01e0-0x01ef] has been reserved\r\n[    0.372722] system 00:06: [io  0x0160-0x016f] has been reserved\r\n[    0.374820] system 00:06: [io  0x0278-0x027f] has been reserved\r\n[    0.376905] system 00:06: [io  0x0378-0x037f] has been reserved\r\n[    0.379519] system 00:06: [io  0x0678-0x067f] has been reserved\r\n[    0.381505] system 00:06: [io  0x0778-0x077f] has been reserved\r\n[    0.382860] system 00:06: [io  0x04d0-0x04d1] has been reserved\r\n[    0.384392] system 00:07: [io  0x0400-0x043f] has been reserved\r\n[    0.385746] system 00:07: [io  0x0370-0x0371] has been reserved\r\n[    0.387090] system 00:07: [io  0x0440-0x044f] has been reserved\r\n[    0.388466] system 00:07: [mem 0xfec00000-0xfec00fff] could not be reserved\r\n[    0.389896] system 00:07: [mem 0xfee00000-0xfee00fff] has been reserved\r\n[    0.391420] system 00:08: [mem 0x00000000-0x0009ffff] could not be reserved\r\n[    0.392885] system 00:08: [mem 0x000c0000-0x000dffff] could not be reserved\r\n[    0.394322] system 00:08: [mem 0x000e0000-0x000fffff] could not be reserved\r\n[    0.395757] system 00:08: [mem 0x00100000-0x1fffffff] could not be reserved\r\n[    0.397205] system 00:08: [mem 0xfffc0000-0xffffffff] has been reserved\r\n[    0.398825] pnp: PnP ACPI: found 9 devices\r\n[    0.406106] clocksource: acpi_pm: mask: 0xffffff max_cycles: 0xffffff, max_idle_ns: 2085701024 ns\r\n[    0.408881] NET: Registered protocol family 2\r\n[    0.410466] TCP established hash table entries: 32768 (order: 6, 262144 bytes)\r\n[    0.412153] TCP bind hash table entries: 32768 (order: 7, 524288 bytes)\r\n[    0.413625] TCP: Hash tables configured (established 32768 bind 32768)\r\n[    0.415081] UDP hash table entries: 2048 (order: 4, 65536 bytes)\r\n[    0.416440] UDP-Lite hash table entries: 2048 (order: 4, 65536 bytes)\r\n[    0.418048] NET: Registered protocol family 1\r\n[    0.419276] pci 0000:00:00.0: Limiting direct PCI/PCI transfers\r\n[    0.420899] Trying to unpack rootfs image as initramfs...\r\n[    1.017726] Freeing initrd memory: 30524K (ffff88001d9d3000 - ffff88001f7a2000)\r\n[    1.020057] PCI-DMA: Using software bounce buffering for IO (SWIOTLB)\r\n[    1.021972] software IO TLB [mem 0x199d3000-0x1d9d3000] (64MB) mapped at [ffff8800199d3000-ffff88001d9d2fff]\r\n[    1.024398] clocksource: tsc: mask: 0xffffffffffffffff max_cycles: 0x1fa2ad8af40, max_idle_ns: 440795294349 ns\r\n[    1.026873] RAPL PMU detected, API unit is 2^-32 Joules, 3 fixed counters 10737418240 ms ovfl timer\r\n[    1.029504] hw unit of domain pp0-core 2^-0 Joules\r\n[    1.031204] hw unit of domain package 2^-0 Joules\r\n[    1.032707] hw unit of domain dram 2^-0 Joules\r\n[    1.034797] microcode: CPU0 sig=0x206d7, pf=0x1, revision=0xffffffff\r\n[    1.036735] microcode: Microcode Update Driver: v2.00 <tigran@aivazian.fsnet.co.uk>, Peter Oruba\r\n[    1.039027] Scanning for low memory corruption every 60 seconds\r\n[    1.043263] futex hash table entries: 16384 (order: 8, 1048576 bytes)\r\n[    1.045250] Initialise system trusted keyring\r\n[    1.047020] audit: initializing netlink subsys (disabled)\r\n[    1.048841] audit: type=2000 audit(1461854295.048:1): initialized\r\n[    1.050980] HugeTLB registered 2 MB page size, pre-allocated 0 pages\r\n[    1.057177] zpool: loaded\r\n[    1.060294] zbud: loaded\r\n[    1.062073] VFS: Disk quotas dquot_6.6.0\r\n[    1.063751] VFS: Dquot-cache hash table entries: 512 (order 0, 4096 bytes)\r\n[    1.066270] fuse init (API version 7.23)\r\n[    1.068292] Key type big_key registered\r\n[    1.070718] Key type asymmetric registered\r\n[    1.074125] Asymmetric key parser 'x509' registered\r\n[    1.075785] Block layer SCSI generic (bsg) driver version 0.4 loaded (major 249)\r\n[    1.077980] io scheduler noop registered\r\n[    1.079566] io scheduler deadline registered (default)\r\n[    1.081538] io scheduler cfq registered\r\n[    1.083372] pci_hotplug: PCI Hot Plug PCI Core version: 0.5\r\n[    1.085185] pciehp: PCI Express Hot Plug Controller Driver version: 0.4\r\n[    1.087450] input: Power Button as /devices/LNXSYSTM:00/LNXPWRBN:00/input/input0\r\n[    1.089572] ACPI: Power Button [PWRF]\r\n[    1.091366] GHES: HEST is not enabled!\r\n[    1.093078] Serial: 8250/16550 driver, 32 ports, IRQ sharing enabled\r\n[    1.118009] 00:03: ttyS0 at I/O 0x3f8 (irq = 4, base_baud = 115200) is a 16550A\r\n[    1.140918] 00:04: ttyS1 at I/O 0x2f8 (irq = 3, base_baud = 115200) is a 16550A\r\n[    1.144714] Linux agpgart interface v0.103\r\n[    1.148947] brd: module loaded\r\n[    1.151837] loop: module loaded\r\n[    1.153730] ata_piix 0000:00:07.1: Hyper-V Virtual Machine detected, ATA device ignore set\r\n[    1.158240] scsi host0: ata_piix\r\n[    1.159898] scsi host1: ata_piix\r\n[    1.161775] ata1: PATA max UDMA/33 cmd 0x1f0 ctl 0x3f6 bmdma 0xffa0 irq 14\r\n[    1.163454] ata2: PATA max UDMA/33 cmd 0x170 ctl 0x376 bmdma 0xffa8 irq 15\r\n[    1.166782] libphy: Fixed MDIO Bus: probed\r\n[    1.168484] tun: Universal TUN/TAP device driver, 1.6\r\n[    1.170331] tun: (C) 1999-2004 Max Krasnyansky <maxk@qualcomm.com>\r\n[    1.172066] PPP generic driver version 2.4.2\r\n[    1.173903] ehci_hcd: USB 2.0 'Enhanced' Host Controller (EHCI) Driver\r\n[    1.176038] ehci-pci: EHCI PCI platform driver\r\n[    1.177717] ehci-platform: EHCI generic platform driver\r\n[    1.179970] ohci_hcd: USB 1.1 'Open' Host Controller (OHCI) Driver\r\n[    1.182171] ohci-pci: OHCI PCI platform driver\r\n[    1.183943] ohci-platform: OHCI generic platform driver\r\n[    1.185746] uhci_hcd: USB Universal Host Controller Interface driver\r\n[    1.187923] i8042: PNP: PS/2 Controller [PNP0303:PS2K,PNP0f03:PS2M] at 0x60,0x64 irq 1,12\r\n[    1.196147] serio: i8042 KBD port at 0x60,0x64 irq 1\r\n[    1.198143] serio: i8042 AUX port at 0x60,0x64 irq 12\r\n[    1.199606] mousedev: PS/2 mouse device common for all mice\r\n[    1.201240] rtc_cmos 00:00: RTC can wake from S4\r\n[    1.224089] input: AT Translated Set 2 keyboard as /devices/platform/i8042/serio0/input/input1\r\n[    1.227278] rtc_cmos 00:00: rtc core: registered rtc_cmos as rtc0\r\n[    1.229172] rtc_cmos 00:00: alarms up to one month, 114 bytes nvram\r\n[    1.230537] i2c /dev entries driver\r\n[    1.231745] device-mapper: uevent: version 1.0.3\r\n[    1.233044] device-mapper: ioctl: 4.33.0-ioctl (2015-8-18) initialised: dm-devel@redhat.com\r\n[    1.234775] ledtrig-cpu: registered to indicate activity on CPUs\r\n[    1.236190] PCCT header not found.\r\n[    1.237574] NET: Registered protocol family 10\r\n[    1.239109] NET: Registered protocol family 17\r\n[    1.240345] Key type dns_resolver registered\r\n[    1.241822] Loading compiled-in X.509 certificates\r\n[    1.244142] Loaded X.509 cert 'Build time autogenerated kernel key: d2cd13f45fa3b012fc89b8d500f91dcca4d9e0a8'\r\n[    1.245993] registered taskstats version 1\r\n[    1.247168] zswap: loading zswap\r\n[    1.248254] zswap: using zbud pool\r\n[    1.249366] zswap: using lzo compressor\r\n[    1.252375] Key type trusted registered\r\n[    1.256644] Key type encrypted registered\r\n[    1.257817] AppArmor: AppArmor sha1 policy hashing enabled\r\n[    1.259112] ima: No TPM chip found, activating TPM-bypass!\r\n[    1.260468] evm: HMAC attrs: 0x1\r\n[    1.261900]   Magic number: 12:158:638\r\n[    1.263349] rtc_cmos 00:00: setting system clock to 2016-04-28 14:38:16 UTC (1461854296)\r\n[    1.265122] BIOS EDD facility v0.16 2004-Jun-25, 0 devices found\r\n[    1.266452] EDD information not available.\r\n[    1.324232] ata2.00: ATAPI: Virtual CD, , max MWDMA2\r\n[    1.326899] ata2.00: configured for MWDMA2\r\n[    1.329370] scsi 1:0:0:0: CD-ROM            Msft     Virtual CD/ROM   1.0  PQ: 0 ANSI: 5\r\n[    1.333315] sr 1:0:0:0: [sr0] scsi3-mmc drive: 0x/0x tray\r\n[    1.334609] cdrom: Uniform CD-ROM driver Revision: 3.20\r\n[    1.336741] sr 1:0:0:0: Attached scsi generic sg0 type 5\r\n[    1.338553] Freeing unused kernel memory: 1464K (ffffffff81f37000 - ffffffff820a5000)\r\n[    1.340217] Write protecting the kernel read-only data: 14336k\r\n[    1.342279] Freeing unused kernel memory: 2044K (ffff880001801000 - ffff880001a00000)\r\n[    1.344032] Freeing unused kernel memory: 292K (ffff880001db7000 - ffff880001e00000)\r\nLoading, please wait...\r\nstarting version 225\r\n[    1.366395] random: udevadm urandom read with 2 bits of entropy available\r\n[    1.436443] Floppy drive(s): fd0 is 1.44M\r\n[    1.441996] clocksource: hyperv_clocksource_tsc_page: mask: 0xffffffffffffffff max_cycles: 0x24e6a1710, max_idle_ns: 440795202120 ns\r\n[    1.460887] clocksource: Switched to clocksource hyperv_clocksource_tsc_page\r\n[    1.474597] FDC 0 is an 82078.\r\n[    1.483300] hv_vmbus: Hyper-V Host Build:9600-6.3-18-0.18190; Vmbus version:3.0\r\n[    1.550289] AVX version of gcm_enc/dec engaged.\r\n[    1.551946] AES CTR mode by8 optimization enabled\r\n[    1.590206] hv_vmbus: registering driver hv_storvsc\r\n[    1.597351] hidraw: raw HID events driver (C) Jiri Kosina\r\n[    1.601355] hv_utils: Registering HyperV Utility Driver\r\n[    1.603018] hv_vmbus: registering driver hv_util\r\n[    1.613752] hv_vmbus: registering driver hv_netvsc\r\n[    1.617512] hv_vmbus: registering driver hid_hyperv\r\n[    1.623723] scsi host2: storvsc_host_t\r\n[    1.627215] scsi 2:0:0:0: Direct-Access     Msft     Virtual Disk     1.0  PQ: 0 ANSI: 4\r\n[    1.630149] sd 2:0:0:0: Attached scsi generic sg1 type 0\r\n[    1.632364] sd 2:0:0:0: [sda] 61440000 512-byte logical blocks: (31.4 GB/29.2 GiB)\r\n[    1.634342] sd 2:0:0:0: [sda] 4096-byte physical blocks\r\n[    1.636502] sd 2:0:0:0: [sda] Write Protect is off\r\n[    1.638260] sd 2:0:0:0: [sda] Write cache: enabled, read cache: enabled, supports DPO and FUA\r\n[    1.640416] hv_netvsc: hv_netvsc channel opened successfully\r\n[    1.651245]  sda: sda1\r\n[    1.653727] sd 2:0:0:0: [sda] Attached SCSI disk\r\n[    1.794262] hv_netvsc vmbus_14: Send section size: 6144, Section count:2560\r\n[    1.797875] hv_netvsc vmbus_14: Device MAC 00:0d:3a:a0:58:65 link state up\r\n[    1.801175] input: Microsoft Vmbus HID-compliant Mouse as /devices/0006:045E:0621.0001/input/input4\r\n[    1.803862] hid 0006:045E:0621.0001: input: <UNKNOWN> HID v0.01 Mouse [Microsoft Vmbus HID-compliant Mouse] on \r\n[    1.821013] scsi host3: storvsc_host_t\r\n[    1.823733] scsi 3:0:1:0: Direct-Access     Msft     Virtual Disk     1.0  PQ: 0 ANSI: 4\r\n[    1.826803] sd 3:0:1:0: [sdb] 14680064 512-byte logical blocks: (7.51 GB/7.00 GiB)\r\n[    1.829278] sd 3:0:1:0: [sdb] 4096-byte physical blocks\r\n[    1.831241] sd 3:0:1:0: Attached scsi generic sg2 type 0\r\n[    1.833957] sd 3:0:1:0: [sdb] Write Protect is off\r\n[    1.836242] sd 3:0:1:0: [sdb] Write cache: enabled, read cache: enabled, supports DPO and FUA\r\n[    1.841261]  sdb: sdb1\r\n[    1.843992] sd 3:0:1:0: [sdb] Attached SCSI disk\r\n[    1.848514] scsi host4: storvsc_host_t\r\n[    1.851133] scsi 4:0:0:0: scsi scan: INQUIRY result too short (5), using 36\r\n[    1.853449] scsi 4:0:0:1: scsi scan: INQUIRY result too short (5), using 36\r\n[    1.855818] scsi 4:0:1:0: scsi scan: INQUIRY result too short (5), using 36\r\n[    1.858148] scsi 4:0:1:1: scsi scan: INQUIRY result too short (5), using 36\r\n[    1.860560] scsi 4:1:0:0: scsi scan: INQUIRY result too short (5), using 36\r\n[    1.862856] scsi host5: storvsc_host_t\r\n[    1.864967] scsi 5:0:0:0: scsi scan: INQUIRY result too short (5), using 36\r\n[    1.867429] scsi 5:0:0:1: scsi scan: INQUIRY result too short (5), using 36\r\n[    1.869628] psmouse serio1: trackpoint: failed to get extended button data\r\n[    1.872130] scsi 4:1:0:1: scsi scan: INQUIRY result too short (5), using 36\r\n[    1.874654] scsi 5:0:1:0: scsi scan: INQUIRY result too short (5), using 36\r\n[    1.876816] scsi 4:1:1:0: scsi scan: INQUIRY result too short (5), using 36\r\n[    1.879166] scsi 5:0:1:1: scsi scan: INQUIRY result too short (5), using 36\r\n[    1.881309] scsi 4:1:1:1: scsi scan: INQUIRY result too short (5), using 36\r\n[    1.883680] scsi 5:1:0:0: scsi scan: INQUIRY result too short (5), using 36\r\n[    1.885804] scsi 4:2:0:0: scsi scan: INQUIRY result too short (5), using 36\r\n[    1.888267] scsi 5:1:0:1: scsi scan: INQUIRY result too short (5), using 36\r\n[    1.890784] scsi 4:2:0:1: scsi scan: INQUIRY result too short (5), using 36\r\n[    1.893048] scsi 5:1:1:0: scsi scan: INQUIRY result too short (5), using 36\r\n[    1.895237] scsi 4:2:1:0: scsi scan: INQUIRY result too short (5), using 36\r\n[    1.897538] scsi 5:1:1:1: scsi scan: INQUIRY result too short (5), using 36\r\n[    1.899590] scsi 4:2:1:1: scsi scan: INQUIRY result too short (5), using 36\r\n[    1.901909] scsi 5:2:0:0: scsi scan: INQUIRY result too short (5), using 36\r\n[    1.904032] scsi 4:3:0:0: scsi scan: INQUIRY result too short (5), using 36\r\n[    1.907662] scsi 5:2:0:1: scsi scan: INQUIRY result too short (5), using 36\r\n[    1.918385] scsi 4:3:0:1: scsi scan: INQUIRY result too short (5), using 36\r\n[    1.922349] scsi 4:3:1:0: scsi scan: INQUIRY result too short (5), using 36\r\n[    1.924070] scsi 4:3:1:1: scsi scan: INQUIRY result too short (5), using 36\r\n[    1.925716] scsi 5:2:1:0: scsi scan: INQUIRY result too short (5), using 36\r\n[    1.927458] scsi 4:4:0:0: scsi scan: INQUIRY result too short (5), using 36\r\n[    1.929079] scsi 5:2:1:1: scsi scan: INQUIRY result too short (5), using 36\r\n[    1.930975] scsi 4:4:0:1: scsi scan: INQUIRY result too short (5), using 36\r\n[    1.933014] scsi 5:3:0:0: scsi scan: INQUIRY result too short (5), using 36\r\n[    1.934938] scsi 4:4:1:0: scsi scan: INQUIRY result too short (5), using 36\r\n[    1.937292] scsi 5:3:0:1: scsi scan: INQUIRY result too short (5), using 36\r\n[    1.955545] scsi 4:4:1:1: scsi scan: INQUIRY result too short (5), using 36\r\n[    1.958354] scsi 5:3:1:0: scsi scan: INQUIRY result too short (5), using 36\r\n[    1.962246] scsi 4:5:0:0: scsi scan: INQUIRY result too short (5), using 36\r\n[    1.973042] scsi 5:3:1:1: scsi scan: INQUIRY result too short (5), using 36\r\n[    1.975199] scsi 4:5:0:1: scsi scan: INQUIRY result too short (5), using 36\r\n[    1.977544] scsi 5:4:0:0: scsi scan: INQUIRY result too short (5), using 36\r\n[    1.979768] scsi 5:4:0:1: scsi scan: INQUIRY result too short (5), using 36\r\n[    1.982685] scsi 4:5:1:0: scsi scan: INQUIRY result too short (5), using 36\r\n[    1.985448] scsi 5:4:1:0: scsi scan: INQUIRY result too short (5), using 36\r\n[    1.987823] scsi 4:5:1:1: scsi scan: INQUIRY result too short (5), using 36\r\n[    1.990108] scsi 5:4:1:1: scsi scan: INQUIRY result too short (5), using 36\r\n[    1.992238] scsi 4:6:0:0: scsi scan: INQUIRY result too short (5), using 36\r\n[    1.994306] scsi 4:6:0:1: scsi scan: INQUIRY result too short (5), using 36\r\n[    1.996226] scsi 5:5:0:0: scsi scan: INQUIRY result too short (5), using 36\r\n[    1.998340] scsi 4:6:1:0: scsi scan: INQUIRY result too short (5), using 36\r\n[    2.000429] scsi 5:5:0:1: scsi scan: INQUIRY result too short (5), using 36\r\n[    2.002828] scsi 4:6:1:1: scsi scan: INQUIRY result too short (5), using 36\r\n[    2.004950] scsi 5:5:1:0: scsi scan: INQUIRY result too short (5), using 36\r\n[    2.007807] scsi 4:7:0:0: scsi scan: INQUIRY result too short (5), using 36\r\n[    2.009858] scsi 5:5:1:1: scsi scan: INQUIRY result too short (5), using 36\r\n[    2.011547] scsi 5:6:0:0: scsi scan: INQUIRY result too short (5), using 36\r\n[    2.013103] scsi 4:7:0:1: scsi scan: INQUIRY result too short (5), using 36\r\n[    2.014886] scsi 4:7:1:0: scsi scan: INQUIRY result too short (5), using 36\r\n[    2.016500] scsi 5:6:0:1: scsi scan: INQUIRY result too short (5), using 36\r\n[    2.018264] scsi 4:7:1:1: scsi scan: INQUIRY result too short (5), using 36\r\n[    2.020328] scsi 5:6:1:0: scsi scan: INQUIRY result too short (5), using 36\r\n[    2.021948] scsi 5:6:1:1: scsi scan: INQUIRY result too short (5), using 36\r\n[    2.023565] scsi 5:7:0:0: scsi scan: INQUIRY result too short (5), using 36\r\n[    2.027003] scsi 5:7:0:1: scsi scan: INQUIRY result too short (5), using 36\r\n[    2.028681] scsi 5:7:1:0: scsi scan: INQUIRY result too short (5), using 36\r\n[    2.030361] scsi 5:7:1:1: scsi scan: INQUIRY result too short (5), using 36\r\nBegin: Loading essential drivers ... done.\r\r\nBegin: Running /scripts/init-premount ... done.\r\r\nBegin: Mounting root file system ... Begin: Running /scripts/local-top ... done.\r\r\nBegin: Running /scripts/local-pemount ... done.\r\r\nBegin: Checking root file system ... fsck from util-linux 2.26.2\r\r\ncloudimg-rootfs: clean, 73604/245504 files, 352114/524032 blocks\r\r\ndone.\r\r\n[    3.395304] EXT4-fs (sda1): mounted filesystem with ordered data mode. Opts: (null)\r\ndone.\r\r\nBegin: Running /scripts/local-bottom ... done.\r\r\nBegin: Running /scripts/init-bottom ... Warning: overlayroot: debug is busted\r\r\ndone.\r\r\n[    3.824561] systemd[1]: Failed to insert module 'kdbus': Function not implemented\r\n[    3.865114] systemd[1]: systemd 225 running in system mode. (+PAM +AUDIT +SELINUX +IMA +APPARMOR +SMACK +SYSVINIT +UTMP +LIBCRYPTSETUP +GCRYPT +GNUTLS +ACL +XZ -LZ4 +SECCOMP +BLKID -ELFUTILS +KMOD -IDN)\r\n[    3.869106] systemd[1]: Detected virtualization microsoft.\r\n[    3.870916] systemd[1]: Detected architecture x86-64.\r\n\r\r\nWelcome to \u001b[1mUbuntu 15.10\u001b[0m!\r[    3.884177] systemd[1]: Set hostname to <ubuntu>.\r\n\r\n\r\r\n[    3.890495] systemd[1]: Initializing machine ID from random generator.\r\n[    3.891993] systemd[1]: Installed transient /etc/machine-id file.\r\n-.mount\r\r\n[    4.102392] systemd[1]: sshd-keygen.service: Cannot add dependency job, ignoring: Unit sshd-keygen.service failed to load: No such file or directory.\r\n[    4.102483] systemd[1]: sshd-keygen.service: Cannot add dependency job, ignoring: Unit sshd-keygen.service failed to load: No such file or directory.\r\n[    4.102505] systemd[1]: display-manager.service: Cannot add dependency job, ignoring: Unit display-manager.service failed to load: No such file or directory.\r\n[    4.103050] systemd[1]: Reached target Remote File Systems (Pre).\r\n[    4.112472] systemd[1]: Set up automount Arbitrary Executable File Formats File System Automount Point.\r\n[    4.114472] systemd[1]: Reached target User and Group Name Lookups.\r\n[    4.115969] systemd[1]: Reached target Encrypted Volumes.\r\n[\u001b[32m  OK  \u001b[0m] Reached target Remote File Systems (Pre).\r[    4.120284] systemd[1]: Reached target Swap.\r\n\r\n[\u001b[32m  OK  \u001b[0m] Set up automount Arbitrary Executab...ats File System Automount Point.\r[    4.126578] systemd[1]: Started Forward Password Requests to Wall Directory Watch.\r\n[    4.128504] systemd[1]: Created slice Root Slice.\r\n[    4.129904] systemd[1]: Listening on Journal Socket.\r\n\r\n[    4.132760] systemd[1]: Listening on /dev/initctl Compatibility Named Pipe.\r\n[\u001b[32m  OK  \u001b[0m] Reached target User and Group Name Lookups.\r[    4.138282] systemd[1]: Created slice User and Session Slice.\r\n\r\n[    4.141462] systemd[1]: Listening on Journal Audit Socket.\r\n[\u001b[32m  OK  \u001b[0m] Reached target Encrypted Volumes.\r[    4.148539] systemd[1]: Listening on Journal Socket (/dev/log).\r\n[    4.150474] systemd[1]: Created slice System Slice.\r\n[    4.153106] systemd[1]: Starting Uncomplicated firewall...\r\n\r\n[\u001b[32m  OK  \u001b[0m] Reached target Swap.\r[    4.159579] systemd[1]: Mounting POSIX Message Queue File System...\r\n\r\n[\u001b[32m  OK  \u001b[0] Started Forward Password Requsts to Wall Dirctory Watch.\r[    4.164974] systemd[1]: Starting Increase datagram queue length...\r\n\r\n[\u001b[32m  OK  \u001b[0m] Created slice Root Slice.\r[    4.171046] systemd[1]: Mounting Debug File System...\r\n\r\n[\u001b[32m  OK  \u001b[0m] Listening on Journal Socket.\r[    4.178887] systemd[1]: Starting Create list of required static device nodes for the current kernel...\r\n\r\n[\u001b[32m  OK  \u001b[0m] Listening on /dev/initctl Compatibility Named Pipe.\r\r\n[    4.200391] systemd[1]: Starting Load Kernel Modules...\r\n[\u001b[32m  OK  \u001b[0m] Created slice User and Session Slice.\r\r\n[etc-machine\\x2did.mount\r\r\n\u001b[32m  OK  \u001b[0m] Listening on Journal Audit Socket.\r\r\n[\u001b[32m  OK  \u001b[0m] Listening on Journal Socket (/dev/log).\r\r\n[\u001b[32m  OK  \u001b[0m] Created slice System Slice.\r\r\n         Starting Uncomplicated firewall...\r\r\n         Mounting POSIX Message Queue File System...\r\r\n         Starting Increase datagram queue length...\r\r\n         Mounting Debug File System...\r\r\n         Starting Create list of required st... nodes for the current kernel...\r\r\n[    4.257310] systemd[1]: Created slice system-getty.slice.\r\n         Starting Load Kernel Modules...\r[    4.265127] systemd[1]: Created slice system-serial\\x2dgetty.slice.\r\n\r\n[[    4.269834] systemd[1]: Starting Remount Root and Kernel File Systems...\r\n\u001b[32m  OK  \u001b[0m] Created slice system-getty.slice.\r\r\n[\u001b[32m  OK  \u001b[0m] Created slice system-serial\\x2dgetty.slice.\r\r\n[    4.293869] systemd[1]: Starting Setup Virtual Console...\r\n[    4.297924] EXT4-fs (sda1): re-mounted. Opts: discard\r\n[    4.300668] systemd[1]: Mounting Huge Pages File System...\r\n         Starting Remount Root and Kernel File Systems...\r\r\n[    4.306837] systemd[1]: Listening on udev Control Socket.\r\n         Starting Setup Virtual Console...\r\r\n        
[    4.313296] systemd[1]: Listening on udev Kernel Socket.\r\nMounting Huge Pages File System...\r\r\n[\u001b[32m  OK  \u001b[0m] Listening on udev Control Socket.\r\r\n[    4.333933] systemd[1]: Starting udev Coldplug all Devices...\r\n[    4.335132] systemd[1]: Reached target Slices.\r\n[    4.343491] systemd[1]: Mounted Debug File System.\r\n[    4.350362] systemd[1]: Mounted POSIX Message Queue File System.\r\n[\u001b[32m  OK  \u001b[0m] Listening on udev Kernel Socket.\r[    4.412226] systemd[1]: Mounted Huge Pages File System.\r\n\r\n[    4.460221] systemd[1]: Started Uncomplicated firewall.\r\n[    4.469216] systemd[1]: Started Increase datagram queue length.\r\n         Starting udev Coldplug all Devices...\r\r\n[\u001b[32m  OK  \u001b[0m] Reached target Slices.\r[    4.539852] systemd[1]: Started Create list of required static device nodes for the current kernel.\r\n[    4.574702] systemd[1]: Started Load Kernel Modules.\r\n[    4.577292] systemd[1]: Started Remount Root and Kernel File Systems.\r\n[    4.582056] systemd[1]: Started Setup Virtual Console.\r\n\r\n[\u001b[32m  OK  \u001b[0m] Mounted Debug File System.\r\r\n[    4.669615] systemd[1]: Starting Load/Save Random Seed...\r\n[\u001b[32m  OK  \u001b[0m] Mounted POSIX Message Queue File System.\r\r\n[    4.686914] systemd[1]: Starting Ensure /etc/mtab is a symlink to /proc/mounts...\r\n[    4.693676] systemd[1]: Mounting FUSE Control File System...\r\n[\u001b[32m  OK  \u001b[0m] Mounted Huge Pages File System.\r[    4.699637] systemd[1]: Starting Apply Kernel Variables...\r\n\r\n[\u001b[32m  OK  \u001b[0m] Started Uncomplicated firewall.\r\r\n[    4.709798] systemd[1]: Starting Create Static Device Nodes in /dev...\r\n[\u001b[32m  OK  \u001b[0m] Started Increase datagram queue length.\r[    4.716712] systemd[1]: Listening on Syslog Socket.\r\n\r\n[\u001b[32m  OK  \u001b[0m] Started Create list of required sta...ce nodes for the curren kernel.\r[    4.722267] systemd[1]: Starting Journal Service...\r\n\r\n[\u001b[32m  OK  \u001b[0m] Started Load Kernel Modules.\r[    4.728761] systemd[1]: Mounted FUSE Control File System.\r\n\r\n[\u001b[32m  OK  \u001b[0m] Started Remout Root and Kernel File Systems.\r[    4.743088] systemd[1]: Started Load/Save Random Seed.\r\n\r\n[    4.753456] systemd[1]: Started Ensure /etc/mtab is a symlink to /proc/mounts.\r\n[\u001b[32m  OK  \u001b[0m] Started Setup Virtual Console.\r\r\n         sys-kernel-debug.mount\r\r\nStarting Load/Save Random Seed..\r\r\n         Starting Ensure /etc/mtab is a symlink to /proc/mounts...\r\r\n         Mounting FUSE Control File System...\r\r\n         Starting Apply Kernel Variables...\r\r\n         Starting Create Static Device Nodes in /dev...\r\r\n[\u001b[32m  OK  \u001b[0m] Listening on Syslog Socket.\r\r\n         Starting Journal Service...\r\r\n[\u001b[32m  OK  \u001b[0m] Mounted FUSE Control File System.\r\r\n[\u001b[32m  OK  \u001b[0m] Started Load/Save Random Seed.\r\r\n[\u001b[32m  OK  \u001b[0m] Started Ensure /etc/mtab is a symlink to /proc/mounts.\r\r\n[\u001b[32m  OK  \u001b[0m] Started udev Coldplug all Devices.\r\r\n[\u001b[32m  OK  \u001b[0m] Started Apply Kernel Variables.\r\r\ndev-mqueue.mount\r\r\n[\u001b[32m  OK  \u001b[0m] Started Create Static Device odes in /dev.\r\r\n         Starting udev Kernel Device Manager...\r\r\n[\u001b[32m  OK  \u001b[0m] Started Journal Service.\r\r\n         Starting Flush Journal to Persistent Storage...\r\r\n[\u001b[32m  OK  \u001b[0m] Started Flush Journal to Persistent Storage.\r\r\ndev-hugepages.mount\r\r\nufw.service\r\r\nsystemd-setup-dgram-qlen.service\r\r\nkmod-static-nodes.service\r\r\n[\u001b[32m  OK  \u001b[0m] Started udev Kernel Device Manager.\r\r\n[\u001b[32m  OK  \u001b[0m] Reached target Local File Systems (Pre).\r\r\n         Mounting /etc/network/interfaces.dynamic.d...\r\r\n[\u001b[32m  OK  \u001b[0m] Mounted /etc/network/interfaces.dynamic.d.\r\r\n[\u001b[32m  OK  \u001b[0m] Reached target Local File Systems.\r\r\n         Starting Commit a transient machine-id on disk...\r\r\n         Starting Create Volatile Files and Directories...\r\r\n         Starting Set console keymap...\r\r\n         Starting Wait for all auto\" /etc/n...up for network-nline.target...\r\n[\u001b[32m  OK  \u001b[0m] Reached target Remote File Systems.\r\r\n         Startig LSB: AppArmorinitialization..\r\r\n         Startig Tell PlymouthTo Write Out Rutime Data...\r\r\n         Starting Clean up any mess left by 0dns-up...\r\r\n[\u001b[32m  OK  \u001b[0m] Started Commit a transient machine-id on disk.\r\r\n[\u001b[32m  OK  \u001b[0m] Started Create Volatile Filesand Directories.\r\r\n         Starting Network Time Synchronization...\r\r\n         Starting Update UTMP about System Boot/Shutdown...\r\r\n[\u001b[32m  OK  \u001b[0m] Started Clean up any mess left by 0dns-up.\r\r\n         Starting Nameserver information manager...\r\r\n[\u001b[32m  OK  \u001b[0m] Started Update UTMP about System Boot/Shutdown.\r\r\n[\u001b[32m  OK  \u001b[0m] Started Nameserver information manager.\r\r\n[\u001b[32m  OK  \u001b[0m] Started Network Time Synchronization.\r\r\n[\u001b[32m  OK  \u001b[0m] Reached target System Time Synchronized.\r\r\nsystemd-modulesload.service\r\r\n[\u001b[32m  OK  \u001b[0] Started Set cnsole keymap.\r\r\nsystemd-remountfs.service\r\r\nsystemd-vconsole-setup.service\r\r\nsys-fs-fuse-conections.mount\r\r\nsystemd-random-seed.service\r\r\ndebian-fixup.sevice\r\r\nsystemd-udev-trgger.service\r\r\nsystemd-sysctl.service\r\r\nsystemd-tmpfile-setup-dev.service\r\r\nsystemd-journal.service\r\r\nsystemd-journalflush.service\r\r\nsystemd-udevd.srvice\r\r\netc-network-intrfaces.dynamic.d.mount\r\r\nsystemd-machineid-commit.service\r\r\nsystemd-tmpfiles-setup.service\r\r\n[\u001b[32m  OK  \u001b[0] Started Tell Plymouth To Write Out Runtime Daa.\r\r\nsystemd-update-tmp.service\r\r\nresolvconf.servce\r\r\nsystemd-timesynd.service\r\r\n[    5.661009] piix4_smbus 0000:00:07.3: SMBus base address uninitialized - upgrade BIOS or use force_addr=0xaddr\r\n[\u001b[32m  OK  \u001b[0m] Found device /dev/ttyS0.\r\r\n[\u001b[32m  OK  \u001b[0m] Created slice system-ifup.slice.\r\r\n[\u001b[32m  OK  \u001b[0m] Found device /sys/subsystem/net/devices/eth0.\r\r\n[    5.962272] intel_rapl: no valid rapl domains found in package 0\r\n[\u001b[32m  OK  \u001b[0m] Started LSB: AppArmor initialization.\r\r\n         Starting LSB: Raise network interfaces....\r\r\n[\u001b[32m  OK  \u001b[0m] Started ifup for eth0.\r\r\napparmor.service\r\r\nifup@eth0.service\r\r\n[\u001b[32m  OK  \u001b[0m] Started LSB: Rise network intrfaces..\r\r\n[\u001b[32m  OK  \u001b[0m] Reached target System Initialization.\r\r\n[\u001b[32m  OK  \u001b[0m] Started Daily Cleanup of Temporary Directories.\r\r\n[\u001b[32m  OK  \u001b[0m] Reached target Timers.\r\r\n[\u001b[32m  OK  \u001b[0m] Listening on ACPID Listen Socket.\r\r\n         Starting lxd-unix.socket.\r\r\n[\u001b[32m  OK  \u001b[0m] Listening on UUID daemon activation socket.\r\r\n[\u001b[32m  OK  \u001b[0m] Started Trigger resolvconf update for networkd DNS.\r\r\n[\u001b[32m  OK  \u001b[0m] Reached target Paths.\r\r\n         Starting Seed the pseudo random number generator on first boot...\r\r\n[\u001b[32m  OK  \u001b[0m] Listening on D-Bus System Message Bus Socket.\r\r\n[\u001b[32m  OK  \u001b[0m] Reached target Network.\r\r\n[\u001b[32m  OK  \u001b[0m] Listening on lxd-unix.socket.\r\r\n[\u001b[32m  OK  \u001b[0m] Reached target Sockets.\r\r\n[\u001b[32m  OK  \u001b[0m] Reached target Basic System.\r\r\n[\u001b[32m  OK  \u001b[0m] Started Hyper-V File Copy Protocol Daemon.\r\r\n[\u001b[32m  OK  \u001b[0m] Started Deferred execution scheduler.\r\r\n         Starting LSB: daemon to balance interrupts for SMP systems...\r\r\n         Starting Initial cloud-init job (pre-networking)...\r\r\n         Starting System Logging Service...\r\r\n         Starting Restore /etc/resolv.conf i...e the ppp link was shut down....\r\r\n[\u001b[32m  OK  \u001b[0m] Started Cgroup management daemon.\r\r\n[\u001b[32m  OK  \u001b[0m] Started Regular background program processing daemon.\r\r\n         networking.service\r\r\nStarting LSB: Set the CPU Frequency Scaling governor to \"ondemad\"...\r\r\n[\u001b[32m  OK  \u001b[0m] Started Hyper-V KVP Protocol Daemon.\r\r\n         Starting Thermal Daemon Service...\r\r\n         Starting Accounts Service...\r\r\n[\u001b[32m  OK  \u001b[0m] Started FUSE filesystem for LXC.\r\r\n         Starting LSB: automatic crash report generation...\r\r\n[\u001b[32m  OK  \u001b[0m] Started Hyper-V VSS Protocol Daemon.\r\r\n         Starting LSB: Record successful boot for GRUB...\r\r\n         Starting LSB: Starts the Micro Name Service Cache Daemon...\r\r\n[\u001b[32m  OK  \u001b[0m] Started D-Bus System Message Bus.\r\r\nhv-fcopy-daemon.service\r\r\natd.service\r\r\ncgmanager.service\r\r\ncron.service\r\r\nhv-kvp-daemon.service\r\r\nlxcfs.service\r\r\nhv-vss-daemon.service\r\r\ndbus.service\r\r\nvar-lib-lxcfs.mount\r\r\n         Starting Login Service...\r\r\n[\u001b[32m  OK  \u001b[0m] Started Wait for all \"auto\" /etc/ne...be up fr network-online.target.\r\r\n[\u001b[32m  OK  \u001b[0m] Started LSB: aemon to balanc interrupts forSMP systems.\r\r\n[\u001b[32m  OK  \u001b[0m] Started Restore /etc/resolv.conf if...ore the ppp link was shut down..\r\r\n[\u001b[32m  OK  \u001b[0m] Started LSB: Set the CPU Frequency Scaling governor to \"ondemand\".\r\r\n[\u001b[32m  OK  \u001b[0m] Started LSB: automatic crash report generation.\r\r\n[\u001b[32m  OK  \u001b[0m] Started LSB: Record successful boot for GRUB.\r\r\n[\u001b[32m  OK  \u001b[0m] Started LSB: Starts the Micro Name Service Cache Daemon.\r\r\n[\u001b[32m  OK  \u001b[0m] Reached target Network is Online.\r\r\n         Starting /etc/rc.local Compatibility...\r\r\n         Starting LXC network bridge setup...\r\r\n[\u001b[32m  OK  \u001b[0m] Started /etc/rc.local Compatibility.\r\r\nrun-cgmanager-fs.mount\r\r\nifup-wait-all-auto.service\r\r\nirqbalance.service\r\r\nondemand.service\r\r\napport.service\r\r\ngrub-common.service\r\r\nunscd.service\r\r\nrc-local.service\r\r\n[\u001b[32m  OK  \u001b[0m] Started Therml Daemon Servic.\r\r\nthermald.service\r\r\n         Starting Authenticate and Authorize Users to Run Privileged Tasks...\r\r\n[\u001b[32m  OK  \u001b[0m] Started Login Service.\r\r\nsystemd-logind.service\r\r\n[\u001b[32m  OK  \u001b[0m] Started Authenticate and Authorize Users to Run Privileged Tasks.\r\r\n[\u001b[32m  OK  \u001b[0m] Started Accounts Service.\r\r\npolkitd.service\r\r\naccounts-daemon.service\r\r\n[\u001b[32m  OK  \u001b[0m] Started LXC network bridge seup.\r\r\n         Starting LXC Container Initialization and Autoboot Code...\r\r\nlxc-net.service\r\r\n[\u001b[32m  OK  \u001b[0m] Started LXC Container Initialization and Autoboot Code.\r\r\n         Starting Container hypervisor based on LXC - boot timecheck...\r\r\nlxc.service\r\r\n[\u001b[32m  OK  \u001b[0m] Started Container hypervisor based on LXC - boot time check.\r\r\n[    9.866974] cloud-init[693]: Cloud-init v. 0.7.7 runnng 'init-local'at Thu, 28 Apr 016 14:38:25 +000. Up 9.72 seconds.\r\r\n[\u001b[32m  OK  \u001b[0m] Started Initial cloud-init job (pre-networking).\r\r\n         Starting Initial cloud-init job (metadata service crawler)...\r\r\ncloud-init-local.service\r\r\n[\u001b[32m  OK  \u001b[0m] Started Seed te pseudo random number generator on first boot.\r\r\n[   10.488260] blk_update_request: I/O error, dev fd0, sector 0\r\n[   10.528221] blk_update_request: I/O error, dev fd0, sector 0\r\ntmp-tmpzqfilduc.mount\r\r\n[   10.646771] cloud-init[950]: + i=eth0\r\r\n[   10.651262] cloud-init[950]: + x=0\r\r\n[   10.651559] cloud-init[950]: + ifdown eth0\r\r\n[   10.682200] cloud-init[950]: Killed old client process\r\r\n[   11.685504] cloud-init[950]: Internet Systems Consortium DHCP Client 4.3.1\r\r\n[   11.686236] cloud-init[950]: Copyright 2004-2014 Internet Systems Consortium.\r\r\n[   11.686885] cloud-init[950]: All rights reserved.\r\r\n[   11.692843] cloud-init[950]: For info, please visit https://www.isc.org/software/dhcp/\r\r\n[   11.704575] cloud-init[950]: Listening on LPF/eth0/00:0d:3a:a0:58:65\r\r\n[   11.705353] cloud-init[950]: Sending on   LPF/eth0/00:0d:3a:a0:58:65\r\r\n[   11.706069] cloud-init[950]: Sending on   Socket/fallback\r\r\n[   11.752678] cloud-init[950]: DHCPRELEASE on eth0 to 168.63.129.16 port 67 (xid=0x228f49ac)\r\r\n[   11.808323] cloud-init[950]: + ifup eh0\r\r\n[   11.832385] cloud-init[950]: Internet Systems Consortium DHCP Client .3.1\r\r\n[   11.837905] cloud-init[950] Copyright 2004-2014 Internet Systems Consortiu.\r\r\n[   11.841350] loud-init[950]: All rights reserved.\r\r\n[   11.843838] cloud-init[950] For info, please visit https:/www.isc.org/software/dhcp/\r\r\n[   11.868717] cloud-init[950]: Listening on LPF/eth0/00:0d:3a:a0:58:65\r\r\n[   11.870896] cloud-init[950]: Sending on   LPF/eth0/00:0d:3a:a0:58:65\r\r\n[   11.871189] cloud-init[950]: Sending on   Socket/fallback\r\r\n[   11.871445] cloud-init[950]: DHCPDISCOVER on eth0 to 255.255.255.255 port 67 interval 3 (xid=0x3f6e6103)\r\r\n[   11.922388] cloud-init[950]: DHCPREQUEST of 10.0.0.4 on eth0 to 255.255.255.255 port 67 (xid=0x3616e3f)\r\r\n[   11.922744] cloud-init[950]: DHCPOFFER of 10.0.0.4 from 168.63.129.16\r\r\n[   11.987437] cloud-init[950]: DHCPACK of 10.0.0.4 from 168.63.129.16\r\r\n[   12.027199] cloud-init[950]: bound to 10.0.04 -- renewal in 4294967295 seconds.\r\r\n[   12.049634] cloud-init[950]: + exit 0\r\r\n[\u001b[32m  OK  \u001b[0m] Started System Logging Service.\r\r\nrsyslog.service\r\r\n[\u001b[32m  OK  \u001b[0m] Started Azure Linux Agent.\r\r\nwalinuxagent.service\r\r\n2016/04/28 14:38:27.820711 INFO Azure Linux Agent Version:2.1.3\r\r\n2016/04/28 14:38:27.827653 INFOOS: ubuntu 15.1\r\r\n2016/04/28 14:38:27.828108 INFO Python: 3.4.3\r\r\n2016/04/28 14:38:27.828368 INFO Run daemon\r\r\n2016/04/28 14:38:27.828572 INFO run Ubuntu provision handler\r\r\n2016/04/28 14:38:27.828792 INFO Waiting cloud-init to copy ovf-env.xml.\r\r\n2016/04/28 14:38:27.836148 INFO Detect protocol endpoints\r\r\n2016/04/28 14:38:27.836448 INFO WireServer endpint is not found. Rerun dhcp handler\r\r\n2016/04/28 14:38:27.836652 INFO Send dhcp request\r\r\n2016/04/28 14:38:27.906366 INFO Configure route\r\r\n2016/04/28 14:3:27.910153 INFO Gateway:10.0.0.\r\r\n2016/04/28 14:38:27.910394 INFO Routes:None\r\r\n2016/04/28 14:3:27.912558 INFO Wire server endoint:168.63.12916\r\r\n2016/04/28 14:38:27.921552 INFO Fabric preferre wire protocol version:2015-04-05\r\r\n2016/04/28 14:3:27.922253 INFO Wire protocol vrsion:2012-11-30\r\r\n2016/04/28 14:3:27.922441 WARNING Server prefered version:2015-04-05\r\r\n[   16.368115] blk_update_request: I/O error, dev fd0, sector 0\r\n[   16.408127] blk_update_request: I/O error, dev fd0, sector 0\r\ntmp-tmp7o2nkr28.mount\r\r\n2016/04/28 14:3:32.261883 INFO Sleep 15 seconds to prevent throttling\r\r\n[   17.669654] cloud-init[950]: Cloud-init v. 0.7.7 running 'init' at Thu, 28 Apr 2016 14:38:25 +0000. Up 10.27 seconds.\r\r\n[   17.674440] cloud-init[950]: ci-info: ++++++++++++++++++++++++++++++++++++++Net device info+++++++++++++++++++++++++++++++++++++++\r\r\n[   17.674706] cloud-init[950]: ci-info: +--------+------+------------------------------+---------------+-------+-------------------+\r\r\n[   17.674960] cloud-init[950]: ci-info: | Device |  Up  |           Address            |      Mask     | Scope |     Hw-Address    |\r\r\n[   17.675210] cloud-init[950]: ci-info: +--------+------+------------------------------+---------------+-------+------------------+\r\r\n[   17.675514] loud-init[950]: ci-info: |   lo   | True |          127.0.0.1           |   255.0.0.0   |   .   |         .         |\r\r\n[   17.675763] cloud-init[950]: ci-info: |   lo   | True |           ::1/128            |       .       |  host |         .         |\r\r\n[   17.680180] cloud-init[950]: ci-info: |  eth0  | True |           10.0.0.4           | 255.255.255.0 |   .   | 00:0d:3a:a0:58:65 |\r\r\n[   17.680437] cloud-init[950]: ci-info: |  eth0  | True | fe80::20d:3aff:fea0:5865/64  |       .       |  link | 00:0d:3a:a0:58:65 |\r\r\n[   17.680679] cloud-init[950]: ci-info: | lxcbr0 | True |           10.0.1.1           | 255.255.255.0 |   .   | 52:dc:8f:ad:11:15 |\r\r\n[   17.680928] cloud-init[950]: ci-info: | lxcbr0 | True | fe80::50dc:8fff:fead:1115/64 |       .       |  link | 52:dc:8f:ad:11:15 |\r\r\n[   17.681176] cloud-init[950]: ci-info: +--------+------+------------------------------+---------------+-------+-------------------+\r\r\n[   17.681428] cloud-init[950]: ci-info: +++++++++++++++++++++++++++++Route IPv4 info++++++++++++++++++++++++++++++\r\r\n[   17.681669] cloud-init[950]: ci-info: +-------+---------------+----------+-----------------+-----------+-------+\r\r\n[   17.690518] cloud-init[950]: ci-info: | Route |  Destination  | Gateway  |     Genmask     | Interface | Flags |\r\r\n[   17.690805] cloud-init[950]: ci-info: +-------+---------------+----------+----------------+-----------+-------+\r\r\n[   17.691056] cloud-init[950]: ci-info: |   0   |    0.0.0.0    | 10.0.0.1 |     0.0.0.0     |    eth0   |   UG  |\r\r\n[   17.691300] cloud-init[950]: ci-info: |   1   |    10.0.0.0   | 0.0.0.0  |  255.255.255.0  |    eth0   |   U   |\r\r\n[   17.691561] cloud-init[950]: ci-info: |   2   |    10.0.1.0   | 0.0.0.0  |  255.255.255.0  |   lxcbr0  |   U   |\r\r\n[   17.691803] cloud-init[950]: ci-info: |   3   | 168.63.129.16 | 10.0.0.1 | 255.255.255.255 |    eth0   |  UGH  |\r\r\n[   17.692066] cloud-init[950]: ci-info: +-------+---------------+----------+-----------------+-----------+-------+\r\r\n[   17.692318] cloud-init[950]: Generating public/private rsa key pair.\r\r\n[   17.692573] cloud-init[950]: Your identification has been saved in /etc/ssh/ssh_host_rsa_key.\r\r\n[   17.692813] cloud-init[950]: Your public key has been saved in /etc/ssh/ssh_host_rsa_key.pub.\r\r\n[   17.693056] cloud-init[950]: The key fingerprint is:\r\r\n[   17.696336] cloud-init[950]: SHA256:i7q1+ykqCRkRi56X5fam14VyIKQeJJ790UbRwPx9Jvc root@xplatvm\r\r\n[   17.696615] cloud-init[950]: The key's randomart image is:\r\r\n[   17.696870] cloud-init[950]: +---[RSA 2048]----+\r\r\n[   17.697122] cloud-init[950]: |..    oo+        |\r\r\n[   17.703972] cloud-init[950]: |oo . . + .       |\r\r\n[   17.704248] cloud-init[950]: |+.= o.o . .      |\r\r\n[   17.704504] cloud-init[950]: |oo.++o + . o +   |\r\r\n[   17.704745] cloud-init[950]: | =.ooo+ S . = .  |\r\r\n[   17.704986] cloud-init[950]: |o .....o + .   E |\r\r\n[   17.705224] cloud-init[950]: | . .  oo= .      |\r\r\n[   17.705473] cloud-init[950]: |  o  o+o o       |\r\r\n[   17.705711] loud-init[950]: |   .++++o        |\r\r\n[   17.705948] cloud-init[950]: +----[SHA256]-----+\r\r\n[   17.706189] cloud-init[950]: Generating public/private dsa key pair.\r\r\n[   17.708028] cloud-init[950]: Your identification has been saved in /etc/ssh/ssh_host_dsa_key\r\r\n[   17.708312] loud-init[950]:Your public keyhas been saved n /etc/ssh/ssh_ost_dsa_key.pub.\r\r\n[   17.708592] cloud-init[950]: The key fingerpint is:\r\r\n[   17.708850] cloud-init[950]: SHA256:i/84lrFfIeQe/OQHzchqnRtcqUridPtkgelb+HwBcbs root@xplatvm\r\r\n[   17.709106] cloud-init[950]: The key's randomart image is:\r\r\n[   17.709356] cloud-init[950]: +---[DSA 1024]----+\r\r\n[   17.709617] cloud-init[950]: |                |\r\r\n[   17.709862] cloud-init[950]: |            . .  |\r\r\n[   17.718348] cloud-init[950]: |          .  o . |\r\r\n[   17.718661] cloud-init[950]: |         + +.+.. |\r\r\n[   17.718917] cloud-init[950]: |        S B B.=. |\r\r\n[   17.719167] cloud-init[950]: |       ..+ @ BE  |\r\r\n[   17.719425] cloud-init[950]: |      . ++O & .. |\r\r\n[   17.719672] cloud-init[950]: |       +=* @ +.  |\r\r\n[   17.719914] cloud-init[950]: |       .++*.=.   |\r\r\n[   17.720187] cloud-init[950]: +----[SHA256]-----+\r\r\n[   17.720438] cloud-init[950]: Generating public/private ecdsa key pair.\r\r\n[   17.730621] cloud-init[950]: Your identification has been saved in /etc/ssh/ssh_host_ecdsa_key.\r\r\n[   17.730929] cloud-init[950]: Your public key has been saved in /etc/ssh/ssh_host_ecdsa_key.pub.\r\r\n[   17.731188] cloud-init[950]: The key fingerprint is:\r\r\n[   17.731461] cloud-init[950]: SHA256:L2RkJ+3kVS53+rLSX3GzAG0fbmOaX6LPMrJ1LqRM4ts root@xplatvm\r\r\n[   17.731710] cloud-init[950]: The key's randomart image is:\r\r\n[   17.731952] cloud-init[950]: +---[ECDSA 256]---+\r\r\n[   17.732222] cloud-init[950]: |              .  |\r\r\n[   17.732474] cloud-init[950]: |         .  .o   |\r\r\n[   17.732711] cloud-init[950]: |        + +.ooo..|\r\r\n[   17.732951] cloud-init[950]: |       o * .oooo.|\r\r\n[   17.733187] cloud-init[950]: |        S o  ..O.|\r\r\n[   17.733432] cloud-init[950]: |       o... . *.*|\r\r\n[   17.733672] cloud-init[950]: |       ..+.o.+.+|\r\r\n[   17.733910] cloud-init[950]: |        .o+.==o+o|\r\r\n[   17.734145] cloud-init[950]: |        ..Eo.*=o.|\r\r\n[   17.734380] cloud-init[950]: +----[SHA256]-----+\r\r\n[   17.734626] cloud-init[950]: Generating public/private ed25519 key pair.\r\r\n[   17.736029] cloud-init[950]: Your identification has been saved in /etc/ssh/ssh_host_ed25519_key.\r\r\n[   17.736303] cloud-init[950]: Your public key has been saved in /etc/ssh/ssh_host_ed25519_key.pub.\r\r\n[   17.736574] cloud-init[950]: The key fingerprint is:\r\r\n[   17.743225] cloud-init[950]: SHA256:cr+OFmAUXbK1I1q4xFEisY7osdYAPz+yFrw7hHN1i1k root@xplatvm\r\r\n[   17.743485] cloud-init[950]: The key's randomart image is:\r\r\n[   17.743729] cloud-init[950]: +--[ED25519 256]--+\r\r\n[   17.748027] cloud-init[950]: |    o.++o.o      |\r\r\n[   17.748324] cloud-init[950]: |     +.+.+ .     |\r\r\n[   17.748602] cloud-init[950]: |.   ..+ + o      |\r\r\n[   17.748853] cloud-init[950]: |.o o..E+ . .     |\r\r\n[   17.749100] cloud-init[950]: |.=+..*+oS        |\r\r\n[   17.749348] cloud-init[950]: |+ Xoo .o..       |\r\r\n[   17.752922] cloud-init[950]: | B.+o    ..      |\r\r\n[   17.753166] cloud-init[950]: |. +o .  .. .     |\r\r\n[   17.753416] cloud-init[950]: | .oo   ...o      |\r\r\n[   17.753671] cloud-init[950]: +----[SHA256]-----+\r\r\n[\u001b[32m  OK  \u001b[0m] Started Initial cloud-init job (metadata service crawler).\r\r\n         Starting Permit User Sessions...\r\r\n[\u001b[32m  OK  \u001b[0m] Started OpenBSD Secure Shell server.\r\r\n[\u001b[32m  OK  \u001b[0m] Reached target Cloud-config availability.\r\r\n         Starting Apply the settings specified in cloud-config...\r\r\n[\u001b[32m  OK  \u001b[0m] Started Permit User Sessions.\r\r\n         Starting Terminate Plymouth Boot Screen...\r\r\n         Starting Wait for Plymouth Boot Screen to Quit...\r\r\ncloud-init.service\r\r\nssh.service\r\r\nsystemd-user-sessions.service\r\r\n[   23.417379] cloud-init[1242]: Generating locales...\r\n[   23.476749] cloud-init[1242]: en_US.UTF-8... up-to-date\r\n[   23.495421] cloud-init[1242]: Generation complete.\r\n[   24.726229] cloud-init[1242]: Cloud-init v. 07.7 running 'modules:config' atThu, 28 Apr 2016 14:38:33 +0000. Up 18.52 secons.\r\n\r\r\nUbuntu 15.10 xplatvm ttyS0\r\n\r\nxplatvm login: ci-info: ++Authorized keys from /home/azureuser/.ssh/authorized_keys for user azureuser+++\r\nci-info: +---------+-------------------------------------------------+---------+---------+\r\nci-info: | Keytype |                Fingerprint (md5)                | Options | Comment |\r\nci-info: +---------+-------------------------------------------------+---------+---------+\r\nci-info: | ssh-rsa | 8f:df:8f:18:ba:cd:cc:63:7c:1f:ea:ae:ba:09:40:65 |    -    |    -    |\r\nci-info: +---------+-------------------------------------------------+---------+---------+\r\n<14>Apr 28 14:38:40 ec2: \r\n<14>Apr 28 14:38:40 ec2: #############################################################\r\n<14>Apr 28 14:38:40 ec2: -----BEGIN SSH HOST KEY FINGERPRINTS-----\r\n<14>Apr 28 14:38:40 ec2: 1024 SHA256:i/84lrFfIeQe/OQHzchqnRtcqUridPtkgelb+HwBcbs root@xplatvm (DSA)\r\n<14>Apr 28 14:38:40 ec2: 256 SHA256:L2RkJ+3kVS53+rLSX3GzAG0fbmOaX6LPMrJ1LqRM4ts root@xplatvm (ECDSA)\r\n<14>Apr 28 14:38:40 ec2: 256 SHA256:cr+OFmAUXbK1I1q4xFEisY7osdYAPz+yFrw7hHN1i1k root@xplatvm (ED25519)\r\n<14>Apr 28 14:38:40 ec2: 2048 SHA256:i7q1+ykqCRkRi56X5fam14VyIKQeJJ790UbRwPx9Jvc root@xplatvm (RSA)\r\n<14>Apr 28 14:38:40 ec2: -----END SSH HOST KEY FINGERPRINTS-----\r\n<14>Apr 28 14:38:40 ec2: #############################################################\r\n-----BEGIN SSH HOST KEY KEYS-----\r\necdsa-sha2-nistp256 AAAAE2VjZHNhLXNoYTItbmlzdHAyNTYAAAAIbmlzdHAyNTYAAABBBFdovSy952lJ4IVkt91aAgDWc0R7Pbvp/s7IsehbOCiKVvuRxthWxOajl4eVhxjacVDiO0E8DPxz6JMJs26vWN8= root@xplatvm\r\nssh-ed25519 AAAAC3NzaC1lZDI1NTE5AAAAIETsG6ANX+DpKlJExw7vKzIowzs1x1wwbBjyZglcCgcR root@xplatvm\r\nssh-rsa AAAAB3NzaC1yc2EAAAADAQABAAABAQCZi6pzHhNPbRpjglDY32ZacPdnbTNip0mfd5rKljZspuExtIc3LctXnF/XQtmvXyK7JHe9KD7lfuxTWpIDq7oEZAh8HJAeytVzy+OQvp9dnsPfZ2KF9HMpgECvxj2CXBgOwqiPY8yAfdEQpXa1qgpIqjP7EK5HtRs4sQwmCEJRi4uRA2GRmJ8RCeNJFb29L4poi3b9GXPpDDzcgYMOjnVdYDfcUu9tBLU78899E5LYyv9Wf/usLQN521xyPFaad/EhpIOga+Iobclcy+3NHCRM8Ac9Q5gKT8D3vZqtACCh1QYaH6yq769pLvhXULIordDY73FxyzPI29c1BSziWRUZ root@xplatvm\r\n-----END SSH HOST KEY KEYS-----\r\n[   25.545125] cloud-init[1350]: Cloud-init v. 0.7.7 running 'modules:final' at Thu, 28 Apr 2016 14:38:40 +0000. Up 25.21 seconds.\r\n[   25.562641] cloud-init[1350]: Cloud-init v. 0.7.7 finished at Thu, 28 Apr 2016 14:38:40 +0000. Datasource DataSourceAzureNet [seed=/dev/sr0].  Up 25.53 seconds\r\n2016/04/28 14:38:47.281808 INFO Wait for ssh host key to be generated.\r\n2016/04/28 14:38:47.289782 INFO Finished provisioning\r\n2016/04/28 14:38:50.015770 INFO Event: name=WALA, op=Provision, message=Provision succeed\r\n2016/04/28 14:38:50.024137 INFO Detect protocol endpoints\r\n2016/04/28 14:38:50.030086 INFO Start env monitor service.\r\n2016/04/28 14:38:50.036173 INFO Configure routes\r\n2016/04/28 14:38:50.040398 INFO Gateway:10.0.0.1\r\n2016/04/28 14:38:50.046560 INFO Routes:None\r\n2016/04/28 14:38:50.050949 INFO Event: name=WALA, op=HeartBeat, message=\r\n2016/04/28 14:38:50.072531 INFO Set block dev timeout: sda with timeout: 300\r\n2016/04/28 14:38:50.078232 INFO Set block dev timeout: sdb with timeout: 300\r\n2016/04/28 14:38:51.078309 INFO Handle new ext handler config\r\n2016/04/28 14:38:51.086359 INFO No ext handler config found\r\n2016/04/28 14:38:51.238737 INFO Successfully reported vm agent status\r\n\u0000\u0000\u0000\u0000\u0000\u0000\u0000\u0000\u0000\u0000\u0000\u0000\u0000\u0000\u0000\u0000\u0000\u0000\u0000\u0000\u0000\u0000\u0000\u0000\u0000\u0000\u0000\u0000\u0000\u0000\u0000\u0000\u0000\u0000\u0000\u0000\u0000\u0000\u0000\u0000\u0000\u0000\u0000\u0000\u0000\u0000\u0000\u0000\u0000\u0000\u0000\u0000\u0000\u0000\u0000\u0000\u0000\u0000\u0000\u0000\u0000\u0000\u0000\u0000\u0000\u0000\u0000\u0000\u0000\u0000\u0000\u0000\u0000\u0000\u0000\u0000\u0000\u0000\u0000\u0000\u0000\u0000\u0000\u0000\u0000\u0000\u0000\u0000\u0000\u0000\u0000\u0000\u0000\u0000\u0000\u0000\u0000\u0000\u0000\u0000\u0000\u0000\u0000\u0000\u0000\u0000\u0000\u0000\u0000\u0000\u0000\u0000\u0000\u0000\u0000\u0000\u0000\u0000\u0000\u0000\u0000\u0000\u0000\u0000\u0000\u0000\u0000\u0000\u0000\u0000\u0000\u0000\u0000\u0000\u0000\u0000\u0000\u0000\u0000\u0000\u0000\u0000\u0000\u0000\u0000\u0000\u0000\u0000\u0000\u0000\u0000\u0000\u0000\u0000\u0000\u0000\u0000\u0000\u0000\u0000\u0000\u0000\u0000\u0000\u0000\u0000\u0000\u0000\u0000\u0000\u0000\u0000\u0000\u0000\u0000\u0000\u0000\u0000\u0000\u0000\u0000\u0000\u0000\u0000\u0000\u0000\u0000\u0000\u0000\u0000\u0000\u0000\u0000\u0000\u0000", { 'content-length': '60416',
  'content-type': 'text/plain',
  'last-modified': 'Thu, 28 Apr 2016 14:38:58 GMT',
  'accept-ranges': 'bytes',
  etag: '"0x8D36F72D53791C9"',
  server: 'Windows-Azure-Blob/1.0 Microsoft-HTTPAPI/2.0',
  'x-ms-request-id': '05464c06-0001-000c-675b-a15e3f000000',
  'x-ms-version': '2015-02-21',
  'x-ms-write-protection': 'false',
  'x-ms-lease-status': 'unlocked',
  'x-ms-lease-state': 'available',
  'x-ms-blob-type': 'PageBlob',
  'x-ms-blob-sequence-number': '0',
  date: 'Thu, 28 Apr 2016 14:39:29 GMT',
  connection: 'close' });
 return result; },
function (nock) { 
var result = 
nock('https://clisto2383713853xplatvm.blob.core.windows.net:443')
  .get('/bootdiagnostics-xplatvm-bd8724b0-c648-4526-990c-06d2c4eb9035/xplatvm.bd8724b0-c648-4526-990c-06d2c4eb9035.serialconsole.log')
