// This file has been autogenerated.

var profile = require('../../../lib/util/profile');

exports.getMockedProfile = function () {
  var newProfile = new profile.Profile();

  newProfile.addSubscription(new profile.Subscription({
    id: 'e33f361b-53c2-4cc7-b829-78906708387b',
    managementCertificate: {
      key: 'mockedKey',
      cert: 'mockedCert'
    },
    name: 'Microsoft Azure Internal Consumption',
    user: {
      name: 'user@domain.example',
      type: 'servicePrincipal'
    },
    tenantId: '72f988bf-86f1-41af-91ab-2d7cd011db47',
    state: 'Enabled',
    registeredProviders: [],
    isDefault: true
  }, newProfile.environments['AzureCloud']));

  return newProfile;
};

exports.setEnvironment = function() {
  process.env['AZURE_VM_TEST_LOCATION'] = 'southeastasia';
  process.env['SSHCERT'] = 'test/myCert.pem';
};

exports.scopes = [[function (nock) { 
var result = 
nock('http://management.azure.com:443')
  .get('/subscriptions/e33f361b-53c2-4cc7-b829-78906708387b/resourceGroups/xplatTestZVMCreate8946/providers/Microsoft.Compute/virtualMachines/xplatvm?$expand=instanceView&api-version=2016-03-30')
  .reply(200, "{\r\n  \"properties\": {\r\n    \"vmId\": \"352f288b-7f69-4eec-a294-9befbbb3d1c1\",\r\n    \"availabilitySet\": {\r\n      \"id\": \"/subscriptions/e33f361b-53c2-4cc7-b829-78906708387b/resourceGroups/xplatTestZVMCreate8946/providers/Microsoft.Compute/availabilitySets/XPLATTESTZVMAVAIL1176\"\r\n    },\r\n    \"hardwareProfile\": {\r\n      \"vmSize\": \"Standard_DS1\"\r\n    },\r\n    \"storageProfile\": {\r\n      \"imageReference\": {\r\n        \"publisher\": \"canonical\",\r\n        \"offer\": \"UbuntuServer\",\r\n        \"sku\": \"15.10\",\r\n        \"version\": \"latest\"\r\n      },\r\n      \"osDisk\": {\r\n        \"osType\": \"Linux\",\r\n        \"name\": \"cli1cfa50ef2cf522dc-os-1462261570191\",\r\n        \"createOption\": \"FromImage\",\r\n        \"vhd\": {\r\n          \"uri\": \"https://xplatteststorage14237.blob.core.windows.net/xplatteststoragecnt14135/cli1cfa50ef2cf522dc-os-1462261570191.vhd\"\r\n        },\r\n        \"caching\": \"ReadWrite\"\r\n      },\r\n      \"dataDisks\": []\r\n    },\r\n    \"osProfile\": {\r\n      \"computerName\": \"xplatvm\",\r\n      \"adminUsername\": \"azureuser\",\r\n      \"linuxConfiguration\": {\r\n        \"disablePasswordAuthentication\": false,\r\n        \"ssh\": {\r\n          \"publicKeys\": [\r\n            {\r\n              \"path\": \"/home/azureuser/.ssh/authorized_keys\",\r\n              \"keyData\": \"MIID/zCCAuegAwIBAgIJAMUAa+XVLvAeMA0GCSqGSIb3DQEBBQUAMIGVMQswCQYD\\r\\nVQQGEwJJbjESMBAGA1UECAwJS2FybmF0YWthMRIwEAYDVQQHDAlCYW5nYWxvcmUx\\r\\nEDAOBgNVBAoMB2JyaWxsaW8xEjAQBgNVBAsMCW1pY3Jvc29mdDEQMA4GA1UEAwwH\\r\\nYnJpbGxpbzEmMCQGCSqGSIb3DQEJARYXc3JlZWthbnRoYnNAeWFob28uY28uaW4w\\r\\nHhcNMTUwMzA1MTE1MzEyWhcNMTYwMzA0MTE1MzEyWjCBlTELMAkGA1UEBhMCSW4x\\r\\nEjAQBgNVBAgMCUthcm5hdGFrYTESMBAGA1UEBwwJQmFuZ2Fsb3JlMRAwDgYDVQQK\\r\\nDAdicmlsbGlvMRIwEAYDVQQLDAltaWNyb3NvZnQxEDAOBgNVBAMMB2JyaWxsaW8x\\r\\nJjAkBgkqhkiG9w0BCQEWF3NyZWVrYW50aGJzQHlhaG9vLmNvLmluMIIBIjANBgkq\\r\\nhkiG9w0BAQEFAAOCAQ8AMIIBCgKCAQEAyUNKaOuT0NK+S8Ck81zy9xJ6hXfZvAC6\\r\\nlhbmf/6s/WVimJ/TX5NMhQJwC9k6ZIF92KfYrojHNvHDufSZ3EtKUVwRFCDjmgMT\\r\\nDL09WkGaZt7gROYFK0iZ4KrYGovUwlwum9fHB24OJiOV4bi0ek62/rHx9fjYZpvp\\r\\naIH2PV/hN8SCZ0x7HJMberD4gVoU/Kv42nNvwjLUW6IZfVx/Gv5OeFDtWHfSvUEF\\r\\ndadHKTPn3Ab20Iu6gZIbLO9Vuf38/IpaYGfnFCouHdzmiTiLieYNe3CUPcOJNSv7\\r\\n1G8KYpx3uNJRkJPab5OsRyJw75Gvzkr9OgaPss9tVD6Gt68u3WQtVQIDAQABo1Aw\\r\\nTjAdBgNVHQ4EFgQUogvhXB+xZ2JJPfLO6cVs4ForzscwHwYDVR0jBBgwFoAUogvh\\r\\nXB+xZ2JJPfLO6cVs4ForzscwDAYDVR0TBAUwAwEB/zANBgkqhkiG9w0BAQUFAAOC\\r\\nAQEAdDj7qUNJ45xlF5cjd+4x5NHvAD1VTjOKu+Xh/uzSSjXqB2F0aOMWA9lx0qaQ\\r\\noJgHkGxj3zz/W7ik/cVGL2O+vRIOKv/y0OPogEmS3Hw+P+O6OGE7x1G6YN0zLVoL\\r\\nu4BN/BEYmjttxM9I7qqL7C5cJoE+K3s/w1/pt/68ohJcr7F9Ohi7cso62xuGY1Rm\\r\\nksAh2EUDsU9JV/P+C9AMpLSrb03JJYzVj4w1RHbrmw2AjFyGXdQYkggyXisg+Ifr\\r\\n5gbNN7HigpHf7b2i3CQBUqp9m23frh5AhnLI2qp3UXgc52U5ieLdi/t6j0TTZqqY\\r\\nHhHqofKrj938HHlBNpC5/LVh3w==\\r\\n\"\r\n            }\r\n          ]\r\n        }\r\n      },\r\n      \"secrets\": []\r\n    },\r\n    \"networkProfile\": {\"networkInterfaces\":[{\"id\":\"/subscriptions/e33f361b-53c2-4cc7-b829-78906708387b/resourceGroups/xplatTestZVMCreate8946/providers/Microsoft.Network/networkInterfaces/xplattestnic\"}]},\r\n    \"diagnosticsProfile\": {\r\n      \"bootDiagnostics\": {\r\n        \"enabled\": true,\r\n        \"storageUri\": \"https://clisto2362498954xplatvm.blob.core.windows.net/\"\r\n      }\r\n    },\r\n    \"provisioningState\": \"Succeeded\",\r\n    \"instanceView\": {\r\n      \"platformUpdateDomain\": 0,\r\n      \"platformFaultDomain\": 0,\r\n      \"vmAgent\": {\r\n        \"vmAgentVersion\": \"2.1.3\",\r\n        \"statuses\": [\r\n          {\r\n            \"code\": \"ProvisioningState/succeeded\",\r\n            \"level\": \"Info\",\r\n            \"displayStatus\": \"Ready\",\r\n            \"message\": \"Guest Agent is running\",\r\n            \"time\": \"2016-05-03T07:50:04+00:00\"\r\n          }\r\n        ],\r\n        \"extensionHandlers\": []\r\n      },\r\n      \"disks\": [\r\n        {\r\n          \"name\": \"cli1cfa50ef2cf522dc-os-1462261570191\",\r\n          \"statuses\": [\r\n            {\r\n              \"code\": \"ProvisioningState/succeeded\",\r\n              \"level\": \"Info\",\r\n              \"displayStatus\": \"Provisioning succeeded\",\r\n              \"time\": \"2016-05-03T07:48:18.4444179+00:00\"\r\n            }\r\n          ]\r\n        }\r\n      ],\r\n      \"bootDiagnostics\": {\r\n        \"consoleScreenshotBlobUri\": \"https://clisto2362498954xplatvm.blob.core.windows.net/bootdiagnostics-xplatvm-352f288b-7f69-4eec-a294-9befbbb3d1c1/xplatvm.352f288b-7f69-4eec-a294-9befbbb3d1c1.screenshot.bmp\",\r\n        \"serialConsoleLogBlobUri\": \"https://clisto2362498954xplatvm.blob.core.windows.net/bootdiagnostics-xplatvm-352f288b-7f69-4eec-a294-9befbbb3d1c1/xplatvm.352f288b-7f69-4eec-a294-9befbbb3d1c1.serialconsole.log\"\r\n      },\r\n      \"statuses\": [\r\n        {\r\n          \"code\": \"ProvisioningState/succeeded\",\r\n          \"level\": \"Info\",\r\n          \"displayStatus\": \"Provisioning succeeded\",\r\n          \"time\": \"2016-05-03T07:49:37.2568971+00:00\"\r\n        },\r\n        {\r\n          \"code\": \"PowerState/running\",\r\n          \"level\": \"Info\",\r\n          \"displayStatus\": \"VM running\"\r\n        }\r\n      ]\r\n    }\r\n  },\r\n  \"id\": \"/subscriptions/e33f361b-53c2-4cc7-b829-78906708387b/resourceGroups/xplatTestZVMCreate8946/providers/Microsoft.Compute/virtualMachines/xplatvm\",\r\n  \"name\": \"xplatvm\",\r\n  \"type\": \"Microsoft.Compute/virtualMachines\",\r\n  \"location\": \"southeastasia\",\r\n  \"tags\": {\r\n    \"a\": \"b\",\r\n    \"b\": \"c\",\r\n    \"d\": \"\"\r\n  }\r\n}", { 'cache-control': 'no-cache',
  pragma: 'no-cache',
  'content-length': '5223',
  'content-type': 'application/json; charset=utf-8',
  expires: '-1',
  'strict-transport-security': 'max-age=31536000; includeSubDomains',
  'x-ms-served-by': 'dce02487-9cda-4782-8138-773eb1573792_131067325081471056',
  'x-ms-request-id': '9263f5ac-ad85-4333-8016-9bf2a61439b1',
  server: 'Microsoft-HTTPAPI/2.0, Microsoft-HTTPAPI/2.0',
  'x-ms-ratelimit-remaining-subscription-reads': '14990',
  'x-ms-correlation-request-id': '35e9e39e-c6a2-49c5-9fd6-a5b34c1ecdd6',
  'x-ms-routing-request-id': 'CENTRALUS:20160503T075008Z:35e9e39e-c6a2-49c5-9fd6-a5b34c1ecdd6',
  date: 'Tue, 03 May 2016 07:50:07 GMT',
  connection: 'close' });
 return result; },
function (nock) { 
var result = 
nock('https://management.azure.com:443')
  .get('/subscriptions/e33f361b-53c2-4cc7-b829-78906708387b/resourceGroups/xplatTestZVMCreate8946/providers/Microsoft.Compute/virtualMachines/xplatvm?$expand=instanceView&api-version=2016-03-30')
  .reply(200, "{\r\n  \"properties\": {\r\n    \"vmId\": \"352f288b-7f69-4eec-a294-9befbbb3d1c1\",\r\n    \"availabilitySet\": {\r\n      \"id\": \"/subscriptions/e33f361b-53c2-4cc7-b829-78906708387b/resourceGroups/xplatTestZVMCreate8946/providers/Microsoft.Compute/availabilitySets/XPLATTESTZVMAVAIL1176\"\r\n    },\r\n    \"hardwareProfile\": {\r\n      \"vmSize\": \"Standard_DS1\"\r\n    },\r\n    \"storageProfile\": {\r\n      \"imageReference\": {\r\n        \"publisher\": \"canonical\",\r\n        \"offer\": \"UbuntuServer\",\r\n        \"sku\": \"15.10\",\r\n        \"version\": \"latest\"\r\n      },\r\n      \"osDisk\": {\r\n        \"osType\": \"Linux\",\r\n        \"name\": \"cli1cfa50ef2cf522dc-os-1462261570191\",\r\n        \"createOption\": \"FromImage\",\r\n        \"vhd\": {\r\n          \"uri\": \"https://xplatteststorage14237.blob.core.windows.net/xplatteststoragecnt14135/cli1cfa50ef2cf522dc-os-1462261570191.vhd\"\r\n        },\r\n        \"caching\": \"ReadWrite\"\r\n      },\r\n      \"dataDisks\": []\r\n    },\r\n    \"osProfile\": {\r\n      \"computerName\": \"xplatvm\",\r\n      \"adminUsername\": \"azureuser\",\r\n      \"linuxConfiguration\": {\r\n        \"disablePasswordAuthentication\": false,\r\n        \"ssh\": {\r\n          \"publicKeys\": [\r\n            {\r\n              \"path\": \"/home/azureuser/.ssh/authorized_keys\",\r\n              \"keyData\": \"MIID/zCCAuegAwIBAgIJAMUAa+XVLvAeMA0GCSqGSIb3DQEBBQUAMIGVMQswCQYD\\r\\nVQQGEwJJbjESMBAGA1UECAwJS2FybmF0YWthMRIwEAYDVQQHDAlCYW5nYWxvcmUx\\r\\nEDAOBgNVBAoMB2JyaWxsaW8xEjAQBgNVBAsMCW1pY3Jvc29mdDEQMA4GA1UEAwwH\\r\\nYnJpbGxpbzEmMCQGCSqGSIb3DQEJARYXc3JlZWthbnRoYnNAeWFob28uY28uaW4w\\r\\nHhcNMTUwMzA1MTE1MzEyWhcNMTYwMzA0MTE1MzEyWjCBlTELMAkGA1UEBhMCSW4x\\r\\nEjAQBgNVBAgMCUthcm5hdGFrYTESMBAGA1UEBwwJQmFuZ2Fsb3JlMRAwDgYDVQQK\\r\\nDAdicmlsbGlvMRIwEAYDVQQLDAltaWNyb3NvZnQxEDAOBgNVBAMMB2JyaWxsaW8x\\r\\nJjAkBgkqhkiG9w0BCQEWF3NyZWVrYW50aGJzQHlhaG9vLmNvLmluMIIBIjANBgkq\\r\\nhkiG9w0BAQEFAAOCAQ8AMIIBCgKCAQEAyUNKaOuT0NK+S8Ck81zy9xJ6hXfZvAC6\\r\\nlhbmf/6s/WVimJ/TX5NMhQJwC9k6ZIF92KfYrojHNvHDufSZ3EtKUVwRFCDjmgMT\\r\\nDL09WkGaZt7gROYFK0iZ4KrYGovUwlwum9fHB24OJiOV4bi0ek62/rHx9fjYZpvp\\r\\naIH2PV/hN8SCZ0x7HJMberD4gVoU/Kv42nNvwjLUW6IZfVx/Gv5OeFDtWHfSvUEF\\r\\ndadHKTPn3Ab20Iu6gZIbLO9Vuf38/IpaYGfnFCouHdzmiTiLieYNe3CUPcOJNSv7\\r\\n1G8KYpx3uNJRkJPab5OsRyJw75Gvzkr9OgaPss9tVD6Gt68u3WQtVQIDAQABo1Aw\\r\\nTjAdBgNVHQ4EFgQUogvhXB+xZ2JJPfLO6cVs4ForzscwHwYDVR0jBBgwFoAUogvh\\r\\nXB+xZ2JJPfLO6cVs4ForzscwDAYDVR0TBAUwAwEB/zANBgkqhkiG9w0BAQUFAAOC\\r\\nAQEAdDj7qUNJ45xlF5cjd+4x5NHvAD1VTjOKu+Xh/uzSSjXqB2F0aOMWA9lx0qaQ\\r\\noJgHkGxj3zz/W7ik/cVGL2O+vRIOKv/y0OPogEmS3Hw+P+O6OGE7x1G6YN0zLVoL\\r\\nu4BN/BEYmjttxM9I7qqL7C5cJoE+K3s/w1/pt/68ohJcr7F9Ohi7cso62xuGY1Rm\\r\\nksAh2EUDsU9JV/P+C9AMpLSrb03JJYzVj4w1RHbrmw2AjFyGXdQYkggyXisg+Ifr\\r\\n5gbNN7HigpHf7b2i3CQBUqp9m23frh5AhnLI2qp3UXgc52U5ieLdi/t6j0TTZqqY\\r\\nHhHqofKrj938HHlBNpC5/LVh3w==\\r\\n\"\r\n            }\r\n          ]\r\n        }\r\n      },\r\n      \"secrets\": []\r\n    },\r\n    \"networkProfile\": {\"networkInterfaces\":[{\"id\":\"/subscriptions/e33f361b-53c2-4cc7-b829-78906708387b/resourceGroups/xplatTestZVMCreate8946/providers/Microsoft.Network/networkInterfaces/xplattestnic\"}]},\r\n    \"diagnosticsProfile\": {\r\n      \"bootDiagnostics\": {\r\n        \"enabled\": true,\r\n        \"storageUri\": \"https://clisto2362498954xplatvm.blob.core.windows.net/\"\r\n      }\r\n    },\r\n    \"provisioningState\": \"Succeeded\",\r\n    \"instanceView\": {\r\n      \"platformUpdateDomain\": 0,\r\n      \"platformFaultDomain\": 0,\r\n      \"vmAgent\": {\r\n        \"vmAgentVersion\": \"2.1.3\",\r\n        \"statuses\": [\r\n          {\r\n            \"code\": \"ProvisioningState/succeeded\",\r\n            \"level\": \"Info\",\r\n            \"displayStatus\": \"Ready\",\r\n            \"message\": \"Guest Agent is running\",\r\n            \"time\": \"2016-05-03T07:50:04+00:00\"\r\n          }\r\n        ],\r\n        \"extensionHandlers\": []\r\n      },\r\n      \"disks\": [\r\n        {\r\n          \"name\": \"cli1cfa50ef2cf522dc-os-1462261570191\",\r\n          \"statuses\": [\r\n            {\r\n              \"code\": \"ProvisioningState/succeeded\",\r\n              \"level\": \"Info\",\r\n              \"displayStatus\": \"Provisioning succeeded\",\r\n              \"time\": \"2016-05-03T07:48:18.4444179+00:00\"\r\n            }\r\n          ]\r\n        }\r\n      ],\r\n      \"bootDiagnostics\": {\r\n        \"consoleScreenshotBlobUri\": \"https://clisto2362498954xplatvm.blob.core.windows.net/bootdiagnostics-xplatvm-352f288b-7f69-4eec-a294-9befbbb3d1c1/xplatvm.352f288b-7f69-4eec-a294-9befbbb3d1c1.screenshot.bmp\",\r\n        \"serialConsoleLogBlobUri\": \"https://clisto2362498954xplatvm.blob.core.windows.net/bootdiagnostics-xplatvm-352f288b-7f69-4eec-a294-9befbbb3d1c1/xplatvm.352f288b-7f69-4eec-a294-9befbbb3d1c1.serialconsole.log\"\r\n      },\r\n      \"statuses\": [\r\n        {\r\n          \"code\": \"ProvisioningState/succeeded\",\r\n          \"level\": \"Info\",\r\n          \"displayStatus\": \"Provisioning succeeded\",\r\n          \"time\": \"2016-05-03T07:49:37.2568971+00:00\"\r\n        },\r\n        {\r\n          \"code\": \"PowerState/running\",\r\n          \"level\": \"Info\",\r\n          \"displayStatus\": \"VM running\"\r\n        }\r\n      ]\r\n    }\r\n  },\r\n  \"id\": \"/subscriptions/e33f361b-53c2-4cc7-b829-78906708387b/resourceGroups/xplatTestZVMCreate8946/providers/Microsoft.Compute/virtualMachines/xplatvm\",\r\n  \"name\": \"xplatvm\",\r\n  \"type\": \"Microsoft.Compute/virtualMachines\",\r\n  \"location\": \"southeastasia\",\r\n  \"tags\": {\r\n    \"a\": \"b\",\r\n    \"b\": \"c\",\r\n    \"d\": \"\"\r\n  }\r\n}", { 'cache-control': 'no-cache',
  pragma: 'no-cache',
  'content-length': '5223',
  'content-type': 'application/json; charset=utf-8',
  expires: '-1',
  'strict-transport-security': 'max-age=31536000; includeSubDomains',
  'x-ms-served-by': 'dce02487-9cda-4782-8138-773eb1573792_131067325081471056',
  'x-ms-request-id': '9263f5ac-ad85-4333-8016-9bf2a61439b1',
  server: 'Microsoft-HTTPAPI/2.0, Microsoft-HTTPAPI/2.0',
  'x-ms-ratelimit-remaining-subscription-reads': '14990',
  'x-ms-correlation-request-id': '35e9e39e-c6a2-49c5-9fd6-a5b34c1ecdd6',
  'x-ms-routing-request-id': 'CENTRALUS:20160503T075008Z:35e9e39e-c6a2-49c5-9fd6-a5b34c1ecdd6',
  date: 'Tue, 03 May 2016 07:50:07 GMT',
  connection: 'close' });
 return result; },
function (nock) { 
var result = 
nock('http://management.azure.com:443')
  .post('/subscriptions/e33f361b-53c2-4cc7-b829-78906708387b/resourceGroups/xplatTestZVMCreate8946/providers/Microsoft.Storage/storageAccounts/clisto2362498954xplatvm/listKeys?api-version=2016-01-01')
  .reply(200, "{\"keys\":[{\"keyName\":\"key1\",\"permissions\":\"Full\",\"value\":\"YcqWyHn4q0A4PwgXqnkPsszGfSjm5VtC9ekwGOWtC8YPCypfy199VOhtho/HiYTejVbxNS9Qyh1gpkgCcP1dWw==\"},{\"keyName\":\"key2\",\"permissions\":\"Full\",\"value\":\"ccUjIfcRRhvRyZTrj2CVgLu9tZV/w5pBUAdvygGtLe64Iz+lOfek1TW7TMR07E68Q6RGP0M9n8LWY5N7xHlv/A==\"}]}\n", { 'cache-control': 'no-cache',
  pragma: 'no-cache',
  'content-length': '289',
  'content-type': 'application/json',
  expires: '-1',
  'x-ms-request-id': '790789ce-fb0b-4905-9f9e-168e97fd879f',
  server: 'Microsoft-Azure-Storage-Resource-Provider/1.0, Microsoft-HTTPAPI/2.0',
  'x-ms-ratelimit-remaining-subscription-writes': '1195',
  'x-ms-correlation-request-id': '790789ce-fb0b-4905-9f9e-168e97fd879f',
  'x-ms-routing-request-id': 'CENTRALUS:20160503T075009Z:790789ce-fb0b-4905-9f9e-168e97fd879f',
  'strict-transport-security': 'max-age=31536000; includeSubDomains',
  date: 'Tue, 03 May 2016 07:50:08 GMT',
  connection: 'close' });
 return result; },
function (nock) { 
var result = 
nock('https://management.azure.com:443')
  .post('/subscriptions/e33f361b-53c2-4cc7-b829-78906708387b/resourceGroups/xplatTestZVMCreate8946/providers/Microsoft.Storage/storageAccounts/clisto2362498954xplatvm/listKeys?api-version=2016-01-01')
  .reply(200, "{\"keys\":[{\"keyName\":\"key1\",\"permissions\":\"Full\",\"value\":\"YcqWyHn4q0A4PwgXqnkPsszGfSjm5VtC9ekwGOWtC8YPCypfy199VOhtho/HiYTejVbxNS9Qyh1gpkgCcP1dWw==\"},{\"keyName\":\"key2\",\"permissions\":\"Full\",\"value\":\"ccUjIfcRRhvRyZTrj2CVgLu9tZV/w5pBUAdvygGtLe64Iz+lOfek1TW7TMR07E68Q6RGP0M9n8LWY5N7xHlv/A==\"}]}\n", { 'cache-control': 'no-cache',
  pragma: 'no-cache',
  'content-length': '289',
  'content-type': 'application/json',
  expires: '-1',
  'x-ms-request-id': '790789ce-fb0b-4905-9f9e-168e97fd879f',
  server: 'Microsoft-Azure-Storage-Resource-Provider/1.0, Microsoft-HTTPAPI/2.0',
  'x-ms-ratelimit-remaining-subscription-writes': '1195',
  'x-ms-correlation-request-id': '790789ce-fb0b-4905-9f9e-168e97fd879f',
  'x-ms-routing-request-id': 'CENTRALUS:20160503T075009Z:790789ce-fb0b-4905-9f9e-168e97fd879f',
  'strict-transport-security': 'max-age=31536000; includeSubDomains',
  date: 'Tue, 03 May 2016 07:50:08 GMT',
  connection: 'close' });
 return result; },
function (nock) { 
var result = 
nock('http://clisto2362498954xplatvm.blob.core.windows.net:443')
  .head('/bootdiagnostics-xplatvm-352f288b-7f69-4eec-a294-9befbbb3d1c1/xplatvm.352f288b-7f69-4eec-a294-9befbbb3d1c1.serialconsole.log')
  .reply(200, "", { 'content-length': '60416',
  'content-type': 'text/plain',
  'last-modified': 'Tue, 03 May 2016 07:49:48 GMT',
  'accept-ranges': 'bytes',
  etag: '"0x8D373278068ECFE"',
  server: 'Windows-Azure-Blob/1.0 Microsoft-HTTPAPI/2.0',
  'x-ms-request-id': '319cd604-0001-0108-5e10-a5c6cb000000',
  'x-ms-version': '2015-02-21',
  'x-ms-lease-status': 'unlocked',
  'x-ms-lease-state': 'available',
  'x-ms-blob-type': 'PageBlob',
  'x-ms-blob-sequence-number': '0',
  date: 'Tue, 03 May 2016 07:50:09 GMT',
  connection: 'close' });
 return result; },
function (nock) { 
var result = 
nock('https://clisto2362498954xplatvm.blob.core.windows.net:443')
  .head('/bootdiagnostics-xplatvm-352f288b-7f69-4eec-a294-9befbbb3d1c1/xplatvm.352f288b-7f69-4eec-a294-9befbbb3d1c1.serialconsole.log')
  .reply(200, "", { 'content-length': '60416',
  'content-type': 'text/plain',
  'last-modified': 'Tue, 03 May 2016 07:49:48 GMT',
  'accept-ranges': 'bytes',
  etag: '"0x8D373278068ECFE"',
  server: 'Windows-Azure-Blob/1.0 Microsoft-HTTPAPI/2.0',
  'x-ms-request-id': '319cd604-0001-0108-5e10-a5c6cb000000',
  'x-ms-version': '2015-02-21',
  'x-ms-lease-status': 'unlocked',
  'x-ms-lease-state': 'available',
  'x-ms-blob-type': 'PageBlob',
  'x-ms-blob-sequence-number': '0',
  date: 'Tue, 03 May 2016 07:50:09 GMT',
  connection: 'close' });
 return result; },
function (nock) { 
var result = 
nock('http://clisto2362498954xplatvm.blob.core.windows.net:443')
  .get('/bootdiagnostics-xplatvm-352f288b-7f69-4eec-a294-9befbbb3d1c1/xplatvm.352f288b-7f69-4eec-a294-9befbbb3d1c1.serialconsole.log')
  .reply(200, "\u001b[H\u001b[J\u001b[1;1H[    0.000000] Initializing cgroup subsys cpuset\r\n[    0.000000] Initializing cgroup subsys cpu\r\n[    0.000000] Initializing cgroup subsys cpuacct\r\n[    0.000000] Linux version 4.2.0-35-generic (buildd@lgw01-43) (gcc version 5.2.1 20151010 (Ubuntu 5.2.1-22ubuntu2) ) #40-Ubuntu SMP Tue Mar 15 22:15:45 UTC 2016 (Ubuntu 4.2.0-35.40-generic 4.2.8-ckt5)\r\n[    0.000000] Command line: BOOT_IMAGE=/boot/vmlinuz-4.2.0-35-generic root=UUID=e76b11a1-29e0-4279-a7de-dac4f6de393a ro console=tty1 console=ttyS0 earlyprintk=ttyS0 rootdelay=300\r\n[    0.000000] KERNEL supported cpus:\r\n[    0.000000]   Intel GenuineIntel\r\n[    0.000000]   AMD AuthenticAMD\r\n[    0.000000]   Centaur CentaurHauls\r\n[    0.000000] x86/fpu: xstate_offset[2]: 0240, xstate_sizes[2]: 0100\r\n[    0.000000] x86/fpu: Supporting XSAVE feature 0x01: 'x87 floating point registers'\r\n[    0.000000] x86/fpu: Supporting XSAVE feature 0x02: 'SSE registers'\r\n[    0.000000] x86/fpu: Supporting XSAVE feature 0x04: 'AVX registers'\r\n[    0.000000] x86/fpu: Enabled xstate features 0x7, context size is 0x340 bytes, using 'standard' format.\r\n[    0.000000] x86/fpu: Using 'eager' FPU context switches.\r\n[    0.000000] e820: BIOS-provided physical RAM map:\r\n[    0.000000] BIOS-e820: [mem 0x0000000000000000-0x000000000009fbff] usable\r\n[    0.000000] BIOS-e820: [mem 0x000000000009fc00-0x000000000009ffff] reserved\r\n[    0.000000] BIOS-e820: [mem 0x00000000000e0000-0x00000000000fffff] reserved\r\n[    0.000000] BIOS-e820: [mem 0x0000000000100000-0x000000001ffeffff] usable\r\n[    0.000000] BIOS-e820: [mem 0x000000001fff0000-0x000000001fffefff] ACPI data\r\n[    0.000000] BIOS-e820: [mem 0x000000001ffff000-0x000000001fffffff] ACPI NVS\r\n[    0.000000] BIOS-e820: [mem 0x0000000100000000-0x00000001bfffffff] usable\r\n[    0.000000] bootconsole [earlyser0] enabled\r\n[    0.000000] NX (Execute Disable) protection: active\r\n[    0.000000] SMBIOS 2.3 present.\r\n[    0.000000] Hypervisor detected: Microsoft HyperV\r\n[    0.000000] HyperV: features 0xe7f, hints 0x2c\r\n[    0.000000] HyperV: LAPIC Timer Frequency: 0xc3500\r\n[    0.000000] clocksource: hyperv_clocksource: mask: 0xffffffffffffffff max_cycles: 0x24e6a1710, max_idle_ns: 440795202120 ns\r\n[    0.000000] tsc: Marking TSC unstable due to running on Hyper-V\r\n[    0.000000] e820: last_pfn = 0x1c0000 max_arch_pfn = 0x400000000\r\n[    0.000000] x86/PAT: Configuration [0-7]: WB  WC  UC- UC  WB  WC  UC- WT  \r\n[    0.000000] e820: last_pfn = 0x1fff0 max_arch_pfn = 0x400000000\r\n[    0.000000] found SMP MP-table at [mem 0x000ff780-0x000ff78f] mapped at [ffff8800000ff780]\r\n[    0.000000] Scanning 1 areas for low memory corruption\r\n[    0.000000] init_memory_mapping: [mem 0x00000000-0x000fffff]\r\n[    0.000000] init_memory_mapping: [mem 0x1bfe00000-0x1bfffffff]\r\n[    0.000000] init_memory_mapping: [mem 0x1a0000000-0x1bfdfffff]\r\n[    0.000000] init_memory_mapping: [mem 0x00100000-0x1ffeffff]\r\n[    0.000000] init_memory_mapping: [mem 0x100000000-0x19fffffff]\r\n[    0.000000] RAMDISK: [mem 0x1d9d3000-0x1f7a1fff]\r\n[    0.000000] ACPI: Early table checksum verification disabled\r\n[    0.000000] ACPI: RSDP 0x00000000000F56F0 000014 (v00 ACPIAM)\r\n[    0.000000] ACPI: RSDT 0x000000001FFF0000 000040 (v01 VRTUAL MICROSFT 05001223 MSFT 00000097)\r\n[    0.000000] ACPI: FACP 0x000000001FFF0200 000081 (v02 VRTUAL MICROSFT 05001223 MSFT 00000097)\r\n[    0.000000] ACPI: DSDT 0x000000001FFF1724 002E78 (v01 MSFTVM MSFTVM02 00000002 INTL 02002026)\r\n[    0.000000] ACPI: FACS 0x000000001FFFF000 000040\r\n[    0.000000] ACPI: WAET 0x000000001FFF1480 000028 (v01 VRTUAL MICROSFT 05001223 MSFT 00000097)\r\n[    0.000000] ACPI: SLIC 0x000000001FFF14C0 000176 (v01 VRTUAL MICROSFT 05001223 MSFT 00000097)\r\n[    0.000000] ACPI: OEM0 0x000000001FFF16C0 000064 (v01 VRTUAL MICROSFT 05001223 MSFT 00000097)\r\n[    0.000000] ACPI: SRAT 0x000000001FFF0600 000090 (v02 VRTUAL MICROSFT 00000001 MSFT 00000001)\r\n[    0.000000] ACPI: APIC 0x000000001FFF0300 00024C (v01 VRTUAL MICROSFT 05001223 MSFT 00000097)\r\n[    0.000000] ACPI: OEMB 0x000000001FFFF040 000064 (v01 VRTUAL MICROSFT 05001223 MSFT 00000097)\r\n[    0.000000] SRAT: PXM 0 -> APIC 0x00 -> Node 0\r\n[    0.000000] SRAT: Node 0 PXM 0 [mem 0x00000000-0x1fffffff]\r\n[    0.000000] SRAT: Node 0 PXM 0 [mem 0x100000000-0x1bfffffff]\r\n[    0.000000] NUMA: Node 0 [mem 0x00000000-0x1fffffff] + [mem 0x100000000-0x1bfffffff] -> [mem 0x00000000-0x1bfffffff]\r\n[    0.000000] NODE_DATA(0) allocated [mem 0x1bfffa000-0x1bfffefff]\r\n[    0.000000] Zone ranges:\r\n[    0.000000]   DMA      [mem 0x0000000000001000-0x0000000000ffffff]\r\n[    0.000000]   DMA32    [mem 0x0000000001000000-0x00000000ffffffff]\r\n[    0.000000]   Normal   [mem 0x0000000100000000-0x00000001bfffffff]\r\n[    0.000000] Movable zone start for each node\r\n[    0.000000] Early memory node ranges\r\n[    0.000000]   node   0: [mem 0x0000000000001000-0x000000000009efff]\r\n[    0.000000]   node   0: [mem 0x0000000000100000-0x000000001ffeffff]\r\n[    0.000000]   node   0: [mem 0x0000000100000000-0x00000001bfffffff]\r\n[    0.000000] Initmem setup node 0 [mem 0x0000000000001000-0x00000001bfffffff]\r\n[    0.000000] ACPI: PM-Timer IO Port: 0x408\r\n[    0.000000] IOAPIC[0]: apic_id 0, version 17, address 0xfec00000, GSI 0-23\r\n[    0.000000] ACPI: INT_SRC_OVR (bus 0 bus_irq 0 global_irq 2 dfl dfl)\r\n[    0.000000] ACPI: INT_SRC_OVR (bus 0 bus_irq 9 global_irq 9 high level)\r\n[    0.000000] Using ACPI (MADT) for SMP configuration information\r\n[    0.000000] smpboot: Allowing 64 CPUs, 63 hotplug CPUs\r\n[    0.000000] PM: Registered nosave memory: [mem 0x00000000-0x00000fff]\r\n[    0.000000] PM: Registered nosave memory: [mem 0x0009f000-0x0009ffff]\r\n[    0.000000] PM: Registered nosave memory: [mem 0x000a0000-0x000dffff]\r\n[    0.000000] PM: Registered nosave memory: [mem 0x000e0000-0x000fffff]\r\n[    0.000000] PM: Registered nosave memory: [mem 0x1fff0000-0x1fffefff]\r\n[    0.000000] PM: Registered nosave memory: [mem 0x1ffff000-0x1fffffff]\r\n[    0.000000] PM: Registered nosave memory: [mem 0x20000000-0xffffffff]\r\n[    0.000000] e820: [mem 0x20000000-0xffffffff] available for PCI devices\r\n[    0.000000] Booting paravirtualized kernel on bare hardware\r\n[    0.000000] clocksource: refined-jiffies: mask: 0xffffffff max_cycles: 0xffffffff, max_idle_ns: 7645519600211568 ns\r\n[    0.000000] setup_percpu: NR_CPUS:256 nr_cpumask_bits:256 nr_cpu_ids:64 nr_node_ids:1\r\n[    0.000000] PERCPU: Embedded 33 pages/cpu @ffff8801bae00000 s96728 r8192 d30248 u262144\r\n[    0.000000] Built 1 zonelists in Node order, mobility grouping on.  Total pages: 903033\r\n[    0.000000] Policy zone: Normal\r\n[    0.000000] Kernel command line: BOOT_IMAGE=/boot/vmlinuz-4.2.0-35-generic root=UUID=e76b11a1-29e0-4279-a7de-dac4f6de393a ro console=tty1 console=ttyS0 earlyprintk=ttyS0 rootdelay=300\r\n[    0.000000] log_buf_len individual max cpu contribution: 4096 bytes\r\n[    0.000000] log_buf_len total cpu_extra contributions: 258048 bytes\r\n[    0.000000] log_buf_len min size: 262144 bytes\r\n[    0.000000] log_buf_len: 524288 bytes\r\n[    0.000000] early log buf free: 252360(96%)\r\n[    0.000000] PID hash table entries: 4096 (order: 3, 32768 bytes)\r\n[    0.000000] Memory: 3487928K/3669560K available (8182K kernel code, 1239K rwdata, 3804K rodata, 1464K init, 1292K bss, 181632K reserved, 0K cma-reserved)\r\n[    0.000000] SLUB: HWalign=64, Order=0-3, MinObjects=0, CPUs=64, Nodes=1\r\n[    0.000000] Hierarchical RCU implementation.\r\n[    0.000000] \tBuild-time adjustment of leaf fanout to 64.\r\n[    0.000000] \tRCU restricting CPUs from NR_CPUS=256 to nr_cpu_ids=64.\r\n[    0.000000] RCU: Adjusting geometry for rcu_fanout_leaf=64, nr_cpu_ids=64\r\n[    0.000000] NR_IRQS:16640 nr_irqs:936 16\r\n[    0.000000] \tOffload RCU callbacks from all CPUs\r\n[    0.000000] \tOffload RCU callbacks from CPUs: 0-63.\r\n[    0.000000] Console: colour VGA+ 80x25\r\n[    0.000000] console [tty1] enabled\r\n[    0.000000] console [ttyS0] enabled\r\n[    0.000000] console [ttyS0] enabled\r\n[    0.000000] bootconsole [earlyser0] disabled\r\n[    0.000000] bootconsole [earlyser0] disabled\r\n[    0.000000] tsc: Fast TSC calibration failed\r\n[    0.000000] tsc: Unable to calibrate against PIT\r\n[    0.000000] tsc: using PMTIMER reference calibration\r\n[    0.000000] tsc: Detected 2194.470 MHz processor\r\n[    0.020049] Calibrating delay loop (skipped), value calculated using timer frequency.. 4388.94 BogoMIPS (lpj=8777880)\r\n[    0.024023] pid_max: default: 65536 minimum: 512\r\n[    0.025901] ACPI: Core revision 20150619\r\n[    0.030096] ACPI: All ACPI Tables successfully acquired\r\n[    0.035154] Security Framework initialized\r\n[    0.036078] AppArmor: AppArmor initialized\r\n[    0.038043] Yama: becoming mindful.\r\n[    0.040374] Dentry cache hash table entries: 524288 (order: 10, 4194304 bytes)\r\n[    0.045146] Inode-cache hash table entries: 262144 (order: 9, 2097152 bytes)\r\n[    0.048170] Mount-cache hash table entries: 8192 (order: 4, 65536 bytes)\r\n[    0.050469] Mountpoint-cache hash table entries: 8192 (order: 4, 65536 bytes)\r\n[    0.052341] Initializing cgroup subsys blkio\r\n[    0.054390] Initializing cgroup subsys memory\r\n[    0.056053] Initializing cgroup subsys devices\r\n[    0.057997] Initializing cgroup subsys freezer\r\n[    0.060036] Initializing cgroup subsys net_cls\r\n[    0.061942] Initializing cgroup subsys perf_event\r\n[    0.064031] Initializing cgroup subsys net_prio\r\n[    0.065592] Initializing cgroup subsys hugetlb\r\n[    0.068108] mce: CPU supports 1 MCE banks\r\n[    0.069658] Last level iTLB entries: 4KB 512, 2MB 8, 4MB 8\r\n[    0.071294] Last level dTLB entries: 4KB 512, 2MB 32, 4MB 32, 1GB 0\r\n[    0.097815] ftrace: allocating 30947 entries in 121 pages\r\n[    0.112141] Switched APIC routing to physical flat.\r\n[    0.125301] ..TIMER: vector=0x30 apic1=0 pin1=2 apic2=-1 pin2=-1\r\n[    0.128097] smpboot: CPU0: Intel(R) Xeon(R) CPU E5-2660 0 @ 2.20GHz (fam: 06, model: 2d, stepping: 07)\r\n[    0.132000] Performance Events: unsupported p6 CPU model 45 no PMU driver, software events only.\r\n[    0.136588] x86: Booted up 1 node, 1 CPUs\r\n[    0.137884] smpboot: Total of 1 processors activated (4388.94 BogoMIPS)\r\n[    0.140009] NMI watchdog: disabled (cpu0): hardware events not enabled\r\n[    0.141581] NMI watchdog: Shutting down hard lockup detector on all cpus\r\n[    0.145056] devtmpfs: initialized\r\n[    0.148908] evm: security.selinux\r\n[    0.150096] evm: security.SMACK64\r\n[    0.151284] evm: security.SMACK64EXEC\r\n[    0.152012] evm: security.SMACK64TRANSMUTE\r\n[    0.153281] evm: security.SMACK64MMAP\r\n[    0.154484] evm: security.ima\r\n[    0.156007] evm: security.capability\r\n[    0.157301] PM: Registering ACPI NVS region [mem 0x1ffff000-0x1fffffff] (4096 bytes)\r\n[    0.159117] clocksource: jiffies: mask: 0xffffffff max_cycles: 0xffffffff, max_idle_ns: 7645041785100000 ns\r\n[    0.160190] pinctrl core: initialized pinctrl subsystem\r\n[    0.164345] RTC time:  7:49:02, date: 05/03/16\r\n[    0.165759] NET: Registered protocol family 16\r\n[    0.167270] cpuidle: using governor ladder\r\n[    0.168011] cpuidle: using governor menu\r\n[    0.169368] ACPI: bus type PCI registered\r\n[    0.170597] acpiphp: ACPI Hot Plug PCI Controller Driver version: 0.5\r\n[    0.172370] PCI: Using configuration type 1 for base access\r\n[    0.176171] ACPI: Added _OSI(Module Device)\r\n[    0.177432] ACPI: Added _OSI(Processor Device)\r\n[    0.178700] ACPI: Added _OSI(3.0 _SCP Extensions)\r\n[    0.180008] ACPI: Added _OSI(Processor Aggregator Device)\r\n[    0.183945] ACPI: Interpreter enabled\r\n[    0.184009] ACPI Exception: AE_NOT_FOUND, While evaluating Sleep State [\\_S1_] (20150619/hwxface-580)\r\n[    0.188003] ACPI Exception: AE_NOT_FOUND, While evaluating Sleep State [\\_S2_] (20150619/hwxface-580)\r\n[    0.191081] ACPI Exception: AE_NOT_FOUND, While evaluating Sleep State [\\_S3_] (20150619/hwxface-580)\r\n[    0.194153] ACPI Exception: AE_NOT_FOUND, While evaluating Sleep State [\\_S4_] (20150619/hwxface-580)\r\n[    0.198254] ACPI: (supports S0 S5)\r\n[    0.200003] ACPI: Using IOAPIC for interrupt routing\r\n[    0.201337] PCI: Using host bridge windows from ACPI; if necessary, use \"pci=nocrs\" and report a bug\r\n[    0.214123] ACPI: PCI Root Bridge [PCI0] (domain 0000 [bus 00-ff])\r\n[    0.215632] acpi PNP0A03:00: _OSC: OS supports [ASPM ClockPM Segments MSI]\r\n[    0.216008] acpi PNP0A03:00: _OSC failed (AE_NOT_FOUND); disabling ASPM\r\n[    0.217922] acpi PNP0A03:00: fail to add MMCONFIG information, can't access extended PCI configuration space under this bridge.\r\n[    0.220135] PCI host bridge to bus 0000:00\r\n[    0.221355] pci_bus 0000:00: root bus resource [bus 00-ff]\r\n[    0.224014] pci_bus 0000:00: root bus resource [mem 0xfe0000000-0xfffefffff window]\r\n[    0.225735] pci_bus 0000:00: root bus resource [io  0x0000-0x0cf7 window]\r\n[    0.227179] pci_bus 0000:00: root bus resource [io  0x0d00-0xffff window]\r\n[    0.228004] pci_bus 0000:00: root bus resource [mem 0x000a0000-0x000bffff window]\r\n[    0.229705] pci_bus 0000:00: root bus resource [mem 0x20000000-0xfffbffff window]\r\n[    0.239381] pci 0000:00:07.1: legacy IDE quirk: reg 0x10: [io  0x01f0-0x01f7]\r\n[    0.240004] pci 0000:00:07.1: legacy IDE quirk: reg 0x14: [io  0x03f6]\r\n[    0.241506] pci 0000:00:07.1: legacy IDE quirk: reg 0x18: [io  0x0170-0x0177]\r\n[    0.243050] pci 0000:00:07.1: legacy IDE quirk: reg 0x1c: [io  0x0376]\r\n[    0.244457] * Found PM-Timer Bug on the chipset. Due to workarounds for a bug,\r\n[    0.244457] * this clock source is slow. Consider trying other clock sources\r\n[    0.249746] pci 0000:00:07.3: quirk: [io  0x0400-0x043f] claimed by PIIX4 ACPI\r\n[    0.260543] ACPI: PCI Interrupt Link [LNKA] (IRQs 3 4 5 7 9 10 *11 12 14 15)\r\n[    0.269672] ACPI: PCI Interrupt Link [LNKB] (IRQs 3 4 5 7 9 10 11 12 14 15) *0, disabled.\r\n[    0.280207] ACPI: PCI Interrupt Link [LNKC] (IRQs 3 4 5 7 9 10 11 12 14 15) *0, disabled.\r\n[    0.291229] ACPI: PCI Interrupt Link [LNKD] (IRQs 3 4 5 7 9 10 11 12 14 15) *0, disabled.\r\n[    0.301750] ACPI: Enabled 1 GPEs in block 00 to 0F\r\n[    0.304188] vgaarb: setting as boot device: PCI:0000:00:08.0\r\n[    0.305534] vgaarb: device added: PCI:0000:00:08.0,decodes=io+mem,owns=io+mem,locks=none\r\n[    0.308009] vgaarb: loaded\r\n[    0.309056] vgaarb: bridge control possible 0000:00:08.0\r\n[    0.310629] SCSI subsystem initialized\r\n[    0.311910] ACPI: bus type USB registered\r\n[    0.312025] usbcore: registered new interface driver usbfs\r\n[    0.313380] usbcore: registered new interface driver hub\r\n[    0.314827] usbcore: registered new device driver usb\r\n[    0.316220] PCI: Using ACPI for IRQ routing\r\n[    0.317956] NetLabel: Initializing\r\n[    0.320003] NetLabel:  domain hash size = 128\r\n[    0.321255] NetLabel:  protocols = UNLABELED CIPSOv4\r\n[    0.322564] NetLabel:  unlabeled traffic allowed by default\r\n[    0.324132] clocksource: Switched to clocksource hyperv_clocksource\r\n[    0.333222] AppArmor: AppArmor Filesystem Enabled\r\n[    0.335952] pnp: PnP ACPI init\r\n[    0.339505] system 00:06: [io  0x01e0-0x01ef] has been reserved\r\n[    0.340893] system 00:06: [io  0x0160-0x016f] has been reserved\r\n[    0.342361] system 00:06: [io  0x0278-0x027f] has been reserved\r\n[    0.343749] system 00:06: [io  0x0378-0x037f] has been reserved\r\n[    0.345133] system 00:06: [io  0x0678-0x067f] has been reserved\r\n[    0.346553] system 00:06: [io  0x0778-0x077f] has been reserved\r\n[    0.347935] system 00:06: [io  0x04d0-0x04d1] has been reserved\r\n[    0.349492] system 00:07: [io  0x0400-0x043f] has been reserved\r\n[    0.350895] system 00:07: [io  0x0370-0x0371] has been reserved\r\n[    0.352272] system 00:07: [io  0x0440-0x044f] has been reserved\r\n[    0.353625] system 00:07: [mem 0xfec00000-0xfec00fff] could not be reserved\r\n[    0.355130] system 00:07: [mem 0xfee00000-0xfee00fff] has been reserved\r\n[    0.356690] system 00:08: [mem 0x00000000-0x0009ffff] could not be reserved\r\n[    0.358193] system 00:08: [mem 0x000c0000-0x000dffff] could not be reserved\r\n[    0.359714] system 00:08: [mem 0x000e0000-0x000fffff] could not be reserved\r\n[    0.361199] system 00:08: [mem 0x00100000-0x1fffffff] could not be reserved\r\n[    0.362693] system 00:08: [mem 0xfffc0000-0xffffffff] has been reserved\r\n[    0.364393] pnp: PnP ACPI: found 9 devices\r\n[    0.371742] clocksource: acpi_pm: mask: 0xffffff max_cycles: 0xffffff, max_idle_ns: 2085701024 ns\r\n[    0.374905] NET: Registered protocol family 2\r\n[    0.376461] TCP established hash table entries: 32768 (order: 6, 262144 bytes)\r\n[    0.378077] TCP bind hash table entries: 32768 (order: 7, 524288 bytes)\r\n[    0.379480] TCP: Hash tables configured (established 32768 bind 32768)\r\n[    0.380934] UDP hash table entries: 2048 (order: 4, 65536 bytes)\r\n[    0.382241] UDP-Lite hash table entries: 2048 (order: 4, 65536 bytes)\r\n[    0.383807] NET: Registered protocol family 1\r\n[    0.385025] pci 0000:00:00.0: Limiting direct PCI/PCI transfers\r\n[    0.386596] Trying to unpack rootfs image as initramfs...\r\n[    0.963961] Freeing initrd memory: 30524K (ffff88001d9d3000 - ffff88001f7a2000)\r\n[    0.966761] PCI-DMA: Using software bounce buffering for IO (SWIOTLB)\r\n[    0.968700] software IO TLB [mem 0x199d3000-0x1d9d3000] (64MB) mapped at [ffff8800199d3000-ffff88001d9d2fff]\r\n[    0.971482] clocksource: tsc: mask: 0xffffffffffffffff max_cycles: 0x1fa1cad2c37, max_idle_ns: 440795289669 ns\r\n[    0.974565] RAPL PMU detected, API unit is 2^-32 Joules, 3 fixed counters 10737418240 ms ovfl timer\r\n[    0.977390] hw unit of domain pp0-core 2^-0 Joules\r\n[    0.979388] hw unit of domain package 2^-0 Joules\r\n[    0.981567] hw unit of domain dram 2^-0 Joules\r\n[    0.983707] microcode: CPU0 sig=0x206d7, pf=0x1, revision=0xffffffff\r\n[    0.985868] microcode: Microcode Update Driver: v2.00 <tigran@aivazian.fsnet.co.uk>, Peter Oruba\r\n[    0.988766] Scanning for low memory corruption every 60 seconds\r\n[    0.992245] futex hash table entries: 16384 (order: 8, 1048576 bytes)\r\n[    0.994695] Initialise system trusted keyring\r\n[    0.996928] audit: initializing netlink subsys (disabled)\r\n[    0.999060] audit: type=2000 audit(1462261742.996:1): initialized\r\n[    1.001703] HugeTLB registered 2 MB page size, pre-allocated 0 pages\r\n[    1.005793] zpool: loaded\r\n[    1.007828] zbud: loaded\r\n[    1.010038] VFS: Disk quotas dquot_6.6.0\r\n[    1.011856] VFS: Dquot-cache hash table entries: 512 (order 0, 4096 bytes)\r\n[    1.014621] fuse init (API version 7.23)\r\n[    1.016559] Key type big_key registered\r\n[    1.017949] Key type asymmetric registered\r\n[    1.019145] Asymmetric key parser 'x509' registered\r\n[    1.020425] Block layer SCSI generic (bsg) driver version 0.4 loaded (major 249)\r\n[    1.022064] io scheduler noop registered\r\n[    1.023218] io scheduler deadline registered (default)\r\n[    1.024528] io scheduler cfq registered\r\n[    1.025788] pci_hotplug: PCI Hot Plug PCI Core version: 0.5\r\n[    1.027122] pciehp: PCI Express Hot Plug Controller Driver version: 0.4\r\n[    1.028646] input: Power Button as /devices/LNXSYSTM:00/LNXPWRBN:00/input/input0\r\n[    1.030292] ACPI: Power Button [PWRF]\r\n[    1.031817] GHES: HEST is not enabled!\r\n[    1.033059] Serial: 8250/16550 driver, 32 ports, IRQ sharing enabled\r\n[    1.055294] 00:03: ttyS0 at I/O 0x3f8 (irq = 4, base_baud = 115200) is a 16550A\r\n[    1.078481] 00:04: ttyS1 at I/O 0x2f8 (irq = 3, base_baud = 115200) is a 16550A\r\n[    1.081599] Linux agpgart interface v0.103\r\n[    1.085794] brd: module loaded\r\n[    1.088365] loop: module loaded\r\n[    1.089779] ata_piix 0000:00:07.1: Hyper-V Virtual Machine detected, ATA device ignore set\r\n[    1.093592] scsi host0: ata_piix\r\n[    1.103377] scsi host1: ata_piix\r\n[    1.104508] ata1: PATA max UDMA/33 cmd 0x1f0 ctl 0x3f6 bmdma 0xffa0 irq 14\r\n[    1.105871] ata2: PATA max UDMA/33 cmd 0x170 ctl 0x376 bmdma 0xffa8 irq 15\r\n[    1.108293] libphy: Fixed MDIO Bus: probed\r\n[    1.109445] tun: Universal TUN/TAP device driver, 1.6\r\n[    1.110689] tun: (C) 1999-2004 Max Krasnyansky <maxk@qualcomm.com>\r\n[    1.113028] PPP generic driver version 2.4.2\r\n[    1.114335] ehci_hcd: USB 2.0 'Enhanced' Host Controller (EHCI) Driver\r\n[    1.115676] ehci-pci: EHCI PCI platform driver\r\n[    1.116923] ehci-platform: EHCI generic platform driver\r\n[    1.118215] ohci_hcd: USB 1.1 'Open' Host Controller (OHCI) Driver\r\n[    1.119547] ohci-pci: OHCI PCI platform driver\r\n[    1.120765] ohci-platform: OHCI generic platform driver\r\n[    1.122059] uhci_hcd: USB Universal Host Controller Interface driver\r\n[    1.123480] i8042: PNP: PS/2 Controller [PNP0303:PS2K,PNP0f03:PS2M] at 0x60,0x64 irq 1,12\r\n[    1.128279] serio: i8042 KBD port at 0x60,0x64 irq 1\r\n[    1.129531] serio: i8042 AUX port at 0x60,0x64 irq 12\r\n[    1.131017] mousedev: PS/2 mouse device common for all mice\r\n[    1.132760] rtc_cmos 00:00: RTC can wake from S4\r\n[    1.155488] input: AT Translated Set 2 keyboard as /devices/platform/i8042/serio0/input/input1\r\n[    1.159639] rtc_cmos 00:00: rtc core: registered rtc_cmos as rtc0\r\n[    1.161858] rtc_cmos 00:00: alarms up to one month, 114 bytes nvram\r\n[    1.163353] i2c /dev entries driver\r\n[    1.164700] device-mapper: uevent: version 1.0.3\r\n[    1.166162] device-mapper: ioctl: 4.33.0-ioctl (2015-8-18) initialised: dm-devel@redhat.com\r\n[    1.168163] ledtrig-cpu: registered to indicate activity on CPUs\r\n[    1.169777] PCCT header not found.\r\n[    1.171306] NET: Registered protocol family 10\r\n[    1.173102] NET: Registered protocol family 17\r\n[    1.174435] Key type dns_resolver registered\r\n[    1.176060] Loading compiled-in X.509 certificates\r\n[    1.178533] Loaded X.509 cert 'Build time autogenerated kernel key: d2cd13f45fa3b012fc89b8d500f91dcca4d9e0a8'\r\n[    1.180397] registered taskstats version 1\r\n[    1.181646] zswap: loading zswap\r\n[    1.182825] zswap: using zbud pool\r\n[    1.183994] zswap: using lzo compressor\r\n[    1.187424] Key type trusted registered\r\n[    1.192411] Key type encrypted registered\r\n[    1.193812] AppArmor: AppArmor sha1 policy hashing enabled\r\n[    1.195061] ima: No TPM chip found, activating TPM-bypass!\r\n[    1.196401] evm: HMAC attrs: 0x1\r\n[    1.197972]   Magic number: 0:745:823\r\n[    1.199536] rtc_cmos 00:00: setting system clock to 2016-05-03 07:49:03 UTC (1462261743)\r\n[    1.201359] BIOS EDD facility v0.16 2004-Jun-25, 0 devices found\r\n[    1.202716] EDD information not available.\r\n[    1.269357] ata2.00: ATAPI: Virtual CD, , max MWDMA2\r\n[    1.272133] ata2.00: configured for MWDMA2\r\n[    1.274629] scsi 1:0:0:0: CD-ROM            Msft     Virtual CD/ROM   1.0  PQ: 0 ANSI: 5\r\n[    1.278541] sr 1:0:0:0: [sr0] scsi3-mmc drive: 0x/0x tray\r\n[    1.279789] cdrom: Uniform CD-ROM driver Revision: 3.20\r\n[    1.281865] sr 1:0:0:0: Attached scsi generic sg0 type 5\r\n[    1.283629] Freeing unused kernel memory: 1464K (ffffffff81f37000 - ffffffff820a5000)\r\n[    1.285358] Write protecting the kernel read-only data: 14336k\r\n[    1.287396] Freeing unused kernel memory: 2044K (ffff880001801000 - ffff880001a00000)\r\n[    1.289134] Freeing unused kernel memory: 292K (ffff880001db7000 - ffff880001e00000)\r\nLoading, please wait...\r\nstarting version 225\r\n[    1.312433] random: udevadm urandom read with 2 bits of entropy available\r\n[    1.388599] clocksource: hyperv_clocksource_tsc_page: mask: 0xffffffffffffffff max_cycles: 0x24e6a1710, max_idle_ns: 440795202120 ns\r\n[    1.402944] Floppy drive(s): fd0 is 1.44M\r\n[    1.407155] clocksource: Switched to clocksource hyperv_clocksource_tsc_page\r\n[    1.435070] hv_vmbus: Hyper-V Host Build:9600-6.3-18-0.18190; Vmbus version:3.0\r\n[    1.438715] FDC 0 is an 82078.\r\n[    1.507501] AVX version of gcm_enc/dec engaged.\r\n[    1.509184] AES CTR mode by8 optimization enabled\r\n[    1.555369] hv_vmbus: registering driver hv_storvsc\r\n[    1.562778] hidraw: raw HID events driver (C) Jiri Kosina\r\n[    1.566812] hv_utils: Registering HyperV Utility Driver\r\n[    1.568429] hv_vmbus: registering driver hv_util\r\n[    1.579485] hv_vmbus: registering driver hv_netvsc\r\n[    1.583466] hv_vmbus: registering driver hid_hyperv\r\n[    1.589957] scsi host2: storvsc_host_t\r\n[    1.593928] scsi 2:0:0:0: Direct-Access     Msft     Virtual Disk     1.0  PQ: 0 ANSI: 4\r\n[    1.596849] sd 2:0:0:0: [sda] 61440000 512-byte logical blocks: (31.4 GB/29.2 GiB)\r\n[    1.599098] sd 2:0:0:0: [sda] 4096-byte physical blocks\r\n[    1.600977] sd 2:0:0:0: Attached scsi generic sg1 type 0\r\n[    1.603620] sd 2:0:0:0: [sda] Write Protect is off\r\n[    1.605847] sd 2:0:0:0: [sda] Write cache: enabled, read cache: enabled, supports DPO and FUA\r\n[    1.608514] hv_netvsc: hv_netvsc channel opened successfully\r\n[    1.620524]  sda: sda1\r\n[    1.625912] sd 2:0:0:0: [sda] Attached SCSI disk\r\n[    1.749838] hv_netvsc vmbus_14: Send section size: 6144, Section count:2560\r\n[    1.751798] hv_netvsc vmbus_14: Device MAC 00:0d:3a:a0:98:fe link state up\r\n[    1.754524] input: Microsoft Vmbus HID-compliant Mouse as /devices/0006:045E:0621.0001/input/input4\r\n[    1.756746] hid 0006:045E:0621.0001: input: <UNKNOWN> HID v0.01 Mouse [Microsoft Vmbus HID-compliant Mouse] on \r\n[    1.772956] scsi host3: storvsc_host_t\r\n[    1.775012] scsi 3:0:1:0: Direct-Access     Msft     Virtual Disk     1.0  PQ: 0 ANSI: 4\r\n[    1.777242] sd 3:0:1:0: [sdb] 14680064 512-byte logical blocks: (7.51 GB/7.00 GiB)\r\n[    1.778870] sd 3:0:1:0: [sdb] 4096-byte physical blocks\r\n[    1.780337] sd 3:0:1:0: Attached scsi generic sg2 type 0\r\n[    1.782036] sd 3:0:1:0: [sdb] Write Protect is off\r\n[    1.783660] sd 3:0:1:0: [sdb] Write cache: enabled, read cache: enabled, supports DPO and FUA\r\n[    1.788554]  sdb: sdb1\r\n[    1.790312] sd 3:0:1:0: [sdb] Attached SCSI disk\r\n[    1.792471] scsi host4: storvsc_host_t\r\n[    1.794413] scsi 4:0:0:0: scsi scan: INQUIRY result too short (5), using 36\r\n[    1.796042] scsi 4:0:0:1: scsi scan: INQUIRY result too short (5), using 36\r\n[    1.797598] scsi 4:0:1:0: scsi scan: INQUIRY result too short (5), using 36\r\n[    1.799184] scsi 4:0:1:1: scsi scan: INQUIRY result too short (5), using 36\r\n[    1.800718] scsi 4:1:0:0: scsi scan: INQUIRY result too short (5), using 36\r\n[    1.802381] scsi 4:1:0:1: scsi scan: INQUIRY result too short (5), using 36\r\n[    1.803998] scsi 4:1:1:0: scsi scan: INQUIRY result too short (5), using 36\r\n[    1.805469] scsi host5: storvsc_host_t\r\n[    1.806926] scsi 5:0:0:0: scsi scan: INQUIRY result too short (5), using 36\r\n[    1.808672] scsi 5:0:0:1: scsi scan: INQUIRY result too short (5), using 36\r\n[    1.810298] scsi 4:1:1:1: scsi scan: INQUIRY result too short (5), using 36\r\n[    1.812014] scsi 5:0:1:0: scsi scan: INQUIRY result too short (5), using 36\r\n[    1.813492] scsi 4:2:0:0: scsi scan: INQUIRY result too short (5), using 36\r\n[    1.814995] scsi 5:0:1:1: scsi scan: INQUIRY result too short (5), using 36\r\n[    1.824050] psmouse serio1: trackpoint: failed to get extended button data\r\n[    1.854994] scsi 5:1:0:0: scsi scan: INQUIRY result too short (5), using 36\r\n[    1.856534] scsi 4:2:0:1: scsi scan: INQUIRY result too short (5), using 36\r\n[    1.858173] scsi 5:1:0:1: scsi scan: INQUIRY result too short (5), using 36\r\n[    1.859817] scsi 4:2:1:0: scsi scan: INQUIRY result too short (5), using 36\r\n[    1.861320] scsi 5:1:1:0: scsi scan: INQUIRY result too short (5), using 36\r\n[    1.862935] scsi 4:2:1:1: scsi scan: INQUIRY result too short (5), using 36\r\n[    1.864468] scsi 5:1:1:1: scsi scan: INQUIRY result too short (5), using 36\r\n[    1.866174] scsi 4:3:0:0: scsi scan: INQUIRY result too short (5), using 36\r\n[    1.867744] scsi 5:2:0:0: scsi scan: INQUIRY result too short (5), using 36\r\n[    1.869415] scsi 4:3:0:1: scsi scan: INQUIRY result too short (5), using 36\r\n[    1.870919] scsi 5:2:0:1: scsi scan: INQUIRY result too short (5), using 36\r\n[    1.872507] scsi 4:3:1:0: scsi scan: INQUIRY result too short (5), using 36\r\n[    1.874004] scsi 5:2:1:0: scsi scan: INQUIRY result too short (5), using 36\r\n[    1.875553] scsi 4:3:1:1: scsi scan: INQUIRY result too short (5), using 36\r\n[    1.876989] scsi 5:2:1:1: scsi scan: INQUIRY result too short (5), using 36\r\n[    1.878503] scsi 4:4:0:0: scsi scan: INQUIRY result too short (5), using 36\r\n[    1.879973] scsi 5:3:0:0: scsi scan: INQUIRY result too short (5), using 36\r\n[    1.881603] scsi 4:4:0:1: scsi scan: INQUIRY result too short (5), using 36\r\n[    1.883089] scsi 5:3:0:1: scsi scan: INQUIRY result too short (5), using 36\r\n[    1.884741] scsi 4:4:1:0: scsi scan: INQUIRY result too short (5), using 36\r\n[    1.886240] scsi 5:3:1:0: scsi scan: INQUIRY result too short (5), using 36\r\n[    1.887810] scsi 4:4:1:1: scsi scan: INQUIRY result too short (5), using 36\r\n[    1.889335] scsi 5:3:1:1: scsi scan: INQUIRY result too short (5), using 36\r\n[    1.890945] scsi 4:5:0:0: scsi scan: INQUIRY result too short (5), using 36\r\n[    1.892405] scsi 5:4:0:0: scsi scan: INQUIRY result too short (5), using 36\r\n[    1.893971] scsi 4:5:0:1: scsi scan: INQUIRY result too short (5), using 36\r\n[    1.895414] scsi 5:4:0:1: scsi scan: INQUIRY result too short (5), using 36\r\n[    1.896917] scsi 4:5:1:0: scsi scan: INQUIRY result too short (5), using 36\r\n[    1.898455] scsi 5:4:1:0: scsi scan: INQUIRY result too short (5), using 36\r\n[    1.899918] scsi 4:5:1:1: scsi scan: INQUIRY result too short (5), using 36\r\n[    1.901488] scsi 5:4:1:1: scsi scan: INQUIRY result too short (5), using 36\r\n[    1.903011] scsi 4:6:0:0: scsi scan: INQUIRY result too short (5), using 36\r\n[    1.904616] scsi 5:5:0:0: scsi scan: INQUIRY result too short (5), using 36\r\n[    1.906120] scsi 4:6:0:1: scsi scan: INQUIRY result too short (5), using 36\r\n[    1.907697] scsi 5:5:0:1: scsi scan: INQUIRY result too short (5), using 36\r\n[    1.909139] scsi 4:6:1:0: scsi scan: INQUIRY result too short (5), using 36\r\n[    1.910762] scsi 5:5:1:0: scsi scan: INQUIRY result too short (5), using 36\r\n[    1.912210] scsi 4:6:1:1: scsi scan: INQUIRY result too short (5), using 36\r\n[    1.913832] scsi 5:5:1:1: scsi scan: INQUIRY result too short (5), using 36\r\n[    1.915373] scsi 4:7:0:0: scsi scan: INQUIRY result too short (5), using 36\r\n[    1.916863] scsi 5:6:0:0: scsi scan: INQUIRY result too short (5), using 36\r\n[    1.918464] scsi 4:7:0:1: scsi scan: INQUIRY result too short (5), using 36\r\n[    1.919967] scsi 5:6:0:1: scsi scan: INQUIRY result too short (5), using 36\r\n[    1.921555] scsi 4:7:1:0: scsi scan: INQUIRY result too short (5), using 36\r\n[    1.923054] scsi 5:6:1:0: scsi scan: INQUIRY result too short (5), using 36\r\n[    1.924642] scsi 4:7:1:1: scsi scan: INQUIRY result too short (5), using 36\r\n[    1.926166] scsi 5:6:1:1: scsi scan: INQUIRY result too short (5), using 36\r\n[    1.927711] scsi 5:7:0:0: scsi scan: INQUIRY result too short (5), using 36\r\n[    1.929341] scsi 5:7:0:1: scsi scan: INQUIRY result too short (5), using 36\r\n[    1.930960] scsi 5:7:1:0: scsi scan: INQUIRY result too short (5), using 36\r\n[    1.932523] scsi 5:7:1:1: scsi scan: INQUIRY result too short (5), using 36\r\nBegin: Loading ssential drivers ... done.\r\r\nBegin: Running scripts/init-premount ... done.\r\r\nBegin: Mountingroot file syste ... Begin: Running /scripts/local-top ... done.\r\r\nBegin: Running /scripts/local-pemount ... done.\r\r\nBegin: Checkingroot file system ... fsck from util-linux 2.26.2\r\r\ncloudimg-rootfs clean, 73604/245504 files, 352114/524032 block\r\r\ndone.\r\r\n[    3.316207] EXT4-fs (sda1): mounted filesystem with ordered data mode. Opts: (null)\r\ndone.\r\r\nBegin: Running /scripts/local-bottom ... done.\r\r\nBegin: Running /scripts/init-bottom ... Warning: overlayroot: debug is usted\r\r\ndone.\r\r\n[    3.766210] systemd[1]: Failed to insert module 'kdbus': Function not implemented\r\n[    3.812509] systemd[1]: systemd 225 running in system mode. (+PAM +AUDIT +SELINUX +IMA +APPARMOR +SMACK +SYSVINIT +UTMP +LIBCRYPTSETUP +GCRYPT +GNUTLS +ACL +XZ -LZ4 +SECCOMP +BLKID -ELFUTILS +KMOD -IDN)\r\n[    3.814596] systemd[1]: Detected virtualization microsoft.\r\n[    3.815457] systemd[1]: Detected architecture x86-64.\r\n\r\r\nWelcome to \u001b[1mUbuntu 15.10\u001b[0m!\r\r\n\r\r\n[    3.827883] systemd[1]: Set hostname to <ubuntu>.\r\n[    3.832041] systemd[1]: Initializing machine ID from random generator.\r\n[    3.833387] systemd[1]: Installed transient /etc/machine-id file.\r\n-.mount\r\r\n[    4.031914] systemd[1]: sshd-keygen.service: Cannot add dependency job, ignoring: Unit sshd-keygen.service failed to load: No such file or directory.\r\netc-machine\\x2did.mount[    4.039191] systemd[1]: sshd-keygen.service: Cannot add dependency job, ignoring: Unit sshd-keygen.service failed to load: No such file or directory.\r\n\r[    4.044491] systemd[1]: display-manager.service: Cannot add dependency job, ignoring: Unit display-manager.service failed to load: No such file or directory.\r\n\r\n[    4.052131] systemd[1]: Reached target User and Group Name Lookups.\r\n[\u001b[32m  OK  \u001b[0m[    4.060122] systemd[1]: Started Forward Password Requests to Wall Directory Watch.\r\n[    4.062628] systemd[1]: Reached target Encrypted Volumes.\r\n] Reached targe User and Group Name Lookups.\r\r\n[    4.068802] systemd[1]: Created slice Root Slice.\r\n[    4.071153] systemd[1]: Created slice User and Session Slice.\r\n[\u001b[32m  OK  \u001b[0m] Started Forward Password Requsts to Wall Dirctory Watch.\r[    4.076814] systemd[1]: Listening on /dev/initctl Compatibility Named Pipe.\r\n[    4.078815] systemd[1]: Listening on Journal Socket.\r\n\r\n[    4.084525] systemd[1]: Set up automount Arbitrary Executable File Formats File System Automount Point.\r\n[    4.086899] systemd[1]: Listening on udev Kernel Socket.\r\n[\u001b[32m  OK  \u001b[0] Reached targe Encrypted Volumes.\r[    4.093152] systemd[1]: Listening on udev Control Socket.\r\n[    4.095013] systemd[1]: Reached target Remote File Systems (Pre).\r\n[    4.096695] systemd[1]: Reached target Swap.\r\n\r\n[\u001b[32m  OK  \u001b[0m] Created slice Root Slice.\r[    4.100799] systemd[1]: Listening on Journal Audit Socket.\r\n[    4.102239] systemd[1]: Listening on Journal Socket (/dev/log).\r\n\r\n[\u001b[32m  OK  \u001b[0m] Created slice User and Session Slice.\r\r\n[\u001b[32m  OK  \u001b[0m] Listening on /dev/initctl Compatibility NamedPipe.\r[    4.110682] systemd[1]: Created slice System Slice.\r\n[    4.112561] systemd[1]: Created slice system-serial\\x2dgetty.slice.\r\n[    4.114478] systemd[1]: Created slice system-getty.slice.\r\n\r\n[\u001b[32m  OK  \u001b[0m] Listening on Journal Socket.\r\r\n[    4.120491] systemd[1]: Starting udev Coldplug all Devices...\r\n[    4.123540] systemd[1]: Starting Setup Virtual Console...\r\n[\u001b[32m  OK  \u001b[0] Set up automount Arbitrary Executab...ats File System Automount Point.\r\r\n[    4.131098] systemd[1]: Starting Load Kernel Modules...\r\n[    4.138398] systemd[1]: Starting Create list of required static device nodes for the current kernel...\r\n[\u001b[32m  OK  \u001b[0m] Listening on udev Kernel Socket.\r\r\n[\u001b[32m  OK  \u001b[0m] Listening on udev Control Socket.\r[    4.156488] systemd[1]: Mounting Huge Pages File System...\r\n[    4.161880] systemd[1]: Mounting POSIX Message Queue File System...\r\n\r\n[\u001b[32m  OK  \u001b[0m] Reached target Remote File Systems (Pre).\r[    4.173808] systemd[1]: Starting Increase datagram queue length...\r\n\r\n[\u001b[32m  OK  \u001b[0] Reached targe Swap.\r[    4.180655] systemd[1]: Reached target Slices.\r\n\r\n[    4.185524] systemd[1]: Starting Remount Root and Kernel File Systems...\r\n[    4.187894] systemd[1]: Mounting Debug File System...\r\n[\u001b[32m  OK  \u001b[0] Listening on Journal Audit Soket.\r\r\n[\u001b[32m  OK  \u001b[0] Listening on ournal Socket (dev/log).\r[    4.199517] systemd[1]: Starting Uncomplicated firewall...\r\n\r\n[    4.204133] EXT4-fs (sda1): re-mounted. Opts: discard\r\n[\u001b[32m  OK  \u001b[0m] Created slice System Slice.\r[    4.212803] systemd[1]: Mounted Debug File System.\r\n\r\n[\u001b[32m  OK  \u001b[0m] Created slice system-serial\\x2dgetty.slice.\r[    4.218507] systemd[1]: Mounted POSIX Message Queue File System.\r\n[    4.220117] systemd[1]: Mounted Huge Pages File System.\r\n\r\n[    4.224805] systemd[1]: Started Setup Virtual Console.\r\n[\u001b[32m  OK  \u001b[0m] Created slice system-getty.slice.\r\r\n         Starting udev Coldplug all Devices...\r[    4.242370] systemd[1]: Started Load Kernel Modules.\r\n[    4.244801] systemd[1]: Started Create list of required static device nodes for the current kernel.\r\n\r\n         Starting Setup Virtual Console...\r[    4.257628] systemd[1]: Started Increase datagram queue length.\r\n[    4.260006] systemd[1]: Started Remount Root and Kernel File Systems.\r\n[    4.265220] systemd[1]: Started Uncomplicated firewall.\r\n\r\n         Starting Load Kernel Modules...\r\r\n         Starting Create list of required st... nodes for the crrent kernel...[    4.325831] systemd[1]: Starting Ensure /etc/mtab is a symlink to /proc/mounts...\r\n[    4.331677] systemd[1]: Starting Load/Save Random Seed...\r\n\r\n         Mountig Huge Pages Fie System...\r[    4.338360] systemd[1]: Listening on Syslog Socket.\r\n[    4.341034] systemd[1]: Starting Journal Service...\r\n\r\n         Mounting POSIX Message Queue File System...\r[    4.350077] systemd[1]: Starting Create Static Device Nodes in /dev...\r\n\r\n[    4.355346] systemd[1]: Starting Apply Kernel Variables...\r\n         Starting Increase dataram queue length...\r[    4.362773] systemd[1]: Mounting FUSE Control File System...\r\n\r\n[\u001b[32m  OK  \u001b[0m] Reached target Slices.\r\r\n         Starting Remount Root nd Kernel File ystems...\r\r\n         Mountig Debug File Sytem...\r\r\n         Startig Uncomplicated firewall...\r\r\n[\u001b[32m  OK  \u001b[0] Mounted DebugFile System.\r\r\n[\u001b[32m  OK  \u001b[0] Mounted POSIX Message Queue File System.\r\r\n[\u001b[32m  OK  \u001b[0] Mounted Huge ages File System.\r\r\n[\u001b[32m  OK  \u001b[0] Started SetupVirtual Console\r\r\n[\u001b[32m  OK  \u001b[0] Started Load Kernel Modules.\r\r\n[\u001b[32m  OK  \u001b[0m] Started Creat list of required sta...ce nodes for the current kernel.\r\r\n[\u001b[32m  OK  \u001b[0] Started Increase datagram queue length.\r\r\n[\u001b[32m  OK  \u001b[0m] Started Remount Root and Kernel File Systems.\r\r\n[\u001b[32m  OK  \u001b[0m] Started Uncomplicated firewall.\r\r\n         Starting Ensure /etc/mab is a symlink to /proc/mounts...\r\r\n         Startig Load/Save Ranom Seed...\r\r\n[\u001b[32m  OK  \u001b[0] Listening on Syslog Socket.\r\r\n         Starting Journal Service...\r\r\n         Starting Create Static Device Nodes in /dev...\r\r\n         Starting Apply Kernel Variables...\r\r\n         Mounting FUSE Control File System...\r\r\n[\u001b[32m  OK  \u001b[0m] Mounted FUSE Control File System.\r\r\n[\u001b[32m  OK  \u001b[0m] Started udev Coldplug all Devices.\r\r\n[\u001b[32m  OK  \u001b[0m] Started Ensure /etc/mtab is a symlink to /proc/mounts.\r\r\n[\u001b[32m  OK  \u001b[0m] Started Load/Save Random Seed.\r\r\n[\u001b[32m  OK  \u001b[0m] Started Apply Kernel Variables.\r\r\n[\u001b[32m  OK  \u001b[0m] Started Journal Service.\r\r\n         Starting Flush Journal to Persistent Storage...\r\r\n[\u001b[32m  OK  \u001b[0m] Started Create Static Device Nodes in /dev.\r\r\n         Starting udev Kernel Device Manager...\r\r\n[\u001b[32m  OK  \u001b[0m] Started Flush Journal to Persistent Storage.\r\r\nsys-kernel-debug.mount\r\r\n[\u001b[32m  OK  \u001b[0m] Started udev ernel Device Maager.\r\r\n[\u001b[32m  OK  \u001b[0] Reached targe Local File Sysems (Pre).\r\r\n         Mounting /etc/network/interfaces.dynamic.d...\r\r\n[\u001b[32m  OK  \u001b[0m] Mounted /etc/network/interfacs.dynamic.d.\r\r\n[\u001b[32m  OK  \u001b[0] Reached target Local File Systems.\r\r\n         Starting Tell Plymouth To Write Out Rutime Data...\r\r\n         Starting LSB: AppArmor initialization...\r\r\n         Starting Clean up any ess left by 0dns-up...\r\r\n         Starting Create Volatile Files and Directories...\r\r\n[\u001b[32m  OK  \u001b[0m] Reached target Remote File Systems.\r\r\n         Starting Set console keymap...\r\r\n         Starting Wait for all \"auto\" /etc/n... up for network-online.target...\r\r\n         Starting Commit a transient machine-id on disk...\r\r\ndev-mqueue.mount\r\r\n[\u001b[32m  OK  \u001b[0m] Started Commit a transient machine-id on disk.\r\r\n[\u001b[32m  OK  \u001b[0m] Started Clean up any mess left by 0dns-up.\r\r\n         Starting Nameserver information manager...\r\r\n[\u001b[32m  OK  \u001b[0m] Started Create Volatile Files and Directories.\r\r\n[\u001b[32m  OK  \u001b[0m] Started Nameserver information manager.\r\r\n         Starting Update UTMP about System Boot/Shutdown...\r\r\n         Starting Network Time Synchronization...\r\r\n[\u001b[32m  OK  \u001b[0m] Started Update UTMP about System Boot/Shutdown.\r\r\ndev-hugepages.munt\r\r\n[\u001b[32m  OK  \u001b[0m] Started Network Time Synchronization.\r\r\n[\u001b[32m  OK  \u001b[0m] Reached target System Time Synchronized.\r\r\nsystemd-vconsol-setup.service\r\r\nsystemd-modules-load.service\r\r\nkmod-static-nods.service\r\r\nsystemd-setup-dgram-qlen.servic\r\r\n[\u001b[32m  OK  \u001b[0] Started Set cnsole keymap.\r\r\nsystemd-remountfs.service\r\r\nufw.service\r\r\nsys-fs-fuse-connections.mount\r\r\nsystemd-udev-trgger.service\r\r\ndebian-fixup.service\r\r\nsystemd-random-seed.service\r\r\nsystemd-sysctl.ervice\r\r\nsystemd-journald.service\r\r\nsystemd-tmpfile-setup-dev.service\r\r\nsystemd-journalflush.service\r\r\nsystemd-udevd.service\r\r\netc-network-interfaces.dynamic.d.mount\r\r\nsystemd-machine-id-commit.service\r\r\nsystemd-tmpfiles-setup.service\r\r\n[\u001b[32m  OK  \u001b[0m] Started Tell Plymouth To Write Out Runtime Data.\r\r\nresolvconf.service\r\r\nsystemd-update-utmp.service\r\r\nsystemd-timesyncd.service\r\r\n[    5.311043] piix4_smbus 0000:00:07.3: SMBus base address uninitialized - upgrade BIOS or use force_addr=0xaddr\r\n[\u001b[32m  OK  \u001b[0m] Found device /dev/ttyS0.\r\r\n[    5.649645] intel_rapl: no valid rapl domains found in package 0\r\n[\u001b[32m  OK  \u001b[0m] Created slice system-ifup.slice.\r\r\n[\u001b[32m  OK  \u001b[0m] Found device /sys/subsystem/net/devices/eth0.\r\r\n[\u001b[32m  OK  \u001b[0m] Started LSB: AppArmor initialization.\r\r\n         Starting LSB: Raise network interfaces....\r\r\n[\u001b[32m  OK  \u001b[0m] Started ifup for eth0.\r\r\napparmor.service\r\r\nifup@eth0.service\r\r\nnetworking.service\r\r\n[\u001b[32m  OK  \u001b[0m] Started LSB: aise network interfaces..\r\r\n[\u001b[32m  OK  \u001b[0m] Reached target System Initialization.\r\r\n[\u001b[32m  OK  \u001b[0m] Listening on UUID daemon activation socket.\r\r\n[\u001b[32m  OK  \u001b[0] Started DailyCleanup of Temporary Directories.\r\r\n[\u001b[32m  OK  \u001b[0m] Reached target Timers.\r\r\n[\u001b[32m  OK  \u001b[0m] Listening on D-Bus System Message Bus Socket.\r\r\n         Starting lxd-unix.socket.\r\r\n[\u001b[32m  OK  \u001b[0m] Listening on ACPID Listen Socket.\r\r\n[\u001b[32m  OK  \u001b[0m] Started Trigger resolvconf update for networkd DNS.\r\r\n[\u001b[32m  OK  \u001b[0m] Reached target Paths.\r\r\n         Starting Seed the pseudo random number generator on first boot...\r\r\n[\u001b[32m  OK  \u001b[0m] Reached target Network.\r\r\n[\u001b[32m  OK  \u001b[0m] Listening on lxd-unix.socket.\r\r\n[\u001b[32m  OK  \u001b[0m] Reached target Sockets.\r\r\n[\u001b[32m  OK  \u001b[0m] Reached target Basic System.\r\r\n[\u001b[32m  OK  \u001b[0m] Started Deferred execution scheduler.\r\r\n         Starting Accounts Service...\r\r\n[\u001b[32m  OK  \u001b[0m] Started Regular background program processing daemon.\r\r\n         Starting Initial cloud-init job (pre-networking)...\r\r\n[\u001b[32m  OK  \u001b[0m] Started D-Bus System Message Bus.\r\r\natd.service\r\r\ncron.service\r\r\n         Starting LSB: Starts the Micro Name Service Cache Daemon...\r\r\n         dbus.service\r\r\nStarting LSB: Set the CPU Frequency Scaling governor to \"ondemand\"...\r\r\n[\u001b[32m  OK  \u001b[0m] Started Hyper-V VSS Protocol Daemon.\r\r\n         Starting LSB: daemon to balance interrupts for SMP systems...\r\r\n         Starting Thermal Daemon Service...\r\r\n         Starting LSB: automatic crash report generation...\r\r\n         Starting Login Service...\r\r\n         Starting LSB: Record successful boot for GRUB...\r\r\n[\u001b[32m  OK  \u001b[0m] Started Hyper-V KVP Protocol Daemon.\r\r\n[\u001b[32m  OK  \u001b[0m] Started Hyper-V File Copy Protocol Daemon.\r\r\n[\u001b[32m  OK  \u001b[0m] Started Cgroup management daemon.\r\r\n[\u001b[32m  OK  \u001b[0m] Started FUSE filesystem for LXC.\r\r\n         Starting Restore /etc/resolv.conf i...e the ppp link was shut down....\r\r\n         Starting System Logging Service...\r\r\n[\u001b[32m  OK  \u001b[0m] Started Wait for all \"auto\" /etc/ne...be up for network-online.target.\r\r\n[\u001b[32m  OK  \u001b[0m] Started Restore /etc/resolv.conf if...ore the ppp link was shut down..\r\r\n[\u001b[32m  OK  \u001b[0m] Reached target Network is Online.\r\r\n         Starting /etc/rc.local Compatibility...\r\r\n         Starting LXC network bridge setup...\r\r\n[\u001b[32m  OK  \u001b[0m] Started /etc/rc.local Compatibility.\r\r\nhv-vss-daemon.service\r\r\n[\u001b[32m  OK  \u001b[0m] Started LSB: Set the CPU Frequency Scaling governor to \"ondemand\".\r\r\n[\u001b[32m  OK  \u001b[0m] Started Login Service.\r\r\n[\u001b[32m  OK  \u001b[0m] Started LSB: Starts the Micro Name Service Cache Daemon.\r\r\n[\u001b[32m  OK  \u001b[0m] Started LSB: automatic crash report generation.\r\r\nhv-kvp-daemon.service\r\r\nhv-fcopy-daemon.service\r\r\ncgmanager.service\r\r\n[\u001b[32m  OK  \u001b[0m] Started LSB: daemon to balance interrupts for SMP systems.\r\r\nlxcfs.service\r\r\nifup-wait-all-auto.service\r\r\nrc-local.service\r\r\nrun-cgmanager-fs.mount\r\r\nondemand.service\r\r\nsystemd-logind.service\r\r\nunscd.service\r\r\napport.service\r\r\nirqbalance.service\r\r\nvar-lib-lxcfs.mount\r\r\n[\u001b[32m  OK  \u001b[0m] Started LSB: Record successful boot for GRUB.\r\r\ngrub-common.service\r\r\n         Starting Authenticate and Authorize Users to Run Privileged Tasks...\r\r\n[\u001b[32m  OK  \u001b[0m] Started Thermal Daemon Service.\r\r\nthermald.service\r\r\n[\u001b[32m  OK  \u001b[0m] Started Authenticate and Authorize Users to Run Privileged Tasks.\r\r\npolkitd.service\r\r\n[\u001b[32m  OK  \u001b[0m] Started Accounts Service.\r\r\naccounts-daemon.service\r\r\n[\u001b[32m  OK  \u001b[0] Started LXC network bridge setup.\r\r\n         Starting LXC ContainerInitialization and Autoboot Code...\r\r\nlxc-net.service\r\r\n[\u001b[32m  OK  \u001b[0m] Started LXC Cotainer Initialization and Autobot Code.\r\r\n         Starting Container hypervisor based on LXC - boot time check...\r\r\nlxc.service\r\r\n[\u001b[32m  OK  \u001b[0m] Started Container hypervisor based on LXC - boot time check.\r\r\n[    9.388425] cloud-init[728]: Cloud-init v. 0.7.7 running 'init-local' at Tue, 03 May 2016 07:49:12 +0000. Up 9.25 seconds.\r\r\n[\u001b[32m  OK  \u001b[0m] Started Initial cloud-init job (pre-networking).\r\r\n         Starting Initial cloud-init job (metadata service crawler)...\r\r\ncloud-init-local.service\r\r\n[   10.000269] blk_update_request: I/O error, dev fd0, sector 0\r\n[   10.040170] blk_update_request: I/O error, dev fd0, sector 0\r\ntmp-tmp1ghor9f4.mount\r\r\n[   10.157283] cloud-init[974]: + i=eth0\r\r\n[   10.161314] cloud-init[974]: + x=0\r\r\n[   10.165628] cloud-init[974]: + ifdown eth0\r\r\n[   10.190874] cloud-init[974]: Killed old client process\r\r\n[   11.195742] cloud-init[974]: Internet Systems Consortium DHCP Client 4.3.1\r\r\n[   11.196630] cloud-init[974]:Copyright 2004-014 Internet Sytems Consortium\r\r\n[   11.197400] cloud-init[974]:All rights reserved.\r\r\n[   11.208833] cloud-init[974]: For info, pleas visit https://www.isc.org/software/dhcp/\r\r\n[   11.211997] cloud-init[974]: Listening on LPF/eth0/00:0d:3a:a0:98:fe\r\r\n[   11.212981] cloud-init[974]: Sending on   LPF/eth0/00:0d:3a:a0:98:fe\r\r\n[   11.213901] cloud-init[974]: Sending on   Socket/fallback\r\r\n[   11.256089] cloud-init[974]: DHCPRELEASE on eth0 to 168.63.129.16 port 67 (xid=0x4cd6d477)\r\r\n[   11.316564] cloud-init[974]: + ifup eth0\r\r\n[   11.346340] cloud-init[974]: InternetSystems Consortum DHCP Client .3.1\r\r\n[   11.353008] loud-init[974]:Copyright 2004-2014 Internet Sytems Consortium\r\r\n[   11.353802] cloud-init[974]: All rights reserved.\r\r\n[   11.359427] loud-init[974]:For info, pleas visit https://ww.isc.org/software/dhcp/\r\r\n[   11.381448] cloud-init[974]: Listening on LPF/eth0/00:0d:3a:a0:98:fe\r\r\n[   11.382325] loud-init[974]:Sending on   LP/eth0/00:0d:3a:a0:98:fe\r\r\n[   11.383152] cloud-init[974]: Sending on   Socket/fallback\r\r\n[   11.384109] cloud-init[974]: DHCPDISCOVER on eth0 to 255.255.255.255 port 67 interval 3 (xid=0x9c8f247f)\r\r\n[   11.426892] cloud-init[974]: DHCPREQUEST of 10.0.0.4 on eth0 to 255.255.255.255 port 67 (xid=0x7f248f9c)\r\r\n[   11.427111] cloud-init[974]: DHCPOFFER of 10.0.0.4 from 168.63.129.16\r\r\n[   11.492058] cloud-init[974]: DHCPACK of 10.00.4 from 168.63129.16\r\r\n[   11.530337] cloud-init[974]: bound to10.0.0.4 -- renewal in 429496725 seconds.\r\r\n[   11.554797] cloud-init[974]: + exit 0\r\n[\u001b[32m  OK  \u001b[0m] Started Azure Linux Agent.\r\r\nwalinuxagent.service\r\r\n[\u001b[1;31mFAILED\u001b[0m] Failed to sart Seed the psudo random number generator on irst boot.\r\r\nSee 'systemctl status pollinate.service' for details.\r\r\n[\u001b[32m  OK  \u001b[0m] Started System Logging Service.\r\r\nrsyslog.service\r\r\n2016/05/03 07:49:15.334531 INFO Azure Linux Agent Version:2.1.3\r\r\n2016/05/03 07:49:15.338546 INFO OS: ubuntu 15.10\r\r\n2016/05/03 07:49:15.340806 INFO Python: 3.4.3\r\r\n2016/05/03 07:49:15.341066 INFO Run daemon\r\r\n2016/05/03 07:49:15.341274 INFO run Ubuntu provision handler\r\r\n2016/05/03 07:49:15.341487 INFO Waiting cloud-init to copy ovf-env.xml.\r\r\n2016/05/03 07:49:15.348108 INFO Detect protocol endpoints\r\r\n2016/05/03 07:49:15.348373 INFO WireServer endpoint is not found. Rerun dhcp handler\r\r\n2016/05/03 07:49:15.348600 INFO Send dhcp request\r\r\n2016/05/03 07:49:15.416746 INFO Configure routes\r\r\n2016/05/03 07:49:15.421833 INFO Gateway:10.0.0.1\r\r\n2016/05/03 07:49:15.422085 INFO Routes:None\r\r\n2016/05/03 07:49:15.424290 INFO Wire server endpoint:168.63.129.16\r\r\n2016/05/03 07:49:15.434443 INFO Fabric preferred wire protocol version:2015-04-05\r\r\n2016/05/03 07:49:15.435069 INFO Wire protocol version:2012-11-30\r\r\n2016/05/03 07:49:15.435253 WARNING Server prefered version:2015-04-05\r\r\n[   15.860135] blk_update_request: I/O error, dev fd0, sector 0\r\n[   15.900215] blk_update_request: I/O error, dev fd0, sector 0\r\ntmp-tmp1m9jxnv6.mount\r\r\n2016/05/03 07:49:19.757669 INFO Sleep 15 seconds to prevent throttling\r\r\n[   20.162942] cloud-init[974]: Cloud-init v. 0.7.7 running 'init' at Tue, 03 May 2016 0:49:13 +0000. Up 9.78 seconds.\r\r\n[   20.170319] cloud-init[974]: ci-info: ++++++++++++++++++++++++++++++++++++++Net device info++++++++++++++++++++++++++++++++++++++\r\r\n[   20.170583] cloud-init[974]: ci-info: +--------+------+------------------------------+---------------+-------+------------------+\r\r\n[   20.170833] cloud-init[974]: ci-info: | Device |  Up  |           Address            |      Mask     | Scope |     Hw-Address    |\r\r\n[   20.171079] cloud-init[974]: ci-info: +--------+------+------------------------------+---------------+-------+-------------------+\r\r\n[   20.171397] cloud-init[974]: ci-info: |  eth0  | True |           10.0.0.4           | 255.255.255.0 |   .   | 00:0d:3a:a0:98:fe |\r\r\n[   20.171645] cloud-init[974]: ci-info: |  eth0  | True | fe80::20d:3aff:fea0:98fe/64  |       .       |  link | 00:0d:3a:a0:98:fe |\r\r\n[   20.178156] cloud-init[974]: ci-info: |   lo   | True |          127.0.0.1           |   255.0.0.0   |   .   |         .         |\r\r\n[   20.178421] cloud-init[974]: ci-info: |   lo   | True |           ::1/128            |       .       |  host |         .         |\r\r\n[   20.178664] cloud-init[974]: ci-info: | lxcbr0 | True |           10.0.1.1           | 255.255.255.0 |   .   | aa:9b:dd:a1:23:03 |\r\r\n[   20.178905] cloud-init[974]: ci-info: | lxcbr0 | True | fe80::a89b:ddff:fea1:2303/64 |       .       |  link | aa:9b:dd:a1:23:03 |\r\r\n[   20.179145] cloud-init[974]: ci-info: +--------+------+------------------------------+---------------+-------+-------------------+\r\r\n[   20.179398] cloud-init[974]: ci-info: +++++++++++++++++++++++++++++Route IPv4 info++++++++++++++++++++++++++++++\r\r\n[   20.179641] cloud-init[974]: ci-info: +-------+--------------+----------+-----------------+----------+------+\r\r\n[   20.180313] cloud-init[974]: ci-info: | Rout |  Destination | Gateway  |    Genmask     | Interface | Flags |\r\r\n[   20.195027] cloud-init[974]:ci-info: +-------+---------------+----------+----------------+-----------+-------+\r\r\n[   20.195383] cloud-init[974]: ci-info: |   0   |    0.0.0.0    | 10.0.0.1 |     0.0.0.0     |    eth0   |   UG  |\r\r\n[   20.195651] cloud-init[974]: ci-info: |   1   |    10.0.0.0   | 0.0.0.0  |  255.255.255.0  |    eth0   |   U   |\r\r\n[   20.195904] cloud-init[974]: ci-info: |   2   |    10.0.1.0   | 0.0.0.0  |  255.255.255.0  |   lxcbr0  |   U   |\r\r\n[   20.196190] cloud-init[974]: ci-info: |   3   | 168.63.129.16 | 10.0.0.1 | 255.255.255.255 |    eth0   |  UGH  |\r\r\n[   20.196458] cloud-init[974]: ci-info: +-------+---------------+----------+-----------------+-----------+-------+\r\r\n[   20.196709] cloud-init[974]: Generating public/private rsa key pair.\r\r\n[   20.196956] cloud-init[974]: Your identification has been saved in /etc/ssh/ssh_host_rsa_key.\r\r\n[   20.197196] cloud-init[974]: Your public key has been saved in /etc/ssh/ssh_host_rsa_key.pub.\r\r\n[   20.197469] cloud-init[974]: The key fingerprint is:\r\r\n[   20.197712] cloud-init[974]: SHA256:4oQd/P9JnaffgvP9H0FOnTEGKB7ThfpOe51lx1rxr+s root@xplatvm\r\r\n[   20.197950] cloud-init[974]: The key's randomart image is:\r\r\n[   20.198195] cloud-init[974]: +---[RSA 2048]----+\r\r\n[   20.198465] cloud-init[974]: |          . +o.+ |\r\r\n[   20.198702] cloud-init[974]: |     .   + +  . =|\r\r\n[   20.198941] cloud-init[974]: |      o . =    +.|\r\r\n[   20.199178] cloud-init[974]: |     o o o    +. |\r\r\n[   20.200028] cloud-init[974]: |    . + S .    +o|\r\r\n[   20.200320] cloud-init[974]: |     o . . o . .O|\r\r\n[   20.200572] cloud-init[974]: |      .   + o.+=*|\r\r\n[   20.204034] cloud-init[974]: |           =ooo*+|\r\r\n[   20.204344] cloud-init[974]: |            ++E=O|\r\r\n[   20.204606] cloud-init[974]: +----[SHA256]-----+\r\r\n[   20.204870] cloud-init[974]: Generating public/private dsa key pair.\r\r\n[   20.205125] cloud-init[974]: Your identification has been saved in /etc/ssh/ssh_host_dsa_key.\r\r\n[   20.205395] cloud-init[974]: Your public key has been saved in /etc/ssh/ssh_host_dsa_key.pub.\r\r\n[   20.205642] cloud-init[974]: The key fingerprint is:\r\r\n[   20.205883] cloud-init[974]: SHA256:kpAxWXfhvrcmjyj5AOtDv6zUv16dhBsTE1228LtW3FQ root@xplatvm\r\r\n[   20.206128] cloud-init[974]: The key's randomart image is:\r\r\n[   20.206385] cloud-init[974]: +---[DSA 1024]----+\r\r\n[   20.209128] cloud-init[974]: |    oo. . +o..o E|\r\r\n[   20.209394] cloud-init[974]: |    .+ . o ..+ ..|\r\r\n[   20.209972] cloud-init[974]: |    o     +   o .|\r\r\n[   20.210216] cloud-init[974]: |     . . . +   +.|\r\r\n[   20.220792] cloud-init[974]: |    . o S = . . +|\r\r\n[   20.221084] cloud-init[974]: |    .+ .   B . o |\r\r\n[   20.221353] cloud-init[974]: |   .o.o.  + + o  |\r\r\n[   20.221605] cloud-init[974]: |   o..+o o.o.o   |\r\r\n[   20.221851] cloud-init[974]: |    ooo=*..+o    |\r\r\n[   20.222093] cloud-init[974]: +----[SHA256]-----+\r\r\n[   20.222356] cloud-init[974]: Generating public/private ecdsa key pair.\r\r\n[   20.222600] cloud-init[974]: Your identification has been saved in /etc/ssh/ssh_host_ecdsa_key.\r\r\n[   20.224337] cloud-init[974]: Your public key has been saved in /etc/ssh/ssh_host_ecdsa_key.pub.\r\r\n[   20.224587] cloud-init[974]: The key fingerprint is:\r\r\n[   20.224831] cloud-init[974]: SHA256:QKU2wt36ia4tjLETMXG+zjNq6uiDWC/Ge8mfXamUGDQ root@xplatvm\r\r\n[   20.225077] cloud-init[974]: The key's randomart image is:\r\r\n[   20.225339] cloud-init[974]: +---[ECDSA 256]---+\r\r\n[   20.225579] cloud-init[974]: |      ...        |\r\r\n[   20.225818] cloud-init[974]: |  ...o o         |\r\r\n[   20.228037] cloud-init[974]: |   +o E .        |\r\r\n[   20.228335] cloud-init[974]: |  o .+ =         |\r\r\n[   20.228599] cloud-init[974]: |   o .o S        |\r\r\n[   20.228853] cloud-init[974]: |  + .  = o .     |\r\r\n[   20.229099] cloud-init[974]: |oo @ .o = o      |\r\r\n[   20.236079] cloud-init[974]: |+.O %o + o       |\r\r\n[   20.236343] cloud-init[974]: |=*+*.*= o        |\r\r\n[   20.236589] cloud-init[974]: +----[SHA256]-----+\r\r\n[   20.236828] cloud-init[974]: Generating public/private ed25519 key pair.\r\r\n[   20.239978] cloud-init[974]: Your identification has been saved in /etc/ssh/ssh_host_ed25519_key.\r\r\n[   20.240308] cloud-init[974]: Your public key has been saved in /etc/ssh/ssh_host_ed25519_key.pub.\r\r\n[   20.240570] cloud-init[974]: The key fingerprint is:\r\r\n[   20.240818] cloud-init[974]: SHA256:JuVJIO85wdHPm0Vzm+44aVrgEmordWBbbOjJ4JR3Bwc root@xplatvm\r\r\n[   20.241064] cloud-init[974]: The key's randomart image is:\r\r\n[   20.241320] cloud-init[974]: +--[ED25519 256]--+\r\r\n[   20.241567] cloud-init[974]: |    . o.E.       |\r\r\n[   20.241808] cloud-init[974]: |     + oo . o .  |\r\r\n[   20.242046] cloud-init[974]: |     .+oo= . o o |\r\r\n[   20.242298] cloud-init[974]: |    +.=*=.+ . o  |\r\r\n[   20.242536] cloud-init[974]: |   o *=BS..+ .   |\r\r\n[   20.244330] cloud-init[974]: |    . *=.oo.  .  |\r\r\n[   20.244570] cloud-init[974]: |     .o.. . .+   |\r\r\n[   20.244806] cloud-init[974]: |    .. . . .= .  |\r\r\n[   20.245049] cloud-init[974]: |     ..   .o .   |\r\r\n[   20.253594] cloud-init[974]: +----[SHA256]-----+\r\r\n[\u001b[32m  OK  \u001b[0m] Started Initial cloud-init job (metadata service crawler).\r\r\n         Starting Permit User Sessions...\r\r\n[\u001b[32m  OK  \u001b[0m] Reached target Cloud-config availability.\r\r\n         Starting Apply the settings specified in cloud-config...\r\r\n[\u001b[32m  OK  \u001b[0m] Started OpenBSD Secure Shell server.\r\r\n[\u001b[32m  OK  \u001b[0m] Started Permit User Sessions.\r\r\n         Starting Terminate Plymouth Boot Screen...\r\r\n         Starting Wait for Plymouth Boot Screen to Quit...\r\r\ncloud-init.service\r\r\nssh.service\r\r\nsystemd-user-sessions.service\r\r\n[   25.956131] cloud-init[1298]: Generating locales...\r\n[   26.015225] cloud-init[1298]: en_US.UTF-8... up-to-date\r\n[   26.038163] cloud-init[1298]: Generation complete.\r\n\r\r\nUbuntu 15.10 xplatvm ttyS0\r\n\r\nxplatvm login:
[   27.474656] cloud-init[1298]: Cloud-init v. 0.7.7 running 'modules:config' at Tue, 03 May 2016 07:49:24 +0000. Up 21.00 seconds.\r\nci-info: ++Authorized keys from /home/azureuser/.ssh/authorized_keys for user azureuser+++\r\nci-info: +---------+-------------------------------------------------+---------+---------+\r\nci-info: | Keytype |                Fingerprint (md5)                | Options | Comment |\r\nci-info: +---------+-------------------------------------------------+---------+---------+\r\nci-info: | ssh-rsa | 8f:df:8f:18:ba:cd:cc:63:7c:1f:ea:ae:ba:09:40:65 |    -    |    -    |\r\nci-info: +---------+-------------------------------------------------+---------+---------+\r\n<14>May  3 07:49:31 ec2: \r\n<14>May  3 07:49:31 ec2: #############################################################\r\n<14>May  3 07:49:31 ec2: -----BEGIN SSH HOST KEY FINGERPRINTS-----\r\n<14>May  3 07:49:31 ec2: 1024 SHA256:kpAxWXfhvrcmjyj5AOtDv6zUv16dhBsTE1228LtW3FQ root@xplatvm (DSA)\r\n<14>May  3 07:49:31 ec2: 256 SHA256:QKU2wt36ia4tjLETMXG+zjNq6uiDWC/Ge8mfXamUGDQ root@xplatvm (ECDSA)\r\n<14>May  3 07:49:31 ec2: 256 SHA256:JuVJIO85wdHPm0Vzm+44aVrgEmordWBbbOjJ4JR3Bwc root@xplatvm (ED25519)\r\n<14>May  3 07:49:31 ec2: 2048 SHA256:4oQd/P9JnaffgvP9H0FOnTEGKB7ThfpOe51lx1rxr+s root@xplatvm (RSA)\r\n<14>May  3 07:49:31 ec2: -----END SSH HOST KEY FINGERPRINTS-----\r\n<14>May  3 07:49:31 ec2: #############################################################\r\n-----BEGIN SSH HOST KEY KEYS-----\r\necdsa-sha2-nistp256 AAAAE2VjZHNhLXNoYTItbmlzdHAyNTYAAAAIbmlzdHAyNTYAAABBBN4DtaglDb5rXBmFpaVY+Anxm5SP/1+Q1XzF+9yR5zIEcua5GKUM6HEt6/l2XrkTjqyIKt8euqrTzBwnYrMUr1U= root@xplatvm\r\nssh-ed25519 AAAAC3NzaC1lZDI1NTE5AAAAIJgwe3lJ1kBCE4bMtZ7CknpOGW3gx+efZa8HX9SHXl6g root@xplatvm\r\nssh-rsa AAAAB3NzaC1yc2EAAAADAQABAAABAQC2YOUdnzWVIDVx/cvMWimEpEzrha7cwIsaqjYIleBkgv3UYsJ2+06rmmOzx9GirhT4RUB0jUDPGoHMv0tRdjCa6n/9pw0I8eP23kuL10o39yO8F+cpqDwnyXmL29vsr2YYta1Imgd/zxDFdJ+Rd5cNjCymLx5k+31L6Sm6nfZ754nfSbKdoYG9trd+vJ6TS3hei7zg4fxPZx9Pfx13/YTSyxvgMgac4cPVoAeY6W4pvNqgxdX5+lm9kZ3ANevol5ibamPPBa84uBSWU+Ck7JfhujDwNrvFNONoNco1jdwRypQQ0FRPDIHMDH7qfy7e/ktcBIzRvSK2hXkRsWwFVE6L root@xplatvm\r\n-----END SSH HOST KEY KEYS-----\r\n[   28.196903] cloud-init[1407]: Cloud-init v. 0.7.7 running 'modules:final' at Tue, 03 May 2016 07:49:31 +0000. Up 27.90 seconds.\r\n[   28.223041] cloud-init[1407]: Cloud-init v. 0.7.7 finished at Tue, 03 May 2016 07:49:31 +0000. Datasource DataSourceAzureNet [seed=/dev/sr0].  Up 28.18 seconds\r\n2016/05/03 07:49:34.778880 INFO Wait for ssh host key to be generated.\r\n2016/05/03 07:49:34.791198 INFOFinished provisioning\r\n2016/05/03 07:49:37.459658 INFO Event: name=WALA, op=Provision, message=Provision succeed\r\n2016/05/03 07:49:37.472720 INFO Detect protocol endpoints\r\n2016/05/03 07:49:37.482165 INFO Start env monitor service.\r\n2016/05/03 07:49:37.492102 INFO Configure routes\r\n2016/05/03 07:49:37.505357 INFO Event: name=WALA, op=HeartBeat, message=\r\n2016/05/03 07:49:37.512068 INFO Gateway:10.0.0.1\r\n2016/05/03 07:49:37.524580 INFO Routes:None\r\n2016/05/03 07:49:37.544835 INFO Set block dev timeout: sda with timeout: 300\r\n2016/05/03 07:49:37.549318 INFO Set block dev timeout: sdb with timeout: 300\r\n2016/05/03 07:49:38.551987 INFO Handle new ext handler config\r\n2016/05/03 07:49:38.560674 INFO No ext handler config found\r\n2016/05/03 07:49:38.724276 INFO Successfully reported vm agent status\r\n\u0000\u0000\u0000\u0000\u0000\u0000\u0000\u0000\u0000\u0000\u0000\u0000\u0000\u0000\u0000\u0000\u0000\u0000\u0000\u0000\u0000\u0000\u0000\u0000\u0000\u0000\u0000\u0000\u0000\u0000\u0000\u0000\u0000\u0000\u0000\u0000\u0000\u0000\u0000\u0000\u0000\u0000\u0000\u0000\u0000\u0000\u0000\u0000\u0000\u0000\u0000\u0000\u0000\u0000\u0000\u0000\u0000\u0000\u0000\u0000\u0000\u0000\u0000\u0000\u0000\u0000\u0000\u0000\u0000\u0000\u0000\u0000\u0000\u0000\u0000\u0000\u0000\u0000\u0000\u0000\u0000\u0000\u0000\u0000\u0000\u0000\u0000\u0000\u0000\u0000\u0000\u0000\u0000\u0000\u0000\u0000\u0000\u0000\u0000\u0000\u0000\u0000\u0000\u0000\u0000\u0000\u0000\u0000\u0000\u0000\u0000\u0000\u0000\u0000\u0000\u0000\u0000\u0000\u0000\u0000\u0000\u0000\u0000\u0000\u0000\u0000\u0000\u0000\u0000\u0000\u0000\u0000\u0000\u0000\u0000\u0000\u0000\u0000\u0000\u0000\u0000\u0000\u0000\u0000\u0000\u0000\u0000\u0000\u0000\u0000\u0000\u0000\u0000\u0000\u0000\u0000\u0000\u0000\u0000\u0000\u0000\u0000\u0000\u0000\u0000\u0000\u0000\u0000\u0000\u0000\u0000\u0000\u0000\u0000\u0000\u0000\u0000\u0000\u0000\u0000\u0000\u0000\u0000\u0000\u0000\u0000\u0000\u0000\u0000\u0000\u0000\u0000\u0000\u0000\u0000\u0000\u0000\u0000\u0000\u0000\u0000\u0000\u0000\u0000\u0000\u0000\u0000\u0000\u0000\u0000\u0000\u0000\u0000\u0000\u0000\u0000\u0000\u0000\u0000\u0000\u0000\u0000\u0000\u0000\u0000\u0000\u0000\u0000\u0000\u0000\u0000\u0000\u0000\u0000\u0000\u0000\u0000\u0000\u0000\u0000\u0000\u0000\u0000\u0000\u0000\u0000\u0000\u0000\u0000\u0000\u0000\u0000\u0000\u0000\u0000\u0000\u0000\u0000\u0000\u0000\u0000\u0000\u0000\u0000\u0000\u0000\u0000\u0000\u0000\u0000\u0000\u0000\u0000\u0000\u0000\u0000\u0000\u0000\u0000\u0000\u0000\u0000\u0000\u0000\u0000\u0000\u0000\u0000\u0000\u0000\u0000\u0000\u0000\u0000\u0000\u0000\u0000\u0000\u0000\u0000\u0000\u0000\u0000\u0000\u0000\u0000\u0000\u0000\u0000\u0000\u0000\u0000\u0000\u0000\u0000\u0000\u0000\u0000\u0000\u0000\u0000\u0000\u0000\u0000\u0000\u0000\u0000\u0000\u0000\u0000\u0000\u0000\u0000\u0000\u0000\u0000\u0000\u0000\u0000\u0000\u0000\u0000\u0000\u0000\u0000\u0000\u0000\u0000\u0000\u0000\u0000\u0000\u0000\u0000\u0000\u0000\u0000\u0000", { 'content-length': '60416',
  'content-type': 'text/plain',
  'last-modified': 'Tue, 03 May 2016 07:49:48 GMT',
  'accept-ranges': 'bytes',
  etag: '"0x8D373278068ECFE"',
  server: 'Windows-Azure-Blob/1.0 Microsoft-HTTPAPI/2.0',
  'x-ms-request-id': '5c2dea4d-0001-007d-6810-a50725000000',
  'x-ms-version': '2015-02-21',
  'x-ms-lease-status': 'unlocked',
  'x-ms-lease-state': 'available',
  'x-ms-blob-type': 'PageBlob',
  'x-ms-blob-sequence-number': '0',
  date: 'Tue, 03 May 2016 07:50:10 GMT',
  connection: 'close' });
 return result; },
function (nock) { 
var result = 
nock('https://clisto2362498954xplatvm.blob.core.windows.net:443')
  .get('/bootdiagnostics-xplatvm-352f288b-7f69-4eec-a294-9befbbb3d1c1/xplatvm.352f288b-7f69-4eec-a294-9befbbb3d1c1.serialconsole.log')
