// This file has been autogenerated.

var profile = require('../../../lib/util/profile');

exports.getMockedProfile = function () {
  var newProfile = new profile.Profile();

  newProfile.addSubscription(new profile.Subscription({
    id: 'e33f361b-53c2-4cc7-b829-78906708387b',
    name: 'Microsoft Azure Internal Consumption',
    user: {
      name: 'user@domain.example',
      type: 'servicePrincipal'
    },
    tenantId: '72f988bf-86f1-41af-91ab-2d7cd011db47',
    state: 'Enabled',
    registeredProviders: [],
    isDefault: true
  }, newProfile.environments['AzureCloud']));

  return newProfile;
};

exports.setEnvironment = function() {
  process.env['AZURE_VM_TEST_LOCATION'] = 'eastus';
  process.env['SSHCERT'] = 'test/myCert.pem';
};

exports.scopes = [[function (nock) { 
var result = 
nock('http://management.azure.com:443')
  .get('/subscriptions/e33f361b-53c2-4cc7-b829-78906708387b/resourceGroups/xplatTestGVMCreate6357/providers/Microsoft.Compute/virtualMachines/xplatvm?$expand=instanceView&api-version=2015-06-15')
  .reply(200, "{\r\n  \"properties\": {\r\n    \"vmId\": \"4922d37c-fe2c-4c71-ae0f-83f4c2e0065b\",\r\n    \"hardwareProfile\": {\r\n      \"vmSize\": \"Standard_A1\"\r\n    },\r\n    \"storageProfile\": {\r\n      \"osDisk\": {\r\n        \"osType\": \"Linux\",\r\n        \"name\": \"cli7f043413b485d0f0-os-1453314155688\",\r\n        \"createOption\": \"FromImage\",\r\n        \"image\": {\r\n          \"uri\": \"https://xplatteststorage17599.blob.core.windows.net/system/Microsoft.Compute/Images/vhds/xplatvm3-osDisk.43829a4e-f9cc-4a5a-8212-48a35bfcf0a8.vhd\"\r\n        },\r\n        \"vhd\": {\r\n          \"uri\": \"https://xplatteststorage17599.blob.core.windows.net/xplatteststoragecnt11627/cli7f043413b485d0f0-os-1453314155688.vhd\"\r\n        },\r\n        \"caching\": \"ReadWrite\"\r\n      },\r\n      \"dataDisks\": []\r\n    },\r\n    \"osProfile\": {\r\n      \"computerName\": \"xplatvm\",\r\n      \"adminUsername\": \"azureuser\",\r\n      \"linuxConfiguration\": {\r\n        \"disablePasswordAuthentication\": false,\r\n        \"ssh\": {\r\n          \"publicKeys\": [\r\n            {\r\n              \"path\": \"/home/azureuser/.ssh/authorized_keys\",\r\n              \"keyData\": \"MIID/zCCAuegAwIBAgIJAMUAa+XVLvAeMA0GCSqGSIb3DQEBBQUAMIGVMQswCQYD\\r\\nVQQGEwJJbjESMBAGA1UECAwJS2FybmF0YWthMRIwEAYDVQQHDAlCYW5nYWxvcmUx\\r\\nEDAOBgNVBAoMB2JyaWxsaW8xEjAQBgNVBAsMCW1pY3Jvc29mdDEQMA4GA1UEAwwH\\r\\nYnJpbGxpbzEmMCQGCSqGSIb3DQEJARYXc3JlZWthbnRoYnNAeWFob28uY28uaW4w\\r\\nHhcNMTUwMzA1MTE1MzEyWhcNMTYwMzA0MTE1MzEyWjCBlTELMAkGA1UEBhMCSW4x\\r\\nEjAQBgNVBAgMCUthcm5hdGFrYTESMBAGA1UEBwwJQmFuZ2Fsb3JlMRAwDgYDVQQK\\r\\nDAdicmlsbGlvMRIwEAYDVQQLDAltaWNyb3NvZnQxEDAOBgNVBAMMB2JyaWxsaW8x\\r\\nJjAkBgkqhkiG9w0BCQEWF3NyZWVrYW50aGJzQHlhaG9vLmNvLmluMIIBIjANBgkq\\r\\nhkiG9w0BAQEFAAOCAQ8AMIIBCgKCAQEAyUNKaOuT0NK+S8Ck81zy9xJ6hXfZvAC6\\r\\nlhbmf/6s/WVimJ/TX5NMhQJwC9k6ZIF92KfYrojHNvHDufSZ3EtKUVwRFCDjmgMT\\r\\nDL09WkGaZt7gROYFK0iZ4KrYGovUwlwum9fHB24OJiOV4bi0ek62/rHx9fjYZpvp\\r\\naIH2PV/hN8SCZ0x7HJMberD4gVoU/Kv42nNvwjLUW6IZfVx/Gv5OeFDtWHfSvUEF\\r\\ndadHKTPn3Ab20Iu6gZIbLO9Vuf38/IpaYGfnFCouHdzmiTiLieYNe3CUPcOJNSv7\\r\\n1G8KYpx3uNJRkJPab5OsRyJw75Gvzkr9OgaPss9tVD6Gt68u3WQtVQIDAQABo1Aw\\r\\nTjAdBgNVHQ4EFgQUogvhXB+xZ2JJPfLO6cVs4ForzscwHwYDVR0jBBgwFoAUogvh\\r\\nXB+xZ2JJPfLO6cVs4ForzscwDAYDVR0TBAUwAwEB/zANBgkqhkiG9w0BAQUFAAOC\\r\\nAQEAdDj7qUNJ45xlF5cjd+4x5NHvAD1VTjOKu+Xh/uzSSjXqB2F0aOMWA9lx0qaQ\\r\\noJgHkGxj3zz/W7ik/cVGL2O+vRIOKv/y0OPogEmS3Hw+P+O6OGE7x1G6YN0zLVoL\\r\\nu4BN/BEYmjttxM9I7qqL7C5cJoE+K3s/w1/pt/68ohJcr7F9Ohi7cso62xuGY1Rm\\r\\nksAh2EUDsU9JV/P+C9AMpLSrb03JJYzVj4w1RHbrmw2AjFyGXdQYkggyXisg+Ifr\\r\\n5gbNN7HigpHf7b2i3CQBUqp9m23frh5AhnLI2qp3UXgc52U5ieLdi/t6j0TTZqqY\\r\\nHhHqofKrj938HHlBNpC5/LVh3w==\\r\\n\"\r\n            }\r\n          ]\r\n        }\r\n      },\r\n      \"secrets\": []\r\n    },\r\n    \"networkProfile\": {\"networkInterfaces\":[{\"properties\":{},\"id\":\"/subscriptions/e33f361b-53c2-4cc7-b829-78906708387b/resourceGroups/xplatTestGVMCreate6357/providers/Microsoft.Network/networkInterfaces/xplattestnic\"}]},\r\n    \"diagnosticsProfile\": {\r\n      \"bootDiagnostics\": {\r\n        \"enabled\": true,\r\n        \"storageUri\": \"https://xplatteststorage17599.blob.core.windows.net/\"\r\n      }\r\n    },\r\n    \"provisioningState\": \"Succeeded\",\r\n    \"instanceView\": {\r\n      \"vmAgent\": {\r\n        \"vmAgentVersion\": \"WALinuxAgent-2.0.14\",\r\n        \"statuses\": [\r\n          {\r\n            \"code\": \"ProvisioningState/succeeded\",\r\n            \"level\": \"Info\",\r\n            \"displayStatus\": \"Ready\",\r\n            \"message\": \"GuestAgent is running and accepting new configurations.\",\r\n            \"time\": \"2016-01-20T18:34:20+00:00\"\r\n          }\r\n        ],\r\n        \"extensionHandlers\": []\r\n      },\r\n      \"disks\": [\r\n        {\r\n          \"name\": \"cli7f043413b485d0f0-os-1453314155688\",\r\n          \"statuses\": [\r\n            {\r\n              \"code\": \"ProvisioningState/succeeded\",\r\n              \"level\": \"Info\",\r\n              \"displayStatus\": \"Provisioning succeeded\",\r\n              \"time\": \"2016-01-20T18:22:40.9142044+00:00\"\r\n            }\r\n          ]\r\n        }\r\n      ],\r\n      \"bootDiagnostics\": {\r\n        \"consoleScreenshotBlobUri\": \"https://xplatteststorage17599.blob.core.windows.net/bootdiagnostics-xplatvm-4922d37c-fe2c-4c71-ae0f-83f4c2e0065b/xplatvm.4922d37c-fe2c-4c71-ae0f-83f4c2e0065b.screenshot.bmp\",\r\n        \"serialConsoleLogBlobUri\": \"https://xplatteststorage17599.blob.core.windows.net/bootdiagnostics-xplatvm-4922d37c-fe2c-4c71-ae0f-83f4c2e0065b/xplatvm.4922d37c-fe2c-4c71-ae0f-83f4c2e0065b.serialconsole.log\"\r\n      },\r\n      \"statuses\": [\r\n        {\r\n          \"code\": \"ProvisioningState/succeeded\",\r\n          \"level\": \"Info\",\r\n          \"displayStatus\": \"Provisioning succeeded\",\r\n          \"time\": \"2016-01-20T18:24:13.5237373+00:00\"\r\n        },\r\n        {\r\n          \"code\": \"PowerState/running\",\r\n          \"level\": \"Info\",\r\n          \"displayStatus\": \"VM running\"\r\n        }\r\n      ]\r\n    }\r\n  },\r\n  \"id\": \"/subscriptions/e33f361b-53c2-4cc7-b829-78906708387b/resourceGroups/xplatTestGVMCreate6357/providers/Microsoft.Compute/virtualMachines/xplatvm\",\r\n  \"name\": \"xplatvm\",\r\n  \"type\": \"Microsoft.Compute/virtualMachines\",\r\n  \"location\": \"eastus\",\r\n  \"tags\": {\r\n    \"a\": \"b\",\r\n    \"b\": \"c\",\r\n    \"d\": \"\"\r\n  }\r\n}", { 'cache-control': 'no-cache',
  pragma: 'no-cache',
  'content-length': '5037',
  'content-type': 'application/json; charset=utf-8',
  expires: '-1',
  'strict-transport-security': 'max-age=31536000; includeSubDomains',
  'x-ms-served-by': 'db2c81f2-c6fa-41a7-b70e-bc4bed3c3b56_130976405633927612',
  'x-ms-request-id': '4ea1cdbb-2caf-4c7a-86a8-f71bd2a23e72',
  server: 'Microsoft-HTTPAPI/2.0, Microsoft-HTTPAPI/2.0',
  'x-ms-ratelimit-remaining-subscription-reads': '14962',
  'x-ms-correlation-request-id': '72c7433b-dc32-4d46-bc84-d7b88f0cbd9a',
  'x-ms-routing-request-id': 'WESTUS:20160120T183422Z:72c7433b-dc32-4d46-bc84-d7b88f0cbd9a',
  date: 'Wed, 20 Jan 2016 18:34:22 GMT',
  connection: 'close' });
 return result; },
function (nock) { 
var result = 
nock('https://management.azure.com:443')
  .get('/subscriptions/e33f361b-53c2-4cc7-b829-78906708387b/resourceGroups/xplatTestGVMCreate6357/providers/Microsoft.Compute/virtualMachines/xplatvm?$expand=instanceView&api-version=2015-06-15')
  .reply(200, "{\r\n  \"properties\": {\r\n    \"vmId\": \"4922d37c-fe2c-4c71-ae0f-83f4c2e0065b\",\r\n    \"hardwareProfile\": {\r\n      \"vmSize\": \"Standard_A1\"\r\n    },\r\n    \"storageProfile\": {\r\n      \"osDisk\": {\r\n        \"osType\": \"Linux\",\r\n        \"name\": \"cli7f043413b485d0f0-os-1453314155688\",\r\n        \"createOption\": \"FromImage\",\r\n        \"image\": {\r\n          \"uri\": \"https://xplatteststorage17599.blob.core.windows.net/system/Microsoft.Compute/Images/vhds/xplatvm3-osDisk.43829a4e-f9cc-4a5a-8212-48a35bfcf0a8.vhd\"\r\n        },\r\n        \"vhd\": {\r\n          \"uri\": \"https://xplatteststorage17599.blob.core.windows.net/xplatteststoragecnt11627/cli7f043413b485d0f0-os-1453314155688.vhd\"\r\n        },\r\n        \"caching\": \"ReadWrite\"\r\n      },\r\n      \"dataDisks\": []\r\n    },\r\n    \"osProfile\": {\r\n      \"computerName\": \"xplatvm\",\r\n      \"adminUsername\": \"azureuser\",\r\n      \"linuxConfiguration\": {\r\n        \"disablePasswordAuthentication\": false,\r\n        \"ssh\": {\r\n          \"publicKeys\": [\r\n            {\r\n              \"path\": \"/home/azureuser/.ssh/authorized_keys\",\r\n              \"keyData\": \"MIID/zCCAuegAwIBAgIJAMUAa+XVLvAeMA0GCSqGSIb3DQEBBQUAMIGVMQswCQYD\\r\\nVQQGEwJJbjESMBAGA1UECAwJS2FybmF0YWthMRIwEAYDVQQHDAlCYW5nYWxvcmUx\\r\\nEDAOBgNVBAoMB2JyaWxsaW8xEjAQBgNVBAsMCW1pY3Jvc29mdDEQMA4GA1UEAwwH\\r\\nYnJpbGxpbzEmMCQGCSqGSIb3DQEJARYXc3JlZWthbnRoYnNAeWFob28uY28uaW4w\\r\\nHhcNMTUwMzA1MTE1MzEyWhcNMTYwMzA0MTE1MzEyWjCBlTELMAkGA1UEBhMCSW4x\\r\\nEjAQBgNVBAgMCUthcm5hdGFrYTESMBAGA1UEBwwJQmFuZ2Fsb3JlMRAwDgYDVQQK\\r\\nDAdicmlsbGlvMRIwEAYDVQQLDAltaWNyb3NvZnQxEDAOBgNVBAMMB2JyaWxsaW8x\\r\\nJjAkBgkqhkiG9w0BCQEWF3NyZWVrYW50aGJzQHlhaG9vLmNvLmluMIIBIjANBgkq\\r\\nhkiG9w0BAQEFAAOCAQ8AMIIBCgKCAQEAyUNKaOuT0NK+S8Ck81zy9xJ6hXfZvAC6\\r\\nlhbmf/6s/WVimJ/TX5NMhQJwC9k6ZIF92KfYrojHNvHDufSZ3EtKUVwRFCDjmgMT\\r\\nDL09WkGaZt7gROYFK0iZ4KrYGovUwlwum9fHB24OJiOV4bi0ek62/rHx9fjYZpvp\\r\\naIH2PV/hN8SCZ0x7HJMberD4gVoU/Kv42nNvwjLUW6IZfVx/Gv5OeFDtWHfSvUEF\\r\\ndadHKTPn3Ab20Iu6gZIbLO9Vuf38/IpaYGfnFCouHdzmiTiLieYNe3CUPcOJNSv7\\r\\n1G8KYpx3uNJRkJPab5OsRyJw75Gvzkr9OgaPss9tVD6Gt68u3WQtVQIDAQABo1Aw\\r\\nTjAdBgNVHQ4EFgQUogvhXB+xZ2JJPfLO6cVs4ForzscwHwYDVR0jBBgwFoAUogvh\\r\\nXB+xZ2JJPfLO6cVs4ForzscwDAYDVR0TBAUwAwEB/zANBgkqhkiG9w0BAQUFAAOC\\r\\nAQEAdDj7qUNJ45xlF5cjd+4x5NHvAD1VTjOKu+Xh/uzSSjXqB2F0aOMWA9lx0qaQ\\r\\noJgHkGxj3zz/W7ik/cVGL2O+vRIOKv/y0OPogEmS3Hw+P+O6OGE7x1G6YN0zLVoL\\r\\nu4BN/BEYmjttxM9I7qqL7C5cJoE+K3s/w1/pt/68ohJcr7F9Ohi7cso62xuGY1Rm\\r\\nksAh2EUDsU9JV/P+C9AMpLSrb03JJYzVj4w1RHbrmw2AjFyGXdQYkggyXisg+Ifr\\r\\n5gbNN7HigpHf7b2i3CQBUqp9m23frh5AhnLI2qp3UXgc52U5ieLdi/t6j0TTZqqY\\r\\nHhHqofKrj938HHlBNpC5/LVh3w==\\r\\n\"\r\n            }\r\n          ]\r\n        }\r\n      },\r\n      \"secrets\": []\r\n    },\r\n    \"networkProfile\": {\"networkInterfaces\":[{\"properties\":{},\"id\":\"/subscriptions/e33f361b-53c2-4cc7-b829-78906708387b/resourceGroups/xplatTestGVMCreate6357/providers/Microsoft.Network/networkInterfaces/xplattestnic\"}]},\r\n    \"diagnosticsProfile\": {\r\n      \"bootDiagnostics\": {\r\n        \"enabled\": true,\r\n        \"storageUri\": \"https://xplatteststorage17599.blob.core.windows.net/\"\r\n      }\r\n    },\r\n    \"provisioningState\": \"Succeeded\",\r\n    \"instanceView\": {\r\n      \"vmAgent\": {\r\n        \"vmAgentVersion\": \"WALinuxAgent-2.0.14\",\r\n        \"statuses\": [\r\n          {\r\n            \"code\": \"ProvisioningState/succeeded\",\r\n            \"level\": \"Info\",\r\n            \"displayStatus\": \"Ready\",\r\n            \"message\": \"GuestAgent is running and accepting new configurations.\",\r\n            \"time\": \"2016-01-20T18:34:20+00:00\"\r\n          }\r\n        ],\r\n        \"extensionHandlers\": []\r\n      },\r\n      \"disks\": [\r\n        {\r\n          \"name\": \"cli7f043413b485d0f0-os-1453314155688\",\r\n          \"statuses\": [\r\n            {\r\n              \"code\": \"ProvisioningState/succeeded\",\r\n              \"level\": \"Info\",\r\n              \"displayStatus\": \"Provisioning succeeded\",\r\n              \"time\": \"2016-01-20T18:22:40.9142044+00:00\"\r\n            }\r\n          ]\r\n        }\r\n      ],\r\n      \"bootDiagnostics\": {\r\n        \"consoleScreenshotBlobUri\": \"https://xplatteststorage17599.blob.core.windows.net/bootdiagnostics-xplatvm-4922d37c-fe2c-4c71-ae0f-83f4c2e0065b/xplatvm.4922d37c-fe2c-4c71-ae0f-83f4c2e0065b.screenshot.bmp\",\r\n        \"serialConsoleLogBlobUri\": \"https://xplatteststorage17599.blob.core.windows.net/bootdiagnostics-xplatvm-4922d37c-fe2c-4c71-ae0f-83f4c2e0065b/xplatvm.4922d37c-fe2c-4c71-ae0f-83f4c2e0065b.serialconsole.log\"\r\n      },\r\n      \"statuses\": [\r\n        {\r\n          \"code\": \"ProvisioningState/succeeded\",\r\n          \"level\": \"Info\",\r\n          \"displayStatus\": \"Provisioning succeeded\",\r\n          \"time\": \"2016-01-20T18:24:13.5237373+00:00\"\r\n        },\r\n        {\r\n          \"code\": \"PowerState/running\",\r\n          \"level\": \"Info\",\r\n          \"displayStatus\": \"VM running\"\r\n        }\r\n      ]\r\n    }\r\n  },\r\n  \"id\": \"/subscriptions/e33f361b-53c2-4cc7-b829-78906708387b/resourceGroups/xplatTestGVMCreate6357/providers/Microsoft.Compute/virtualMachines/xplatvm\",\r\n  \"name\": \"xplatvm\",\r\n  \"type\": \"Microsoft.Compute/virtualMachines\",\r\n  \"location\": \"eastus\",\r\n  \"tags\": {\r\n    \"a\": \"b\",\r\n    \"b\": \"c\",\r\n    \"d\": \"\"\r\n  }\r\n}", { 'cache-control': 'no-cache',
  pragma: 'no-cache',
  'content-length': '5037',
  'content-type': 'application/json; charset=utf-8',
  expires: '-1',
  'strict-transport-security': 'max-age=31536000; includeSubDomains',
  'x-ms-served-by': 'db2c81f2-c6fa-41a7-b70e-bc4bed3c3b56_130976405633927612',
  'x-ms-request-id': '4ea1cdbb-2caf-4c7a-86a8-f71bd2a23e72',
  server: 'Microsoft-HTTPAPI/2.0, Microsoft-HTTPAPI/2.0',
  'x-ms-ratelimit-remaining-subscription-reads': '14962',
  'x-ms-correlation-request-id': '72c7433b-dc32-4d46-bc84-d7b88f0cbd9a',
  'x-ms-routing-request-id': 'WESTUS:20160120T183422Z:72c7433b-dc32-4d46-bc84-d7b88f0cbd9a',
  date: 'Wed, 20 Jan 2016 18:34:22 GMT',
  connection: 'close' });
 return result; },
function (nock) { 
var result = 
nock('http://management.azure.com:443')
  .post('/subscriptions/e33f361b-53c2-4cc7-b829-78906708387b/resourceGroups/xplatTestGVMCreate6357/providers/Microsoft.Storage/storageAccounts/xplatteststorage17599/listKeys?api-version=2015-06-15')
  .reply(200, "{\"key1\":\"nSPWS4E9buCz0mcOCAfNSlWfRpB5DKMVIHHppNkHWkLiDQqtI7AOXGgaWBiXOpTJjD15Y9XagQ4DzFIALMIidw==\",\"key2\":\"e042eCsF37AA88vvHQ6CgwSQNOPloxH0owA5kPRnbl+LARg58JWY7xIE9kn2BzRi6Qvp4/je9Qbp48WnZpD4aA==\"}\n", { 'cache-control': 'no-cache',
  pragma: 'no-cache',
  'content-length': '198',
  'content-type': 'application/json',
  expires: '-1',
  'x-ms-request-id': 'e4a555da-68f0-4e81-9b09-e99d94d850bb',
  server: 'Microsoft-Azure-Storage-Resource-Provider/1.0, Microsoft-HTTPAPI/2.0',
  'x-ms-ratelimit-remaining-subscription-writes': '1198',
  'x-ms-correlation-request-id': 'e4a555da-68f0-4e81-9b09-e99d94d850bb',
  'x-ms-routing-request-id': 'WESTUS:20160120T183423Z:e4a555da-68f0-4e81-9b09-e99d94d850bb',
  'strict-transport-security': 'max-age=31536000; includeSubDomains',
  date: 'Wed, 20 Jan 2016 18:34:22 GMT',
  connection: 'close' });
 return result; },
function (nock) { 
var result = 
nock('https://management.azure.com:443')
  .post('/subscriptions/e33f361b-53c2-4cc7-b829-78906708387b/resourceGroups/xplatTestGVMCreate6357/providers/Microsoft.Storage/storageAccounts/xplatteststorage17599/listKeys?api-version=2015-06-15')
  .reply(200, "{\"key1\":\"nSPWS4E9buCz0mcOCAfNSlWfRpB5DKMVIHHppNkHWkLiDQqtI7AOXGgaWBiXOpTJjD15Y9XagQ4DzFIALMIidw==\",\"key2\":\"e042eCsF37AA88vvHQ6CgwSQNOPloxH0owA5kPRnbl+LARg58JWY7xIE9kn2BzRi6Qvp4/je9Qbp48WnZpD4aA==\"}\n", { 'cache-control': 'no-cache',
  pragma: 'no-cache',
  'content-length': '198',
  'content-type': 'application/json',
  expires: '-1',
  'x-ms-request-id': 'e4a555da-68f0-4e81-9b09-e99d94d850bb',
  server: 'Microsoft-Azure-Storage-Resource-Provider/1.0, Microsoft-HTTPAPI/2.0',
  'x-ms-ratelimit-remaining-subscription-writes': '1198',
  'x-ms-correlation-request-id': 'e4a555da-68f0-4e81-9b09-e99d94d850bb',
  'x-ms-routing-request-id': 'WESTUS:20160120T183423Z:e4a555da-68f0-4e81-9b09-e99d94d850bb',
  'strict-transport-security': 'max-age=31536000; includeSubDomains',
  date: 'Wed, 20 Jan 2016 18:34:22 GMT',
  connection: 'close' });
 return result; },
function (nock) { 
var result = 
nock('http://xplatteststorage17599.blob.core.windows.net:443')
  .head('/bootdiagnostics-xplatvm-4922d37c-fe2c-4c71-ae0f-83f4c2e0065b/xplatvm.4922d37c-fe2c-4c71-ae0f-83f4c2e0065b.serialconsole.log')
  .reply(200, "", { 'content-length': '64000',
  'last-modified': 'Wed, 20 Jan 2016 18:24:21 GMT',
  'accept-ranges': 'bytes',
  etag: '"0x8D321C6EB006813"',
  server: 'Windows-Azure-Blob/1.0 Microsoft-HTTPAPI/2.0',
  'x-ms-request-id': '0b5e2ddb-0001-002f-51b1-534975000000',
  'x-ms-version': '2015-02-21',
  'x-ms-lease-status': 'unlocked',
  'x-ms-lease-state': 'available',
  'x-ms-blob-type': 'PageBlob',
  'x-ms-blob-sequence-number': '0',
  date: 'Wed, 20 Jan 2016 18:34:22 GMT',
  connection: 'close' });
 return result; },
function (nock) { 
var result = 
nock('https://xplatteststorage17599.blob.core.windows.net:443')
  .head('/bootdiagnostics-xplatvm-4922d37c-fe2c-4c71-ae0f-83f4c2e0065b/xplatvm.4922d37c-fe2c-4c71-ae0f-83f4c2e0065b.serialconsole.log')
  .reply(200, "", { 'content-length': '64000',
  'last-modified': 'Wed, 20 Jan 2016 18:24:21 GMT',
  'accept-ranges': 'bytes',
  etag: '"0x8D321C6EB006813"',
  server: 'Windows-Azure-Blob/1.0 Microsoft-HTTPAPI/2.0',
  'x-ms-request-id': '0b5e2ddb-0001-002f-51b1-534975000000',
  'x-ms-version': '2015-02-21',
  'x-ms-lease-status': 'unlocked',
  'x-ms-lease-state': 'available',
  'x-ms-blob-type': 'PageBlob',
  'x-ms-blob-sequence-number': '0',
  date: 'Wed, 20 Jan 2016 18:34:22 GMT',
  connection: 'close' });
 return result; },
function (nock) { 
var result = 
nock('http://xplatteststorage17599.blob.core.windows.net:443')
  .get('/bootdiagnostics-xplatvm-4922d37c-fe2c-4c71-ae0f-83f4c2e0065b/xplatvm.4922d37c-fe2c-4c71-ae0f-83f4c2e0065b.serialconsole.log')
  .reply(200, "\u001b[H\u001b[J\u001b[1;1H[.00.000000] Initializing cgroup subsys cpuset\r\n[    0.000000] Initializing cgroup subsys cpu\r\n[    0.000000] Initializing cgroup subsys cpuacct\r\n[    0.000000] Linux version 3.19.0-47-generic (buildd@lgw01-56) (gcc version 4.9.2 (Ubuntu 4.9.2-10ubuntu13) ) #53-Ubuntu SMP Mon Jan 18 14:02:48 UTC 2016 (Ubuntu 3.19.0-47.53-generic 3.19.8-ckt10)\r\n[    0.000000] Command line: BOOT_IMAGE=/boot/vmlinuz-3.19.0-47-generic root=UUID=39dbc619-b3fa-4d08-8b49-5c548c9259f7 ro console=tty1 console=ttyS0 earlyprintk=ttyS0 rootdelay=300\r\n[    0.000000] KERNEL supported cpus:\r\n[    0.000000]   Intel GenuineIntel\r\n[    0.000000]   AMD AuthenticAMD\r\n[    0.000000]   Centaur CentaurHauls\r\n[    0.000000] e820: BIOS-provided physical RAM map:\r\n[    0.000000] BIOS-e820: [mem 0x0000000000000000-0x000000000009fbff] usable\r\n[    0.000000] BIOS-e820: [mem 0x000000000009fc00-0x000000000009ffff] reserved\r\n[    0.000000] BIOS-e820: [mem 0x00000000000e0000-0x00000000000fffff] reserved\r\n[    0.000000] BIOS-e820: [mem 0x0000000000100000-0x000000001ffeffff] usable\r\n[    0.000000] BIOS-e820: [mem 0x000000001fff0000-0x000000001fffefff] ACPI data\r\n[    0.000000] BIOS-e820: [mem 0x000000001ffff000-0x000000001fffffff] ACPI NVS\r\n[    0.000000] BIOS-e820: [mem 0x0000000100000000-0x000000014fffffff] usable\r\n[    0.000000] bootconsole [earlyser0] enabled\r\n[    0.000000] NX (Execute Disable) protection: active\r\n[    0.000000] SMBIOS 2.3 present.\r\n[    0.000000] Hypervisor detected: Microsoft HyperV\r\n[    0.000000] HyperV: features 0xe7f, hints 0x2c\r\n[    0.000000] HyperV: LAPIC Timer Frequency: 0xc3500\r\n[    0.000000] tsc: Marking TSC unstable due to running on Hyper-V\r\n[    0.000000] AGP: No AGP bridge found\r\n[    0.000000] e820: last_pfn = 0x150000 max_arch_pfn = 0x400000000\r\n[    0.000000] PAT configuration [0-7]: WB  WC  UC- UC  WB  WC  UC- UC  \r\n[    0.000000] e820: last_pfn = 0x1fff0 max_arch_pfn = 0x400000000\r\n[    0.000000] found SMP MP-table at [mem 0x000ff780-0x000ff78f] mapped at [ffff8800000ff780]\r\n[    0.000000] Scanning 1 areas for low memory corruption\r\n[    0.000000] init_memory_mapping: [mem 0x00000000-0x000fffff]\r\n[    0.000000] init_memory_mapping: [mem 0x14fe00000-0x14fffffff]\r\n[    0.000000] init_memory_mapping: [mem 0x140000000-0x14fdfffff]\r\n[    0.000000] init_memory_mapping: [mem 0x120000000-0x13fffffff]\r\n[    0.000000] init_memory_mapping: [mem 0x00100000-0x1ffeffff]\r\n[    0.000000] init_memory_mapping: [mem 0x100000000-0x11fffffff]\r\n[    0.000000] RAMDISK: [mem 0x1dd1d000-0x1f7b7fff]\r\n[    0.000000] ACPI: Early table checksum verification disabled\r\n[    0.000000] ACPI: RSDP 0x00000000000F56F0 000014 (v00 ACPIAM)\r\n[    0.000000] ACPI: RSDT 0x000000001FFF0000 000040 (v01 VRTUAL MICROSFT 05001223 MSFT 00000097)\r\n[    0.000000] ACPI: FACP 0x000000001FFF0200 000081 (v02 VRTUAL MICROSFT 05001223 MSFT 00000097)\r\n[    0.000000] ACPI: DSDT 0x000000001FFF1724 002E78 (v01 MSFTVM MSFTVM02 00000002 INTL 02002026)\r\n[    0.000000] ACPI: FACS 0x000000001FFFF000 000040\r\n[    0.000000] ACPI: WAET 0x000000001FFF1480 000028 (v01 VRTUAL MICROSFT 05001223 MSFT 00000097)\r\n[    0.000000] ACPI: SLIC 0x000000001FFF14C0 000176 (v01 VRTUAL MICROSFT 05001223 MSFT 00000097)\r\n[    0.000000] ACPI: OEM0 0x000000001FFF16C0 000064 (v01 VRTUAL MICROSFT 05001223 MSFT 00000097)\r\n[    0.000000] ACPI: SRAT 0x000000001FFF0600 000090 (v02 VRTUAL MICROSFT 00000001 MSFT 00000001)\r\n[    0.000000] ACPI: APIC 0x000000001FFF0300 00024C (v01 VRTUAL MICROSFT 05001223 MSFT 00000097)\r\n[    0.000000] ACPI: OEMB 0x000000001FFFF040 000064 (v01 VRTUAL MICROSFT 05001223 MSFT 00000097)\r\n[    0.000000] SRAT: PXM 0 -> APIC 0x00 -> Node 0\r\n[    0.000000] SRAT: Node 0 PXM 0 [mem 0x00000000-0x1fffffff]\r\n[    0.000000] SRAT: Node 0 PXM 0 [mem 0x100000000-0x14fffffff]\r\n[    0.000000] NUMA: Node 0 [mem 0x00000000-0x1fffffff] + [mem 0x100000000-0x14fffffff] -> [mem 0x00000000-0x14fffffff]\r\n[    0.000000] NODE_DATA(0) allocated [mem 0x14fffa000-0x14fffefff]\r\n[    0.000000] Zone ranges:\r\n[    0.000000]   DMA      [mem 0x00001000-0x00ffffff]\r\n[    0.000000]   DMA32    [mem 0x01000000-0xffffffff]\r\n[    0.000000]   Normal   [mem 0x100000000-0x14fffffff]\r\n[    0.000000] Movable zone start for each node\r\n[    0.000000] Early memory node ranges\r\n[    0.000000]   node   0: [mem 0x00001000-0x0009efff]\r\n[    0.000000]   node   0: [mem 0x00100000-0x1ffeffff]\r\n[    0.000000]   node   0: [mem 0x100000000-0x14fffffff]\r\n[    0.000000] Initmem setup node 0 [mem 0x00001000-0x14fffffff]\r\n[    0.000000] ACPI: PM-Timer IO Port: 0x408\r\n[    0.000000] ACPI: LAPIC (acpi_id[0x01] lapic_id[0x00] enabled)\r\n[    0.000000] ACPI: LAPIC (acpi_id[0x02] lapic_id[0x01] disabled)\r\n[    0.000000] ACPI: LAPIC (acpi_id[0x03] lapic_id[0x02] disabled)\r\n[    0.000000] ACPI: LAPIC (acpi_id[0x04] lapic_id[0x03] disabled)\r\n[    0.000000] ACPI: LAPIC (acpi_id[0x05] lapic_id[0x04] disabled)\r\n[    0.000000] ACPI: LAPIC (acpi_id[0x06] lapic_id[0x05] disabled)\r\n[    0.000000] ACPI: LAPIC (acpi_id[0x07] lapic_id[0x06] disabled)\r\n[    0.000000] ACPI: LAPIC (acpi_id[0x08] lapic_id[0x07] disabled)\r\n[    0.000000] ACPI: LAPIC (acpi_id[0x09] lapic_id[0x08] disabled)\r\n[    0.000000] ACPI: LAPIC (acpi_id[0x0a] lapic_id[0x09] disabled)\r\n[    0.000000] ACPI: LAPIC (acpi_id[0x0b] lapic_id[0x0a] disabled)\r\n[    0.000000] ACPI: LAPIC (acpi_id[0x0c] lapic_id[0x0b] disabled)\r\n[    0.000000] ACPI: LAPIC (acpi_id[0x0d] lapic_id[0x0c] disabled)\r\n[    0.000000] ACPI: LAPIC (acpi_id[0x0e] lapic_id[0x0d] disabled)\r\n[    0.000000] ACPI: LAPIC (acpi_id[0x0f] lapic_id[0x0e] disabled)\r\n[    0.000000] ACPI: LAPIC (acpi_id[0x10] lapic_id[0x0f] disabled)\r\n[    0.000000] ACPI: LAPIC (acpi_id[0x11] lapic_id[0x10] disabled)\r\n[    0.000000] ACPI: LAPIC (acpi_id[0x12] lapic_id[0x11] disabled)\r\n[    0.000000] ACPI: LAPIC (acpi_id[0x13] lapic_id[0x12] disabled)\r\n[    0.000000] ACPI: LAPIC (acpi_id[0x14] lapic_id[0x13] disabled)\r\n[    0.000000] ACPI: LAPIC (acpi_id[0x15] lapic_id[0x14] disabled)\r\n[    0.000000] ACPI: LAPIC (acpi_id[0x16] lapic_id[0x15] disabled)\r\n[    0.000000] ACPI: LAPIC (acpi_id[0x17] lapic_id[0x16] disabled)\r\n[    0.000000] ACPI: LAPIC (acpi_id[0x18] lapic_id[0x17] disabled)\r\n[    0.000000] ACPI: LAPIC (acpi_id[0x19] lapic_id[0x18] disabled)\r\n[    0.000000] ACPI: LAPIC (acpi_id[0x1a] lapic_id[0x19] disabled)\r\n[    0.000000] ACPI: LAPIC (acpi_id[0x1b] lapic_id[0x1a] disabled)\r\n[    0.000000] ACPI: LAPIC (acpi_id[0x1c] lapic_id[0x1b] disabled)\r\n[    0.000000] ACPI: LAPIC (acpi_id[0x1d] lapic_id[0x1c] disabled)\r\n[    0.000000] ACPI: LAPIC (acpi_id[0x1e] lapic_id[0x1d] disabled)\r\n[    0.000000] ACPI: LAPIC (acpi_id[0x1f] lapic_id[0x1e] disabled)\r\n[    0.000000] ACPI: LAPIC (acpi_id[0x20] lapic_id[0x1f] disabled)\r\n[    0.000000] ACPI: LAPIC (acpi_id[0x21] lapic_id[0x20] disabled)\r\n[    0.000000] ACPI: LAPIC (acpi_id[0x22] lapic_id[0x21] disabled)\r\n[    0.000000] ACPI: LAPIC (acpi_id[0x23] lapic_id[0x22] disabled)\r\n[    0.000000] ACPI: LAPIC (acpi_id[0x24] lapic_id[0x23] disabled)\r\n[    0.000000] ACPI: LAPIC (acpi_id[0x25] lapic_id[0x24] disabled)\r\n[    0.000000] ACPI: LAPIC (acpi_id[0x26] lapic_id[0x25] disabled)\r\n[    0.000000] ACPI: LAPIC (acpi_id[0x27] lapic_id[0x26] disabled)\r\n[    0.000000] ACPI: LAPIC (acpi_id[0x28] lapic_id[0x27] disabled)\r\n[    0.000000] ACPI: LAPIC (acpi_id[0x29] lapic_id[0x28] disabled)\r\n[    0.000000] ACPI: LAPIC (acpi_id[0x2a] lapic_id[0x29] disabled)\r\n[    0.000000] ACPI: LAPIC (acpi_id[0x2b] lapic_id[0x2a] disabled)\r\n[    0.000000] ACPI: LAPIC (acpi_id[0x2c] lapic_id[0x2b] disabled)\r\n[    0.000000] ACPI: LAPIC (acpi_id[0x2d] lapic_id[0x2c] disabled)\r\n[    0.000000] ACPI: LAPIC (acpi_id[0x2e] lapic_id[0x2d] disabled)\r\n[    0.000000] ACPI: LAPIC (acpi_id[0x2f] lapic_id[0x2e] disabled)\r\n[    0.000000] ACPI: LAPIC (acpi_id[0x30] lapic_id[0x2f] disabled)\r\n[    0.000000] ACPI: LAPIC (acpi_id[0x31] lapic_id[0x30] disabled)\r\n[    0.000000] ACPI: LAPIC (acpi_id[0x32] lapic_id[0x31] disabled)\r\n[    0.000000] ACPI: LAPIC (acpi_id[0x33] lapic_id[0x32] disabled)\r\n[    0.000000] ACPI: LAPIC (acpi_id[0x34] lapic_id[0x33] disabled)\r\n[    0.000000] ACPI: LAPIC (acpi_id[0x35] lapic_id[0x34] disabled)\r\n[    0.000000] ACPI: LAPIC (acpi_id[0x36] lapic_id[0x35] disabled)\r\n[    0.000000] ACPI: LAPIC (acpi_id[0x37] lapic_id[0x36] disabled)\r\n[    0.000000] ACPI: LAPIC (acpi_id[0x38] lapic_id[0x37] disabled)\r\n[    0.000000] ACPI: LAPIC (acpi_id[0x39] lapic_id[0x38] disabled)\r\n[    0.000000] ACPI: LAPIC (acpi_id[0x3a] lapic_id[0x39] disabled)\r\n[    0.000000] ACPI: LAPIC (acpi_id[0x3b] lapic_id[0x3a] disabled)\r\n[    0.000000] ACPI: LAPIC (acpi_id[0x3c] lapic_id[0x3b] disabled)\r\n[    0.000000] ACPI: LAPIC (acpi_id[0x3d] lapic_id[0x3c] disabled)\r\n[    0.000000] ACPI: LAPIC (acpi_id[0x3e] lapic_id[0x3d] disabled)\r\n[    0.000000] ACPI: LAPIC (acpi_id[0x3f] lapic_id[0x3e] disabled)\r\n[    0.000000] ACPI: LAPIC (acpi_id[0x40] lapic_id[0x3f] disabled)\r\n[    0.000000] ACPI: IOAPIC (id[0x00] address[0xfec00000] gsi_base[0])\r\n[    0.000000] IOAPIC[0]: apic_id 0, version 17, address 0xfec00000, GSI 0-23\r\n[    0.000000] ACPI: INT_SRC_OVR (bus 0 bus_irq 0 global_irq 2 dfl dfl)\r\n[    0.000000] ACPI: INT_SRC_OVR (bus 0 bus_irq 9 global_irq 9 high level)\r\n[    0.000000] Using ACPI (MADT) for SMP configuration information\r\n[    0.000000] smpboot: Allowing 64 CPUs, 63 hotplug CPUs\r\n[    0.000000] PM: Registered nosave memory: [mem 0x00000000-0x00000fff]\r\n[    0.000000] PM: Registered nosave memory: [mem 0x0009f000-0x0009ffff]\r\n[    0.000000] PM: Registered nosave memory: [mem 0x000a0000-0x000dffff]\r\n[    0.000000] PM: Registered nosave memory: [mem 0x000e0000-0x000fffff]\r\n[    0.000000] PM: Registered nosave memory: [mem 0x1fff0000-0x1fffefff]\r\n[    0.000000] PM: Registered nosave memory: [mem 0x1ffff000-0x1fffffff]\r\n[    0.000000] PM: Registered nosave memory: [mem 0x20000000-0xffffffff]\r\n[    0.000000] e820: [mem 0x20000000-0xffffffff] available for PCI devices\r\n[    0.000000] Booting paravirtualized kernel on bare hardware\r\n[    0.000000] setup_percpu: NR_CPUS:256 nr_cpumask_bits:256 nr_cpu_ids:64 nr_node_ids:1\r\n[    0.000000] PERCPU: Embedded 31 pages/cpu @ffff88014d200000 s87104 r8192 d31680 u131072\r\n[    0.000000] Built 1 zonelists in Node order, mobility grouping on.  Total pages: 451449\r\n[    0.000000] Policy zone: Normal\r\n[    0.000000] Kernel command line: BOOT_IMAGE=/boot/vmlinuz-3.19.0-47-generic root=UUID=39dbc619-b3fa-4d08-8b49-5c548c9259f7 ro console=tty1 console=ttyS0 earlyprintk=ttyS0 rootdelay=300\r\n[    0.000000] log_buf_len individual max cpu contribution: 4096 bytes\r\n[    0.000000] log_buf_len total cpu_extra contributions: 258048 bytes\r\n[    0.000000] log_buf_len min size: 262144 bytes\r\n[    0.000000] log_buf_len: 524288 bytes\r\n[    0.000000] early log buf free: 248668(94%)\r\n[    0.000000] PID hash table entries: 4096 (order: 3, 32768 bytes)\r\n[    0.000000] xsave: enabled xstate_bv 0x7, cntxt size 0x340 using standard form\r\n[    0.000000] AGP: Checking aperture...\r\n[    0.000000] AGP: No AGP bridge found\r\n[    0.000000] Memory: 1687480K/1834552K available (8007K kernel code, 1234K rwdata, 3764K rodata, 1408K init, 1300K bss, 147072K reserved, 0K cma-reserved)\r\n[    0.000000] SLUB: HWalign=64, Order=0-3, MinObjects=0, CPUs=64, Nodes=1\r\n[    0.000000] Hierarchical RCU implementation.\r\n[    0.000000] \tRCU dyntick-idle grace-period acceleration is enabled.\r\n[    0.000000] \tRCU restricting CPUs from NR_CPUS=256 to nr_cpu_ids=64.\r\n[    0.000000] RCU: Adjusting geometry for rcu_fanout_leaf=16, nr_cpu_ids=64\r\n[    0.000000] NR_IRQS:16640 nr_irqs:936 16\r\n[    0.000000] \tOffload RCU callbacks from all CPUs\r\n[    0.000000] \tOffload RCU callbacks from CPUs: 0-63.\r\n[    0.000000] Console: colour VGA+ 80x25\r\n[    0.000000] console [tty1] enabled\r\n[    0.000000] console [ttyS0] enabled\r\n[    0.000000] console [ttyS0] enabled\r\n[    0.000000] bootconsole [earlyser0] disabled\r\n[    0.000000] bootconsole [earlyser0] disabled\r\n[    0.000000] tsc: Fast TSC calibration failed\r\n[    0.000000] tsc: Unable to calibrate against PIT\r\n[    0.000000] tsc: using PMTIMER reference calibration\r\n[    0.000000] tsc: Detected 2397.201 MHz processor\r\n[    0.016027] Calibrating delay loop (skipped), value calculated using timer frequency.. 4794.40 BogoMIPS (lpj=9588804)\r\n[    0.017454] pid_max: default: 65536 minimum: 512\r\n[    0.018152] ACPI: Core revision 20141107\r\n[    0.021405] ACPI: All ACPI Tables successfully acquired\r\n[    0.023253] Security Framework initialized\r\n[    0.024059] AppArmor: AppArmor initialized\r\n[    0.024864] Yama: becoming mindful.\r\n[    0.025616] Dentry cache hash table entries: 262144 (order: 9, 2097152 bytes)\r\n[    0.027004] Inode-cache hash table entries: 131072 (order: 8, 1048576 bytes)\r\n[    0.028180] Mount-cache hash table entries: 4096 (order: 3, 32768 bytes)\r\n[    0.028990] Mountpoint-cache hash table entries: 4096 (order: 3, 32768 bytes)\r\n[    0.030068] Initializing cgroup subsys memory\r\n[    0.030773] Initializing cgroup subsys devices\r\n[    0.032017] Initializing cgroup subsys freezer\r\n[    0.032710] Initializing cgroup subsys net_cls\r\n[    0.033387] Initializing cgroup subsys blkio\r\n[    0.034075] Initializing cgroup subsys perf_event\r\n[    0.034763] Initializing cgroup subsys net_prio\r\n[    0.035486] Initializing cgroup subsys hugetlb\r\n[    0.036838] mce: CPU supports 1 MCE banks\r\n[    0.037581] Last level iTLB entries: 4KB 1024, 2MB 1024, 4MB 1024\r\n[    0.037581] Last level dTLB entries: 4KB 1024, 2MB 1024, 4MB 1024, 1GB 4\r\n[    0.057940] ftrace: allocating 30124 entries in 118 pages\r\n[    0.076158] Switched APIC routing to physical flat.\r\n[    0.097983] ..TIMER: vector=0x30 apic1=0 pin1=2 apic2=-1 pin2=-1\r\n[    0.100003] smpboot: CPU0: Intel(R) Xeon(R) CPU E5-2673 v3 @ 2.40GHz (fam: 06, model: 3f, stepping: 02)\r\n[    0.114711] Performance Events: unsupported p6 CPU model 63 no PMU driver, software events only.\r\n[    0.125219] x86: Booted up 1 node, 1 CPUs\r\n[    0.128005] smpboot: Total of 1 processors activated (4794.40 BogoMIPS)\r\n[    0.132013] NMI watchdog: disabled (cpu0): hardware events not enabled\r\n[    0.138419] devtmpfs: initialized\r\n[    0.141695] evm: security.selinux\r\n[    0.144001] evm: security.SMACK64\r\n[    0.148001] evm: security.SMACK64EXEC\r\n[    0.152001] evm: security.SMACK64TRANSMUTE\r\n[    0.156001] evm: security.SMACK64MMAP\r\n[    0.160001] evm: security.ima\r\n[    0.164006] evm: security.capability\r\n[    0.168100] PM: Registering ACPI NVS region [mem 0x1ffff000-0x1fffffff] (4096 bytes)\r\n[    0.172278] pinctrl core: initialized pinctrl subsystem\r\n[    0.176340] RTC time: 18:23:35, date: 01/20/16\r\n[    0.180151] NET: Registered protocol family 16\r\n[    0.184162] cpuidle: using governor ladder\r\n[    0.188004] cpuidle: using governor menu\r\n[    0.192058] ACPI: bus type PCI registered\r\n[    0.196002] acpiphp: ACPI Hot Plug PCI Controller Driver version: 0.5\r\n[    0.200330] PCI: Using configuration type 1 for base access\r\n[    0.205212] ACPI: Added _OSI(Module Device)\r\n[    0.208003] ACPI: Added _OSI(Processor Device)\r\n[    0.212001] ACPI: Added _OSI(3.0 _SCP Extensions)\r\n[    0.216001] ACPI: Added _OSI(Processor Aggregator Device)\r\n[    0.221911] ACPI: Interpreter enabled\r\n[    0.224006] ACPI Exception: AE_NOT_FOUND, While evaluating Sleep State [\\_S1_] (20141107/hwxface-580)\r\n[    0.236004] ACPI Exception: AE_NOT_FOUND, While evaluating Sleep State [\\_S2_] (20141107/hwxface-580)\r\n[    0.248002] ACPI Exception: AE_NOT_FOUND, While evaluating Sleep State [\\_S3_] (20141107/hwxface-580)\r\n[    0.260003] ACPI Exception: AE_NOT_FOUND, While evaluating Sleep State [\\_S4_] (20141107/hwxface-580)\r\n[    0.271348] ACPI: (supports S0 S5)\r\n[    0.272003] ACPI: Using IOAPIC for interrupt routing\r\n[    0.276055] PCI: Using host bridge windows from ACPI; if necessary, use \"pci=nocrs\" and report a bug\r\n[    0.289069] ACPI: PCI Root Bridge [PCI0] (domain 0000 [bus 00-ff])\r\n[    0.292007] acpi PNP0A03:00: _OSC: OS supports [ASPM ClockPM Segments MSI]\r\n[    0.296007] acpi PNP0A03:00: _OSC failed (AE_NOT_FOUND); disabling ASPM\r\n[    0.300664] acpi PNP0A03:00: fail to add MMCONFIG information, can't access extended PCI configuration space under this bridge.\r\n[    0.304123] PCI host bridge to bus 0000:00\r\n[    0.308006] pci_bus 0000:00: root bus resource [bus 00-ff]\r\n[    0.312005] pci_bus 0000:00: root bus resource [mem 0xfe0000000-0xfffefffff]\r\n[    0.316004] pci_bus 0000:00: root bus resource [io  0x0000-0x0cf7]\r\n[    0.320006] pci_bus 0000:00: root bus resource [io  0x0d00-0xffff]\r\n[    0.324002] pci_bus 0000:00: root bus resource [mem 0x000a0000-0x000bffff]\r\n[    0.328003] pci_bus 0000:00: root bus resource [mem 0x20000000-0xfffbffff]\r\n[    0.339977] pci 0000:00:07.1: legacy IDE quirk: reg 0x10: [io  0x01f0-0x01f7]\r\n[    0.340004] pci 0000:00:07.1: legacy IDE quirk: reg 0x14: [io  0x03f6]\r\n[    0.344001] pci 0000:00:07.1: legacy IDE quirk: reg 0x18: [io  0x0170-0x0177]\r\n[    0.348003] pci 0000:00:07.1: legacy IDE quirk: reg 0x1c: [io  0x0376]\r\n[    0.352324] * Found PM-Timer Bug on the chipset. Due to workarounds for a bug,\r\n[    0.352324] * this clock source is slow. Consider trying other clock sources\r\n[    0.357186] pci 0000:00:07.3: quirk: [io  0x0400-0x043f] claimed by PIIX4 ACPI\r\n[    0.369479] ACPI: PCI Interrupt Link [LNKA] (IRQs 3 4 5 7 9 10 *11 12 14 15)\r\n[    0.388137] ACPI: PCI Interrupt Link [LNKB] (IRQs 3 4 5 7 9 10 11 12 14 15) *0, disabled.\r\n[    0.412153] ACPI: PCI Interrupt Link [LNKC] (IRQs 3 4 5 7 9 10 11 12 14 15) *0, disabled.\r\n[    0.433223] ACPI: PCI Interrupt Link [LNKD] (IRQs 3 4 5 7 9 10 11 12 14 15) *0, disabled.\r\n[    0.453281] ACPI: Enabled 1 GPEs in block 00 to 0F\r\n[    0.456175] vgaarb: setting as boot device: PCI:0000:00:08.0\r\n[    0.460000] vgaarb: device added: PCI:0000:00:08.0,decodes=io+mem,owns=io+mem,locks=none\r\n[    0.460005] vgaarb: loaded\r\n[    0.464002] vgaarb: bridge control possible 0000:00:08.0\r\n[    0.468203] SCSI subsystem initialized\r\n[    0.472102] ACPI: bus type USB registered\r\n[    0.476022] usbcore: registered new interface driver usbfs\r\n[    0.480015] usbcore: registered new interface driver hub\r\n[    0.484038] usbcore: registered new device driver usb\r\n[    0.488192] PCI: Using ACPI for IRQ routing\r\n[    0.496449] NetLabel: Initializing\r\n[    0.500001] NetLabel:  domain hash size = 128\r\n[    0.504000] NetLabel:  protocols = UNLABELED CIPSOv4\r\n[    0.508018] NetLabel:  unlabeled traffic allowed by default\r\n[    0.512116] Switched to clocksource hyperv_clocksource\r\n[    0.523868] AppArmor: AppArmor Filesystem Enabled\r\n[    0.535967] pnp: PnP ACPI init\r\n[    0.542428] system 00:06: [io  0x01e0-0x01ef] has been reserved\r\n[    0.550096] system 00:06: [io  0x0160-0x016f] has been reserved\r\n[    0.557622] system 00:06: [io  0x0278-0x027f] has been reserved\r\n[    0.565448] system 00:06: [io  0x0378-0x037f] has been reserved\r\n[    0.573189] system 00:06: [io  0x0678-0x067f] has been reserved\r\n[    0.580785] system 00:06: [io  0x0778-0x077f] has been reserved\r\n[    0.588393] system 00:06: [io  0x04d0-0x04d1] has been reserved\r\n[    0.596125] system 00:07: [io  0x0400-0x043f] has been reserved\r\n[    0.603779] system 00:07: [io  0x0370-0x0371] has been reserved\r\n[    0.611381] system 00:07: [io  0x0440-0x044f] has been reserved\r\n[    0.619108] system 00:07: [mem 0xfec00000-0xfec00fff] could not be reserved\r\n[    0.628141] system 00:07: [mem 0xfee00000-0xfee00fff] has been reserved\r\n[    0.637279] system 00:08: [mem 0x00000000-0x0009ffff] could not be reserved\r\n[    0.646044] system 00:08: [mem 0x000c0000-0x000dffff] could not be reserved\r\n[    0.654763] system 00:08: [mem 0x000e0000-0x000fffff] could not be reserved\r\n[    0.663495] system 00:08: [mem 0x00100000-0x1fffffff] could not be reserved\r\n[    0.672687] system 00:08: [mem 0xfffc0000-0xffffffff] has been reserved\r\n[    0.681133] pnp: PnP ACPI: found 9 devices\r\n[    0.697666] NET: Registered protocol family 2\r\n[    0.703987] TCP established hash table entries: 16384 (order: 5, 131072 bytes)\r\n[    0.713170] TCP bind hash table entries: 16384 (order: 6, 262144 bytes)\r\n[    0.721578] TCP: Hash tables configured (established 16384 bind 16384)\r\n[    0.730352] TCP: reno registered\r\n[    0.734854] UDP hash table entries: 1024 (order: 3, 32768 bytes)\r\n[    0.742616] UDP-Lite hash table entries: 1024 (order: 3, 32768 bytes)\r\n[    0.751009] NET: Registered protocol family 1\r\n[    0.757126] pci 0000:00:00.0: Limiting direct PCI/PCI transfers\r\n[    0.764891] Trying to unpack rootfs image as initramfs...\r\n[    1.697069] Freeing initrd memory: 27244K (ffff88001dd1d000 - ffff88001f7b8000)\r\n[    1.707458] PCI-DMA: Using software bounce buffering for IO (SWIOTLB)\r\n[    1.716305] software IO TLB [mem 0x19d1d000-0x1dd1d000] (64MB) mapped at [ffff880019d1d000-ffff88001dd1cfff]\r\n[    1.729455] microcode: CPU0 sig=0x306f2, pf=0x1, revision=0xffffffff\r\n[    1.738590] microcode: Microcode Update Driver: v2.00 <tigran@aivazian.fsnet.co.uk>, Peter Oruba\r\n[    1.750346] Scanning for low memory corruption every 60 seconds\r\n[    1.759653] futex hash table entries: 16384 (order: 8, 1048576 bytes)\r\n[    1.768797] Initialise system trusted keyring\r\n[    1.775079] audit: initializing netlink subsys (disabled)\r\n[    1.782726] audit: type=2000 audit(1453314215.780:1): initialized\r\n[    1.793700] HugeTLB registered 2 MB page size, pre-allocated 0 pages\r\n[    1.803650] zpool: loaded\r\n[    1.807887] zbud: loaded\r\n[    1.812103] VFS: Disk quotas dquot_6.5.2\r\n[    1.818010] VFS: Dquot-cache hash table entries: 512 (order 0, 4096 bytes)\r\n[    1.827839] fuse init (API version 7.23)\r\n[    1.833930] Key type big_key registered\r\n[    1.839832] Key type asymmetric registered\r\n[    1.845957] Asymmetric key parser 'x509' registered\r\n[    1.853228] Block layer SCSI generic (bsg) driver version 0.4 loaded (major 252)\r\n[    1.863480] io scheduler noop registered\r\n[    1.869213] io scheduler deadline registered (default)\r\n[    1.876472] io scheduler cfq registered\r\n[    1.883132] pci_hotplug: PCI Hot Plug PCI Core version: 0.5\r\n[    1.891473] pciehp: PCI Express Hot Plug Controller Driver version: 0.4\r\n[    1.901185] input: Power Button as /devices/LNXSYSTM:00/LNXPWRBN:00/input/input0\r\n[    1.911850] ACPI: Power Button [PWRF]\r\n[    1.917767] GHES: HEST is not enabled!\r\n[    1.923703] Serial: 8250/16550 driver, 32 ports, IRQ sharing enabled\r\n[    1.988594] 00:03: ttyS0 at I/O 0x3f8 (irq = 4, base_baud = 115200) is a 16550A\r\n[    2.054262] 00:04: ttyS1 at I/O 0x2f8 (irq = 3, base_baud = 115200) is a 16550A\r\n[    2.065410] Linux agpgart interface v0.103\r\n[    2.072727] brd: module loaded\r\n[    2.078208] loop: module loaded\r\n[    2.083414] ata_piix 0000:00:07.1: Hyper-V Virtual Machine detected, ATA device ignore set\r\n[    2.096688] scsi host0: ata_piix\r\n[    2.101743] scsi host1: ata_piix\r\n[    2.106950] ata1: PATA max UDMA/33 cmd 0x1f0 ctl 0x3f6 bmdma 0xffa0 irq 14\r\n[    2.116452] ata2: PATA max UDMA/33 cmd 0x170 ctl 0x376 bmdma 0xffa8 irq 15\r\n[    2.126822] libphy: Fixed MDIO Bus: probed\r\n[    2.134053] tun: Universal TUN/TAP device driver, 1.6\r\n[    2.141319] tun: (C) 1999-2004 Max Krasnyansky <maxk@qualcomm.com>\r\n[    2.150302] PPP generic driver version 2.4.2\r\n[    2.156656] ehci_hcd: USB 2.0 'Enhanced' Host Controller (EHCI) Driver\r\n[    2.166618] ehci-pci: EHCI PCI platform driver\r\n[    2.173376] ehci-platform: EHCI generic platform driver\r\n[    2.181427] ohci_hcd: USB 1.1 'Open' Host Controller (OHCI) Driver\r\n[    2.190796] ohci-pci: OHCI PCI platform driver\r\n[    2.197783] ohci-platform: OHCI generic platform driver\r\n[    2.205555] uhci_hcd: USB Universal Host Controller Interface driver\r\n[    2.218806] i8042: PNP: PS/2 Controller [PNP0303:PS2K,PNP0f03:PS2M] at 0x60,0x64 irq 1,12\r\n[    2.233889] serio: i8042 KBD port at 0x60,0x64 irq 1\r\n[    2.241585] serio: i8042 AUX port at 0x60,0x64 irq 12\r\n[    2.249279] mousedev: PS/2 mouse device common for all mice\r\n[    2.258486] rtc_cmos 00:00: RTC can wake from S4\r\n[    2.304382] input: AT Translated Set 2 keyboard as /devices/platform/i8042/serio0/input/input1\r\n[    2.318696] rtc_cmos 00:00: rtc core: registered rtc_cmos as rtc0\r\n[    2.328782] rtc_cmos 00:00: alarms up to one month, 114 bytes nvram\r\n[    2.339007] ata2.00: ATAPI: Virtual CD, , max MWDMA2\r\n[    2.347149] ata2.00: configured for MWDMA2\r\n[    2.352853] i2c /dev entries driver\r\n[    2.358825] scsi 1:0:0:0: CD-ROM            Msft     Virtual CD/ROM   1.0  PQ: 0 ANSI: 5\r\n[    2.370621] device-mapper: uevent: version 1.0.3\r\n[    2.379118] sr 1:0:0:0: [sr0] scsi3-mmc drive: 0x/0x tray\r\n[    2.387063] cdrom: Uniform CD-ROM driver Revision: 3.20\r\n[    2.395159] device-mapper: ioctl: 4.29.0-ioctl (2014-10-28) initialised: dm-devel@redhat.com\r\n[    2.406817] ledtrig-cpu: registered to indicate activity on CPUs\r\n[    2.415995] sr 1:0:0:0: Attached scsi generic sg0 type 5\r\n[    2.423683] PCCT header not found.\r\n[    2.429141] ACPI PCC probe failed.\r\n[    2.434364] TCP: cubic registered\r\n[    2.439507] NET: Registered protocol family 10\r\n[    2.446441] NET: Registered protocol family 17\r\n[    2.453012] Key type dns_resolver registered\r\n[    2.459513] Loading compiled-in X.509 certificates\r\n[    2.467214] Loaded X.509 cert 'Magrathea: Glacier signing key: dee080572bdea47be7dd7e14645f81df4d9a7411'\r\n[    2.480439] registered taskstats version 1\r\n[    2.487826] Key type trusted registered\r\n[    2.496221] Key type encrypted registered\r\n[    2.502487] AppArmor: AppArmor sha1 policy hashing enabled\r\n[    2.510610] ima: No TPM chip found, activating TPM-bypass!\r\n[    2.518344] evm: HMAC attrs: 0x1\r\n[    2.523687]   Magic number: 0:205:393\r\n[    2.529371] rtc_cmos 00:00: setting system clock to 2016-01-20 18:23:37 UTC (1453314217)\r\n[    2.540867] BIOS EDD facility v0.16 2004-Jun-25, 0 devices found\r\n[    2.549321] EDD information not available.\r\n[    2.557930] Freeing unused kernel memory: 1408K (ffffffff81d36000 - ffffffff81e96000)\r\n[    2.568648] Write protecting the kernel read-only data: 12288k\r\n[    2.576903] Freeing unused kernel memory: 172K (ffff8800017d5000 - ffff880001800000)\r\n[    2.587757] Freeing unused kernel memory: 332K (ffff880001bad000 - ffff880001c00000)\r\nLoading, please wait...\r\nstarting version 219\r\n[    2.626169] random: systemd-udevd urandom read with 3 bits of entropy available\r\n[    2.679463] hv_vmbus: Hyper-V Host Build:9600-6.3-18-0.18190; Vmbus version:3.0\r\n[    2.723964] Floppy drive(s): fd0 is 1.44M\r\n[    2.789875] FDC 0 is an 82078.\r\n[    2.876094] AVX2 version of gcm_enc/dec engaged.\r\n[    2.883261] AES CTR mode by8 optimization enabled\r\n[    3.180066] psmouse serio1: trackpoint: failed to get extended button data\r\n[    7.765611] hv_vmbus: registering driver hyperv_fb\r\n[    7.775560] hv_vmbus: registering driver hv_storvsc\r\n[    7.801957] hv_utils: Registering HyperV Utility Driver\r\n[    7.817577] hv_vmbus: registering driver hv_util\r\n[    7.829668] hyperv_fb: Screen resolution: 1152x864, Color depth: 32\r\n[    7.847956] Console: switching to colour frame buffer device 144x54\r\n[    7.868499] hv_vmbus: registering driver hv_netvsc\r\n[    7.986739] scsi host2: storvsc_host_t\r\n[    7.992075] psmouse serio1: trackpoint: IBM TrackPoint firmware: 0x01, buttons: 0/0\r\n[    8.002640] scsi 2:0:0:0: Direct-Access     Msft     Virtual Disk     1.0  PQ: 0 ANSI: 4\r\n[    8.014067] input: TPPS/2 IBM TrackPoint as /devices/platform/i8042/serio1/input/input3\r\n[    8.026804] sd 2:0:0:0: Attached scsi generic sg1 type 0\r\n[    8.034628] sd 2:0:0:0: [sda] 61440000 512-byte logical blocks: (31.4 GB/29.2 GiB)\r\n[    8.045227] hv_netvsc: hv_netvsc channel opened successfully\r\n[    8.055734] sd 2:0:0:0: [sda] Write Protect is off\r\n[    8.068420] sd 2:0:0:0: [sda] Write cache: enabled, read cache: enabled, supports DPO and FUA\r\n[    8.094164]  sda: sda1\r\n[    8.099938] sd 2:0:0:0: [sda] Attached SCSI disk\r\n[    9.738347] hv_netvsc vmbus_0_16: Send section size: 6144, Section count:2560\r\n[    9.750015] hv_netvsc vmbus_0_16: Device MAC 00:0d:3a:11:19:95 link state up\r\n[    9.869719] scsi host3: storvsc_host_t\r\n[    9.875107] scsi 3:0:1:0: Direct-Access     Msft     Virtual Disk     1.0  PQ: 0 ANSI: 4\r\n[    9.886148] sd 3:0:1:0: Attached scsi generic sg2 type 0\r\n[    9.893020] sd 3:0:1:0: [sdb] 146800640 512-byte logical blocks: (75.1 GB/70.0 GiB)\r\n[    9.908772] sd 3:0:1:0: [sdb] Write Protect is off\r\n[    9.915941] sd 3:0:1:0: [sdb] Write cache: enabled, read cache: enabled, supports DPO and FUA\r\n[    9.929369]  sdb: sdb1\r\n[    9.938912] sd 3:0:1:0: [sdb] Attached SCSI disk\r\n[   10.018296] scsi host4: storvsc_host_t\r\n[   10.024393] scsi 4:0:0:0: scsi scan: INQUIRY result too short (5), using 36\r\n[   10.034003] scsi 4:0:0:1: scsi scan: INQUIRY result too short (5), using 36\r\n[   10.043667] scsi 4:0:1:0: scsi scan: INQUIRY result too short (5), using 36\r\n[   10.053214] scsi 4:0:1:1: scsi scan: INQUIRY result too short (5), using 36\r\n[   10.062255] scsi 4:1:0:0: scsi scan: INQUIRY result too short (5), using 36\r\n[   10.071584] scsi 4:1:0:1: scsi scan: INQUIRY result too short (5), using 36\r\n[   10.081981] scsi 4:1:1:0: scsi scan: INQUIRY result too short (5), using 36\r\n[   10.092037] scsi 4:1:1:1: scsi scan: INQUIRY result too short (5), using 36\r\n[   10.102194] scsi 4:2:0:0: scsi scan: INQUIRY result too short (5), using 36\r\n[   10.111888] scsi 4:2:0:1: scsi scan: INQUIRY result too short (5), using 36\r\n[   10.122357] scsi 4:2:1:0: scsi scan: INQUIRY result too short (5), using 36\r\n[   10.132999] scsi 4:2:1:1: scsi scan: INQUIRY result too short (5), using 36\r\n[   10.143472] scsi 4:3:0:0: scsi scan: INQUIRY result too short (5), using 36\r\n[   10.153299] scsi 4:3:0:1: scsi scan: INQUIRY result too short (5), using 36\r\n[   10.163267] scsi host5: storvsc_host_t\r\n[   10.169238] scsi 4:3:1:0: scsi scan: INQUIRY result too short (5), using 36\r\n[   10.185339] scsi 5:0:0:0: scsi scan: INQUIRY result too short (5), using 36\r\n[   10.196412] scsi 5:0:0:1: scsi scan: INQUIRY result too short (5), using 36\r\n[   10.206247] scsi 4:3:1:1: scsi scan: INQUIRY result too short (5), using 36\r\n[   10.219539] scsi 5:0:1:0: scsi scan: INQUIRY result too short (5), using 36\r\n[   10.229472] scsi 4:4:0:0: scsi scan: INQUIRY result too short (5), using 36\r\n[   10.239417] scsi 5:0:1:1: scsi scan: INQUIRY result too short (5), using 36\r\n[   10.250375] scsi 4:4:0:1: scsi scan: INQUIRY result too short (5), using 36\r\n[   10.260838] scsi 5:1:0:0: scsi scan: INQUIRY result too short (5), using 36\r\n[   10.270586] scsi 4:4:1:0: scsi scan: INQUIRY result too short (5), using 36\r\n[   10.281035] scsi 5:1:0:1: scsi scan: INQUIRY result too short (5), using 36\r\n[   10.291043] scsi 4:4:1:1: scsi scan: INQUIRY result too short (5), using 36\r\n[   10.301027] scsi 5:1:1:0: scsi scan: INQUIRY result too short (5), using 36\r\n[   10.310452] scsi 4:5:0:0: scsi scan: INQUIRY result too short (5), using 36\r\n[   10.322644] scsi 5:1:1:1: scsi scan: INQUIRY result too short (5), using 36\r\n[   10.332052] scsi 4:5:0:1: scsi scan: INQUIRY result too short (5), using 36\r\n[   10.342502] scsi 5:2:0:0: scsi scan: INQUIRY result too short (5), using 36\r\n[   10.352945] scsi 4:5:1:0: scsi scan: INQUIRY result too short (5), using 36\r\n[   10.362446] scsi 5:2:0:1: scsi scan: INQUIRY result too short (5), using 36\r\n[   10.371423] scsi 4:5:1:1: scsi scan: INQUIRY result too short (5), using 36\r\n[   10.381048] scsi 5:2:1:0: scsi scan: INQUIRY result too short (5), using 36\r\n[   10.390130] scsi 4:6:0:0: scsi scan: INQUIRY result too short (5), using 36\r\n[   10.400454] scsi 5:2:1:1: scsi scan: INQUIRY result too short (5), using 36\r\n[   10.409301] scsi 4:6:0:1: scsi scan: INQUIRY result too short (5), using 36\r\n[   10.419028] scsi 5:3:0:0: scsi scan: INQUIRY result too short (5), using 36\r\n[   10.427788] scsi 4:6:1:0: scsi scan: INQUIRY result too short (5), using 36\r\n[   10.437436] scsi 5:3:0:1: scsi scan: INQUIRY result too short (5), using 36\r\n[   10.446146] scsi 4:6:1:1: scsi scan: INQUIRY result too short (5), using 36\r\n[   10.454824] scsi 5:3:1:0: scsi scan: INQUIRY result too short (5), using 36\r\n[   10.463288] scsi 4:7:0:0: scsi scan: INQUIRY result too short (5), using 36\r\n[   10.472062] scsi 5:3:1:1: scsi scan: INQUIRY result too short (5), using 36\r\n[   10.480598] scsi 4:7:0:1: scsi scan: INQUIRY result too short (5), using 36\r\n[   10.489988] scsi 5:4:0:0: scsi scan: INQUIRY result too short (5), using 36\r\n[   10.498341] scsi 4:7:1:0: scsi scan: INQUIRY result too short (5), using 36\r\n[   10.507914] scsi 5:4:0:1: scsi scan: INQUIRY result too short (5), using 36\r\n[   10.516951] scsi 4:7:1:1: scsi scan: INQUIRY result too short (5), using 36\r\n[   10.527253] scsi 5:4:1:0: scsi scan: INQUIRY result too short (5), using 36\r\n[   10.538090] scsi 5:4:1:1: scsi scan: INQUIRY result too short (5), using 36\r\n[   10.547146] scsi 5:5:0:0: scsi scan: INQUIRY result too short (5), using 36\r\n[   10.556428] scsi 5:5:0:1: scsi scan: INQUIRY result too short (5), using 36\r\n[   10.565309] scsi 5:5:1:0: scsi scan: INQUIRY result too short (5), using 36\r\n[   10.577236] scsi 5:5:1:1: scsi scan: INQUIRY result too short (5), using 36\r\n[   10.586280] scsi 5:6:0:0: scsi scan: INQUIRY result too short (5), using 36\r\n[   10.595264] scsi 5:6:0:1: scsi scan: INQUIRY result too short (5), using 36\r\n[   10.604185] scsi 5:6:1:0: scsi scan: INQUIRY result too short (5), using 36\r\n[   10.612750] scsi 5:6:1:1: scsi scan: INQUIRY result too short (5), using 36\r\n[   10.621530] scsi 5:7:0:0: scsi scan: INQUIRY result too short (5), using 36\r\n[   10.630510] scsi 5:7:0:1: scsi scan: INQUIRY result too short (5), using 36\r\n[   10.639100] scsi 5:7:1:0: scsi scan: INQUIRY result too short (5), using 36\r\n[   10.647760] scsi 5:7:1:1: scsi scan: INQUIRY result too short (5), using 36\r\nBegin: Loading essential drivers ... done.\r\r\nBegin: Running /scripts/init-premount ... done.\r\r\nBegin: Mounting root file system ... Begin: Running /scripts/local-top ... done.\r\r\nBegin: Running /scripts/local-premount ... done.\r\r\n[   12.214216] EXT4-fs (sda1): mounted filesystem with ordered data mode. Opts: (null)\r\nBegin: Running /scripts/local-bottom ... done.\r\r\ndone.\r\r\nBegin: Running /scripts/init-bottom ... done.\r\r\n[   13.221333] random: nonblocking pool is initialized\r\n[   14.299762] systemd[1]: Inserted module 'autofs4'\r\n[   14.564429] systemd[1]: systemd 219 running in system mode. (+PAM +AUDIT +SELINUX +IMA +APPARMOR +SMACK +SYSVINIT +UTMP +LIBCRYPTSETUP +GCRYPT -GNUTLS +ACL +XZ -LZ4 -SECCOMP +BLKID -ELFUTILS +KMOD -IDN)\r\n[   14.588210] systemd[1]: Detected virtualization microsoft.\r\n[   14.595282] systemd[1]: Detected architecture x86-64.\r\n\r\r\nWelcome to \u001b[1mUbuntu 15.04\u001b[0m!\r[   14.621484] systemd[1]: Set hostname to <xplatvm3>.\r\n\r\n\r\r\n-.mount\r\r\n[   16.067998] systemd[1]: Cannot add dependency job for unit sshd-keygen.service, ignoring: Unit sshd-keygen.service failed to load: No such file or directory.\r\n[   16.085954] systemd[1]: Cannot add dependency job for unit sshd-keygen.service, ignoring: Unit sshd-keygen.service failed to load: No such file or directory.\r\n[   16.102837] systemd[1]: Cannot add dependency job for unit display-manager.service, ignoring: Unit display-manager.service failed to load: No such file or directory.\r\n[   16.121640] systemd[1]: Time has been changed\r\n[\u001b[32m  OK  \u001b[0m[   16.130655] systemd[1]: Reached target Encrypted Volumes.\r\n] Reached target Encrypted Volumes.\r\r\n[   16.152750] systemd[1]: Starting Encrypted Volumes.\r\n[   16.158716] systemd[1]: Started Forward Password Requests to Wall Directory Watch.\r\n[   16.168595] systemd[1]: Starting Forward Password Requests to Wall Directory Watch.\r\n[\u001b[32m  OK  \u001b[0m]
[   16.181252] systemd[1]: Created slice Root Slice.\r\nCreated slice Root Slice.\r\r\n[   16.190009] systemd[1]: Starting Root Slice.\r\n[\u001b[32m  OK  \u001b[0m]
[   16.198553] systemd[1]: Listening on fsck to fsckd communication Socket.\r\nListening on fsck to fsckd communication Socket.\r\r\n[   16.211484] systemd[1]: Starting fsck to fsckd communication Socket.\r\n[\u001b[32m  OK  \u001b[0m] Listening on Journal Socket.[   16.224719] systemd[1]: Listening on Journal Socket.\r\n\r\r\n[   16.232025] systemd[1]: Starting Journal Socket.\r\n[\u001b[32m  OK  \u001b[0m]
[   16.240981] systemd[1]: Listening on Journal Socket (/dev/log).\r\nListening on Journal Socket (/dev/log).\r\r\n[   16.252390] systemd[1]: Starting Journal Socket (/dev/log).\r\n[\u001b[32m  OK  \u001b[0m]
[   16.263038] systemd[1]: Listening on Delayed Shutdown Socket.\r\nListening on Delayed Shutdown Socket.\r\r\n[   16.274568] systemd[1]: Starting Delayed Shutdown Socket.\r\n[\u001b[32m  OK  \u001b[0m]
[   16.284414] systemd[1]: Created slice User and Session Slice.\r\nCreated slice User and Session Slice.\r\r\n[   16.296658] systemd[1]: Starting User and Session Slice.\r\n[\u001b[32m  OK  \u001b[0m]
[   16.307079] systemd[1]: Set up automount Arbitrary Executable File Formats File System Automount Point.\r\nSet up automount Arbitrary Executab...ats File System Automount Point.\r\r\n[   16.324823] systemd[1]: Starting Arbitrary Executable File Formats File System Automount Point.\r\n[\u001b[32m  OK  \u001b[0m]
[   16.338784] systemd[1]: Created slice System Slice.\r\nCreated slice System Slice.\r\r\n[   16.348620] systemd[1]: Starting System Slice.\r\n[\u001b[32m  OK  \u001b[0m] Created slice system-systemd\\x2dfsck.slice.[   16.361733] systemd[1]: Created slice system-systemd\\x2dfsck.slice.\r\n\r\r\n[   16.372796] systemd[1]: Starting system-systemd\\x2dfsck.slice.\r\n[   16.381926] systemd[1]: Starting Setup Virtual Console...\r\n         Starting Setup Virtual Console...\r\r\n[   16.400511] systemd[1]: Starting Load Kernel Modules...\r\n         Starting Load Kernel Modules...[   16.412975] systemd[1]: Starting Nameserver information manager...\r\n\r\r\n         Starting Nameserver information manager...[   16.430000] systemd[1]: Reached target Slices.\r\n\r\r\n[\u001b[32m  OK  \u001b[0m] Reached target Slices.\r[   16.441828] systemd[1]: Starting Slices.\r\n\r\n[   16.451979] systemd[1]: Mounting Huge Pages File System...\r\n         Mounting Huge Pages File System...[   16.465312] systemd[1]: Started Read required files in advance.\r\n\r\r\n[   16.476600] systemd[1]: Starting Increase datagram queue length...\r\n         Starting Increase datagram queue length...\r\r\n[   17.115978] systemd[1]: Started Set Up Additional Binary Formats.\r\n[\u001b[32m  OK  \u001b[0m]
[   17.141698] systemd[1]: Created slice system-getty.slice.\r\nCreated slice system-getty.slice.\r[   17.161941] systemd[1]: Starting system-getty.slice.\r\n\r\n[   17.176218] systemd[1]: Mounting Debug File System...\r\n         Mounting Debug File System...[   17.190251] systemd[1]: Mounting POSIX Message Queue File System...\r\n\r\r\n         Mounting POSIX Message Queue File System...[   17.215175] systemd[1]: Starting Uncomplicated firewall...\r\n\r\r\n         Starting Uncomplicated firewall...[   17.233014] systemd[1]: Starting Remount Root and Kernel File Systems...\r\n\r\r\n         Starting Remount Root and Kernel File Systems...[   17.256463] systemd[1]: Created slice system-serial\\x2dgetty.slice.\r\n\r\r\n[\u001b[32m  OK  \u001b[0m] Created slice system-serial\\x2dgetty.slice.\r\r\n[   17.274496] systemd[1]: Starting system-serial\\x2dgetty.slice.\r\n[\u001b[32m  OK  \u001b[0m]
[   17.286951] systemd[1]: Listening on Journal Audit Socket.\r\nListening on Journal Audit Socket.\r\r\n[   17.300119] systemd[1]: Starting Journal Audit Socket.\r\n[\u001b[32m  OK  \u001b[0m]
[   17.311326] systemd[1]: Listening on udev Kernel Socket.\r\nListening on udev Kernel Socket.\r\r\n[   17.324677] systemd[1]: Starting udev Kernel Socket.\r\n[\u001b[32m  OK  \u001b[0m]
[   17.335839] systemd[1]: Reached target Swap.\r\nReached target Swap.\r\r\n[   17.346210] systemd[1]: Starting Swap.\r\n[\u001b[32m  OK  \u001b[0m]
[   17.356064] systemd[1]: Reached target Remote File Systems (Pre).\r\nReached target Remote File Systems (Pre).\r\r\n[   17.370773] systemd[1]: Starting Remote File Systems (Pre).\r\n[\u001b[32m  OK  \u001b[0m]
[   17.383141] systemd[1]: Listening on /dev/initctl Compatibility Named Pipe.\r\nListening on /dev/initctl Compatibility Named Pipe.\r\r\n[   17.399769] systemd[1]: Starting /dev/initctl Compatibility Named Pipe.\r\n[   17.410049] systemd[1]: Starting Create list of required static device nodes for the current kernel...\r\n         Starting Create list of required st... nodes for the current kernel...[   17.432246] systemd[1]: Listening on udev Control Socket.\r\n\r\r\n[\u001b[32m  OK  \u001b[0m] Listening on udev Control Socket.\r[   17.445990] systemd[1]: Starting udev Control Socket.\r\n\r\n[   17.456676] systemd[1]: Starting udev Coldplug all Devices...\r\n         Starting udev Coldplug all Devices...[   17.471694] systemd[1]: Started Setup Virtual Console.\r\n\r\r\n[\u001b[32m  OK  \u001b[0m] Started Setup Virtual Console.\r\r\n[   17.487904] systemd[1]: Started Load Kernel Modules.\r\n[\u001b[32m  OK  \u001b[0m] Started Load Kernel Modules.\r\r\nsystemd-vconsole-setup.service\r[   17.507131] systemd[1]: Mounted Configuration File System.\r\n\r\nsystemd-modules-load.service\r\r\n[   17.529038] systemd[1]: Mounting FUSE Control File System...\r\n         Mounting FUSE Control File System...[   17.548390] systemd[1]: Starting Apply Kernel Variables...\r\n\r\r\n         Starting Apply Kernel Variables...\r\r\n[   17.757424] systemd[1]: Started Create list of required static device nodes for the current kernel.\r\n[\u001b[32m  OK  \u001b[0m] Started Create list of required sta...ce nodes for the current kernel.\r\r\nkmod-static-nodes.service[   17.789621] systemd[1]: Starting Create Static Device Nodes in /dev...\r\n\r\r\n         Starting Create Static Device Nodes in /dev...\r\r\n[   17.827033] systemd[1]: Started Uncomplicated firewall.\r\n[\u001b[32m  OK  \u001b[0m] Started Uncomplicated firewall.\r\r\n[\u001b[32m  OK  \u001b[0m] Mounted Huge Pages File System.\r\r\n[\u001b[32m  OK  \u001b[0m] Started Increase datagram queue length.\r\r\n[\u001b[32m  OK  \u001b[0m] Mounted Debug File System.\r\r\n[\u001b[32m  OK  \u001b[0m] Mounted POSIX Message Queue File System.\r\r\n[\u001b[32m  OK  \u001b[0m] Started Remount Root and Kernel File Systems.\r\r\n[\u001b[32m  OK  \u001b[0m] Mounted FUSE Control File System.\r\r\n[\u001b[32m  OK  \u001b[0m] Started Apply Kernel Variables.\r\r\n[\u001b[32m  OK  \u001b[0m] Started Nameserver information manager.\r\r\nufw.service\r\r\n         Starting Load/Save Random Seed...\r\r\n[\u001b[32m  OK  \u001b[0m] Listening on Syslog Socket.\r\r\n         Starting Journal Service...\r\r\n[\u001b[32m  OK  \u001b[0m] Started Load/Save Random Seed.\r\r\ndev-hugepages.mount\r\r\n[\u001b[32m  OK  \u001b[0m] Started udev Coldplug all Devices.\r\r\n         Starting udev Wait for Complete Device Initialization...\r\r\nsystemd-setup-dgram-qlen.service\r\r\nsys-kernel-debug.mount\r\r\ndev-mqueue.mount\r\r\nsystemd-remount-fs.service\r\r\nsys-fs-fuse-connections.mount\r\r\nsystemd-sysctl.service\r\r\nresolvconf.service\r\r\nsystemd-random-seed.service\r\r\nsystemd-udev-trigger.service\r\r\n[\u001b[32m  OK  \u001b[0m] Started Journal Service.\r\r\nsystemd-journald.service\r\r\n         Starting Flush Journal to Persistent Storage...\r\r\n[\u001b[32m  OK  \u001b[0m] Started Flush Journal to Persistent Storage.\r\r\nsystemd-journal-flush.service\r\r\n[\u001b[32m  OK  \u001b[0m] Started Create Static Device Nodes in /dev.\r\r\n         Starting udev Kernel Device Manager...\r\r\nsystemd-tmpfiles-setup-dev.service\r\r\n[\u001b[32m  OK  \u001b[0m] Started udev Kernel Device Manager.\r\r\n[\u001b[32m  OK  \u001b[0m] Reached target Paths.\r\r\nsystemd-udevd.service\r\r\n[\u001b[32m  OK  \u001b[0m] Created slice system-ifup.slice.\r\r\n[\u001b[32m  OK  \u001b[0m] Found device /dev/ttyS0.\r\r\n[   19.140317] piix4_smbus 0000:00:07.3: SMBus base address uninitialized - upgrade BIOS or use force_addr=0xaddr\r\n[   19.364589] intel_rapl: no valid rapl domains found in package 0\r\n[\u001b[32m  OK  \u001b[0m] Found device Virtual_Disk Temporary_Storage.\r\r\n[\u001b[32m  OK  \u001b[0m] Started udev Wait for Complete Device Initialization.\r\r\n         Starting Copy rules generated while the root was ro...\r\r\n[\u001b[32m  OK  \u001b[0m] Reached target Local File Systems (Pre).\r\r\n         Starting File System Check on /dev/disk/azure/resource-part1...\r\r\n         Mounting /etc/network/interfaces.dynamic.d...\r\r\n[\u001b[32m  OK  \u001b[0m] Started Copy rules generated while the root was ro.\r\r\n[\u001b[32m  OK  \u001b[0m] Started File System Check on /dev/disk/azure/resource-part1.\r\r\n         Mounting /mnt...\r\r\n[\u001b[32m  OK  \u001b[0m] Mounted /etc/network/interfaces.dynamic.d.\r\r\n[\u001b[32m  OK  \u001b[0m] Reached target Local File Systems.\r\r\n         Starting Tell Plymouth To Write Out Runtime Data...\r\r\n         Starting Wait for all \"auto\" /etc/n... up for network-online.target...\r\r\n         Starting Create Volatile Files and Directories...\r\r\n         Starting LSB: AppArmor initialization...\r\r\n[\u001b[32m  OK  \u001b[0m] Reached target Remote File Systems.\r\r\n         Starting Set console keymap...\r\r\nsystemd-udev-settle.service\r\r\n[\u001b[32m  OK  \u001b[0m] Started Create Volatile Files and Directories.\r\r\n         Starting Network Time Synchronization...\r\r\n         Starting Update UTMP about System Boot/Shutdown...\r\r\nudev-finish.service\r\r\n[\u001b[32m  OK  \u001b[0m] Started Update UTMP about System Boot/Shutdown.\r\r\nsystemd-fsck@dev-disk-azure-resource\\x2dpart1.service\r\r\n[\u001b[32m  OK  \u001b[0m] Started Network Time Synchronization.\r\r\n[\u001b[32m  OK  \u001b[0m] Reached target System Time Synchronized.\r\r\netc-network-interfaces.dynamic.d.mount\r\r\nsystemd-tmpfiles-setup.service\r\r\n[\u001b[32m  OK  \u001b[0m] Started Tell Plymouth To Write Out Runtime Data.\r\r\nsystemd-update-utmp.service\r\r\nsystemd-timesyncd.service\r\r\n[\u001b[32m  OK  \u001b[0m] Started Set console keymap.\r\r\n[\u001b[32m  OK  \u001b[0m] Mounted /mnt.\r\r\nmnt.mount\r\r\n[\u001b[32m  OK  \u001b[0m] Started LSB: AppArmor initialization.\r\r\n         Starting LSB: Raise network interfaces....\r\r\n[\u001b[32m  OK  \u001b[0m] Started ifup for eth0.\r\r\n         Starting ifup for eth0...\r\r\napparmor.service\r\r\nifup@eth0.service\r\r\n[\u001b[32m  OK  \u001b[0m] Started LSB: Raise network interfaces..\r\r\n[\u001b[32m  OK  \u001b[0m] Reached target Network.\r\r\n[\u001b[32m  OK  \u001b[0m] Reached target System Initialization.\r\r\n[\u001b[32m  OK  \u001b[0m] Reached target Timers.\r\r\n[\u001b[32m  OK  \u001b[0m] Listening on UUID daemon activation socket.\r\r\n         Starting Seed the pseudo random number generator on first boot...\r\r\n[\u001b[32m  OK  \u001b[0m] Listening on D-Bus System Message Bus Socket.\r\r\n[\u001b[32m  OK  \u001b[0m] Listening on ACPID Listen Socket.\r\r\n[\u001b[32m  OK  \u001b[0m] Reached target Sockets.\r\r\n[\u001b[32m  OK  \u001b[0m] Reached target Basic System.\r\r\n         Starting /etc/rc.local Compatibility...\r\r\n[\u001b[32m  OK  \u001b[0m] Started Hyper-V File Copy Protocol Daemon.\r\r\n         Starting Hyper-V File Copy Protocol Daemon...\r\r\n         Starting LSB: Record successful boot for GRUB...\r\r\n         Starting Accounts Service...\r\r\n[\u001b[32m  OK  \u001b[0m] Started Hyper-V VSS Protocol Daemon.\r\r\n         Starting Hyper-V VSS Protocol Daemon...\r\r\n[\u001b[32m  OK  \u001b[0m] Started Deferred execution scheduler.\r\r\n         Starting Deferred execution scheduler...\r\r\n         Starting D-Bus System Message Bus...\r\r\n[\u001b[32m  OK  \u001b[0m] Started Hyper-V KVP Protocol Daemon.\r\r\n         Starting Hyper-V KVP Protocol Daemon...\r\r\n         Starting Initial cloud-init job (pre-networking)...\r\r\n         Starting Login Service...\r\r\n         Starting Restore /etc/resolv.conf i...e the ppp link was shut down....\r\r\n         Starting LSB: Set the CPU Frequency Scaling governor to \"ondemand\"...\r\r\nnetworking.service\r\r\n[\u001b[32m  OK  \u001b[0m] Started Regular background program processing daemon.\r\r\n         Starting Regular background program processing daemon...\r\r\n         Starting LSB: Landscape client daemons...\r\r\n         Starting Thermal Daemon Service...\r\r\n         Starting LSB: daemon to balance interrupts for SMP systems...\r\r\n         Starting System Logging Service...\r\r\n         Starting LSB: automatic crash report generation...\r\r\n         Starting LSB: Starts the Micro Name Service Cache Daemon...\r\r\n[\u001b[32m  OK  \u001b[0m] Started /etc/rc.local Compatibility.\r\r\n[\u001b[32m  OK  \u001b[0m] Started D-Bus System Message Bus.\r\r\nhv-fcopy-daemon.service\r\r\n[\u001b[32m  OK  \u001b[0m] Started Seed the pseudo random number generator on first boot.\r\r\n[\u001b[32m  OK  \u001b[0m] Started LSB: Record successful boot for GRUB.\r\r\n[\u001b[32m  OK  \u001b[0m] Started Restore /etc/resolv.conf if...ore the ppp link was shut down..\r\r\n[\u001b[32m  OK  \u001b[0m] Started LSB: Set the CPU Frequency Scaling governor to \"ondemand\".\r\r\n[\u001b[32m  OK  \u001b[0m] Started LSB: Landscape client daemons.\r\r\n[\u001b[32m  OK  \u001b[0m] Started LSB: daemon to balance interrupts for SMP systems.\r\r\n[\u001b[32m  OK  \u001b[0m] Started LSB: automatic crash report generation.\r\r\n[\u001b[32m  OK  \u001b[0m] Started LSB: Starts the Micro Name Service Cache Daemon.\r\r\n[\u001b[32m  OK  \u001b[0m] Started Wait for all \"auto\" /etc/ne...be up for network-online.target.\r\r\nhv-vss-daemon.service\r\r\natd.service\r\r\nhv-kvp-daemon.service\r\r\ncron.service\r\r\nrc-local.service\r\r\ndbus.service\r\r\ngrub-common.service\r\r\nondemand.service\r\r\nlandscape-client.service\r\r\nirqbalance.service\r\r\n[\u001b[32m  OK  \u001b[0m] Started Thermal Daemon Service.\r\r\n[\u001b[32m  OK  \u001b[0m] Started Login Service.\r\r\n         Starting Authenticate and Authorize Users to Run Privileged Tasks...\r\r\n[\u001b[32m  OK  \u001b[0m] Reached target Network is Online.\r\r\n         Starting LSB: Cleans up any mess left by 0dns-up...\r\r\n[\u001b[32m  OK  \u001b[0m] Started LSB: Cleans up any mess left by 0dns-up.\r\r\n[\u001b[32m  OK  \u001b[0m] Started Authenticate and Authorize Users to Run Privileged Tasks.\r\r\n[\u001b[32m  OK  \u001b[0m] Started Accounts Service.\r\r\napport.service\r\r\nunscd.service\r\r\nifup-wait-all-auto.service\r\r\nthermald.service\r\r\nsystemd-logind.service\r\r\ndns-clean.service\r\r\npolkitd.service\r\r\naccounts-daemon.service\r\r\n[   25.684310] cloud-init[620]: Cloud-init v. 0.7.7 running 'init-local' at Wed, 20 Jan 2016 18:24:00 +0000. Up 25.38 seconds.\r\r\n[\u001b[32m  OK  \u001b[0m] Started Initial cloud-init job (pre-networking).\r\r\n         Starting Initial cloud-init job (metadata service crawler)...\r\r\ncloud-init-local.service\r\r\n[\u001b[32m  OK  \u001b[0m] Started System Logging Service.\r\r\nrsyslog.service\r\r\n[   26.596116] blk_update_request: I/O error, dev fd0, sector 0\r\n[   26.652098] blk_update_request: I/O error, dev fd0, sector 0\r\ntmp-tmpg79o0st6.mount\r\r\n[   26.900808] cloud-init[787]: + i=eth0\r\r\n[   26.904718] cloud-init[787]: + x=0\r\r\n[   26.904931] cloud-init[787]: + ifdown eth0\r\r\n[   26.951649] cloud-init[787]: Killed old client process\r\r\n[   27.958510] cloud-init[787]: Internet Systems Consortium DHCP Client 4.3.1\r\r\n[   27.958649] cloud-init[787]: Copyright 2004-2014 Internet Systems Consortium.\r\r\n[   27.958741] cloud-init[787]: All rights reserved.\r\r\n[   27.958828] cloud-init[787]: For info, please visit https://www.isc.org/software/dhcp/\r\r\n[   27.958933] cloud-init[787]: Listening on LPF/eth0/00:0d:3a:11:19:95\r\r\n[   27.965786] cloud-init[787]: Sending on   LPF/eth0/00:0d:3a:11:19:95\r\r\n[   27.965955] cloud-init[787]: Sending on   Socket/fallback\r\r\n[   28.119458] cloud-init[787]: DHCPRELEASE on eth0 to 168.63.129.16 port 67 (xid=0x37a0ecbb)\r\r\n[   28.190634] cloud-init[787]: + ifup eth0\r\r\n[   28.210909] cloud-init[787]: Internet Systems Consortium DHCP Client 4.3.1\r\r\n[   28.218132] cloud-init[787]: Copyright 2004-2014 Internet Systems Consortium.\r\r\n[   28.218223] cloud-init[787]: All rights reserved.\r\r\n[   28.218324] cloud-init[787]: For info, please visit https://www.isc.org/software/dhcp/\r\r\n[   28.231376] cloud-init[787]: Listening on LPF/eth0/00:0d:3a:11:19:95\r\r\n[   28.231500] cloud-init[787]: Sending on   LPF/eth0/00:0d:3a:11:19:95\r\r\n[   28.231625] cloud-init[787]: Sending on   Socket/fallback\r\r\n[   28.231732] cloud-init[787]: DHCPDISCOVER on eth0 to 255.255.255.255 port 67 interval 3 (xid=0x4d136400)\r\r\n[   28.291649] cloud-init[787]: DHCPREQUEST of 10.0.0.4 on eth0 to 255.255.255.255 port 67 (xid=0x64134d)\r\r\n[   28.291791] cloud-init[787]: DHCPOFFER of 10.0.0.4 from 168.63.129.16\r\r\n[   28.318085] cloud-init[787]: DHCPACK of 10.0.0.4 from 168.63.129.16\r\r\n[   28.463581] cloud-init[787]: bound to 10.0.0.4 -- renewal in 4294967295 seconds.\r\r\n[   28.505559] cloud-init[787]: + exit 0\r\r\n[\u001b[32m  OK  \u001b[0m] Started Windows Azure Linux Agent.\r\r\n         Starting Windows Azure Linux Agent...\r\r\nwalinuxagent.service\r\r\n2016/01/20 18:24:06 Windows Azure Linux Agent Version: WALinuxAgent-2.0.14\r\r\n2016/01/20 18:24:06 Linux Distribution Detected      : Ubuntu\r\r\n2016/01/20 18:24:06 Module /lib/modules/3.19.0-47-generic/kernel/drivers/ata/ata_piix.ko driver for ATAPI CD-ROM does not exist.\r\r\nmnt-cdrom-secure.mount\r\r\n2016/01/20 18:24:06 mount: /dev/sr0 is write-protected, mounting read-only\r\r\n2016/01/20 18:24:06 mount: /dev/sr0 mounted on /mnt/cdrom/secure.\r\r\n2016/01/20 18:24:06 mount succeeded on attempt #1\r\r\n2016/01/20 18:24:06 VMM Init script not found.  Provisioning for Azure\r\r\n2016/01/20 18:24:06 IPv4 address: 10.0.0.4\r\r\n2016/01/20 18:24:06 MAC  address: 00:0D:3A:11:19:95\r\r\n2016/01/20 18:24:06 Probing for Windows Azure environment.\r\r\n2016/01/20 18:24:06 DoDhcpWork: Setting socket.timeout=10, entering recv\r\r\n2016/01/20 18:24:06 Discovered Windows Azure endpoint: 168.63.129.16\r\r\n2016/01/20 18:24:06 Fabric preferred wire protocol version: 2015-04-05\r\r\n2016/01/20 18:24:06 Negotiated wire protocol version: 2012-11-30\r\r\n2016/01/20 18:24:06 SetBlockDeviceTimeout: Update the device sda with timeout 300\r\r\n2016/01/20 18:24:06 SetBlockDeviceTimeout: Update the device sdb with timeout 300\r\r\n2016/01/20 18:24:06 Retrieved GoalState from Windows Azure Fabric.\r\r\n2016/01/20 18:24:06 ExpectedState: Started\r\r\n2016/01/20 18:24:06 ContainerId: f39c5675-70f1-4a3f-a3d3-e921dc48869a\r\r\n2016/01/20 18:24:06 RoleInstanceId: 4a61a73c-716b-4ef7-8e62-35034607577b._xplatvm\r\r\n2016/01/20 18:24:07 Public cert with thumbprint: 1CFC1AB82C3A82A7CF23F392FCC9EF49F2607B0C was retrieved.\r\r\n2016/01/20 18:24:07 Posted Role Properties. CertificateThumbprint=fa591b96afe4a7e66c64957043fb3209\r\r\n[   31.920124] blk_update_request: I/O error, dev fd0, sector 0\r\n[   31.952114] blk_update_request: I/O error, dev fd0, sector 0\r\n[   34.573211] cloud-init[787]: Cloud-init v. 0.7.7 running 'init' at Wed, 20 Jan 2016 18:24:01 +0000. Up 26.30 seconds.\r\r\n[   34.573383] cloud-init[787]: ci-info: ++++++++++++++++++++++++++++++++++++++Net device info++++++++++++++++++++++++++++++++++++++\r\r\n[   34.573486] cloud-init[787]: ci-info: +--------+------+-----------------------------+---------------+-------+-------------------+\r\r\n[   34.573576] cloud-init[787]: ci-info: | Device |  Up  |           Address           |      Mask     | Scope |     Hw-Address    |\r\r\n[   34.573664] cloud-init[787]: ci-info: +--------+------+-----------------------------+---------------+-------+-------------------+\r\r\n[   34.573752] cloud-init[787]: ci-info: |  eth0  | True |           10.0.0.4          | 255.255.255.0 |   .   | 00:0d:3a:11:19:95 |\r\r\n[   34.573842] cloud-init[787]: ci-info: |  eth0  | True | fe80::20d:3aff:fe11:1995/64 |       .       |  link | 00:0d:3a:11:19:95 |\r\r\n[   34.573940] cloud-init[787]: ci-info: |   lo   | True |          127.0.0.1          |   255.0.0.0   |   .   |         .         |\r\r\n[   34.574025] cloud-init[787]: ci-info: |   lo   | True |           ::1/128           |       .       |  host |         .         |\r\r\n[   34.574108] cloud-init[787]: ci-info: +--------+------+-----------------------------+---------------+-------+-------------------+\r\r\n[   34.574194] cloud-init[787]: ci-info: +++++++++++++++++++++++++++++Route IPv4 info++++++++++++++++++++++++++++++\r\r\n[   34.574280] cloud-init[787]: ci-info: +-------+---------------+----------+-----------------+-----------+-------+\r\r\n[   34.574389] cloud-init[787]: ci-info: | Route |  Destination  | Gateway  |     Genmask     | Interface | Flags |\r\r\n[   34.574479] cloud-init[787]: ci-info: +-------+---------------+----------+-----------------+-----------+-------+\r\r\n[   34.574569] cloud-init[787]: ci-info: |   0   |    0.0.0.0    | 10.0.0.1 |     0.0.0.0     |    eth0   |   UG  |\r\r\n[   34.574686] cloud-init[787]: ci-info: |   1   |    10.0.0.0   | 0.0.0.0  |  255.255.255.0  |    eth0   |   U   |\r\r\n[   34.574793] cloud-init[787]: ci-info: |   2   | 168.63.129.16 | 10.0.0.1 | 255.255.255.255 |    eth0   |  UGH  |\r\r\n[   34.574882] cloud-init[787]: ci-info: +-------+---------------+----------+-----------------+-----------+-------+\r\r\n[   34.588051] cloud-init[787]: Generating public/private rsa key pair.\r\r\n[   34.588197] cloud-init[787]: Your identification has been saved in /etc/ssh/ssh_host_rsa_key.\r\r\n[   34.588310] cloud-init[787]: Your public key has been saved in /etc/ssh/ssh_host_rsa_key.pub.\r\r\n[   34.588416] cloud-init[787]: The key fingerprint is:\r\r\n[   34.588524] cloud-init[787]: 19:21:7c:71:15:d9:6e:d0:31:2a:59:77:54:4c:c5:3e root@xplatvm\r\r\n[   34.588628] cloud-init[787]: The key's randomart image is:\r\r\n[   34.588731] cloud-init[787]: +---[RSA 2048]----+\r\r\n[   34.588833] cloud-init[787]: |     .. o...+=+*O|\r\r\n[   34.588935] cloud-init[787]: |      ...o oooooo|\r\r\n[   34.589037] cloud-init[787]: |       .. o .o . |\r\r\n[   34.589142] cloud-init[787]: |         o .  oE.|\r\r\n[   34.589246] cloud-init[787]: |        S    .  .|\r\r\n[   34.589348] cloud-init[787]: |                 |\r\r\n[   34.589450] cloud-init[787]: |                 |\r\r\n[   34.606388] cloud-init[787]: |                 |\r\r\n[   34.606594] cloud-init[787]: |                 |\r\r\n[   34.606820] cloud-init[787]: +-----------------+\r\r\n[   34.606986] cloud-init[787]: Generating public/private dsa key pair.\r\r\n[   34.618716] cloud-init[787]: Your identification has been saved in /etc/ssh/ssh_host_dsa_key.\r\r\n[   34.618909] cloud-init[787]: Your public key has been saved in /etc/ssh/ssh_host_dsa_key.pub.\r\r\n[   34.619088] cloud-init[787]: The key fingerprint is:\r\r\n[   34.619235] cloud-init[787]: 34:17:ba:98:8c:2d:2f:6b:2e:48:7b:87:4f:b5:89:91 root@xplatvm\r\r\n[   34.619410] cloud-init[787]: The key's randomart image is:\r\r\n[   34.619559] cloud-init[787]: +---[DSA 1024]----+\r\r\n[   34.619708] cloud-init[787]: |          .      |\r\r\n[   34.619957] cloud-init[787]: |         . .     |\r\r\n[   34.620131] cloud-init[787]: |        + .      |\r\r\n[   34.620291] cloud-init[787]: |     +.+ +       |\r\r\n[   34.620456] cloud-init[787]: |    oE=.S        |\r\r\n[   34.620605] cloud-init[787]: | .   o+ o        |\r\r\n[   34.620774] cloud-init[787]: |... oo.o         |\r\r\n[   34.620913] cloud-init[787]: |...oo+           |\r\r\n[   34.621064] cloud-init[787]: |  .+=.           |\r\r\n[   34.621220] cloud-init[787]: +-----------------+\r\r\n[   34.621368] cloud-init[787]: Generating public/private ecdsa key pair.\r\r\n[   34.621521] cloud-init[787]: Your identification has been saved in /etc/ssh/ssh_host_ecdsa_key.\r\r\n[   34.621693] cloud-init[787]: Your public key has been saved in /etc/ssh/ssh_host_ecdsa_key.pub.\r\r\n[   34.621843] cloud-init[787]: The key fingerprint is:\r\r\n[   34.622010] cloud-init[787]: 5c:bb:33:46:0c:14:04:b5:78:79:f2:01:25:4e:66:96 root@xplatvm\r\r\n[   34.622161] cloud-init[787]: The key's randomart image is:\r\r\n[   34.622293] cloud-init[787]: +---[ECDSA 256]---+\r\r\n[   34.622462] cloud-init[787]: |      .+%+.      |\r\r\n[   34.622610] cloud-init[787]: |       OE=       |\r\r\n[   34.622768] cloud-init[787]: |      . B +      |\r\r\n[   34.622911] cloud-init[787]: |       o B o     |\r\r\n[   34.623070] cloud-init[787]: |        S =      |\r\r\n[   34.623217] cloud-init[787]: |         . .     |\r\r\n[   34.623383] cloud-init[787]: |          =      |\r\r\n[   34.623533] cloud-init[787]: |         . o     |\r\r\n[   34.623712] cloud-init[787]: |                 |\r\r\n[   34.623855] cloud-init[787]: +-----------------+\r\r\n[   34.623998] cloud-init[787]: Generating public/private ed25519 key pair.\r\r\n[   34.639951] cloud-init[787]: Your identification has been saved in /etc/ssh/ssh_host_ed25519_key.\r\r\n[   34.640148] cloud-init[787]: Your public key has been saved in /etc/ssh/ssh_host_ed25519_key.pub.\r\r\n[   34.640324] cloud-init[787]:The key fingerprint is:\r\r\n[   34.640484] cloud-init[787]: 4b:b4:12:54:06:ce:df:36:c5:b3:21:01:e1:37:6a:09 root@xplatvm\r\r\n[   34.640642] cloud-init[787]: The key's randomart image is:\r\r\n[   34.640796] cloud-init[787]: +--[ED25519 256]--+\r\r\n[   34.640952] cloud-init[787]: |      oo=o.      |\r\r\n[   34.641135] cloud-init[787]: |     + o   o     |\r\r\n[   34.641282] cloud-init[787]: |      E o + =    |\r\r\n[   34.641459] cloud-init[787]: |       = * + +   |\r\r\n[   34.641620] cloud-init[787]: |      . S + .    |\r\r\n[   34.641776] cloud-init[787]: |       + o .     |\r\r\n[   34.641917] cloud-init[787]: |        .        |\r\r\n[   34.654094] cloud-init[787]: |                 |\r\r\n[   34.654247] cloud-init[787]: |                 |\r\r\n[   34.654480] cloud-init[787]: +-----------------+\r\r\n[\u001b[32m  OK  \u001b[0m] Started Initial cloud-init job (metadata service crawler).\r\r\n         Starting Permit User Sessions...\r\r\n[\u001b[32m  OK  \u001b[0m] Started OpenBSD Secure Shell server.\r\r\n         Starting OpenBSD Secure Shell server...\r\r\n[\u001b[32m  OK  \u001b[0m] Reached target Cloud-config availability.\r\r\n         Starting Apply the settings specified in cloud-config...\r\r\n[\u001b[32m  OK  \u001b[0m] Started Permit User Sessions.\r\r\n         Starting Wait for Plymouth Boot Screen to Quit...\r\r\n         Starting Terminate Plymouth Boot Screen...\r\r\n2016/01/20 18:24:10 Finished processing ExtensionsConfig.xml\r\r\ncloud-init.service\r\r\n[\u001b[32m  OK  \u001b[0m] Stopped File System Check on /dev/disk/azure/resource-part1.\r\r\n         Stopping File System Check on /dev/disk/azure/resource-part1...\r\r\nssh.service\r\r\nsystemd-user-sessions.service\r\r\n         Starting File System Check on /dev/disk/azure/resource-part1...\r\n[\u001b[32m  OK  \u001b[0m] Started File System Check on /dev/disk/azure/resource-part1.\r\n         Mounting /mnt...\r\n[\u001b[1;31mFAILED\u001b[0m] Failed to mount /mnt.\r\nSee \"systemctl status mnt.mount\" for details.\r\n[   41.458766] cloud-init[1085]: Generating locales...\r\n[   41.555703] cloud-init[1085]: en_US.UTF-8... up-to-date\r\n[   41.569515] cloud-init[1085]: Generation complete.\r\n\r\r\nUbuntu 15.04 xplatvm ttyS0\r\n\r\nxplatvm login:
[   44.176707] cloud-init[1085]: Cloud-init v. 0.7.7 running 'modules:config' at Wed, 20 Jan 2016 18:24:11 +0000. Up 35.67 seconds.\r\nci-info: ++Authorized keys from /home/azureuser/.ssh/authorized_keys for user azureuser+++\r\nci-info: +---------+-------------------------------------------------+---------+---------+\r\nci-info: | Keytype |                Fingerprint (md5)                | Options | Comment |\r\nci-info: +---------+-------------------------------------------------+---------+---------+\r\nci-info: | ssh-rsa | 8f:df:8f:18:ba:cd:cc:63:7c:1f:ea:ae:ba:09:40:65 |    -    |    -    |\r\nci-info: +---------+-------------------------------------------------+---------+---------+\r\nec2: \r\nec2: #############################################################\r\nec2: -----BEGIN SSH HOST KEY FINGERPRINTS-----\r\nec2: 1024 34:17:ba:98:8c:2d:2f:6b:2e:48:7b:87:4f:b5:89:91 /etc/ssh/ssh_host_dsa_key.pub (DSA)\r\nec2: 256 5c:bb:33:46:0c:14:04:b5:78:79:f2:01:25:4e:66:96 /etc/ssh/ssh_host_ecdsa_key.pub (ECDSA)\r\nec2: 256 4b:b4:12:54:06:ce:df:36:c5:b3:21:01:e1:37:6a:09 /etc/ssh/ssh_host_ed25519_key.pub (ED25519)\r\nec2: 2048 19:21:7c:71:15:d9:6e:d0:31:2a:59:77:54:4c:c5:3e /etc/ssh/ssh_host_rsa_key.pub (RSA)\r\nec2: -----END SSH HOST KEY FINGERPRINTS-----\r\nec2: #############################################################\r\n-----BEGIN SSH HOST KEY KEYS-----\r\necdsa-sha2-nistp256 AAAAE2VjZHNhLXNoYTItbmlzdHAyNTYAAAAIbmlzdHAyNTYAAABBBEhdZqJ8/h8Ixe/Jqd2KCc5oNMqE1VjWL93+jPLjx/kGq61Fm6X+fLGvvp0juakLzlDbUZ7sh3wFsEYawcq7VlQ= root@xplatvm\r\nssh-ed25519 AAAAC3NzaC1lZDI1NTE5AAAAIK7OU7DH5+E/pR+Coia9MJspLMx8JTU7CYOfWBfg3aaB root@xplatvm\r\nssh-rsa AAAAB3NzaC1yc2EAAAADAQABAAABAQCsTz8o+dcEXaYJ9OgaEU6iUo/FQqRiBoQ6M3PbhwBWD2lsAmMBQNWTWXKjEtKEqm9U+wkwU1BvciqcXw+j8LWoWyyj1I8RaKHV/swv0bavvJPBryBo0UJ9cPQXfATgYyk201baPY37p7ty3ZsVnm4ahcpLBsuOZ+tWnu/e+Bdw3LMa8an988pnqV02UkFO1nT5yEVnRsbscUI4k1Zt9wZgbo7PNX7QCcdVvmma6wdsCmUZcdE9JyGSCQgFEgj1G6b70MSroGpc8AeGG9JviHASzHtJLdrAxEO/IYdsUozKjkNabLLFFQbDW0ekQvkbniX02Kmpj//0tjqXqrge009 root@xplatvm\r\n-----END SSH HOST KEY KEYS-----\r\n[   45.181043] cloud-init[1269]: Cloud-init v. 0.7.7 running 'modules:final' at Wed, 20 Jan 2016 18:24:20 +0000. Up 44.76 seconds.\r\n[   45.205457] cloud-init[1269]: Cloud-init v. 0.7.7 finished at Wed, 20 Jan 2016 18:24:20 +0000. Datasource DataSourceAzureNet [seed=/dev/sr0].  Up 45.16 seconds\r\n\u0000\u0000\u0000\u0000\u0000\u0000\u0000\u0000\u0000\u0000\u0000\u0000\u0000\u0000\u0000\u0000\u0000\u0000\u0000\u0000\u0000\u0000\u0000\u0000\u0000\u0000\u0000\u0000\u0000\u0000\u0000\u0000\u0000\u0000\u0000\u0000\u0000\u0000\u0000\u0000\u0000\u0000\u0000\u0000\u0000\u0000\u0000\u0000\u0000\u0000\u0000\u0000\u0000\u0000\u0000\u0000\u0000\u0000\u0000\u0000\u0000\u0000\u0000\u0000\u0000\u0000\u0000\u0000\u0000\u0000\u0000\u0000\u0000\u0000\u0000\u0000\u0000\u0000\u0000\u0000\u0000\u0000\u0000\u0000\u0000\u0000\u0000\u0000\u0000\u0000\u0000\u0000\u0000\u0000\u0000\u0000\u0000\u0000\u0000\u0000\u0000\u0000\u0000\u0000\u0000\u0000\u0000\u0000\u0000\u0000\u0000\u0000\u0000\u0000\u0000\u0000\u0000\u0000\u0000\u0000\u0000\u0000\u0000\u0000\u0000\u0000\u0000\u0000\u0000\u0000\u0000\u0000\u0000\u0000\u0000\u0000\u0000\u0000\u0000\u0000\u0000\u0000\u0000\u0000\u0000\u0000\u0000\u0000\u0000\u0000\u0000\u0000\u0000\u0000\u0000\u0000\u0000\u0000\u0000\u0000\u0000\u0000\u0000\u0000\u0000\u0000\u0000\u0000\u0000\u0000\u0000\u0000\u0000\u0000\u0000\u0000\u0000\u0000\u0000\u0000\u0000\u0000\u0000\u0000\u0000\u0000\u0000\u0000\u0000\u0000\u0000\u0000\u0000\u0000\u0000\u0000\u0000\u0000\u0000\u0000\u0000\u0000\u0000\u0000\u0000\u0000\u0000\u0000\u0000\u0000\u0000\u0000\u0000\u0000\u0000\u0000\u0000\u0000\u0000\u0000\u0000\u0000\u0000\u0000\u0000\u0000\u0000\u0000\u0000\u0000\u0000\u0000\u0000\u0000\u0000\u0000\u0000\u0000\u0000\u0000\u0000\u0000\u0000\u0000\u0000\u0000\u0000\u0000\u0000\u0000\u0000\u0000\u0000\u0000\u0000\u0000\u0000\u0000\u0000\u0000\u0000\u0000\u0000\u0000\u0000\u0000\u0000\u0000\u0000\u0000\u0000\u0000\u0000\u0000\u0000\u0000\u0000\u0000\u0000\u0000\u0000\u0000\u0000\u0000\u0000\u0000\u0000\u0000\u0000\u0000\u0000\u0000\u0000\u0000\u0000\u0000\u0000\u0000\u0000\u0000\u0000\u0000\u0000\u0000\u0000\u0000\u0000\u0000\u0000\u0000\u0000\u0000\u0000\u0000\u0000\u0000\u0000\u0000\u0000\u0000\u0000\u0000\u0000\u0000\u0000\u0000\u0000\u0000\u0000\u0000\u0000\u0000\u0000\u0000\u0000\u0000\u0000\u0000\u0000\u0000\u0000\u0000\u0000\u0000\u0000\u0000\u0000\u0000\u0000\u0000\u0000\u0000\u0000\u0000\u0000\u0000\u0000\u0000\u0000\u0000\u0000\u0000\u0000\u0000\u0000\u0000\u0000\u0000\u0000\u0000\u0000\u0000\u0000\u0000\u0000\u0000\u0000\u0000\u0000\u0000\u0000\u0000\u0000\u0000\u0000\u0000\u0000\u0000\u0000\u0000\u0000\u0000\u0000\u0000\u0000\u0000\u0000\u0000\u0000\u0000\u0000\u0000\u0000\u0000\u0000\u0000\u0000\u0000\u0000\u0000\u0000\u0000\u0000\u0000\u0000\u0000\u0000\u0000\u0000\u0000\u0000\u0000\u0000\u0000\u0000\u0000\u0000\u0000\u0000\u0000\u0000\u0000\u0000\u0000\u0000\u0000\u0000\u0000\u0000\u0000\u0000\u0000\u0000\u0000\u0000\u0000\u0000\u0000\u0000\u0000\u0000\u0000\u0000\u0000\u0000\u0000\u0000\u0000\u0000\u0000\u0000\u0000\u0000\u0000\u0000\u0000\u0000\u0000\u0000\u0000\u0000\u0000\u0000\u0000\u0000\u0000\u0000\u0000\u0000\u0000\u0000\u0000\u0000\u0000\u0000\u0000\u0000\u0000\u0000\u0000\u0000\u0000\u0000\u0000\u0000\u0000\u0000\u0000\u0000\u0000\u0000\u0000", { 'content-length': '64000',
  'last-modified': 'Wed, 20 Jan 2016 18:24:21 GMT',
  'accept-ranges': 'bytes',
  etag: '"0x8D321C6EB006813"',
  server: 'Windows-Azure-Blob/1.0 Microsoft-HTTPAPI/2.0',
  'x-ms-request-id': '822d6db5-0001-009e-0ab1-53b108000000',
  'x-ms-version': '2015-02-21',
  'x-ms-lease-status': 'unlocked',
  'x-ms-lease-state': 'available',
  'x-ms-blob-type': 'PageBlob',
  'x-ms-blob-sequence-number': '0',
  date: 'Wed, 20 Jan 2016 18:34:22 GMT',
  connection: 'close' });
 return result; },
function (nock) { 
var result = 
nock('https://xplatteststorage17599.blob.core.windows.net:443')
  .get('/bootdiagnostics-xplatvm-4922d37c-fe2c-4c71-ae0f-83f4c2e0065b/xplatvm.4922d37c-fe2c-4c71-ae0f-83f4c2e0065b.serialconsole.log')
