// This file has been autogenerated.

var profile = require('../../../lib/util/profile');

exports.getMockedProfile = function () {
  var newProfile = new profile.Profile();

  newProfile.addSubscription(new profile.Subscription({
    id: 'e33f361b-53c2-4cc7-b829-78906708387b',
    managementCertificate: {
      key: 'mockedKey',
      cert: 'mockedCert'
    },
    name: 'Microsoft Azure Internal Consumption',
    user: {
      name: 'user@domain.example',
      type: 'servicePrincipal'
    },
    tenantId: '72f988bf-86f1-41af-91ab-2d7cd011db47',
    state: 'Enabled',
    registeredProviders: [],
    isDefault: true
  }, newProfile.environments['AzureCloud']));

  return newProfile;
};

exports.setEnvironment = function() {
  process.env['AZURE_VM_TEST_LOCATION'] = 'southeastasia';
  process.env['SSHCERT'] = 'test/myCert.pem';
};

exports.scopes = [[function (nock) { 
var result = 
nock('http://management.azure.com:443')
  .get('/subscriptions/e33f361b-53c2-4cc7-b829-78906708387b/resourceGroups/xplatTestGVMCreate6284/providers/Microsoft.Compute/virtualMachines/xplatvm?$expand=instanceView&api-version=2015-06-15')
  .reply(200, "{\r\n  \"properties\": {\r\n    \"vmId\": \"1ccef199-8d55-4dcc-aca3-b7b3616e68c6\",\r\n    \"availabilitySet\": {\r\n      \"id\": \"/subscriptions/e33f361b-53c2-4cc7-b829-78906708387b/resourceGroups/xplatTestGVMCreate6284/providers/Microsoft.Compute/availabilitySets/XPLATTESTAAVAIL9251\"\r\n    },\r\n    \"hardwareProfile\": {\r\n      \"vmSize\": \"Standard_A1\"\r\n    },\r\n    \"storageProfile\": {\r\n      \"imageReference\": {\r\n        \"publisher\": \"canonical\",\r\n        \"offer\": \"UbuntuServer\",\r\n        \"sku\": \"15.10\",\r\n        \"version\": \"latest\"\r\n      },\r\n      \"osDisk\": {\r\n        \"osType\": \"Linux\",\r\n        \"name\": \"cli06ccc889803812fd-os-1455762811136\",\r\n        \"createOption\": \"FromImage\",\r\n        \"vhd\": {\r\n          \"uri\": \"https://xplatteststorage11018.blob.core.windows.net/xplatteststoragecnt14071/cli06ccc889803812fd-os-1455762811136.vhd\"\r\n        },\r\n        \"caching\": \"ReadWrite\"\r\n      },\r\n      \"dataDisks\": []\r\n    },\r\n    \"osProfile\": {\r\n      \"computerName\": \"xplatvm\",\r\n      \"adminUsername\": \"azureuser\",\r\n      \"linuxConfiguration\": {\r\n        \"disablePasswordAuthentication\": false,\r\n        \"ssh\": {\r\n          \"publicKeys\": [\r\n            {\r\n              \"path\": \"/home/azureuser/.ssh/authorized_keys\",\r\n              \"keyData\": \"MIID/zCCAuegAwIBAgIJAMUAa+XVLvAeMA0GCSqGSIb3DQEBBQUAMIGVMQswCQYD\\r\\nVQQGEwJJbjESMBAGA1UECAwJS2FybmF0YWthMRIwEAYDVQQHDAlCYW5nYWxvcmUx\\r\\nEDAOBgNVBAoMB2JyaWxsaW8xEjAQBgNVBAsMCW1pY3Jvc29mdDEQMA4GA1UEAwwH\\r\\nYnJpbGxpbzEmMCQGCSqGSIb3DQEJARYXc3JlZWthbnRoYnNAeWFob28uY28uaW4w\\r\\nHhcNMTUwMzA1MTE1MzEyWhcNMTYwMzA0MTE1MzEyWjCBlTELMAkGA1UEBhMCSW4x\\r\\nEjAQBgNVBAgMCUthcm5hdGFrYTESMBAGA1UEBwwJQmFuZ2Fsb3JlMRAwDgYDVQQK\\r\\nDAdicmlsbGlvMRIwEAYDVQQLDAltaWNyb3NvZnQxEDAOBgNVBAMMB2JyaWxsaW8x\\r\\nJjAkBgkqhkiG9w0BCQEWF3NyZWVrYW50aGJzQHlhaG9vLmNvLmluMIIBIjANBgkq\\r\\nhkiG9w0BAQEFAAOCAQ8AMIIBCgKCAQEAyUNKaOuT0NK+S8Ck81zy9xJ6hXfZvAC6\\r\\nlhbmf/6s/WVimJ/TX5NMhQJwC9k6ZIF92KfYrojHNvHDufSZ3EtKUVwRFCDjmgMT\\r\\nDL09WkGaZt7gROYFK0iZ4KrYGovUwlwum9fHB24OJiOV4bi0ek62/rHx9fjYZpvp\\r\\naIH2PV/hN8SCZ0x7HJMberD4gVoU/Kv42nNvwjLUW6IZfVx/Gv5OeFDtWHfSvUEF\\r\\ndadHKTPn3Ab20Iu6gZIbLO9Vuf38/IpaYGfnFCouHdzmiTiLieYNe3CUPcOJNSv7\\r\\n1G8KYpx3uNJRkJPab5OsRyJw75Gvzkr9OgaPss9tVD6Gt68u3WQtVQIDAQABo1Aw\\r\\nTjAdBgNVHQ4EFgQUogvhXB+xZ2JJPfLO6cVs4ForzscwHwYDVR0jBBgwFoAUogvh\\r\\nXB+xZ2JJPfLO6cVs4ForzscwDAYDVR0TBAUwAwEB/zANBgkqhkiG9w0BAQUFAAOC\\r\\nAQEAdDj7qUNJ45xlF5cjd+4x5NHvAD1VTjOKu+Xh/uzSSjXqB2F0aOMWA9lx0qaQ\\r\\noJgHkGxj3zz/W7ik/cVGL2O+vRIOKv/y0OPogEmS3Hw+P+O6OGE7x1G6YN0zLVoL\\r\\nu4BN/BEYmjttxM9I7qqL7C5cJoE+K3s/w1/pt/68ohJcr7F9Ohi7cso62xuGY1Rm\\r\\nksAh2EUDsU9JV/P+C9AMpLSrb03JJYzVj4w1RHbrmw2AjFyGXdQYkggyXisg+Ifr\\r\\n5gbNN7HigpHf7b2i3CQBUqp9m23frh5AhnLI2qp3UXgc52U5ieLdi/t6j0TTZqqY\\r\\nHhHqofKrj938HHlBNpC5/LVh3w==\\r\\n\"\r\n            }\r\n          ]\r\n        }\r\n      },\r\n      \"secrets\": []\r\n    },\r\n    \"networkProfile\": {\"networkInterfaces\":[{\"id\":\"/subscriptions/e33f361b-53c2-4cc7-b829-78906708387b/resourceGroups/xplatTestGVMCreate6284/providers/Microsoft.Network/networkInterfaces/xplattestnic\"}]},\r\n    \"diagnosticsProfile\": {\r\n      \"bootDiagnostics\": {\r\n        \"enabled\": true,\r\n        \"storageUri\": \"https://xplatteststorage11018.blob.core.windows.net/\"\r\n      }\r\n    },\r\n    \"provisioningState\": \"Succeeded\",\r\n    \"instanceView\": {\r\n      \"platformUpdateDomain\": 0,\r\n      \"platformFaultDomain\": 0,\r\n      \"vmAgent\": {\r\n        \"vmAgentVersion\": \"2.1.2\",\r\n        \"statuses\": [\r\n          {\r\n            \"code\": \"ProvisioningState/succeeded\",\r\n            \"level\": \"Info\",\r\n            \"displayStatus\": \"Ready\",\r\n            \"message\": \"Guest Agent is running\",\r\n            \"time\": \"2016-02-18T02:46:47+00:00\"\r\n          }\r\n        ],\r\n        \"extensionHandlers\": []\r\n      },\r\n      \"disks\": [\r\n        {\r\n          \"name\": \"cli06ccc889803812fd-os-1455762811136\",\r\n          \"statuses\": [\r\n            {\r\n              \"code\": \"ProvisioningState/succeeded\",\r\n              \"level\": \"Info\",\r\n              \"displayStatus\": \"Provisioning succeeded\",\r\n              \"time\": \"2016-02-18T02:33:37.9964286+00:00\"\r\n            }\r\n          ]\r\n        }\r\n      ],\r\n      \"bootDiagnostics\": {\r\n        \"consoleScreenshotBlobUri\": \"https://xplatteststorage11018.blob.core.windows.net/bootdiagnostics-xplatvm-1ccef199-8d55-4dcc-aca3-b7b3616e68c6/xplatvm.1ccef199-8d55-4dcc-aca3-b7b3616e68c6.screenshot.bmp\",\r\n        \"serialConsoleLogBlobUri\": \"https://xplatteststorage11018.blob.core.windows.net/bootdiagnostics-xplatvm-1ccef199-8d55-4dcc-aca3-b7b3616e68c6/xplatvm.1ccef199-8d55-4dcc-aca3-b7b3616e68c6.serialconsole.log\"\r\n      },\r\n      \"statuses\": [\r\n        {\r\n          \"code\": \"ProvisioningState/succeeded\",\r\n          \"level\": \"Info\",\r\n          \"displayStatus\": \"Provisioning succeeded\",\r\n          \"time\": \"2016-02-18T02:35:21.0119973+00:00\"\r\n        },\r\n        {\r\n          \"code\": \"PowerState/running\",\r\n          \"level\": \"Info\",\r\n          \"displayStatus\": \"VM running\"\r\n        }\r\n      ]\r\n    }\r\n  },\r\n  \"id\": \"/subscriptions/e33f361b-53c2-4cc7-b829-78906708387b/resourceGroups/xplatTestGVMCreate6284/providers/Microsoft.Compute/virtualMachines/xplatvm\",\r\n  \"name\": \"xplatvm\",\r\n  \"type\": \"Microsoft.Compute/virtualMachines\",\r\n  \"location\": \"southeastasia\",\r\n  \"tags\": {\r\n    \"a\": \"b\",\r\n    \"b\": \"c\",\r\n    \"d\": \"\"\r\n  }\r\n}", { 'cache-control': 'no-cache',
  pragma: 'no-cache',
  'content-length': '5214',
  'content-type': 'application/json; charset=utf-8',
  expires: '-1',
  'strict-transport-security': 'max-age=31536000; includeSubDomains',
  'x-ms-served-by': 'dce02487-9cda-4782-8138-773eb1573792_130923832742225921',
  'x-ms-request-id': 'c77b12c5-07fe-42e9-8175-e186a685621a',
  server: 'Microsoft-HTTPAPI/2.0, Microsoft-HTTPAPI/2.0',
  'x-ms-ratelimit-remaining-subscription-reads': '14994',
  'x-ms-correlation-request-id': 'e3e12f52-f683-42e8-bd90-cd8c5abf14d6',
  'x-ms-routing-request-id': 'CENTRALUS:20160218T024658Z:e3e12f52-f683-42e8-bd90-cd8c5abf14d6',
  date: 'Thu, 18 Feb 2016 02:46:57 GMT',
  connection: 'close' });
 return result; },
function (nock) { 
var result = 
nock('https://management.azure.com:443')
  .get('/subscriptions/e33f361b-53c2-4cc7-b829-78906708387b/resourceGroups/xplatTestGVMCreate6284/providers/Microsoft.Compute/virtualMachines/xplatvm?$expand=instanceView&api-version=2015-06-15')
  .reply(200, "{\r\n  \"properties\": {\r\n    \"vmId\": \"1ccef199-8d55-4dcc-aca3-b7b3616e68c6\",\r\n    \"availabilitySet\": {\r\n      \"id\": \"/subscriptions/e33f361b-53c2-4cc7-b829-78906708387b/resourceGroups/xplatTestGVMCreate6284/providers/Microsoft.Compute/availabilitySets/XPLATTESTAAVAIL9251\"\r\n    },\r\n    \"hardwareProfile\": {\r\n      \"vmSize\": \"Standard_A1\"\r\n    },\r\n    \"storageProfile\": {\r\n      \"imageReference\": {\r\n        \"publisher\": \"canonical\",\r\n        \"offer\": \"UbuntuServer\",\r\n        \"sku\": \"15.10\",\r\n        \"version\": \"latest\"\r\n      },\r\n      \"osDisk\": {\r\n        \"osType\": \"Linux\",\r\n        \"name\": \"cli06ccc889803812fd-os-1455762811136\",\r\n        \"createOption\": \"FromImage\",\r\n        \"vhd\": {\r\n          \"uri\": \"https://xplatteststorage11018.blob.core.windows.net/xplatteststoragecnt14071/cli06ccc889803812fd-os-1455762811136.vhd\"\r\n        },\r\n        \"caching\": \"ReadWrite\"\r\n      },\r\n      \"dataDisks\": []\r\n    },\r\n    \"osProfile\": {\r\n      \"computerName\": \"xplatvm\",\r\n      \"adminUsername\": \"azureuser\",\r\n      \"linuxConfiguration\": {\r\n        \"disablePasswordAuthentication\": false,\r\n        \"ssh\": {\r\n          \"publicKeys\": [\r\n            {\r\n              \"path\": \"/home/azureuser/.ssh/authorized_keys\",\r\n              \"keyData\": \"MIID/zCCAuegAwIBAgIJAMUAa+XVLvAeMA0GCSqGSIb3DQEBBQUAMIGVMQswCQYD\\r\\nVQQGEwJJbjESMBAGA1UECAwJS2FybmF0YWthMRIwEAYDVQQHDAlCYW5nYWxvcmUx\\r\\nEDAOBgNVBAoMB2JyaWxsaW8xEjAQBgNVBAsMCW1pY3Jvc29mdDEQMA4GA1UEAwwH\\r\\nYnJpbGxpbzEmMCQGCSqGSIb3DQEJARYXc3JlZWthbnRoYnNAeWFob28uY28uaW4w\\r\\nHhcNMTUwMzA1MTE1MzEyWhcNMTYwMzA0MTE1MzEyWjCBlTELMAkGA1UEBhMCSW4x\\r\\nEjAQBgNVBAgMCUthcm5hdGFrYTESMBAGA1UEBwwJQmFuZ2Fsb3JlMRAwDgYDVQQK\\r\\nDAdicmlsbGlvMRIwEAYDVQQLDAltaWNyb3NvZnQxEDAOBgNVBAMMB2JyaWxsaW8x\\r\\nJjAkBgkqhkiG9w0BCQEWF3NyZWVrYW50aGJzQHlhaG9vLmNvLmluMIIBIjANBgkq\\r\\nhkiG9w0BAQEFAAOCAQ8AMIIBCgKCAQEAyUNKaOuT0NK+S8Ck81zy9xJ6hXfZvAC6\\r\\nlhbmf/6s/WVimJ/TX5NMhQJwC9k6ZIF92KfYrojHNvHDufSZ3EtKUVwRFCDjmgMT\\r\\nDL09WkGaZt7gROYFK0iZ4KrYGovUwlwum9fHB24OJiOV4bi0ek62/rHx9fjYZpvp\\r\\naIH2PV/hN8SCZ0x7HJMberD4gVoU/Kv42nNvwjLUW6IZfVx/Gv5OeFDtWHfSvUEF\\r\\ndadHKTPn3Ab20Iu6gZIbLO9Vuf38/IpaYGfnFCouHdzmiTiLieYNe3CUPcOJNSv7\\r\\n1G8KYpx3uNJRkJPab5OsRyJw75Gvzkr9OgaPss9tVD6Gt68u3WQtVQIDAQABo1Aw\\r\\nTjAdBgNVHQ4EFgQUogvhXB+xZ2JJPfLO6cVs4ForzscwHwYDVR0jBBgwFoAUogvh\\r\\nXB+xZ2JJPfLO6cVs4ForzscwDAYDVR0TBAUwAwEB/zANBgkqhkiG9w0BAQUFAAOC\\r\\nAQEAdDj7qUNJ45xlF5cjd+4x5NHvAD1VTjOKu+Xh/uzSSjXqB2F0aOMWA9lx0qaQ\\r\\noJgHkGxj3zz/W7ik/cVGL2O+vRIOKv/y0OPogEmS3Hw+P+O6OGE7x1G6YN0zLVoL\\r\\nu4BN/BEYmjttxM9I7qqL7C5cJoE+K3s/w1/pt/68ohJcr7F9Ohi7cso62xuGY1Rm\\r\\nksAh2EUDsU9JV/P+C9AMpLSrb03JJYzVj4w1RHbrmw2AjFyGXdQYkggyXisg+Ifr\\r\\n5gbNN7HigpHf7b2i3CQBUqp9m23frh5AhnLI2qp3UXgc52U5ieLdi/t6j0TTZqqY\\r\\nHhHqofKrj938HHlBNpC5/LVh3w==\\r\\n\"\r\n            }\r\n          ]\r\n        }\r\n      },\r\n      \"secrets\": []\r\n    },\r\n    \"networkProfile\": {\"networkInterfaces\":[{\"id\":\"/subscriptions/e33f361b-53c2-4cc7-b829-78906708387b/resourceGroups/xplatTestGVMCreate6284/providers/Microsoft.Network/networkInterfaces/xplattestnic\"}]},\r\n    \"diagnosticsProfile\": {\r\n      \"bootDiagnostics\": {\r\n        \"enabled\": true,\r\n        \"storageUri\": \"https://xplatteststorage11018.blob.core.windows.net/\"\r\n      }\r\n    },\r\n    \"provisioningState\": \"Succeeded\",\r\n    \"instanceView\": {\r\n      \"platformUpdateDomain\": 0,\r\n      \"platformFaultDomain\": 0,\r\n      \"vmAgent\": {\r\n        \"vmAgentVersion\": \"2.1.2\",\r\n        \"statuses\": [\r\n          {\r\n            \"code\": \"ProvisioningState/succeeded\",\r\n            \"level\": \"Info\",\r\n            \"displayStatus\": \"Ready\",\r\n            \"message\": \"Guest Agent is running\",\r\n            \"time\": \"2016-02-18T02:46:47+00:00\"\r\n          }\r\n        ],\r\n        \"extensionHandlers\": []\r\n      },\r\n      \"disks\": [\r\n        {\r\n          \"name\": \"cli06ccc889803812fd-os-1455762811136\",\r\n          \"statuses\": [\r\n            {\r\n              \"code\": \"ProvisioningState/succeeded\",\r\n              \"level\": \"Info\",\r\n              \"displayStatus\": \"Provisioning succeeded\",\r\n              \"time\": \"2016-02-18T02:33:37.9964286+00:00\"\r\n            }\r\n          ]\r\n        }\r\n      ],\r\n      \"bootDiagnostics\": {\r\n        \"consoleScreenshotBlobUri\": \"https://xplatteststorage11018.blob.core.windows.net/bootdiagnostics-xplatvm-1ccef199-8d55-4dcc-aca3-b7b3616e68c6/xplatvm.1ccef199-8d55-4dcc-aca3-b7b3616e68c6.screenshot.bmp\",\r\n        \"serialConsoleLogBlobUri\": \"https://xplatteststorage11018.blob.core.windows.net/bootdiagnostics-xplatvm-1ccef199-8d55-4dcc-aca3-b7b3616e68c6/xplatvm.1ccef199-8d55-4dcc-aca3-b7b3616e68c6.serialconsole.log\"\r\n      },\r\n      \"statuses\": [\r\n        {\r\n          \"code\": \"ProvisioningState/succeeded\",\r\n          \"level\": \"Info\",\r\n          \"displayStatus\": \"Provisioning succeeded\",\r\n          \"time\": \"2016-02-18T02:35:21.0119973+00:00\"\r\n        },\r\n        {\r\n          \"code\": \"PowerState/running\",\r\n          \"level\": \"Info\",\r\n          \"displayStatus\": \"VM running\"\r\n        }\r\n      ]\r\n    }\r\n  },\r\n  \"id\": \"/subscriptions/e33f361b-53c2-4cc7-b829-78906708387b/resourceGroups/xplatTestGVMCreate6284/providers/Microsoft.Compute/virtualMachines/xplatvm\",\r\n  \"name\": \"xplatvm\",\r\n  \"type\": \"Microsoft.Compute/virtualMachines\",\r\n  \"location\": \"southeastasia\",\r\n  \"tags\": {\r\n    \"a\": \"b\",\r\n    \"b\": \"c\",\r\n    \"d\": \"\"\r\n  }\r\n}", { 'cache-control': 'no-cache',
  pragma: 'no-cache',
  'content-length': '5214',
  'content-type': 'application/json; charset=utf-8',
  expires: '-1',
  'strict-transport-security': 'max-age=31536000; includeSubDomains',
  'x-ms-served-by': 'dce02487-9cda-4782-8138-773eb1573792_130923832742225921',
  'x-ms-request-id': 'c77b12c5-07fe-42e9-8175-e186a685621a',
  server: 'Microsoft-HTTPAPI/2.0, Microsoft-HTTPAPI/2.0',
  'x-ms-ratelimit-remaining-subscription-reads': '14994',
  'x-ms-correlation-request-id': 'e3e12f52-f683-42e8-bd90-cd8c5abf14d6',
  'x-ms-routing-request-id': 'CENTRALUS:20160218T024658Z:e3e12f52-f683-42e8-bd90-cd8c5abf14d6',
  date: 'Thu, 18 Feb 2016 02:46:57 GMT',
  connection: 'close' });
 return result; },
function (nock) { 
var result = 
nock('http://management.azure.com:443')
  .post('/subscriptions/e33f361b-53c2-4cc7-b829-78906708387b/resourceGroups/xplatTestGVMCreate6284/providers/Microsoft.Storage/storageAccounts/xplatteststorage11018/listKeys?api-version=2015-06-15')
  .reply(200, "{\"key1\":\"EgdWw15UxfhP7J4On7vJ1AFmW7Ml7IAFsiCZBs0nW9fhtRoNvVYFTApINg9IosimjvdvyVslNuK8M0SVhKwmHg==\",\"key2\":\"4zy14L9+iYipKBHdOAyjnmu5PdMU4akxdwuMMLiynzLYV4JgdLv1l7ySvOZ1GbeKZ+LhiQhUz90lp3+JC6x8TA==\"}\n", { 'cache-control': 'no-cache',
  pragma: 'no-cache',
  'content-length': '198',
  'content-type': 'application/json',
  expires: '-1',
  'x-ms-request-id': 'f478a37f-0b86-4651-8045-0e7ea79fd315',
  server: 'Microsoft-Azure-Storage-Resource-Provider/1.0, Microsoft-HTTPAPI/2.0',
  'x-ms-ratelimit-remaining-subscription-writes': '1197',
  'x-ms-correlation-request-id': 'f478a37f-0b86-4651-8045-0e7ea79fd315',
  'x-ms-routing-request-id': 'CENTRALUS:20160218T024658Z:f478a37f-0b86-4651-8045-0e7ea79fd315',
  'strict-transport-security': 'max-age=31536000; includeSubDomains',
  date: 'Thu, 18 Feb 2016 02:46:58 GMT',
  connection: 'close' });
 return result; },
function (nock) { 
var result = 
nock('https://management.azure.com:443')
  .post('/subscriptions/e33f361b-53c2-4cc7-b829-78906708387b/resourceGroups/xplatTestGVMCreate6284/providers/Microsoft.Storage/storageAccounts/xplatteststorage11018/listKeys?api-version=2015-06-15')
  .reply(200, "{\"key1\":\"EgdWw15UxfhP7J4On7vJ1AFmW7Ml7IAFsiCZBs0nW9fhtRoNvVYFTApINg9IosimjvdvyVslNuK8M0SVhKwmHg==\",\"key2\":\"4zy14L9+iYipKBHdOAyjnmu5PdMU4akxdwuMMLiynzLYV4JgdLv1l7ySvOZ1GbeKZ+LhiQhUz90lp3+JC6x8TA==\"}\n", { 'cache-control': 'no-cache',
  pragma: 'no-cache',
  'content-length': '198',
  'content-type': 'application/json',
  expires: '-1',
  'x-ms-request-id': 'f478a37f-0b86-4651-8045-0e7ea79fd315',
  server: 'Microsoft-Azure-Storage-Resource-Provider/1.0, Microsoft-HTTPAPI/2.0',
  'x-ms-ratelimit-remaining-subscription-writes': '1197',
  'x-ms-correlation-request-id': 'f478a37f-0b86-4651-8045-0e7ea79fd315',
  'x-ms-routing-request-id': 'CENTRALUS:20160218T024658Z:f478a37f-0b86-4651-8045-0e7ea79fd315',
  'strict-transport-security': 'max-age=31536000; includeSubDomains',
  date: 'Thu, 18 Feb 2016 02:46:58 GMT',
  connection: 'close' });
 return result; },
function (nock) { 
var result = 
nock('http://xplatteststorage11018.blob.core.windows.net:443')
  .head('/bootdiagnostics-xplatvm-1ccef199-8d55-4dcc-aca3-b7b3616e68c6/xplatvm.1ccef199-8d55-4dcc-aca3-b7b3616e68c6.serialconsole.log')
  .reply(200, "", { 'content-length': '66560',
  'last-modified': 'Thu, 18 Feb 2016 02:46:25 GMT',
  'accept-ranges': 'bytes',
  etag: '"0x8D3380DB16AE81E"',
  server: 'Windows-Azure-Blob/1.0 Microsoft-HTTPAPI/2.0',
  'x-ms-request-id': '6699f59b-0001-0032-6df6-693d75000000',
  'x-ms-version': '2015-02-21',
  'x-ms-lease-status': 'unlocked',
  'x-ms-lease-state': 'available',
  'x-ms-blob-type': 'PageBlob',
  'x-ms-blob-sequence-number': '0',
  date: 'Thu, 18 Feb 2016 02:46:58 GMT',
  connection: 'close' });
 return result; },
function (nock) { 
var result = 
nock('https://xplatteststorage11018.blob.core.windows.net:443')
  .head('/bootdiagnostics-xplatvm-1ccef199-8d55-4dcc-aca3-b7b3616e68c6/xplatvm.1ccef199-8d55-4dcc-aca3-b7b3616e68c6.serialconsole.log')
  .reply(200, "", { 'content-length': '66560',
  'last-modified': 'Thu, 18 Feb 2016 02:46:25 GMT',
  'accept-ranges': 'bytes',
  etag: '"0x8D3380DB16AE81E"',
  server: 'Windows-Azure-Blob/1.0 Microsoft-HTTPAPI/2.0',
  'x-ms-request-id': '6699f59b-0001-0032-6df6-693d75000000',
  'x-ms-version': '2015-02-21',
  'x-ms-lease-status': 'unlocked',
  'x-ms-lease-state': 'available',
  'x-ms-blob-type': 'PageBlob',
  'x-ms-blob-sequence-number': '0',
  date: 'Thu, 18 Feb 2016 02:46:58 GMT',
  connection: 'close' });
 return result; },
function (nock) { 
var result = 
nock('http://xplatteststorage11018.blob.core.windows.net:443')
  .get('/bootdiagnostics-xplatvm-1ccef199-8d55-4dcc-aca3-b7b3616e68c6/xplatvm.1ccef199-8d55-4dcc-aca3-b7b3616e68c6.serialconsole.log')
  .reply(200, "\u001b[H\u001b[J\u001b[1;1H[    0.000000] Initializing cgroup subsys cpuset\r\n[    0.000000] Initializing cgroup subsys cpu\r\n[    0.000000] Initializing cgroup subsys cpuacct\r\n[    0.000000] Linux version 4.2.0-27-generic (buildd@lgw01-12) (gcc version 5.2.1 20151010 (Ubuntu 5.2.1-22ubuntu2) ) #32-Ubuntu SMP Fri Jan 22 04:49:08 UTC 2016 (Ubuntu 4.2.0-27.32-generic 4.2.8-ckt1)\r\n[    0.000000] Command line: BOOT_IMAGE=/boot/vmlinuz-4.2.0-27-generic root=UUID=00dbac90-0d84-46e7-b813-31837bb7b225 ro console=tty1 console=ttyS0 earlyprintk=ttyS0 rootdelay=300\r\n[    0.000000] KERNEL supported cpus:\r\n[    0.000000]   Intel GenuineIntel\r\n[    0.000000]   AMD AuthenticAMD\r\n[    0.000000]   Centaur CentaurHauls\r\n[    0.000000] x86/fpu: xstate_offset[2]: 0240, xstate_sizes[2]: 0100\r\n[    0.000000] x86/fpu: Supporting XSAVE feature 0x01: 'x87 floating point registers'\r\n[    0.000000] x86/fpu: Supporting XSAVE feature 0x02: 'SSE registers'\r\n[    0.000000] x86/fpu: Supporting XSAVE feature 0x04: 'AVX registers'\r\n[    0.000000] x86/fpu: Enabled xstate features 0x7, context size is 0x340 bytes, using 'standard' format.\r\n[    0.000000] x86/fpu: Using 'eager' FPU context switches.\r\n[    0.000000] e820: BIOS-provided physical RAM map:\r\n[    0.000000] BIOS-e820: [mem 0x0000000000000000-0x000000000009fbff] usable\r\n[    0.000000] BIOS-e820: [mem 0x000000000009fc00-0x000000000009ffff] reserved\r\n[    0.000000] BIOS-e820: [mem 0x00000000000e0000-0x00000000000fffff] reserved\r\n[    0.000000] BIOS-e820: [mem 0x0000000000100000-0x000000001ffeffff] usable\r\n[    0.000000] BIOS-e820: [mem 0x000000001fff0000-0x000000001fffefff] ACPI data\r\n[    0.000000] BIOS-e820: [mem 0x000000001ffff000-0x000000001fffffff] ACPI NVS\r\n[    0.000000] BIOS-e820: [mem 0x0000000100000000-0x000000014fffffff] usable\r\n[    0.000000] bootconsole [earlyser0] enabled\r\n[    0.000000] NX (Execute Disable) protection: active\r\n[    0.000000] SMBIOS 2.3 present.\r\n[    0.000000] Hypervisor detected: Microsoft HyperV\r\n[    0.000000] HyperV: features 0xe7f, hints 0x2c\r\n[    0.000000] HyperV: LAPIC Timer Frequency: 0xc3500\r\n[    0.000000] clocksource: hyperv_clocksource: mask: 0xffffffffffffffff max_cycles: 0x24e6a1710, max_idle_ns: 440795202120 ns\r\n[    0.000000] tsc: Marking TSC unstable due to running on Hyper-V\r\n[    0.000000] e820: last_pfn = 0x150000 max_arch_pfn = 0x400000000\r\n[    0.000000] x86/PAT: Configuration [0-7]: WB  WC  UC- UC  WB  WC  UC- WT  \r\n[    0.000000] e820: last_pfn = 0x1fff0 max_arch_pfn = 0x400000000\r\n[    0.000000] found SMP MP-table at [mem 0x000ff780-0x000ff78f] mapped at [ffff8800000ff780]\r\n[    0.000000] Scanning 1 areas for low memory corruption\r\n[    0.000000] init_memory_mapping: [mem 0x00000000-0x000fffff]\r\n[    0.000000] init_memory_mapping: [mem 0x14fe00000-0x14fffffff]\r\n[    0.000000] init_memory_mapping: [mem 0x140000000-0x14fdfffff]\r\n[    0.000000] init_memory_mapping: [mem 0x120000000-0x13fffffff]\r\n[    0.000000] init_memory_mapping: [mem 0x00100000-0x1ffeffff]\r\n[    0.000000] init_memory_mapping: [mem 0x100000000-0x11fffffff]\r\n[    0.000000] RAMDISK: [mem 0x1d9ee000-0x1f7b1fff]\r\n[    0.000000] ACPI: Early table checksum verification disabled\r\n[    0.000000] ACPI: RSDP 0x00000000000F56F0 000014 (v00 ACPIAM)\r\n[    0.000000] ACPI: RSDT 0x000000001FFF0000 000040 (v01 VRTUAL MICROSFT 05001223 MSFT 00000097)\r\n[    0.000000] ACPI: FACP 0x000000001FFF0200 000081 (v02 VRTUAL MICROSFT 05001223 MSFT 00000097)\r\n[    0.000000] ACPI: DSDT 0x000000001FFF1724 002E78 (v01 MSFTVM MSFTVM02 00000002 INTL 02002026)\r\n[    0.000000] ACPI: FACS 0x000000001FFFF000 000040\r\n[    0.000000] ACPI: WAET 0x000000001FFF1480 000028 (v01 VRTUAL MICROSFT 05001223 MSFT 00000097)\r\n[    0.000000] ACPI: SLIC 0x000000001FFF14C0 000176 (v01 VRTUAL MICROSFT 05001223 MSFT 00000097)\r\n[    0.000000] ACPI: OEM0 0x000000001FFF16C0 000064 (v01 VRTUAL MICROSFT 05001223 MSFT 00000097)\r\n[    0.000000] ACPI: SRAT 0x000000001FFF0600 000090 (v02 VRTUAL MICROSFT 00000001 MSFT 00000001)\r\n[    0.000000] ACPI: APIC 0x000000001FFF0300 00024C (v01 VRTUAL MICROSFT 05001223 MSFT 00000097)\r\n[    0.000000] ACPI: OEMB 0x000000001FFFF040 000064 (v01 VRTUAL MICROSFT 05001223 MSFT 00000097)\r\n[    0.000000] SRAT: PXM 0 -> APIC 0x00 -> Node 0\r\n[    0.000000] SRAT: Node 0 PXM 0 [mem 0x00000000-0x1fffffff]\r\n[    0.000000] SRAT: Node 0 PXM 0 [mem 0x100000000-0x14fffffff]\r\n[    0.000000] NUMA: Node 0 [mem 0x00000000-0x1fffffff] + [mem 0x100000000-0x14fffffff] -> [mem 0x00000000-0x14fffffff]\r\n[    0.000000] NODE_DATA(0) allocated [mem 0x14fffa000-0x14fffefff]\r\n[    0.000000] Zone ranges:\r\n[    0.000000]   DMA      [mem 0x0000000000001000-0x0000000000ffffff]\r\n[    0.000000]   DMA32    [mem 0x0000000001000000-0x00000000ffffffff]\r\n[    0.000000]   Normal   [mem 0x0000000100000000-0x000000014fffffff]\r\n[    0.000000] Movable zone start for each node\r\n[    0.000000] Early memory node ranges\r\n[    0.000000]   node   0: [mem 0x0000000000001000-0x000000000009efff]\r\n[    0.000000]   node   0: [mem 0x0000000000100000-0x000000001ffeffff]\r\n[    0.000000]   node   0: [mem 0x0000000100000000-0x000000014fffffff]\r\n[    0.000000] Initmem setup node 0 [mem 0x0000000000001000-0x000000014fffffff]\r\n[    0.000000] ACPI: PM-Timer IO Port: 0x408\r\n[    0.000000] IOAPIC[0]: apic_id 0, version 17, address 0xfec00000, GSI 0-23\r\n[    0.000000] ACPI: INT_SRC_OVR (bus 0 bus_irq 0 global_irq 2 dfl dfl)\r\n[    0.000000] ACPI: INT_SRC_OVR (bus 0 bus_irq 9 global_irq 9 high level)\r\n[    0.000000] Using ACPI (MADT) for SMP configuration information\r\n[    0.000000] smpboot: Allowing 64 CPUs, 63 hotplug CPUs\r\n[    0.000000] PM: Registered nosave memory: [mem 0x00000000-0x00000fff]\r\n[    0.000000] PM: Registered nosave memory: [mem 0x0009f000-0x0009ffff]\r\n[    0.000000] PM: Registered nosave memory: [mem 0x000a0000-0x000dffff]\r\n[    0.000000] PM: Registered nosave memory: [mem 0x000e0000-0x000fffff]\r\n[    0.000000] PM: Registered nosave memory: [mem 0x1fff0000-0x1fffefff]\r\n[    0.000000] PM: Registered nosave memory: [mem 0x1ffff000-0x1fffffff]\r\n[    0.000000] PM: Registered nosave memory: [mem 0x20000000-0xffffffff]\r\n[    0.000000] e820: [mem 0x20000000-0xffffffff] available for PCI devices\r\n[    0.000000] Booting paravirtualized kernel on bare hardware\r\n[    0.000000] clocksource: refined-jiffies: mask: 0xffffffff max_cycles: 0xffffffff, max_idle_ns: 7645519600211568 ns\r\n[    0.000000] setup_percpu: NR_CPUS:256 nr_cpumask_bits:256 nr_cpu_ids:64 nr_node_ids:1\r\n[    0.000000] PERCPU: Embedded 33 pages/cpu @ffff88014ca00000 s96728 r8192 d30248 u262144\r\n[    0.000000] Built 1 zonelists in Node order, mobility grouping on.  Total pages: 451449\r\n[    0.000000] Policy zone: Normal\r\n[    0.000000] Kernel command line: BOOT_IMAGE=/boot/vmlinuz-4.2.0-27-generic root=UUID=00dbac90-0d84-46e7-b813-31837bb7b225 ro console=tty1 console=ttyS0 earlyprintk=ttyS0 rootdelay=300\r\n[    0.000000] log_buf_len individual max cpu contribution: 4096 bytes\r\n[    0.000000] log_buf_len total cpu_extra contributions: 258048 bytes\r\n[    0.000000] log_buf_len min size: 262144 bytes\r\n[    0.000000] log_buf_len: 524288 bytes\r\n[    0.000000] early log buf free: 252288(96%)\r\n[    0.000000] PID hash table entries: 4096 (order: 3, 32768 bytes)\r\n[    0.000000] Memory: 1683688K/1834552K available (8154K kernel code, 1238K rwdata, 3804K rodata, 1460K init, 1292K bss, 150864K reserved, 0K cma-reserved)\r\n[    0.000000] SLUB: HWalign=64, Order=0-3, MinObjects=0, CPUs=64, Nodes=1\r\n[    0.000000] Hierarchical RCU implementation.\r\n[    0.000000] \tBuild-time adjustment of leaf fanout to 64.\r\n[    0.000000] \tRCU restricting CPUs from NR_CPUS=256 to nr_cpu_ids=64.\r\n[    0.000000] RCU: Adjusting geometry for rcu_fanout_leaf=64, nr_cpu_ids=64\r\n[    0.000000] NR_IRQS:16640 nr_irqs:936 16\r\n[    0.000000] \tOffload RCU callbacks from all CPUs\r\n[    0.000000] \tOffload RCU callbacks from CPUs: 0-63.\r\n[    0.000000] Console: colour VGA+ 80x25\r\n[    0.000000] console [tty1] enabled\r\n[    0.000000] console [ttyS0] enabled\r\n[    0.000000] console [ttyS0] enabled\r\n[    0.000000] bootconsole [earlyser0] disabled\r\n[    0.000000] bootconsole [earlyser0] disabled\r\n[    0.000000] tsc: Fast TSC calibration failed\r\n[    0.000000] tsc: Unable to calibrate against PIT\r\n[    0.000000] tsc: using PMTIMER reference calibration\r\n[    0.000000] tsc: Detected 2397.214 MHz processor\r\n[    0.016028] Calibrating delay loop (skipped), value calculated using timer frequency.. 4794.42 BogoMIPS (lpj=9588856)\r\n[    0.017974] pid_max: default: 65536 minimum: 512\r\n[    0.018964] ACPI: Core revision 20150619\r\n[    0.021202] ACPI: All ACPI Tables successfully acquired\r\n[    0.023211] Security Framework initialized\r\n[    0.024047] AppArmor: AppArmor initialized\r\n[    0.024997] Yama: becoming mindful.\r\n[    0.025969] Dentry cache hash table entries: 262144 (order: 9, 2097152 bytes)\r\n[    0.028072] Inode-cache hash table entries: 131072 (order: 8, 1048576 bytes)\r\n[    0.029433] Mount-cache hash table entries: 4096 (order: 3, 32768 bytes)\r\n[    0.030664] Mountpoint-cache hash table entries: 4096 (order: 3, 32768 bytes)\r\n[    0.032071] Initializing cgroup subsys blkio\r\n[    0.033077] Initializing cgroup subsys memory\r\n[    0.034016] Initializing cgroup subsys devices\r\n[    0.034970] Initializing cgroup subsys freezer\r\n[    0.036013] Initializing cgroup subsys net_cls\r\n[    0.036966] Initializing cgroup subsys perf_event\r\n[    0.037945] Initializing cgroup subsys net_prio\r\n[    0.038894] Initializing cgroup subsys hugetlb\r\n[    0.040748] mce: CPU supports 1 MCE banks\r\n[    0.041726] Last level iTLB entries: 4KB 1024, 2MB 1024, 4MB 1024\r\n[    0.042772] Last level dTLB entries: 4KB 1024, 2MB 1024, 4MB 1024, 1GB 4\r\n[    0.069277] ftrace: allocating 30933 entries in 121 pages\r\n[    0.084099] Switched APIC routing to physical flat.\r\n[    0.099611] ..TIMER: vector=0x30 apic1=0 pin1=2 apic2=-1 pin2=-1\r\n[    0.100078] smpboot: CPU0: Intel(R) Xeon(R) CPU E5-2673 v3 @ 2.40GHz (fam: 06, model: 3f, stepping: 02)\r\n[    0.115194] Performance Events: unsupported p6 CPU model 63 no PMU driver, software events only.\r\n[    0.125077] x86: Booted up 1 node, 1 CPUs\r\n[    0.128004] smpboot: Total of 1 processors activated (4794.42 BogoMIPS)\r\n[    0.132006] NMI watchdog: disabled (cpu0): hardware events not enabled\r\n[    0.136003] NMI watchdog: Shutting down hard lockup detector on all cpus\r\n[    0.144126] devtmpfs: initialized\r\n[    0.149242] evm: security.selinux\r\n[    0.152001] evm: security.SMACK64\r\n[    0.156001] evm: security.SMACK64EXEC\r\n[    0.160000] evm: security.SMACK64TRANSMUTE\r\n[    0.164000] evm: security.SMACK64MMAP\r\n[    0.168001] evm: security.ima\r\n[    0.172000] evm: security.capability\r\n[    0.180025] PM: Registering ACPI NVS region [mem 0x1ffff000-0x1fffffff] (4096 bytes)\r\n[    0.184076] clocksource: jiffies: mask: 0xffffffff max_cycles: 0xffffffff, max_idle_ns: 7645041785100000 ns\r\n[    0.188156] pinctrl core: initialized pinctrl subsystem\r\n[    0.192287] RTC time:  2:34:39, date: 02/18/16\r\n[    0.196135] NET: Registered protocol family 16\r\n[    0.200141] cpuidle: using governor ladder\r\n[    0.204003] cpuidle: using governor menu\r\n[    0.208105] ACPI: bus type PCI registered\r\n[    0.212001] acpiphp: ACPI Hot Plug PCI Controller Driver version: 0.5\r\n[    0.216267] PCI: Using configuration type 1 for base access\r\n[    0.228411] ACPI: Added _OSI(Module Device)\r\n[    0.232002] ACPI: Added _OSI(Processor Device)\r\n[    0.236001] ACPI: Added _OSI(3.0 _SCP Extensions)\r\n[    0.240001] ACPI: Added _OSI(Processor Aggregator Device)\r\n[    0.245628] ACPI: Interpreter enabled\r\n[    0.248008] ACPI Exception: AE_NOT_FOUND, While evaluating Sleep State [\\_S1_] (20150619/hwxface-580)\r\n[    0.260003] ACPI Exception: AE_NOT_FOUND, While evaluating Sleep State [\\_S2_] (20150619/hwxface-580)\r\n[    0.272001] ACPI Exception: AE_NOT_FOUND, While evaluating Sleep State [\\_S3_] (20150619/hwxface-580)\r\n[    0.284008] ACPI Exception: AE_NOT_FOUND, While evaluating Sleep State [\\_S4_] (20150619/hwxface-580)\r\n[    0.295396] ACPI: (supports S0 S5)\r\n[    0.296002] ACPI: Using IOAPIC for interrupt routing\r\n[    0.300048] PCI: Using host bridge windows from ACPI; if necessary, use \"pci=nocrs\" and report a bug\r\n[    0.310756] ACPI: PCI Root Bridge [PCI0] (domain 0000 [bus 00-ff])\r\n[    0.312011] acpi PNP0A03:00: _OSC: OS supports [ASPM ClockPM Segments MSI]\r\n[    0.316007] acpi PNP0A03:00: _OSC failed (AE_NOT_FOUND); disabling ASPM\r\n[    0.320656] acpi PNP0A03:00: fail to add MMCONFIG information, can't access extended PCI configuration space under this bridge.\r\n[    0.324104] PCI host bridge to bus 0000:00\r\n[    0.328004] pci_bus 0000:00: root bus resource [bus 00-ff]\r\n[    0.332019] pci_bus 0000:00: root bus resource [mem 0xfe0000000-0xfffefffff window]\r\n[    0.336004] pci_bus 0000:00: root bus resource [io  0x0000-0x0cf7 window]\r\n[    0.340002] pci_bus 0000:00: root bus resource [io  0x0d00-0xffff window]\r\n[    0.344004] pci_bus 0000:00: root bus resource [mem 0x000a0000-0x000bffff window]\r\n[    0.348004] pci_bus 0000:00: root bus resource [mem 0x20000000-0xfffbffff window]\r\n[    0.357260] pci 0000:00:07.1: legacy IDE quirk: reg 0x10: [io  0x01f0-0x01f7]\r\n[    0.360004] pci 0000:00:07.1: legacy IDE quirk: reg 0x14: [io  0x03f6]\r\n[    0.364004] pci 0000:00:07.1: legacy IDE quirk: reg 0x18: [io  0x0170-0x0177]\r\n[    0.368002] pci 0000:00:07.1: legacy IDE quirk: reg 0x1c: [io  0x0376]\r\n[    0.372285] * Found PM-Timer Bug on the chipset. Due to workarounds for a bug,\r\n[    0.372285] * this clock source is slow. Consider trying other clock sources\r\n[    0.377151] pci 0000:00:07.3: quirk: [io  0x0400-0x043f] claimed by PIIX4 ACPI\r\n[    0.388391] ACPI: PCI Interrupt Link [LNKA] (IRQs 3 4 5 7 9 10 *11 12 14 15)\r\n[    0.410301] ACPI: PCI Interrupt Link [LNKB] (IRQs 3 4 5 7 9 10 11 12 14 15) *0, disabled.\r\n[    0.436151] ACPI: PCI Interrupt Link [LNKC] (IRQs 3 4 5 7 9 10 11 12 14 15) *0, disabled.\r\n[    0.457324] ACPI: PCI Interrupt Link [LNKD] (IRQs 3 4 5 7 9 10 11 12 14 15) *0, disabled.\r\n[    0.477215] ACPI: Enabled 1 GPEs in block 00 to 0F\r\n[    0.480141] vgaarb: setting as boot device: PCI:0000:00:08.0\r\n[    0.484000] vgaarb: device added: PCI:0000:00:08.0,decodes=io+mem,owns=io+mem,locks=none\r\n[    0.484003] vgaarb: loaded\r\n[    0.488003] vgaarb: bridge control possible 0000:00:08.0\r\n[    0.492211] SCSI subsystem initialized\r\n[    0.496097] ACPI: bus type USB registered\r\n[    0.500048] usbcore: registered new interface driver usbfs\r\n[    0.504015] usbcore: registered new interface driver hub\r\n[    0.508034] usbcore: registered new device driver usb\r\n[    0.512860] PCI: Using ACPI for IRQ routing\r\n[    0.516353] NetLabel: Initializing\r\n[    0.520002] NetLabel:  domain hash size = 128\r\n[    0.524007] NetLabel:  protocols = UNLABELED CIPSOv4\r\n[    0.528013] NetLabel:  unlabeled traffic allowed by default\r\n[    0.532109] clocksource: Switched to clocksource hyperv_clocksource\r\n[    0.551849] AppArmor: AppArmor Filesystem Enabled\r\n[    0.559164] pnp: PnP ACPI init\r\n[    0.565295] system 00:06: [io  0x01e0-0x01ef] has been reserved\r\n[    0.572353] system 00:06: [io  0x0160-0x016f] has been reserved\r\n[    0.580321] system 00:06: [io  0x0278-0x027f] has been reserved\r\n[    0.588954] system 00:06: [io  0x0378-0x037f] has been reserved\r\n[    0.599197] system 00:06: [io  0x0678-0x067f] has been reserved\r\n[    0.606362] system 00:06: [io  0x0778-0x077f] has been reserved\r\n[    0.613379] system 00:06: [io  0x04d0-0x04d1] has been reserved\r\n[    0.620566] system 00:07: [io  0x0400-0x043f] has been reserved\r\n[    0.627670] system 00:07: [io  0x0370-0x0371] has been reserved\r\n[    0.634619] system 00:07: [io  0x0440-0x044f] has been reserved\r\n[    0.642807] system 00:07: [mem 0xfec00000-0xfec00fff] could not be reserved\r\n[    0.651175] system 00:07: [mem 0xfee00000-0xfee00fff] has been reserved\r\n[    0.659587] system 00:08: [mem 0x00000000-0x0009ffff] could not be reserved\r\n[    0.667908] system 00:08: [mem 0x000c0000-0x000dffff] could not be reserved\r\n[    0.676249] system 00:08: [mem 0x000e0000-0x000fffff] could not be reserved\r\n[    0.685983] system 00:08: [mem 0x00100000-0x1fffffff] could not be reserved\r\n[    0.697556] system 00:08: [mem 0xfffc0000-0xffffffff] has been reserved\r\n[    0.706982] pnp: PnP ACPI: found 9 devices\r\n[    0.719041] clocksource: acpi_pm: mask: 0xffffff max_cycles: 0xffffff, max_idle_ns: 2085701024 ns\r\n[    0.737459] NET: Registered protocol family 2\r\n[    0.743766] TCP established hash table entries: 16384 (order: 5, 131072 bytes)\r\n[    0.753297] TCP bind hash table entries: 16384 (order: 6, 262144 bytes)\r\n[    0.761519] TCP: Hash tables configured (established 16384 bind 16384)\r\n[    0.769568] UDP hash table entries: 1024 (order: 3, 32768 bytes)\r\n[    0.778580] UDP-Lite hash table entries: 1024 (order: 3, 32768 bytes)\r\n[    0.786678] NET: Registered protocol family 1\r\n[    0.792794] pci 0000:00:00.0: Limiting direct PCI/PCI transfers\r\n[    0.800437] Trying to unpack rootfs image as initramfs...\r\n[    1.834644] Freeing initrd memory: 30480K (ffff88001d9ee000 - ffff88001f7b2000)\r\n[    1.845905] PCI-DMA: Using software bounce buffering for IO (SWIOTLB)\r\n[    1.855606] software IO TLB [mem 0x199ee000-0x1d9ee000] (64MB) mapped at [ffff8800199ee000-ffff88001d9edfff]\r\n[    1.870107] clocksource: tsc: mask: 0xffffffffffffffff max_cycles: 0x228def9c55d, max_idle_ns: 440795254404 ns\r\n[    1.883803] RAPL PMU detected, API unit is 2^-32 Joules, 3 fixed counters 10737418240 ms ovfl timer\r\n[    1.896122] hw unit of domain pp0-core 2^-0 Joules\r\n[    1.903692] hw unit of domain package 2^-0 Joules\r\n[    1.910388] hw unit of domain dram 2^-16 Joules\r\n[    1.917017] microcode: CPU0 sig=0x306f2, pf=0x1, revision=0xffffffff\r\n[    1.925842] microcode: Microcode Update Driver: v2.00 <tigran@aivazian.fsnet.co.uk>, Peter Oruba\r\n[    1.937582] Scanning for low memory corruption every 60 seconds\r\n[    1.946449] futex hash table entries: 16384 (order: 8, 1048576 bytes)\r\n[    1.955395] Initialise system trusted keyring\r\n[    1.962284] audit: initializing netlink subsys (disabled)\r\n[    1.969624] audit: type=2000 audit(1455762879.968:1): initialized\r\n[    1.978040] HugeTLB registered 2 MB page size, pre-allocated 0 pages\r\n[    1.987686] zpool: loaded\r\n[    1.991862] zbud: loaded\r\n[    1.995968] VFS: Disk quotas dquot_6.6.0\r\n[    2.001580] VFS: Dquot-cache hash table entries: 512 (order 0, 4096 bytes)\r\n[    2.011371] fuse init (API version 7.23)\r\n[    2.017163] Key type big_key registered\r\n[    2.022785] Key type asymmetric registered\r\n[    2.028994] Asymmetric key parser 'x509' registered\r\n[    2.035681] Block layer SCSI generic (bsg) driver version 0.4 loaded (major 249)\r\n[    2.045548] io scheduler noop registered\r\n[    2.051083] io scheduler deadline registered (default)\r\n[    2.058228] io scheduler cfq registered\r\n[    2.064539] pci_hotplug: PCI Hot Plug PCI Core version: 0.5\r\n[    2.072020] pciehp: PCI Express Hot Plug Controller Driver version: 0.4\r\n[    2.080908] input: Power Button as /devices/LNXSYSTM:00/LNXPWRBN:00/input/input0\r\n[    2.090666] ACPI: Power Button [PWRF]\r\n[    2.096055] GHES: HEST is not enabled!\r\n[    2.101462] Serial: 8250/16550 driver, 32 ports, IRQ sharing enabled\r\n[    2.165739] 00:03: ttyS0 at I/O 0x3f8 (irq = 4, base_baud = 115200) is a 16550A\r\n[    2.231173] 00:04: ttyS1 at I/O 0x2f8 (irq = 3, base_baud = 115200) is a 16550A\r\n[    2.242068] Linux agpgart interface v0.103\r\n[    2.255851] brd: module loaded\r\n[    2.262033] loop: module loaded\r\n[    2.267925] ata_piix 0000:00:07.1: Hyper-V Virtual Machine detected, ATA device ignore set\r\n[    2.280921] scsi host0: ata_piix\r\n[    2.285688] scsi host1: ata_piix\r\n[    2.290474] ata1: PATA max UDMA/33 cmd 0x1f0 ctl 0x3f6 bmdma 0xffa0 irq 14\r\n[    2.299578] ata2: PATA max UDMA/33 cmd 0x170 ctl 0x376 bmdma 0xffa8 irq 15\r\n[    2.309377] libphy: Fixed MDIO Bus: probed\r\n[    2.315693] tun: Universal TUN/TAP device driver, 1.6\r\n[    2.322490] tun: (C) 1999-2004 Max Krasnyansky <maxk@qualcomm.com>\r\n[    2.330768] PPP generic driver version 2.4.2\r\n[    2.336757] ehci_hcd: USB 2.0 'Enhanced' Host Controller (EHCI) Driver\r\n[    2.345641] ehci-pci: EHCI PCI platform driver\r\n[    2.351812] ehci-platform: EHCI generic platform driver\r\n[    2.359010] ohci_hcd: USB 1.1 'Open' Host Controller (OHCI) Driver\r\n[    2.367671] ohci-pci: OHCI PCI platform driver\r\n[    2.374563] ohci-platform: OHCI generic platform driver\r\n[    2.381708] uhci_hcd: USB Universal Host Controller Interface driver\r\n[    2.390177] i8042: PNP: PS/2 Controller [PNP0303:PS2K,PNP0f03:PS2M] at 0x60,0x64 irq 1,12\r\n[    2.402830] serio: i8042 KBD port at 0x60,0x64 irq 1\r\n[    2.409932] serio: i8042 AUX port at 0x60,0x64 irq 12\r\n[    2.416675] mousedev: PS/2 mouse device common for all mice\r\n[    2.423965] rtc_cmos 00:00: RTC can wake from S4\r\n[    2.470798] input: AT Translated Set 2 keyboard as /devices/platform/i8042/serio0/input/input1\r\n[    2.486411] ata2.00: ATAPI: Virtual CD, , max MWDMA2\r\n[    2.496819] ata2.00: configured for MWDMA2\r\n[    2.504251] scsi 1:0:0:0: CD-ROM            Msft     Virtual CD/ROM   1.0  PQ: 0 ANSI: 5\r\n[    2.517501] sr 1:0:0:0: [sr0] scsi3-mmc drive: 0x/0x tray\r\n[    2.526868] cdrom: Uniform CD-ROM driver Revision: 3.20\r\n[    2.535531] rtc_cmos 00:00: rtc core: registered rtc_cmos as rtc0\r\n[    2.544549] rtc_cmos 00:00: alarms up to one month, 114 bytes nvram\r\n[    2.553625] sr 1:0:0:0: Attached scsi generic sg0 type 5\r\n[    2.561122] i2c /dev entries driver\r\n[    2.566382] device-mapper: uevent: version 1.0.3\r\n[    2.573726] device-mapper: ioctl: 4.33.0-ioctl (2015-8-18) initialised: dm-devel@redhat.com\r\n[    2.584483] ledtrig-cpu: registered to indicate activity on CPUs\r\n[    2.592642] PCCT header not found.\r\n[    2.597742] NET: Registered protocol family 10\r\n[    2.604274] NET: Registered protocol family 17\r\n[    2.610574] Key type dns_resolver registered\r\n[    2.616697] Loading compiled-in X.509 certificates\r\n[    2.624130] Loaded X.509 cert 'Build time autogenerated kernel key: 9421ce78f7dd6932d7a71d3bab89bb036afa29eb'\r\n[    2.636922] registered taskstats version 1\r\n[    2.642683] zswap: loading zswap\r\n[    2.647974] zswap: using zbud pool\r\n[    2.653747] zswap: using lzo compressor\r\n[    2.660858] Key type trusted registered\r\n[    2.675387] Key type encrypted registered\r\n[    2.681581] AppArmor: AppArmor sha1 policy hashing enabled\r\n[    2.689407] ima: No TPM chip found, activating TPM-bypass!\r\n[    2.697794] evm: HMAC attrs: 0x1\r\n[    2.703542]   Magic number: 4:565:561\r\n[    2.709721] rtc_cmos 00:00: setting system clock to 2016-02-18 02:34:41 UTC (1455762881)\r\n[    2.721468] BIOS EDD facility v0.16 2004-Jun-25, 0 devices found\r\n[    2.730838] EDD information not available.\r\n[    2.748208] Freeing unused kernel memory: 1460K (ffffffff81d37000 - ffffffff81ea4000)\r\n[    2.759481] Write protecting the kernel read-only data: 12288k\r\n[    2.767815] Freeing unused kernel memory: 24K (ffff8800017fa000 - ffff880001800000)\r\n[    2.784646] Freeing unused kernel memory: 292K (ffff880001bb7000 - ffff880001c00000)\r\nLoading, please wait...\r\nstarting version 225\r\n[    2.823467] random: udevadm urandom read with 3 bits of entropy available\r\n[    2.940400] clocksource: hyperv_clocksource_tsc_page: mask: 0xffffffffffffffff max_cycles: 0x24e6a1710, max_idle_ns: 440795202120 ns\r\n[    2.989492] Floppy drive(s): fd0 is 1.44M\r\n[    3.027731] clocksource: Switched to clocksource hyperv_clocksource_tsc_page\r\n[    3.041129] FDC 0 is an 82078.\r\n[    3.088990] hv_vmbus: Hyper-V Host Build:9600-6.3-18-0.18190; Vmbus version:3.0\r\n[    3.129983] AVX2 version of gcm_enc/dec engaged.\r\n[    3.137281] AES CTR mode by8 optimization enabled\r\n[    3.264584] hv_vmbus: registering driver hv_storvsc\r\n[    3.274974] hidraw: raw HID events driver (C) Jiri Kosina\r\n[    3.285455] hv_utils: Registering HyperV Utility Driver\r\n[    3.293054] hv_vmbus: registering driver hv_util\r\n[    3.311376] hv_vmbus: registering driver hid_hyperv\r\n[    3.324784] scsi host2: storvsc_host_t\r\n[    3.330871] scsi 2:0:0:0: Direct-Access     Msft     Virtual Disk     1.0  PQ: 0 ANSI: 4\r\n[    3.342311] sd 2:0:0:0: Attached scsi generic sg1 type 0\r\n[    3.349929] sd 2:0:0:0: [sda] 61440000 512-byte logical blocks: (31.4 GB/29.2 GiB)\r\n[    3.360898] sd 2:0:0:0: [sda] Write Protect is off\r\n[    3.367888] sd 2:0:0:0: [sda] Write cache: enabled, read cache: enabled, supports DPO and FUA\r\n[    3.382205] hv_vmbus: registering driver hv_netvsc\r\n[    3.390935] input: Microsoft Vmbus HID-compliant Mouse as /devices/0006:045E:0621.0001/input/input4\r\n[    3.405562] hid-generic 0006:045E:0621.0001: input: <UNKNOWN> HID v0.01 Mouse [Microsoft Vmbus HID-compliant Mouse] on \r\n[    3.419581] psmouse serio1: trackpoint: failed to get extended button data\r\n[    3.429372]  sda: sda1\r\n[    3.433823] sd 2:0:0:0: [sda] Attached SCSI disk\r\n[    3.441087] scsi host3: storvsc_host_t\r\n[    3.446701] scsi 3:0:1:0: Direct-Access     Msft     Virtual Disk     1.0  PQ: 0 ANSI: 4\r\n[    3.457519] sd 3:0:1:0: Attached scsi generic sg2 type 0\r\n[    3.465196] sd 3:0:1:0: [sdb] 146800640 512-byte logical blocks: (75.1 GB/70.0 GiB)\r\n[    3.475905] sd 3:0:1:0: [sdb] Write Protect is off\r\n[    3.483731] sd 3:0:1:0: [sdb] Write cache: enabled, read cache: enabled, supports DPO and FUA\r\n[    3.496355] hv_netvsc: hv_netvsc channel opened successfully\r\n[    3.509336]  sdb: sdb1\r\n[    3.514668] sd 3:0:1:0: [sdb] Attached SCSI disk\r\n[    3.657779] hv_netvsc vmbus_16: Send section size: 6144, Section count:2560\r\n[    3.668440] hv_netvsc vmbus_16: Device MAC 00:0d:3a:a0:d4:29 link state up\r\n[    3.688741] scsi host4: storvsc_host_t\r\n[    3.696228] scsi 4:0:0:0: scsi scan: INQUIRY result too short (5), using 36\r\n[    3.706322] scsi 4:0:0:1: scsi scan: INQUIRY result too short (5), using 36\r\n[    3.716070] scsi 4:0:1:0: scsi scan: INQUIRY result too short (5), using 36\r\n[    3.725479] scsi 4:0:1:1: scsi scan: INQUIRY result too short (5), using 36\r\n[    3.734987] scsi host5: storvsc_host_t\r\n[    3.740294] scsi 4:1:0:0: scsi scan: INQUIRY result too short (5), using 36\r\n[    3.750025] scsi 5:0:0:0: scsi scan: INQUIRY result too short (5), using 36\r\n[    3.759157] scsi 4:1:0:1: scsi scan: INQUIRY result too short (5), using 36\r\n[    3.768508] scsi 5:0:0:1: scsi scan: INQUIRY result too short (5), using 36\r\n[    3.777564] scsi 4:1:1:0: scsi scan: INQUIRY result too short (5), using 36\r\n[    3.787130] scsi 5:0:1:0: scsi scan: INQUIRY result too short (5), using 36\r\n[    3.796989] scsi 4:1:1:1: scsi scan: INQUIRY result too short (5), using 36\r\n[    3.806132] scsi 5:0:1:1: scsi scan: INQUIRY result too short (5), using 36\r\n[    3.815331] scsi 4:2:0:0: scsi scan: INQUIRY result too short (5), using 36\r\n[    3.824563] scsi 5:1:0:0: scsi scan: INQUIRY result too short (5), using 36\r\n[    3.833773] scsi 4:2:0:1: scsi scan: INQUIRY result too short (5), using 36\r\n[    3.843093] scsi 5:1:0:1: scsi scan: INQUIRY result too short (5), using 36\r\n[    3.852052] scsi 4:2:1:0: scsi scan: INQUIRY result too short (5), using 36\r\n[    3.861348] scsi 5:1:1:0: scsi scan: INQUIRY result too short (5), using 36\r\n[    3.870427] scsi 4:2:1:1: scsi scan: INQUIRY result too short (5), using 36\r\n[    3.879675] scsi 5:1:1:1: scsi scan: INQUIRY result too short (5), using 36\r\n[    3.888809] scsi 4:3:0:0: scsi scan: INQUIRY result too short (5), using 36\r\n[    3.898806] scsi 5:2:0:0: scsi scan: INQUIRY result too short (5), using 36\r\n[    3.908343] scsi 4:3:0:1: scsi scan: INQUIRY result too short (5), using 36\r\n[    3.917671] scsi 5:2:0:1: scsi scan: INQUIRY result too short (5), using 36\r\n[    3.926894] scsi 4:3:1:0: scsi scan: INQUIRY result too short (5), using 36\r\n[    3.936132] scsi 5:2:1:0: scsi scan: INQUIRY result too short (5), using 36\r\n[    3.945127] scsi 4:3:1:1: scsi scan: INQUIRY result too short (5), using 36\r\n[    3.954436] scsi 5:2:1:1: scsi scan: INQUIRY result too short (5), using 36\r\n[    3.963453] scsi 4:4:0:0: scsi scan: INQUIRY result too short (5), using 36\r\n[    3.972764] scsi 5:3:0:0: scsi scan: INQUIRY result too short (5), using 36\r\n[    3.981864] scsi 4:4:0:1: scsi scan: INQUIRY result too short (5), using 36\r\n[    3.991017] scsi 5:3:0:1: scsi scan: INQUIRY result too short (5), using 36\r\n[    4.000944] scsi 4:4:1:0: scsi scan: INQUIRY result too short (5), using 36\r\n[    4.010067] scsi 5:3:1:0: scsi scan: INQUIRY result too short (5), using 36\r\n[    4.019522] scsi 4:4:1:1: scsi scan: INQUIRY result too short (5), using 36\r\n[    4.029116] scsi 5:3:1:1: scsi scan: INQUIRY result too short (5), using 36\r\n[    4.038349] scsi 4:5:0:0: scsi scan: INQUIRY result too short (5), using 36\r\n[    4.047719] scsi 5:4:0:0: scsi scan: INQUIRY result too short (5), using 36\r\n[    4.056711] scsi 4:5:0:1: scsi scan: INQUIRY result too short (5), using 36\r\n[    4.067047] scsi 5:4:0:1: scsi scan: INQUIRY result too short (5), using 36\r\n[    4.076348] scsi 4:5:1:0: scsi scan: INQUIRY result too short (5), using 36\r\n[    4.085717] scsi 5:4:1:0: scsi scan: INQUIRY result too short (5), using 36\r\n[    4.094929] scsi 4:5:1:1: scsi scan: INQUIRY result too short (5), using 36\r\n[    4.104978] scsi 5:4:1:1: scsi scan: INQUIRY result too short (5), using 36\r\n[    4.114040] scsi 4:6:0:0: scsi scan: INQUIRY result too short (5), using 36\r\n[    4.123101] scsi 5:5:0:0: scsi scan: INQUIRY result too short (5), using 36\r\n[    4.131197] scsi 4:6:0:1: scsi scan: INQUIRY result too short (5), using 36\r\n[    4.139622] scsi 5:5:0:1: scsi scan: INQUIRY result too short (5), using 36\r\n[    4.147752] scsi 4:6:1:0: scsi scan: INQUIRY result too short (5), using 36\r\n[    4.156609] scsi 5:5:1:0: scsi scan: INQUIRY result too short (5), using 36\r\n[    4.164825] scsi 4:6:1:1: scsi scan: INQUIRY result too short (5), using 36\r\n[    4.173266] scsi 5:5:1:1: scsi scan: INQUIRY result too short (5), using 36\r\n[    4.181331] scsi 4:7:0:0: scsi scan: INQUIRY result too short (5), using 36\r\n[    4.189694] scsi 5:6:0:0: scsi scan: INQUIRY result too short (5), using 36\r\n[    4.197754] scsi 4:7:0:1: scsi scan: INQUIRY result too short (5), using 36\r\n[    4.206868] scsi 5:6:0:1: scsi scan: INQUIRY result too short (5), using 36\r\n[    4.215144] scsi 4:7:1:0: scsi scan: INQUIRY result too short (5), using 36\r\n[    4.223477] scsi 5:6:1:0: scsi scan: INQUIRY result too short (5), using 36\r\n[    4.231726] scsi 4:7:1:1: scsi scan: INQUIRY result too short (5), using 36\r\n[    4.240031] scsi 5:6:1:1: scsi scan: INQUIRY result too short (5), using 36\r\n[    4.248340] scsi 5:7:0:0: scsi scan: INQUIRY result too short (5), using 36\r\n[    4.256504] scsi 5:7:0:1: scsi scan: INQUIRY result too short (5), using 36\r\n[    4.264819] scsi 5:7:1:0: scsi scan: INQUIRY result too short (5), using 36\r\n[    4.273054] scsi 5:7:1:1: scsi scan: INQUIRY result too short (5), using 36\r\nBegin: Loading essential drivers ... done.\r\r\nBegin: Running /scripts/init-premount ... done.\r\r\nBegin: Mounting root file system ... Begin: Running /scripts/local-top ... done.\r\r\nBegin: Running /scripts/local-premount ... done.\r\r\nBegin: Checking root file system ... fsck from util-linux 2.26.2\r\r\ncloudimg-rootfs: clean, 73595/244736 files, 351302/524032 blocks\r\r\ndone.\r\r\n[    5.804210] EXT4-fs (sda1): mounted filesystem with ordered data mode. Opts: (null)\r\ndone.\r\r\nBegin: Running /scripts/local-bottom ... done.\r\r\nBegin: Running /scripts/init-bottom ... Warning: overlayroot: debug is busted\r\r\ndone.\r\r\n[    7.010517] random: nonblocking pool is initialized\r\n[    7.481386] systemd[1]: Failed to insert module 'kdbus': Function not implemented\r\n[    8.014815] systemd[1]: systemd 225 running in system mode. (+PAM +AUDIT +SELINUX +IMA +APPARMOR +SMACK +SYSVINIT +UTMP +LIBCRYPTSETUP +GCRYPT +GNUTLS +ACL +XZ -LZ4 +SECCOMP +BLKID -ELFUTILS +KMOD -IDN)\r\n[    8.049184] systemd[1]: Detected virtualization microsoft.\r\n[    8.059387] systemd[1]: Detected architecture x86-64.\r\n\r\r\nWelcome to \u001b[1mUbuntu 15.10\u001b[0m!\r\r\n\r\r\n[    8.129690] systemd[1]: Set hostname to <ubuntu>.\r\n[    8.142009] systemd[1]: Initializing machine ID from random generator.\r\n[    8.152284] systemd[1]: Installed transient /etc/machine-id file.\r\n[    8.268091] psmouse serio1: trackpoint: IBM TrackPoint firmware: 0x01, buttons: 0/0\r\n[    8.282551] input: TPPS/2 IBM TrackPoint as /devices/platform/i8042/serio1/input/input3\r\netc-machine\\x2did.mount\r\r\n-.mount\r[    8.953156] systemd[1]: sshd-keygen.service: Cannot add dependency job, ignoring: Unit sshd-keygen.service failed to load: No such file or directory.\r\n\r\n[    8.974020] systemd[1]: sshd-keygen.service: Cannot add dependency job, ignoring: Unit sshd-keygen.service failed to load: No such file or directory.\r\n[    8.993796] systemd[1]: display-manager.service: Cannot add dependency job, ignoring: Unit display-manager.service failed to load: No such file or directory.\r\n[    9.013894] systemd[1]: Time has been changed\r\n[    9.020242] systemd[1]: Created slice Root Slice.\r\n[\u001b[32m  OK  \u001b[0m[    9.031140] systemd[1]: Set up automount Arbitrary Executable File Formats File System Automount Point.\r\n] Created slice Root Slice.\r\r\n[\u001b[32m  OK  \u001b[0m[    9.052736] systemd[1]: Started Forward Password Requests to Wall Directory Watch.\r\n] Set up automount Arbitrary Executab...ats File System Automount Point.\r\r\n[\u001b[32m  OK  \u001b[0m[    9.075561] systemd[1]: Listening on Journal Socket (/dev/log).\r\n] Started Forward Password Requests to Wall Directory Watch.\r\r\n[    9.092524] systemd[1]: Created slice User and Session Slice.\r\n[\u001b[32m  OK  \u001b[0m] Listening on Journal Socket (/dev/log).\r\r\n[\u001b[32m  OK  \u001b[0m[    9.110263] systemd[1]: Listening on udev Kernel Socket.\r\n] Created slice User and Session Slice.\r\r\n[[    9.123000] systemd[1]: Listening on udev Control Socket.\r\n\u001b[32m  OK  \u001b[0m] Listening on udev Kernel Socket.\r\r\n[\u001b[32m  OK  \u001b[0m[    9.137926] systemd[1]: Reached target Swap.\r\n] Listening on udev Control Socket.\r\r\n[    9.148034] systemd[1]: Listening on /dev/initctl Compatibility Named Pipe.\r\n[\u001b[32m  OK  \u001b[0m] Reached target Swap.\r\r\n[\u001b[32m  OK  \u001b[0m]
[    9.165754] systemd[1]: Reached target Remote File Systems (Pre).\r\nListening on /dev/initctl Compatibility Named Pipe.\r\r\n[\u001b[32m  OK  \u001b[0m]
[    9.186518] systemd[1]: Reached target User and Group Name Lookups.\r\nReached target Remote File Systems (Pre).\r\r\n[\u001b[32m  OK  \u001b[0m[    9.203476] systemd[1]: Listening on Journal Audit Socket.\r\n] Reached target User and Group Name Lookups.\r\r\n[\u001b[32m  OK  \u001b[0m[    9.219893] systemd[1]: Listening on Journal Socket.\r\n] Listening on Journal Audit Socket.\r\r\n[\u001b[32m  OK  \u001b[0m[    9.235498] systemd[1]: Created slice System Slice.\r\n] Listening on Journal Socket.\r\r\n[\u001b[32m  OK  \u001b[0m[    9.249292] systemd[1]: Reached target Slices.\r\n] Created slice System Slice.\r\r\n[\u001b[32m  OK  \u001b[0m[    9.262945] systemd[1]: Mounting Huge Pages File System...\r\n] Reached target Slices.\r\r\n         Mounting Huge Pages File System...[    9.280831] systemd[1]: Starting Increase datagram queue length...\r\n\r\r\n         Starting Increase datagram queue length...[    9.300721] systemd[1]: Starting udev Coldplug all Devices...\r\n\r\r\n         Starting udev Coldplug all Devices...\r\r\n[    9.332201] systemd[1]: Mounting POSIX Message Queue File System...\r\n         Mounting POSIX Message Queue File System...[    9.347569] systemd[1]: Starting Remount Root and Kernel File Systems...\r\n\r\r\n         Starting Remount Root and Kernel File Systems...[    9.365317] systemd[1]: Created slice system-getty.slice.\r\n\r\r\n[\u001b[32m  OK  \u001b[0m[    9.378153] systemd[1]: Mounting Debug File System...\r\n] Created slice system-getty.slice.\r\r\n         Mounting Debug File System...[    9.394179] systemd[1]: Created slice system-serial\\x2dgetty.slice.\r\n\r\r\n[\u001b[32m  OK  \u001b[0m] Created slice system-serial\\x2dgetty.slice.\r[    9.424894] systemd[1]: Starting Setup Virtual Console...\r\n[    9.435134] EXT4-fs (sda1): re-mounted. Opts: discard\r\n\r\n         Starting Setup Virtual Console...[    9.456130] systemd[1]: Starting Uncomplicated firewall...\r\n\r\r\n         Starting Uncomplicated firewall...\r\r\n[    9.500050] systemd[1]: Starting Load Kernel Modules...\r\n         Starting Load Kernel Modules...[    9.512595] systemd[1]: Reached target Encrypted Volumes.\r\n\r\r\n[\u001b[32m  OK  \u001b[0m]
[    9.526825] systemd[1]: Starting Create list of required static device nodes for the current kernel...\r\nReached target Encrypted Volumes.\r\r\n         Starting Create list of required st... nodes for the current kernel...[    9.556699] systemd[1]: Mounted Debug File System.\r\n\r\r\n[\u001b[32m  OK  \u001b[0m[    9.568074] systemd[1]: Mounted POSIX Message Queue File System.\r\n] Mounted Debug File System.\r\r\nsys-kernel-debug.mount\r[    9.584300] systemd[1]: Mounted Huge Pages File System.\r\n\r\n[\u001b[32m  OK  \u001b[0m] Mounted POSIX Message Queue File System.\r[    9.599679] systemd[1]: Started Increase datagram queue length.\r\n\r\n[\u001b[32m  OK  \u001b[0m] Mounted Huge Pages File System.\r\r\ndev-mqueue.mount\r\r\n[\u001b[32m  OK  \u001b[0m] Started Increase datagram queue length.\r[    9.624919] systemd[1]: Started Remount Root and Kernel File Systems.\r\n\r\ndev-hugepages.mount\r[    9.640533] systemd[1]: Started Setup Virtual Console.\r\n\r\n[\u001b[32m  OK  \u001b[0m] Started Remount Root and Kernel File Systems.\r[    9.661277] systemd[1]: Started Uncomplicated firewall.\r\n\r\n[\u001b[32m  OK  \u001b[0m] Started Setup Virtual Console.\r[    9.693627] systemd[1]: Started Load Kernel Modules.\r\n\r\nsystemd-setup-dgram-qlen.service[    9.718344] systemd[1]: Started Create list of required static device nodes for the current kernel.\r\n\r\r\n[\u001b[32m  OK  \u001b[0m] Started Uncomplicated firewall.\r\r\n[\u001b[32m  OK  \u001b[0m] Started Load Kernel Modules.\r[    9.745820] systemd[1]: Started udev Coldplug all Devices.\r\n\r\nsystemd-remount-fs.service\r\r\n[\u001b[32m  OK  \u001b[0m] Started Create list of required sta...ce nodes for the current kernel.\r\r\nsystemd-vconsole-setup.service\r\r\n[\u001b[32m  OK  \u001b[0m] Started udev Coldplug all Devices.\r[    9.801701] systemd[1]: Starting Create Static Device Nodes in /dev...\r\n\r\nufw.service\r\r\nsystemd-modules-load.service\r\r\nkmod-static-nodes.service\r[    9.825476] systemd[1]: Starting Apply Kernel Variables...\r\n\r\nsystemd-udev-trigger.service\r\r\n         Starting Create Static Device Nodes in /dev...\r[    9.843993] systemd[1]: Mounting FUSE Control File System...\r\n\r\n         Starting Apply Kernel Variables...\r\r\n[    9.858525] systemd[1]: Starting Ensure /etc/mtab is a symlink to /proc/mounts...\r\n         Mounting FUSE Control File System...\r\r\n         Starting Ensure /etc/mtab is a symlink to /proc/mounts...\r\r\n[    9.884110] systemd[1]: Starting Load/Save Random Seed...\r\n         Starting Load/Save Random Seed...[    9.897247] systemd[1]: Listening on Syslog Socket.\r\n\r\r\n[\u001b[32m  OK  \u001b[0m]
[    9.911510] systemd[1]: Starting Journal Service...\r\nListening on Syslog Socket.\r\r\n         Starting Journal Service...\r\r\n[    9.931604] systemd[1]: Mounted FUSE Control File System.\r\n[\u001b[32m  OK  \u001b[0m]
[    9.942992] systemd[1]: Started Ensure /etc/mtab is a symlink to /proc/mounts.\r\nMounted FUSE Control File System.\r\r\nsys-fs-fuse-connections.mount\r\r\n[\u001b[32m  OK  \u001b[0m[    9.964604] systemd[1]: Started Load/Save Random Seed.\r\n] Started Ensure /etc/mtab is a symlink to /proc/mounts.\r\r\ndebian-fixup.service\r\r\n[\u001b[32m  OK  \u001b[0m] Started Load/Save Random Seed.\r\r\n[\u001b[32m  OK  \u001b[0m] Started Apply Kernel Variables.\r\r\nsystemd-random-seed.service\r\r\nsystemd-sysctl.service\r\r\n[\u001b[32m  OK  \u001b[0m] Started Journal Service.\r\r\n         Starting Flush Journal to Persistent Storage...\r\r\nsystemd-journald.service\r\r\n[\u001b[32m  OK  \u001b[0m] Started Create Static Device Nodes in /dev.\r\r\n         Starting udev Kernel Device Manager...\r\r\nsystemd-tmpfiles-setup-dev.service\r\r\n[\u001b[32m  OK  \u001b[0m] Started Flush Journal to Persistent Storage.\r\r\nsystemd-journal-flush.service\r\r\n[\u001b[32m  OK  \u001b[0m] Started udev Kernel Device Manager.\r\r\n[\u001b[32m  OK  \u001b[0m] Reached target Local File Systems (Pre).\r\r\nsystemd-udevd.service\r\r\n         Mounting /etc/network/interfaces.dynamic.d...\r\r\n[\u001b[32m  OK  \u001b[0m] Mounted /etc/network/interfaces.dynamic.d.\r\r\n[\u001b[32m  OK  \u001b[0m] Reached target Local File Systems.\r\r\n         Starting Create Volatile Files and Directories...\r\r\n         Starting LSB: AppArmor initialization...\r\r\netc-network-interfaces.dynamic.d.mount\r\r\n         Starting Wait for all \"auto\" /etc/n... up for network-online.target...\r\r\n         Starting Clean up any mess left by 0dns-up...\r\r\n         Starting Commit a transient machine-id on disk...\r\r\n         Starting Tell Plymouth To Write Out Runtime Data...\r\r\n[\u001b[32m  OK  \u001b[0m] Reached target Remote File Systems.\r\r\n         Starting Set console keymap...\r\r\n[\u001b[32m  OK  \u001b[0m] Started Create Volatile Files and Directories.\r\r\n         Starting Update UTMP about System Boot/Shutdown...\r\r\n         Starting Network Time Synchronization...\r\r\n[\u001b[32m  OK  \u001b[0m] Started Commit a transient machine-id on disk.\r\r\n[\u001b[32m  OK  \u001b[0m] Started Update UTMP about System Boot/Shutdown.\r\r\nsystemd-tmpfiles-setup.service\r\r\nsystemd-machine-id-commit.service\r\r\nsystemd-update-utmp.service\r\r\n[\u001b[32m  OK  \u001b[0m] Started Tell Plymouth To Write Out Runtime Data.\r\r\n[\u001b[32m  OK  \u001b[0m] Started Clean up any mess left by 0dns-up.\r\r\n         Starting Nameserver information manager...\r\r\n[\u001b[32m  OK  \u001b[0m] Started Nameserver information manager.\r\r\nresolvconf.service\r\r\n[\u001b[32m  OK  \u001b[0m] Started Network Time Synchronization.\r\r\n[\u001b[32m  OK  \u001b[0m] Reached target System Time Synchronized.\r\r\nsystemd-timesyncd.service\r\r\n[\u001b[32m  OK  \u001b[0m] Started Set console keymap.\r\r\n[   10.998799] piix4_smbus 0000:00:07.3: SMBus base address uninitialized - upgrade BIOS or use force_addr=0xaddr\r\n[\u001b[32m  OK  \u001b[0m] Found device /dev/ttyS0.\r\r\n[   11.490458] intel_rapl: no valid rapl domains found in package 0\r\n[\u001b[32m  OK  \u001b[0m] Created slice system-ifup.slice.\r\r\n[\u001b[32m  OK  \u001b[0m] Found device /sys/subsystem/net/devices/eth0.\r\r\n[\u001b[32m  OK  \u001b[0m] Started LSB: AppArmor initialization.\r\r\n[\u001b[32m  OK  \u001b[0m] Started ifup for eth0.\r\r\n         Starting LSB: Raise network interfaces....\r\r\napparmor.service\r\r\nifup@eth0.service\r\r\n[\u001b[32m  OK  \u001b[0m] Started Wait for all \"auto\" /etc/ne...be up for network-online.target.\r\r\n[\u001b[32m  OK  \u001b[0m] Started LSB: Raise network interfaces..\r\r\n[\u001b[32m  OK  \u001b[0m] Reached target Network.\r\r\n[\u001b[32m  OK  \u001b[0m] Reached target Network is Online.\r\r\n[\u001b[32m  OK  \u001b[0m] Reached target System Initialization.\r\r\n[\u001b[32m  OK  \u001b[0m] Started Trigger resolvconf update for networkd DNS.\r\r\n[\u001b[32m  OK  \u001b[0m] Reached target Paths.\r\r\n[\u001b[32m  OK  \u001b[0m] Listening on UUID daemon activation socket.\r\r\n         Starting lxd-unix.socket.\r\r\n[\u001b[32m  OK  \u001b[0m] Listening on ACPID Listen Socket.\r\r\n[\u001b[32m  OK  \u001b[0m] Started Daily Cleanup of Temporary Directories.\r\r\n[\u001b[32m  OK  \u001b[0m] Reached target Timers.\r\r\n[\u001b[32m  OK  \u001b[0m] Listening on D-Bus System Message Bus Socket.\r\r\n         Starting Seed the pseudo random number generator on first boot...\r\r\n[\u001b[32m  OK  \u001b[0m] Listening on lxd-unix.socket.\r\r\n[\u001b[32m  OK  \u001b[0m] Reached target Sockets.\r\r\n[\u001b[32m  OK  \u001b[0m] Reached target Basic System.\r\r\n         Starting /etc/rc.local Compatibility...\r\r\nifup-wait-all-auto.service\r\r\n         Starting Restore /etc/resolv.conf i...e the ppp link was shut down....\r\r\n[\u001b[32m  OK  \u001b[0m] Started Hyper-V KVP Protocol Daemon.\r\r\n[\u001b[32m  OK  \u001b[0m] Started D-Bus System Message Bus.\r\r\nnetworking.service\r\r\nhv-kvp-daemon.service\r\r\ndbus.service\r\r\n[\u001b[32m  OK  \u001b[0m] Started Regular background program processing daemon.\r\r\n[\u001b[32m  OK  \u001b[0m] Started Cgroup management daemon.\r\r\n         Starting Initial cloud-init job (pre-networking)...\r\r\n         Starting LSB: daemon to balance interrupts for SMP systems...\r\r\n         Starting Login Service...\r\r\n         Starting Thermal Daemon Service...\r\r\n         Starting LSB: Record successful boot for GRUB...\r\r\n         Starting LSB: Starts the Micro Name Service Cache Daemon...\r\r\n         Starting Accounts Service...\r\r\n[\u001b[32m  OK  \u001b[0m] Started Hyper-V VSS Protocol Daemon.\r\r\ncron.service\r\r\n[\u001b[32m  OK  \u001b[0m] Started Deferred execution scheduler.\r\r\n         Starting LSB: Set the CPU Frequency Scaling governor to \"ondemand\"...\r\r\n         Starting LSB: automatic crash report generation...\r\r\n         Starting LXC network bridge setup...\r\r\n         Starting System Logging Service...\r\r\n[\u001b[32m  OK  \u001b[0m] Started FUSE filesystem for LXC.\r\r\n[\u001b[32m  OK  \u001b[0m] Started Hyper-V File Copy Protocol Daemon.\r\r\n[\u001b[32m  OK  \u001b[0m] Started /etc/rc.local Compatibility.\r\r\n[\u001b[32m  OK  \u001b[0m] Started Restore /etc/resolv.conf if...ore the ppp link was shut down..\r\r\n[\u001b[32m  OK  \u001b[0m] Started LSB: Set the CPU Frequency Scaling governor to \"ondemand\".\r\r\ncgmanager.service\r\r\n[\u001b[32m  OK  \u001b[0m] Started Login Service.\r\r\n[\u001b[32m  OK  \u001b[0m] Started LSB: automatic crash report generation.\r\r\n[\u001b[32m  OK  \u001b[0m] Started LSB: Starts the Micro Name Service Cache Daemon.\r\r\n[\u001b[32m  OK  \u001b[0m] Started LSB: daemon to balance interrupts for SMP systems.\r\r\nhv-vss-daemon.service\r\r\natd.service\r\r\nlxcfs.service\r\r\nhv-fcopy-daemon.service\r\r\nrc-local.service\r\r\nrun-cgmanager-fs.mount\r\r\nondemand.service\r\r\nsystemd-logind.service\r\r\napport.service\r\r\nvar-lib-lxcfs.mount\r\r\nunscd.service\r\r\nirqbalance.service\r\r\n[\u001b[32m  OK  \u001b[0m] Started LSB: Record successful boot for GRUB.\r\r\n[\u001b[32m  OK  \u001b[0m] Started System Logging Service.\r\r\ngrub-common.service\r\r\nrsyslog.service\r\r\n[\u001b[32m  OK  \u001b[0m] Started Thermal Daemon Service.\r\r\nthermald.service\r\r\n[\u001b[32m  OK  \u001b[0m] Started LXC network bridge setup.\r\r\nlxc-net.service\r\r\n         Starting LXC Container Initialization and Autoboot Code...\r\r\n         Starting Authenticate and Authorize Users to Run Privileged Tasks...\r\r\n[\u001b[32m  OK  \u001b[0m] Started Authenticate and Authorize Users to Run Privileged Tasks.\r\r\n[\u001b[32m  OK  \u001b[0m] Started Accounts Service.\r\r\npolkitd.service\r\r\n[\u001b[32m  OK  \u001b[0m] Started LXC Container Initialization and Autoboot Code.\r\r\n         Starting Container hypervisor based on LXC - boot time check...\r\r\naccounts-daemon.service\r\r\nlxc.service\r\r\n[\u001b[32m  OK  \u001b[0m] Started Seed the pseudo random number generator on first boot.\r\r\n[\u001b[32m  OK  \u001b[0m] Started Container hypervisor based on LXC - boot time check.\r\r\n[   21.168959] cloud-init[698]: Cloud-init v. 0.7.7 running 'init-local' at Thu, 18 Feb 2016 02:35:00 +0000. Up 20.76 seconds.\r\r\n[\u001b[32m  OK  \u001b[0m] Started Initial cloud-init job (pre-networking).\r\r\n         Starting Initial cloud-init job (metadata service crawler)...\r\r\ncloud-init-local.service\r\r\n[   22.384191] blk_update_request: I/O error, dev fd0, sector 0\r\n[   22.644136] blk_update_request: I/O error, dev fd0, sector 0\r\ntmp-tmpl9xqadf7.mount\r\r\n[   22.907590] cloud-init[946]: + i=eth0\r\r\n[   22.919113] cloud-init[946]: + x=0\r\r\n[   22.919321] cloud-init[946]: + ifdown eth0\r\r\n[   22.966124] cloud-init[946]: Killed old client process\r\r\n[   23.971599] cloud-init[946]: Internet Systems Consortium DHCP Client 4.3.1\r\r\n[   23.972503] cloud-init[946]: Copyright 2004-2014 Internet Systems Consortium.\r\r\n[   23.973216] cloud-init[946]: All rights reserved.\r\r\n[   23.984785] cloud-init[946]: For info, please visit https://www.isc.org/software/dhcp/\r\r\n[   23.988966] cloud-init[946]: Listening on LPF/eth0/00:0d:3a:a0:d4:29\r\r\n[   23.989688] cloud-init[946]: Sending on   LPF/eth0/00:0d:3a:a0:d4:29\r\r\n[   24.008098] cloud-init[946]: Sending on   Socket/fallback\r\r\n[   24.093600] cloud-init[946]: DHCPRELEASE on eth0 to 168.63.129.16 port 67 (xid=0x4ce15930)\r\r\n[   24.166449] cloud-init[946]: + ifup eth0\r\r\n[   24.204548] cloud-init[946]: Internet Systems Consortium DHCP Client 4.3.1\r\r\n[   24.209072] cloud-init[946]: Copyright 2004-2014 Internet Systems Consortium.\r\r\n[   24.220448] cloud-init[946]: All rights reserved.\r\r\n[   24.220826] cloud-init[946]: For info, please visit https://www.isc.org/software/dhcp/\r\r\n[   24.236613] cloud-init[946]: Listening on LPF/eth0/00:0d:3a:a0:d4:29\r\r\n[   24.237044] cloud-init[946]: Sending on   LPF/eth0/00:0d:3a:a0:d4:29\r\r\n[   24.237467] cloud-init[946]: Sending on   Socket/fallback\r\r\n[   24.243549] cloud-init[946]: DHCPDISCOVER on eth0 to 255.255.255.255 port 67 interval 3 (xid=0x46e01300)\r\r\n[   24.285893] cloud-init[946]: DHCPREQUEST of 10.0.0.4 on eth0 to 255.255.255.255 port 67 (xid=0x13e046)\r\r\n[   24.286141] cloud-init[946]: DHCPOFFER of 10.0.0.4 from 168.63.129.16\r\r\n[   24.318909] cloud-init[946]: DHCPACK of 10.0.0.4 from 168.63.129.16\r\r\n[   24.410819] cloud-init[946]: bound to 10.0.0.4 -- renewal in 4294967295 seconds.\r\r\n[   24.444334] cloud-init[946]: + exit 0\r\r\n[\u001b[32m  OK  \u001b[0m] Started Azure Linux Agent.\r\r\nwalinuxagent.service\r\r\n2016/02/18 02:35:05.191725 INFO Azure Linux Agent Version:2.1.2\r\r\n2016/02/18 02:35:05.202216 INFO OS: ubuntu 15.10\r\r\n2016/02/18 02:35:05.202411 INFO Python: 3.4.3\r\r\n2016/02/18 02:35:05.202631 INFO Send dhcp request\r\r\n2016/02/18 02:35:05.328753 INFO Wire server endpoint:168.63.129.16\r\r\n2016/02/18 02:35:05.338174 INFO Gateway:10.0.0.1\r\r\n2016/02/18 02:35:05.338395 INFO Routes:None\r\r\n2016/02/18 02:35:05.338655 INFO Configure routes\r\r\n2016/02/18 02:35:05.340543 INFO Detect default protocol.\r\r\n2016/02/18 02:35:06.060927 INFO Fabric preferred wire protocol version:2015-04-05\r\r\n2016/02/18 02:35:06.070995 INFO Wire protocol version:2012-11-30\r\r\n2016/02/18 02:35:06.071128 WARNING Server prefered version:2015-04-05\r\r\n2016/02/18 02:35:06.071259 INFO Last request issued less than 1 second ago\r\r\n2016/02/18 02:35:06.071436 INFO Sleep 1 second to avoid throttling.\r\r\n2016/02/18 02:35:07.080920 INFO Sleep 1 second to avoid throttling.\r\r\n2016/02/18 02:35:08.105910 INFO Last request issued less than 1 second ago\r\r\n2016/02/18 02:35:08.116174 INFO Sleep 1 second to avoid throttling.\r\r\n2016/02/18 02:35:09.202836 INFO Sleep 1 second to avoid throttling.\r\r\n[   30.164144] blk_update_request: I/O error, dev fd0, sector 0\r\n[   30.244114] blk_update_request: I/O error, dev fd0, sector 0\r\n2016/02/18 02:35:10.224993 INFO Protocol V1 found.\r\r\n2016/02/18 02:35:10.232423 INFO Protocol V2 found.\r\r\n2016/02/18 02:35:10.233090 INFO run Ubuntu provision handler\r\r\n2016/02/18 02:35:10.233273 INFO Waiting cloud-init to finish provisioning.\r\r\n2016/02/18 02:35:10.233486 INFO Wait for ssh host key to be generated.\r\r\n2016/02/18 02:35:10.234209 INFO Wait for ssh host key be generated: /etc/ssh/ssh_host_rsa_key\r\r\n2016/02/18 02:35:10.260196 INFO Event: name=WALA, op=HeartBeat, message=\r\r\ntmp-tmpnz5miu38.mount\r\r\n[   34.240346] cloud-init[946]: Cloud-init v. 0.7.7 running 'init' at Thu, 18 Feb 2016 02:35:01 +0000. Up 21.94 seconds.\r\r\n[   34.243713] cloud-init[946]: ci-info: ++++++++++++++++++++++++++++++++++++++Net device info+++++++++++++++++++++++++++++++++++++++\r\r\n[   34.259537] cloud-init[946]: ci-info: +--------+------+------------------------------+---------------+-------+-------------------+\r\r\n[   34.259757] cloud-init[946]: ci-info: | Device |  Up  |           Address            |      Mask     | Scope |     Hw-Address    |\r\r\n[   34.259968] cloud-init[946]: ci-info: +--------+------+------------------------------+---------------+-------+-------------------+\r\r\n[   34.260201] cloud-init[946]: ci-info: |  eth0  | True |           10.0.0.4           | 255.255.255.0 |   .   | 00:0d:3a:a0:d4:29 |\r\r\n[   34.260413] cloud-init[946]: ci-info: |  eth0  | True | fe80::20d:3aff:fea0:d429/64  |       .       |  link | 00:0d:3a:a0:d4:29 |\r\r\n[   34.260662] cloud-init[946]: ci-info: | lxcbr0 | True |           10.0.1.1           | 255.255.255.0 |   .   | 9a:d2:71:78:ac:78 |\r\r\n[   34.260864] cloud-init[946]: ci-info: | lxcbr0 | True | fe80::98d2:71ff:fe78:ac78/64 |       .       |  link | 9a:d2:71:78:ac:78 |\r\r\n[   34.261067] cloud-init[946]: ci-info: |   lo   | True |          127.0.0.1           |   255.0.0.0   |   .   |         .         |\r\r\n[   34.261266] cloud-init[946]: ci-info: |   lo   | True |           ::1/128            |       .       |  host |         .         |\r\r\n[   34.261466] cloud-init[946]: ci-info: +--------+------+------------------------------+---------------+-------+-------------------+\r\r\n[   34.261664] cloud-init[946]: ci-info: +++++++++++++++++++++++++++++Route IPv4 info++++++++++++++++++++++++++++++\r\r\n[   34.261865] cloud-init[946]: ci-info: +-------+---------------+----------+-----------------+-----------+-------+\r\r\n[   34.262064] cloud-init[946]: ci-info: | Route |  Destination  | Gateway  |     Genmask     | Interface | Flags |\r\r\n[   34.262264] cloud-init[946]: ci-info: +-------+---------------+----------+-----------------+-----------+-------+\r\r\n[   34.262477] cloud-init[946]: ci-info: |   0   |    0.0.0.0    | 10.0.0.1 |     0.0.0.0     |    eth0   |   UG  |\r\r\n[   34.262678] cloud-init[946]: ci-info: |   1   |    10.0.0.0   | 0.0.0.0  |  255.255.255.0  |    eth0   |   U   |\r\r\n[   34.269475] cloud-init[946]: ci-info: |   2   |    10.0.1.0   | 0.0.0.0  |  255.255.255.0  |   lxcbr0  |   U   |\r\r\n[   34.269734] cloud-init[946]: ci-info: |   3   | 168.63.129.16 | 10.0.0.1 | 255.255.255.255 |    eth0   |  UGH  |\r\r\n[   34.269949] cloud-init[946]: ci-info: +-------+---------------+----------+-----------------+-----------+-------+\r\r\n[   34.270161] cloud-init[946]: Generating public/private rsa key pair.\r\r\n[   34.270365] cloud-init[946]: Your identification has been saved in /etc/ssh/ssh_host_rsa_key.\r\r\n[   34.270563] cloud-init[946]: Your public key has been saved in /etc/ssh/ssh_host_rsa_key.pub.\r\r\n[   34.270766] cloud-init[946]: The key fingerprint is:\r\r\n[   34.270969] cloud-init[946]: SHA256:rQgU2ZdC8wvrSFAB/j7EllAchaRiSwv+9ApWpJkaLSI root@xplatvm\r\r\n[   34.271164] cloud-init[946]: The key's randomart image is:\r\r\n[   34.271362] cloud-init[946]: +---[RSA 2048]----+\r\r\n[   34.271555] cloud-init[946]: |  .+BO+  .       |\r\r\n[   34.271750] cloud-init[946]: | . ++.ooo        |\r\r\n[   34.271940] cloud-init[946]: |oo=.. .o.        |\r\r\n[   34.272182] cloud-init[946]: |=oB* . o o       |\r\r\n[   34.272375] cloud-init[946]: |EB.oO . S .      |\r\r\n[   34.272572] cloud-init[946]: |+o+=.+ . .       |\r\r\n[   34.272765] cloud-init[946]: |.o .+.o .        |\r\r\n[   34.272959] cloud-init[946]: |. . ..           |\r\r\n[   34.273154] cloud-init[946]: |   .             |\r\r\n[   34.273343] cloud-init[946]: +----[SHA256]-----+\r\r\n[   34.273534] cloud-init[946]: Generating public/private dsa key pair.\r\r\n[   34.308777] cloud-init[946]: Your identification has been saved in /etc/ssh/ssh_host_dsa_key.\r\r\n[   34.309001] cloud-init[946]: Your public key has been saved in /etc/ssh/ssh_host_dsa_key.pub.\r\r\n[   34.309204] cloud-init[946]: The key fingerprint is:\r\r\n[   34.309400] cloud-init[946]: SHA256:XjyNtchRX3ZvIG584CpljsGPR4TgZg+21RLUj0QF8Vk root@xplatvm\r\r\n[   34.309593] cloud-init[946]: The key's randomart image is:\r\r\n[   34.309782] cloud-init[946]: +---[DSA 1024]----+\r\r\n[   34.309980] cloud-init[946]: |      .oo+=+= E +|\r\r\n[   34.310169] cloud-init[946]: |     . ..+o* * +o|\r\r\n[   34.310355] cloud-init[946]: |      * =.*oO o o|\r\r\n[   34.310543] cloud-init[946]: |     + = &.O.o . |\r\r\n[   34.310731] cloud-init[946]: |      . S % o    |\r\r\n[   34.310916] cloud-init[946]: |       . + .     |\r\r\n[   34.311102] cloud-init[946]: |        .        |\r\r\n[   34.311287] cloud-init[946]: |                 |\r\r\n[   34.311460] cloud-init[946]: |                 |\r\r\n[   34.311652] cloud-init[946]: +----[SHA256]-----+\r\r\n[   34.311841] cloud-init[946]: Generating public/private ecdsa key pair.\r\r\n[   34.312053] cloud-init[946]: Your identification has been saved in /etc/ssh/ssh_host_ecdsa_key.\r\r\n[   34.312246] cloud-init[946]: Your public key has been saved in /etc/ssh/ssh_host_ecdsa_key.pub.\r\r\n[   34.312439] cloud-init[946]: The key fingerprint is:\r\r\n[   34.312626] cloud-init[946]: SHA256:MofIXQuKuPn7udK1jdKmfcdKbHLugr5NfrZhv+M2Xno root@xplatvm\r\r\n[   34.312814] cloud-init[946]: The key's randomart image is:\r\r\n[   34.313002] cloud-init[946]: +---[ECDSA 256]---+\r\r\n[   34.313189] cloud-init[946]: |                 |\r\r\n[   34.313362] cloud-init[946]: |                 |\r\r\n[   34.313554] cloud-init[946]: |      . .        |\r\r\n[   34.313743] cloud-init[946]: | . o + + .       |\r\r\n[   34.313930] cloud-init[946]: |. . + = S        |\r\r\n[   34.338269] cloud-init[946]: | o    .=         |\r\r\n[   34.338466] cloud-init[946]: |o  . +o+B.  .    |\r\r\n[   34.338616] cloud-init[946]: | .. +**B=o*oE    |\r\r\n[   34.338754] cloud-init[946]: |  o=B*+*=B*=     |\r\r\n[   34.338888] cloud-init[946]: +----[SHA256]-----+\r\r\n[   34.339021] cloud-init[946]: Generating public/private ed25519 key pair.\r\r\n[   34.339161] cloud-init[946]: Your identification has been saved in /etc/ssh/ssh_host_ed25519_key.\r\r\n[   34.339298] cloud-init[946]: Your public key has been saved in /etc/ssh/ssh_host_ed25519_key.pub.\r\r\n[   34.339436] cloud-init[946]: The key fingerprint is:\r\r\n[   34.339570] cloud-init[946]: SHA256:xrlWHgyDq9xbH4GfQPx7GFf1D065MeFo/POLGSUju7c root@xplatvm\r\r\n[   34.339706] cloud-init[946]: The key's randomart image is:\r\r\n[   34.339839] cloud-init[946]: +--[ED25519 256]--+\r\r\n[   34.339973] cloud-init[946]: |              . .|\r\r\n[   34.340135] cloud-init[946]: |       o   . o +.|\r\r\n[   34.349603] cloud-init[946]: |      . =   + O .|\r\r\n[   34.349756] cloud-init[946]: |       + B . = =.|\r\r\n[   34.349896] cloud-init[946]: |      . S B..o=..|\r\r\n[   34.350031] cloud-init[946]: |   . o . * Oo +o |\r\r\n[   34.350163] cloud-init[946]: |    o . + B...  .|\r\r\n[   34.350294] cloud-init[946]: |       + . o..+ .|\r\r\n[   34.350424] cloud-init[946]: |      .   ...E.. |\r\r\n[   34.350563] cloud-init[946]: +----[SHA256]-----+\r\r\n[\u001b[32m  OK  \u001b[0m] Started Initial cloud-init job (metadata service crawler).\r\r\n[\u001b[32m  OK  \u001b[0m] Started OpenBSD Secure Shell server.\r\r\n[\u001b[32m  OK  \u001b[0m] Reached target Cloud-config availability.\r\r\n         Starting Apply the settings specified in cloud-config...\r\r\n         Starting Permit User Sessions...\r\r\n[\u001b[32m  OK  \u001b[0m] Started Permit User Sessions.\r\r\n         Starting Wait for Plymouth Boot Screen to Quit...\r\r\n         Starting Terminate Plymouth Boot Screen...\r\r\n2016/02/18 02:35:15.254615 INFO Finished provisioning\r\r\ncloud-init.service\r\r\nssh.service\r\r\nsystemd-user-sessions.service\r\r\n2016/02/18 02:35:15.936376 INFO Last request issued less than 1 second ago\r\n2016/02/18 02:35:15.947802 INFO Sleep 1 second to avoid throttling.\r\n2016/02/18 02:35:16.958999 INFO Sleep 1 second to avoid throttling.\r\n2016/02/18 02:35:17.989211 INFO Start env monitor service.\r\n2016/02/18 02:35:18.053816 INFO Set block dev timeout: sda with timeout: 300\r\n2016/02/18 02:35:18.095961 INFO Set block dev timeout: sdb with timeout: 300\r\n[   40.447914] cloud-init[1223]: Generating locales...\r\n[   40.754875] cloud-init[1223]: en_US.UTF-8... up-to-date\r\n[   40.780073] cloud-init[1223]: Generation complete.\r\n\r\r\nUbuntu 15.10 xplatvm ttyS0\r\n\r\nxplatvm login:
[   44.028407] cloud-init[1223]: Cloud-init v. 0.7.7 running 'modules:config' at Thu, 18 Feb 2016 02:35:15 +0000. Up 35.54 seconds.\r\nci-info: ++Authorized keys from /home/azureuser/.ssh/authorized_keys for user azureuser+++\r\nci-info: +---------+-------------------------------------------------+---------+---------+\r\nci-info: | Keytype |                Fingerprint (md5)                | Options | Comment |\r\nci-info: +---------+-------------------------------------------------+---------+---------+\r\nci-info: | ssh-rsa | 8f:df:8f:18:ba:cd:cc:63:7c:1f:ea:ae:ba:09:40:65 |    -    |    -    |\r\nci-info: +---------+-------------------------------------------------+---------+---------+\r\n<14>Feb 18 02:35:24 ec2: \r\n<14>Feb 18 02:35:24 ec2: #############################################################\r\n<14>Feb 18 02:35:24 ec2: -----BEGIN SSH HOST KEY FINGERPRINTS-----\r\n<14>Feb 18 02:35:24 ec2: 1024 SHA256:XjyNtchRX3ZvIG584CpljsGPR4TgZg+21RLUj0QF8Vk root@xplatvm (DSA)\r\n<14>Feb 18 02:35:24 ec2: 256 SHA256:MofIXQuKuPn7udK1jdKmfcdKbHLugr5NfrZhv+M2Xno root@xplatvm (ECDSA)\r\n<14>Feb 18 02:35:24 ec2: 256 SHA256:xrlWHgyDq9xbH4GfQPx7GFf1D065MeFo/POLGSUju7c root@xplatvm (ED25519)\r\n<14>Feb 18 02:35:24 ec2: 2048 SHA256:rQgU2ZdC8wvrSFAB/j7EllAchaRiSwv+9ApWpJkaLSI root@xplatvm (RSA)\r\n<14>Feb 18 02:35:24 ec2: -----END SSH HOST KEY FINGERPRINTS-----\r\n<14>Feb 18 02:35:24 ec2: ########################################################\u0000\u0000\u0000\u0000\u0000\u0000\u0000\u0000\u0000\u0000\u0000\u0000\u0000\u0000\u0000\u0000\u0000\u0000\u0000\u0000\u0000\u0000\u0000\u0000\u0000\u0000\u0000\u0000\u0000\u0000\u0000\u0000\u0000\u0000\u0000\u0000\u0000\u0000\u0000\u0000\u0000\u0000\u0000\u0000\u0000\u0000\u0000\u0000\u0000\u0000\u0000\u0000\u0000\u0000\u0000\u0000\u0000\u0000\u0000\u0000\u0000\u0000\u0000\u0000\u0000\u0000\u0000\u0000\u0000\u0000\u0000\u0000\u0000\u0000\u0000\u0000\u0000\u0000\u0000\u0000\u0000\u0000\u0000\u0000\u0000\u0000\u0000\u0000\u0000\u0000\u0000\u0000\u0000\u0000\u0000\u0000\u0000\u0000\u0000\u0000\u0000\u0000\u0000\u0000\u0000\u0000\u0000\u0000\u0000\u0000\u0000\u0000\u0000\u0000\u0000\u0000\u0000\u0000\u0000\u0000\u0000\u0000\u0000\u0000\u0000\u0000\u0000\u0000\u0000\u0000\u0000\u0000\u0000\u0000\u0000\u0000\u0000\u0000\u0000\u0000\u0000\u0000\u0000\u0000\u0000\u0000\u0000\u0000\u0000\u0000\u0000\u0000####\r\n-----BEGIN SSH HOST KEY KEYS-----\r\necdsa-sha2-nistp256 AAAAE2VjZHNhLXNoYTItbmlzdHAyNTYAAAAIbmlzdHAyNTYAAABBBLb0FUYL4ip733EVMH3ORZWS9E525xLOvezllvGR9XmPn9e0kuTMgFLGHYBZLvehMk5zg6H65u5rdSzAMiy4GC4= root@xplatvm\r\nssh-ed25519 AAAAC3NzaC1lZDI1NTE5AAAAIM5JFmvKHS8WPKCi+zV8qUKOo3HZCrRnurzEVuhNyTqa root@xplatvm\r\nssh-rsa AAAAB3NzaC1yc2EAAAADAQABAAABAQDl2UUZXicS6ljqdtME11/jqXiIh4487eK1lS+MJ5sVnPnNBLoRr5L9zS4P2KZ2nUUdGFyzjK/txgbRvttvqy9RP9eciRp1sJOH298onhmKZEXPgiI+ixiRcabf00xkImTlmXxcduQi+gqqbUhZPY0po0YoEUjsgvGqt8sefwFh7WPABXkt7q4p4Zk2kjUTXBXKPmRXjIbx0OzVOIEQpIJU5dJBgJkbx2aLTFDBd1SamNdOc2OoAZlQ2My0TdpeYjGsoTDRrF+ADCkMbO5S8ohwU+SkKZO5Z9EBMCgSf47TbP0gg4qzl6jSvXJyCF+gpkcBO7aoKX3zzxrtGRBJG6An root@xplatvm\r\n-----END SSH HOST KEY KEYS-----\r\n[   45.398286] cloud-init[1336]: Cloud-init v. 0.7.7 running 'modules:final' at Thu, 18 Feb 2016 02:35:24 +0000. Up 44.80 seconds.\r\n[   45.431731] cloud-init[1336]: Cloud-init v. 0.7.7 finished at Thu, 18 Feb 2016 02:35:24 +0000. Datasource DataSourceAzureNet [seed=/dev/sr0].  Up 45.37 seconds\r\n####\r\n-----BEGIN SSH HOST KEY KEYS-----\r\necdsa-sha2-nistp256 AAAAE2VjZHNhLXNoYTItbmlzdHAyNTYAAAAIbmlzdHAyNTYAAABBBLb0FUYL4ip733EVMH3ORZWS9E525xLOvezllvGR9XmPn9e0kuTMgFLGHYBZLvehMk5zg6H65u5rdSzAMiy4GC4= root@xplatvm\r\nssh-ed25519 AAAAC3NzaC1lZDI1NTE5AAAAIM5JFmvKHS8WPKCi+zV8qUKOo3HZCrRnurzEVuhNyTqa root@xplatvm\r\nssh-rsa AAAAB3NzaC1yc2EAAAADAQABAAABAQDl2UUZXicS6ljqdtME11/jqXiIh4487eK1lS+MJ5sVnPnNBLoRr5L9zS4P2KZ2nUUdGFyzjK/txgbRvttvqy9RP9eciRp1sJOH298onhmKZEXPgiI+ixiRcabf00xkImTlmXxcduQi+gqqbUhZPY0po0YoEUjsgvGqt8sefwFh7WPABXkt7q4p4Zk2kjUTXBXKPmRXjIbx0OzVOIEQpIJU5dJBgJkbx2aLTFDBd1SamNdOc2OoAZlQ2My0TdpeYjGsoTDRrF+ADCkMbO5S8ohwU+SkKZO5Z9EBMCgSf47TbP0gg4qzl6jSvXJyCF+gpkcBO7aoKX3zzxrtGRBJG6An root@xplatvm\r\n-----END SSH HOST KEY KEYS-----\r\n[   45.398286] cloud-init[1336]: Cloud-init v. 0.7.7 running 'modules:final' at Thu, 18 Feb 2016 02:35:24 +0000. Up 44.80 seconds.\r\n[   45.431731] cloud-init[1336]: Cloud-init v. 0.7.7 finished at Thu, 18 Feb 2016 02:35:24 +0000. Datasource DataSourceAzureNet [seed=/dev/sr0].  Up 45.37 seconds\r\n2016/02/18 02:36:07.576553 INFO Sleep 1 second to avoid throttling.\r\n\u0000\u0000\u0000\u0000\u0000\u0000\u0000\u0000\u0000\u0000\u0000\u0000\u0000\u0000\u0000\u0000\u0000\u0000\u0000\u0000\u0000\u0000\u0000\u0000\u0000\u0000\u0000\u0000\u0000\u0000\u0000\u0000\u0000\u0000\u0000\u0000\u0000\u0000\u0000\u0000\u0000\u0000\u0000\u0000\u0000\u0000\u0000\u0000\u0000\u0000\u0000\u0000\u0000\u0000\u0000\u0000\u0000\u0000\u0000\u0000\u0000\u0000\u0000\u0000\u0000\u0000\u0000\u0000\u0000\u0000\u0000\u0000\u0000\u0000\u0000\u0000\u0000\u0000\u0000\u0000\u0000\u0000\u0000\u0000\u0000\u0000\u0000\u0000\u0000\u0000\u0000\u0000\u0000\u0000\u0000\u0000\u0000\u0000\u0000\u0000\u0000\u0000\u0000\u0000\u0000\u0000\u0000\u0000\u0000\u0000\u0000\u0000\u0000\u0000\u0000\u0000\u0000\u0000\u0000\u0000\u0000\u0000\u0000\u0000\u0000\u0000\u0000\u0000\u0000\u0000\u0000\u0000\u0000\u0000\u0000\u0000\u0000\u0000\u0000\u0000\u0000\u0000\u0000\u0000\u0000\u0000\u0000\u0000\u0000\u0000\u0000\u0000\u0000\u0000\u0000\u0000\u0000\u0000\u0000\u0000\u0000\u0000\u0000\u0000\u0000\u0000\u0000\u0000\u0000\u0000\u0000\u0000\u0000\u0000\u0000\u0000\u0000\u0000\u0000\u0000\u0000\u0000\u0000\u0000\u0000\u0000\u0000\u0000\u0000\u0000\u0000\u0000\u0000\u0000\u0000\u0000\u0000\u0000\u0000\u0000\u0000\u0000\u0000\u0000\u0000\u0000\u0000\u0000\u0000\u0000\u0000\u0000\u0000\u0000\u0000\u0000\u0000\u0000\u0000\u0000\u0000\u0000\u0000\u0000\u0000\u0000\u0000\u0000\u0000\u0000\u0000\u0000\u0000\u0000\u0000\u0000\u0000\u0000\u0000\u0000\u0000\u0000\u0000\u0000\u0000\u0000\u0000\u0000\u0000\u0000\u0000\u0000\u0000\u0000\u0000\u0000\u0000\u0000\u0000\u0000\u0000\u0000\u0000\u0000\u0000\u0000\u0000\u0000\u0000\u0000\u0000\u0000\u0000\u0000\u0000\u0000\u0000\u0000\u0000\u0000\u0000\u0000\u0000\u0000\u0000\u0000\u0000\u0000\u0000\u0000\u0000\u0000\u0000\u0000\u0000\u0000\u0000\u0000\u0000\u0000\u0000\u0000\u0000\u0000\u0000\u0000\u0000\u0000\u0000\u0000\u0000\u0000\u0000\u0000\u0000\u0000\u0000\u0000\u0000\u0000\u0000\u0000\u0000\u0000\u0000\u0000\u0000\u0000\u0000\u0000\u0000\u0000\u0000\u0000\u0000\u0000\u0000\u0000\u0000\u0000\u0000\u0000\u0000\u0000\u0000\u0000\u0000\u0000\u0000\u0000\u0000\u0000\u0000\u0000\u0000\u0000\u0000\u0000\u0000\u0000\u0000\u0000\u0000\u0000\u0000\u0000\u0000\u0000\u0000\u0000\u0000\u0000\u0000\u0000\u0000\u0000\u0000\u0000\u0000\u0000\u0000\u0000\u0000\u0000\u0000\u0000\u0000\u0000\u0000\u0000\u0000\u0000\u0000\u0000\u0000\u0000\u0000\u0000\u0000\u0000\u0000\u0000\u0000\u0000\u0000\u0000\u0000\u0000\u0000\u0000\u0000\u0000\u0000\u0000\u0000\u0000\u0000\u0000\u0000\u0000\u00002016/02/18 02:37:22.170973 INFO Sleep 1 second to avoid throttling.\r\n2016/02/18 02:37:23.209261 INFO Last request issued less than 1 second ago\r\n2016/02/18 02:37:23.226047 INFO Sleep 1 second to avoid throttling.\r\n2016/02/18 02:37:24.136168 INFO Last request issued less than 1 second ago\r\n2016/02/18 02:37:24.147994 INFO Sleep 1 second to avoid throttling.\r\n\u0000\u0000\u0000\u0000\u0000\u0000\u0000\u0000\u0000\u0000\u0000\u0000\u0000\u0000\u0000\u0000\u0000\u0000\u0000\u0000\u0000\u0000\u0000\u0000\u0000\u0000\u0000\u0000\u0000\u0000\u0000\u0000\u0000\u0000\u0000\u0000\u0000\u0000\u0000\u0000\u0000\u0000\u0000\u0000\u0000\u0000\u0000\u0000\u0000\u0000\u0000\u0000\u0000\u0000\u0000\u0000\u0000\u0000\u0000\u0000\u0000\u0000\u0000\u0000\u0000\u0000\u0000\u0000\u0000\u0000\u0000\u0000\u0000\u0000\u0000\u0000\u0000\u0000\u0000\u0000\u0000\u0000\u0000\u0000\u0000\u0000\u0000\u0000\u0000\u0000\u0000\u0000\u0000\u0000\u0000\u0000\u0000\u0000\u0000\u0000\u0000\u0000\u0000\u0000\u0000\u0000\u0000\u0000\u0000\u0000\u0000\u0000\u0000\u0000\u0000\u0000\u0000\u0000\u0000\u0000\u0000\u0000\u0000\u0000\u0000\u0000\u0000\u0000\u0000\u0000\u0000\u0000\u0000\u0000\u0000\u0000\u0000\u0000\u0000\u0000\u0000\u0000\u0000\u0000\u0000\u0000\u0000\u0000\u0000\u0000\u0000\u0000\u000016/02/18 02:37:25.159502 INFO Sleep 1 second to avoid throttling.\r\n16/02/18 02:37:25.159502 INFO Sleep 1 second to avoid throttling.\r\n16/02/18 02:37:25.159502 INFO Sleep 1 second to avoid throttling.\r\n2016/02/18 02:38:15.611239 INFO Sleep 1 second to avoid throttling.\r\n\u0000\u0000\u0000\u0000\u0000\u0000\u0000\u0000\u0000\u0000\u0000\u0000\u0000\u0000\u0000\u0000\u0000\u0000\u0000\u0000\u0000\u0000\u0000\u0000\u0000\u0000\u0000\u0000\u0000\u0000\u0000\u0000\u0000\u0000\u0000\u0000\u0000\u0000\u0000\u0000\u0000\u0000\u0000\u0000\u0000\u0000\u0000\u0000\u0000\u0000\u0000\u0000\u0000\u0000\u0000\u0000\u0000\u0000\u0000\u0000\u0000\u0000\u0000\u0000\u0000\u0000\u0000\u0000\u0000\u0000\u0000\u0000\u0000\u0000\u0000\u0000\u0000\u0000\u0000\u0000\u0000\u0000\u0000\u0000\u0000\u0000\u0000\u0000\u0000\u0000\u0000\u0000\u0000\u0000\u0000\u0000\u0000\u0000\u0000\u0000\u0000\u0000\u0000\u0000\u0000\u0000\u0000\u0000\u0000\u0000\u0000\u0000\u0000\u0000\u0000\u0000\u0000\u0000\u0000\u0000\u0000\u0000\u0000\u0000\u0000\u0000\u0000\u0000\u0000\u0000\u0000\u0000\u0000\u0000\u0000\u0000\u0000\u0000\u0000\u0000\u0000\u0000\u0000\u0000\u0000\u0000\u0000\u0000\u0000\u0000\u0000\u0000\u0000\u0000\u0000\u0000\u0000\u0000\u0000\u0000\u0000\u0000\u0000\u0000\u0000\u0000\u0000\u0000\u0000\u0000\u0000\u0000\u0000\u0000\u0000\u0000\u0000\u0000\u0000\u0000\u0000\u0000\u0000\u0000\u0000\u0000\u0000\u0000\u0000\u0000\u0000\u0000\u0000\u0000\u0000\u0000\u0000\u0000\u0000\u0000\u0000\u0000\u0000\u0000\u0000\u0000\u0000\u0000\u0000\u0000\u0000\u0000\u0000\u0000\u0000\u0000\u0000\u0000\u0000\u0000\u0000\u0000\u0000\u0000\u0000\u0000\u0000\u0000\u0000\u0000\u0000\u0000\u0000\u0000\u0000\u0000\u0000\u0000\u0000\u0000\u0000\u00002016/02/18 02:39:30.971312 INFO Sleep 1 second to avoid throttling.\r\n\u0000\u0000\u0000\u0000\u0000\u0000\u0000\u0000\u0000\u0000\u0000\u0000\u0000\u0000\u0000\u0000\u0000\u0000\u0000\u0000\u0000\u0000\u0000\u0000\u0000\u0000\u0000\u0000\u0000\u0000\u0000\u0000\u0000\u0000\u0000\u0000\u0000\u0000\u0000\u0000\u0000\u0000\u0000\u0000\u0000\u0000\u0000\u0000\u0000\u0000\u0000\u0000\u0000\u0000\u0000\u0000\u0000\u0000\u0000\u0000\u0000\u0000\u0000\u0000\u0000\u0000\u0000\u0000\u0000\u0000\u0000\u0000\u0000\u0000\u0000\u0000\u0000\u0000\u0000\u0000\u0000\u0000\u0000\u0000\u0000\u0000\u0000\u0000\u0000\u0000\u0000\u0000\u0000\u0000\u0000\u0000\u0000\u0000\u0000\u0000\u0000\u0000\u0000\u0000\u0000\u0000\u0000\u0000\u0000\u0000\u0000\u0000\u0000\u0000\u0000\u0000\u0000\u0000\u0000\u0000\u0000\u0000\u0000\u0000\u0000\u0000\u0000\u0000\u0000\u0000\u0000\u0000\u0000\u0000\u0000\u0000\u0000\u0000\u0000\u0000\u0000\u0000\u0000\u0000\u0000\u0000\u0000\u0000\u0000\u0000\u0000\u0000\u0000\u0000\u0000\u0000\u0000\u0000\u0000\u0000\u0000\u0000\u0000\u0000\u0000\u0000\u0000\u0000\u0000\u0000\u0000\u0000\u0000\u0000\u0000\u0000\u0000\u0000\u0000\u0000\u0000\u0000\u0000\u0000\u0000\u0000\u0000\u0000\u0000\u0000\u0000\u0000\u0000\u0000\u0000\u0000\u0000\u0000\u0000\u0000\u0000\u0000\u0000\u0000\u0000\u0000\u0000\u0000\u0000\u0000\u0000\u0000\u0000\u0000\u0000\u0000\u0000\u0000\u0000\u0000\u0000\u0000\u0000\u0000\u0000\u0000\u0000\u0000\u0000\u0000\u0000\u0000\u0000\u0000\u0000\u0000\u0000\u0000\u0000\u0000\u0000\u0000\u0000\u0000\u0000\u0000\u0000\u0000\u0000\u0000\u0000\u0000\u0000\u0000\u0000\u0000\u0000\u0000\u0000\u0000\u0000\u0000\u0000\u0000\u0000\u0000\u0000\u0000\u0000\u0000\u0000\u0000\u0000\u0000\u0000\u0000\u0000\u0000\u0000\u0000\u0000\u0000\u0000\u0000\u0000\u0000\u0000\u0000\u0000\u0000\u0000\u0000\u0000\u0000\u0000\u0000\u0000\u0000\u0000\u0000\u0000\u0000\u0000\u0000\u0000\u0000\u0000\u0000\u0000\u0000\u0000\u0000\u0000\u0000\u0000\u0000\u0000\u0000\u0000\u0000\u0000\u0000\u0000\u0000\u0000\u0000\u0000\u0000\u0000\u0000\u0000\u0000\u0000\u0000\u0000\u0000\u0000\u0000\u0000\u0000\u0000\u0000\u0000\u0000\u0000\u0000\u0000\u0000\u0000\u0000\u0000\u0000\u0000\u0000\u0000\u0000\u0000\u0000\u0000\u0000\u0000\u0000\u0000\u0000\u0000\u0000\u0000\u0000\u0000\u0000\u0000\u0000\u0000\u0000\u0000\u0000\u0000\u0000\u0000\u0000\u0000\u0000\u0000\u0000\u0000\u0000\u0000\u0000\u0000\u0000\u0000\u0000\u0000\u0000\u0000\u0000\u0000\u0000\u0000\u0000\u0000\u0000\u0000\u0000\u0000\u0000\u0000\u0000\u0000\u0000\u0000\u0000\u0000\u0000\u0000\u0000\u0000\u0000\u0000\u0000\u0000\u0000\u0000\u0000\u0000\u0000\u0000\u0000\u0000\u0000\u0000\u0000\u0000\u0000\u0000\u0000\u0000\u0000\u0000\u0000\u0000\u0000\u00002016/02/18 02:40:47.261676 INFO Sleep 1 second to avoid throttling.\r\n\u0000\u0000\u0000\u0000\u0000\u0000\u0000\u0000\u0000\u0000\u0000\u0000\u0000\u0000\u0000\u0000\u0000\u0000\u0000\u0000\u0000\u0000\u0000\u0000\u0000\u0000\u0000\u0000\u0000\u0000\u0000\u0000\u0000\u0000\u0000\u0000\u0000\u0000\u0000\u0000\u0000\u0000\u0000\u0000\u0000\u0000\u0000\u0000\u0000\u0000\u0000\u0000\u0000\u0000\u0000\u0000\u0000\u0000\u0000\u0000\u0000\u0000\u0000\u0000\u0000\u0000\u0000\u0000\u0000\u0000\u0000\u0000\u0000\u0000\u0000\u0000\u0000\u0000\u0000\u0000\u0000\u0000\u0000\u0000\u0000\u0000\u0000\u0000\u0000\u0000\u0000\u0000\u0000\u0000\u0000\u0000\u0000\u0000\u0000\u0000\u0000\u0000\u0000\u0000\u0000\u0000\u0000\u0000\u0000\u0000\u0000\u0000\u0000\u0000\u0000\u0000\u0000\u0000\u0000\u0000\u0000\u0000\u0000\u0000\u0000\u0000\u0000\u0000\u0000\u0000\u0000\u0000\u0000\u0000\u0000\u0000\u0000\u0000\u0000\u0000\u0000\u0000\u0000\u0000\u0000\u0000\u0000\u0000\u0000\u0000\u0000\u0000\u0000\u0000\u0000\u0000\u0000\u0000\u0000\u0000\u0000\u0000\u0000\u0000\u0000\u0000\u0000\u0000\u0000\u0000\u0000\u0000\u0000\u0000\u0000\u0000\u0000\u0000\u0000\u0000\u0000\u0000\u0000\u0000\u0000\u0000\u0000\u0000\u0000\u0000\u0000\u0000\u0000\u0000\u0000\u0000\u0000\u0000\u0000\u0000\u0000\u0000\u0000\u0000\u0000\u0000\u0000\u0000\u0000\u0000\u0000\u0000\u0000\u0000\u0000\u0000\u0000\u0000\u0000\u0000\u0000\u0000\u0000\u0000\u0000\u0000\u0000\u0000\u0000\u0000\u0000\u0000\u0000\u0000\u0000\u0000\u0000\u0000\u0000\u0000\u0000\u0000\u0000\u0000\u0000\u0000\u0000\u0000\u0000\u0000\u0000\u0000\u0000\u0000\u0000\u0000\u0000\u0000\u0000\u0000\u0000\u0000\u0000\u0000\u0000\u0000\u0000\u0000\u0000\u0000\u0000\u0000\u0000\u0000\u0000\u0000\u0000\u0000\u0000\u0000\u0000\u0000\u0000\u0000\u0000\u0000\u0000\u0000\u0000\u0000\u0000\u0000\u0000\u0000\u0000\u0000\u0000\u0000\u0000\u0000\u0000\u0000\u0000\u0000\u0000\u0000\u0000\u0000\u0000\u0000\u0000\u0000\u0000\u0000\u0000\u0000\u0000\u0000\u0000\u0000\u0000\u0000\u0000\u0000\u0000\u0000\u0000\u0000\u0000\u0000\u0000\u0000\u0000\u0000\u0000\u0000\u0000\u0000\u0000\u0000\u0000\u0000\u0000\u0000\u0000\u0000\u0000\u0000\u0000\u0000\u0000\u0000\u0000\u0000\u0000\u0000\u0000\u0000\u0000\u0000\u0000\u0000\u0000\u0000\u0000\u0000\u0000\u0000\u0000\u0000\u0000\u0000\u0000\u0000\u0000\u0000\u0000\u0000\u0000\u0000\u0000\u0000\u0000\u0000\u0000\u0000\u0000\u0000\u0000\u0000\u0000\u0000\u0000\u0000\u0000\u0000\u0000\u0000\u0000\u0000\u0000\u0000\u0000\u0000\u0000\u0000\u0000\u0000\u0000\u0000\u0000\u0000\u0000\u0000\u0000\u0000\u0000\u0000\u0000\u0000\u0000\u0000\u0000\u0000\u0000\u0000\u0000\u0000\u0000\u0000\u0000\u0000\u0000\u0000\u0000\u0000\u0000\u0000\u0000\u0000\u0000\u0000\u00002016/02/18 02:42:03.587912 INFO Sleep 1 second to avoid thrott.....\r\n\u0000\u0000\u0000\u0000\u0000\u0000\u0000\u0000\u0000\u0000\u0000\u0000\u0000\u0000\u0000\u0000\u0000\u0000\u0000\u0000\u0000\u0000\u0000\u0000\u0000\u0000\u0000\u0000\u0000\u0000\u0000\u0000\u0000\u0000\u0000\u0000\u0000\u0000\u0000\u0000\u0000\u0000\u0000\u0000\u0000\u0000\u0000\u0000\u0000\u0000\u0000\u0000\u0000\u0000\u0000\u0000\u0000\u0000\u0000\u0000\u0000\u0000\u0000\u0000\u0000\u0000\u0000\u0000\u0000\u0000\u0000\u0000\u0000\u0000\u0000\u0000\u0000\u0000\u0000\u0000\u0000\u0000\u0000\u0000\u0000\u0000\u0000\u0000\u0000\u0000\u0000\u0000\u0000\u0000\u0000\u0000\u0000\u0000\u0000\u0000\u0000\u0000\u0000\u0000\u0000\u0000\u0000\u0000\u0000\u0000\u0000\u0000\u0000\u0000\u0000\u0000\u0000\u0000\u0000\u0000\u0000\u0000\u0000\u0000\u0000\u0000\u0000\u0000\u0000\u0000\u0000\u0000\u0000\u0000\u0000\u0000\u0000\u0000\u0000\u0000\u0000\u0000\u0000\u0000\u0000\u0000\u0000\u0000\u0000\u0000\u0000\u0000\u0000\u0000\u0000\u0000\u0000\u0000\u0000\u0000\u0000\u0000\u0000\u0000\u0000\u0000\u0000\u0000\u0000\u0000\u0000\u0000\u0000\u0000\u0000\u0000\u0000\u0000\u0000\u0000\u0000\u0000\u0000\u0000\u0000\u0000\u0000\u0000\u0000\u0000\u0000\u0000\u0000\u0000\u0000\u0000\u0000\u0000\u0000\u0000\u0000\u0000\u0000\u0000\u0000\u0000\u0000\u0000\u0000\u0000\u0000\u0000\u0000\u0000\u0000\u0000\u0000\u0000\u0000\u0000\u0000\u0000\u0000\u0000\u0000\u0000\u0000\u0000\u0000\u0000\u0000\u0000\u0000\u0000\u0000\u0000\u0000\u0000\u0000\u0000\u0000\u0000\u0000\u0000\u0000\u0000\u0000\u0000\u0000\u0000\u0000\u0000\u0000\u0000\u0000\u0000\u0000\u0000\u0000\u0000\u0000\u0000\u0000\u0000\u0000\u0000\u0000\u0000\u0000\u0000\u0000\u0000\u0000\u0000\u0000\u0000\u0000\u0000\u0000\u0000\u0000\u0000\u0000\u0000\u0000\u0000\u0000\u0000\u0000\u0000\u0000\u0000\u0000\u0000\u0000\u0000\u0000\u0000\u0000\u0000\u0000\u0000\u0000\u0000\u0000\u0000\u0000\u0000\u0000\u0000\u0000\u0000\u0000\u0000\u0000\u0000\u0000\u0000\u0000\u0000\u0000\u0000\u0000\u0000\u0000\u0000\u0000\u0000\u0000\u0000\u0000\u0000\u0000\u0000\u0000\u0000\u0000\u0000\u0000\u0000\u0000\u0000\u0000\u0000\u0000\u0000\u0000\u0000\u0000\u0000\u0000\u0000\u0000\u0000\u0000\u0000\u0000\u0000\u0000\u0000\u0000\u0000\u0000\u0000\u0000\u0000\u0000\u0000\u0000\u0000\u0000\u0000\u0000\u0000\u0000\u0000\u0000\u0000\u0000\u0000\u0000\u0000\u0000\u0000\u0000\u0000\u0000\u0000\u0000\u0000\u0000\u0000\u0000\u0000\u0000\u0000\u0000\u0000\u0000\u0000\u0000\u0000\u0000\u0000\u0000\u0000\u0000\u0000\u0000\u0000\u0000\u0000\u0000\u0000\u0000\u0000\u0000\u0000\u0000\u0000\u0000\u0000\u0000\u0000\u0000\u0000\u0000\u0000\u0000\u0000\u0000\u0000\u0000\u0000\u0000\u0000\u0000\u0000\u0000\u0000\u0000\u0000\u00002016/02/18 02:43:19.913552 INFO Sleep 1 second to avoid throttling.\r\n\u0000\u0000\u0000\u0000\u0000\u0000\u0000\u0000\u0000\u0000\u0000\u0000\u0000\u0000\u0000\u0000\u0000\u0000\u0000\u0000\u0000\u0000\u0000\u0000\u0000\u0000\u0000\u0000\u0000\u0000\u0000\u0000\u0000\u0000\u0000\u0000\u0000\u0000\u0000\u0000\u0000\u0000\u0000\u0000\u0000\u0000\u0000\u0000\u0000\u0000\u0000\u0000\u0000\u0000\u0000\u0000\u0000\u0000\u0000\u0000\u0000\u0000\u0000\u0000\u0000\u0000\u0000\u0000\u0000\u0000\u0000\u0000\u0000\u0000\u0000\u0000\u0000\u0000\u0000\u0000\u0000\u0000\u0000\u0000\u0000\u0000\u0000\u0000\u0000\u0000\u0000\u0000\u0000\u0000\u0000\u0000\u0000\u0000\u0000\u0000\u0000\u0000\u0000\u0000\u0000\u0000\u0000\u0000\u0000\u0000\u0000\u0000\u0000\u0000\u0000\u0000\u0000\u0000\u0000\u0000\u0000\u0000\u0000\u0000\u0000\u0000\u0000\u0000\u0000\u0000\u0000\u0000\u0000\u0000\u0000\u0000\u0000\u0000\u0000\u0000\u0000\u0000\u0000\u0000\u0000\u0000\u0000\u0000\u0000\u0000\u0000\u0000\u0000\u0000\u0000\u0000\u0000\u0000\u0000\u0000\u0000\u0000\u0000\u0000\u0000\u0000\u0000\u0000\u0000\u0000\u0000\u0000\u0000\u0000\u0000\u0000\u0000\u0000\u0000\u0000\u0000\u0000\u0000\u0000\u0000\u0000\u0000\u0000\u0000\u0000\u0000\u0000\u0000\u0000\u0000\u0000\u0000\u0000\u0000\u0000\u0000\u0000\u0000\u0000\u0000\u0000\u0000\u0000\u0000\u0000\u0000\u0000\u0000\u0000\u0000\u0000\u0000\u0000\u0000\u0000\u0000\u0000\u0000\u0000\u0000\u0000\u0000\u0000\u0000\u0000\u0000\u0000\u0000\u0000\u0000\u0000\u0000\u0000\u0000\u0000\u0000\u0000\u0000\u0000\u0000\u0000\u0000\u0000\u0000\u0000\u0000\u0000\u0000\u0000\u0000\u0000\u0000\u0000\u0000\u0000\u0000\u0000\u0000\u0000\u0000\u0000\u0000\u0000\u0000\u0000\u0000\u0000\u0000\u0000\u0000\u0000\u0000\u0000\u0000\u0000\u0000\u0000\