// This file has been autogenerated.

var profile = require('../../../lib/util/profile');

exports.getMockedProfile = function () {
  var newProfile = new profile.Profile();

  newProfile.addSubscription(new profile.Subscription({
    id: 'e33f361b-53c2-4cc7-b829-78906708387b',
    name: 'Microsoft Azure Internal Consumption',
    user: {
      name: 'user@domain.example',
      type: 'servicePrincipal'
    },
    tenantId: '72f988bf-86f1-41af-91ab-2d7cd011db47',
    state: 'Enabled',
    registeredProviders: [],
    isDefault: true
  }, newProfile.environments['AzureCloud']));

  return newProfile;
};

exports.setEnvironment = function() {
  process.env['AZURE_VM_TEST_LOCATION'] = 'southeastasia';
  process.env['SSHCERT'] = 'test/myCert.pem';
};

exports.scopes = [[function (nock) { 
var result = 
nock('http://management.azure.com:443')
  .get('/subscriptions/e33f361b-53c2-4cc7-b829-78906708387b/resourceGroups/xplatTestGVMCreate5686/providers/Microsoft.Compute/virtualMachines/xplatvm?$expand=instanceView&api-version=2015-06-15')
  .reply(200, "{\r\n  \"properties\": {\r\n    \"vmId\": \"1bbf7e1c-4763-4c7f-b4c5-32a8e31689f3\",\r\n    \"hardwareProfile\": {\r\n      \"vmSize\": \"Standard_A1\"\r\n    },\r\n    \"storageProfile\": {\r\n      \"osDisk\": {\r\n        \"osType\": \"Linux\",\r\n        \"name\": \"clif977ecb5495eb0ea-os-1449163084754\",\r\n        \"createOption\": \"FromImage\",\r\n        \"image\": {\r\n          \"uri\": \"https://xplatteststorage13770.blob.core.windows.net/system/Microsoft.Compute/Images/vhds/xplatvm-osDisk.fb346360-e1b7-4f22-8e56-a8fa5bc91ce8.vhd\"\r\n        },\r\n        \"vhd\": {\r\n          \"uri\": \"https://xplatteststorage13770.blob.core.windows.net/xplatteststoragecnt17324/clif977ecb5495eb0ea-os-1449163084754.vhd\"\r\n        },\r\n        \"caching\": \"ReadWrite\"\r\n      },\r\n      \"dataDisks\": []\r\n    },\r\n    \"osProfile\": {\r\n      \"computerName\": \"xplatvm\",\r\n      \"adminUsername\": \"azureuser\",\r\n      \"linuxConfiguration\": {\r\n        \"disablePasswordAuthentication\": false,\r\n        \"ssh\": {\r\n          \"publicKeys\": [\r\n            {\r\n              \"path\": \"/home/azureuser/.ssh/authorized_keys\",\r\n              \"keyData\": \"MIID/zCCAuegAwIBAgIJAMUAa+XVLvAeMA0GCSqGSIb3DQEBBQUAMIGVMQswCQYD\\r\\nVQQGEwJJbjESMBAGA1UECAwJS2FybmF0YWthMRIwEAYDVQQHDAlCYW5nYWxvcmUx\\r\\nEDAOBgNVBAoMB2JyaWxsaW8xEjAQBgNVBAsMCW1pY3Jvc29mdDEQMA4GA1UEAwwH\\r\\nYnJpbGxpbzEmMCQGCSqGSIb3DQEJARYXc3JlZWthbnRoYnNAeWFob28uY28uaW4w\\r\\nHhcNMTUwMzA1MTE1MzEyWhcNMTYwMzA0MTE1MzEyWjCBlTELMAkGA1UEBhMCSW4x\\r\\nEjAQBgNVBAgMCUthcm5hdGFrYTESMBAGA1UEBwwJQmFuZ2Fsb3JlMRAwDgYDVQQK\\r\\nDAdicmlsbGlvMRIwEAYDVQQLDAltaWNyb3NvZnQxEDAOBgNVBAMMB2JyaWxsaW8x\\r\\nJjAkBgkqhkiG9w0BCQEWF3NyZWVrYW50aGJzQHlhaG9vLmNvLmluMIIBIjANBgkq\\r\\nhkiG9w0BAQEFAAOCAQ8AMIIBCgKCAQEAyUNKaOuT0NK+S8Ck81zy9xJ6hXfZvAC6\\r\\nlhbmf/6s/WVimJ/TX5NMhQJwC9k6ZIF92KfYrojHNvHDufSZ3EtKUVwRFCDjmgMT\\r\\nDL09WkGaZt7gROYFK0iZ4KrYGovUwlwum9fHB24OJiOV4bi0ek62/rHx9fjYZpvp\\r\\naIH2PV/hN8SCZ0x7HJMberD4gVoU/Kv42nNvwjLUW6IZfVx/Gv5OeFDtWHfSvUEF\\r\\ndadHKTPn3Ab20Iu6gZIbLO9Vuf38/IpaYGfnFCouHdzmiTiLieYNe3CUPcOJNSv7\\r\\n1G8KYpx3uNJRkJPab5OsRyJw75Gvzkr9OgaPss9tVD6Gt68u3WQtVQIDAQABo1Aw\\r\\nTjAdBgNVHQ4EFgQUogvhXB+xZ2JJPfLO6cVs4ForzscwHwYDVR0jBBgwFoAUogvh\\r\\nXB+xZ2JJPfLO6cVs4ForzscwDAYDVR0TBAUwAwEB/zANBgkqhkiG9w0BAQUFAAOC\\r\\nAQEAdDj7qUNJ45xlF5cjd+4x5NHvAD1VTjOKu+Xh/uzSSjXqB2F0aOMWA9lx0qaQ\\r\\noJgHkGxj3zz/W7ik/cVGL2O+vRIOKv/y0OPogEmS3Hw+P+O6OGE7x1G6YN0zLVoL\\r\\nu4BN/BEYmjttxM9I7qqL7C5cJoE+K3s/w1/pt/68ohJcr7F9Ohi7cso62xuGY1Rm\\r\\nksAh2EUDsU9JV/P+C9AMpLSrb03JJYzVj4w1RHbrmw2AjFyGXdQYkggyXisg+Ifr\\r\\n5gbNN7HigpHf7b2i3CQBUqp9m23frh5AhnLI2qp3UXgc52U5ieLdi/t6j0TTZqqY\\r\\nHhHqofKrj938HHlBNpC5/LVh3w==\\r\\n\"\r\n            }\r\n          ]\r\n        }\r\n      },\r\n      \"secrets\": []\r\n    },\r\n    \"networkProfile\": {\"networkInterfaces\":[{\"properties\":{},\"id\":\"/subscriptions/e33f361b-53c2-4cc7-b829-78906708387b/resourceGroups/xplatTestGVMCreate5686/providers/Microsoft.Network/networkInterfaces/xplattestnic\"}]},\r\n    \"diagnosticsProfile\": {\r\n      \"bootDiagnostics\": {\r\n        \"enabled\": true,\r\n        \"storageUri\": \"https://xplatteststorage13770.blob.core.windows.net/\"\r\n      }\r\n    },\r\n    \"provisioningState\": \"Succeeded\",\r\n    \"instanceView\": {\r\n      \"vmAgent\": {\r\n        \"vmAgentVersion\": \"WALinuxAgent-2.0.13\",\r\n        \"statuses\": [\r\n          {\r\n            \"code\": \"ProvisioningState/succeeded\",\r\n            \"level\": \"Info\",\r\n            \"displayStatus\": \"Ready\",\r\n            \"message\": \"GuestAgent is running and accepting new configurations.\",\r\n            \"time\": \"2015-12-03T17:32:48+00:00\"\r\n          }\r\n        ],\r\n        \"extensionHandlers\": []\r\n      },\r\n      \"disks\": [\r\n        {\r\n          \"name\": \"clif977ecb5495eb0ea-os-1449163084754\",\r\n          \"statuses\": [\r\n            {\r\n              \"code\": \"ProvisioningState/succeeded\",\r\n              \"level\": \"Info\",\r\n              \"displayStatus\": \"Provisioning succeeded\",\r\n              \"time\": \"2015-12-03T17:18:10.5144743+00:00\"\r\n            }\r\n          ]\r\n        }\r\n      ],\r\n      \"bootDiagnostics\": {\r\n        \"consoleScreenshotBlobUri\": \"https://xplatteststorage13770.blob.core.windows.net/bootdiagnostics-xplatvm-1bbf7e1c-4763-4c7f-b4c5-32a8e31689f3/xplatvm.1bbf7e1c-4763-4c7f-b4c5-32a8e31689f3.screenshot.bmp\",\r\n        \"serialConsoleLogBlobUri\": \"https://xplatteststorage13770.blob.core.windows.net/bootdiagnostics-xplatvm-1bbf7e1c-4763-4c7f-b4c5-32a8e31689f3/xplatvm.1bbf7e1c-4763-4c7f-b4c5-32a8e31689f3.serialconsole.log\"\r\n      },\r\n      \"statuses\": [\r\n        {\r\n          \"code\": \"ProvisioningState/succeeded\",\r\n          \"level\": \"Info\",\r\n          \"displayStatus\": \"Provisioning succeeded\",\r\n          \"time\": \"2015-12-03T17:20:14.3942335+00:00\"\r\n        },\r\n        {\r\n          \"code\": \"PowerState/running\",\r\n          \"level\": \"Info\",\r\n          \"displayStatus\": \"VM running\"\r\n        }\r\n      ]\r\n    }\r\n  },\r\n  \"id\": \"/subscriptions/e33f361b-53c2-4cc7-b829-78906708387b/resourceGroups/xplatTestGVMCreate5686/providers/Microsoft.Compute/virtualMachines/xplatvm\",\r\n  \"name\": \"xplatvm\",\r\n  \"type\": \"Microsoft.Compute/virtualMachines\",\r\n  \"location\": \"southeastasia\",\r\n  \"tags\": {\r\n    \"a\": \"b\",\r\n    \"b\": \"c\",\r\n    \"d\": \"\"\r\n  }\r\n}", { 'cache-control': 'no-cache',
  pragma: 'no-cache',
  'content-length': '5043',
  'content-type': 'application/json; charset=utf-8',
  expires: '-1',
  'strict-transport-security': 'max-age=31536000; includeSubDomains',
  'x-ms-served-by': 'dce02487-9cda-4782-8138-773eb1573792_130917730403641735',
  'x-ms-request-id': 'cc99ac87-9866-4d38-ae2d-b9eb50eb25cf',
  server: 'Microsoft-HTTPAPI/2.0, Microsoft-HTTPAPI/2.0',
  'x-ms-ratelimit-remaining-subscription-reads': '14988',
  'x-ms-correlation-request-id': '030e3da7-db08-4d86-a0a3-ee9c9aab0c6b',
  'x-ms-routing-request-id': 'WESTUS:20151203T173255Z:030e3da7-db08-4d86-a0a3-ee9c9aab0c6b',
  date: 'Thu, 03 Dec 2015 17:32:54 GMT',
  connection: 'close' });
 return result; },
function (nock) { 
var result = 
nock('https://management.azure.com:443')
  .get('/subscriptions/e33f361b-53c2-4cc7-b829-78906708387b/resourceGroups/xplatTestGVMCreate5686/providers/Microsoft.Compute/virtualMachines/xplatvm?$expand=instanceView&api-version=2015-06-15')
  .reply(200, "{\r\n  \"properties\": {\r\n    \"vmId\": \"1bbf7e1c-4763-4c7f-b4c5-32a8e31689f3\",\r\n    \"hardwareProfile\": {\r\n      \"vmSize\": \"Standard_A1\"\r\n    },\r\n    \"storageProfile\": {\r\n      \"osDisk\": {\r\n        \"osType\": \"Linux\",\r\n        \"name\": \"clif977ecb5495eb0ea-os-1449163084754\",\r\n        \"createOption\": \"FromImage\",\r\n        \"image\": {\r\n          \"uri\": \"https://xplatteststorage13770.blob.core.windows.net/system/Microsoft.Compute/Images/vhds/xplatvm-osDisk.fb346360-e1b7-4f22-8e56-a8fa5bc91ce8.vhd\"\r\n        },\r\n        \"vhd\": {\r\n          \"uri\": \"https://xplatteststorage13770.blob.core.windows.net/xplatteststoragecnt17324/clif977ecb5495eb0ea-os-1449163084754.vhd\"\r\n        },\r\n        \"caching\": \"ReadWrite\"\r\n      },\r\n      \"dataDisks\": []\r\n    },\r\n    \"osProfile\": {\r\n      \"computerName\": \"xplatvm\",\r\n      \"adminUsername\": \"azureuser\",\r\n      \"linuxConfiguration\": {\r\n        \"disablePasswordAuthentication\": false,\r\n        \"ssh\": {\r\n          \"publicKeys\": [\r\n            {\r\n              \"path\": \"/home/azureuser/.ssh/authorized_keys\",\r\n              \"keyData\": \"MIID/zCCAuegAwIBAgIJAMUAa+XVLvAeMA0GCSqGSIb3DQEBBQUAMIGVMQswCQYD\\r\\nVQQGEwJJbjESMBAGA1UECAwJS2FybmF0YWthMRIwEAYDVQQHDAlCYW5nYWxvcmUx\\r\\nEDAOBgNVBAoMB2JyaWxsaW8xEjAQBgNVBAsMCW1pY3Jvc29mdDEQMA4GA1UEAwwH\\r\\nYnJpbGxpbzEmMCQGCSqGSIb3DQEJARYXc3JlZWthbnRoYnNAeWFob28uY28uaW4w\\r\\nHhcNMTUwMzA1MTE1MzEyWhcNMTYwMzA0MTE1MzEyWjCBlTELMAkGA1UEBhMCSW4x\\r\\nEjAQBgNVBAgMCUthcm5hdGFrYTESMBAGA1UEBwwJQmFuZ2Fsb3JlMRAwDgYDVQQK\\r\\nDAdicmlsbGlvMRIwEAYDVQQLDAltaWNyb3NvZnQxEDAOBgNVBAMMB2JyaWxsaW8x\\r\\nJjAkBgkqhkiG9w0BCQEWF3NyZWVrYW50aGJzQHlhaG9vLmNvLmluMIIBIjANBgkq\\r\\nhkiG9w0BAQEFAAOCAQ8AMIIBCgKCAQEAyUNKaOuT0NK+S8Ck81zy9xJ6hXfZvAC6\\r\\nlhbmf/6s/WVimJ/TX5NMhQJwC9k6ZIF92KfYrojHNvHDufSZ3EtKUVwRFCDjmgMT\\r\\nDL09WkGaZt7gROYFK0iZ4KrYGovUwlwum9fHB24OJiOV4bi0ek62/rHx9fjYZpvp\\r\\naIH2PV/hN8SCZ0x7HJMberD4gVoU/Kv42nNvwjLUW6IZfVx/Gv5OeFDtWHfSvUEF\\r\\ndadHKTPn3Ab20Iu6gZIbLO9Vuf38/IpaYGfnFCouHdzmiTiLieYNe3CUPcOJNSv7\\r\\n1G8KYpx3uNJRkJPab5OsRyJw75Gvzkr9OgaPss9tVD6Gt68u3WQtVQIDAQABo1Aw\\r\\nTjAdBgNVHQ4EFgQUogvhXB+xZ2JJPfLO6cVs4ForzscwHwYDVR0jBBgwFoAUogvh\\r\\nXB+xZ2JJPfLO6cVs4ForzscwDAYDVR0TBAUwAwEB/zANBgkqhkiG9w0BAQUFAAOC\\r\\nAQEAdDj7qUNJ45xlF5cjd+4x5NHvAD1VTjOKu+Xh/uzSSjXqB2F0aOMWA9lx0qaQ\\r\\noJgHkGxj3zz/W7ik/cVGL2O+vRIOKv/y0OPogEmS3Hw+P+O6OGE7x1G6YN0zLVoL\\r\\nu4BN/BEYmjttxM9I7qqL7C5cJoE+K3s/w1/pt/68ohJcr7F9Ohi7cso62xuGY1Rm\\r\\nksAh2EUDsU9JV/P+C9AMpLSrb03JJYzVj4w1RHbrmw2AjFyGXdQYkggyXisg+Ifr\\r\\n5gbNN7HigpHf7b2i3CQBUqp9m23frh5AhnLI2qp3UXgc52U5ieLdi/t6j0TTZqqY\\r\\nHhHqofKrj938HHlBNpC5/LVh3w==\\r\\n\"\r\n            }\r\n          ]\r\n        }\r\n      },\r\n      \"secrets\": []\r\n    },\r\n    \"networkProfile\": {\"networkInterfaces\":[{\"properties\":{},\"id\":\"/subscriptions/e33f361b-53c2-4cc7-b829-78906708387b/resourceGroups/xplatTestGVMCreate5686/providers/Microsoft.Network/networkInterfaces/xplattestnic\"}]},\r\n    \"diagnosticsProfile\": {\r\n      \"bootDiagnostics\": {\r\n        \"enabled\": true,\r\n        \"storageUri\": \"https://xplatteststorage13770.blob.core.windows.net/\"\r\n      }\r\n    },\r\n    \"provisioningState\": \"Succeeded\",\r\n    \"instanceView\": {\r\n      \"vmAgent\": {\r\n        \"vmAgentVersion\": \"WALinuxAgent-2.0.13\",\r\n        \"statuses\": [\r\n          {\r\n            \"code\": \"ProvisioningState/succeeded\",\r\n            \"level\": \"Info\",\r\n            \"displayStatus\": \"Ready\",\r\n            \"message\": \"GuestAgent is running and accepting new configurations.\",\r\n            \"time\": \"2015-12-03T17:32:48+00:00\"\r\n          }\r\n        ],\r\n        \"extensionHandlers\": []\r\n      },\r\n      \"disks\": [\r\n        {\r\n          \"name\": \"clif977ecb5495eb0ea-os-1449163084754\",\r\n          \"statuses\": [\r\n            {\r\n              \"code\": \"ProvisioningState/succeeded\",\r\n              \"level\": \"Info\",\r\n              \"displayStatus\": \"Provisioning succeeded\",\r\n              \"time\": \"2015-12-03T17:18:10.5144743+00:00\"\r\n            }\r\n          ]\r\n        }\r\n      ],\r\n      \"bootDiagnostics\": {\r\n        \"consoleScreenshotBlobUri\": \"https://xplatteststorage13770.blob.core.windows.net/bootdiagnostics-xplatvm-1bbf7e1c-4763-4c7f-b4c5-32a8e31689f3/xplatvm.1bbf7e1c-4763-4c7f-b4c5-32a8e31689f3.screenshot.bmp\",\r\n        \"serialConsoleLogBlobUri\": \"https://xplatteststorage13770.blob.core.windows.net/bootdiagnostics-xplatvm-1bbf7e1c-4763-4c7f-b4c5-32a8e31689f3/xplatvm.1bbf7e1c-4763-4c7f-b4c5-32a8e31689f3.serialconsole.log\"\r\n      },\r\n      \"statuses\": [\r\n        {\r\n          \"code\": \"ProvisioningState/succeeded\",\r\n          \"level\": \"Info\",\r\n          \"displayStatus\": \"Provisioning succeeded\",\r\n          \"time\": \"2015-12-03T17:20:14.3942335+00:00\"\r\n        },\r\n        {\r\n          \"code\": \"PowerState/running\",\r\n          \"level\": \"Info\",\r\n          \"displayStatus\": \"VM running\"\r\n        }\r\n      ]\r\n    }\r\n  },\r\n  \"id\": \"/subscriptions/e33f361b-53c2-4cc7-b829-78906708387b/resourceGroups/xplatTestGVMCreate5686/providers/Microsoft.Compute/virtualMachines/xplatvm\",\r\n  \"name\": \"xplatvm\",\r\n  \"type\": \"Microsoft.Compute/virtualMachines\",\r\n  \"location\": \"southeastasia\",\r\n  \"tags\": {\r\n    \"a\": \"b\",\r\n    \"b\": \"c\",\r\n    \"d\": \"\"\r\n  }\r\n}", { 'cache-control': 'no-cache',
  pragma: 'no-cache',
  'content-length': '5043',
  'content-type': 'application/json; charset=utf-8',
  expires: '-1',
  'strict-transport-security': 'max-age=31536000; includeSubDomains',
  'x-ms-served-by': 'dce02487-9cda-4782-8138-773eb1573792_130917730403641735',
  'x-ms-request-id': 'cc99ac87-9866-4d38-ae2d-b9eb50eb25cf',
  server: 'Microsoft-HTTPAPI/2.0, Microsoft-HTTPAPI/2.0',
  'x-ms-ratelimit-remaining-subscription-reads': '14988',
  'x-ms-correlation-request-id': '030e3da7-db08-4d86-a0a3-ee9c9aab0c6b',
  'x-ms-routing-request-id': 'WESTUS:20151203T173255Z:030e3da7-db08-4d86-a0a3-ee9c9aab0c6b',
  date: 'Thu, 03 Dec 2015 17:32:54 GMT',
  connection: 'close' });
 return result; },
function (nock) { 
var result = 
nock('http://management.azure.com:443')
  .post('/subscriptions/e33f361b-53c2-4cc7-b829-78906708387b/resourceGroups/xplatTestGVMCreate5686/providers/Microsoft.Storage/storageAccounts/xplatteststorage13770/listKeys?api-version=2015-06-15')
  .reply(200, "{\"key1\":\"wXLypVV9l2Pc6eM0TR5C+zchKL/oYj0kb2xvgPdJNPGKfE5Uj1jpNWKrH9BtDu7LMNaszhInBbE6NJmyeeXB0w==\",\"key2\":\"cKE3I4ujSUFiF/BhlgGOK4T4SDUWJk4CniqP6Tkl0RTJTd5XWde55gDEb441RIM3530iWEAszNqWoPa87hoH6g==\"}\n", { 'cache-control': 'no-cache',
  pragma: 'no-cache',
  'content-length': '198',
  'content-type': 'application/json',
  expires: '-1',
  'x-ms-request-id': 'daa86045-c618-46cf-af62-98c1c5e6f072',
  server: 'Microsoft-Azure-Storage-Resource-Provider/1.0, Microsoft-HTTPAPI/2.0',
  'x-ms-ratelimit-remaining-subscription-writes': '1197',
  'x-ms-correlation-request-id': 'daa86045-c618-46cf-af62-98c1c5e6f072',
  'x-ms-routing-request-id': 'WESTUS:20151203T173255Z:daa86045-c618-46cf-af62-98c1c5e6f072',
  'strict-transport-security': 'max-age=31536000; includeSubDomains',
  date: 'Thu, 03 Dec 2015 17:32:55 GMT',
  connection: 'close' });
 return result; },
function (nock) { 
var result = 
nock('https://management.azure.com:443')
  .post('/subscriptions/e33f361b-53c2-4cc7-b829-78906708387b/resourceGroups/xplatTestGVMCreate5686/providers/Microsoft.Storage/storageAccounts/xplatteststorage13770/listKeys?api-version=2015-06-15')
  .reply(200, "{\"key1\":\"wXLypVV9l2Pc6eM0TR5C+zchKL/oYj0kb2xvgPdJNPGKfE5Uj1jpNWKrH9BtDu7LMNaszhInBbE6NJmyeeXB0w==\",\"key2\":\"cKE3I4ujSUFiF/BhlgGOK4T4SDUWJk4CniqP6Tkl0RTJTd5XWde55gDEb441RIM3530iWEAszNqWoPa87hoH6g==\"}\n", { 'cache-control': 'no-cache',
  pragma: 'no-cache',
  'content-length': '198',
  'content-type': 'application/json',
  expires: '-1',
  'x-ms-request-id': 'daa86045-c618-46cf-af62-98c1c5e6f072',
  server: 'Microsoft-Azure-Storage-Resource-Provider/1.0, Microsoft-HTTPAPI/2.0',
  'x-ms-ratelimit-remaining-subscription-writes': '1197',
  'x-ms-correlation-request-id': 'daa86045-c618-46cf-af62-98c1c5e6f072',
  'x-ms-routing-request-id': 'WESTUS:20151203T173255Z:daa86045-c618-46cf-af62-98c1c5e6f072',
  'strict-transport-security': 'max-age=31536000; includeSubDomains',
  date: 'Thu, 03 Dec 2015 17:32:55 GMT',
  connection: 'close' });
 return result; },
function (nock) { 
var result = 
nock('http://xplatteststorage13770.blob.core.windows.net:443')
  .head('/bootdiagnostics-xplatvm-1bbf7e1c-4763-4c7f-b4c5-32a8e31689f3/xplatvm.1bbf7e1c-4763-4c7f-b4c5-32a8e31689f3.serialconsole.log')
  .reply(200, "", { 'content-length': '65536',
  'last-modified': 'Thu, 03 Dec 2015 17:21:04 GMT',
  'accept-ranges': 'bytes',
  etag: '"0x8D2FC061FA9D3C8"',
  server: 'Windows-Azure-Blob/1.0 Microsoft-HTTPAPI/2.0',
  'x-ms-request-id': '40bafc3f-0001-0014-0df0-2dc263000000',
  'x-ms-version': '2015-02-21',
  'x-ms-lease-status': 'unlocked',
  'x-ms-lease-state': 'available',
  'x-ms-blob-type': 'PageBlob',
  'x-ms-blob-sequence-number': '0',
  date: 'Thu, 03 Dec 2015 17:32:56 GMT',
  connection: 'close' });
 return result; },
function (nock) { 
var result = 
nock('https://xplatteststorage13770.blob.core.windows.net:443')
  .head('/bootdiagnostics-xplatvm-1bbf7e1c-4763-4c7f-b4c5-32a8e31689f3/xplatvm.1bbf7e1c-4763-4c7f-b4c5-32a8e31689f3.serialconsole.log')
  .reply(200, "", { 'content-length': '65536',
  'last-modified': 'Thu, 03 Dec 2015 17:21:04 GMT',
  'accept-ranges': 'bytes',
  etag: '"0x8D2FC061FA9D3C8"',
  server: 'Windows-Azure-Blob/1.0 Microsoft-HTTPAPI/2.0',
  'x-ms-request-id': '40bafc3f-0001-0014-0df0-2dc263000000',
  'x-ms-version': '2015-02-21',
  'x-ms-lease-status': 'unlocked',
  'x-ms-lease-state': 'available',
  'x-ms-blob-type': 'PageBlob',
  'x-ms-blob-sequence-number': '0',
  date: 'Thu, 03 Dec 2015 17:32:56 GMT',
  connection: 'close' });
 return result; },
function (nock) { 
var result = 
nock('http://xplatteststorage13770.blob.core.windows.net:443')
  .get('/bootdiagnostics-xplatvm-1bbf7e1c-4763-4c7f-b4c5-32a8e31689f3/xplatvm.1bbf7e1c-4763-4c7f-b4c5-32a8e31689f3.serialconsole.log')
  .reply(200, "\u001b[H\u001b[J\u001b[1;1H[    0.000000] Initializing cgroup subsys cpuset\r\n[    0.000000] Initializing cgroup subsys cpu\r\n[    0.000000] Initializing cgroup subsys cpuacct\r\n[    0.000000] Linux version 3.19.0-22-generic (buildd@allspice) (gcc version 4.9.2 (Ubuntu 4.9.2-10ubuntu13) ) #22-Ubuntu SMP Tue Jun 16 17:15:15 UTC 2015 (Ubuntu 3.19.0-22.22-generic 3.19.8-ckt1)\r\n[    0.000000] Command line: BOOT_IMAGE=/boot/vmlinuz-3.19.0-22-generic root=UUID=86b96bdf-cfdc-4d59-8fcc-539ee2251b7d ro console=tty1 console=ttyS0 earlyprintk=ttyS0 rootdelay=300\r\n[    0.000000] KERNEL supported cpus:\r\n[    0.000000]   Intel GenuineIntel\r\n[    0.000000]   AMD AuthenticAMD\r\n[    0.000000]   Centaur CentaurHauls\r\n[    0.000000] e820: BIOS-provided physical RAM map:\r\n[    0.000000] BIOS-e820: [mem 0x0000000000000000-0x000000000009fbff] usable\r\n[    0.000000] BIOS-e820: [mem 0x000000000009fc00-0x000000000009ffff] reserved\r\n[    0.000000] BIOS-e820: [mem 0x00000000000e0000-0x00000000000fffff] reserved\r\n[    0.000000] BIOS-e820: [mem 0x0000000000100000-0x000000001ffeffff] usable\r\n[    0.000000] BIOS-e820: [mem 0x000000001fff0000-0x000000001fffefff] ACPI data\r\n[    0.000000] BIOS-e820: [mem 0x000000001ffff000-0x000000001fffffff] ACPI NVS\r\n[    0.000000] BIOS-e820: [mem 0x0000000100000000-0x000000014fffffff] usable\r\n[    0.000000] bootconsole [earlyser0] enabled\r\n[    0.000000] NX (Execute Disable) protection: active\r\n[    0.000000] SMBIOS 2.3 present.\r\n[    0.000000] Hypervisor detected: Microsoft HyperV\r\n[    0.000000] HyperV: features 0xe7f, hints 0x2c\r\n[    0.000000] HyperV: LAPIC Timer Frequency: 0xc3500\r\n[    0.000000] AGP: No AGP bridge found\r\n[    0.000000] e820: last_pfn = 0x150000 max_arch_pfn = 0x400000000\r\n[    0.000000] PAT configuration [0-7]: WB  WC  UC- UC  WB  WC  UC- UC  \r\n[    0.000000] e820: last_pfn = 0x1fff0 max_arch_pfn = 0x400000000\r\n[    0.000000] found SMP MP-table at [mem 0x000ff780-0x000ff78f] mapped at [ffff8800000ff780]\r\n[    0.000000] Scanning 1 areas for low memory corruption\r\n[    0.000000] init_memory_mapping: [mem 0x00000000-0x000fffff]\r\n[    0.000000] init_memory_mapping: [mem 0x14fe00000-0x14fffffff]\r\n[    0.000000] init_memory_mapping: [mem 0x140000000-0x14fdfffff]\r\n[    0.000000] init_memory_mapping: [mem 0x120000000-0x13fffffff]\r\n[    0.000000] init_memory_mapping: [mem 0x00100000-0x1ffeffff]\r\n[    0.000000] init_memory_mapping: [mem 0x100000000-0x11fffffff]\r\n[    0.000000] RAMDISK: [mem 0x1dd2d000-0x1f7c3fff]\r\n[    0.000000] ACPI: Early table checksum verification disabled\r\n[    0.000000] ACPI: RSDP 0x00000000000F56F0 000014 (v00 ACPIAM)\r\n[    0.000000] ACPI: RSDT 0x000000001FFF0000 000040 (v01 VRTUAL MICROSFT 05001223 MSFT 00000097)\r\n[    0.000000] ACPI: FACP 0x000000001FFF0200 000081 (v02 VRTUAL MICROSFT 05001223 MSFT 00000097)\r\n[    0.000000] ACPI: DSDT 0x000000001FFF1724 002E78 (v01 MSFTVM MSFTVM02 00000002 INTL 02002026)\r\n[    0.000000] ACPI: FACS 0x000000001FFFF000 000040\r\n[    0.000000] ACPI: WAET 0x000000001FFF1480 000028 (v01 VRTUAL MICROSFT 05001223 MSFT 00000097)\r\n[    0.000000] ACPI: SLIC 0x000000001FFF14C0 000176 (v01 VRTUAL MICROSFT 05001223 MSFT 00000097)\r\n[    0.000000] ACPI: OEM0 0x000000001FFF16C0 000064 (v01 VRTUAL MICROSFT 05001223 MSFT 00000097)\r\n[    0.000000] ACPI: SRAT 0x000000001FFF0600 000090 (v02 VRTUAL MICROSFT 00000001 MSFT 00000001)\r\n[    0.000000] ACPI: APIC 0x000000001FFF0300 00024C (v01 VRTUAL MICROSFT 05001223 MSFT 00000097)\r\n[    0.000000] ACPI: OEMB 0x000000001FFFF040 000064 (v01 VRTUAL MICROSFT 05001223 MSFT 00000097)\r\n[    0.000000] SRAT: PXM 0 -> APIC 0x00 -> Node 0\r\n[    0.000000] SRAT: Node 0 PXM 0 [mem 0x00000000-0x1fffffff]\r\n[    0.000000] SRAT: Node 0 PXM 0 [mem 0x100000000-0x14fffffff]\r\n[    0.000000] NUMA: Node 0 [mem 0x00000000-0x1fffffff] + [mem 0x100000000-0x14fffffff] -> [mem 0x00000000-0x14fffffff]\r\n[    0.000000] NODE_DATA(0) allocated [mem 0x14fffa000-0x14fffefff]\r\n[    0.000000] Zone ranges:\r\n[    0.000000]   DMA      [mem 0x00001000-0x00ffffff]\r\n[    0.000000]   DMA32    [mem 0x01000000-0xffffffff]\r\n[    0.000000]   Normal   [mem 0x100000000-0x14fffffff]\r\n[    0.000000] Movable zone start for each node\r\n[    0.000000] Early memory node ranges\r\n[    0.000000]   node   0: [mem 0x00001000-0x0009efff]\r\n[    0.000000]   node   0: [mem 0x00100000-0x1ffeffff]\r\n[    0.000000]   node   0: [mem 0x100000000-0x14fffffff]\r\n[    0.000000] Initmem setup node 0 [mem 0x00001000-0x14fffffff]\r\n[    0.000000] ACPI: PM-Timer IO Port: 0x408\r\n[    0.000000] ACPI: LAPIC (acpi_id[0x01] lapic_id[0x00] enabled)\r\n[    0.000000] ACPI: LAPIC (acpi_id[0x02] lapic_id[0x01] disabled)\r\n[    0.000000] ACPI: LAPIC (acpi_id[0x03] lapic_id[0x02] disabled)\r\n[    0.000000] ACPI: LAPIC (acpi_id[0x04] lapic_id[0x03] disabled)\r\n[    0.000000] ACPI: LAPIC (acpi_id[0x05] lapic_id[0x04] disabled)\r\n[    0.000000] ACPI: LAPIC (acpi_id[0x06] lapic_id[0x05] disabled)\r\n[    0.000000] ACPI: LAPIC (acpi_id[0x07] lapic_id[0x06] disabled)\r\n[    0.000000] ACPI: LAPIC (acpi_id[0x08] lapic_id[0x07] disabled)\r\n[    0.000000] ACPI: LAPIC (acpi_id[0x09] lapic_id[0x08] disabled)\r\n[    0.000000] ACPI: LAPIC (acpi_id[0x0a] lapic_id[0x09] disabled)\r\n[    0.000000] ACPI: LAPIC (acpi_id[0x0b] lapic_id[0x0a] disabled)\r\n[    0.000000] ACPI: LAPIC (acpi_id[0x0c] lapic_id[0x0b] disabled)\r\n[    0.000000] ACPI: LAPIC (acpi_id[0x0d] lapic_id[0x0c] disabled)\r\n[    0.000000] ACPI: LAPIC (acpi_id[0x0e] lapic_id[0x0d] disabled)\r\n[    0.000000] ACPI: LAPIC (acpi_id[0x0f] lapic_id[0x0e] disabled)\r\n[    0.000000] ACPI: LAPIC (acpi_id[0x10] lapic_id[0x0f] disabled)\r\n[    0.000000] ACPI: LAPIC (acpi_id[0x11] lapic_id[0x10] disabled)\r\n[    0.000000] ACPI: LAPIC (acpi_id[0x12] lapic_id[0x11] disabled)\r\n[    0.000000] ACPI: LAPIC (acpi_id[0x13] lapic_id[0x12] disabled)\r\n[    0.000000] ACPI: LAPIC (acpi_id[0x14] lapic_id[0x13] disabled)\r\n[    0.000000] ACPI: LAPIC (acpi_id[0x15] lapic_id[0x14] disabled)\r\n[    0.000000] ACPI: LAPIC (acpi_id[0x16] lapic_id[0x15] disabled)\r\n[    0.000000] ACPI: LAPIC (acpi_id[0x17] lapic_id[0x16] disabled)\r\n[    0.000000] ACPI: LAPIC (acpi_id[0x18] lapic_id[0x17] disabled)\r\n[    0.000000] ACPI: LAPIC (acpi_id[0x19] lapic_id[0x18] disabled)\r\n[    0.000000] ACPI: LAPIC (acpi_id[0x1a] lapic_id[0x19] disabled)\r\n[    0.000000] ACPI: LAPIC (acpi_id[0x1b] lapic_id[0x1a] disabled)\r\n[    0.000000] ACPI: LAPIC (acpi_id[0x1c] lapic_id[0x1b] disabled)\r\n[    0.000000] ACPI: LAPIC (acpi_id[0x1d] lapic_id[0x1c] disabled)\r\n[    0.000000] ACPI: LAPIC (acpi_id[0x1e] lapic_id[0x1d] disabled)\r\n[    0.000000] ACPI: LAPIC (acpi_id[0x1f] lapic_id[0x1e] disabled)\r\n[    0.000000] ACPI: LAPIC (acpi_id[0x20] lapic_id[0x1f] disabled)\r\n[    0.000000] ACPI: LAPIC (acpi_id[0x21] lapic_id[0x20] disabled)\r\n[    0.000000] ACPI: LAPIC (acpi_id[0x22] lapic_id[0x21] disabled)\r\n[    0.000000] ACPI: LAPIC (acpi_id[0x23] lapic_id[0x22] disabled)\r\n[    0.000000] ACPI: LAPIC (acpi_id[0x24] lapic_id[0x23] disabled)\r\n[    0.000000] ACPI: LAPIC (acpi_id[0x25] lapic_id[0x24] disabled)\r\n[    0.000000] ACPI: LAPIC (acpi_id[0x26] lapic_id[0x25] disabled)\r\n[    0.000000] ACPI: LAPIC (acpi_id[0x27] lapic_id[0x26] disabled)\r\n[    0.000000] ACPI: LAPIC (acpi_id[0x28] lapic_id[0x27] disabled)\r\n[    0.000000] ACPI: LAPIC (acpi_id[0x29] lapic_id[0x28] disabled)\r\n[    0.000000] ACPI: LAPIC (acpi_id[0x2a] lapic_id[0x29] disabled)\r\n[    0.000000] ACPI: LAPIC (acpi_id[0x2b] lapic_id[0x2a] disabled)\r\n[    0.000000] ACPI: LAPIC (acpi_id[0x2c] lapic_id[0x2b] disabled)\r\n[    0.000000] ACPI: LAPIC (acpi_id[0x2d] lapic_id[0x2c] disabled)\r\n[    0.000000] ACPI: LAPIC (acpi_id[0x2e] lapic_id[0x2d] disabled)\r\n[    0.000000] ACPI: LAPIC (acpi_id[0x2f] lapic_id[0x2e] disabled)\r\n[    0.000000] ACPI: LAPIC (acpi_id[0x30] lapic_id[0x2f] disabled)\r\n[    0.000000] ACPI: LAPIC (acpi_id[0x31] lapic_id[0x30] disabled)\r\n[    0.000000] ACPI: LAPIC (acpi_id[0x32] lapic_id[0x31] disabled)\r\n[    0.000000] ACPI: LAPIC (acpi_id[0x33] lapic_id[0x32] disabled)\r\n[    0.000000] ACPI: LAPIC (acpi_id[0x34] lapic_id[0x33] disabled)\r\n[    0.000000] ACPI: LAPIC (acpi_id[0x35] lapic_id[0x34] disabled)\r\n[    0.000000] ACPI: LAPIC (acpi_id[0x36] lapic_id[0x35] disabled)\r\n[    0.000000] ACPI: LAPIC (acpi_id[0x37] lapic_id[0x36] disabled)\r\n[    0.000000] ACPI: LAPIC (acpi_id[0x38] lapic_id[0x37] disabled)\r\n[    0.000000] ACPI: LAPIC (acpi_id[0x39] lapic_id[0x38] disabled)\r\n[    0.000000] ACPI: LAPIC (acpi_id[0x3a] lapic_id[0x39] disabled)\r\n[    0.000000] ACPI: LAPIC (acpi_id[0x3b] lapic_id[0x3a] disabled)\r\n[    0.000000] ACPI: LAPIC (acpi_id[0x3c] lapic_id[0x3b] disabled)\r\n[    0.000000] ACPI: LAPIC (acpi_id[0x3d] lapic_id[0x3c] disabled)\r\n[    0.000000] ACPI: LAPIC (acpi_id[0x3e] lapic_id[0x3d] disabled)\r\n[    0.000000] ACPI: LAPIC (acpi_id[0x3f] lapic_id[0x3e] disabled)\r\n[    0.000000] ACPI: LAPIC (acpi_id[0x40] lapic_id[0x3f] disabled)\r\n[    0.000000] ACPI: IOAPIC (id[0x00] address[0xfec00000] gsi_base[0])\r\n[    0.000000] IOAPIC[0]: apic_id 0, version 17, address 0xfec00000, GSI 0-23\r\n[    0.000000] ACPI: INT_SRC_OVR (bus 0 bus_irq 0 global_irq 2 dfl dfl)\r\n[    0.000000] ACPI: INT_SRC_OVR (bus 0 bus_irq 9 global_irq 9 high level)\r\n[    0.000000] Using ACPI (MADT) for SMP configuration information\r\n[    0.000000] smpboot: Allowing 64 CPUs, 63 hotplug CPUs\r\n[    0.000000] PM: Registered nosave memory: [mem 0x00000000-0x00000fff]\r\n[    0.000000] PM: Registered nosave memory: [mem 0x0009f000-0x0009ffff]\r\n[    0.000000] PM: Registered nosave memory: [mem 0x000a0000-0x000dffff]\r\n[    0.000000] PM: Registered nosave memory: [mem 0x000e0000-0x000fffff]\r\n[    0.000000] PM: Registered nosave memory: [mem 0x1fff0000-0x1fffefff]\r\n[    0.000000] PM: Registered nosave memory: [mem 0x1ffff000-0x1fffffff]\r\n[    0.000000] PM: Registered nosave memory: [mem 0x20000000-0xffffffff]\r\n[    0.000000] e820: [mem 0x20000000-0xffffffff] available for PCI devices\r\n[    0.000000] Booting paravirtualized kernel on bare hardware\r\n[    0.000000] setup_percpu: NR_CPUS:256 nr_cpumask_bits:256 nr_cpu_ids:64 nr_node_ids:1\r\n[    0.000000] PERCPU: Embedded 31 pages/cpu @ffff88014d200000 s87040 r8192 d31744 u131072\r\n[    0.000000] Built 1 zonelists in Node order, mobility grouping on.  Total pages: 451449\r\n[    0.000000] Policy zone: Normal\r\n[    0.000000] Kernel command line: BOOT_IMAGE=/boot/vmlinuz-3.19.0-22-generic root=UUID=86b96bdf-cfdc-4d59-8fcc-539ee2251b7d ro console=tty1 console=ttyS0 earlyprintk=ttyS0 rootdelay=300\r\n[    0.000000] log_buf_len individual max cpu contribution: 4096 bytes\r\n[    0.000000] log_buf_len total cpu_extra contributions: 258048 bytes\r\n[    0.000000] log_buf_len min size: 262144 bytes\r\n[    0.000000] log_buf_len: 524288 bytes\r\n[    0.000000] early log buf free: 248736(94%)\r\n[    0.000000] PID hash table entries: 4096 (order: 3, 32768 bytes)\r\n[    0.000000] xsave: enabled xstate_bv 0x7, cntxt size 0x340 using standard form\r\n[    0.000000] AGP: Checking aperture...\r\n[    0.000000] AGP: No AGP bridge found\r\n[    0.000000] Memory: 1687496K/1834552K available (8001K kernel code, 1232K rwdata, 3752K rodata, 1408K init, 1300K bss, 147056K reserved, 0K cma-reserved)\r\n[    0.000000] SLUB: HWalign=64, Order=0-3, MinObjects=0, CPUs=64, Nodes=1\r\n[    0.000000] Hierarchical RCU implementation.\r\n[    0.000000] \tRCU dyntick-idle grace-period acceleration is enabled.\r\n[    0.000000] \tRCU restricting CPUs from NR_CPUS=256 to nr_cpu_ids=64.\r\n[    0.000000] RCU: Adjusting geometry for rcu_fanout_leaf=16, nr_cpu_ids=64\r\n[    0.000000] NR_IRQS:16640 nr_irqs:936 16\r\n[    0.000000] \tOffload RCU callbacks from all CPUs\r\n[    0.000000] \tOffload RCU callbacks from CPUs: 0-63.\r\n[    0.000000] Console: colour VGA+ 80x25\r\n[    0.000000] console [tty1] enabled\r\n[    0.000000] console [ttyS0] enabled\r\n[    0.000000] console [ttyS0] enabled\r\n[    0.000000] bootconsole [earlyser0] disabled\r\n[    0.000000] bootconsole [earlyser0] disabled\r\n[    0.000000] tsc: Fast TSC calibration failed\r\n[    0.000000] tsc: Unable to calibrate against PIT\r\n[    0.000000] tsc: using PMTIMER reference calibration\r\n[    0.000000] tsc: Detected 2397.198 MHz processor\r\n[    0.016028] Calibrating delay loop (skipped), value calculated using timer frequency.. 4794.39 BogoMIPS (lpj=9588792)\r\n[    0.020559] pid_max: default: 65536 minimum: 512\r\n[    0.021216] ACPI: Core revision 20141107\r\n[    0.023190] ACPI: All ACPI Tables successfully acquired\r\n[    0.025057] Security Framework initialized\r\n[    0.025793] AppArmor: AppArmor initialized\r\n[    0.026432] Yama: becoming mindful.\r\n[    0.027205] Dentry cache hash table entries: 262144 (order: 9, 2097152 bytes)\r\n[    0.028386] Inode-cache hash table entries: 131072 (order: 8, 1048576 bytes)\r\n[    0.029366] Mount-cache hash table entries: 4096 (order: 3, 32768 bytes)\r\n[    0.030156] Mountpoint-cache hash table entries: 4096 (order: 3, 32768 bytes)\r\n[    0.031206] Initializing cgroup subsys memory\r\n[    0.032025] Initializing cgroup subsys devices\r\n[    0.032684] Initializing cgroup subsys freezer\r\n[    0.033333] Initializing cgroup subsys net_cls\r\n[    0.033989] Initializing cgroup subsys blkio\r\n[    0.034643] Initializing cgroup subsys perf_event\r\n[    0.035305] Initializing cgroup subsys net_prio\r\n[    0.036013] Initializing cgroup subsys hugetlb\r\n[    0.037496] mce: CPU supports 1 MCE banks\r\n[    0.038121] Last level iTLB entries: 4KB 1024, 2MB 1024, 4MB 1024\r\n[    0.038121] Last level dTLB entries: 4KB 1024, 2MB 1024, 4MB 1024, 1GB 4\r\n[    0.062536] ftrace: allocating 30088 entries in 118 pages\r\n[    0.084120] Switched APIC routing to physical flat.\r\n[    0.105908] ..TIMER: vector=0x30 apic1=0 pin1=2 apic2=-1 pin2=-1\r\n[    0.108001] smpboot: CPU0: Intel(R) Xeon(R) CPU E5-2673 v3 @ 2.40GHz (fam: 06, model: 3f, stepping: 02)\r\n[    0.122804] Performance Events: unsupported p6 CPU model 63 no PMU driver, software events only.\r\n[    0.133187] x86: Booted up 1 node, 1 CPUs\r\n[    0.136004] smpboot: Total of 1 processors activated (4794.39 BogoMIPS)\r\n[    0.140009] NMI watchdog: disabled (cpu0): hardware events not enabled\r\n[    0.150127] devtmpfs: initialized\r\n[    0.156741] evm: security.selinux\r\n[    0.160002] evm: security.SMACK64\r\n[    0.164002] evm: security.SMACK64EXEC\r\n[    0.168001] evm: security.SMACK64TRANSMUTE\r\n[    0.172001] evm: security.SMACK64MMAP\r\n[    0.176002] evm: security.ima\r\n[    0.180001] evm: security.capability\r\n[    0.184071] PM: Registering ACPI NVS region [mem 0x1ffff000-0x1fffffff] (4096 bytes)\r\n[    0.188243] pinctrl core: initialized pinctrl subsystem\r\n[    0.192289] RTC time: 17:19:20, date: 12/03/15\r\n[    0.196160] NET: Registered protocol family 16\r\n[    0.200183] cpuidle: using governor ladder\r\n[    0.204016] cpuidle: using governor menu\r\n[    0.208058] ACPI: bus type PCI registered\r\n[    0.212003] acpiphp: ACPI Hot Plug PCI Controller Driver version: 0.5\r\n[    0.220124] PCI: Using configuration type 1 for base access\r\n[    0.229262] ACPI: Added _OSI(Module Device)\r\n[    0.232003] ACPI: Added _OSI(Processor Device)\r\n[    0.236002] ACPI: Added _OSI(3.0 _SCP Extensions)\r\n[    0.240002] ACPI: Added _OSI(Processor Aggregator Device)\r\n[    0.250657] ACPI: Interpreter enabled\r\n[    0.252006] ACPI Exception: AE_NOT_FOUND, While evaluating Sleep State [\\_S1_] (20141107/hwxface-580)\r\n[    0.264005] ACPI Exception: AE_NOT_FOUND, While evaluating Sleep State [\\_S2_] (20141107/hwxface-580)\r\n[    0.276004] ACPI Exception: AE_NOT_FOUND, While evaluating Sleep State [\\_S3_] (20141107/hwxface-580)\r\n[    0.288004] ACPI Exception: AE_NOT_FOUND, While evaluating Sleep State [\\_S4_] (20141107/hwxface-580)\r\n[    0.300009] ACPI: (supports S0 S5)\r\n[    0.304003] ACPI: Using IOAPIC for interrupt routing\r\n[    0.308049] PCI: Using host bridge windows from ACPI; if necessary, use \"pci=nocrs\" and report a bug\r\n[    0.322326] ACPI: PCI Root Bridge [PCI0] (domain 0000 [bus 00-ff])\r\n[    0.324007] acpi PNP0A03:00: _OSC: OS supports [ASPM ClockPM Segments MSI]\r\n[    0.328006] acpi PNP0A03:00: _OSC failed (AE_NOT_FOUND); disabling ASPM\r\n[    0.336274] acpi PNP0A03:00: fail to add MMCONFIG information, can't access extended PCI configuration space under this bridge.\r\n[    0.340134] PCI host bridge to bus 0000:00\r\n[    0.344004] pci_bus 0000:00: root bus resource [bus 00-ff]\r\n[    0.348002] pci_bus 0000:00: root bus resource [mem 0xfe0000000-0xfffefffff]\r\n[    0.352004] pci_bus 0000:00: root bus resource [io  0x0000-0x0cf7]\r\n[    0.356004] pci_bus 0000:00: root bus resource [io  0x0d00-0xffff]\r\n[    0.360002] pci_bus 0000:00: root bus resource [mem 0x000a0000-0x000bffff]\r\n[    0.364008] pci_bus 0000:00: root bus resource [mem 0x20000000-0xfffbffff]\r\n[    0.374580] pci 0000:00:07.1: legacy IDE quirk: reg 0x10: [io  0x01f0-0x01f7]\r\n[    0.376005] pci 0000:00:07.1: legacy IDE quirk: reg 0x14: [io  0x03f6]\r\n[    0.380005] pci 0000:00:07.1: legacy IDE quirk: reg 0x18: [io  0x0170-0x0177]\r\n[    0.384003] pci 0000:00:07.1: legacy IDE quirk: reg 0x1c: [io  0x0376]\r\n[    0.388386] * Found PM-Timer Bug on the chipset. Due to workarounds for a bug,\r\n[    0.388386] * this clock source is slow. Consider trying other clock sources\r\n[    0.393610] pci 0000:00:07.3: quirk: [io  0x0400-0x043f] claimed by PIIX4 ACPI\r\n[    0.404614] ACPI: PCI Interrupt Link [LNKA] (IRQs 3 4 5 7 9 10 *11 12 14 15)\r\n[    0.425484] ACPI: PCI Interrupt Link [LNKB] (IRQs 3 4 5 7 9 10 11 12 14 15) *0, disabled.\r\n[    0.447397] ACPI: PCI Interrupt Link [LNKC] (IRQs 3 4 5 7 9 10 11 12 14 15) *0, disabled.\r\n[    0.468154] ACPI: PCI Interrupt Link [LNKD] (IRQs 3 4 5 7 9 10 11 12 14 15) *0, disabled.\r\n[    0.489330] ACPI: Enabled 1 GPEs in block 00 to 0F\r\n[    0.492151] vgaarb: setting as boot device: PCI:0000:00:08.0\r\n[    0.496000] vgaarb: device added: PCI:0000:00:08.0,decodes=io+mem,owns=io+mem,locks=none\r\n[    0.496005] vgaarb: loaded\r\n[    0.500002] vgaarb: bridge control possible 0000:00:08.0\r\n[    0.504245] SCSI subsystem initialized\r\n[    0.508116] ACPI: bus type USB registered\r\n[    0.512025] usbcore: registered new interface driver usbfs\r\n[    0.516012] usbcore: registered new interface driver hub\r\n[    0.520038] usbcore: registered new device driver usb\r\n[    0.524173] PCI: Using ACPI for IRQ routing\r\n[    0.532026] NetLabel: Initializing\r\n[    0.536002] NetLabel:  domain hash size = 128\r\n[    0.540001] NetLabel:  protocols = UNLABELED CIPSOv4\r\n[    0.544014] NetLabel:  unlabeled traffic allowed by default\r\n[    0.548105] Switched to clocksource hyperv_clocksource\r\n[    0.567530] AppArmor: AppArmor Filesystem Enabled\r\n[    0.575794] pnp: PnP ACPI init\r\n[    0.583315] system 00:06: [io  0x01e0-0x01ef] has been reserved\r\n[    0.592208] system 00:06: [io  0x0160-0x016f] has been reserved\r\n[    0.600380] system 00:06: [io  0x0278-0x027f] has been reserved\r\n[    0.609960] system 00:06: [io  0x0378-0x037f] has been reserved\r\n[    0.618234] system 00:06: [io  0x0678-0x067f] has been reserved\r\n[    0.626916] system 00:06: [io  0x0778-0x077f] has been reserved\r\n[    0.635643] system 00:06: [io  0x04d0-0x04d1] has been reserved\r\n[    0.643746] system 00:07: [io  0x0400-0x043f] has been reserved\r\n[    0.652517] system 00:07: [io  0x0370-0x0371] has been reserved\r\n[    0.660472] system 00:07: [io  0x0440-0x044f] has been reserved\r\n[    0.670019] system 00:07: [mem 0xfec00000-0xfec00fff] could not be reserved\r\n[    0.679444] system 00:07: [mem 0xfee00000-0xfee00fff] has been reserved\r\n[    0.688849] system 00:08: [mem 0x00000000-0x0009ffff] could not be reserved\r\n[    0.698028] system 00:08: [mem 0x000c0000-0x000dffff] could not be reserved\r\n[    0.707165] system 00:08: [mem 0x000e0000-0x000fffff] could not be reserved\r\n[    0.716251] system 00:08: [mem 0x00100000-0x1fffffff] could not be reserved\r\n[    0.725685] system 00:08: [mem 0xfffc0000-0xffffffff] has been reserved\r\n[    0.735209] pnp: PnP ACPI: found 9 devices\r\n[    0.750521] NET: Registered protocol family 2\r\n[    0.758812] TCP established hash table entries: 16384 (order: 5, 131072 bytes)\r\n[    0.769004] TCP bind hash table entries: 16384 (order: 6, 262144 bytes)\r\n[    0.778188] TCP: Hash tables configured (established 16384 bind 16384)\r\n[    0.788276] TCP: reno registered\r\n[    0.793448] UDP hash table entries: 1024 (order: 3, 32768 bytes)\r\n[    0.803248] UDP-Lite hash table entries: 1024 (order: 3, 32768 bytes)\r\n[    0.812541] NET: Registered protocol family 1\r\n[    0.820794] pci 0000:00:00.0: Limiting direct PCI/PCI transfers\r\n[    0.829214] Trying to unpack rootfs image as initramfs...\r\n[    1.756423] Freeing initrd memory: 27228K (ffff88001dd2d000 - ffff88001f7c4000)\r\n[    1.767067] PCI-DMA: Using software bounce buffering for IO (SWIOTLB)\r\n[    1.776576] software IO TLB [mem 0x19d2d000-0x1dd2d000] (64MB) mapped at [ffff880019d2d000-ffff88001dd2cfff]\r\n[    1.790662] microcode: CPU0 sig=0x306f2, pf=0x1, revision=0xffffffff\r\n[    1.801027] microcode: Microcode Update Driver: v2.00 <tigran@aivazian.fsnet.co.uk>, Peter Oruba\r\n[    1.813681] Scanning for low memory corruption every 60 seconds\r\n[    1.823315] futex hash table entries: 16384 (order: 8, 1048576 bytes)\r\n[    1.833057] Initialise system trusted keyring\r\n[    1.839510] audit: initializing netlink subsys (disabled)\r\n[    1.847158] audit: type=2000 audit(1449163160.844:1): initialized\r\n[    1.857562] HugeTLB registered 2 MB page size, pre-allocated 0 pages\r\n[    1.866594] zpool: loaded\r\n[    1.871320] zbud: loaded\r\n[    1.875367] VFS: Disk quotas dquot_6.5.2\r\n[    1.880887] VFS: Dquot-cache hash table entries: 512 (order 0, 4096 bytes)\r\n[    1.890242] fuse init (API version 7.23)\r\n[    1.895831] Key type big_key registered\r\n[    1.901757] Key type asymmetric registered\r\n[    1.907315] Asymmetric key parser 'x509' registered\r\n[    1.914005] Block layer SCSI generic (bsg) driver version 0.4 loaded (major 252)\r\n[    1.923652] io scheduler noop registered\r\n[    1.929073] io scheduler deadline registered (default)\r\n[    1.936261] io scheduler cfq registered\r\n[    1.941706] pci_hotplug: PCI Hot Plug PCI Core version: 0.5\r\n[    1.948980] pciehp: PCI Express Hot Plug Controller Driver version: 0.4\r\n[    1.959328] input: Power Button as /devices/LNXSYSTM:00/LNXPWRBN:00/input/input0\r\n[    1.968564] ACPI: Power Button [PWRF]\r\n[    1.973894] GHES: HEST is not enabled!\r\n[    1.979100] Serial: 8250/16550 driver, 32 ports, IRQ sharing enabled\r\n[    2.044325] 00:03: ttyS0 at I/O 0x3f8 (irq = 4, base_baud = 115200) is a 16550A\r\n[    2.107643] 00:04: ttyS1 at I/O 0x2f8 (irq = 3, base_baud = 115200) is a 16550A\r\n[    2.124245] Linux agpgart interface v0.103\r\n[    2.132032] brd: module loaded\r\n[    2.137747] loop: module loaded\r\n[    2.143385] ata_piix 0000:00:07.1: Hyper-V Virtual Machine detected, ATA device ignore set\r\n[    2.156475] scsi host0: ata_piix\r\n[    2.162223] scsi host1: ata_piix\r\n[    2.167721] ata1: PATA max UDMA/33 cmd 0x1f0 ctl 0x3f6 bmdma 0xffa0 irq 14\r\n[    2.177612] ata2: PATA max UDMA/33 cmd 0x170 ctl 0x376 bmdma 0xffa8 irq 15\r\n[    2.187775] libphy: Fixed MDIO Bus: probed\r\n[    2.194455] tun: Universal TUN/TAP device driver, 1.6\r\n[    2.201142] tun: (C) 1999-2004 Max Krasnyansky <maxk@qualcomm.com>\r\n[    2.209330] PPP generic driver version 2.4.2\r\n[    2.215249] ehci_hcd: USB 2.0 'Enhanced' Host Controller (EHCI) Driver\r\n[    2.223296] ehci-pci: EHCI PCI platform driver\r\n[    2.230700] ehci-platform: EHCI generic platform driver\r\n[    2.240229] ohci_hcd: USB 1.1 'Open' Host Controller (OHCI) Driver\r\n[    2.251294] ohci-pci: OHCI PCI platform driver\r\n[    2.259367] ohci-platform: OHCI generic platform driver\r\n[    2.266068] uhci_hcd: USB Universal Host Controller Interface driver\r\n[    2.277751] i8042: PNP: PS/2 Controller [PNP0303:PS2K,PNP0f03:PS2M] at 0x60,0x64 irq 1,12\r\n[    2.290526] serio: i8042 KBD port at 0x60,0x64 irq 1\r\n[    2.297832] serio: i8042 AUX port at 0x60,0x64 irq 12\r\n[    2.304102] mousedev: PS/2 mouse device common for all mice\r\n[    2.314939] rtc_cmos 00:00: RTC can wake from S4\r\n[    2.365320] input: AT Translated Set 2 keyboard as /devices/platform/i8042/serio0/input/input1\r\n[    2.383049] rtc_cmos 00:00: rtc core: registered rtc_cmos as rtc0\r\n[    2.392383] rtc_cmos 00:00: alarms up to one month, 114 bytes nvram\r\n[    2.402304] i2c /dev entries driver\r\n[    2.413091] device-mapper: uevent: version 1.0.3\r\n[    2.419914] device-mapper: ioctl: 4.29.0-ioctl (2014-10-28) initialised: dm-devel@redhat.com\r\n[    2.434159] ata2.00: ATAPI: Virtual CD, , max MWDMA2\r\n[    2.442046] ledtrig-cpu: registered to indicate activity on CPUs\r\n[    2.452746] ata2.00: configured for MWDMA2\r\n[    2.459463] scsi 1:0:0:0: CD-ROM            Msft     Virtual CD/ROM   1.0  PQ: 0 ANSI: 5\r\n[    2.469738] PCCT header not found.\r\n[    2.474674] ACPI PCC probe failed.\r\n[    2.479702] TCP: cubic registered\r\n[    2.486114] sr 1:0:0:0: [sr0] scsi3-mmc drive: 0x/0x tray\r\n[    2.495291] cdrom: Uniform CD-ROM driver Revision: 3.20\r\n[    2.502629] NET: Registered protocol family 10\r\n[    2.510375] sr 1:0:0:0: Attached scsi generic sg0 type 5\r\n[    2.518143] NET: Registered protocol family 17\r\n[    2.524374] Key type dns_resolver registered\r\n[    2.530253] Loading compiled-in X.509 certificates\r\n[    2.537557] Loaded X.509 cert 'Magrathea: Glacier signing key: c7d440344c0b3ac2a3cec2aeb9722ecf6cae7391'\r\n[    2.550388] registered taskstats version 1\r\n[    2.557810] Key type trusted registered\r\n[    2.571279] Key type encrypted registered\r\n[    2.576976] AppArmor: AppArmor sha1 policy hashing enabled\r\n[    2.584909] ima: No TPM chip found, activating TPM-bypass!\r\n[    2.592960] evm: HMAC attrs: 0x1\r\n[    2.598220]   Magic number: 11:336:339\r\n[    2.604085] rtc_cmos 00:00: setting system clock to 2015-12-03 17:19:22 UTC (1449163162)\r\n[    2.615317] BIOS EDD facility v0.16 2004-Jun-25, 0 devices found\r\n[    2.623417] EDD information not available.\r\n[    2.632553] Freeing unused kernel memory: 1408K (ffffffff81d36000 - ffffffff81e96000)\r\n[    2.643265] Write protecting the kernel read-only data: 12288k\r\n[    2.650973] Freeing unused kernel memory: 180K (ffff8800017d3000 - ffff880001800000)\r\n[    2.661304] Freeing unused kernel memory: 344K (ffff880001baa000 - ffff880001c00000)\r\nLoading, please wait...\r\nstarting version 219\r\n[    2.699718] random: systemd-udevd urandom read with 3 bits of entropy available\r\n[    2.756354] Floppy drive(s): fd0 is 1.44M\r\n[    2.798842] hv_vmbus: Hyper-V Host Build:9600-6.3-18-0.18190; Vmbus version:3.0\r\n[    2.808785] tsc: Refined TSC clocksource calibration: 2397.220 MHz\r\n[    2.819069] FDC 0 is an 82078.\r\n[    2.936808] AVX2 version of gcm_enc/dec engaged.\r\n[    2.946372] AES CTR mode by8 optimization enabled\r\n[    3.256085] psmouse serio1: trackpoint: failed to get extended button data\r\n[    7.857499] hv_vmbus: registering driver hyperv_fb\r\n[    7.866933] hv_vmbus: registering driver hv_storvsc\r\n[    7.878493] hv_utils: Registering HyperV Utility Driver\r\n[    7.886473] hv_vmbus: registering driver hv_util\r\n[    7.907482] hyperv_fb: Screen resolution: 1152x864, Color depth: 32\r\n[    7.924797] Console: switching to colour frame buffer device 144x54\r\n[    7.947264] hv_vmbus: registering driver hv_netvsc\r\n[    7.956702] scsi host2: storvsc_host_t\r\n[    7.962489] scsi 2:0:0:0: Direct-Access     Msft     Virtual Disk     1.0  PQ: 0 ANSI: 4\r\n[    7.975867] sd 2:0:0:0: Attached scsi generic sg1 type 0\r\n[    7.983691] sd 2:0:0:0: [sda] 61440000 512-byte logical blocks: (31.4 GB/29.2 GiB)\r\n[    7.995253] hv_netvsc: hv_netvsc channel opened successfully\r\n[    8.004775] sd 2:0:0:0: [sda] Write Protect is off\r\n[    8.018424] sd 2:0:0:0: [sda] Write cache: enabled, read cache: enabled, supports DPO and FUA\r\n[    8.042901]  sda: sda1\r\n[    8.047494] sd 2:0:0:0: [sda] Attached SCSI disk\r\n[    8.072090] psmouse serio1: trackpoint: IBM TrackPoint firmware: 0x01, buttons: 0/0\r\n[    8.083710] input: TPPS/2 IBM TrackPoint as /devices/platform/i8042/serio1/input/input3\r\n[    9.061915] hv_netvsc vmbus_0_16: Send section size: 6144, Section count:2560\r\n[    9.079768] hv_netvsc vmbus_0_16: Device MAC 00:0d:3a:a0:d8:d4 link state up\r\n[    9.108145] scsi host3: storvsc_host_t\r\n[    9.115478] scsi 3:0:1:0: Direct-Access     Msft     Virtual Disk     1.0  PQ: 0 ANSI: 4\r\n[    9.129568] sd 3:0:1:0: Attached scsi generic sg2 type 0\r\n[    9.138635] sd 3:0:1:0: [sdb] 146800640 512-byte logical blocks: (75.1 GB/70.0 GiB)\r\n[    9.158149] sd 3:0:1:0: [sdb] Write Protect is off\r\n[    9.165329] scsi host4: storvsc_host_t\r\n[    9.171850] sd 3:0:1:0: [sdb] Write cache: enabled, read cache: enabled, supports DPO and FUA\r\n[    9.185851] scsi 4:0:0:0: scsi scan: INQUIRY result too short (5), using 36\r\n[    9.198580] scsi 4:0:0:1: scsi scan: INQUIRY result too short (5), using 36\r\n[    9.210547] scsi 4:0:1:0: scsi scan: INQUIRY result too short (5), using 36\r\n[    9.228774] scsi 4:0:1:1: scsi scan: INQUIRY result too short (5), using 36\r\n[    9.240090] scsi host5: storvsc_host_t\r\n[    9.246585] scsi 4:1:0:0: scsi scan: INQUIRY result too short (5), using 36\r\n[    9.259995] scsi 5:0:0:0: scsi scan: INQUIRY result too short (5), using 36\r\n[    9.274437] scsi 4:1:0:1: scsi scan: INQUIRY result too short (5), using 36\r\n[    9.287958] scsi 5:0:0:1: scsi scan: INQUIRY result too short (5), using 36\r\n[    9.302264] scsi 4:1:1:0: scsi scan: INQUIRY result too short (5), using 36\r\n[    9.317282]  sdb: sdb1\r\n[    9.321372] scsi 5:0:1:0: scsi scan: INQUIRY result too short (5), using 36\r\n[    9.334852] scsi 5:0:1:1: scsi scan: INQUIRY result too short (5), using 36\r\n[    9.348317] scsi 4:1:1:1: scsi scan: INQUIRY result too short (5), using 36\r\n[    9.361145] scsi 4:2:0:0: scsi scan: INQUIRY result too short (5), using 36\r\n[    9.380385] scsi 5:1:0:0: scsi scan: INQUIRY result too short (5), using 36\r\n[    9.391248] scsi 5:1:0:1: scsi scan: INQUIRY result too short (5), using 36\r\n[    9.406469] scsi 4:2:0:1: scsi scan: INQUIRY result too short (5), using 36\r\n[    9.421789] sd 3:0:1:0: [sdb] Attached SCSI disk\r\n[    9.429265] scsi 5:1:1:0: scsi scan: INQUIRY result too short (5), using 36\r\n[    9.440331] scsi 4:2:1:0: scsi scan: INQUIRY result too short (5), using 36\r\n[    9.451707] scsi 5:1:1:1: scsi scan: INQUIRY result too short (5), using 36\r\n[    9.461373] scsi 4:2:1:1: scsi scan: INQUIRY result too short (5), using 36\r\n[    9.471838] scsi 5:2:0:0: scsi scan: INQUIRY result too short (5), using 36\r\n[    9.481322] scsi 4:3:0:0: scsi scan: INQUIRY result too short (5), using 36\r\n[    9.491715] scsi 5:2:0:1: scsi scan: INQUIRY result too short (5), using 36\r\n[    9.503492] scsi 4:3:0:1: scsi scan: INQUIRY result too short (5), using 36\r\n[    9.516798] scsi 5:2:1:0: scsi scan: INQUIRY result too short (5), using 36\r\n[    9.526983] scsi 4:3:1:0: scsi scan: INQUIRY result too short (5), using 36\r\n[    9.539286] scsi 5:2:1:1: scsi scan: INQUIRY result too short (5), using 36\r\n[    9.551187] scsi 4:3:1:1: scsi scan: INQUIRY result too short (5), using 36\r\n[    9.566273] scsi 5:3:0:0: scsi scan: INQUIRY result too short (5), using 36\r\n[    9.576765] scsi 4:4:0:0: scsi scan: INQUIRY result too short (5), using 36\r\n[    9.587669] scsi 5:3:0:1: scsi scan: INQUIRY result too short (5), using 36\r\n[    9.597606] scsi 4:4:0:1: scsi scan: INQUIRY result too short (5), using 36\r\n[    9.607892] scsi 5:3:1:0: scsi scan: INQUIRY result too short (5), using 36\r\n[    9.625475] scsi 4:4:1:0: scsi scan: INQUIRY result too short (5), using 36\r\n[    9.638498] scsi 4:4:1:1: scsi scan: INQUIRY result too short (5), using 36\r\n[    9.649402] scsi 5:3:1:1: scsi scan: INQUIRY result too short (5), using 36\r\n[    9.661973] scsi 4:5:0:0: scsi scan: INQUIRY result too short (5), using 36\r\n[    9.676050] scsi 5:4:0:0: scsi scan: INQUIRY result too short (5), using 36\r\n[    9.685315] scsi 5:4:0:1: scsi scan: INQUIRY result too short (5), using 36\r\n[    9.694646] scsi 4:5:0:1: scsi scan: INQUIRY result too short (5), using 36\r\n[    9.703833] scsi 5:4:1:0: scsi scan: INQUIRY result too short (5), using 36\r\n[    9.713248] scsi 4:5:1:0: scsi scan: INQUIRY result too short (5), using 36\r\n[    9.725886] scsi 5:4:1:1: scsi scan: INQUIRY result too short (5), using 36\r\n[    9.734922] scsi 4:5:1:1: scsi scan: INQUIRY result too short (5), using 36\r\n[    9.744434] scsi 5:5:0:0: scsi scan: INQUIRY result too short (5), using 36\r\n[    9.752898] scsi 4:6:0:0: scsi scan: INQUIRY result too short (5), using 36\r\n[    9.762764] scsi 5:5:0:1: scsi scan: INQUIRY result too short (5), using 36\r\n[    9.772175] scsi 4:6:0:1: scsi scan: INQUIRY result too short (5), using 36\r\n[    9.784055] scsi 5:5:1:0: scsi scan: INQUIRY result too short (5), using 36\r\n[    9.796639] scsi 4:6:1:0: scsi scan: INQUIRY result too short (5), using 36\r\n[    9.811789] scsi 5:5:1:1: scsi scan: INQUIRY result too short (5), using 36\r\n[    9.818179] scsi 4:6:1:1: scsi scan: INQUIRY result too short (5), using 36\r\n[    9.823750] scsi 5:6:0:0: scsi scan: INQUIRY result too short (5), using 36\r\n[    9.834354] scsi 4:7:0:0: scsi scan: INQUIRY result too short (5), using 36\r\n[    9.843779] scsi 5:6:0:1: scsi scan: INQUIRY result too short (5), using 36\r\n[    9.856610] scsi 4:7:0:1: scsi scan: INQUIRY result too short (5), using 36\r\n[    9.878626] scsi 5:6:1:0: scsi scan: INQUIRY result too short (5), using 36\r\n[    9.896601] scsi 4:7:1:0: scsi scan: INQUIRY result too short (5), using 36\r\n[    9.907575] scsi 4:7:1:1: scsi scan: INQUIRY result too short (5), using 36\r\n[    9.923306] scsi 5:6:1:1: scsi scan: INQUIRY result too short (5), using 36\r\n[    9.941038] scsi 5:7:0:0: scsi scan: INQUIRY result too short (5), using 36\r\n[    9.950451] scsi 5:7:0:1: scsi scan: INQUIRY result too short (5), using 36\r\n[    9.961847] scsi 5:7:1:0: scsi scan: INQUIRY result too short (5), using 36\r\n[    9.971870] scsi 5:7:1:1: scsi scan: INQUIRY result too short (5), using 36\r\nBegin: Loading essential drivers ... done.\r\r\nBegin: Running /scripts/init-premount ... done.\r\r\nBegin: Mounting root file system ... Begin: Running /scripts/local-top ... done.\r\r\nBegin: Running /scripts/local-premount ... done.\r\r\n[   12.414776] EXT4-fs (sda1): mounted filesystem with ordered data mode. Opts: (null)\r\nBegin: Running /scripts/local-bottom ... done.\r\r\ndone.\r\r\nBegin: Running /scripts/init-bottom ... done.\r[   12.695423] random: nonblocking pool is initialized\r\n\r\n[   15.238841] systemd[1]: Inserted module 'autofs4'\r\n[   15.804806] systemd[1]: systemd 219 running in system mode. (+PAM +AUDIT +SELINUX +IMA +APPARMOR +SMACK +SYSVINIT +UTMP +LIBCRYPTSETUP +GCRYPT -GNUTLS +ACL +XZ -LZ4 -SECCOMP +BLKID -ELFUTILS +KMOD -IDN)\r\n[   15.830572] systemd[1]: Detected virtualization microsoft.\r\n[   15.834049] systemd[1]: Detected architecture x86-64.\r\n\r\r\nWelcome to \u001b[1mUbuntu 15.04\u001b[0m!\r\r\n\r\r\n[   15.864706] systemd[1]: Set hostname to <xplatvm>.\r\n-.mount\r\r\n[   17.819764] systemd[1]: Cannot add dependency job for unit sshd-keygen.service, ignoring: Unit sshd-keygen.service failed to load: No such file or directory.\r\n[   17.841645] systemd[1]: Cannot add dependency job for unit sshd-keygen.service, ignoring: Unit sshd-keygen.service failed to load: No such file or directory.\r\n[   17.863146] systemd[1]: Cannot add dependency job for unit display-manager.service, ignoring: Unit display-manager.service failed to load: No such file or directory.\r\n[\u001b[32m  OK  \u001b[0m[   17.896371] systemd[1]: Reached target Encrypted Volumes.\r\n] Reached target Encrypted Volumes.\r\r\n[   17.909952] systemd[1]: Starting Encrypted Volumes.\r\n[   17.917183] systemd[1]: Started Forward Password Requests to Wall Directory Watch.\r\n[   17.928328] systemd[1]: Starting Forward Password Requests to Wall Directory Watch.\r\n[\u001b[32m  OK  \u001b[0m[   17.942783] systemd[1]: Reached target Swap.\r\n] Reached target Swap.\r\r\n[   17.953183] systemd[1]: Starting Swap.\r\n[\u001b[32m  OK  \u001b[0m[   17.962110] systemd[1]: Created slice Root Slice.\r\n] Created slice Root Slice.\r\r\n[   17.973187] systemd[1]: Starting Root Slice.\r\n[\u001b[32m  OK  \u001b[0m[   17.982863] systemd[1]: Listening on fsck to fsckd communication Socket.\r\n] Listening on fsck to fsckd communication Socket.\r\r\n[   17.999502] systemd[1]: Starting fsck to fsckd communication Socket.\r\n[\u001b[32m  OK  \u001b[0m[   18.011857] systemd[1]: Listening on /dev/initctl Compatibility Named Pipe.\r\n] Listening on /dev/initctl Compatibility Named Pipe.\r\r\n[   18.030122] systemd[1]: Starting /dev/initctl Compatibility Named Pipe.\r\n[\u001b[32m  OK  \u001b[0m[   18.043689] systemd[1]: Listening on udev Kernel Socket.\r\n] Listening on udev Kernel Socket.\r\r\n[   18.056564] systemd[1]: Starting udev Kernel Socket.\r\n[\u001b[32m  OK  \u001b[0m]
[   18.066877] systemd[1]: Listening on Journal Socket.\r\nListening on Journal Socket.\r\r\n[   18.077083] systemd[1]: Starting Journal Socket.\r\n[\u001b[32m  OK  \u001b[0m]
[   18.086689] systemd[1]: Listening on Delayed Shutdown Socket.\r\nListening on Delayed Shutdown Socket.\r\r\n[   18.097851] systemd[1]: Starting Delayed Shutdown Socket.\r\n[\u001b[32m  OK  \u001b[0m]
[   18.108371] systemd[1]: Created slice System Slice.\r\nCreated slice System Slice.\r\r\n[   18.117417] systemd[1]: Starting System Slice.\r\n[   18.182447] systemd[1]: Starting Load Kernel Modules...\r\n         Starting Load Kernel Modules...[   18.196834] systemd[1]: Mounting Debug File System...\r\n\r\r\n        
[   18.216066] systemd[1]: Starting Remount Root and Kernel File Systems...\r\nMounting Debug File System...\r\r\n         Starting Remount Root and Kernel File Systems...[   18.257880] systemd[1]: Created slice User and Session Slice.\r\n\r\r\n[\u001b[32m  OK  \u001b[0m] Created slice User and Session Slice.\r[   18.275160] systemd[1]: Starting User and Session Slice.\r\n\r\n[[   18.302131] systemd[1]: Reached target Slices.\r\n\u001b[32m  OK  \u001b[0m] Reached target Slices.\r\r\n[   18.321232] systemd[1]: Starting Slices.\r\n[   18.331586] systemd[1]: Created slice system-systemd\\x2dfsck.slice.\r\n[\u001b[32m  OK  \u001b[0m] Created slice system-systemd\\x2dfsck.slice.\r\r\n[   18.351549] systemd[1]: Starting system-systemd\\x2dfsck.slice.\r\n[\u001b[32m  OK  \u001b[0m[   18.363884] systemd[1]: Set up automount Arbitrary Executable File Formats File System Automount Point.\r\n] Set up automount Arbitrary Executab...ats File System Automount Point.\r\r\n[   18.392084] systemd[1]: Starting Arbitrary Executable File Formats File System Automount Point.\r\n[   18.405784] systemd[1]: Mounting Huge Pages File System...\r\n         Mounting Huge Pages File System...[   18.425605] systemd[1]: Created slice system-serial\\x2dgetty.slice.\r\n\r\r\n[\u001b[32m  OK  \u001b[0m] Created slice system-serial\\x2dgetty.slice.\r\r\n[   18.447970] systemd[1]: Starting system-serial\\x2dgetty.slice.\r\n[\u001b[32m  OK  \u001b[0m]
[   18.461714] systemd[1]: Listening on udev Control Socket.\r\nListening on udev Control Socket.\r\r\n[   18.475546] systemd[1]: Starting udev Control Socket.\r\n[   18.485339] systemd[1]: Starting udev Coldplug all Devices...\r\n         Starting udev Coldplug all Devices...[   18.500822] systemd[1]: Created slice system-getty.slice.\r\n\r\r\n[\u001b[32m  OK  \u001b[0m] Created slice system-getty.slice.\r[   18.515180] systemd[1]: Starting system-getty.slice.\r\n\r\n[\u001b[32m  OK  \u001b[0m]
[   18.530217] systemd[1]: Listening on Journal Audit Socket.\r\nListening on Journal Audit Socket.\r\r\n[   18.550194] systemd[1]: Starting Journal Audit Socket.\r\n[\u001b[32m  OK  \u001b[0m]
[   18.564715] systemd[1]: Reached target Remote File Systems (Pre).\r\nReached target Remote File Systems (Pre).\r\r\n[   18.579582] systemd[1]: Starting Remote File Systems (Pre).\r\n[   18.588930] systemd[1]: Starting Uncomplicated firewall...\r\n         Starting Uncomplicated firewall...[   18.603652] systemd[1]: Starting Nameserver information manager...\r\n\r\r\n         Starting Nameserver information manager...[   18.632977] systemd[1]: Mounting POSIX Message Queue File System...\r\n\r\r\n        
[   18.659742] systemd[1]: Starting Create list of required static device nodes for the current kernel...\r\nMounting POSIX Message Queue File System...\r\r\n         Starting Create list of required st... nodes for the current kernel...\r\r\n[   18.697714] systemd[1]: Started Set Up Additional Binary Formats.\r\n[   18.711091] systemd[1]: Starting Setup Virtual Console...\r\n         Starting Setup Virtual Console...[   18.734792] systemd[1]: Listening on Journal Socket (/dev/log).\r\n\r\r\n[\u001b[32m  OK  \u001b[0m] Listening on Journal Socket (/dev/log).\r[   18.761017] systemd[1]: Starting Journal Socket (/dev/log).\r\n\r\n[   18.778409] systemd[1]: Starting Increase datagram queue length...\r\n         Starting Increase datagram queue length...[   18.795620] systemd[1]: Started Read required files in advance.\r\n\r\r\n[\u001b[32m  OK  \u001b[0m]
[   18.814910] systemd[1]: Started Load Kernel Modules.\r\nStarted Load Kernel Modules.\r\r\nsystemd-modules-load.service[   18.831243] systemd[1]: Started Uncomplicated firewall.\r\n\r\r\n[\u001b[32m  OK  \u001b[0m] Started Uncomplicated firewall.\r[   18.856801] systemd[1]: Mounted Debug File System.\r\n\r\n[\u001b[32m  OK  \u001b[0m] Mounted Debug File System.\r[   18.871628] EXT4-fs (sda1): re-mounted. Opts: discard\r\n\r\n[   18.889289] systemd[1]: Started Remount Root and Kernel File Systems.\r\n[\u001b[32m  OK  \u001b[0m] Started Remount Root and Kernel File Systems.\r\r\nufw.service[   18.908269] systemd[1]: Mounted Huge Pages File System.\r\n\r\r\n[\u001b[32m  OK  \u001b[0m] Mounted Huge Pages File System.\r[   18.925008] systemd[1]: Mounted POSIX Message Queue File System.\r\n\r\nsys-kernel-debug.mount\r\r\n[\u001b[32m  OK  \u001b[0m] Mounted POSIX Message Queue File System.\r[   18.950792] systemd[1]: Started Create list of required static device nodes for the current kernel.\r\n\r\nsystemd-remount-fs.service[   18.975630] systemd[1]: Started Setup Virtual Console.\r\n\r\r\n[\u001b[32m  OK  \u001b[0m] Started Create list of required sta...ce nodes for the current kernel.\r[   18.998573] systemd[1]: Started Increase datagram queue length.\r\n\r\n[\u001b[32m  OK  \u001b[0m] Started Setup Virtual Console.\r[   19.013310] systemd[1]: Started udev Coldplug all Devices.\r\n\r\ndev-hugepages.mount\r\r\n[\u001b[32m  OK  \u001b[0m] Started Increase datagram queue length.\r\r\n[\u001b[32m  OK  \u001b[0m] Started udev Coldplug all Devices.\r\r\ndev-mqueue.mount\r\r\nkmod-static-nodes.service\r\r\nsystemd-vconsole-setup.service\r\r\nsystemd-setup-dgram-qlen.service\r\r\n[   19.115780] systemd[1]: Starting udev Wait for Complete Device Initialization...\r\n[   19.132366] systemd[1]: Listening on Syslog Socket.\r\nsystemd-udev-trigger.service\r\r\n[   19.144033] systemd[1]: Starting Syslog Socket.\r\n[   19.144394] systemd[1]: Starting Journal Service...\r\n[   19.159014] systemd[1]: Starting Create Static Device Nodes in /dev...\r\n         Starting udev Wait for Complete Device Initialization...\r\r\n[\u001b[32m  OK  \u001b[0m] Listening on Syslog Socket.\r[   19.179994] systemd[1]: Starting Load/Save Random Seed...\r\n\r\n         Starting Journal Service...\r\r\n         Starting Create Static Device Nodes in /dev...\r[   19.206994] systemd[1]: Started Various fixups to make systemd work better on Debian.\r\n\r\n         Starting Load/Save Random Seed...\r\r\n[   19.242974] systemd[1]: Started Rebuild Hardware Database.\r\n[   19.251297] systemd[1]: Starting Apply Kernel Variables...\r\n         Starting Apply Kernel Variables...[   19.264830] systemd[1]: Mounting FUSE Control File System...\r\n\r\r\n         Mounting FUSE Control File System...[   19.285616] systemd[1]: Mounted Configuration File System.\r\n\r\r\n[\u001b[32m  OK  \u001b[0m[   19.304855] systemd[1]: Mounted FUSE Control File System.\r\n] Mounted FUSE Control File System.\r\r\nsys-fs-fuse-connections.mount\r\r\n[   19.326986] systemd[1]: Started Nameserver information manager.\r\n[\u001b[32m  OK  \u001b[0m] Started Nameserver information manager.\r\r\n[   19.345033] systemd[1]: Time has been changed\r\nresolvconf.service\r\r\n[   19.422795] systemd[1]: Started Journal Service.\r\n[\u001b[32m  OK  \u001b[0m] Started Journal Service.\r\r\nsystemd-journald.servic\r\r\n[\u001b[32m  OK  \u001b[0m] Started Load/Save Random Seed.\r\r\n         Starting Flush Journal to Persistent Storage...\r\r\nsystemd-random-seed.service\r\r\n[\u001b[32m  OK  \u001b[0m] Started Apply Kernel Variables.\r\r\nsystemd-sysctl.service\r\r\n[\u001b[32m  OK  \u001b[0m] Started Flush Journal to Persistent Storage.\r\r\nsystemd-journal-flush.service\r\r\n[\u001b[32m  OK  \u001b[0m] Started Create Static Device Nodes in /dev.\r\r\n         Starting udev Kernel Device Manager...\r\r\nsystemd-tmpfiles-setup-dev.service\r\r\n[\u001b[32m  OK  \u001b[0m] Started udev Kernel Device Manager.\r\r\n[\u001b[32m  OK  \u001b[0m] Reached target Paths.\r\r\nsystemd-udevd.service\r\r\n[\u001b[32m  OK  \u001b[0m] Created slice system-ifup.slice.\r\r\n[   21.079019] piix4_smbus 0000:00:07.3: SMBus base address uninitialized - upgrade BIOS or use force_addr=0xaddr\r\n[\u001b[32m  OK  \u001b[0m] Found device /dev/ttyS0.\r\r\n[   21.702741] intel_rapl: no valid rapl domains found in package 0\r\n[\u001b[32m  OK  \u001b[0m] Found device Virtual_Disk Temporary_Storage.\r\r\n[\u001b[32m  OK  \u001b[0m] Started udev Wait for Complete Device Initialization.\r\r\n[\u001b[32m  OK  \u001b[0m] Reached target Local File Systems (Pre).\r\r\n         Starting File System Check on /dev/sdb1...\r\r\nsystemd-udev-settle.service\r\r\n         Mounting /etc/network/interfaces.dynamic.d...\r\r\n         Starting Copy rules generated while the root was ro...\r\r\n[\u001b[32m  OK  \u001b[0m] Started File System Check on /dev/sdb1.\r\r\n[\u001b[32m  OK  \u001b[0m] Mounted /etc/network/interfaces.dynamic.d.\r\r\n[\u001b[32m  OK  \u001b[0m] Reached target Local File Systems.\r\r\n         Starting Tell Plymouth To Write Out Runtime Data...\r\r\n         Starting Wait for all \"auto\" /etc/n... up for network-online.target...\r\r\n         Starting Create Volatile Files and Directories...\r\r\n[\u001b[32m  OK  \u001b[0m] Reached target Remote File Systems.\r\r\n         Starting LSB: AppArmor initialization...\r\r\n         Starting Set console keymap...\r\r\n         Mounting /mnt...\r\r\n[\u001b[32m  OK  \u001b[0m] Started Copy rules generated while the root was ro.\r\r\nsystemd-fsck@dev-sdb1.service\r\r\netc-network-interfaces.dynam.d.mount\r\r\nudev-finish.service\r\r\n[\u001b[32m  OK  \u001b[0m] Started Tell Plymouth To Write Out Runtime Data.\r\r\n[\u001b[32m  OK  \u001b[0m] Started Create Volatile Files and Directories.\r\r\n         Starting Update UTMP about System Boot/Shutdown...\r\r\n         Starting Network Time Synchronization...\r\r\nsystemd-tmpfiles-setup.service\r\r\n[\u001b[32m  OK  \u001b[0m] Started Set console keymap.\r\r\n[\u001b[32m  OK  \u001b[0m] Started Update UTMP about System Boot/Shutdown.\r\r\nsystemd-update-utmp.service\r\r\n[\u001b[32m  OK  \u001b[0m] Started Network Time Synchronization.\r\r\n[\u001b[32m  OK  \u001b[0m] Reached target System Time Synchronized.\r\r\nsystemd-timesyncd.service\r\r\n[\u001b[32m  OK  \u001b[0m] Mounted /mnt.\r\r\nmnt.mount\r\r\n[\u001b[32m  OK  \u001b[0m] Started LSB: AppArmor initialization.\r\r\n[\u001b[32m  OK  \u001b[0m] Started ifup for eth0.\r\r\n         Starting ifup for eth0...\r\r\n         Starting LSB: Raise network interfaces....\r\r\napparmor.service\r\r\nifup@eth0.service\r\r\n[\u001b[32m  OK  \u001b[0m] Started LSB: Raise network interfaces..\r\r\n[\u001b[32m  OK  \u001b[0m] Reached target System Initialization.\r\r\n[\u001b[32m  OK  \u001b[0m] Listening on UUID daemon activation socket.\r\r\n[\u001b[32m  OK  \u001b[0m] Listening on D-Bus System Message Bus Socket.\r\r\n[\u001b[32m  OK  \u001b[0m] Listening on ACPID Listen Socket.\r\r\n[\u001b[32m  OK  \u001b[0m] Reached target Sockets.\r\r\n[\u001b[32m  OK  \u001b[0m] Reached target Timers.\r\r\n         Starting Seed the pseudo random number generator on first boot...\r\r\n[\u001b[32m  OK  \u001b[0m] Reached target Basic System.\r\r\n[\u001b[32m  OK  \u001b[0m] Started Deferred execution scheduler.\r\r\n         Starting Deferred execution scheduler...\r\r\n[\u001b[32m  OK  \u001b[0m] Started Hyper-V File Copy Protocol Daemon.\r\r\n         Starting Hyper-V File Copy Protocol Daemon...\r\r\n[\u001b[32m  OK  \u001b[0m] Started Hyper-V VSS Protocol Daemon.\r\r\nnetworking.service\r\r\n         Starting Hyper-V VSS Protocol Daemon...\r\r\n         Starting LSB: Set the CPU Frequency Scaling governor to \"ondemand\"...\r\r\n         Starting LSB: Record successful boot for GRUB...\r\r\n         Starting Restore /etc/resolv.conf i...e the ppp link was shut down....\r\r\n         Starting System Logging Service...\r\r\n[\u001b[32m  OK  \u001b[0m] Started Hyper-V KVP Protocol Daemon.\r\r\n         Starting Hyper-V KVP Protocol Daemon...\r\r\n         Starting LSB: Starts the Micro Name Service Cache Daemon...\r\r\n         Starting D-Bus System Message Bus...\r\r\n         Starting Login Service...\r\r\n         Starting LSB: automatic crash report generation...\r\r\n         Starting Accounts Service...\r\r\n         Starting LSB: daemon to balance interrupts for SMP systems...\r\r\n         Starting Initial cloud-init job (pre-networking)...\r\r\n         Starting LSB: Landscape client daemons...\r\r\n[\u001b[32m  OK  \u001b[0m] Started Regular background program processing daemon.\r\r\n         Starting Regular background program processing daemon...\r\r\n[\u001b[32m  OK  \u001b[0m] Reached target Network.\r\r\n         Starting /etc/rc.local Compatibility...\r\r\n[\u001b[32m  OK  \u001b[0m] Started Restore /etc/resolv.conf if...ore the ppp link was shut down..\r\r\n[\u001b[32m  OK  \u001b[0m] Started LSB: Landscape client daemons.\r\r\n[\u001b[32m  OK  \u001b[0m] Started /etc/rc.local Compatibility.\r\r\n[\u001b[32m  OK  \u001b[0m] Started LSB: Set the CPU Frequency Scaling governor to \"ondemand\".\r\r\n[\u001b[32m  OK  \u001b[0m] Started D-Bus System Message Bus.\r\r\natd.service\r\r\nhv-fcopy-daemon.service\r\r\nhv-vss-daemon.service\r\r\nhv-kvp-daemon.service\r\r\ncron.service\r\r\nlandscape-client.service\r\r\nrc-local.service\r\r\nondemand.service\r\r\n[dbus.service\r\r\n\u001b[32m  OK  \u001b[0m] Started LSB: Record successful boot for GRUB.\r\r\n[\u001b[32m  OK  \u001b[0m] Started LSB: Starts the Micro Name Service Cache Daemon.\r\r\n[\u001b[32m  OK  \u001b[0m] Started LSB: automatic crash report generation.\r\r\n[\u001b[32m  OK  \u001b[0m] Started LSB: daemon to balance interrupts for SMP systems.\r\r\n[\u001b[32m  OK  \u001b[0m] Started System Logging Service.\r\r\ngrub-common.service\r\r\n[\u001b[32m  OK  \u001b[0m] Started Login Service.\r\r\nunscd.service\r\r\napport.service\r\r\nirqbalance.service\r\r\nrsyslog.service\r\r\nsystemd-logind.service\r\r\n[\u001b[32m  OK  \u001b[0m] Started Wait for all \"auto\" /etc/ne...be up for network-online.target.\r\r\n[\u001b[32m  OK  \u001b[0m] Reached target Network is Online.\r\r\n         Starting LSB: Cleans up any mess left by 0dns-up...\r\r\nifup-wait-all-auto.service\r\r\n[\u001b[32m  OK  \u001b[0m] Started LSB: Cleans up any mess left by 0dns-up.\r\r\ndns-clean.service\r\r\n         Starting Authenticate and Authorize Users to Run Privileged Tasks...\r\r\n[\u001b[32m  OK  \u001b[0m] Started Authenticate and Authorize Users to Run Privileged Tasks.\r\r\n[\u001b[32m  OK  \u001b[0m] Started Accounts Service.\r\r\npolkitd.service\r\r\naccounts-daemon.service\r\r\n[   33.897226] cloud-init[615]: Cloud-init v. 0.7.7 running 'init-local' at Thu, 03 Dec 2015 17:19:53 +0000. Up 33.23 seconds.\r\r\n[\u001b[32m  OK  \u001b[0m] Started Initial cloud-init job (pre-networking).\r\r\n         Starting Initial cloud-init job (metadata service crawler)...\r\r\ncloud-init-local.service\r\r\n[   34.980118] blk_update_request: I/O error, dev fd0, sector 0\r\n[   35.104104] blk_update_request: I/O error, dev fd0, sector 0\r\ntmp-tmphmlkxwbf.mount\r\r\n[\u001b[32m  OK  \u001b[0m] Started Windows Azure Linux Agent.\r\r\n         Starting Windows Azure Linux Agent...\r\r\nwalinuxagent.service\r\r\n2015/12/03 17:19:59 Windows Azure Linux Agent Version: WALinuxAgent-2.0.13\r\r\n2015/12/03 17:19:59 Linux Distribution Detected      : Ubuntu\r\r\n2015/12/03 17:19:59 Module /lib/modules/3.19.0-22-generic/kernel/drivers/ata/ata_piix.ko driver for ATAPI CD-ROM does not exist.\r\r\nmnt-cdrom-secure.mount\r\r\n2015/12/03 17:19:59 mount: /dev/sr0 is write-protected, mounting read-only\r\r\n2015/12/03 17:19:59 mount: /dev/sr0 mounted on /mnt/cdrom/secure.\r\r\n2015/12/03 17:20:00 mount succeeded on attempt #1\r\r\n2015/12/03 17:20:00 VMM Init script not found.  Provisioning for Azure\r\r\n2015/12/03 17:20:00 IPv4 address: 10.0.0.4\r\r\n2015/12/03 17:20:00 MAC  address: 00:0D:3A:A0:D8:D4\r\r\n2015/12/03 17:20:00 Probing for Windows Azure environment.\r\r\n2015/12/03 17:20:00 DoDhcpWork: Setting socket.timeout=10, entering recv\r\r\n2015/12/03 17:20:00 Discovered Windows Azure endpoint: 168.63.129.16\r\r\n2015/12/03 17:20:00 Fabric preferred wire protocol version: 2015-04-05\r\r\n2015/12/03 17:20:00 Negotiated wire protocol version: 2012-11-30\r\r\n2015/12/03 17:20:00 SetBlockDeviceTimeout: Update the device sda with timeout 300\r\r\n2015/12/03 17:20:00 SetBlockDeviceTimeout: Update the device sdb with timeout 300\r\r\n2015/12/03 17:20:02 Retrieved GoalState from Windows Azure Fabric.\r\r\n2015/12/03 17:20:02 ExpectedState: Started\r\r\n2015/12/03 17:20:02 ContainerId: c64998c8-901b-478b-809b-3290466195dc\r\r\n2015/12/03 17:20:02 RoleInstanceId: 435c8e3d-1994-4305-b438-818fd79edadb._xplatvm\r\r\n2015/12/03 17:20:03 Public cert with thumbprint: 1CFC1AB82C3A82A7CF23F392FCC9EF49F2607B0C was retrieved.\r\r\n2015/12/03 17:20:03 Posted Role Properties. CertificateThumbprint=2929aaf2abdb26dbde32dd00c7a633ac\r\r\n[   43.066070] blk_update_request: I/O error, dev fd0, sector 0\r\n[   43.110920] blk_update_request: I/O error, dev fd0, sector 0\r\n[   43.144075] blk_update_request: I/O error, dev fd0, sector 0\r\n[   43.208108] blk_update_request: I/O error, dev fd0, sector 0\r\n\u0000\u0000\u0000\u0000\u0000\u0000\u0000\u0000\u0000\u0000\u0000\u0000\u0000\u0000\u0000\u0000\u0000\u0000\u0000\u0000\u0000\u0000\u0000\u0000\u0000\u0000\u0000\u0000\u0000\u0000\u0000\u0000\u0000\u0000\u0000\u0000\u0000\u0000\u0000\u0000\u0000\u0000\u0000\u0000\u0000\u0000\u0000\u0000\u0000\u0000\u0000\u0000\u0000\u0000\u0000\u0000\u0000\u0000\u0000\u0000\u0000\u0000\u0000\u0000\u0000\u0000\u0000\u0000\u0000\u0000\u0000\u0000\u0000\u0000\u0000\u0000\u0000\u0000\u0000\u0000\u0000\u0000\u0000\u0000\u0000\u0000\u0000\u0000\u0000\u0000\u0000\u0000\u0000\u0000\u0000\u0000\u0000\u0000\u0000\u0000\u0000\u0000\u0000\u0000\u0000\u0000\u0000\u0000\u0000\u0000\u0000\u0000\u0000\u0000\u0000\u0000\u0000\u0000\u0000\u0000\u0000\u0000\u0000\u0000\u0000\u0000\u0000\u0000\u0000\u0000\u0000\u0000\u0000\u0000\u0000\u0000\u0000\u0000\u0000\u0000\u0000\u0000\u0000\u0000\u0000\u0000\u0000\u0000\u0000\u0000\u0000\u0000\u0000\u0000\u0000\u0000\u0000\u0000\u0000\u0000\u0000\u0000\u0000\u0000\u0000\u0000\u0000\u0000\u0000\u0000\u0000\u0000\u0000\u0000\u0000\u0000\u0000\u0000\u0000\u0000\u0000\u0000\u0000\u0000\u0000\u0000\u0000\u0000\u0000\u0000\u0000\u0000\u0000\u0000\u0000\u0000\u0000\u0000\u0000\u0000\u0000\u0000\u0000\u0000\u0000\u0000\u0000\u0000\u0000\u0000\u0000\u0000\u0000\u0000\u0000\u0000\u0000\u0000\u0000\u0000\u0000\u0000\u0000\u0000\u0000\u0000\u0000\u0000\u0000\u0000\u0000\u0000\u0000\u0000\u0000\u0000\u0000\u0000\u0000\u0000\u0000\u0000\u0000\u0000\u0000\u0000\u0000\u0000\u0000\u0000\u0000\u0000\u0000\u0000\u0000\u0000\u0000\u0000\u0000\u0000\u0000\u0000\u0000\u0000\u0000\u0000\u0000\u0000\u0000\u0000\u0000\u0000\u0000\u0000\u0000\u0000\u0000\u0000\u0000\u0000\u0000\u0000\u0000\u0000\u0000\u0000\u0000\u0000\u0000\u0000\u0000\u0000\u0000\u0000\u0000\u0000\u0000\u0000\u0000\u0000\u0000\u0000\u0000\u0000\u0000\u0000\u0000\u0000\u0000\u0000\u0000\u0000\u0000\u0000\u0000\u0000\u0000\u0000\u0000\u0000\u0000\u0000\u0000\u0000\u0000\u0000\u0000\u0000\u0000\u0000\u0000\u0000\u0000\u0000\u0000\u0000\u0000\u0000\u0000\u0000\u0000\u0000\u0000\u0000\u0000\u0000\u0000\u0000\u0000\u0000\u0000\u0000\u0000\u0000\u0000\u0000\u0000\u0000\u0000\u0000\u0000\u0000\u0000\u0000\u0000\u0000\u0000\u0000\u0000\u0000\u0000\u0000\u0000\u0000\u0000\u0000\u0000\u0000\u0000\u0000\u0000\u0000\u0000\u0000\u0000\u0000\u0000\u0000\u0000\u0000\u0000\u0000\u0000\u0000\u0000\u0000\u0000\u0000\u0000\u0000\u0000\u0000\u0000\u0000\u0000\u0000\u0000\u0000\u0000\u0000\u0000\u0000\u0000\u0000\u0000\u0000\u0000\u0000\u0000\u0000\u0000\u0000[\u001b[1;31mFAILED\u001b[0m] Failed to start Seed the pseudo random number generator on first boot.\r\r\nSee \"systemctl status pollinate.service\" for details.\r\r\n2015/12/03 17:20:07 Finished processing ExtensionsConfig.xml\r\r\n[   50.969878] cloud-init[812]:
Dec  3 17:20:11 xplatvm pollinate[1046]: ERROR: Network communication failed [60]\\n17:20:10.300547 * Hostname was NOT found in DNS cache\r\r\n[   50.970078] cloud-init[812]: % Total    % Received % Xferd  Average Speed   Time    Time     Time  Current\r\r\n[   50.970194] cloud-init[812]: Dload  Upload   Total   Spent    Left  Speed\r\r\n[   50.970296] cloud-init[812]: 0     0    0     0    0     0      0      0 --:--:-- --:--:-- --:--:--     017:20:10.304961 *   Trying 91.189.94.24...\r\r\n[   50.970398] cloud-init[812]: 17:20:10.625677 * Connected to entropy.ubuntu.com (91.189.94.24) port 443 (#0)\r\r\n[   50.970496] cloud-init[812]: 17:20:10.626477 * successfully set certificate verify locations:\r\r\n[   50.970591] cloud-init[812]: 17:20:10.626506 *   CAfile: /etc/pollinate/entropy.ubuntu.com.pem\r\r\n[   50.970685] cloud-init[812]: CApath: /dev/null\r\r\n[   50.970779] cloud-init[812]: 17:20:10.626595 * SSLv3, TLS handshake, Client hello (1):\r\r\n[   50.970874] cloud-init[812]: 17:20:10.626617 } [data not shown]\r\r\n[   50.970968] cloud-init[812]: 17:20:10.965500 * SSLv3, TLS handshake, Server hello (2):\r\r\n[   50.971062] cloud-init[812]: 17:20:10.965558 { [data not shown]\r\r\n[   50.971158] cloud-init[812]: 17:20:10.965623 * SSLv3, TLS handshake, CERT (11):\r\r\n[   50.971377] cloud-init[812]: 17:20:10.965644 { [data not shown]\r\r\n[   50.971603] cloud-init[812]: 17:20:10.965897 * SSLv3, TLS alert, Server hello (2):\r\r\n[   50.971714] cloud-init[812]: 17:20:10.965923 } [data not shown]\r\r\n[   50.971810] cloud-init[812]: 17:20:10.965985 * SSL certificate problem: unable to get local issuer certificate\r\r\n[   50.971905] cloud-init[812]: 17:20:10.966011 * Closing connection 0\r\r\n[   50.972000] cloud-init[812]: curl: (60) SSL certificate problem: unable to get local issuer certificate\r\r\n[   50.997170] cloud-init[812]: More details here: http://curl.haxx.se/docs/sslcerts.html\r\r\n[   50.997291] cloud-init[812]: cmms SSL certificate verification by default, using a \"bundle\"\r\r\n[   50.997425] cloud-init[812]: of Certificate Authority (CA) public keys (CA certs). If the default\r\r\n[   50.997549] cloud-init[812]: bundle file isn't adequate, you can specify an alternate file\r\r\n[   50.997667] cloud-init[812]: using the --cacert option.\r\r\n[   50.997796] cloud-init[812]: If this HTTPS server uses a certificate signed by a CA represented in\r\r\n[   50.997905] cloud-init[812]: the bundle, the certificate verification probably failed due to a\r\r\n[   50.998307] cloud-init[812]: problem with the certificate (it might be expired, or the name might\r\r\n[   50.999147] cloud-init[812]: not match the domain name in the URL).\r\r\n[   50.999266] cloud-init[812]: If you'd like to turn off curl's verification of the certificate, use\r\r\n[   50.999434] cloud-init[812]: the -k (or --insecure) option.\r\r\n[   51.019768] cloud-init[812]: Cloud-init v. 0.7.7 running 'init' at Thu, 03 Dec 2015 17:19:55 +0000. Up 34.57 seconds.\r\r\n[   51.020648] cloud-init[812]: ci-info: ++++++++++++++++++++++++++++++++++++++Net device info++++++++++++++++++++++++++++++++++++++\r\r\n[   51.020835] cloud-init[812]: ci-info: +--------+------+-----------------------------+---------------+-------+-------------------+\r\r\n[   51.021045] cloud-init[812]: ci-info: | Device |  Up  |           Address           |      Mask     | Scope |     Hw-Address    |\r\r\n[   51.021225] cloud-init[812]: ci-info: +--------+------+-----------------------------+---------------+-------+-------------------+\r\r\n[   51.021391] cloud-init[812]: ci-info: |   lo   | True |          127.0.0.1          |   255.0.0.0   |   .   |         .         |\r\r\n[   51.021647] cloud-init[812]: ci-info: |   lo   | True |           ::1/128           |       .       |  host |         .         |\r\r\n[   51.021835] cloud-init[812]: ci-info: |  eth0  | True |           10.0.0.4          | 255.255.255.0 |   .   | 00:0d:3a:a0:d8:d4 |\r\r\n[   51.022002] cloud-init[812]: ci-info: |  eth0  | True | fe80::20d:3aff:fea0:d8d4/64 |       .       |  link | 00:0d:3a:a0:d8:d4 |\r\r\n[   51.022201] cloud-init[812]: ci-info: +--------+------+-----------------------------+---------------+-------+-------------------+\r\r\n[   51.022356] cloud-init[812]: ci-info: +++++++++++++++++++++++++++++Route IPv4 info++++++++++++++++++++++++++++++\r\r\n[   51.022511] cloud-init[812]: ci-info: +-------+---------------+----------+-----------------+-----------+-------+\r\r\n[   51.022675] cloud-init[812]: ci-info: | Route |  Destination  | Gateway  |     Genmask     | Interface | Flags |\r\r\n[   51.022846] cloud-init[812]: ci-info: +-------+---------------+----------+-----------------+-----------+-------+\r\r\n[   51.023040] cloud-init[812]: ci-info: |   0   |    0.0.0.0    | 10.0.0.1 |     0.0.0.0     |    eth0   |   UG  |\r\r\n[   51.023210] cloud-init[812]: ci-info: |   1   |    10.0.0.0   | 0.0.0.0  |  255.255.255.0  |    eth0   |   U   |\r\r\n[   51.023368] cloud-init[812]: ci-info: |   2   | 168.63.129.16 | 10.0.0.1 | 255.255.255.255 |    eth0   |  UGH  |\r\r\n[   51.023521] cloud-init[812]: ci-info: +-------+---------------+----------+-----------------+-----------+-------+\r\r\n[   51.023674] cloud-init[812]: 2015-12-03 17:20:11,465 - util.py[WARNING]: Running module seed_random (<module 'cloudinit.config.cc_seed_random' from '/usr/lib/python3/dist-packages/cloudinit/config/cc_seed_random.py'>) failed\r\r\n[   52.454593] cloud-init[812]: Generating public/private rsa key pair.\r\r\n[   52.454856] cloud-init[812]: Your identification has been saved in /etc/ssh/ssh_host_rsa_key.\r\r\n[   52.454976] cloud-init[812]: Your public key has been saved in /etc/ssh/ssh_host_rsa_key.pub.\r\r\n[   52.455078] cloud-init[812]: The key fingerprint is:\r\r\n[   52.455177] cloud-init[812]: 69:08:80:7b:6c:14:0e:2e:f5:17:0e:e5:04:ee:d4:79 root@xplatvm\r\r\n[   52.455281] cloud-init[812]: The key's randomart image is:\r\r\n[   52.455372] cloud-init[812]: +---[RSA 2048]----+\r\r\n[   52.455474] cloud-init[812]: |..+.oo+          |\r\r\n[   52.455561] cloud-init[812]: |o+.+ * o         |\r\r\n[   52.455651] cloud-init[812]: |.=. = * E        |\r\r\n[   52.455742] cloud-init[812]: |o +o o o .       |\r\r\n[   52.455845] cloud-init[812]: | o  . . S        |\r\r\n[   52.455948] cloud-init[812]: |       .         |\r\r\n[   52.461799] cloud-init[812]: |                 |\r\r\n[   52.461966] cloud-init[812]: |                 |\r\r\n[   52.462110] cloud-init[812]: |                 |\r\r\n[   52.462275] cloud-init[812]: +-----------------+\r\r\n[   52.596023] cloud-init[812]: Generating public/private dsa key pair.\r\r\n[   52.604822] cloud-init[812]: Your identification has been saved in /etc/ssh/ssh_host_dsa_key.\r\r\n[   52.605000] cloud-init[812]: Your public key has been saved in /etc/ssh/ssh_host_dsa_key.pub.\r\r\n[   52.605186] cloud-init[812]: The key fingerprint is:\r\r\n[   52.619605] cloud-init[812]: 35:70:9f:94:24:46:92:bf:02:cf:3f:8e:56:0a:e6:35 root@xplatvm\r\r\n[   52.619779] cloud-init[812]: The key's randomart image is:\r\r\n[   52.619955] cloud-init[812]: +---[DSA 1024]----+\r\r\n[   52.620160] cloud-init[812]: |        oo=.o.   |\r\r\n[   52.620317] cloud-init[812]: |        .= +..   |\r\r\n[   52.620478] cloud-init[812]: |         .o o    |\r\r\n[   52.620645] cloud-init[812]: |      .  ...     |\r\r\n[   52.620784] cloud-init[812]: |       +S  .     |\r\r\n[   52.620921] cloud-init[812]: |      o E o      |\r\r\n[   52.621612] cloud-init[812]: |     o o *       |\r\r\n[   52.621875] cloud-init[812]: |      . o.o      |\r\r\n[   52.622065] cloud-init[812]: |       .....     |\r\r\n[   52.622248] cloud-init[812]: +-----------------+\r\r\n[   52.622632] cloud-init[812]: Generating public/private ecdsa key pair.\r\r\n[   52.622840] cloud-init[812]: Your identification has been saved in /etc/ssh/ssh_host_ecdsa_key.\r\r\n[   52.623003] cloud-init[812]: Your public key has been saved in /etc/ssh/ssh_host_ecdsa_key.pub.\r\r\n[   52.623159] cloud-init[812]: The key fingerprint is:\r\r\n[   52.623342] cloud-init[812]: 5b:2c:34:69:0a:73:92:50:81:65:28:68:b6:3a:5b:5f root@xplatvm\r\r\n[   52.623508] cloud-init[812]: The key's randomart image is:\r\r\n[   52.623681] cloud-init[812]: +---[ECDSA 256]---+\r\r\n[   52.623826] cloud-init[812]: |. .==.           |\r\r\n[   52.623971] cloud-init[812]: |oooo .   .       |\r\r\n[   52.624159] cloud-init[812]: |o.. = . =        |\r\r\n[   52.624309] cloud-init[812]: | .   = + o       |\r\r\n[   52.624455] cloud-init[812]: |.     . S o      |\r\r\n[   52.624608] cloud-init[812]: |o .   E  +       |\r\r\n[   52.624745] cloud-init[812]: | + . .  .        |\r\r\n[   52.635949] cloud-init[812]: |.   .            |\r\r\n[   52.636163] cloud-init[812]: |                 |\r\r\n[   52.636337] cloud-init[812]: +-----------------+\r\r\n[\u001b[1;31mFAILED\u001b[0m] Failed to start Initial cloud-init job (metadata service crawler).\r\r\nSee \"systemctl status cloud-init.service\" for details.\r\r\n[\u001b[32m  OK  \u001b[0m] Started OpenBSD Secure Shell server.\r\r\n         Starting OpenBSD Secure Shell server...\r\r\n         Starting Permit User Sessions...\r\r\n[\u001b[32m  OK  \u001b[0m] Reached target Cloud-config availability.\r\r\n         Starting Apply the settings specified in cloud-config...\r\r\n[\u001b[32m  OK  \u001b[0m] Started Permit User Sessions.\r\r\n         Starting Terminate Plymouth Boot Screen...\r\r\n         Starting Wait for Plymouth Boot Screen to Quit...\r\r\nssh.service\r\r\nsystemd-user-sessions.service\r\r\n[\u001b[32m  OK  \u001b[0m] Started Wait for Plymouth Boot Screen to Quit.\r\n[\u001b[32m  OK  \u001b[0m] Started Terminate Plymouth Boot Screen.\r\n[\u001b[32m  OK  \u001b[0m] Started Serial Getty on ttyS0.\r\n         Starting Serial Getty on ttyS0...\r\n[\u001b[32m  OK  \u001b[0m] Started Getty on tty1.\r\n         Starting Getty on tty1...\r\n[\u001b[32m  OK  \u001b[0m] Reached target Login Prompts.\r\n[\u001b[32m  OK  \u001b[0m] Stopped File System Check on /dev/sdb1.\r\n         Stopping File System Check on /dev/sdb1...\r\n         Starting File System Check on /dev/sdb1...\r\n[\u001b[32m  OK  \u001b[0m] Started File System Check on /dev/sdb1.\r\n         Mounting /mnt...\r\n[\u001b[1;31mFAILED\u001b[0m] Failed to mount /mnt.\r\nSee \"systemctl status mnt.mount\" for details.\r\n\r\r\nUbuntu 15.04 xplatvm ttyS0\r\n\r\nxplatvm login:
[   60.576735] cloud-init[1081]: Generating locales...\r\n[   60.642975] cloud-init[1081]: en_US.UTF-8... up-to-date\r\n[   60.669469] cloud-init[1081]: Generation complete.\r\n[   64.797561] cloud-init[1081]: Cloud-init v. 0.7.7 running 'modules:config' at Thu, 03 Dec 2015 17:20:14 +0000. Up 53.87 seconds.\r\nci-info: ++Authorized keys from /home/azureuser/.ssh/authorized_keys for user azureuser+++\r\nci-info: +---------+-------------------------------------------------+---------+---------+\r\nci-info: | Keytype |                Fingerprint (md5)                | Options | Comment |\r\nci-info: +---------+-------------------------------------------------+---------+---------+\r\nci-info: | ssh-rsa | 8f:df:8f:18:ba:cd:cc:63:7c:1f:ea:ae:ba:09:40:65 |    -    |    -    |\r\nci-info: +---------+-------------------------------------------------+---------+---------+\r\nec2: \r\nec2: #############################################################\r\nec2: -----BEGIN SSH HOST KEY FINGERPRINTS-----\r\nec2: 1024 35:70:9f:94:24:46:92:bf:02:cf:3f:8e:56:0a:e6:35 /etc/ssh/ssh_host_dsa_key.pub (DSA)\r\nec2: 256 5b:2c:34:69:0a:73:92:50:81:65:28:68:b6:3a:5b:5f /etc/ssh/ssh_host_ecdsa_key.pub (ECDSA)\r\nec2: 2048 69:08:80:7b:6c:14:0e:2e:f5:17:0e:e5:04:ee:d4:79 /etc/ssh/ssh_host_rsa_key.pub (RSA)\r\nec2: -----END SSH HOST KEY FINGERPRINTS-----\r\nec2: #############################################################\r\n-----BEGIN SSH HOST KEY KEYS-----\r\necdsa-sha2-nistp256 AAAAE2VjZHNhLXNoYTItbmlzdHAyNTYAAAAIbmlzdHAyNTYAAABBBFvFJ1G3nUmGVeGzMMiAK7C5VK9YR8fD/Bd3H3rcoCDubBFR1peAEqx7O03O/X802Nbs5QyHhUGxOsnhgNe5UY0= root@xplatvm\r\nssh-rsa AAAAB3NzaC1yc2EAAAADAQABAAABAQC9SLKtHl3+2uT01Nmdse9E86eNh4lnVCOX2Ko5rrDny4Iy30VAcDZE9Ev38z0+T9M4vGguyEMmNCSKmsNUKot9xpU1I1gnSHcwVGFQFJ9lZYYXadg1jG9cCOTmvBzt/Dt/9CZA5QoQNk3vnqc65CI9gbCtGQ3K3fIFj5S0ieCT3vPi7vfSuPhWwM6a93AnlLmMrbsq3dKBYUa8fO57n+vKv3HYz68dtRbZcqqIiczKOfgxYixpmJKdLgmhGBiYrSabszaAUzfiq9GV4SGKzaowhpCDcWzEsBkf6c/Utp2lJueHXwpBf8X+MUn+XcX15ih5wUQy4pV23PXClKcxmB+r root@xplatvm\r\n-----END SSH HOST KEY KEYS-----\r\n[   65.909062] cloud-init[1189]: Cloud-init v. 0.7.7 running 'modules:final' at Thu, 03 Dec 2015 17:20:25 +0000. Up 65.33 seconds.\r\n[   65.946054] cloud-init[1189]: Cloud-init v. 0.7.7 finished at Thu, 03 Dec 2015 17:20:26 +0000. Datasource DataSourceAzureNet [seed=/dev/sr0].  Up 65.89 seconds\r\n\u0000\u0000\u0000\u0000\u0000\u0000\u0000\u0000\u0000\u0000\u0000\u0000\u0000\u0000\u0000\u0000\u0000\u0000\u0000\u0000\u0000\u0000\u0000\u0000\u0000\u0000\u0000\u0000\u0000\u0000\u0000\u0000\u0000\u0000\u0000\u0000\u0000\u0000\u0000\u0000\u0000\u0000\u0000\u0000\u0000\u0000\u0000\u0000\u0000\u0000\u0000\u0000\u0000\u0000\u0000\u0000\u0000\u0000\u0000\u0000\u0000\u0000\u0000\u0000\u0000\u0000\u0000\u0000\u0000\u0000\u0000\u0000\u0000\u0000\u0000\u0000\u0000\u0000\u0000\u0000\u0000\u0000\u0000\u0000\u0000\u0000\u0000\u0000\u0000\u0000\u0000\u0000\u0000\u0000\u0000\u0000\u0000\u0000\u0000\u0000\u0000\u0000\u0000\u0000\u0000\u0000\u0000\u0000\u0000\u0000\u0000\u0000\u0000\u0000\u0000\u0000\u0000\u0000\u0000\u0000\u0000\u0000\u0000\u0000\u0000\u0000\u0000\u0000\u0000\u0000\u0000\u0000\u0000\u0000\u0000\u0000\u0000\u0000\u0000\u0000\u0000\u0000\u0000\u0000\u0000\u0000\u0000\u0000\u0000\u0000\u0000\u0000\u0000\u0000\u0000\u0000\u0000\u0000\u0000\u0000\u0000\u0000\u0000\u0000\u0000\u0000\u0000\u0000\u0000\u0000\u0000\u0000\u0000\u0000\u0000\u0000\u0000\u0000\u0000\u0000\u0000\u0000\u0000\u0000\u0000\u0000\u0000\u0000\u0000\u0000\u0000\u0000\u0000\u0000\u0000\u0000\u0000\u0000\u0000\u0000\u0000\u0000\u0000\u0000\u0000\u0000\u0000\u0000\u0000\u0000\u0000\u0000\u0000\u0000\u0000\u0000\u0000\u0000\u0000\u0000\u0000\u0000\u0000\u0000\u0000\u0000\u0000\u0000\u0000\u0000\u0000\u0000\u0000\u0000\u0000\u0000\u0000\u0000\u0000\u0000\u0000\u0000\u0000\u0000\u0000\u0000\u0000\u0000\u0000\u0000\u0000\u0000\u0000\u0000\u0000\u0000\u0000\u0000\u0000\u0000\u0000\u0000\u0000\u0000\u0000\u0000\u0000\u0000\u0000\u0000\u0000\u0000\u0000\u0000\u0000\u0000\u0000\u0000\u0000\u0000\u0000\u0000\u0000\u0000\u0000\u0000\u0000\u0000\u0000\u0000\u0000\u0000\u0000\u0000\u0000\u0000\u0000\u0000\u0000\u0000\u0000\u0000\u0000\u0000\u0000\u0000\u0000\u0000\u0000\u0000\u0000\u0000\u0000\u0000\u0000\u0000\u0000\u0000\u0000\u0000\u0000\u0000\u0000\u0000", { 'content-length': '65536',
  'last-modified': 'Thu, 03 Dec 2015 17:21:04 GMT',
  'accept-ranges': 'bytes',
  etag: '"0x8D2FC061FA9D3C8"',
  server: 'Windows-Azure-Blob/1.0 Microsoft-HTTPAPI/2.0',
  'x-ms-request-id': '8f7a8007-0001-002b-1df0-2d75bf000000',
  'x-ms-version': '2015-02-21',
  'x-ms-lease-status': 'unlocked',
  'x-ms-lease-state': 'available',
  'x-ms-blob-type': 'PageBlob',
  'x-ms-blob-sequence-number': '0',
  date: 'Thu, 03 Dec 2015 17:32:56 GMT',
  connection: 'close' });
 return result; },
function (nock) { 
var result = 
nock('https://xplatteststorage13770.blob.core.windows.net:443')
  .get('/bootdiagnostics-xplatvm-1bbf7e1c-4763-4c7f-b4c5-32a8e31689f3/xplatvm.1bbf7e1c-4763-4c7f-b4c5-32a8e31689f3.serialconsole.log')
