// This file has been autogenerated.

var profile = require('../../../lib/util/profile');

exports.getMockedProfile = function () {
  var newProfile = new profile.Profile();

  newProfile.addSubscription(new profile.Subscription({
    id: 'e33f361b-53c2-4cc7-b829-78906708387b',
    name: 'Microsoft Azure Internal Consumption',
    user: {
      name: 'user@domain.example',
      type: 'servicePrincipal'
    },
    tenantId: '72f988bf-86f1-41af-91ab-2d7cd011db47',
    state: 'Enabled',
    registeredProviders: [],
    isDefault: true
  }, newProfile.environments['AzureCloud']));

  return newProfile;
};

exports.setEnvironment = function() {
  process.env['AZURE_VM_TEST_LOCATION'] = 'eastus';
  process.env['SSHCERT'] = 'test/myCert.pem';
};

exports.scopes = [[function (nock) { 
var result = 
nock('http://management.azure.com:443')
  .get('/subscriptions/e33f361b-53c2-4cc7-b829-78906708387b/resourceGroups/xplatTestGVMCreate554/providers/Microsoft.Compute/virtualMachines/xplatvm?$expand=instanceView&api-version=2015-06-15')
  .reply(200, "{\r\n  \"properties\": {\r\n    \"vmId\": \"f677852c-5ef1-4e5f-8ce9-1b3f4ec57a96\",\r\n    \"hardwareProfile\": {\r\n      \"vmSize\": \"Standard_A1\"\r\n    },\r\n    \"storageProfile\": {\r\n      \"osDisk\": {\r\n        \"osType\": \"Linux\",\r\n        \"name\": \"cli5ee8b42bd61edb21-os-1451105137742\",\r\n        \"createOption\": \"FromImage\",\r\n        \"image\": {\r\n          \"uri\": \"https://xplatteststorage18903.blob.core.windows.net/system/Microsoft.Compute/Images/vhds/xplatvm3-osDisk.cb793c2d-6b8d-40f3-a5a9-5128351050f2.vhd\"\r\n        },\r\n        \"vhd\": {\r\n          \"uri\": \"https://xplatteststorage18903.blob.core.windows.net/xplatteststoragecnt15507/cli5ee8b42bd61edb21-os-1451105137742.vhd\"\r\n        },\r\n        \"caching\": \"ReadWrite\"\r\n      },\r\n      \"dataDisks\": []\r\n    },\r\n    \"osProfile\": {\r\n      \"computerName\": \"xplatvm\",\r\n      \"adminUsername\": \"azureuser\",\r\n      \"linuxConfiguration\": {\r\n        \"disablePasswordAuthentication\": false,\r\n        \"ssh\": {\r\n          \"publicKeys\": [\r\n            {\r\n              \"path\": \"/home/azureuser/.ssh/authorized_keys\",\r\n              \"keyData\": \"MIID/zCCAuegAwIBAgIJAMUAa+XVLvAeMA0GCSqGSIb3DQEBBQUAMIGVMQswCQYD\\r\\nVQQGEwJJbjESMBAGA1UECAwJS2FybmF0YWthMRIwEAYDVQQHDAlCYW5nYWxvcmUx\\r\\nEDAOBgNVBAoMB2JyaWxsaW8xEjAQBgNVBAsMCW1pY3Jvc29mdDEQMA4GA1UEAwwH\\r\\nYnJpbGxpbzEmMCQGCSqGSIb3DQEJARYXc3JlZWthbnRoYnNAeWFob28uY28uaW4w\\r\\nHhcNMTUwMzA1MTE1MzEyWhcNMTYwMzA0MTE1MzEyWjCBlTELMAkGA1UEBhMCSW4x\\r\\nEjAQBgNVBAgMCUthcm5hdGFrYTESMBAGA1UEBwwJQmFuZ2Fsb3JlMRAwDgYDVQQK\\r\\nDAdicmlsbGlvMRIwEAYDVQQLDAltaWNyb3NvZnQxEDAOBgNVBAMMB2JyaWxsaW8x\\r\\nJjAkBgkqhkiG9w0BCQEWF3NyZWVrYW50aGJzQHlhaG9vLmNvLmluMIIBIjANBgkq\\r\\nhkiG9w0BAQEFAAOCAQ8AMIIBCgKCAQEAyUNKaOuT0NK+S8Ck81zy9xJ6hXfZvAC6\\r\\nlhbmf/6s/WVimJ/TX5NMhQJwC9k6ZIF92KfYrojHNvHDufSZ3EtKUVwRFCDjmgMT\\r\\nDL09WkGaZt7gROYFK0iZ4KrYGovUwlwum9fHB24OJiOV4bi0ek62/rHx9fjYZpvp\\r\\naIH2PV/hN8SCZ0x7HJMberD4gVoU/Kv42nNvwjLUW6IZfVx/Gv5OeFDtWHfSvUEF\\r\\ndadHKTPn3Ab20Iu6gZIbLO9Vuf38/IpaYGfnFCouHdzmiTiLieYNe3CUPcOJNSv7\\r\\n1G8KYpx3uNJRkJPab5OsRyJw75Gvzkr9OgaPss9tVD6Gt68u3WQtVQIDAQABo1Aw\\r\\nTjAdBgNVHQ4EFgQUogvhXB+xZ2JJPfLO6cVs4ForzscwHwYDVR0jBBgwFoAUogvh\\r\\nXB+xZ2JJPfLO6cVs4ForzscwDAYDVR0TBAUwAwEB/zANBgkqhkiG9w0BAQUFAAOC\\r\\nAQEAdDj7qUNJ45xlF5cjd+4x5NHvAD1VTjOKu+Xh/uzSSjXqB2F0aOMWA9lx0qaQ\\r\\noJgHkGxj3zz/W7ik/cVGL2O+vRIOKv/y0OPogEmS3Hw+P+O6OGE7x1G6YN0zLVoL\\r\\nu4BN/BEYmjttxM9I7qqL7C5cJoE+K3s/w1/pt/68ohJcr7F9Ohi7cso62xuGY1Rm\\r\\nksAh2EUDsU9JV/P+C9AMpLSrb03JJYzVj4w1RHbrmw2AjFyGXdQYkggyXisg+Ifr\\r\\n5gbNN7HigpHf7b2i3CQBUqp9m23frh5AhnLI2qp3UXgc52U5ieLdi/t6j0TTZqqY\\r\\nHhHqofKrj938HHlBNpC5/LVh3w==\\r\\n\"\r\n            }\r\n          ]\r\n        }\r\n      },\r\n      \"secrets\": []\r\n    },\r\n    \"networkProfile\": {\"networkInterfaces\":[{\"properties\":{},\"id\":\"/subscriptions/e33f361b-53c2-4cc7-b829-78906708387b/resourceGroups/xplatTestGVMCreate554/providers/Microsoft.Network/networkInterfaces/xplattestnic\"}]},\r\n    \"diagnosticsProfile\": {\r\n      \"bootDiagnostics\": {\r\n        \"enabled\": true,\r\n        \"storageUri\": \"https://xplatteststorage18903.blob.core.windows.net/\"\r\n      }\r\n    },\r\n    \"provisioningState\": \"Succeeded\",\r\n    \"instanceView\": {\r\n      \"vmAgent\": {\r\n        \"vmAgentVersion\": \"WALinuxAgent-2.0.13\",\r\n        \"statuses\": [\r\n          {\r\n            \"code\": \"ProvisioningState/succeeded\",\r\n            \"level\": \"Info\",\r\n            \"displayStatus\": \"Ready\",\r\n            \"message\": \"GuestAgent is running and accepting new configurations.\",\r\n            \"time\": \"2015-12-26T05:00:36+00:00\"\r\n          }\r\n        ],\r\n        \"extensionHandlers\": []\r\n      },\r\n      \"disks\": [\r\n        {\r\n          \"name\": \"cli5ee8b42bd61edb21-os-1451105137742\",\r\n          \"statuses\": [\r\n            {\r\n              \"code\": \"ProvisioningState/succeeded\",\r\n              \"level\": \"Info\",\r\n              \"displayStatus\": \"Provisioning succeeded\",\r\n              \"time\": \"2015-12-26T04:45:42.5323747+00:00\"\r\n            }\r\n          ]\r\n        }\r\n      ],\r\n      \"bootDiagnostics\": {\r\n        \"consoleScreenshotBlobUri\": \"https://xplatteststorage18903.blob.core.windows.net/bootdiagnostics-xplatvm-f677852c-5ef1-4e5f-8ce9-1b3f4ec57a96/xplatvm.f677852c-5ef1-4e5f-8ce9-1b3f4ec57a96.screenshot.bmp\",\r\n        \"serialConsoleLogBlobUri\": \"https://xplatteststorage18903.blob.core.windows.net/bootdiagnostics-xplatvm-f677852c-5ef1-4e5f-8ce9-1b3f4ec57a96/xplatvm.f677852c-5ef1-4e5f-8ce9-1b3f4ec57a96.serialconsole.log\"\r\n      },\r\n      \"statuses\": [\r\n        {\r\n          \"code\": \"ProvisioningState/succeeded\",\r\n          \"level\": \"Info\",\r\n          \"displayStatus\": \"Provisioning succeeded\",\r\n          \"time\": \"2015-12-26T04:47:29.73648+00:00\"\r\n        },\r\n        {\r\n          \"code\": \"PowerState/running\",\r\n          \"level\": \"Info\",\r\n          \"displayStatus\": \"VM running\"\r\n        }\r\n      ]\r\n    }\r\n  },\r\n  \"id\": \"/subscriptions/e33f361b-53c2-4cc7-b829-78906708387b/resourceGroups/xplatTestGVMCreate554/providers/Microsoft.Compute/virtualMachines/xplatvm\",\r\n  \"name\": \"xplatvm\",\r\n  \"type\": \"Microsoft.Compute/virtualMachines\",\r\n  \"location\": \"eastus\",\r\n  \"tags\": {\r\n    \"a\": \"b\",\r\n    \"b\": \"c\",\r\n    \"d\": \"\"\r\n  }\r\n}", { 'cache-control': 'no-cache',
  pragma: 'no-cache',
  'content-length': '5033',
  'content-type': 'application/json; charset=utf-8',
  expires: '-1',
  'strict-transport-security': 'max-age=31536000; includeSubDomains',
  'x-ms-served-by': 'db2c81f2-c6fa-41a7-b70e-bc4bed3c3b56_130955771722968087',
  'x-ms-request-id': '888c4a8b-9a1b-45e3-bc7c-2e35f7c5217e',
  server: 'Microsoft-HTTPAPI/2.0, Microsoft-HTTPAPI/2.0',
  'x-ms-ratelimit-remaining-subscription-reads': '14959',
  'x-ms-correlation-request-id': '1fc89c6e-1256-4585-98f2-68ff336dfadb',
  'x-ms-routing-request-id': 'WESTUS:20151226T050101Z:1fc89c6e-1256-4585-98f2-68ff336dfadb',
  date: 'Sat, 26 Dec 2015 05:01:00 GMT',
  connection: 'close' });
 return result; },
function (nock) { 
var result = 
nock('https://management.azure.com:443')
  .get('/subscriptions/e33f361b-53c2-4cc7-b829-78906708387b/resourceGroups/xplatTestGVMCreate554/providers/Microsoft.Compute/virtualMachines/xplatvm?$expand=instanceView&api-version=2015-06-15')
  .reply(200, "{\r\n  \"properties\": {\r\n    \"vmId\": \"f677852c-5ef1-4e5f-8ce9-1b3f4ec57a96\",\r\n    \"hardwareProfile\": {\r\n      \"vmSize\": \"Standard_A1\"\r\n    },\r\n    \"storageProfile\": {\r\n      \"osDisk\": {\r\n        \"osType\": \"Linux\",\r\n        \"name\": \"cli5ee8b42bd61edb21-os-1451105137742\",\r\n        \"createOption\": \"FromImage\",\r\n        \"image\": {\r\n          \"uri\": \"https://xplatteststorage18903.blob.core.windows.net/system/Microsoft.Compute/Images/vhds/xplatvm3-osDisk.cb793c2d-6b8d-40f3-a5a9-5128351050f2.vhd\"\r\n        },\r\n        \"vhd\": {\r\n          \"uri\": \"https://xplatteststorage18903.blob.core.windows.net/xplatteststoragecnt15507/cli5ee8b42bd61edb21-os-1451105137742.vhd\"\r\n        },\r\n        \"caching\": \"ReadWrite\"\r\n      },\r\n      \"dataDisks\": []\r\n    },\r\n    \"osProfile\": {\r\n      \"computerName\": \"xplatvm\",\r\n      \"adminUsername\": \"azureuser\",\r\n      \"linuxConfiguration\": {\r\n        \"disablePasswordAuthentication\": false,\r\n        \"ssh\": {\r\n          \"publicKeys\": [\r\n            {\r\n              \"path\": \"/home/azureuser/.ssh/authorized_keys\",\r\n              \"keyData\": \"MIID/zCCAuegAwIBAgIJAMUAa+XVLvAeMA0GCSqGSIb3DQEBBQUAMIGVMQswCQYD\\r\\nVQQGEwJJbjESMBAGA1UECAwJS2FybmF0YWthMRIwEAYDVQQHDAlCYW5nYWxvcmUx\\r\\nEDAOBgNVBAoMB2JyaWxsaW8xEjAQBgNVBAsMCW1pY3Jvc29mdDEQMA4GA1UEAwwH\\r\\nYnJpbGxpbzEmMCQGCSqGSIb3DQEJARYXc3JlZWthbnRoYnNAeWFob28uY28uaW4w\\r\\nHhcNMTUwMzA1MTE1MzEyWhcNMTYwMzA0MTE1MzEyWjCBlTELMAkGA1UEBhMCSW4x\\r\\nEjAQBgNVBAgMCUthcm5hdGFrYTESMBAGA1UEBwwJQmFuZ2Fsb3JlMRAwDgYDVQQK\\r\\nDAdicmlsbGlvMRIwEAYDVQQLDAltaWNyb3NvZnQxEDAOBgNVBAMMB2JyaWxsaW8x\\r\\nJjAkBgkqhkiG9w0BCQEWF3NyZWVrYW50aGJzQHlhaG9vLmNvLmluMIIBIjANBgkq\\r\\nhkiG9w0BAQEFAAOCAQ8AMIIBCgKCAQEAyUNKaOuT0NK+S8Ck81zy9xJ6hXfZvAC6\\r\\nlhbmf/6s/WVimJ/TX5NMhQJwC9k6ZIF92KfYrojHNvHDufSZ3EtKUVwRFCDjmgMT\\r\\nDL09WkGaZt7gROYFK0iZ4KrYGovUwlwum9fHB24OJiOV4bi0ek62/rHx9fjYZpvp\\r\\naIH2PV/hN8SCZ0x7HJMberD4gVoU/Kv42nNvwjLUW6IZfVx/Gv5OeFDtWHfSvUEF\\r\\ndadHKTPn3Ab20Iu6gZIbLO9Vuf38/IpaYGfnFCouHdzmiTiLieYNe3CUPcOJNSv7\\r\\n1G8KYpx3uNJRkJPab5OsRyJw75Gvzkr9OgaPss9tVD6Gt68u3WQtVQIDAQABo1Aw\\r\\nTjAdBgNVHQ4EFgQUogvhXB+xZ2JJPfLO6cVs4ForzscwHwYDVR0jBBgwFoAUogvh\\r\\nXB+xZ2JJPfLO6cVs4ForzscwDAYDVR0TBAUwAwEB/zANBgkqhkiG9w0BAQUFAAOC\\r\\nAQEAdDj7qUNJ45xlF5cjd+4x5NHvAD1VTjOKu+Xh/uzSSjXqB2F0aOMWA9lx0qaQ\\r\\noJgHkGxj3zz/W7ik/cVGL2O+vRIOKv/y0OPogEmS3Hw+P+O6OGE7x1G6YN0zLVoL\\r\\nu4BN/BEYmjttxM9I7qqL7C5cJoE+K3s/w1/pt/68ohJcr7F9Ohi7cso62xuGY1Rm\\r\\nksAh2EUDsU9JV/P+C9AMpLSrb03JJYzVj4w1RHbrmw2AjFyGXdQYkggyXisg+Ifr\\r\\n5gbNN7HigpHf7b2i3CQBUqp9m23frh5AhnLI2qp3UXgc52U5ieLdi/t6j0TTZqqY\\r\\nHhHqofKrj938HHlBNpC5/LVh3w==\\r\\n\"\r\n            }\r\n          ]\r\n        }\r\n      },\r\n      \"secrets\": []\r\n    },\r\n    \"networkProfile\": {\"networkInterfaces\":[{\"properties\":{},\"id\":\"/subscriptions/e33f361b-53c2-4cc7-b829-78906708387b/resourceGroups/xplatTestGVMCreate554/providers/Microsoft.Network/networkInterfaces/xplattestnic\"}]},\r\n    \"diagnosticsProfile\": {\r\n      \"bootDiagnostics\": {\r\n        \"enabled\": true,\r\n        \"storageUri\": \"https://xplatteststorage18903.blob.core.windows.net/\"\r\n      }\r\n    },\r\n    \"provisioningState\": \"Succeeded\",\r\n    \"instanceView\": {\r\n      \"vmAgent\": {\r\n        \"vmAgentVersion\": \"WALinuxAgent-2.0.13\",\r\n        \"statuses\": [\r\n          {\r\n            \"code\": \"ProvisioningState/succeeded\",\r\n            \"level\": \"Info\",\r\n            \"displayStatus\": \"Ready\",\r\n            \"message\": \"GuestAgent is running and accepting new configurations.\",\r\n            \"time\": \"2015-12-26T05:00:36+00:00\"\r\n          }\r\n        ],\r\n        \"extensionHandlers\": []\r\n      },\r\n      \"disks\": [\r\n        {\r\n          \"name\": \"cli5ee8b42bd61edb21-os-1451105137742\",\r\n          \"statuses\": [\r\n            {\r\n              \"code\": \"ProvisioningState/succeeded\",\r\n              \"level\": \"Info\",\r\n              \"displayStatus\": \"Provisioning succeeded\",\r\n              \"time\": \"2015-12-26T04:45:42.5323747+00:00\"\r\n            }\r\n          ]\r\n        }\r\n      ],\r\n      \"bootDiagnostics\": {\r\n        \"consoleScreenshotBlobUri\": \"https://xplatteststorage18903.blob.core.windows.net/bootdiagnostics-xplatvm-f677852c-5ef1-4e5f-8ce9-1b3f4ec57a96/xplatvm.f677852c-5ef1-4e5f-8ce9-1b3f4ec57a96.screenshot.bmp\",\r\n        \"serialConsoleLogBlobUri\": \"https://xplatteststorage18903.blob.core.windows.net/bootdiagnostics-xplatvm-f677852c-5ef1-4e5f-8ce9-1b3f4ec57a96/xplatvm.f677852c-5ef1-4e5f-8ce9-1b3f4ec57a96.serialconsole.log\"\r\n      },\r\n      \"statuses\": [\r\n        {\r\n          \"code\": \"ProvisioningState/succeeded\",\r\n          \"level\": \"Info\",\r\n          \"displayStatus\": \"Provisioning succeeded\",\r\n          \"time\": \"2015-12-26T04:47:29.73648+00:00\"\r\n        },\r\n        {\r\n          \"code\": \"PowerState/running\",\r\n          \"level\": \"Info\",\r\n          \"displayStatus\": \"VM running\"\r\n        }\r\n      ]\r\n    }\r\n  },\r\n  \"id\": \"/subscriptions/e33f361b-53c2-4cc7-b829-78906708387b/resourceGroups/xplatTestGVMCreate554/providers/Microsoft.Compute/virtualMachines/xplatvm\",\r\n  \"name\": \"xplatvm\",\r\n  \"type\": \"Microsoft.Compute/virtualMachines\",\r\n  \"location\": \"eastus\",\r\n  \"tags\": {\r\n    \"a\": \"b\",\r\n    \"b\": \"c\",\r\n    \"d\": \"\"\r\n  }\r\n}", { 'cache-control': 'no-cache',
  pragma: 'no-cache',
  'content-length': '5033',
  'content-type': 'application/json; charset=utf-8',
  expires: '-1',
  'strict-transport-security': 'max-age=31536000; includeSubDomains',
  'x-ms-served-by': 'db2c81f2-c6fa-41a7-b70e-bc4bed3c3b56_130955771722968087',
  'x-ms-request-id': '888c4a8b-9a1b-45e3-bc7c-2e35f7c5217e',
  server: 'Microsoft-HTTPAPI/2.0, Microsoft-HTTPAPI/2.0',
  'x-ms-ratelimit-remaining-subscription-reads': '14959',
  'x-ms-correlation-request-id': '1fc89c6e-1256-4585-98f2-68ff336dfadb',
  'x-ms-routing-request-id': 'WESTUS:20151226T050101Z:1fc89c6e-1256-4585-98f2-68ff336dfadb',
  date: 'Sat, 26 Dec 2015 05:01:00 GMT',
  connection: 'close' });
 return result; },
function (nock) { 
var result = 
nock('http://management.azure.com:443')
  .post('/subscriptions/e33f361b-53c2-4cc7-b829-78906708387b/resourceGroups/xplatTestGVMCreate554/providers/Microsoft.Storage/storageAccounts/xplatteststorage18903/listKeys?api-version=2015-06-15')
  .reply(200, "{\"key1\":\"5TqutU0JtAmIAkfeo+nzFnXGbVhvSHQm1bDf86b1HdM7asqrSNCdBwOcHYg08a90a+2akZIn9DzBfsoBzwEAzQ==\",\"key2\":\"BK3TZPLZe7zyuFrbdO6ZfqSXvOfvxbLkb2WvveTgMlz+WYKQ/4JUH3hYLqxscv9PET6+RJUoFNi5aj+I9kOlqg==\"}\n", { 'cache-control': 'no-cache',
  pragma: 'no-cache',
  'content-length': '198',
  'content-type': 'application/json',
  expires: '-1',
  'x-ms-request-id': 'a4af8b35-618f-4eff-9ba5-922abc13046f',
  server: 'Microsoft-Azure-Storage-Resource-Provider/1.0, Microsoft-HTTPAPI/2.0',
  'x-ms-ratelimit-remaining-subscription-writes': '1198',
  'x-ms-correlation-request-id': 'a4af8b35-618f-4eff-9ba5-922abc13046f',
  'x-ms-routing-request-id': 'WESTUS:20151226T050101Z:a4af8b35-618f-4eff-9ba5-922abc13046f',
  'strict-transport-security': 'max-age=31536000; includeSubDomains',
  date: 'Sat, 26 Dec 2015 05:01:00 GMT',
  connection: 'close' });
 return result; },
function (nock) { 
var result = 
nock('https://management.azure.com:443')
  .post('/subscriptions/e33f361b-53c2-4cc7-b829-78906708387b/resourceGroups/xplatTestGVMCreate554/providers/Microsoft.Storage/storageAccounts/xplatteststorage18903/listKeys?api-version=2015-06-15')
  .reply(200, "{\"key1\":\"5TqutU0JtAmIAkfeo+nzFnXGbVhvSHQm1bDf86b1HdM7asqrSNCdBwOcHYg08a90a+2akZIn9DzBfsoBzwEAzQ==\",\"key2\":\"BK3TZPLZe7zyuFrbdO6ZfqSXvOfvxbLkb2WvveTgMlz+WYKQ/4JUH3hYLqxscv9PET6+RJUoFNi5aj+I9kOlqg==\"}\n", { 'cache-control': 'no-cache',
  pragma: 'no-cache',
  'content-length': '198',
  'content-type': 'application/json',
  expires: '-1',
  'x-ms-request-id': 'a4af8b35-618f-4eff-9ba5-922abc13046f',
  server: 'Microsoft-Azure-Storage-Resource-Provider/1.0, Microsoft-HTTPAPI/2.0',
  'x-ms-ratelimit-remaining-subscription-writes': '1198',
  'x-ms-correlation-request-id': 'a4af8b35-618f-4eff-9ba5-922abc13046f',
  'x-ms-routing-request-id': 'WESTUS:20151226T050101Z:a4af8b35-618f-4eff-9ba5-922abc13046f',
  'strict-transport-security': 'max-age=31536000; includeSubDomains',
  date: 'Sat, 26 Dec 2015 05:01:00 GMT',
  connection: 'close' });
 return result; },
function (nock) { 
var result = 
nock('http://xplatteststorage18903.blob.core.windows.net:443')
  .head('/bootdiagnostics-xplatvm-f677852c-5ef1-4e5f-8ce9-1b3f4ec57a96/xplatvm.f677852c-5ef1-4e5f-8ce9-1b3f4ec57a96.serialconsole.log')
  .reply(200, "", { 'content-length': '104960',
  'last-modified': 'Sat, 26 Dec 2015 05:00:25 GMT',
  'accept-ranges': 'bytes',
  etag: '"0x8D30DB1779EC49D"',
  server: 'Windows-Azure-Blob/1.0 Microsoft-HTTPAPI/2.0',
  'x-ms-request-id': '7d02e2dd-0001-0136-1f9a-3f1119000000',
  'x-ms-version': '2015-02-21',
  'x-ms-lease-status': 'unlocked',
  'x-ms-lease-state': 'available',
  'x-ms-blob-type': 'PageBlob',
  'x-ms-blob-sequence-number': '0',
  date: 'Sat, 26 Dec 2015 05:01:02 GMT',
  connection: 'close' });
 return result; },
function (nock) { 
var result = 
nock('https://xplatteststorage18903.blob.core.windows.net:443')
  .head('/bootdiagnostics-xplatvm-f677852c-5ef1-4e5f-8ce9-1b3f4ec57a96/xplatvm.f677852c-5ef1-4e5f-8ce9-1b3f4ec57a96.serialconsole.log')
  .reply(200, "", { 'content-length': '104960',
  'last-modified': 'Sat, 26 Dec 2015 05:00:25 GMT',
  'accept-ranges': 'bytes',
  etag: '"0x8D30DB1779EC49D"',
  server: 'Windows-Azure-Blob/1.0 Microsoft-HTTPAPI/2.0',
  'x-ms-request-id': '7d02e2dd-0001-0136-1f9a-3f1119000000',
  'x-ms-version': '2015-02-21',
  'x-ms-lease-status': 'unlocked',
  'x-ms-lease-state': 'available',
  'x-ms-blob-type': 'PageBlob',
  'x-ms-blob-sequence-number': '0',
  date: 'Sat, 26 Dec 2015 05:01:02 GMT',
  connection: 'close' });
 return result; },
function (nock) { 
var result = 
nock('http://xplatteststorage18903.blob.core.windows.net:443')
  .get('/bootdiagnostics-xplatvm-f677852c-5ef1-4e5f-8ce9-1b3f4ec57a96/xplatvm.f677852c-5ef1-4e5f-8ce9-1b3f4ec57a96.serialconsole.log')
  .reply(200, "\u001b[H\u001b[J\u001b[1;1H[    0.000000] Initializing cgroup subsys cpuset\r\n[    0.000000] Initializing cgroup subsys cpu\r\n[    0.000000] Initializing cgroup subsys cpuacct\r\n[    0.000000] Linux version 3.19.0-22-generic (buildd@allspice) (gcc version 4.9.2 (Ubuntu 4.9.2-10ubuntu13) ) #22-Ubuntu SMP Tue Jun 16 17:15:15 UTC 2015 (Ubuntu 3.19.0-22.22-generic 3.19.8-ckt1)\r\n[    0.000000] Command line: BOOT_IMAGE=/boot/vmlinuz-3.19.0-22-generic root=UUID=86b96bdf-cfdc-4d59-8fcc-539ee2251b7d ro console=tty1 console=ttyS0 earlyprintk=ttyS0 rootdelay=300\r\n[    0.000000] KERNEL supported cpus:\r\n[    0.000000]   Intel GenuineIntel\r\n[    0.000000]   AMD AuthenticAMD\r\n[    0.000000]   Centaur CentaurHauls\r\n[    0.000000] e820: BIOS-provided physical RAM map:\r\n[    0.000000] BIOS-e820: [mem 0x0000000000000000-0x000000000009fbff] usable\r\n[    0.000000] BIOS-e820: [mem 0x000000000009fc00-0x000000000009ffff] reserved\r\n[    0.000000] BIOS-e820: [mem 0x00000000000e0000-0x00000000000fffff] reserved\r\n[    0.000000] BIOS-e820: [mem 0x0000000000100000-0x000000001ffeffff] usable\r\n[    0.000000] BIOS-e820: [mem 0x000000001fff0000-0x000000001fffefff] ACPI data\r\n[    0.000000] BIOS-e820: [mem 0x000000001ffff000-0x000000001fffffff] ACPI NVS\r\n[    0.000000] BIOS-e820: [mem 0x0000000100000000-0x000000014fffffff] usable\r\n[    0.000000] bootconsole [earlyser0] enabled\r\n[    0.000000] NX (Execute Disable) protection: active\r\n[    0.000000] SMBIOS 2.3 present.\r\n[    0.000000] Hypervisor detected: Microsoft HyperV\r\n[    0.000000] HyperV: features 0xe7f, hints 0x2c\r\n[    0.000000] HyperV: LAPIC Timer Frequency: 0xc3500\r\n[    0.000000] AGP: No AGP bridge found\r\n[    0.000000] e820: last_pfn = 0x150000 max_arch_pfn = 0x400000000\r\n[    0.000000] PAT configuration [0-7]: WB  WC  UC- UC  WB  WC  UC- UC  \r\n[    0.000000] e820: last_pfn = 0x1fff0 max_arch_pfn = 0x400000000\r\n[    0.000000] found SMP MP-table at [mem 0x000ff780-0x000ff78f] mapped at [ffff8800000ff780]\r\n[    0.000000] Scanning 1 areas for low memory corruption\r\n[    0.000000] init_memory_mapping: [mem 0x00000000-0x000fffff]\r\n[    0.000000] init_memory_mapping: [mem 0x14fe00000-0x14fffffff]\r\n[    0.000000] init_memory_mapping: [mem 0x140000000-0x14fdfffff]\r\n[    0.000000] init_memory_mapping: [mem 0x120000000-0x13fffffff]\r\n[    0.000000] init_memory_mapping: [mem 0x00100000-0x1ffeffff]\r\n[    0.000000] init_memory_mapping: [mem 0x100000000-0x11fffffff]\r\n[    0.000000] RAMDISK: [mem 0x1dd2d000-0x1f7c3fff]\r\n[    0.000000] ACPI: Early table checksum verification disabled\r\n[    0.000000] ACPI: RSDP 0x00000000000F56F0 000014 (v00 ACPIAM)\r\n[    0.000000] ACPI: RSDT 0x000000001FFF0000 000040 (v01 VRTUAL MICROSFT 05001223 MSFT 00000097)\r\n[    0.000000] ACPI: FACP 0x000000001FFF0200 000081 (v02 VRTUAL MICROSFT 05001223 MSFT 00000097)\r\n[    0.000000] ACPI: DSDT 0x000000001FFF1724 002E78 (v01 MSFTVM MSFTVM02 00000002 INTL 02002026)\r\n[    0.000000] ACPI: FACS 0x000000001FFFF000 000040\r\n[    0.000000] ACPI: WAET 0x000000001FFF1480 000028 (v01 VRTUAL MICROSFT 05001223 MSFT 00000097)\r\n[    0.000000] ACPI: SLIC 0x000000001FFF14C0 000176 (v01 VRTUAL MICROSFT 05001223 MSFT 00000097)\r\n[    0.000000] ACPI: OEM0 0x000000001FFF16C0 000064 (v01 VRTUAL MICROSFT 05001223 MSFT 00000097)\r\n[    0.000000] ACPI: SRAT 0x000000001FFF0600 000090 (v02 VRTUAL MICROSFT 00000001 MSFT 00000001)\r\n[    0.000000] ACPI: APIC 0x000000001FFF0300 00024C (v01 VRTUAL MICROSFT 05001223 MSFT 00000097)\r\n[    0.000000] ACPI: OEMB 0x000000001FFFF040 000064 (v01 VRTUAL MICROSFT 05001223 MSFT 00000097)\r\n[    0.000000] SRAT: PXM 0 -> APIC 0x00 -> Node 0\r\n[    0.000000] SRAT: Node 0 PXM 0 [mem 0x00000000-0x1fffffff]\r\n[    0.000000] SRAT: Node 0 PXM 0 [mem 0x100000000-0x14fffffff]\r\n[    0.000000] NUMA: Node 0 [mem 0x00000000-0x1fffffff] + [mem 0x100000000-0x14fffffff] -> [mem 0x00000000-0x14fffffff]\r\n[    0.000000] NODE_DATA(0) allocated [mem 0x14fffa000-0x14fffefff]\r\n[    0.000000] Zone ranges:\r\n[    0.000000]   DMA      [mem 0x00001000-0x00ffffff]\r\n[    0.000000]   DMA32    [mem 0x01000000-0xffffffff]\r\n[    0.000000]   Normal   [mem 0x100000000-0x14fffffff]\r\n[    0.000000] Movable zone start for each node\r\n[    0.000000] Early memory node ranges\r\n[    0.000000]   node   0: [mem 0x00001000-0x0009efff]\r\n[    0.000000]   node   0: [mem 0x00100000-0x1ffeffff]\r\n[    0.000000]   node   0: [mem 0x100000000-0x14fffffff]\r\n[    0.000000] Initmem setup node 0 [mem 0x00001000-0x14fffffff]\r\n[    0.000000] ACPI: PM-Timer IO Port: 0x408\r\n[    0.000000] ACPI: LAPIC (acpi_id[0x01] lapic_id[0x00] enabled)\r\n[    0.000000] ACPI: LAPIC (acpi_id[0x02] lapic_id[0x01] disabled)\r\n[    0.000000] ACPI: LAPIC (acpi_id[0x03] lapic_id[0x02] disabled)\r\n[    0.000000] ACPI: LAPIC (acpi_id[0x04] lapic_id[0x03] disabled)\r\n[    0.000000] ACPI: LAPIC (acpi_id[0x05] lapic_id[0x04] disabled)\r\n[    0.000000] ACPI: LAPIC (acpi_id[0x06] lapic_id[0x05] disabled)\r\n[    0.000000] ACPI: LAPIC (acpi_id[0x07] lapic_id[0x06] disabled)\r\n[    0.000000] ACPI: LAPIC (acpi_id[0x08] lapic_id[0x07] disabled)\r\n[    0.000000] ACPI: LAPIC (acpi_id[0x09] lapic_id[0x08] disabled)\r\n[    0.000000] ACPI: LAPIC (acpi_id[0x0a] lapic_id[0x09] disabled)\r\n[    0.000000] ACPI: LAPIC (acpi_id[0x0b] lapic_id[0x0a] disabled)\r\n[    0.000000] ACPI: LAPIC (acpi_id[0x0c] lapic_id[0x0b] disabled)\r\n[    0.000000] ACPI: LAPIC (acpi_id[0x0d] lapic_id[0x0c] disabled)\r\n[    0.000000] ACPI: LAPIC (acpi_id[0x0e] lapic_id[0x0d] disabled)\r\n[    0.000000] ACPI: LAPIC (acpi_id[0x0f] lapic_id[0x0e] disabled)\r\n[    0.000000] ACPI: LAPIC (acpi_id[0x10] lapic_id[0x0f] disabled)\r\n[    0.000000] ACPI: LAPIC (acpi_id[0x11] lapic_id[0x10] disabled)\r\n[    0.000000] ACPI: LAPIC (acpi_id[0x12] lapic_id[0x11] disabled)\r\n[    0.000000] ACPI: LAPIC (acpi_id[0x13] lapic_id[0x12] disabled)\r\n[    0.000000] ACPI: LAPIC (acpi_id[0x14] lapic_id[0x13] disabled)\r\n[    0.000000] ACPI: LAPIC (acpi_id[0x15] lapic_id[0x14] disabled)\r\n[    0.000000] ACPI: LAPIC (acpi_id[0x16] lapic_id[0x15] disabled)\r\n[    0.000000] ACPI: LAPIC (acpi_id[0x17] lapic_id[0x16] disabled)\r\n[    0.000000] ACPI: LAPIC (acpi_id[0x18] lapic_id[0x17] disabled)\r\n[    0.000000] ACPI: LAPIC (acpi_id[0x19] lapic_id[0x18] disabled)\r\n[    0.000000] ACPI: LAPIC (acpi_id[0x1a] lapic_id[0x19] disabled)\r\n[    0.000000] ACPI: LAPIC (acpi_id[0x1b] lapic_id[0x1a] disabled)\r\n[    0.000000] ACPI: LAPIC (acpi_id[0x1c] lapic_id[0x1b] disabled)\r\n[    0.000000] ACPI: LAPIC (acpi_id[0x1d] lapic_id[0x1c] disabled)\r\n[    0.000000] ACPI: LAPIC (acpi_id[0x1e] lapic_id[0x1d] disabled)\r\n[    0.000000] ACPI: LAPIC (acpi_id[0x1f] lapic_id[0x1e] disabled)\r\n[    0.000000] ACPI: LAPIC (acpi_id[0x20] lapic_id[0x1f] disabled)\r\n[    0.000000] ACPI: LAPIC (acpi_id[0x21] lapic_id[0x20] disabled)\r\n[    0.000000] ACPI: LAPIC (acpi_id[0x22] lapic_id[0x21] disabled)\r\n[    0.000000] ACPI: LAPIC (acpi_id[0x23] lapic_id[0x22] disabled)\r\n[    0.000000] ACPI: LAPIC (acpi_id[0x24] lapic_id[0x23] disabled)\r\n[    0.000000] ACPI: LAPIC (acpi_id[0x25] lapic_id[0x24] disabled)\r\n[    0.000000] ACPI: LAPIC (acpi_id[0x26] lapic_id[0x25] disabled)\r\n[    0.000000] ACPI: LAPIC (acpi_id[0x27] lapic_id[0x26] disabled)\r\n[    0.000000] ACPI: LAPIC (acpi_id[0x28] lapic_id[0x27] disabled)\r\n[    0.000000] ACPI: LAPIC (acpi_id[0x29] lapic_id[0x28] disabled)\r\n[    0.000000] ACPI: LAPIC (acpi_id[0x2a] lapic_id[0x29] disabled)\r\n[    0.000000] ACPI: LAPIC (acpi_id[0x2b] lapic_id[0x2a] disabled)\r\n[    0.000000] ACPI: LAPIC (acpi_id[0x2c] lapic_id[0x2b] disabled)\r\n[    0.000000] ACPI: LAPIC (acpi_id[0x2d] lapic_id[0x2c] disabled)\r\n[    0.000000] ACPI: LAPIC (acpi_id[0x2e] lapic_id[0x2d] disabled)\r\n[    0.000000] ACPI: LAPIC (acpi_id[0x2f] lapic_id[0x2e] disabled)\r\n[    0.000000] ACPI: LAPIC (acpi_id[0x30] lapic_id[0x2f] disabled)\r\n[    0.000000] ACPI: LAPIC (acpi_id[0x31] lapic_id[0x30] disabled)\r\n[    0.000000] ACPI: LAPIC (acpi_id[0x32] lapic_id[0x31] disabled)\r\n[    0.000000] ACPI: LAPIC (acpi_id[0x33] lapic_id[0x32] disabled)\r\n[    0.000000] ACPI: LAPIC (acpi_id[0x34] lapic_id[0x33] disabled)\r\n[    0.000000] ACPI: LAPIC (acpi_id[0x35] lapic_id[0x34] disabled)\r\n[    0.000000] ACPI: LAPIC (acpi_id[0x36] lapic_id[0x35] disabled)\r\n[    0.000000] ACPI: LAPIC (acpi_id[0x37] lapic_id[0x36] disabled)\r\n[    0.000000] ACPI: LAPIC (acpi_id[0x38] lapic_id[0x37] disabled)\r\n[    0.000000] ACPI: LAPIC (acpi_id[0x39] lapic_id[0x38] disabled)\r\n[    0.000000] ACPI: LAPIC (acpi_id[0x3a] lapic_id[0x39] disabled)\r\n[    0.000000] ACPI: LAPIC (acpi_id[0x3b] lapic_id[0x3a] disabled)\r\n[    0.000000] ACPI: LAPIC (acpi_id[0x3c] lapic_id[0x3b] disabled)\r\n[    0.000000] ACPI: LAPIC (acpi_id[0x3d] lapic_id[0x3c] disabled)\r\n[    0.000000] ACPI: LAPIC (acpi_id[0x3e] lapic_id[0x3d] disabled)\r\n[    0.000000] ACPI: LAPIC (acpi_id[0x3f] lapic_id[0x3e] disabled)\r\n[    0.000000] ACPI: LAPIC (acpi_id[0x40] lapic_id[0x3f] disabled)\r\n[    0.000000] ACPI: IOAPIC (id[0x00] address[0xfec00000] gsi_base[0])\r\n[    0.000000] IOAPIC[0]: apic_id 0, version 17, address 0xfec00000, GSI 0-23\r\n[    0.000000] ACPI: INT_SRC_OVR (bus 0 bus_irq 0 global_irq 2 dfl dfl)\r\n[    0.000000] ACPI: INT_SRC_OVR (bus 0 bus_irq 9 global_irq 9 high level)\r\n[    0.000000] Using ACPI (MADT) for SMP configuration information\r\n[    0.000000] smpboot: Allowing 64 CPUs, 63 hotplug CPUs\r\n[    0.000000] PM: Registered nosave memory: [mem 0x00000000-0x00000fff]\r\n[    0.000000] PM: Registered nosave memory: [mem 0x0009f000-0x0009ffff]\r\n[    0.000000] PM: Registered nosave memory: [mem 0x000a0000-0x000dffff]\r\n[    0.000000] PM: Registered nosave memory: [mem 0x000e0000-0x000fffff]\r\n[    0.000000] PM: Registered nosave memory: [mem 0x1fff0000-0x1fffefff]\r\n[    0.000000] PM: Registered nosave memory: [mem 0x1ffff000-0x1fffffff]\r\n[    0.000000] PM: Registered nosave memory: [mem 0x20000000-0xffffffff]\r\n[    0.000000] e820: [mem 0x20000000-0xffffffff] available for PCI devices\r\n[    0.000000] Booting paravirtualized kernel on bare hardware\r\n[    0.000000] setup_percpu: NR_CPUS:256 nr_cpumask_bits:256 nr_cpu_ids:64 nr_node_ids:1\r\n[    0.000000] PERCPU: Embedded 31 pages/cpu @ffff88014d200000 s87040 r8192 d31744 u131072\r\n[    0.000000] Built 1 zonelists in Node order, mobility grouping on.  Total pages: 451449\r\n[    0.000000] Policy zone: Normal\r\n[    0.000000] Kernel command line: BOOT_IMAGE=/boot/vmlinuz-3.19.0-22-generic root=UUID=86b96bdf-cfdc-4d59-8fcc-539ee2251b7d ro console=tty1 console=ttyS0 earlyprintk=ttyS0 rootdelay=300\r\n[    0.000000] log_buf_len individual max cpu contribution: 4096 bytes\r\n[    0.000000] log_buf_len total cpu_extra contributions: 258048 bytes\r\n[    0.000000] log_buf_len min size: 262144 bytes\r\n[    0.000000] log_buf_len: 524288 bytes\r\n[    0.000000] early log buf free: 248736(94%)\r\n[    0.000000] PID hash table entries: 4096 (order: 3, 32768 bytes)\r\n[    0.000000] xsave: enabled xstate_bv 0x7, cntxt size 0x340 using standard form\r\n[    0.000000] AGP: Checking aperture...\r\n[    0.000000] AGP: No AGP bridge found\r\n[    0.000000] Memory: 1687496K/1834552K available (8001K kernel code, 1232K rwdata, 3752K rodata, 1408K init, 1300K bss, 147056K reserved, 0K cma-reserved)\r\n[    0.000000] SLUB: HWalign=64, Order=0-3, MinObjects=0, CPUs=64, Nodes=1\r\n[    0.000000] Hierarchical RCU implementation.\r\n[    0.000000] \tRCU dyntick-idle grace-period acceleration is enabled.\r\n[    0.000000] \tRCU restricting CPUs from NR_CPUS=256 to nr_cpu_ids=64.\r\n[    0.000000] RCU: Adjusting geometry for rcu_fanout_leaf=16, nr_cpu_ids=64\r\n[    0.000000] NR_IRQS:16640 nr_irqs:936 16\r\n[    0.000000] \tOffload RCU callbacks from all CPUs\r\n[    0.000000] \tOffload RCU callbacks from CPUs: 0-63.\r\n[    0.000000] Console: colour VGA+ 80x25\r\n[    0.000000] console [tty1] enabled\r\n[    0.000000] console [ttyS0] enabled\r\n[    0.000000] console [ttyS0] enabled\r\n[    0.000000] bootconsole [earlyser0] disabled\r\n[    0.000000] bootconsole [earlyser0] disabled\r\n[    0.000000] tsc: Fast TSC calibration failed\r\n[    0.000000] tsc: Unable to calibrate against PIT\r\n[    0.000000] tsc: using PMTIMER reference calibration\r\n[    0.000000] tsc: Detected 2394.457 MHz processor\r\n[    0.020038] Calibrating delay loop (skipped), value calculated using timer frequency.. 4788.91 BogoMIPS (lpj=9577828)\r\n[    0.021507] pid_max: default: 65536 minimum: 512\r\n[    0.022194] ACPI: Core revision 20141107\r\n[    0.025187] ACPI: All ACPI Tables successfully acquired\r\n[    0.026707] Security Framework initialized\r\n[    0.028055] AppArmor: AppArmor initialized\r\n[    0.028711] Yama: becoming mindful.\r\n[    0.029578] Dentry cache hash table entries: 262144 (order: 9, 2097152 bytes)\r\n[    0.030705] Inode-cache hash table entries: 131072 (order: 8, 1048576 bytes)\r\n[    0.031639] Mount-cache hash table entries: 4096 (order: 3, 32768 bytes)\r\n[    0.032017] Mountpoint-cache hash table entries: 4096 (order: 3, 32768 bytes)\r\n[    0.033028] Initializing cgroup subsys memory\r\n[    0.033639] Initializing cgroup subsys devices\r\n[    0.034264] Initializing cgroup subsys freezer\r\n[    0.034953] Initializing cgroup subsys net_cls\r\n[    0.036014] Initializing cgroup subsys blkio\r\n[    0.036645] Initializing cgroup subsys perf_event\r\n[    0.037338] Initializing cgroup subsys net_prio\r\n[    0.037987] Initializing cgroup subsys hugetlb\r\n[    0.039430] mce: CPU supports 1 MCE banks\r\n[    0.040027] Last level iTLB entries: 4KB 1024, 2MB 1024, 4MB 1024\r\n[    0.040027] Last level dTLB entries: 4KB 1024, 2MB 1024, 4MB 1024, 1GB 4\r\n[    0.062990] ftrace: allocating 30088 entries in 118 pages\r\n[    0.076110] Switched APIC routing to physical flat.\r\n[    0.098009] ..TIMER: vector=0x30 apic1=0 pin1=2 apic2=-1 pin2=-1\r\n[    0.100001] smpboot: CPU0: Intel(R) Xeon(R) CPU E5-2673 v3 @ 2.40GHz (fam: 06, model: 3f, stepping: 02)\r\n[    0.108083] Performance Events: unsupported p6 CPU model 63 no PMU driver, software events only.\r\n[    0.117021] x86: Booted up 1 node, 1 CPUs\r\n[    0.120004] smpboot: Total of 1 processors activated (4788.91 BogoMIPS)\r\n[    0.124007] NMI watchdog: disabled (cpu0): hardware events not enabled\r\n[    0.132901] devtmpfs: initialized\r\n[    0.137244] evm: security.selinux\r\n[    0.140002] evm: security.SMACK64\r\n[    0.144001] evm: security.SMACK64EXEC\r\n[    0.148001] evm: security.SMACK64TRANSMUTE\r\n[    0.152001] evm: security.SMACK64MMAP\r\n[    0.156002] evm: security.ima\r\n[    0.160001] evm: security.capability\r\n[    0.164056] PM: Registering ACPI NVS region [mem 0x1ffff000-0x1fffffff] (4096 bytes)\r\n[    0.168229] pinctrl core: initialized pinctrl subsystem\r\n[    0.172297] RTC time:  4:46:42, date: 12/26/15\r\n[    0.176143] NET: Registered protocol family 16\r\n[    0.180146] cpuidle: using governor ladder\r\n[    0.184004] cpuidle: using governor menu\r\n[    0.188056] ACPI: bus type PCI registered\r\n[    0.192003] acpiphp: ACPI Hot Plug PCI Controller Driver version: 0.5\r\n[    0.196266] PCI: Using configuration type 1 for base access\r\n[    0.202360] ACPI: Added _OSI(Module Device)\r\n[    0.204002] ACPI: Added _OSI(Processor Device)\r\n[    0.208001] ACPI: Added _OSI(3.0 _SCP Extensions)\r\n[    0.212002] ACPI: Added _OSI(Processor Aggregator Device)\r\n[    0.218990] ACPI: Interpreter enabled\r\n[    0.220007] ACPI Exception: AE_NOT_FOUND, While evaluating Sleep State [\\_S1_] (20141107/hwxface-580)\r\n[    0.232003] ACPI Exception: AE_NOT_FOUND, While evaluating Sleep State [\\_S2_] (20141107/hwxface-580)\r\n[    0.243280] ACPI Exception: AE_NOT_FOUND, While evaluating Sleep State [\\_S3_] (20141107/hwxface-580)\r\n[    0.252002] ACPI Exception: AE_NOT_FOUND, While evaluating Sleep State [\\_S4_] (20141107/hwxface-580)\r\n[    0.264005] ACPI: (supports S0 S5)\r\n[    0.268001] ACPI: Using IOAPIC for interrupt routing\r\n[    0.272024] PCI: Using host bridge windows from ACPI; if necessary, use \"pci=nocrs\" and report a bug\r\n[    0.281977] ACPI: PCI Root Bridge [PCI0] (domain 0000 [bus 00-ff])\r\n[    0.284008] acpi PNP0A03:00: _OSC: OS supports [ASPM ClockPM Segments MSI]\r\n[    0.288005] acpi PNP0A03:00: _OSC failed (AE_NOT_FOUND); disabling ASPM\r\n[    0.292633] acpi PNP0A03:00: fail to add MMCONFIG information, can't access extended PCI configuration space under this bridge.\r\n[    0.296085] PCI host bridge to bus 0000:00\r\n[    0.300002] pci_bus 0000:00: root bus resource [bus 00-ff]\r\n[    0.304002] pci_bus 0000:00: root bus resource [mem 0xfe0000000-0xfffefffff]\r\n[    0.308003] pci_bus 0000:00: root bus resource [io  0x0000-0x0cf7]\r\n[    0.312004] pci_bus 0000:00: root bus resource [io  0x0d00-0xffff]\r\n[    0.316002] pci_bus 0000:00: root bus resource [mem 0x000a0000-0x000bffff]\r\n[    0.320014] pci_bus 0000:00: root bus resource [mem 0x20000000-0xfffbffff]\r\n[    0.330654] pci 0000:00:07.1: legacy IDE quirk: reg 0x10: [io  0x01f0-0x01f7]\r\n[    0.332004] pci 0000:00:07.1: legacy IDE quirk: reg 0x14: [io  0x03f6]\r\n[    0.336002] pci 0000:00:07.1: legacy IDE quirk: reg 0x18: [io  0x0170-0x0177]\r\n[    0.340006] pci 0000:00:07.1: legacy IDE quirk: reg 0x1c: [io  0x0376]\r\n[    0.344257] * Found PM-Timer Bug on the chipset. Due to workarounds for a bug,\r\n[    0.344257] * this clock source is slow. Consider trying other clock sources\r\n[    0.350003] pci 0000:00:07.3: quirk: [io  0x0400-0x043f] claimed by PIIX4 ACPI\r\n[    0.361511] ACPI: PCI Interrupt Link [LNKA] (IRQs 3 4 5 7 9 10 *11 12 14 15)\r\n[    0.380129] ACPI: PCI Interrupt Link [LNKB] (IRQs 3 4 5 7 9 10 11 12 14 15) *0, disabled.\r\n[    0.401340] ACPI: PCI Interrupt Link [LNKC] (IRQs 3 4 5 7 9 10 11 12 14 15) *0, disabled.\r\n[    0.421134] ACPI: PCI Interrupt Link [LNKD] (IRQs 3 4 5 7 9 10 11 12 14 15) *0, disabled.\r\n[    0.444125] ACPI: Enabled 1 GPEs in block 00 to 0F\r\n[    0.448107] vgaarb: setting as boot device: PCI:0000:00:08.0\r\n[    0.452000] vgaarb: device added: PCI:0000:00:08.0,decodes=io+mem,owns=io+mem,locks=none\r\n[    0.452001] vgaarb: loaded\r\n[    0.456002] vgaarb: bridge control possible 0000:00:08.0\r\n[    0.460184] SCSI subsystem initialized\r\n[    0.464076] ACPI: bus type USB registered\r\n[    0.468019] usbcore: registered new interface driver usbfs\r\n[    0.472012] usbcore: registered new interface driver hub\r\n[    0.476033] usbcore: registered new device driver usb\r\n[    0.480151] PCI: Using ACPI for IRQ routing\r\n[    0.484349] NetLabel: Initializing\r\n[    0.488001] NetLabel:  domain hash size = 128\r\n[    0.492000] NetLabel:  protocols = UNLABELED CIPSOv4\r\n[    0.496013] NetLabel:  unlabeled traffic allowed by default\r\n[    0.500087] Switched to clocksource hyperv_clocksource\r\n[    0.517526] AppArmor: AppArmor Filesystem Enabled\r\n[    0.523888] pnp: PnP ACPI init\r\n[    0.530570] system 00:06: [io  0x01e0-0x01ef] has been reserved\r\n[    0.538228] system 00:06: [io  0x0160-0x016f] has been reserved\r\n[    0.545659] system 00:06: [io  0x0278-0x027f] has been reserved\r\n[    0.553067] system 00:06: [io  0x0378-0x037f] has been reserved\r\n[    0.560504] system 00:06: [io  0x0678-0x067f] has been reserved\r\n[    0.567834] system 00:06: [io  0x0778-0x077f] has been reserved\r\n[    0.575186] system 00:06: [io  0x04d0-0x04d1] has been reserved\r\n[    0.582768] system 00:07: [io  0x0400-0x043f] has been reserved\r\n[    0.590036] system 00:07: [io  0x0370-0x0371] has been reserved\r\n[    0.597892] system 00:07: [io  0x0440-0x044f] has been reserved\r\n[    0.605508] system 00:07: [mem 0xfec00000-0xfec00fff] could not be reserved\r\n[    0.613740] system 00:07: [mem 0xfee00000-0xfee00fff] has been reserved\r\n[    0.621443] system 00:08: [mem 0x00000000-0x0009ffff] could not be reserved\r\n[    0.629412] system 00:08: [mem 0x000c0000-0x000dffff] could not be reserved\r\n[    0.637337] system 00:08: [mem 0x000e0000-0x000fffff] could not be reserved\r\n[    0.645119] system 00:08: [mem 0x00100000-0x1fffffff] could not be reserved\r\n[    0.653011] system 00:08: [mem 0xfffc0000-0xffffffff] has been reserved\r\n[    0.660611] pnp: PnP ACPI: found 9 devices\r\n[    0.670857] NET: Registered protocol family 2\r\n[    0.682170] TCP established hash table entries: 16384 (order: 5, 131072 bytes)\r\n[    0.690444] TCP bind hash table entries: 16384 (order: 6, 262144 bytes)\r\n[    0.698168] TCP: Hash tables configured (established 16384 bind 16384)\r\n[    0.705559] TCP: reno registered\r\n[    0.709711] UDP hash table entries: 1024 (order: 3, 32768 bytes)\r\n[    0.716618] UDP-Lite hash table entries: 1024 (order: 3, 32768 bytes)\r\n[    0.724128] NET: Registered protocol family 1\r\n[    0.729472] pci 0000:00:00.0: Limiting direct PCI/PCI transfers\r\n[    0.736402] Trying to unpack rootfs image as initramfs...\r\n[    1.682594] Freeing initrd memory: 27228K (ffff88001dd2d000 - ffff88001f7c4000)\r\n[    1.700939] PCI-DMA: Using software bounce buffering for IO (SWIOTLB)\r\n[    1.711679] software IO TLB [mem 0x19d2d000-0x1dd2d000] (64MB) mapped at [ffff880019d2d000-ffff88001dd2cfff]\r\n[    1.727289] microcode: CPU0 sig=0x306f2, pf=0x1, revision=0xffffffff\r\n[    1.737314] microcode: Microcode Update Driver: v2.00 <tigran@aivazian.fsnet.co.uk>, Peter Oruba\r\n[    1.750644] Scanning for low memory corruption every 60 seconds\r\n[    1.761333] futex hash table entries: 16384 (order: 8, 1048576 bytes)\r\n[    1.771278] Initialise system trusted keyring\r\n[    1.778299] audit: initializing netlink subsys (disabled)\r\n[    1.786433] audit: type=2000 audit(1451105202.784:1): initialized\r\n[    1.795859] HugeTLB registered 2 MB page size, pre-allocated 0 pages\r\n[    1.806251] zpool: loaded\r\n[    1.810767] zbud: loaded\r\n[    1.815188] VFS: Disk quotas dquot_6.5.2\r\n[    1.821384] VFS: Dquot-cache hash table entries: 512 (order 0, 4096 bytes)\r\n[    1.831658] fuse init (API version 7.23)\r\n[    1.837982] Key type big_key registered\r\n[    1.843854] Key type asymmetric registered\r\n[    1.849687] Asymmetric key parser 'x509' registered\r\n[    1.856603] Block layer SCSI generic (bsg) driver version 0.4 loaded (major 252)\r\n[    1.866124] io scheduler noop registered\r\n[    1.871213] io scheduler deadline registered (default)\r\n[    1.877649] io scheduler cfq registered\r\n[    1.882622] pci_hotplug: PCI Hot Plug PCI Core version: 0.5\r\n[    1.889425] pciehp: PCI Express Hot Plug Controller Driver version: 0.4\r\n[    1.897360] input: Power Button as /devices/LNXSYSTM:00/LNXPWRBN:00/input/input0\r\n[    1.906192] ACPI: Power Button [PWRF]\r\n[    1.911119] GHES: HEST is not enabled!\r\n[    1.916252] Serial: 8250/16550 driver, 32 ports, IRQ sharing enabled\r\n[    1.979725] 00:03: ttyS0 at I/O 0x3f8 (irq = 4, base_baud = 115200) is a 16550A\r\n[    2.043018] 00:04: ttyS1 at I/O 0x2f8 (irq = 3, base_baud = 115200) is a 16550A\r\n[    2.054727] Linux agpgart interface v0.103\r\n[    2.062632] brd: module loaded\r\n[    2.068511] loop: module loaded\r\n[    2.074210] ata_piix 0000:00:07.1: Hyper-V Virtual Machine detected, ATA device ignore set\r\n[    2.087824] scsi host0: ata_piix\r\n[    2.093110] scsi host1: ata_piix\r\n[    2.098307] ata1: PATA max UDMA/33 cmd 0x1f0 ctl 0x3f6 bmdma 0xffa0 irq 14\r\n[    2.108094] ata2: PATA max UDMA/33 cmd 0x170 ctl 0x376 bmdma 0xffa8 irq 15\r\n[    2.118773] libphy: Fixed MDIO Bus: probed\r\n[    2.125784] tun: Universal TUN/TAP device driver, 1.6\r\n[    2.132766] tun: (C) 1999-2004 Max Krasnyansky <maxk@qualcomm.com>\r\n[    2.141431] PPP generic driver version 2.4.2\r\n[    2.147681] ehci_hcd: USB 2.0 'Enhanced' Host Controller (EHCI) Driver\r\n[    2.156942] ehci-pci: EHCI PCI platform driver\r\n[    2.163164] ehci-platform: EHCI generic platform driver\r\n[    2.170228] ohci_hcd: USB 1.1 'Open' Host Controller (OHCI) Driver\r\n[    2.178221] ohci-pci: OHCI PCI platform driver\r\n[    2.184170] ohci-platform: OHCI generic platform driver\r\n[    2.190914] uhci_hcd: USB Universal Host Controller Interface driver\r\n[    2.198867] i8042: PNP: PS/2 Controller [PNP0303:PS2K,PNP0f03:PS2M] at 0x60,0x64 irq 1,12\r\n[    2.210646] serio: i8042 KBD port at 0x60,0x64 irq 1\r\n[    2.216986] serio: i8042 AUX port at 0x60,0x64 irq 12\r\n[    2.223429] mousedev: PS/2 mouse device common for all mice\r\n[    2.230464] rtc_cmos 00:00: RTC can wake from S4\r\n[    2.277897] input: AT Translated Set 2 keyboard as /devices/platform/i8042/serio0/input/input1\r\n[    2.291527] rtc_cmos 00:00: rtc core: registered rtc_cmos as rtc0\r\n[    2.300365] rtc_cmos 00:00: alarms up to one month, 114 bytes nvram\r\n[    2.308952] i2c /dev entries driver\r\n[    2.314143] device-mapper: uevent: version 1.0.3\r\n[    2.320689] device-mapper: ioctl: 4.29.0-ioctl (2014-10-28) initialised: dm-devel@redhat.com\r\n[    2.332296] ledtrig-cpu: registered to indicate activity on CPUs\r\n[    2.339676] ata2.00: ATAPI: Virtual CD, , max MWDMA2\r\n[    2.346980] ata2.00: configured for MWDMA2\r\n[    2.353169] scsi 1:0:0:0: CD-ROM            Msft     Virtual CD/ROM   1.0  PQ: 0 ANSI: 5\r\n[    2.362621] PCCT header not found.\r\n[    2.367052] ACPI PCC probe failed.\r\n[    2.371765] TCP: cubic registered\r\n[    2.377670] sr 1:0:0:0: [sr0] scsi3-mmc drive: 0x/0x tray\r\n[    2.384411] cdrom: Uniform CD-ROM driver Revision: 3.20\r\n[    2.390944] NET: Registered protocol family 10\r\n[    2.397244] sr 1:0:0:0: Attached scsi generic sg0 type 5\r\n[    2.404002] NET: Registered protocol family 17\r\n[    2.409613] Key type dns_resolver registered\r\n[    2.415364] Loading compiled-in X.509 certificates\r\n[    2.422035] Loaded X.509 cert 'Magrathea: Glacier signing key: c7d440344c0b3ac2a3cec2aeb9722ecf6cae7391'\r\n[    2.432975] registered taskstats version 1\r\n[    2.439423] Key type trusted registered\r\n[    2.446159] Key type encrypted registered\r\n[    2.451542] AppArmor: AppArmor sha1 policy hashing enabled\r\n[    2.458225] ima: No TPM chip found, activating TPM-bypass!\r\n[    2.464985] evm: HMAC attrs: 0x1\r\n[    2.469649]   Magic number: 11:648:768\r\n[    2.474759] rtc_cmos 00:00: setting system clock to 2015-12-26 04:46:44 UTC (1451105204)\r\n[    2.484505] BIOS EDD facility v0.16 2004-Jun-25, 0 devices found\r\n[    2.491791] EDD information not available.\r\n[    2.499587] Freeing unused kernel memory: 1408K (ffffffff81d36000 - ffffffff81e96000)\r\n[    2.508845] Write protecting the kernel read-only data: 12288k\r\n[    2.516042] Freeing unused kernel memory: 180K (ffff8800017d3000 - ffff880001800000)\r\n[    2.525265] Freeing unused kernel memory: 344K (ffff880001baa000 - ffff880001c00000)\r\nLoading, please wait...\r\nstarting version 219\r\n[    2.553473] random: systemd-udevd urandom read with 3 bits of entropy available\r\n[    2.627599] hv_vmbus: Hyper-V Host Build:9600-6.3-17-0.17039; Vmbus version:3.0\r\n[    2.662277] Floppy drive(s): fd0 is 1.44M\r\n[    2.689214] FDC 0 is an 82078.\r\n[    2.724048] AVX2 version of gcm_enc/dec engaged.\r\n[    2.732829] AES CTR mode by8 optimization enabled\r\n[    2.751172] tsc: Refined TSC clocksource calibration: 2394.454 MHz\r\n[    3.048052] psmouse serio1: trackpoint: failed to get extended button data\r\n[    7.670560] hv_vmbus: registering driver hyperv_fb\r\n[    7.698422] hv_utils: Registering HyperV Utility Driver\r\n[    7.718661] hv_vmbus: registering driver hv_util\r\n[    7.750939] hv_vmbus: registering driver hv_storvsc\r\n[    7.763003] scsi host2: storvsc_host_t\r\n[    7.770511] scsi 2:0:0:0: Direct-Access     Msft     Virtual Disk     1.0  PQ: 0 ANSI: 4\r\n[    7.784421] sd 2:0:0:0: Attached scsi generic sg1 type 0\r\n[    7.793280] sd 2:0:0:0: [sda] 61440000 512-byte logical blocks: (31.4 GB/29.2 GiB)\r\n[    7.805762] sd 2:0:0:0: [sda] Write Protect is off\r\n[    7.813422] hyperv_fb: Screen resolution: 1152x864, Color depth: 32\r\n[    7.822952] sd 2:0:0:0: [sda] Write cache: enabled, read cache: enabled, supports DPO and FUA\r\n[    7.837297] Console: switching to colour frame buffer device 144x54\r\n[    7.856523] hv_vmbus: registering driver hv_netvsc\r\n[    7.863072] psmouse serio1: trackpoint: IBM TrackPoint firmware: 0x01, buttons: 0/0\r\n[    7.874512]  sda: sda1\r\n[    7.878004] input: TPPS/2 IBM TrackPoint as /devices/platform/i8042/serio1/input/input3\r\n[    7.889296] scsi host3: storvsc_host_t\r\n[    7.894589] scsi 3:0:1:0: Direct-Access     Msft     Virtual Disk     1.0  PQ: 0 ANSI: 4\r\n[    7.905340] sd 2:0:0:0: [sda] Attached SCSI disk\r\n[    7.911825] sd 3:0:1:0: Attached scsi generic sg2 type 0\r\n[    7.919161] sd 3:0:1:0: [sdb] 146800640 512-byte logical blocks: (75.1 GB/70.0 GiB)\r\n[    7.930437] sd 3:0:1:0: [sdb] Write Protect is off\r\n[    7.936847] hv_netvsc: hv_netvsc channel opened successfully\r\n[    7.944559] sd 3:0:1:0: [sdb] Write cache: enabled, read cache: enabled, supports DPO and FUA\r\n[    7.961447]  sdb: sdb1\r\n[    7.971449] sd 3:0:1:0: [sdb] Attached SCSI disk\r\n[    9.633989] hv_netvsc vmbus_0_16: Send section size: 6144, Section count:2560\r\n[    9.651408] hv_netvsc vmbus_0_16: Device MAC 00:0d:3a:13:7f:df link state up\r\n[    9.665856] scsi host4: storvsc_host_t\r\n[    9.671436] scsi 4:0:0:0: scsi scan: INQUIRY result too short (5), using 36\r\n[    9.681312] scsi 4:0:0:1: scsi scan: INQUIRY result too short (5), using 36\r\n[    9.693990] scsi 4:0:1:0: scsi scan: INQUIRY result too short (5), using 36\r\n[    9.706949] scsi 4:0:1:1: scsi scan: INQUIRY result too short (5), using 36\r\n[    9.720724] scsi 4:1:0:0: scsi scan: INQUIRY result too short (5), using 36\r\n[    9.734410] scsi 4:1:0:1: scsi scan: INQUIRY result too short (5), using 36\r\n[    9.748083] scsi 4:1:1:0: scsi scan: INQUIRY result too short (5), using 36\r\n[    9.761730] scsi host5: storvsc_host_t\r\n[    9.769658] scsi 4:1:1:1: scsi scan: INQUIRY result too short (5), using 36\r\n[    9.783470] scsi 5:0:0:0: scsi scan: INQUIRY result too short (5), using 36\r\n[    9.797950] scsi 4:2:0:0: scsi scan: INQUIRY result too short (5), using 36\r\n[    9.811860] scsi 5:0:0:1: scsi scan: INQUIRY result too short (5), using 36\r\n[    9.832616] scsi 4:2:0:1: scsi scan: INQUIRY result too short (5), using 36\r\n[    9.847365] scsi 5:0:1:0: scsi scan: INQUIRY result too short (5), using 36\r\n[    9.860390] scsi 4:2:1:0: scsi scan: INQUIRY result too short (5), using 36\r\n[    9.875654] scsi 5:0:1:1: scsi scan: INQUIRY result too short (5), using 36\r\n[    9.886860] scsi 4:2:1:1: scsi scan: INQUIRY result too short (5), using 36\r\n[    9.909417] scsi 5:1:0:0: scsi scan: INQUIRY result too short (5), using 36\r\n[    9.920270] scsi 5:1:0:1: scsi scan: INQUIRY result too short (5), using 36\r\n[    9.930926] scsi 4:3:0:0: scsi scan: INQUIRY result too short (5), using 36\r\n[    9.941275] scsi 5:1:1:0: scsi scan: INQUIRY result too short (5), using 36\r\n[    9.950886] scsi 4:3:0:1: scsi scan: INQUIRY result too short (5), using 36\r\n[    9.960533] scsi 5:1:1:1: scsi scan: INQUIRY result too short (5), using 36\r\n[    9.970043] scsi 4:3:1:0: scsi scan: INQUIRY result too short (5), using 36\r\n[    9.979472] scsi 5:2:0:0: scsi scan: INQUIRY result too short (5), using 36\r\n[    9.989002] scsi 4:3:1:1: scsi scan: INQUIRY result too short (5), using 36\r\n[    9.998502] scsi 5:2:0:1: scsi scan: INQUIRY result too short (5), using 36\r\n[   10.008175] scsi 4:4:0:0: scsi scan: INQUIRY result too short (5), using 36\r\n[   10.017453] scsi 5:2:1:0: scsi scan: INQUIRY result too short (5), using 36\r\n[   10.026705] scsi 4:4:0:1: scsi scan: INQUIRY result too short (5), using 36\r\n[   10.035824] scsi 5:2:1:1: scsi scan: INQUIRY result too short (5), using 36\r\n[   10.045755] scsi 4:4:1:0: scsi scan: INQUIRY result too short (5), using 36\r\n[   10.055022] scsi 5:3:0:0: scsi scan: INQUIRY result too short (5), using 36\r\n[   10.064403] scsi 4:4:1:1: scsi scan: INQUIRY result too short (5), using 36\r\n[   10.073474] scsi 5:3:0:1: scsi scan: INQUIRY result too short (5), using 36\r\n[   10.082937] scsi 4:5:0:0: scsi scan: INQUIRY result too short (5), using 36\r\n[   10.091952] scsi 5:3:1:0: scsi scan: INQUIRY result too short (5), using 36\r\n[   10.101342] scsi 4:5:0:1: scsi scan: INQUIRY result too short (5), using 36\r\n[   10.110368] scsi 5:3:1:1: scsi scan: INQUIRY result too short (5), using 36\r\n[   10.119551] scsi 4:5:1:0: scsi scan: INQUIRY result too short (5), using 36\r\n[   10.131323] scsi 5:4:0:0: scsi scan: INQUIRY result too short (5), using 36\r\n[   10.141747] scsi 4:5:1:1: scsi scan: INQUIRY result too short (5), using 36\r\n[   10.150749] scsi 5:4:0:1: scsi scan: INQUIRY result too short (5), using 36\r\n[   10.160129] scsi 4:6:0:0: scsi scan: INQUIRY result too short (5), using 36\r\n[   10.169408] scsi 5:4:1:0: scsi scan: INQUIRY result too short (5), using 36\r\n[   10.178928] scsi 4:6:0:1: scsi scan: INQUIRY result too short (5), using 36\r\n[   10.188941] scsi 5:4:1:1: scsi scan: INQUIRY result too short (5), using 36\r\n[   10.198239] scsi 4:6:1:0: scsi scan: INQUIRY result too short (5), using 36\r\n[   10.207807] scsi 5:5:0:0: scsi scan: INQUIRY result too short (5), using 36\r\n[   10.217351] scsi 4:6:1:1: scsi scan: INQUIRY result too short (5), using 36\r\n[   10.233914] scsi 5:5:0:1: scsi scan: INQUIRY result too short (5), using 36\r\n[   10.250185] scsi 4:7:0:0: scsi scan: INQUIRY result too short (5), using 36\r\n[   10.266678] scsi 5:5:1:0: scsi scan: INQUIRY result too short (5), using 36\r\n[   10.276514] scsi 5:5:1:1: scsi scan: INQUIRY result too short (5), using 36\r\n[   10.285298] scsi 4:7:0:1: scsi scan: INQUIRY result too short (5), using 36\r\n[   10.295363] scsi 5:6:0:0: scsi scan: INQUIRY result too short (5), using 36\r\n[   10.304562] scsi 4:7:1:0: scsi scan: INQUIRY result too short (5), using 36\r\n[   10.317494] scsi 5:6:0:1: scsi scan: INQUIRY result too short (5), using 36\r\n[   10.326582] scsi 4:7:1:1: scsi scan: INQUIRY result too short (5), using 36\r\n[   10.335402] scsi 5:6:1:0: scsi scan: INQUIRY result too short (5), using 36\r\n[   10.345405] scsi 5:6:1:1: scsi scan: INQUIRY result too short (5), using 36\r\n[   10.354665] scsi 5:7:0:0: scsi scan: INQUIRY result too short (5), using 36\r\n[   10.367070] scsi 5:7:0:1: scsi scan: INQUIRY result too short (5), using 36\r\n[   10.376390] scsi 5:7:1:0: scsi scan: INQUIRY result too short (5), using 36\r\n[   10.385979] scsi 5:7:1:1: scsi scan: INQUIRY result too short (5), using 36\r\nBegin: Loading essential drivers ... done.\r\r\nBegin: Running /scripts/init-premount ... done.\r\r\nBegin: Mounting root file system ... Begin: Running /scripts/local-top ... done.\r\r\nBegin: Running /scripts/local-premount ... done.\r\r\n[   12.356116] EXT4-fs (sda1): mounted filesystem with ordered data mode. Opts: (null)\r\nBegin: Running /scripts/local-bottom ... done.\r\r\ndone.\r\r\nBegin: Running /scripts/init-bottom ... done.\r\r\n[   13.266478] random: nonblocking pool is initialized\r\n[   16.551652] systemd[1]: Inserted module 'autofs4'\r\n[   17.306400] systemd[1]: systemd 219 running in system mode. (+PAM +AUDIT +SELINUX +IMA +APPARMOR +SMACK +SYSVINIT +UTMP +LIBCRYPTSETUP +GCRYPT -GNUTLS +ACL +XZ -LZ4 -SECCOMP +BLKID -ELFUTILS +KMOD -IDN)\r\n[   17.349060] systemd[1]: Detected virtualization microsoft.\r\n[   17.358905] systemd[1]: Detected architecture x86-64.\r\n\r\r\nWelcome to \u001b[1mUbuntu 15.04\u001b[0m!\r[   17.429167] systemd[1]: Set hostname to <xplatvm3>.\r\n\r\n\r\r\n-.mount\r\r\n[   19.256341] systemd[1]: Cannot add dependency job for unit sshd-keygen.service, ignoring: Unit sshd-keygen.service failed to load: No such file or directory.\r\n[   19.281842] systemd[1]: Cannot add dependency job for unit sshd-keygen.service, ignoring: Unit sshd-keygen.service failed to load: No such file or directory.\r\n[   19.305454] systemd[1]: Cannot add dependency job for unit display-manager.service, ignoring: Unit display-manager.service failed to load: No such file or directory.\r\n[   19.331038] systemd[1]: Started Forward Password Requests to Wall Directory Watch.\r\n[   19.344113] systemd[1]: Starting Forward Password Requests to Wall Directory Watch.\r\n[\u001b[32m  OK  \u001b[0m[   19.361636] systemd[1]: Reached target Encrypted Volumes.\r\n] Reached target Encrypted Volumes.\r\r\n[   19.377527] systemd[1]: Starting Encrypted Volumes.\r\n[\u001b[32m  OK  \u001b[0m[   19.390325] systemd[1]: Reached target Swap.\r\n] Reached target Swap.\r\r\n[   19.402346] systemd[1]: Starting Swap.\r\n[\u001b[32m  OK  \u001b[0m[   19.413317] systemd[1]: Set up automount Arbitrary Executable File Formats File System Automount Point.\r\n] Set up automount Arbitrary Executab...ats File System Automount Point.\r\r\n[   19.440637] systemd[1]: Starting Arbitrary Executable File Formats File System Automount Point.\r\n[\u001b[32m  OK  \u001b[0m[   19.458041] systemd[1]: Created slice Root Slice.\r\n] Created slice Root Slice.\r\r\n[   19.469380] systemd[1]: Starting Root Slice.\r\n[\u001b[32m  OK  \u001b[0m[   19.478843] systemd[1]: Listening on /dev/initctl Compatibility Named Pipe.\r\n] Listening on /dev/initctl Compatibility Named Pipe.\r\r\n[   19.495202] systemd[1]: Starting /dev/initctl Compatibility Named Pipe.\r\n[\u001b[32m  OK  \u001b[0m]
[   19.507198] systemd[1]: Listening on Delayed Shutdown Socket.\r\nListening on Delayed Shutdown Socket.\r\r\n[   19.518670] systemd[1]: Starting Delayed Shutdown Socket.\r\n[\u001b[32m  OK  \u001b[0m]
[   19.528803] systemd[1]: Created slice System Slice.\r\nCreated slice System Slice.\r\r\n[   19.538097] systemd[1]: Starting System Slice.\r\n[   19.543822] systemd[1]: Starting Increase datagram queue length...\r\n         Starting Increase datagram queue length...[   19.556856] systemd[1]: Created slice system-systemd\\x2dfsck.slice.\r\n\r\r\n[\u001b[32m  OK  \u001b[0m] Created slice system-systemd\\x2dfsck.slice.\r[   19.570065] systemd[1]: Starting system-systemd\\x2dfsck.slice.\r\n\r\n[\u001b[32m  OK  \u001b[0m]
[   19.580999] systemd[1]: Created slice system-serial\\x2dgetty.slice.\r\nCreated slice system-serial\\x2dgetty.slice.\r\r\n[   19.594032] systemd[1]: Starting system-serial\\x2dgetty.slice.\r\n[\u001b[32m  OK  \u001b[0m] Listening on udev Control Socket.[   19.607715] systemd[1]: Listening on udev Control Socket.\r\n\r\r\n[   19.616527] systemd[1]: Starting udev Control Socket.\r\n[\u001b[32m  OK  \u001b[0m] Listening on Journal Socket (/dev/log).[   19.629726] systemd[1]: Listening on Journal Socket (/dev/log).\r\n\r\r\n[   19.641895] systemd[1]: Starting Journal Socket (/dev/log).\r\n[\u001b[32m  OK  \u001b[0m]
[   19.653886] systemd[1]: Created slice User and Session Slice.\r\nCreated slice User and Session Slice.\r\r\n[   19.668094] systemd[1]: Starting User and Session Slice.\r\n[\u001b[32m  OK  \u001b[0m]
[   19.679709] systemd[1]: Reached target Slices.\r\nReached target Slices.\r\r\n[   19.691276] systemd[1]: Starting Slices.\r\n[\u001b[32m  OK  \u001b[0m]
[   19.701767] systemd[1]: Listening on fsck to fsckd communication Socket.\r\nListening on fsck to fsckd communication Socket.\r\r\n[   19.718672] systemd[1]: Starting fsck to fsckd communication Socket.\r\n[\u001b[32m  OK  \u001b[0m]
[   19.732403] systemd[1]: Listening on Journal Socket.\r\nListening on Journal Socket.\r\r\n[   19.745532] systemd[1]: Starting Journal Socket.\r\n[   19.758823] systemd[1]: Starting Remount Root and Kernel File Systems...\r\n         Starting Remount Root and Kernel File Systems...[   19.775454] systemd[1]: Started Read required files in advance.\r\n\r\r\n[   19.787022] systemd[1]: Mounting Debug File System...\r\n         Mounting Debug File System...\r\r\n[   19.829760] systemd[1]: Started Set Up Additional Binary Formats.\r\n[   19.839610] systemd[1]: Starting Nameserver information manager...\r\n         Starting Nameserver information manager...\r\r\n[   19.891521] systemd[1]: Starting Load Kernel Modules...\r\n         Starting Load Kernel Modules...[   19.906638] systemd[1]: Starting Create list of required static device nodes for the current kernel...\r\n\r\r\n[   19.923825] EXT4-fs (sda1): re-mounted. Opts: discard\r\n[   19.933396] systemd[1]: Mounting POSIX Message Queue File System...\r\n         Starting Create list of required st... nodes for the current kernel...\r\r\n[   19.953910] systemd[1]: Starting Setup Virtual Console...\r\n         Mounting POSIX Message Queue File System...\r[   20.002556] systemd[1]: Starting Uncomplicated firewall...\r\n[   20.008767] systemd[1]: Mounting Huge Pages File System...\r\n[   20.017883] systemd[1]: Listening on udev Kernel Socket.\r\n[   20.028955] systemd[1]: Starting udev Kernel Socket.\r\n\r\n         Starting Setup Virtual Console...\r[   20.042417] systemd[1]: Starting udev Coldplug all Devices...\r\n\r\n         Starting Uncomplicated firewall...\r[   20.055724] systemd[1]: Listening on Journal Audit Socket.\r\n\r\n         Mounting Huge Pages File System...\r\r\n[\u001b[32m  OK  \u001b[0m] Listening on udev Kernel Socket.\r[   20.075354] systemd[1]: Starting Journal Audit Socket.\r\n\r\n         Starting udev Coldplug all Devices...\r[   20.090834] systemd[1]: Created slice system-getty.slice.\r\n\r\n[\u001b[32m  OK  \u001b[0m] Listening on Journal Audit Socket.\r[   20.104358] systemd[1]: Starting system-getty.slice.\r\n\r\n[\u001b[32m  OK  \u001b[0m] Created slice system-getty.slice.\r[   20.118497] systemd[1]: Reached target Remote File Systems (Pre).\r\n\r\n[\u001b[32m  OK  \u001b[0m] Reached target Remote File Systems (Pre).\r[   20.133736] systemd[1]: Starting Remote File Systems (Pre).\r\n\r\n[\u001b[32m  OK  \u001b[0m]
[   20.147551] systemd[1]: Mounted POSIX Message Queue File System.\r\nMounted POSIX Message Queue File System.\r\r\ndev-mqueue.mount\r\r\n[   20.165832] systemd[1]: Mounted Debug File System.\r\n[\u001b[32m  OK  \u001b[0m] Mounted Debug File System.\r\r\n[   20.178258] systemd[1]: Mounted Huge Pages File System.\r\n[\u001b[32m  OK  \u001b[0m] Mounted Huge Pages File System.\r\r\nsys-kernel-debug.mount[   20.194681] systemd[1]: Started Increase datagram queue length.\r\n\r\r\n[\u001b[32m  OK  \u001b[0m] Started Increase datagram queue length.\r\r\ndev-hugepages.mount[   20.214307] systemd[1]: Started Remount Root and Kernel File Systems.\r\n\r\r\n[\u001b[32m  OK  \u001b[0m] Started Remount Root and Kernel File Systems.\r[   20.232142] systemd[1]: Started Create list of required static device nodes for the current kernel.\r\n\r\n[\u001b[32m  OK  \u001b[0m] Started Create list of required sta...ce nodes for the current kernel.\r\r\nsystemd-setup-dgram-qlen.service[   20.260051] systemd[1]: Started Setup Virtual Console.\r\n\r\r\n[\u001b[32m  OK  \u001b[0m] Started Setup Virtual Console.\r[   20.274631] systemd[1]: Time has been changed\r\n\r\nsystemd-remount-fs.service\r\r\nkmod-static-nodes.service\r\r\nsystemd-vconsole-setup.service\r\r\n[   20.326862] systemd[1]: Starting Create Static Device Nodes in /dev...\r\n         Starting Create Static Device Nodes in /dev...\r\r\n[   20.353194] systemd[1]: Started Rebuild Hardware Database.\r\n[   20.362739] systemd[1]: Starting Load/Save Random Seed...\r\n         Starting Load/Save Random Seed...\r[   20.375938] systemd[1]: Started Various fixups to make systemd work better on Debian.\r\n\r\n[\u001b[32m  OK  \u001b[0m] Listening on Syslog Socket.[   20.393288] systemd[1]: Listening on Syslog Socket.\r\n\r\r\n[   20.401972] systemd[1]: Starting Syslog Socket.\r\n[   20.409038] systemd[1]: Starting Journal Service...\r\n         Starting Journal Service...[   20.421689] systemd[1]: Started Nameserver information manager.\r\n\r\r\n[\u001b[32m  OK  \u001b[0m] Started Nameserver information manager.\r\r\nresolvconf.service\r\r\n[   20.469771] systemd[1]: Started udev Coldplug all Devices.\r\n[\u001b[32m  OK  \u001b[0m] Started udev Coldplug all Devices.\r\r\nsystemd-udev-trigger.service[   20.487674] systemd[1]: Starting udev Wait for Complete Device Initialization...\r\n\r\r\n         Starting udev Wait for Complete Device Initialization...\r\r\n[   20.616850] systemd[1]: Started Journal Service.\r\n[\u001b[32m  OK  \u001b[0m] Started Journal Service.\r\r\nsystemd-journald.service\r\r\n         Starting Flush Journal to Persistent Storage...\r\r\n[\u001b[32m  OK  \u001b[0m] Started Load Kernel Modules.\r\r\n         Mounting FUSE Control File System...\r\r\n         Starting Apply Kernel Variables...\r\r\n[\u001b[32m  OK  \u001b[0m] Mounted FUSE Control File System.\r\r\nsystemd-modules-load.service\r\r\nsys-fs-fuse-connections.mount\r\r\n[\u001b[32m  OK  \u001b[0m] Started Uncomplicated firewall.\r\r\nufw.service\r\r\n[   20.725444] systemd-journald[314]: Received request to flush runtime journal from PID 1\r\n[\u001b[32m  OK  \u001b[0m] Started Flush Journal to Persistent Storage.\r\r\n[\u001b[32m  OK  \u001b[0m] Started Load/Save Random Seed.\r\r\nsystemd-journal-flush.service\r\r\nsystemd-random-seed.service\r\r\n[\u001b[32m  OK  \u001b[0m] Started Apply Kernel Variables.\r\r\nsystemd-sysctl.service\r\r\n[\u001b[32m  OK  \u001b[0m] Started Create Static Device Nodes in /dev.\r\r\n         Starting udev Kernel Device Manager...\r\r\nsystemd-tmpfiles-setup-dev.service\r\r\n[\u001b[32m  OK  \u001b[0m] Started udev Kernel Device Manager.\r\r\n[\u001b[32m  OK  \u001b[0m] Reached target Paths.\r\r\nsystemd-udevd.service\r\r\n[\u001b[32m  OK  \u001b[0m] Created slice system-ifup.slice.\r\r\n[   22.773151] piix4_smbus 0000:00:07.3: SMBus base address uninitialized - upgrade BIOS or use force_addr=0xaddr\r\n[\u001b[32m  OK  \u001b[0m] Found device /dev/ttyS0.\r\r\n[\u001b[32m  OK  \u001b[0m] Found device Virtual_Disk Temporary_Storage.\r\r\n[   23.888566] intel_rapl: no valid rapl domains found in package 0\r\n[\u001b[32m  OK  \u001b[0m] Started udev Wait for Complete Device Initialization.\r\r\n[\u001b[32m  OK  \u001b[0m] Reached target Local File Systems (Pre).\r\r\nsystemd-udev-settle.service\r\r\n         Mounting /etc/network/interfaces.dynamic.d...\r\r\n         Starting File System Check on /dev/sdb1...\r\r\n         Starting Copy rules generated while the root was ro...\r\r\n[\u001b[32m  OK  \u001b[0m] Started File System Check on /dev/sdb1.\r\r\n[\u001b[32m  OK  \u001b[0m] Started Copy rules generated while the root was ro.\r\r\n[\u001b[32m  OK  \u001b[0m] Mounted /etc/network/interfaces.dynamic.d.\r\r\n[\u001b[32m  OK  \u001b[0m] Reached target Local File Systems.\r\r\n         Starting LSB: AppArmor initialization...\r\r\n[\u001b[32m  OK  \u001b[0m] Reached target Remote File Systems.\r\r\n         Starting Tell Plymouth To Write Out Runtime Data...\r\r\n         Starting Wait for all \"auto\" /etc/n... up for network-online.target...\r\r\n         Starting Create Volatile Files and Directories...\r\r\n         Starting Set console keymap...\r\r\n         Mounting /mnt...\r\r\nsystemd-fsck@dev-sdb1.service\r\r\n[\u001b[32m  OK  \u001b[0m] Started Create Volatile Files and Directories.\r\r\n         Starting Network Time Synchronization...\r\r\n         Starting Update UTMP about System Boot/Shutdown...\r\r\nudev-finish.service\r\r\netc-network-interfaces.dynamic.d.mount\r\r\nsystemd-tmpfiles-setup.service\r\r\n[\u001b[32m  OK  \u001b[0m] Started Tell Plymouth To Write Out Runtime Data.\r\r\n[\u001b[32m  OK  \u001b[0m] Started Network Time Synchronization.\r\r\n[\u001b[32m  OK  \u001b[0m] Reached target System Time Synchronized.\r\r\n[\u001b[32m  OK  \u001b[0m] Started Update UTMP about System Boot/Shutdown.\r\r\nsystemd-timesyncd.service\r\r\nsystemd-update-utmp.service\r\r\n[\u001b[32m  OK  \u001b[0m] Mounted /mnt.\r\r\nmnt.mount\r\r\n[\u001b[32m  OK  \u001b[0m] Started Set console keymap.\r\r\napparmor.service\r\r\nifup@eth0.service\r\r\n[\u001b[32m  OK  \u001b[0m] Started LSB: AppArmor initialization.\r\r\n[\u001b[32m  OK  \u001b[0m] Started ifup for eth0.\r\r\n         Starting ifup for eth0...\r\r\n         Starting LSB: Raise network interfaces....\r\r\n[\u001b[32m  OK  \u001b[0m] Started LSB: Raise network interfaces..\r\r\n[\u001b[32m  OK  \u001b[0m] Reached target System Initialization.\r\r\n[\u001b[32m  OK  \u001b[0m] Listening on ACPID Listen Socket.\r\r\n[\u001b[32m  OK  \u001b[0m] Listening on UUID daemon activation socket.\r\r\n         Starting Seed the pseudo random number generator on first boot...\r\r\n[\u001b[32m  OK  \u001b[0m] Reached target Timers.\r\r\n[\u001b[32m  OK  \u001b[0m] Listening on D-Bus System Message Bus Socket.\r\r\n[\u001b[32m  OK  \u001b[0m] Reached target Sockets.\r\r\n[\u001b[32m  OK  \u001b[0m] Reached target Basic System.\r\r\n         Starting LSB: Landscape client daemons...\r\r\n         Starting System Logging Service...\r\r\n         Starting LSB: Starts the Micro Name Service Cache Daemon...\r\r\n         Starting Accounts Service...\r\r\n         Starting Initial cloud-init job (pre-networking)...\r\r\n[\u001b[32m  OK  \u001b[0m] Started Regular background program processing daemon.\r\r\n         Starting Regular background program processing daemon...\r\r\n         Starting LSB: Record successful boot for GRUB...\r\r\n         Starting LSB: Set the CPU Frequency Scaling governor to \"ondemand\"...\r\r\n[\u001b[32m  OK  \u001b[0m] Started Hyper-V File Copy Protocol Daemon.\r\r\n         Starting Hyper-V File Copy Protocol Daemon...\r\r\n[\u001b[32m  OK  \u001b[0m] Started Hyper-V KVP Protocol Daemon.\r\r\n         Starting Hyper-V KVP Protocol Daemon...\r\r\n         Starting LSB: daemon to balance interrupts for SMP systems...\r\r\n[\u001b[32m  OK  \u001b[0m] Started Hyper-V VSS Protocol Daemon.\r\r\n         Starting Hyper-V VSS Protocol Daemon...\r\r\n         Starting LSB: automatic crash report generation...\r\r\n         Starting Login Service...\r\r\n         Starting Restore /etc/resolv.conf i...e the ppp link was shut down....\r\r\n[\u001b[32m  OK  \u001b[0m] Started Deferred execution scheduler.\r\r\n         Starting Deferred execution scheduler...\r\r\n         Starting D-Bus System Message Bus...\r\r\n[\u001b[32m  OK  \u001b[0m] Reached target Network.\r\r\n         Starting /etc/rc.local Compatibility...\r\r\n[\u001b[32m  OK  \u001b[0m] Started LSB: Landscape client daemons.\r\r\n[\u001b[32m  OK  \u001b[0m] Started LSB: Set the CPU Frequency Scaling governor to \"ondemand\".\r\r\n[\u001b[32m  OK  \u001b[0m] Started Restore /etc/resolv.conf if...ore the ppp link was shut down..\r\r\n[\u001b[32m  OK  \u001b[0m] Started /etc/rc.local Compatibility.\r\r\n[\u001b[32m  OK  \u001b[0m] Started LSB: Starts the Micro Name Service Cache Daemon.\r\r\nnetworking.service\r\r\n[\u001b[32m  OK  \u001b[0m] Started LSB: automatic crash report generation.\r\r\n[\u001b[32m  OK  \u001b[0m] Started System Logging Service.\r\r\ncron.service\r\r\nhv-fcopy-daemon.service\r\r\nhv-kvp-daemon.service\r\r\nhv-vss-daemon.service\r\r\natd.service\r\r\nlandscape-client.service\r\r\nondemand.service\r\r\nrc-local.service\r\r\nunscd.service\r\r\napport.service\r\r\nrsyslog.service\r\r\n[\u001b[32m  OK  \u001b[0m] Started LSB: daemon to balance interrupts for SMP systems.\r\r\nirqbalance.service\r\r\n[\u001b[32m  OK  \u001b[0m] Started D-Bus System Message Bus.\r\r\ndbus.service\r\r\n[\u001b[32m  OK  \u001b[0m] Started Login Service.\r\r\nsystemd-logind.service\r\r\n         Starting Authenticate and Authorize Users to Run Privileged Tasks...\r\r\n[\u001b[32m  OK  \u001b[0m] Started LSB: Record successful boot for GRUB.\r\r\ngrub-common.service\r\r\n[\u001b[32m  OK  \u001b[0m] Started Authenticate and Authorize Users to Run Privileged Tasks.\r\r\n[\u001b[32m  OK  \u001b[0m] Started Accounts Service.\r\r\npolkitd.service\r\r\naccounts-daemon.service\r\r\n[\u001b[32m  OK  \u001b[0m] Started Wait for all \"auto\" /etc/ne...be up for network-online.target.\r\r\n[\u001b[32m  OK  \u001b[0m] Reached target Network is Online.\r\r\n         Starting LSB: Cleans up any mess left by 0dns-up...\r\r\nifup-wait-all-auto.service\r\r\n[\u001b[32m  OK  \u001b[0m] Started LSB: Cleans up any mess left by 0dns-up.\r\r\ndns-clean.service\r\r\n[   33.093144] cloud-init[602]: Cloud-init v. 0.7.7 running 'init-local' at Sat, 26 Dec 2015 04:47:15 +0000. Up 32.78 seconds.\r\r\n[\u001b[32m  OK  \u001b[0m] Started Initial cloud-init job (pre-networking).\r\r\n         Starting Initial cloud-init job (metadata service crawler)...\r\r\ncloud-init-local.service\r\r\n[   34.336171] blk_update_request: I/O error, dev fd0, sector 0\r\n[   34.404105] blk_update_request: I/O error, dev fd0, sector 0\r\ntmp-tmpfgkdalr8.mount\r\r\n[   34.696462] cloud-init[816]: + i=eth0\r\r\n[   34.705068] cloud-init[816]: + x=0\r\r\n[   34.705964] cloud-init[816]: + ifdown eth0\r\r\n[   34.787479] cloud-init[816]: Killed old client process\r\r\n[   35.807317] cloud-init[816]: Internet Systems Consortium DHCP Client 4.3.1\r\r\n[   35.807470] cloud-init[816]: Copyright 2004-2014 Internet Systems Consortium.\r\r\n[   35.807584] cloud-init[816]: All rights reserved.\r\r\n[   35.807691] cloud-init[816]: For info, please visit https://www.isc.org/software/dhcp/\r\r\n[   35.818260] cloud-init[816]: Listening on LPF/eth0/00:0d:3a:13:7f:df\r\r\n[   35.818447] cloud-init[816]: Sending on   LPF/eth0/00:0d:3a:13:7f:df\r\r\n[   35.818603] cloud-init[816]: Sending on   Socket/fallback\r\r\n[   35.888046] cloud-init[816]: DHCPRELEASE on eth0 to 168.63.129.16 port 67 (xid=0x3d09e48b)\r\r\n[   35.937319] cloud-init[816]: + ifup eth0\r\r\n[   35.963312] cloud-init[816]: Internet Systems Consortium DHCP Client 4.3.1\r\r\n[   35.971097] cloud-init[816]: Copyright 2004-2014 Internet Systems Consortium.\r\r\n[   35.971447] cloud-init[816]: All rights reserved.\r\r\n[   35.971786] cloud-init[816]: For info, please visit https://www.isc.org/software/dhcp/\r\r\n[   35.976591] cloud-init[816]: Listening on LPF/eth0/00:0d:3a:13:7f:df\r\r\n[   35.976767] cloud-init[816]: Sending on   LPF/eth0/00:0d:3a:13:7f:df\r\r\n[   35.991404] cloud-init[816]: Sending on   Socket/fallback\r\r\n[   35.991575] cloud-init[816]: DHCPDISCOVER on eth0 to 255.255.255.255 port 67 interval 3 (xid=0xa0d63603)\r\r\n[   36.006226] cloud-init[816]: DHCPREQUEST of 10.0.0.4 on eth0 to 255.255.255.255 port 67 (xid=0x336d6a0)\r\r\n[   36.006335] cloud-init[816]: DHCPOFFER of 10.0.0.4 from 168.63.129.16\r\r\n[   36.039889] cloud-init[816]: DHCPACK of 10.0.0.4 from 168.63.129.16\r\r\n[   36.769094] cloud-init[816]: bound to 10.0.0.4 -- renewal in 4294967295 seconds.\r\r\n[   36.804628] cloud-init[816]: + exit 0\r\r\n[\u001b[32m  OK  \u001b[0m] Started Windows Azure Linux Agent.\r\r\n         Starting Windows Azure Linux Agent...\r\r\nwalinuxagent.service\r\r\n2015/12/26 04:47:23 Windows Azure Linux Agent Version: WALinuxAgent-2.0.13\r\r\n2015/12/26 04:47:23 Linux Distribution Detected      : Ubuntu\r\r\n2015/12/26 04:47:23 Module /lib/modules/3.19.0-22-generic/kernel/drivers/ata/ata_piix.ko driver for ATAPI CD-ROM does not exist.\r\r\nmnt-cdrom-secure.mount\r\r\n2015/12/26 04:47:24 mount: /dev/sr0 is write-protected, mounting read-only\r\r\n2015/12/26 04:47:24 mount: /dev/sr0 mounted on /mnt/cdrom/secure.\r\r\n2015/12/26 04:47:24 mount succeeded on attempt #1\r\r\n2015/12/26 04:47:24 VMM Init script not found.  Provisioning for Azure\r\r\n2015/12/26 04:47:24 IPv4 address: 10.0.0.4\r\r\n2015/12/26 04:47:24 MAC  address: 00:0D:3A:13:7F:DF\r\r\n2015/12/26 04:47:24 Probing for Windows Azure environment.\r\r\n2015/12/26 04:47:24 DoDhcpWork: Setting socket.timeout=10, entering recv\r\r\n2015/12/26 04:47:24 Discovered Windows Azure endpoint: 168.63.129.16\r\r\n2015/12/26 04:47:24 Fabric preferred wire protocol version: 2015-04-05\r\r\n2015/12/26 04:47:24 Negotiated wire protocol version: 2012-11-30\r\r\n2015/12/26 04:47:24 SetBlockDeviceTimeout: Update the device sda with timeout 300\r\r\n2015/12/26 04:47:24 SetBlockDeviceTimeout: Update the device sdb with timeout 300\r\r\n2015/12/26 04:47:24 Retrieved GoalState from Windows Azure Fabric.\r\r\n2015/12/26 04:47:24 ExpectedState: Started\r\r\n2015/12/26 04:47:24 ContainerId: 340be3fb-06a1-4e80-aa60-704f22184024\r\r\n2015/12/26 04:47:24 RoleInstanceId: af39db35-3db0-41cd-a0c2-6c6b71205199._xplatvm\r\r\n2015/12/26 04:47:24 Public cert with thumbprint: 1CFC1AB82C3A82A7CF23F392FCC9EF49F2607B0C was retrieved.\r\r\n2015/12/26 04:47:24 Posted Role Properties. CertificateThumbprint=196ff6854b43d71734e0a26f52a4f5f5\r\r\n[   42.172130] blk_update_request: I/O error, dev fd0, sector 0\r\n[   42.212131] blk_update_request: I/O error, dev fd0, sector 0\r\n[   42.248129] blk_update_request: I/O error, dev fd0, sector 0\r\n[   42.280121] blk_update_request: I/O error, dev fd0, sector 0\r\n\u0000\u0000\u0000\u0000\u0000\u0000\u0000\u0000\u0000\u0000\u0000\u0000\u0000\u0000\u0000\u0000\u0000\u0000\u0000\u0000\u0000\u0000\u0000\u0000\u0000\u0000\u0000\u0000\u0000\u0000\u0000\u0000\u0000\u0000\u0000\u0000\u0000\u0000\u0000\u0000\u0000\u0000\u0000\u0000\u0000\u0000\u0000\u0000\u0000\u0000\u0000\u0000\u0000\u0000\u0000\u0000\u0000\u0000\u0000\u0000\u0000\u0000\u0000\u0000\u0000\u0000\u0000\u0000\u0000\u0000\u0000\u0000\u0000\u0000\u0000\u0000\u0000\u0000\u0000\u0000\u0000\u0000\u0000\u0000\u0000\u0000\u0000\u0000\u0000\u0000\u0000\u0000\u0000\u0000\u0000\u0000\u0000\u0000\u0000\u0000\u0000\u0000\u0000\u0000\u0000\u0000\u0000\u0000\u0000\u0000\u0000\u0000\u0000\u0000\u0000\u0000\u0000\u0000\u0000\u0000\u0000\u0000\u0000\u0000\u0000\u0000\u0000\u0000\u0000\u0000\u0000\u0000\u0000\u0000\u0000\u0000\u0000\u0000\u0000\u0000\u0000\u0000\u0000\u0000\u0000\u0000\u0000\u0000\u0000\u0000\u0000\u0000\u0000\u0000\u0000\u0000\u0000\u0000\u0000\u0000\u0000\u0000\u0000\u0000\u0000\u0000\u0000\u0000\u0000\u0000\u0000\u0000\u0000\u0000\u0000\u0000\u0000\u0000\u0000\u0000\u0000\u0000\u0000\u0000\u0000\u0000\u0000\u0000\u0000\u0000\u0000\u0000\u0000\u0000\u0000\u0000\u0000\u0000\u0000\u0000\u0000\u0000\u0000\u0000\u0000\u0000\u0000\u0000\u0000\u0000\u0000\u0000\u0000\u0000\u0000\u0000\u0000\u0000\u0000\u0000\u0000\u0000\u0000\u0000\u0000\u0000\u0000\u0000\u0000\u0000\u0000\u0000\u0000\u0000\u0000\u0000\u0000\u0000\u0000\u0000\u0000\u0000\u0000\u0000\u0000\u0000\u0000\u0000\u0000\u0000\u0000\u0000\u0000\u0000\u0000\u0000\u0000\u0000\u0000\u0000\u0000\u0000\u0000\u0000\u0000\u0000\u0000\u0000\u0000\u0000\u0000\u0000\u0000\u0000\u0000\u0000\u0000\u0000\u0000\u0000\u0000\u0000\u0000\u0000\u0000\u0000\u0000\u0000\u0000\u0000\u0000\u0000\u0000\u0000\u0000\u0000\u0000\u0000\u0000\u0000\u0000\u0000\u0000\u0000\u0000\u0000\u0000\u0000\u0000\u0000\u0000\u0000\u0000\u0000\u0000\u0000\u0000\u0000\u0000\u0000\u0000\u0000\u0000\u0000\u0000\u0000\u0000\u0000\u0000\u0000\u0000\u0000\u0000\u0000\u0000\u0000\u0000\u0000\u0000\u0000\u0000\u0000\u0000\u0000\u0000\u0000\u0000\u0000\u0000\u0000\u0000\u0000\u0000\u0000\u0000\u0000\u0000\u0000\u0000\u0000\u00002015/12/26 04:47:28 Finished processing ExtensionsConfig.xml\r\r\n[\u001b[1;31mFAILED\u001b[0m] Failed to start Seed the pseudo random number generator on first boot.\r\r\nSee \"systemctl status pollinate.service\" for details.\r\r\n[   52.707732] cloud-init[816]:
Dec 26 04:47:35 xplatvm3 pollinate[1160]: ERROR: Network communicatinn failed [60]\\n04:47:35.515199 * Hostname was NOT found in DNS cache\r\r\n[   52.707983] cloud-init[816]: % Total    % Received % Xferd  Average Speed   Time    Time     Time  Current\r\r\n[   52.708161] cloud-init[816]: Dload  Upload   Total   Spent    Left  Speed\r\r\n[   52.708302] cloud-init[816]: 0     0    0     0    0     0      0      0 --:--:-- --:--:-- --:--:--     004:47:35.529627 *   Trying 91.189.94.24...\r\r\n[   52.708437] cloud-init[816]: 04:47:35.606831 * Connected to entropy.ubuntu.com (91.189.94.24) port 443 (#0)\r\r\n[   52.708570] cloud-init[816]: 04:47:35.607477 * successfully set certificate verify locations:\r\r\n[   52.708702] cloud-init[816]: 04:47:35.607512 *   CAfile: /etc/pollinate/entropy.ubuntu.com.pem\r\r\n[   52.708832] cloud-init[816]: CApath: /dev/null\r\r\n[   52.708963] cloud-init[816]: 04:47:35.607608 * SSLv3, TLS handshake, Client hello (1):\r\r\n[   52.709098] cloud-init[816]: 04:47:35.607638 } [data not shown]\r\r\n[   52.709230] cloud-init[816]: 04:47:35.702379 * SSLv3, TLS handshake, Server hello (2):\r\r\n[   52.709365] cloud-init[816]: 04:47:35.702421 { [data not shown]\r\r\n[   52.709497] cloud-init[816]: 04:47:35.702482 * SSLv3, TLS handshake, CERT (11):\r\r\n[   52.709629] cloud-init[816]: 04:47:35.702508 { [data not shown]\r\r\n[   52.738763] cloud-init[816]: 04:47:35.702791 * SSLv3, TLS alert, Server hello (2):\r\r\n[   52.738984] cloud-init[816]: 04:47:35.702825 } [data not shown]\r\r\n[   52.739195] cloud-init[816]: 04:47:35.702901 * SSL certificate problem: unable to get local issuer certificate\r\r\n[   52.739401] cloud-init[816]: 04:47:35.702931 * Closing connection 0\r\r\n[   52.739619] cloud-init[816]: curl: (60) SSL certificate problem: unable to get local issuer certificate\r\r\n[   52.739821] cloud-init[816]: More details here: http://curl.haxx.se/docs/sslcerts.html\r\r\n[   52.740063] cloud-init[816]: curl performs SSL certificate verification by default, using a \"bundle\"\r\r\n[   52.740274] cloud-init[816]: of Certificate Authority (CA) public keys (CA certs). If the default\r\r\n[   52.740474] cloud-init[816]: bundle file isn't adequate, you can specify an alternate file\r\r\n[   52.740671] cloud-init[816]: using the --cacert option.\r\r\n[   52.740868] cloud-init[816]: If this HTTPS server uses a certificate signed by a CA represented in\r\r\n[   52.741064] cloud-init[816]: the bundle, the certificate verification probably failed due to a\r\r\n[   52.741261] cloud-init[816]: problem with the certificate (it might be expired, or the name might\r\r\n[   52.747391] cloud-init[816]: not match the domain name in the URL).\r\r\n[   52.747623] cloud-init[816]: If you'd like to turn off curl's verification of the certificate, use\r\r\n[   52.747834] cloud-init[816]: the -k (or --insecure) option.\r\r\n[   52.749069] cloud-init[816]: Cloud-init v. 0.7.7 running 'init' at Sat, 26 Dec 2015 04:47:16 +0000. Up 33.85 seconds.\r\r\n[   52.749280] cloud-init[816]: ci-info: ++++++++++++++++++++++++++++++++++++++Net device info++++++++++++++++++++++++++++++++++++++\r\r\n[   52.749490] cloud-init[816]: ci-info: +--------+------+-----------------------------+---------------+-------+-------------------+\r\r\n[   52.749693] cloud-init[816]: ci-info: | Device |  Up  |           Address           |      Mask     | Scope |     Hw-Address    |\r\r\n[   52.749894] cloud-init[816]: ci-info: +--------+------+-----------------------------+---------------+-------+-------------------+\r\r\n[   52.750093] cloud-init[816]: ci-info: |  eth0  | True |           10.0.0.4          | 255.255.255.0 |   .   | 00:0d:3a:13:7f:df |\r\r\n[   52.750296] cloud-init[816]: ci-info: |  eth0  | True | fe80::20d:3aff:fe13:7fdf/64 |       .       |  link | 00:0d:3a:13:7f:df |\r\r\n[   52.750481] cloud-init[816]: ci-info: |   lo   | True |          127.0.0.1          |   255.0.0.0   |   .   |         .         |\r\r\n[   52.750716] cloud-init[816]: ci-info: |   lo   | True |           ::1/128           |       .       |  host |         .         |\r\r\n[   52.750920] cloud-init[816]: ci-info: +--------+------+-----------------------------+---------------+-------+-------------------+\r\r\n[   52.751093] cloud-init[816]: ci-info: +++++++++++++++++++++++++++++Route IPv4 info++++++++++++++++++++++++++++++\r\r\n[   52.751262] cloud-init[816]: ci-info: +-------+---------------+----------+-----------------+-----------+-------+\r\r\n[   52.771631] cloud-init[816]: ci-info: | Route |  Destination  | Gateway  |     Genmask     | Interface | Flags |\r\r\n[   52.771819] cloud-init[816]: ci-info: +-------+---------------+----------+-----------------+-----------+-------+\r\r\n[   52.771994] cloud-init[816]: ci-info: |   0   |    0.0.0.0    | 10.0.0.1 |     0.0.0.0     |    eth0   |   UG  |\r\r\n[   52.772188] cloud-init[816]: ci-info: |   1   |    10.0.0.0   | 0.0.0.0  |  255.255.255.0  |    eth0   |   U   |\r\r\n[   52.772356] cloud-init[816]: ci-info: |   2   | 168.63.129.16 | 10.0.0.1 | 255.255.255.255 |    eth0   |  UGH  |\r\r\n[   52.772522] cloud-init[816]: ci-info: +-------+---------------+----------+-----------------+-----------+-------+\r\r\n[   52.772687] cloud-init[816]: 2015-12-26 04:47:35,778 - util.py[WARNING]: Running module seed_random (<module 'cloudinit.config.cc_seed_random' from '/usr/lib/python3/dist-packages/cloudinit/config/cc_seed_random.py'>) failed\r\r\n[   54.569670] cloud-init[816]: Generating public/private rsa key pair.\r\r\n[   54.569869] cloud-init[816]: Your identification has been saved in /etc/ssh/ssh_host_rsa_key.\r\r\n[   54.569994] cloud-init[816]: Your public key has been saved in /etc/ssh/ssh_host_rsa_key.pub.\r\r\n[   54.570114] cloud-init[816]: The key fingerprint is:\r\r\n[   54.588153] cloud-init[816]: b4:61:d2:21:6a:fc:c9:7b:76:f9:13:b8:09:08:e2:01 root@xplatvm\r\r\n[   54.588368] cloud-init[816]: The key's randomart image is:\r\r\n[   54.588558] cloud-init[816]: +---[RSA 2048]----+\r\r\n[   54.588747] cloud-init[816]: |      . .        |\r\r\n[   54.588931] cloud-init[816]: |E  . . o .       |\r\r\n[   54.604810] cloud-init[816]: | .  + . =        |\r\r\n[   54.605052] cloud-init[816]: |  o..o = o       |\r\r\n[   54.605245] cloud-init[816]: | . o .+.S  .     |\r\r\n[   54.608022] cloud-init[816]: |  .   ... ...    |\r\r\n[   54.608226] cloud-init[816]: |      . o.oo .   |\r\r\n[   54.624239] cloud-init[816]: |       o .o..    |\r\r\n[   54.624440] cloud-init[816]: |            ..   |\r\r\n[   54.624625] cloud-init[816]: +-----------------+\r\r\n[   55.032537] cloud-init[816]: Generating public/private dsa key pair.\r\r\n[   55.032716] cloud-init[816]: Your identification has been saved in /etc/ssh/ssh_host_dsa_key.\r\r\n[   55.032811] cloud-init[816]: Your public key has been saved in /etc/ssh/ssh_host_dsa_key.pub.\r\r\n[   55.032899] cloud-init[816]: The key fingerprint is:\r\r\n[   55.032991] cloud-init[816]: de:13:34:e0:9b:57:1c:ba:50:86:9d:46:5a:8b:2e:c8 root@xplatvm\r\r\n[   55.033077] cloud-init[816]: The key's randomart image is:\r\r\n[   55.033162] cloud-init[816]: +---[DSA 1024]----+\r\r\n[   55.033245] cloud-init[816]: |        .+=..    |\r\r\n[   55.033330] cloud-init[816]: |       ..B++ .   |\r\r\n[   55.033413] cloud-init[816]: |        =.= o    |\r\r\n[   55.033496] cloud-init[816]: |   . . . = +     |\r\r\n[   55.033582] cloud-init[816]: |    E . S +      |\r\r\n[   55.033680] cloud-init[816]: |       o o .     |\r\r\n[   55.033773] cloud-init[816]: |        . o      |\r\r\n[   55.033872] cloud-init[816]: |           .     |\r\r\n[   55.062604] cloud-init[816]: |                 |\r\r\n[   55.062760] cloud-init[816]: +-----------------+\r\r\n[   55.063248] cloud-init[816]: Generating public/private ecdsa key pair.\r\r\n[   55.063353] cloud-iniYour identification has been saved in /etc/ssh/ssh_host_ecdsa_key.\r\r\n[   55.063442] cloud-init[816]: Your public key has been saved in /etc/ssh/ssh_host_ecdsa_key.pub.\r\r\n[   55.063527] cloud-init[816]: The key fingerprint is:\r\r\n[   55.063611] cloud-init[816]: f7:77:7f:35:5b:1b:af:d7:14:8c:c0:d5:dc:6e:01:d2 root@xplatvm\r\r\n[   55.063694] cloud-init[816]: The key's randomart image is:\r\r\n[   55.063775] cloud-init[816]: +---[ECDSA 256]---+\r\r\n[   55.063857] cloud-init[816]: |          ..oo+ .|\r\r\n[   55.063947] cloud-init[816]: |           o.E +.|\r\r\n[   55.064159] cloud-init[816]: |            . o..|\r\r\n[   55.064295] cloud-init[816]: |             . oo|\r\r\n[   55.064427] cloud-init[816]: |        S .    ..|\r\r\n[   55.064558] cloud-init[816]: |         . .   o+|\r\r\n[   55.064689] cloud-init[816]: |            . ..@|\r\r\n[   55.064821] cloud-init[816]: |             . +*|\r\r\n[   55.064955] cloud-init[816]: |              .oo|\r\r\n[   55.065087] cloud-init[816]: +-----------------+\r\r\n[\u001b[1;31mFAILED\u001b[0m] Failed to start Initial cloud-init job (metadata service crawler).\r\r\nSee \"systemctl status cloud-init.service\" for details.\r\r\n[\u001b[32m  OK  \u001b[0m] Reached target Cloud-config availability.\r\r\n         Starting Apply the settings specified in cloud-config...\r\r\n         Starting Permit User Sessions...\r\r\n[\u001b[32m  OK  \u001b[0m] Started OpenBSD Secure Shell server.\r\r\n         Starting OpenBSD Secure Shell server...\r\r\n[\u001b[32m  OK  \u001b[0m] Started Permit User Sessions.\r\r\n         Starting Terminate Plymouth Boot Screen...\r\r\n         Starting Wait for Plymouth Boot Screen to Quit...\r\r\nssh.service\r\r\nsystemd-user-sessions.service\r\r\n[\u001b[32m  OK  \u001b[0m] Started Wait for Plymouth Boot Screen to Quit.\r\n[\u001b[32m  OK  \u001b[0m] Started Terminate Plymouth Boot Screen.\r\n[\u001b[32m  OK  \u001b[0m] Started Serial Getty on ttyS0.\r\n         Starting Serial Getty on ttyS0...\r\n[\u001b[32m  OK  \u001b[0m] Started Getty on tty1.\r\n         Starting Getty on tty1...\r\n[\u001b[32m  OK  \u001b[0m] Reached target Login Prompts.\r\n2015/12/26 04:47:39 ERROR:CalledProcessError.  Error Code is 1\r\n2015/12/26 04:47:39 ERROR:CalledProcessError.  Command string was pidof  dhclient\r\n2015/12/26 04:47:39 ERROR:CalledProcessError.  Command result was \r\n[\u001b[32m  OK  \u001b[0m] Stopped File System Check on /dev/sdb1.\r\n         Stopping File System Check on /dev/sdb1...\r\n         Starting File System Check on /dev/sdb1...\r\n[\u001b[32m  OK  \u001b[0m] Started File System Check on /dev/sdb1.\r\n         Mounting /mnt...\r\n[\u001b[1;31mFAILED\u001b[0m] Failed to mount /mnt.\r\nSee \"systemctl status mnt.mount\" for details.\r\n2015/12/26 04:47:44 ERROR:CalledProcessError.  Error Code is 1\r\n2015/12/26 04:47:44 ERROR:CalledProcessError.  Command string was pidof  dhclient\r\n2015/12/26 04:47:44 ERROR:CalledProcessError.  Command result was \r\n\r\r\nUbuntu 15.04 xplatvm ttyS0\r\n\r\nxplatvm login:
[   62.368024] cloud-init[1193]: Generating locales...\r\n[   62.437626] cloud-init[1193]: en_US.UTF-8... up-to-date\r\n[   62.464504] cloud-init[1193]: Generation complete.\r\n2015/12/26 04:47:49 ERROR:CalledProcessError.  Error Code is 1\r\n2015/12/26 04:47:49 ERROR:CalledProcessError.  Command string was pidof  dhclient\r\n2015/12/26 04:47:49 ERROR:CalledProcessError.  Command result was \r\n[   67.846930] cloud-init[1193]: Cloud-init v. 0.7.7 running 'modules:config' at Sat, 26 Dec 2015 04:47:39 +0000. Up 56.56 seconds.\r\nci-info: ++Authorized keys from /home/azureuser/.ssh/authorized_keys for user azureuser+++\r\nci-info: +---------+-------------------------------------------------+---------+---------+\r\nci-info: | Keytype |                Fingerprint (md5)                | Options | Comment |\r\nci-info: +---------+-------------------------------------------------+---------+---------+\r\nci-info: | ssh-rsa | 8f:df:8f:18:ba:cd:cc:63:7c:1f:ea:ae:ba:09:40:65 |    -    |    -    |\r\nci-info: +---------+-------------------------------------------------+---------+---------+\r\nec2: \r\nec2: #############################################################\r\nec2: -----BEGIN SSH HOST KEY FINGERPRINTS-----\r\nec2: 1024 de:13:34:e0:9b:57:1c:ba:50:86:9d:46:5a:8b:2e:c8 /etc/ssh/ssh_host_dsa_key.pub (DSA)\r\nec2: 256 f7:77:7f:35:5b:1b:af:d7:14:8c:c0:d5:dc:6e:01:d2 /etc/ssh/ssh_host_ecdsa_key.pub (ECDSA)\r\nec2: 2048 b4:61:d2:21:6a:fc:c9:7b:76:f9:13:b8:09:08:e2:01 /etc/ssh/ssh_host_rsa_key.pub (RSA)\r\nec2: -----END SSH HOST KEY FINGERPRINTS-----\r\nec2: #############################################################\r\n-----BEGIN SSH HOST KEY KEYS-----\r\necdsa-sha2-nistp256 AAAAE2VjZHNhLXNoYTItbmlzdHAyNTYAAAAIbmlzdHAyNTYAAABBBDc51bgAPGWXYrmoFffLw7BC1LTP/RgU3/edJGB1xf3jtMfTTLQWVCG3zA3zMhA6EUf47UtVxOsFw+kTJ+285Qg= root@xplatvm\r\nssh-rsa AAAAB3NzaC1yc2EAAAADAQABAAABAQDd+cjqlEM7pCorWDmlp7dWB3b3bbKTtMIym+mSNvRT/dxN+D/CtioK9tQ9dENPkzRUSP5QV0YSrSkS+ImGEbTPIwIefaFlFJ/4YNVxwExLE9wLhm+xoOYVXX6SvtEItkcRqKAdTXrkqGVQMY8x43c1+oi3q0vIP5UGGsyOZTCj+Li4SEvjocDsI3rs/0n21v7t8dZAL2kKHAI6WSJHw3n5HvdXqX3rwaG+lf46ZeHver/lQ7jcWiZXd/p9wGZHoWli/0IfA/0lfDRLCeLIEOFwgh+JapYsfT5citnxLppChDH4Wcn9psBOfWoiBqpWUfxLxK6rzbttOnq/u5pVG9R/ root@xplatvm\r\n-----END SSH HOST KEY KEYS-----\r\n[   69.047572] cloud-init[1352]: Cloud-init v. 0.7.7 running 'modules:final' at Sat, 26 Dec 2015 04:47:51 +0000. Up 68.52 seconds.\r\n[   69.081542] cloud-init[1352]: Cloud-init v. 0.7.7 finished at Sat, 26 Dec 2015 04:47:52 +0000. Datasource DataSourceAzureNet [seed=/dev/sr0].  Up 69.02 seconds\r\n2015/12/26 04:47:55 ERROR:CalledProcessError.  Error Code is 1\r\n2015/12/26 04:47:55 ERROR:CalledProcessError.  Command string was pidof  dhclient\r\n2015/12/26 04:47:55 ERROR:CalledProcessError.  Command result was \r\n2015/12/26 04:48:00 ERROR:CalledProcessError.  Error Code is 1\r\n2015/12/26 04:48:00 ERROR:CalledProcessError.  Command string was pidof  dhclient\r\n2015/12/26 04:48:00 ERROR:CalledProcessError.  Command result was \r\n2015/12/26 04:48:05 ERROR:CalledProcessError.  Error Code is 1\r\n2015/12/26 04:48:05 ERROR:CalledProcessError.  Command string was pidof  dhclient\r\n2015/12/26 04:48:05 ERROR:CalledProcessError.  Command result was \r\n2015/12/26 04:48:10 ERROR:CalledProcessError.  Error Code is 1\r\n2015/12/26 04:48:10 ERROR:CalledProcessError.  Command string was pidof  dhclient\r\n2015/12/26 04:48:10 ERROR:CalledProcessError.  Command result was \r\n2015/12/26 04:48:15 ERROR:CalledProcessError.  Error Code is 1\r\n2015/12/26 04:48:16 ERROR:CalledProcessError.  Command string was pidof  dhclient\r\n2015/12/26 04:48:16 ERROR:CalledProcessError.  Command result was \r\n2015/12/26 04:48:21 ERROR:CalledProcessError.  Error Code is 1\r\n2015/12/26 04:48:21 ERROR:CalledProcessError.  Command string was pidof  dhclient\r\n2015/12/26 04:48:21 ERROR:CalledProcessError.  Command result was \r\n\u0000\u0000\u0000\u0000\u0000\u0000\u0000\u0000\u0000\u0000\u0000\u0000\u0000\u0000\u0000\u0000\u0000\u0000\u0000\u0000\u0000\u0000\u0000\u0000\u0000\u0000\u0000\u0000\u0000\u0000\u0000\u0000\u0000\u0000\u0000\u0000\u0000\u0000\u0000\u0000\u0000\u0000\u0000\u0000\u0000\u0000\u0000\u0000\u0000\u0000\u0000\u0000\u0000\u0000\u0000\u0000\u0000\u0000\u0000\u0000\u0000\u0000\u0000\u0000\u0000\u0000\u0000\u0000\u0000\u0000\u0000\u0000\u0000\u0000\u0000\u0000\u0000\u0000\u0000\u0000\u0000\u0000\u0000\u0000\u0000\u0000\u0000\u0000\u0000\u0000\u0000\u0000\u0000\u0000\u0000\u0000\u0000\u0000\u0000\u0000\u0000\u0000\u0000\u0000\u0000\u0000\u0000\u0000\u0000\u0000\u0000\u0000\u0000\u0000\u0000\u0000\u0000\u0000\u0000\u0000\u0000\u0000\u0000\u0000\u0000\u0000\u0000\u0000\u0000\u0000\u0000\u0000\u0000\u0000\u0000\u0000\u0000\u0000\u0000\u0000\u0000\u0000\u0000\u0000\u0000\u0000\u0000\u0000\u0000\u0000\u0000\u0000\u0000\u0000\u0000\u0000\u0000\u0000\u0000\u0000\u0000\u0000\u0000\u0000\u0000\u0000\u0000\u0000\u0000\u0000\u0000\u0000\u0000\u0000\u0000\u0000\u0000\u0000\u0000\u0000\u0000\u0000\u0000\u0000\u0000\u0000\u0000\u0000\u0000\u0000\u0000\u0000\u0000\u0000\u0000\u0000\u0000\u0000\u0000\u0000\u0000\u0000\u0000\u0000\u0000\u0000\u0000\u0000\u0000\u0000\u0000\u0000\u0000\u0000\u0000\u0000\u0000\u0000\u0000\u0000\u0000\u0000\u0000\u0000\u0000\u0000\u0000\u0000\u0000\u0000\u0000\u0000\u0000\u0000\u0000\u0000\u0000\u0000\u0000\u0000\u0000\u0000\u0000\u0000\u0000\u0000\u0000\u0000\u0000\u0000\u0000\u0000\u0000\u0000\u0000\u0000\u0000\u0000\u0000\u0000\u0000\u0000\u0000\u0000\u0000\u0000\u0000\u0000\u0000\u0000\u0000\u0000\u0000\u0000\u0000\u0000\u0000\u0000\u0000\u0000\u0000\u0000\u0000\u0000\u0000\u0000\u0000\u0000\u0000\u0000\u0000\u0000\u0000\u0000\u0000\u0000\u0000\u0000\u0000\u0000\u0000\u0000\u0000\u0000\u0000\u0000\u0000\u0000\u0000\u0000\u0000\u0000\u0000\u0000\u0000\u0000\u0000\u0000\u0000\u0000\u0000\u0000\u0000\u0000\u0000\u0000\u0000\u0000\u0000\u0000\u0000\u0000\u0000\u0000\u0000\u0000\u0000\u0000\u0000\u0000\u0000\u0000\u0000\u0000\u0000\u0000\u0000\u0000\u0000\u0000\u0000\u0000\u0000\u0000\u0000\u0000\u0000\u0000\u0000\u0000\u0000\u0000\u0000\u0000\u0000\u0000\u0000\u0000\u0000\u0000\u0000\u0000\u0000\u0000\u0000\u0000\u0000\u0000\u0000\u0000\u0000\u0000\u0000\u0000\u0000\u0000\u0000\u0000\u0000\u0000\u0000\u0000\u0000\u0000\u0000\u0000\u0000\u0000\u0000\u0000\u0000\u0000\u0000\u0000\u0000\u0000\u0000\u0000\u0000\u0000\u0000\u0000\u0000\u0000\u0000\u0000\u0000\u0000\u0000\u0000\u0000\u0000\u0000\u0000\u0000\u0000\u0000\u0000\u0000\u0000\u0000\u0000\u0000\u0000\u00002015/12/26 04:48:26 ERROR:CalledProcessError.  Error Code is 1\r\n2015/12/26 04:48:26 ERROR:CalledProcessError.  Command string was pidof  dhclient\r\n2015/12/26 04:48:26 ERROR:CalledProcessError.  Command result was \r\n2015/12/26 04:48:31 ERROR:CalledProcessError.  Error Code is 1\r\n2015/12/26 04:48:31 ERROR:CalledProcessError.  Command string was pidof  dhclient\r\n2015/12/26 04:48:31 ERROR:CalledProcessError.  Command result was \r\n2015/12/26 04:48:37 ERROR:CalledProcessError.  Error Code is 1\r\n2015/12/26 04:48:37 ERROR:CalledProcessError.  Command string was pidof  dhclient\r\n2015/12/26 04:48:37 ERROR:CalledProcessError.  Command result was \r\n2015/12/26 04:48:42 ERROR:CalledProcessError.  Error Code is 1\r\n2015/12/26 04:48:42 ERROR:CalledProcessError.  Command string was pidof  dhclient\r\n2015/12/26 04:48:42 ERROR:CalledProcessError.  Command result was \r\n2015/12/26 04:48:47 ERROR:CalledProcessError.  Error Code is 1\r\n2015/12/26 04:48:47 ERROR:CalledProcessError.  Command string was pidof  dhclient\r\n2015/12/26 04:48:47 ERROR:CalledProcessError.  Command result was \r\n2015/12/26 04:48:52 ERROR:CalledProcessError.  Error Code is 1\r\n2015/12/26 04:48:52 ERROR:CalledProcessError.  Command string was pidof  dhclient\r\n2015/12/26 04:48:52 ERROR:CalledProcessError.  Command result was \r\n2015/12/26 04:48:58 ERROR:CalledProcessError.  Error Code is 1\r\n2015/12/26 04:48:58 ERROR:CalledProcessError.  Command string was pidof  dhclient\r\n2015/12/26 04:48:58 ERROR:CalledProcessError.  Command result was \r\n2015/12/26 04:49:03 ERROR:CalledProcessError.  Error Code is 1\r\n2015/12/26 04:49:03 ERROR:CalledProcessError.  Command string was pidof  dhclient\r\n2015/12/26 04:49:03 ERROR:CalledProcessError.  Command result was \r\n2015/12/26 04:49:08 ERROR:CalledProcessError.  Error Code is 1\r\n2015/12/26 04:49:08 ERROR:CalledProcessError.  Command string was pidof  dhclient\r\n2015/12/26 04:49:08 ERROR:CalledProcessError.  Command result was \r\n2015/12/26 04:49:13 ERROR:CalledProcessError.  Error Code is 1\r\n2015/12/26 04:49:13 ERROR:CalledProcessError.  Command string was pidof  dhclient\r\n2015/12/26 04:49:13 ERROR:CalledProcessError.  Command result was \r\n2015/12/26 04:49:18 ERROR:CallddProcessError.  Error Code is 1\r\n2015/12/26 04:49:18 ERROR:CalledProcessError.  Command string was pidof  dhclient\r\n2015/12/26 04:49:19 ERROR:CalledProcessError.  Command result was \r\n2015/12/26 04:49:24 ERROR:CalledProcessError.  Error Code is 1\r\n2015/12/26 04:49:24 ERROR:CalledProcessError.  Command string was pidof  dhclient\r\n2015/12/26 04:49:24 ERROR:CalledProcessError.  Command result was \r\n\u0000\u0000\u0000\u0000\u0000\u0000\u0000\u0000\u0000\u0000\u0000\u0000\u0000\u0000\u0000\u0000\u0000\u0000\u0000\u0000\u0000\u0000\u0000\u0000\u0000\u0000\u0000\u0000\u0000\u0000\u0000\u0000\u0000\u0000\u0000\u0000\u0000\u0000\u0000\u0000\u0000\u0000\u0000\u0000\u0000\u0000\u0000\u0000\u0000\u0000\u0000\u0000\u0000\u0000\u0000\u0000\u0000\u0000\u0000\u0000\u0000\u0000\u0000\u0000\u0000\u0000\u0000\u0000\u0000\u0000\u0000\u0000\u0000\u0000\u0000\u0000\u0000\u0000\u0000\u0000\u0000\u0000\u0000\u0000\u0000\u0000\u0000\u0000\u0000\u0000\u0000\u0000\u0000\u0000\u0000\u0000\u0000\u0000\u0000\u0000\u0000\u0000\u0000\u0000\u0000\u0000\u0000\u0000\u0000\u0000\u0000\u0000\u0000\u0000\u0000\u0000\u0000\u0000\u0000\u0000\u0000\u0000\u0000\u0000\u0000\u0000\u0000\u0000\u0000\u0000\u0000\u0000\u0000\u0000\u0000\u0000\u0000\u0000\u0000\u0000\u0000\u0000\u0000\u0000\u0000\u0000\u0000\u0000\u0000\u0000\u0000\u0000\u0000\u0000\u0000\u0000\u0000\u0000\u0000\u0000\u0000\u0000\u0000\u0000\u0000\u0000\u0000\u0000\u0000\u0000\u0000\u0000\u0000\u0000\u0000\u0000\u0000\u0000\u0000\u0000\u0000\u0000\u0000\u0000\u0000\u0000\u0000\u0000\u0000\u0000\u0000\u0000\u0000\u0000\u0000\u0000\u0000\u0000\u0000\u0000\u0000\u0000\u0000\u0000\u0000\u0000\u0000\u0000\u0000\u0000\u0000\u0000\u0000\u0000\u0000\u0000\u0000\u0000\u0000\u0000\u0000\u0000\u0000\u0000\u0000\u0000\u0000\u0000\u0000\u0000\u0000\u0000\u0000\u0000\u0000\u0000\u0000\u0000\u0000\u0000\u0000\u0000\u0000\u0000\u0000\u0000\u0000\u0000\u0000\u0000\u0000\u0000\u0000\u0000\u0000\u0000\u0000\u0000\u0000\u0000\u0000\u0000\u0000\u0000\u0000\u0000\u0000\u0000\u0000\u0000\u0000\u0000\u0000\u0000\u0000\u0000\u0000\u0000\u0000\u0000\u0000\u0000\u0000\u0000\u0000\u0000\u0000\u0000\u0000\u0000\u0000\u0000\u0000\u0000\u0000\u0000\u0000\u0000\u0000\u0000\u0000\u0000\u0000\u0000\u0000\u0000\u0000\u0000\u0000\u0000\u0000\u0000\u0000\u0000\u0000\u0000\u0000\u0000\u0000\u0000\u0000\u0000\u0000\u0000\u0000\u0000\u0000\u0000\u0000\u0000\u0000\u0000\u0000\u0000\u0000\u0000\u0000\u0000\u0000\u0000\u0000\u0000\u0000\u0000\u0000\u0000\u0000\u0000\u0000\u0000\u0000\u0000\u0000\u0000\u0000\u0000\u0000\u0000\u0000\u0000\u0000\u0000\u0000\u0000\u0000\u0000\u0000\u0000\u0000\u0000\u0000\u0000\u0000\u0000\u0000\u0000\u0000\u0000\u0000\u0000\u0000\u0000\u0000\u0000\u0000\u0000\u0000\u0000\u0000\u0000\u0000\u0000\u0000\u0000\u0000\u0000\u0000\u0000\u0000\u0000\u0000\u0000\u0000\u0000\u0000\u0000\u0000\u0000\u0000\u0000\u0000\u0000\u0000\u0000\u0000\u0000\u0000\u0000\u0000\u0000\u0000\u0000\u0000\u0000\u0000\u0000\u0000\u0000\u0000\u0000\u0000\u0000\u0000\u0000\u0000\u0000\u0000\u0000\u0000\u0000\u0000\u0000\u0000\u0000\u0000\u0000\u0000\u0000\u0000\u0000\u0000\u0000\u0000\u0000\u0000\u0000\u0000\u0000\u0000\u0000\u0000\u0000\u0000\u0000\u0000\u0000\u0000\u0000\u0000\u0000\u0000\u0000\u0000