// This file has been autogenerated.

var profile = require('../../../lib/util/profile');

exports.getMockedProfile = function () {
  var newProfile = new profile.Profile();

  newProfile.addSubscription(new profile.Subscription({
    id: 'cffbd00f-9edf-41f9-8f74-4a6ec260dcb8',
    name: 'VM Depot Main Subscription',
    user: {
      name: 'user@domain.example',
      type: 'user'
    },
    tenantId: '72f988bf-86f1-41af-91ab-2d7cd011db47',
    state: 'Enabled',
    registeredProviders: [],
    _eventsCount: '1',
    isDefault: true
  }, newProfile.environments['AzureCloud']));

  return newProfile;
};

exports.setEnvironment = function() {
  process.env['AZURE_VM_TEST_LOCATION'] = 'southeastasia';
  process.env['SSHCERT'] = 'test/myCert.pem';
};

exports.scopes = [[function (nock) { 
var result = 
nock('http://management.azure.com:443')
  .get('/subscriptions/cffbd00f-9edf-41f9-8f74-4a6ec260dcb8/resourceGroups/xplatTestGVMCreate3852/providers/Microsoft.Compute/virtualMachines/xplatvm?$expand=instanceView&api-version=2016-03-30')
  .reply(200, "{\r\n  \"properties\": {\r\n    \"vmId\": \"446b6563-8ffe-406f-8046-6c8cd62ffe1e\",\r\n    \"availabilitySet\": {\r\n      \"id\": \"/subscriptions/cffbd00f-9edf-41f9-8f74-4a6ec260dcb8/resourceGroups/xplatTestGVMCreate3852/providers/Microsoft.Compute/availabilitySets/XPLATTESTAAVAIL1684\"\r\n    },\r\n    \"hardwareProfile\": {\r\n      \"vmSize\": \"Standard_D1\"\r\n    },\r\n    \"storageProfile\": {\r\n      \"imageReference\": {\r\n        \"publisher\": \"canonical\",\r\n        \"offer\": \"UbuntuServer\",\r\n        \"sku\": \"15.10\",\r\n        \"version\": \"latest\"\r\n      },\r\n      \"osDisk\": {\r\n        \"osType\": \"Linux\",\r\n        \"name\": \"cli5562ececc1aefbd3-os-1467126955749\",\r\n        \"createOption\": \"FromImage\",\r\n        \"vhd\": {\r\n          \"uri\": \"https://xplatteststorage13862.blob.core.windows.net/xplatteststoragecnt13319/cli5562ececc1aefbd3-os-1467126955749.vhd\"\r\n        },\r\n        \"caching\": \"ReadWrite\"\r\n      },\r\n      \"dataDisks\": []\r\n    },\r\n    \"osProfile\": {\r\n      \"computerName\": \"xplatvm\",\r\n      \"adminUsername\": \"azureuser\",\r\n      \"linuxConfiguration\": {\r\n        \"disablePasswordAuthentication\": false,\r\n        \"ssh\": {\r\n          \"publicKeys\": [\r\n            {\r\n              \"path\": \"/home/azureuser/.ssh/authorized_keys\",\r\n              \"keyData\": \"MIID/zCCAuegAwIBAgIJAMUAa+XVLvAeMA0GCSqGSIb3DQEBBQUAMIGVMQswCQYD\\r\\nVQQGEwJJbjESMBAGA1UECAwJS2FybmF0YWthMRIwEAYDVQQHDAlCYW5nYWxvcmUx\\r\\nEDAOBgNVBAoMB2JyaWxsaW8xEjAQBgNVBAsMCW1pY3Jvc29mdDEQMA4GA1UEAwwH\\r\\nYnJpbGxpbzEmMCQGCSqGSIb3DQEJARYXc3JlZWthbnRoYnNAeWFob28uY28uaW4w\\r\\nHhcNMTUwMzA1MTE1MzEyWhcNMTYwMzA0MTE1MzEyWjCBlTELMAkGA1UEBhMCSW4x\\r\\nEjAQBgNVBAgMCUthcm5hdGFrYTESMBAGA1UEBwwJQmFuZ2Fsb3JlMRAwDgYDVQQK\\r\\nDAdicmlsbGlvMRIwEAYDVQQLDAltaWNyb3NvZnQxEDAOBgNVBAMMB2JyaWxsaW8x\\r\\nJjAkBgkqhkiG9w0BCQEWF3NyZWVrYW50aGJzQHlhaG9vLmNvLmluMIIBIjANBgkq\\r\\nhkiG9w0BAQEFAAOCAQ8AMIIBCgKCAQEAyUNKaOuT0NK+S8Ck81zy9xJ6hXfZvAC6\\r\\nlhbmf/6s/WVimJ/TX5NMhQJwC9k6ZIF92KfYrojHNvHDufSZ3EtKUVwRFCDjmgMT\\r\\nDL09WkGaZt7gROYFK0iZ4KrYGovUwlwum9fHB24OJiOV4bi0ek62/rHx9fjYZpvp\\r\\naIH2PV/hN8SCZ0x7HJMberD4gVoU/Kv42nNvwjLUW6IZfVx/Gv5OeFDtWHfSvUEF\\r\\ndadHKTPn3Ab20Iu6gZIbLO9Vuf38/IpaYGfnFCouHdzmiTiLieYNe3CUPcOJNSv7\\r\\n1G8KYpx3uNJRkJPab5OsRyJw75Gvzkr9OgaPss9tVD6Gt68u3WQtVQIDAQABo1Aw\\r\\nTjAdBgNVHQ4EFgQUogvhXB+xZ2JJPfLO6cVs4ForzscwHwYDVR0jBBgwFoAUogvh\\r\\nXB+xZ2JJPfLO6cVs4ForzscwDAYDVR0TBAUwAwEB/zANBgkqhkiG9w0BAQUFAAOC\\r\\nAQEAdDj7qUNJ45xlF5cjd+4x5NHvAD1VTjOKu+Xh/uzSSjXqB2F0aOMWA9lx0qaQ\\r\\noJgHkGxj3zz/W7ik/cVGL2O+vRIOKv/y0OPogEmS3Hw+P+O6OGE7x1G6YN0zLVoL\\r\\nu4BN/BEYmjttxM9I7qqL7C5cJoE+K3s/w1/pt/68ohJcr7F9Ohi7cso62xuGY1Rm\\r\\nksAh2EUDsU9JV/P+C9AMpLSrb03JJYzVj4w1RHbrmw2AjFyGXdQYkggyXisg+Ifr\\r\\n5gbNN7HigpHf7b2i3CQBUqp9m23frh5AhnLI2qp3UXgc52U5ieLdi/t6j0TTZqqY\\r\\nHhHqofKrj938HHlBNpC5/LVh3w==\\r\\n\"\r\n            }\r\n          ]\r\n        }\r\n      },\r\n      \"secrets\": []\r\n    },\r\n    \"networkProfile\": {\"networkInterfaces\":[{\"id\":\"/subscriptions/cffbd00f-9edf-41f9-8f74-4a6ec260dcb8/resourceGroups/xplatTestGVMCreate3852/providers/Microsoft.Network/networkInterfaces/xplattestnic\"}]},\r\n    \"diagnosticsProfile\": {\r\n      \"bootDiagnostics\": {\r\n        \"enabled\": true,\r\n        \"storageUri\": \"https://xplatteststorage13862.blob.core.windows.net/\"\r\n      }\r\n    },\r\n    \"provisioningState\": \"Succeeded\",\r\n    \"instanceView\": {\r\n      \"platformUpdateDomain\": 0,\r\n      \"platformFaultDomain\": 0,\r\n      \"vmAgent\": {\r\n        \"vmAgentVersion\": \"2.1.3\",\r\n        \"statuses\": [\r\n          {\r\n            \"code\": \"ProvisioningState/succeeded\",\r\n            \"level\": \"Info\",\r\n            \"displayStatus\": \"Ready\",\r\n            \"message\": \"Guest Agent is running\",\r\n            \"time\": \"2016-06-28T15:24:44+00:00\"\r\n          }\r\n        ],\r\n        \"extensionHandlers\": []\r\n      },\r\n      \"disks\": [\r\n        {\r\n          \"name\": \"cli5562ececc1aefbd3-os-1467126955749\",\r\n          \"statuses\": [\r\n            {\r\n              \"code\": \"ProvisioningState/succeeded\",\r\n              \"level\": \"Info\",\r\n              \"displayStatus\": \"Provisioning succeeded\",\r\n              \"time\": \"2016-06-28T15:16:00.2061337+00:00\"\r\n            }\r\n          ]\r\n        }\r\n      ],\r\n      \"bootDiagnostics\": {\r\n        \"consoleScreenshotBlobUri\": \"https://xplatteststorage13862.blob.core.windows.net/bootdiagnostics-xplatvm-446b6563-8ffe-406f-8046-6c8cd62ffe1e/xplatvm.446b6563-8ffe-406f-8046-6c8cd62ffe1e.screenshot.bmp\",\r\n        \"serialConsoleLogBlobUri\": \"https://xplatteststorage13862.blob.core.windows.net/bootdiagnostics-xplatvm-446b6563-8ffe-406f-8046-6c8cd62ffe1e/xplatvm.446b6563-8ffe-406f-8046-6c8cd62ffe1e.serialconsole.log\"\r\n      },\r\n      \"statuses\": [\r\n        {\r\n          \"code\": \"ProvisioningState/succeeded\",\r\n          \"level\": \"Info\",\r\n          \"displayStatus\": \"Provisioning succeeded\",\r\n          \"time\": \"2016-06-28T15:17:26.8623598+00:00\"\r\n        },\r\n        {\r\n          \"code\": \"PowerState/running\",\r\n          \"level\": \"Info\",\r\n          \"displayStatus\": \"VM running\"\r\n        }\r\n      ]\r\n    }\r\n  },\r\n  \"id\": \"/subscriptions/cffbd00f-9edf-41f9-8f74-4a6ec260dcb8/resourceGroups/xplatTestGVMCreate3852/providers/Microsoft.Compute/virtualMachines/xplatvm\",\r\n  \"name\": \"xplatvm\",\r\n  \"type\": \"Microsoft.Compute/virtualMachines\",\r\n  \"location\": \"southeastasia\",\r\n  \"tags\": {\r\n    \"a\": \"b\",\r\n    \"b\": \"c\",\r\n    \"d\": \"\"\r\n  }\r\n}", { 'cache-control': 'no-cache',
  pragma: 'no-cache',
  'content-length': '5214',
  'content-type': 'application/json; charset=utf-8',
  expires: '-1',
  'strict-transport-security': 'max-age=31536000; includeSubDomains',
  'x-ms-served-by': 'e51ed969-f33c-4da7-b3ce-5a3cf70407e8_131097754838062447',
  'x-ms-request-id': '470b8da0-263e-405e-9a39-44f424694d84',
  server: 'Microsoft-HTTPAPI/2.0, Microsoft-HTTPAPI/2.0',
  'x-ms-ratelimit-remaining-subscription-reads': '14934',
  'x-ms-correlation-request-id': '92d62f9e-1eec-4e91-b486-eb2cd29f7cc9',
  'x-ms-routing-request-id': 'SOUTHINDIA:20160628T152508Z:92d62f9e-1eec-4e91-b486-eb2cd29f7cc9',
  date: 'Tue, 28 Jun 2016 15:25:07 GMT',
  connection: 'close' });
 return result; },
function (nock) { 
var result = 
nock('https://management.azure.com:443')
  .get('/subscriptions/cffbd00f-9edf-41f9-8f74-4a6ec260dcb8/resourceGroups/xplatTestGVMCreate3852/providers/Microsoft.Compute/virtualMachines/xplatvm?$expand=instanceView&api-version=2016-03-30')
  .reply(200, "{\r\n  \"properties\": {\r\n    \"vmId\": \"446b6563-8ffe-406f-8046-6c8cd62ffe1e\",\r\n    \"availabilitySet\": {\r\n      \"id\": \"/subscriptions/cffbd00f-9edf-41f9-8f74-4a6ec260dcb8/resourceGroups/xplatTestGVMCreate3852/providers/Microsoft.Compute/availabilitySets/XPLATTESTAAVAIL1684\"\r\n    },\r\n    \"hardwareProfile\": {\r\n      \"vmSize\": \"Standard_D1\"\r\n    },\r\n    \"storageProfile\": {\r\n      \"imageReference\": {\r\n        \"publisher\": \"canonical\",\r\n        \"offer\": \"UbuntuServer\",\r\n        \"sku\": \"15.10\",\r\n        \"version\": \"latest\"\r\n      },\r\n      \"osDisk\": {\r\n        \"osType\": \"Linux\",\r\n        \"name\": \"cli5562ececc1aefbd3-os-1467126955749\",\r\n        \"createOption\": \"FromImage\",\r\n        \"vhd\": {\r\n          \"uri\": \"https://xplatteststorage13862.blob.core.windows.net/xplatteststoragecnt13319/cli5562ececc1aefbd3-os-1467126955749.vhd\"\r\n        },\r\n        \"caching\": \"ReadWrite\"\r\n      },\r\n      \"dataDisks\": []\r\n    },\r\n    \"osProfile\": {\r\n      \"computerName\": \"xplatvm\",\r\n      \"adminUsername\": \"azureuser\",\r\n      \"linuxConfiguration\": {\r\n        \"disablePasswordAuthentication\": false,\r\n        \"ssh\": {\r\n          \"publicKeys\": [\r\n            {\r\n              \"path\": \"/home/azureuser/.ssh/authorized_keys\",\r\n              \"keyData\": \"MIID/zCCAuegAwIBAgIJAMUAa+XVLvAeMA0GCSqGSIb3DQEBBQUAMIGVMQswCQYD\\r\\nVQQGEwJJbjESMBAGA1UECAwJS2FybmF0YWthMRIwEAYDVQQHDAlCYW5nYWxvcmUx\\r\\nEDAOBgNVBAoMB2JyaWxsaW8xEjAQBgNVBAsMCW1pY3Jvc29mdDEQMA4GA1UEAwwH\\r\\nYnJpbGxpbzEmMCQGCSqGSIb3DQEJARYXc3JlZWthbnRoYnNAeWFob28uY28uaW4w\\r\\nHhcNMTUwMzA1MTE1MzEyWhcNMTYwMzA0MTE1MzEyWjCBlTELMAkGA1UEBhMCSW4x\\r\\nEjAQBgNVBAgMCUthcm5hdGFrYTESMBAGA1UEBwwJQmFuZ2Fsb3JlMRAwDgYDVQQK\\r\\nDAdicmlsbGlvMRIwEAYDVQQLDAltaWNyb3NvZnQxEDAOBgNVBAMMB2JyaWxsaW8x\\r\\nJjAkBgkqhkiG9w0BCQEWF3NyZWVrYW50aGJzQHlhaG9vLmNvLmluMIIBIjANBgkq\\r\\nhkiG9w0BAQEFAAOCAQ8AMIIBCgKCAQEAyUNKaOuT0NK+S8Ck81zy9xJ6hXfZvAC6\\r\\nlhbmf/6s/WVimJ/TX5NMhQJwC9k6ZIF92KfYrojHNvHDufSZ3EtKUVwRFCDjmgMT\\r\\nDL09WkGaZt7gROYFK0iZ4KrYGovUwlwum9fHB24OJiOV4bi0ek62/rHx9fjYZpvp\\r\\naIH2PV/hN8SCZ0x7HJMberD4gVoU/Kv42nNvwjLUW6IZfVx/Gv5OeFDtWHfSvUEF\\r\\ndadHKTPn3Ab20Iu6gZIbLO9Vuf38/IpaYGfnFCouHdzmiTiLieYNe3CUPcOJNSv7\\r\\n1G8KYpx3uNJRkJPab5OsRyJw75Gvzkr9OgaPss9tVD6Gt68u3WQtVQIDAQABo1Aw\\r\\nTjAdBgNVHQ4EFgQUogvhXB+xZ2JJPfLO6cVs4ForzscwHwYDVR0jBBgwFoAUogvh\\r\\nXB+xZ2JJPfLO6cVs4ForzscwDAYDVR0TBAUwAwEB/zANBgkqhkiG9w0BAQUFAAOC\\r\\nAQEAdDj7qUNJ45xlF5cjd+4x5NHvAD1VTjOKu+Xh/uzSSjXqB2F0aOMWA9lx0qaQ\\r\\noJgHkGxj3zz/W7ik/cVGL2O+vRIOKv/y0OPogEmS3Hw+P+O6OGE7x1G6YN0zLVoL\\r\\nu4BN/BEYmjttxM9I7qqL7C5cJoE+K3s/w1/pt/68ohJcr7F9Ohi7cso62xuGY1Rm\\r\\nksAh2EUDsU9JV/P+C9AMpLSrb03JJYzVj4w1RHbrmw2AjFyGXdQYkggyXisg+Ifr\\r\\n5gbNN7HigpHf7b2i3CQBUqp9m23frh5AhnLI2qp3UXgc52U5ieLdi/t6j0TTZqqY\\r\\nHhHqofKrj938HHlBNpC5/LVh3w==\\r\\n\"\r\n            }\r\n          ]\r\n        }\r\n      },\r\n      \"secrets\": []\r\n    },\r\n    \"networkProfile\": {\"networkInterfaces\":[{\"id\":\"/subscriptions/cffbd00f-9edf-41f9-8f74-4a6ec260dcb8/resourceGroups/xplatTestGVMCreate3852/providers/Microsoft.Network/networkInterfaces/xplattestnic\"}]},\r\n    \"diagnosticsProfile\": {\r\n      \"bootDiagnostics\": {\r\n        \"enabled\": true,\r\n        \"storageUri\": \"https://xplatteststorage13862.blob.core.windows.net/\"\r\n      }\r\n    },\r\n    \"provisioningState\": \"Succeeded\",\r\n    \"instanceView\": {\r\n      \"platformUpdateDomain\": 0,\r\n      \"platformFaultDomain\": 0,\r\n      \"vmAgent\": {\r\n        \"vmAgentVersion\": \"2.1.3\",\r\n        \"statuses\": [\r\n          {\r\n            \"code\": \"ProvisioningState/succeeded\",\r\n            \"level\": \"Info\",\r\n            \"displayStatus\": \"Ready\",\r\n            \"message\": \"Guest Agent is running\",\r\n            \"time\": \"2016-06-28T15:24:44+00:00\"\r\n          }\r\n        ],\r\n        \"extensionHandlers\": []\r\n      },\r\n      \"disks\": [\r\n        {\r\n          \"name\": \"cli5562ececc1aefbd3-os-1467126955749\",\r\n          \"statuses\": [\r\n            {\r\n              \"code\": \"ProvisioningState/succeeded\",\r\n              \"level\": \"Info\",\r\n              \"displayStatus\": \"Provisioning succeeded\",\r\n              \"time\": \"2016-06-28T15:16:00.2061337+00:00\"\r\n            }\r\n          ]\r\n        }\r\n      ],\r\n      \"bootDiagnostics\": {\r\n        \"consoleScreenshotBlobUri\": \"https://xplatteststorage13862.blob.core.windows.net/bootdiagnostics-xplatvm-446b6563-8ffe-406f-8046-6c8cd62ffe1e/xplatvm.446b6563-8ffe-406f-8046-6c8cd62ffe1e.screenshot.bmp\",\r\n        \"serialConsoleLogBlobUri\": \"https://xplatteststorage13862.blob.core.windows.net/bootdiagnostics-xplatvm-446b6563-8ffe-406f-8046-6c8cd62ffe1e/xplatvm.446b6563-8ffe-406f-8046-6c8cd62ffe1e.serialconsole.log\"\r\n      },\r\n      \"statuses\": [\r\n        {\r\n          \"code\": \"ProvisioningState/succeeded\",\r\n          \"level\": \"Info\",\r\n          \"displayStatus\": \"Provisioning succeeded\",\r\n          \"time\": \"2016-06-28T15:17:26.8623598+00:00\"\r\n        },\r\n        {\r\n          \"code\": \"PowerState/running\",\r\n          \"level\": \"Info\",\r\n          \"displayStatus\": \"VM running\"\r\n        }\r\n      ]\r\n    }\r\n  },\r\n  \"id\": \"/subscriptions/cffbd00f-9edf-41f9-8f74-4a6ec260dcb8/resourceGroups/xplatTestGVMCreate3852/providers/Microsoft.Compute/virtualMachines/xplatvm\",\r\n  \"name\": \"xplatvm\",\r\n  \"type\": \"Microsoft.Compute/virtualMachines\",\r\n  \"location\": \"southeastasia\",\r\n  \"tags\": {\r\n    \"a\": \"b\",\r\n    \"b\": \"c\",\r\n    \"d\": \"\"\r\n  }\r\n}", { 'cache-control': 'no-cache',
  pragma: 'no-cache',
  'content-length': '5214',
  'content-type': 'application/json; charset=utf-8',
  expires: '-1',
  'strict-transport-security': 'max-age=31536000; includeSubDomains',
  'x-ms-served-by': 'e51ed969-f33c-4da7-b3ce-5a3cf70407e8_131097754838062447',
  'x-ms-request-id': '470b8da0-263e-405e-9a39-44f424694d84',
  server: 'Microsoft-HTTPAPI/2.0, Microsoft-HTTPAPI/2.0',
  'x-ms-ratelimit-remaining-subscription-reads': '14934',
  'x-ms-correlation-request-id': '92d62f9e-1eec-4e91-b486-eb2cd29f7cc9',
  'x-ms-routing-request-id': 'SOUTHINDIA:20160628T152508Z:92d62f9e-1eec-4e91-b486-eb2cd29f7cc9',
  date: 'Tue, 28 Jun 2016 15:25:07 GMT',
  connection: 'close' });
 return result; },
function (nock) { 
var result = 
nock('http://management.azure.com:443')
  .post('/subscriptions/cffbd00f-9edf-41f9-8f74-4a6ec260dcb8/resourceGroups/xplatTestGVMCreate3852/providers/Microsoft.Storage/storageAccounts/xplatteststorage13862/listKeys?api-version=2016-01-01')
  .reply(200, "{\"keys\":[{\"keyName\":\"key1\",\"permissions\":\"Full\",\"value\":\"Xc2nh/GKbtdTOwdU5Cxv870Rg7q7B3oAtKjb5S3SYiGAAaoN0Xp0fPjVxOecRdjLn7NX7WuHSdl0ofqEhLmYkw==\"},{\"keyName\":\"key2\",\"permissions\":\"Full\",\"value\":\"2o0MNx2bhSIBrZZOWUXyRkS4Ruyy1A7/UvJuFEfUCa9pVsTpAgkuCpNLddljz1sDxpdmJixQOOC3BXYjk73DcQ==\"}]}\n", { 'cache-control': 'no-cache',
  pragma: 'no-cache',
  'content-length': '289',
  'content-type': 'application/json',
  expires: '-1',
  'x-ms-request-id': '1bf0e5cb-dbad-40a0-acda-3d6b2ef87514',
  server: 'Microsoft-Azure-Storage-Resource-Provider/1.0, Microsoft-HTTPAPI/2.0',
  'x-ms-ratelimit-remaining-subscription-writes': '1190',
  'x-ms-correlation-request-id': '1bf0e5cb-dbad-40a0-acda-3d6b2ef87514',
  'x-ms-routing-request-id': 'SOUTHINDIA:20160628T152508Z:1bf0e5cb-dbad-40a0-acda-3d6b2ef87514',
  'strict-transport-security': 'max-age=31536000; includeSubDomains',
  date: 'Tue, 28 Jun 2016 15:25:08 GMT',
  connection: 'close' });
 return result; },
function (nock) { 
var result = 
nock('https://management.azure.com:443')
  .post('/subscriptions/cffbd00f-9edf-41f9-8f74-4a6ec260dcb8/resourceGroups/xplatTestGVMCreate3852/providers/Microsoft.Storage/storageAccounts/xplatteststorage13862/listKeys?api-version=2016-01-01')
  .reply(200, "{\"keys\":[{\"keyName\":\"key1\",\"permissions\":\"Full\",\"value\":\"Xc2nh/GKbtdTOwdU5Cxv870Rg7q7B3oAtKjb5S3SYiGAAaoN0Xp0fPjVxOecRdjLn7NX7WuHSdl0ofqEhLmYkw==\"},{\"keyName\":\"key2\",\"permissions\":\"Full\",\"value\":\"2o0MNx2bhSIBrZZOWUXyRkS4Ruyy1A7/UvJuFEfUCa9pVsTpAgkuCpNLddljz1sDxpdmJixQOOC3BXYjk73DcQ==\"}]}\n", { 'cache-control': 'no-cache',
  pragma: 'no-cache',
  'content-length': '289',
  'content-type': 'application/json',
  expires: '-1',
  'x-ms-request-id': '1bf0e5cb-dbad-40a0-acda-3d6b2ef87514',
  server: 'Microsoft-Azure-Storage-Resource-Provider/1.0, Microsoft-HTTPAPI/2.0',
  'x-ms-ratelimit-remaining-subscription-writes': '1190',
  'x-ms-correlation-request-id': '1bf0e5cb-dbad-40a0-acda-3d6b2ef87514',
  'x-ms-routing-request-id': 'SOUTHINDIA:20160628T152508Z:1bf0e5cb-dbad-40a0-acda-3d6b2ef87514',
  'strict-transport-security': 'max-age=31536000; includeSubDomains',
  date: 'Tue, 28 Jun 2016 15:25:08 GMT',
  connection: 'close' });
 return result; },
function (nock) { 
var result = 
nock('http://xplatteststorage13862.blob.core.windows.net:443')
  .head('/bootdiagnostics-xplatvm-446b6563-8ffe-406f-8046-6c8cd62ffe1e/xplatvm.446b6563-8ffe-406f-8046-6c8cd62ffe1e.serialconsole.log')
  .reply(200, "", { 'content-length': '60416',
  'content-type': 'text/plain',
  'last-modified': 'Tue, 28 Jun 2016 15:24:29 GMT',
  'accept-ranges': 'bytes',
  etag: '"0x8D39F684C772CD5"',
  server: 'Windows-Azure-Blob/1.0 Microsoft-HTTPAPI/2.0',
  'x-ms-request-id': 'd84c4369-0001-002a-3c51-d1c58b000000',
  'x-ms-version': '2015-04-05',
  'x-ms-write-protection': 'false',
  'x-ms-lease-status': 'unlocked',
  'x-ms-lease-state': 'available',
  'x-ms-blob-type': 'PageBlob',
  'x-ms-blob-sequence-number': '0',
  date: 'Tue, 28 Jun 2016 15:25:07 GMT',
  connection: 'close' });
 return result; },
function (nock) { 
var result = 
nock('https://xplatteststorage13862.blob.core.windows.net:443')
  .head('/bootdiagnostics-xplatvm-446b6563-8ffe-406f-8046-6c8cd62ffe1e/xplatvm.446b6563-8ffe-406f-8046-6c8cd62ffe1e.serialconsole.log')
  .reply(200, "", { 'content-length': '60416',
  'content-type': 'text/plain',
  'last-modified': 'Tue, 28 Jun 2016 15:24:29 GMT',
  'accept-ranges': 'bytes',
  etag: '"0x8D39F684C772CD5"',
  server: 'Windows-Azure-Blob/1.0 Microsoft-HTTPAPI/2.0',
  'x-ms-request-id': 'd84c4369-0001-002a-3c51-d1c58b000000',
  'x-ms-version': '2015-04-05',
  'x-ms-write-protection': 'false',
  'x-ms-lease-status': 'unlocked',
  'x-ms-lease-state': 'available',
  'x-ms-blob-type': 'PageBlob',
  'x-ms-blob-sequence-number': '0',
  date: 'Tue, 28 Jun 2016 15:25:07 GMT',
  connection: 'close' });
 return result; },
function (nock) { 
var result = 
nock('http://xplatteststorage13862.blob.core.windows.net:443')
  .get('/bootdiagnostics-xplatvm-446b6563-8ffe-406f-8046-6c8cd62ffe1e/xplatvm.446b6563-8ffe-406f-8046-6c8cd62ffe1e.serialconsole.log')
  .reply(200, "\u001b[H\u001b[J\u001b[1;1H[    0.000000] Initializing cgroup subsys cpuset\r\n[    0.000000] Initializing cgroup subsys cpu\r\n[    0.000000] Initializing cgroup subsys cpuacct\r\n[    0.000000] Linux version 4.2.0-38-generic (buildd@lcy01-19) (gcc version 5.2.1 20151010 (Ubuntu 5.2.1-22ubuntu2) ) #45-Ubuntu SMP Wed Jun 8 21:21:49 UTC 2016 (Ubuntu 4.2.0-38.45-generic 4.2.8-ckt10)\r\n[    0.000000] Command line: BOOT_IMAGE=/boot/vmlinuz-4.2.0-38-generic root=UUID=3362d445-c915-4438-ba4f-dbbf2aa86df6 ro console=tty1 console=ttyS0 earlyprintk=ttyS0 rootdelay=300\r\n[    0.000000] KERNEL supported cpus:\r\n[    0.000000]   Intel GenuineIntel\r\n[    0.000000]   AMD AuthenticAMD\r\n[    0.000000]   Centaur CentaurHauls\r\n[    0.000000] x86/fpu: xstate_offset[2]: 0240, xstate_sizes[2]: 0100\r\n[    0.000000] x86/fpu: Supporting XSAVE feature 0x01: 'x87 floating point registers'\r\n[    0.000000] x86/fpu: Supporting XSAVE feature 0x02: 'SSE registers'\r\n[    0.000000] x86/fpu: Supporting XSAVE feature 0x04: 'AVX registers'\r\n[    0.000000] x86/fpu: Enabled xstate features 0x7, context size is 0x340 bytes, using 'standard' format.\r\n[    0.000000] x86/fpu: Using 'eager' FPU context switches.\r\n[    0.000000] e820: BIOS-provided physical RAM map:\r\n[    0.000000] BIOS-e820: [mem 0x0000000000000000-0x000000000009fbff] usable\r\n[    0.000000] BIOS-e820: [mem 0x000000000009fc00-0x000000000009ffff] reserved\r\n[    0.000000] BIOS-e820: [mem 0x00000000000e0000-0x00000000000fffff] reserved\r\n[    0.000000] BIOS-e820: [mem 0x0000000000100000-0x000000001ffeffff] usable\r\n[    0.000000] BIOS-e820: [mem 0x000000001fff0000-0x000000001fffefff] ACPI data\r\n[    0.000000] BIOS-e820: [mem 0x000000001ffff000-0x000000001fffffff] ACPI NVS\r\n[    0.000000] BIOS-e820: [mem 0x0000000100000000-0x00000001bfffffff] usable\r\n[    0.000000] bootconsole [earlyser0] enabled\r\n[    0.000000] NX (Execute Disable) protection: active\r\n[    0.000000] SMBIOS 2.3 present.\r\n[    0.000000] Hypervisor detected: Microsoft HyperV\r\n[    0.000000] HyperV: features 0xe7f, hints 0x2c\r\n[    0.000000] HyperV: LAPIC Timer Frequency: 0xc3500\r\n[    0.000000] clocksource: hyperv_clocksource: mask: 0xffffffffffffffff max_cycles: 0x24e6a1710, max_idle_ns: 440795202120 ns\r\n[    0.000000] tsc: Marking TSC unstable due to running on Hyper-V\r\n[    0.000000] e820: last_pfn = 0x1c0000 max_arch_pfn = 0x400000000\r\n[    0.000000] x86/PAT: Configuration [0-7]: WB  WC  UC- UC  WB  WC  UC- WT  \r\n[    0.000000] e820: last_pfn = 0x1fff0 max_arch_pfn = 0x400000000\r\n[    0.000000] found SMP MP-table at [mem 0x000ff780-0x000ff78f] mapped at [ffff8800000ff780]\r\n[    0.000000] Scanning 1 areas for low memory corruption\r\n[    0.000000] init_memory_mapping: [mem 0x00000000-0x000fffff]\r\n[    0.000000] init_memory_mapping: [mem 0x1bfe00000-0x1bfffffff]\r\n[    0.000000] init_memory_mapping: [mem 0x1a0000000-0x1bfdfffff]\r\n[    0.000000] init_memory_mapping: [mem 0x00100000-0x1ffeffff]\r\n[    0.000000] init_memory_mapping: [mem 0x100000000-0x19fffffff]\r\n[    0.000000] RAMDISK: [mem 0x1d9cf000-0x1f799fff]\r\n[    0.000000] ACPI: Early table checksum verification disabled\r\n[    0.000000] ACPI: RSDP 0x00000000000F56F0 000014 (v00 ACPIAM)\r\n[    0.000000] ACPI: RSDT 0x000000001FFF0000 000040 (v01 VRTUAL MICROSFT 05001223 MSFT 00000097)\r\n[    0.000000] ACPI: FACP 0x000000001FFF0200 000081 (v02 VRTUAL MICROSFT 05001223 MSFT 00000097)\r\n[    0.000000] ACPI: DSDT 0x000000001FFF1724 002E78 (v01 MSFTVM MSFTVM02 00000002 INTL 02002026)\r\n[    0.000000] ACPI: FACS 0x000000001FFFF000 000040\r\n[    0.000000] ACPI: WAET 0x000000001FFF1480 000028 (v01 VRTUAL MICROSFT 05001223 MSFT 00000097)\r\n[    0.000000] ACPI: SLIC 0x000000001FFF14C0 000176 (v01 VRTUAL MICROSFT 05001223 MSFT 00000097)\r\n[    0.000000] ACPI: OEM0 0x000000001FFF16C0 000064 (v01 VRTUAL MICROSFT 05001223 MSFT 00000097)\r\n[    0.000000] ACPI: SRAT 0x000000001FFF0600 000090 (v02 VRTUAL MICROSFT 00000001 MSFT 00000001)\r\n[    0.000000] ACPI: APIC 0x000000001FFF0300 00024C (v01 VRTUAL MICROSFT 05001223 MSFT 00000097)\r\n[    0.000000] ACPI: OEMB 0x000000001FFFF040 000064 (v01 VRTUAL MICROSFT 05001223 MSFT 00000097)\r\n[    0.000000] SRAT: PXM 0 -> APIC 0x00 -> Node 0\r\n[    0.000000] SRAT: Node 0 PXM 0 [mem 0x00000000-0x1fffffff]\r\n[    0.000000] SRAT: Node 0 PXM 0 [mem 0x100000000-0x1bfffffff]\r\n[    0.000000] NUMA: Node 0 [mem 0x00000000-0x1fffffff] + [mem 0x100000000-0x1bfffffff] -> [mem 0x00000000-0x1bfffffff]\r\n[    0.000000] NODE_DATA(0) allocated [mem 0x1bfffa000-0x1bfffefff]\r\n[    0.000000] Zone ranges:\r\n[    0.000000]   DMA      [mem 0x0000000000001000-0x0000000000ffffff]\r\n[    0.000000]   DMA32    [mem 0x0000000001000000-0x00000000ffffffff]\r\n[    0.000000]   Normal   [mem 0x0000000100000000-0x00000001bfffffff]\r\n[    0.000000] Movable zone start for each node\r\n[    0.000000] Early memory node ranges\r\n[    0.000000]   node   0: [mem 0x0000000000001000-0x000000000009efff]\r\n[    0.000000]   node   0: [mem 0x0000000000100000-0x000000001ffeffff]\r\n[    0.000000]   node   0: [mem 0x0000000100000000-0x00000001bfffffff]\r\n[    0.000000] Initmem setup node 0 [mem 0x0000000000001000-0x00000001bfffffff]\r\n[    0.000000] ACPI: PM-Timer IO Port: 0x408\r\n[    0.000000] IOAPIC[0]: apic_id 0, version 17, address 0xfec00000, GSI 0-23\r\n[    0.000000] ACPI: INT_SRC_OVR (bus 0 bus_irq 0 global_irq 2 dfl dfl)\r\n[    0.000000] ACPI: INT_SRC_OVR (bus 0 bus_irq 9 global_irq 9 high level)\r\n[    0.000000] Using ACPI (MADT) for SMP configuration information\r\n[    0.000000] smpboot: Allowing 64 CPUs, 63 hotplug CPUs\r\n[    0.000000] PM: Registered nosave memory: [mem 0x00000000-0x00000fff]\r\n[    0.000000] PM: Registered nosave memory: [mem 0x0009f000-0x0009ffff]\r\n[    0.000000] PM: Registered nosave memory: [mem 0x000a0000-0x000dffff]\r\n[    0.000000] PM: Registered nosave memory: [mem 0x000e0000-0x000fffff]\r\n[    0.000000] PM: Registered nosave memory: [mem 0x1fff0000-0x1fffefff]\r\n[    0.000000] PM: Registered nosave memory: [mem 0x1ffff000-0x1fffffff]\r\n[    0.000000] PM: Registered nosave memory: [mem 0x20000000-0xffffffff]\r\n[    0.000000] e820: [mem 0x20000000-0xffffffff] available for PCI devices\r\n[    0.000000] Booting paravirtualized kernel on bare hardware\r\n[    0.000000] clocksource: refined-jiffies: mask: 0xffffffff max_cycles: 0xffffffff, max_idle_ns: 7645519600211568 ns\r\n[    0.000000] setup_percpu: NR_CPUS:256 nr_cpumask_bits:256 nr_cpu_ids:64 nr_node_ids:1\r\n[    0.000000] PERCPU: Embedded 33 pages/cpu @ffff8801bae00000 s96728 r8192 d30248 u262144\r\n[    0.000000] Built 1 zonelists in Node order, mobility grouping on.  Total pages: 903033\r\n[    0.000000] Policy zone: Normal\r\n[    0.000000] Kernel command line: BOOT_IMAGE=/boot/vmlinuz-4.2.0-38-generic root=UUID=3362d445-c915-4438-ba4f-dbbf2aa86df6 ro console=tty1 console=ttyS0 earlyprintk=ttyS0 rootdelay=300\r\n[    0.000000] log_buf_len individual max cpu contribution: 4096 bytes\r\n[    0.000000] log_buf_len total cpu_extra contributions: 258048 bytes\r\n[    0.000000] log_buf_len min size: 262144 bytes\r\n[    0.000000] log_buf_len: 524288 bytes\r\n[    0.000000] early log buf free: 252360(96%)\r\n[    0.000000] PID hash table entries: 4096 (order: 3, 32768 bytes)\r\n[    0.000000] Memory: 3487944K/3669560K available (8184K kernel code, 1239K rwdata, 3808K rodata, 1464K init, 1292K bss, 181616K reserved, 0K cma-reserved)\r\n[    0.000000] SLUB: HWalign=64, Order=0-3, MinObjects=0, CPUs=64, Nodes=1\r\n[    0.000000] Hierarchical RCU implementation.\r\n[    0.000000] \tBuild-time adjustment of leaf fanout to 64.\r\n[    0.000000] \tRCU restricting CPUs from NR_CPUS=256 to nr_cpu_ids=64.\r\n[    0.000000] RCU: Adjusting geometry for rcu_fanout_leaf=64, nr_cpu_ids=64\r\n[    0.000000] NR_IRQS:16640 nr_irqs:936 16\r\n[    0.000000] \tOffload RCU callbacks from all CPUs\r\n[    0.000000] \tOffload RCU callbacks from CPUs: 0-63.\r\n[    0.000000] Console: colour VGA+ 80x25\r\n[    0.000000] console [tty1] enabled\r\n[    0.000000] console [ttyS0] enabled\r\n[    0.000000] console [ttyS0] enabled\r\n[    0.000000] bootconsole [earlyser0] disabled\r\n[    0.000000] bootconsole [earlyser0] disabled\r\n[    0.000000] tsc: Fast TSC calibration failed\r\n[    0.000000] tsc: Unable to calibrate against PIT\r\n[    0.000000] tsc: using PMTIMER reference calibration\r\n[    0.000000] tsc: Detected 2194.686 MHz processor\r\n[    0.016031] Calibrating delay loop (skipped), value calculated using timer frequency.. 4389.37 BogoMIPS (lpj=8778744)\r\n[    0.021357] pid_max: default: 65536 minimum: 512\r\n[    0.024029] ACPI: Core revision 20150619\r\n[    0.028064] ACPI: All ACPI Tables successfully acquired\r\n[    0.031338] Security Framework initialized\r\n[    0.032069] AppArmor: AppArmor initialized\r\n[    0.033494] Yama: becoming mindful.\r\n[    0.036072] Dentry cache hash table entries: 524288 (order: 10, 4194304 bytes)\r\n[    0.039008] Inode-cache hash table entries: 262144 (order: 9, 2097152 bytes)\r\n[    0.040434] Mount-cache hash table entries: 8192 (order: 4, 65536 bytes)\r\n[    0.042143] Mountpoint-cache hash table entries: 8192 (order: 4, 65536 bytes)\r\n[    0.044298] Initializing cgroup subsys blkio\r\n[    0.045771] Initializing cgroup subsys memory\r\n[    0.048037] Initializing cgroup subsys devices\r\n[    0.049510] Initializing cgroup subsys freezer\r\n[    0.051217] Initializing cgroup subsys net_cls\r\n[    0.052021] Initializing cgroup subsys perf_event\r\n[    0.053522] Initializing cgroup subsys net_prio\r\n[    0.055001] Initializing cgroup subsys hugetlb\r\n[    0.056122] mce: CPU supports 1 MCE banks\r\n[    0.057563] Last level iTLB entries: 4KB 512, 2MB 8, 4MB 8\r\n[    0.060018] Last level dTLB entries: 4KB 512, 2MB 32, 4MB 32, 1GB 0\r\n[    0.085088] ftrace: allocating 30955 entries in 121 pages\r\n[    0.100136] Switched APIC routing to physical flat.\r\n[    0.117504] ..TIMER: vector=0x30 apic1=0 pin1=2 apic2=-1 pin2=-1\r\n[    0.120261] smpboot: CPU0: Intel(R) Xeon(R) CPU E5-2660 0 @ 2.20GHz (fam: 06, model: 2d, stepping: 07)\r\n[    0.124034] Performance Events: unsupported p6 CPU model 45 no PMU driver, software events only.\r\n[    0.129293] x86: Booted up 1 node, 1 CPUs\r\n[    0.130826] smpboot: Total of 1 processors activated (4389.37 BogoMIPS)\r\n[    0.132017] NMI watchdog: disabled (cpu0): hardware events not enabled\r\n[    0.133782] NMI watchdog: Shutting down hard lockup detector on all cpus\r\n[    0.139059] devtmpfs: initialized\r\n[    0.142499] evm: security.selinux\r\n[    0.144003] evm: security.SMACK64\r\n[    0.146220] evm: security.SMACK64EXEC\r\n[    0.148003] evm: security.SMACK64TRANSMUTE\r\n[    0.149159] evm: security.SMACK64MMAP\r\n[    0.150289] evm: security.ima\r\n[    0.152002] evm: security.capability\r\n[    0.153221] PM: Registering ACPI NVS region [mem 0x1ffff000-0x1fffffff] (4096 bytes)\r\n[    0.154946] clocksource: jiffies: mask: 0xffffffff max_cycles: 0xffffffff, max_idle_ns: 7645041785100000 ns\r\n[    0.156165] pinctrl core: initialized pinctrl subsystem\r\n[    0.157834] RTC time: 15:16:41, date: 06/28/16\r\n[    0.160178] NET: Registered protocol family 16\r\n[    0.161599] cpuidle: using governor ladder\r\n[    0.162763] cpuidle: using governor menu\r\n[    0.164148] ACPI: bus type PCI registered\r\n[    0.165314] acpiphp: ACPI Hot Plug PCI Controller Driver version: 0.5\r\n[    0.167075] PCI: Using configuration type 1 for base access\r\n[    0.169662] ACPI: Added _OSI(Module Device)\r\n[    0.170853] ACPI: Added _OSI(Processor Device)\r\n[    0.172003] ACPI: Added _OSI(3.0 _SCP Extensions)\r\n[    0.173209] ACPI: Added _OSI(Processor Aggregator Device)\r\n[    0.177521] ACPI: Interpreter enabled\r\n[    0.178697] ACPI Exception: AE_NOT_FOUND, While evaluating Sleep State [\\_S1_] (20150619/hwxface-580)\r\n[    0.181030] ACPI Exception: AE_NOT_FOUND, While evaluating Sleep State [\\_S2_] (20150619/hwxface-580)\r\n[    0.185029] ACPI Exception: AE_NOT_FOUND, While evaluating Sleep State [\\_S3_] (20150619/hwxface-580)\r\n[    0.188012] ACPI Exception: AE_NOT_FOUND, While evaluating Sleep State [\\_S4_] (20150619/hwxface-580)\r\n[    0.191049] ACPI: (supports S0 S5)\r\n[    0.192002] ACPI: Using IOAPIC for interrupt routing\r\n[    0.193263] PCI: Using host bridge windows from ACPI; if necessary, use \"pci=nocrs\" and report a bug\r\n[    0.204930] ACPI: PCI Root Bridge [PCI0] (domain 0000 [bus 00-ff])\r\n[    0.206297] acpi PNP0A03:00: _OSC: OS supports [ASPM ClockPM Segments MSI]\r\n[    0.207696] acpi PNP0A03:00: _OSC failed (AE_NOT_FOUND); disabling ASPM\r\n[    0.208496] acpi PNP0A03:00: fail to add MMCONFIG information, can't access extended PCI configuration space under this bridge.\r\n[    0.210531] PCI host bridge to bus 0000:00\r\n[    0.212005] pci_bus 0000:00: root bus resource [bus 00-ff]\r\n[    0.213301] pci_bus 0000:00: root bus resource [mem 0xfe0000000-0xfffefffff window]\r\n[    0.214899] pci_bus 0000:00: root bus resource [io  0x0000-0x0cf7 window]\r\n[    0.216014] pci_bus 0000:00: root bus resource [io  0x0d00-0xffff window]\r\n[    0.217403] pci_bus 0000:00: root bus resource [mem 0x000a0000-0x000bffff window]\r\n[    0.220009] pci_bus 0000:00: root bus resource [mem 0x20000000-0xfffbffff window]\r\n[    0.227280] pci 0000:00:07.1: legacy IDE quirk: reg 0x10: [io  0x01f0-0x01f7]\r\n[    0.228010] pci 0000:00:07.1: legacy IDE quirk: reg 0x14: [io  0x03f6]\r\n[    0.229379] pci 0000:00:07.1: legacy IDE quirk: reg 0x18: [io  0x0170-0x0177]\r\n[    0.230837] pci 0000:00:07.1: legacy IDE quirk: reg 0x1c: [io  0x0376]\r\n[    0.232417] * Found PM-Timer Bug on the chipset. Due to workarounds for a bug,\r\n[    0.232417] * this clock source is slow. Consider trying other clock sources\r\n[    0.237364] pci 0000:00:07.3: quirk: [io  0x0400-0x043f] claimed by PIIX4 ACPI\r\n[    0.248054] ACPI: PCI Interrupt Link [LNKA] (IRQs 3 4 5 7 9 10 *11 12 14 15)\r\n[    0.257038] ACPI: PCI Interrupt Link [LNKB] (IRQs 3 4 5 7 9 10 11 12 14 15) *0, disabled.\r\n[    0.268422] ACPI: PCI Interrupt Link [LNKC] (IRQs 3 4 5 7 9 10 11 12 14 15) *0, disabled.\r\n[    0.279158] ACPI: PCI Interrupt Link [LNKD] (IRQs 3 4 5 7 9 10 11 12 14 15) *0, disabled.\r\n[    0.290503] ACPI: Enabled 1 GPEs in block 00 to 0F\r\n[    0.292156] vgaarb: setting as boot device: PCI:0000:00:08.0\r\n[    0.293447] vgaarb: device added: PCI:0000:00:08.0,decodes=io+mem,owns=io+mem,locks=none\r\n[    0.296002] vgaarb: loaded\r\n[    0.297075] vgaarb: bridge control possible 0000:00:08.0\r\n[    0.298625] SCSI subsystem initialized\r\n[    0.299888] ACPI: bus type USB registered\r\n[    0.300045] usbcore: registered new interface driver usbfs\r\n[    0.301334] usbcore: registered new interface driver hub\r\n[    0.302638] usbcore: registered new device driver usb\r\n[    0.304180] PCI: Using ACPI for IRQ routing\r\n[    0.305846] NetLabel: Initializing\r\n[    0.308003] NetLabel:  domain hash size = 128\r\n[    0.309218] NetLabel:  protocols = UNLABELED CIPSOv4\r\n[    0.310510] NetLabel:  unlabeled traffic allowed by default\r\n[    0.311924] clocksource: Switched to clocksource hyperv_clocksource\r\n[    0.316444] AppArmor: AppArmor Filesystem Enabled\r\n[    0.319191] pnp: PnP ACPI init\r\n[    0.324938] system 00:06: [io  0x01e0-0x01ef] has been reserved\r\n[    0.327583] system 00:06: [io  0x0160-0x016f] has been reserved\r\n[    0.329883] system 00:06: [io  0x0278-0x027f] has been reserved\r\n[    0.331198] system 00:06: [io  0x0378-0x037f] has been reserved\r\n[    0.332545] system 00:06: [io  0x0678-0x067f] has been reserved\r\n[    0.333888] system 00:06: [io  0x0778-0x077f] has been reserved\r\n[    0.335216] system 00:06: [io  0x04d0-0x04d1] has been reserved\r\n[    0.336710] system 00:07: [io  0x0400-0x043f] has been reserved\r\n[    0.338062] system 00:07: [io  0x0370-0x0371] has been reserved\r\n[    0.339407] system 00:07: [io  0x0440-0x044f] has been reserved\r\n[    0.340765] system 00:07: [mem 0xfec00000-0xfec00fff] could not be reserved\r\n[    0.342222] system 00:07: [mem 0xfee00000-0xfee00fff] has been reserved\r\n[    0.343703] system 00:08: [mem 0x00000000-0x0009ffff] could not be reserved\r\n[    0.345130] system 00:08: [mem 0x000c0000-0x000dffff] could not be reserved\r\n[    0.346562] system 00:08: [mem 0x000e0000-0x000fffff] could not be reserved\r\n[    0.347956] system 00:08: [mem 0x00100000-0x1fffffff] could not be reserved\r\n[    0.349382] system 00:08: [mem 0xfffc0000-0xffffffff] has been reserved\r\n[    0.350981] pnp: PnP ACPI: found 9 devices\r\n[    0.358208] clocksource: acpi_pm: mask: 0xffffff max_cycles: 0xffffff, max_idle_ns: 2085701024 ns\r\n[    0.361862] NET: Registered protocol family 2\r\n[    0.364810] TCP established hash table entries: 32768 (order: 6, 262144 bytes)\r\n[    0.366787] TCP bind hash table entries: 32768 (order: 7, 524288 bytes)\r\n[    0.368281] TCP: Hash tables configured (established 32768 bind 32768)\r\n[    0.369745] UDP hash table entries: 2048 (order: 4, 65536 bytes)\r\n[    0.371095] UDP-Lite hash table entries: 2048 (order: 4, 65536 bytes)\r\n[    0.372670] NET: Registered protocol family 1\r\n[    0.373950] pci 0000:00:00.0: Limiting direct PCI/PCI transfers\r\n[    0.375549] Trying to unpack rootfs image as initramfs...\r\n[    0.946676] Freeing initrd memory: 30508K (ffff88001d9cf000 - ffff88001f79a000)\r\n[    0.948910] PCI-DMA: Using software bounce buffering for IO (SWIOTLB)\r\n[    0.950577] software IO TLB [mem 0x199cf000-0x1d9cf000] (64MB) mapped at [ffff8800199cf000-ffff88001d9cefff]\r\n[    0.952773] clocksource: tsc: mask: 0xffffffffffffffff max_cycles: 0x1fa2971066e, max_idle_ns: 440795309523 ns\r\n[    0.955161] RAPL PMU detected, API unit is 2^-32 Joules, 3 fixed counters 10737418240 ms ovfl timer\r\n[    0.957400] hw unit of domain pp0-core 2^-0 Joules\r\n[    0.959031] hw unit of domain package 2^-0 Joules\r\n[    0.960553] hw unit of domain dram 2^-0 Joules\r\n[    0.962208] microcode: CPU0 sig=0x206d7, pf=0x1, revision=0xffffffff\r\n[    0.964058] microcode: Microcode Update Driver: v2.00 <tigran@aivazian.fsnet.co.uk>, Peter Oruba\r\n[    0.966264] Scanning for low memory corruption every 60 seconds\r\n[    0.969538] futex hash table entries: 16384 (order: 8, 1048576 bytes)\r\n[    0.971446] Initialise system trusted keyring\r\n[    0.973118] audit: initializing netlink subsys (disabled)\r\n[    0.974808] audit: type=2000 audit(1467127001.972:1): initialized\r\n[    0.976875] HugeTLB registered 2 MB page size, pre-allocated 0 pages\r\n[    0.980256] zpool: loaded\r\n[    0.981675] zbud: loaded\r\n[    0.983253] VFS: Disk quotas dquot_6.6.0\r\n[    0.985282] VFS: Dquot-cache hash table entries: 512 (order 0, 4096 bytes)\r\n[    0.987646] fuse init (API version 7.23)\r\n[    0.989394] Key type big_key registered\r\n[    0.991171] Key type asymmetric registered\r\n[    0.992781] Asymmetric key parser 'x509' registered\r\n[    0.994424] Block layer SCSI generic (bsg) driver version 0.4 loaded (major 249)\r\n[    0.996482] io scheduler noop registered\r\n[    1.009905] io scheduler deadline registered (default)\r\n[    1.011902] io scheduler cfq registered\r\n[    1.013182] pci_hotplug: PCI Hot Plug PCI Core version: 0.5\r\n[    1.014526] pciehp: PCI Express Hot Plug Controller Driver version: 0.4\r\n[    1.016082] input: Power Button as /devices/LNXSYSTM:00/LNXPWRBN:00/input/input0\r\n[    1.017667] ACPI: Power Button [PWRF]\r\n[    1.019046] GHES: HEST is not enabled!\r\n[    1.020302] Serial: 8250/16550 driver, 32 ports, IRQ sharing enabled\r\n[    1.042338] 00:03: ttyS0 at I/O 0x3f8 (irq = 4, base_baud = 115200) is a 16550A\r\n[    1.064575] 00:04: ttyS1 at I/O 0x2f8 (irq = 3, base_baud = 115200) is a 16550A\r\n[    1.067399] Linux agpgart interface v0.103\r\n[    1.071057] brd: module loaded\r\n[    1.073423] loop: module loaded\r\n[    1.074601] ata_piix 0000:00:07.1: Hyper-V Virtual Machine detected, ATA device ignore set\r\n[    1.077461] scsi host0: ata_piix\r\n[    1.078509] scsi host1: ata_piix\r\n[    1.079484] ata1: PATA max UDMA/33 cmd 0x1f0 ctl 0x3f6 bmdma 0xffa0 irq 14\r\n[    1.080734] ata2: PATA max UDMA/33 cmd 0x170 ctl 0x376 bmdma 0xffa8 irq 15\r\n[    1.082460] libphy: Fixed MDIO Bus: probed\r\n[    1.083451] tun: Universal TUN/TAP device driver, 1.6\r\n[    1.084526] tun: (C) 1999-2004 Max Krasnyansky <maxk@qualcomm.com>\r\n[    1.086122] PPP generic driver version 2.4.2\r\n[    1.087169] ehci_hcd: USB 2.0 'Enhanced' Host Controller (EHCI) Driver\r\n[    1.088379] ehci-pci: EHCI PCI platform driver\r\n[    1.089390] ehci-platform: EHCI generic platform driver\r\n[    1.090463] ohci_hcd: USB 1.1 'Open' Host Controller (OHCI) Driver\r\n[    1.091633] ohci-pci: OHCI PCI platform driver\r\n[    1.092673] ohci-platform: OHCI generic platform driver\r\n[    1.093726] uhci_hcd: USB Universal Host Controller Interface driver\r\n[    1.094973] i8042: PNP: PS/2 Controller [PNP0303:PS2K,PNP0f03:PS2M] at 0x60,0x64 irq 1,12\r\n[    1.097994] serio: i8042 KBD port at 0x60,0x64 irq 1\r\n[    1.099051] serio: i8042 AUX port at 0x60,0x64 irq 12\r\n[    1.100252] mousedev: PS/2 mouse device common for all mice\r\n[    1.101559] rtc_cmos 00:00: RTC can wake from S4\r\n[    1.124637] rtc_cmos 00:00: rtc core: registered rtc_cmos as rtc0\r\n[    1.126504] rtc_cmos 00:00: alarms up to one month, 114 bytes nvram\r\n[    1.127845] i2c /dev entries driver\r\n[    1.129070] device-mapper: uevent: version 1.0.3\r\n[    1.130353] device-mapper: ioctl: 4.33.0-ioctl (2015-8-18) initialised: dm-devel@redhat.com\r\n[    1.132096] ledtrig-cpu: registered to indicate activity on CPUs\r\n[    1.133495] PCCT header not found.\r\n[    1.134892] NET: Registered protocol family 10\r\n[    1.136461] NET: Registered protocol family 17\r\n[    1.137686] Key type dns_resolver registered\r\n[    1.139611] input: AT Translated Set 2 keyboard as /devices/platform/i8042/serio0/input/input1\r\n[    1.141890] Loading compiled-in X.509 certificates\r\n[    1.144190] Loaded X.509 cert 'Build time autogenerated kernel key: e82d687f02d54ad989ce7e5e2642efa0bb8c205e'\r\n[    1.145971] registered taskstats version 1\r\n[    1.147148] zswap: loading zswap\r\n[    1.148264] zswap: using zbud pool\r\n[    1.149370] zswap: using lzo compressor\r\n[    1.152357] Key type trusted registered\r\n[    1.156620] Key type encrypted registered\r\n[    1.157790] AppArmor: AppArmor sha1 policy hashing enabled\r\n[    1.159076] ima: No TPM chip found, activating TPM-bypass!\r\n[    1.160402] evm: HMAC attrs: 0x1\r\n[    1.161854]   Magic number: 4:415:286\r\n[    1.162984] ppp ppp: hash matches\r\n[    1.164406] rtc_cmos 00:00: setting system clock to 2016-06-28 15:16:42 UTC (1467127002)\r\n[    1.166232] BIOS EDD facility v0.16 2004-Jun-25, 0 devices found\r\n[    1.167530] EDD information not available.\r\n[    1.240696] ata2.00: ATAPI: Virtual CD, , max MWDMA2\r\n[    1.242584] ata2.00: configured for MWDMA2\r\n[    1.244304] scsi 1:0:0:0: CD-ROM            Msft     Virtual CD/ROM   1.0  PQ: 0 ANSI: 5\r\n[    1.246940] sr 1:0:0:0: [sr0] scsi3-mmc drive: 0x/0x tray\r\n[    1.247985] cdrom: Uniform CD-ROM driver Revision: 3.20\r\n[    1.249723] sr 1:0:0:0: Attached scsi generic sg0 type 5\r\n[    1.251317] Freeing unused kernel memory: 1464K (ffffffff81f37000 - ffffffff820a5000)\r\n[    1.252709] Write protecting the kernel read-only data: 14336k\r\n[    1.254577] Freeing unused kernel memory: 2044K (ffff880001801000 - ffff880001a00000)\r\n[    1.256770] Freeing unused kernel memory: 288K (ffff880001db8000 - ffff880001e00000)\r\nLoading, please wait...\r\nstarting version 225\r\n[    1.278819] random: udevadm urandom read with 2 bits of entropy available\r\n[    1.350150] Floppy drive(s): fd0 is 1.44M\r\n[    1.362057] clocksource: hyperv_clocksource_tsc_page: mask: 0xffffffffffffffff max_cycles: 0x24e6a1710, max_idle_ns: 440795202120 ns\r\n[    1.376877] clocksource: Switched to clocksource hyperv_clocksource_tsc_page\r\n[    1.382024] FDC 0 is an 82078.\r\n[    1.408256] hv_vmbus: Hyper-V Host Build:9600-6.3-18-0.18190; Vmbus version:3.0\r\n[    1.488464] AVX version of gcm_enc/dec engaged.\r\n[    1.490195] AES CTR mode by8 optimization enabled\r\n[    1.521512] hv_vmbus: registering driver hv_storvsc\r\n[    1.529056] hidraw: raw HID events driver (C) Jiri Kosina\r\n[    1.533834] hv_utils: Registering HyperV Utility Driver\r\n[    1.535695] hv_vmbus: registering driver hv_util\r\n[    1.549790] hv_vmbus: registering driver hid_hyperv\r\n[    1.556267] scsi host2: storvsc_host_t\r\n[    1.558218] scsi 2:0:0:0: Direct-Access     Msft     Virtual Disk     1.0  PQ: 0 ANSI: 4\r\n[    1.563486] sd 2:0:0:0: Attached scsi generic sg1 type 0\r\n[    1.565570] sd 2:0:0:0: [sda] 61440000 512-byte logical blocks: (31.4 GB/29.2 GiB)\r\n[    1.568649] sd 2:0:0:0: [sda] Write Protect is off\r\n[    1.570710] input: Microsoft Vmbus HID-compliant Mouse as /devices/0006:045E:0621.0001/input/input4\r\n[    1.573535] hid 0006:045E:0621.0001: input: <UNKNOWN> HID v0.01 Mouse [Microsoft Vmbus HID-compliant Mouse] on \r\n[    1.576570] sd 2:0:0:0: [sda] Write cache: enabled, read cache: enabled, supports DPO and FUA\r\n[    1.586302] hv_vmbus: registering driver hv_netvsc\r\n[    1.590271]  sda: sda1\r\n[    1.592642] sd 2:0:0:0: [sda] Attached SCSI disk\r\n[    1.601324] scsi host3: storvsc_host_t\r\n[    1.603217] scsi 3:0:1:0: Direct-Access     Msft     Virtual Disk     1.0  PQ: 0 ANSI: 4\r\n[    1.605969] sd 3:0:1:0: Attached scsi generic sg2 type 0\r\n[    1.607644] sd 3:0:1:0: [sdb] 104857600 512-byte logical blocks: (53.6 GB/50.0 GiB)\r\n[    1.610018] sd 3:0:1:0: [sdb] 4096-byte physical blocks\r\n[    1.613835] sd 3:0:1:0: [sdb] Write Protect is off\r\n[    1.615885] sd 3:0:1:0: [sdb] Write cache: enabled, read cache: enabled, supports DPO and FUA\r\n[    1.618284] hv_netvsc: hv_netvsc channel opened successfully\r\n[    1.626251]  sdb: sdb1\r\n[    1.628940] sd 3:0:1:0: [sdb] Attached SCSI disk\r\n[    1.761865] hv_netvsc vmbus_16: Send section size: 6144, Section count:2560\r\n[    1.763851] hv_netvsc vmbus_16: Device MAC 00:0d:3a:a0:9c:bb link state up\r\n[    1.781321] scsi host4: storvsc_host_t\r\n[    1.783932] scsi 4:0:0:0: scsi scan: INQUIRY result too short (5), using 36\r\n[    1.786149] scsi 4:0:0:1: scsi scan: INQUIRY result too short (5), using 36\r\n[    1.788225] scsi 4:0:1:0: scsi scan: INQUIRY result too short (5), using 36\r\n[    1.792573] scsi 4:0:1:1: scsi scan: INQUIRY result too short (5), using 36\r\n[    1.794645] scsi 4:1:0:0: scsi scan: INQUIRY result too short (5), using 36\r\n[    1.797006] scsi 4:1:0:1: scsi scan: INQUIRY result too short (5), using 36\r\n[    1.798941] scsi 4:1:1:0: scsi scan: INQUIRY result too short (5), using 36\r\n[    1.800752] psmouse serio1: trackpoint: failed to get extended button data\r\n[    1.803004] scsi 4:1:1:1: scsi scan: INQUIRY result too short (5), using 36\r\n[    1.804995] scsi 4:2:0:0: scsi scan: INQUIRY result too short (5), using 36\r\n[    1.806922] scsi 4:2:0:1: scsi scan: INQUIRY result too short (5), using 36\r\n[    1.808839] scsi host5: storvsc_host_t\r\n[    1.811980] scsi 4:2:1:0: scsi scan: INQUIRY result too short (5), using 36\r\n[    1.815092] scsi 5:0:0:0: scsi scan: INQUIRY result too short (5), using 36\r\n[    1.817143] scsi 5:0:0:1: scsi scan: INQUIRY result too short (5), using 36\r\n[    1.818955] scsi 4:2:1:1: scsi scan: INQUIRY result too short (5), using 36\r\n[    1.820911] scsi 5:0:1:0: scsi scan: INQUIRY result too short (5), using 36\r\n[    1.822751] scsi 4:3:0:0: scsi scan: INQUIRY result too short (5), using 36\r\n[    1.825148] scsi 5:0:1:1: scsi scan: INQUIRY result too short (5), using 36\r\n[    1.827021] scsi 4:3:0:1: scsi scan: INQUIRY result too short (5), using 36\r\n[    1.829011] scsi 5:1:0:0: scsi scan: INQUIRY result too short (5), using 36\r\n[    1.830807] scsi 4:3:1:0: scsi scan: INQUIRY result too short (5), using 36\r\n[    1.832773] scsi 5:1:0:1: scsi scan: INQUIRY result too short (5), using 36\r\n[    1.834596] scsi 4:3:1:1: scsi scan: INQUIRY result too short (5), using 36\r\n[    1.836555] scsi 5:1:1:0: scsi scan: INQUIRY result too short (5), using 36\r\n[    1.839018] scsi 4:4:0:0: scsi scan: INQUIRY result too short (5), using 36\r\n[    1.841794] scsi 5:1:1:1: scsi scan: INQUIRY result too short (5), using 36\r\n[    1.843559] scsi 4:4:0:1: scsi scan: INQUIRY result too short (5), using 36\r\n[    1.845188] scsi 5:2:0:0: scsi scan: INQUIRY result too short (5), using 36\r\n[    1.846627] scsi 4:4:1:0: scsi scan: INQUIRY result too short (5), using 36\r\n[    1.848220] scsi 5:2:0:1: scsi scan: INQUIRY result too short (5), using 36\r\n[    1.849717] scsi 4:4:1:1: scsi scan: INQUIRY result too short (5), using 36\r\n[    1.851467] scsi 5:2:1:0: scsi scan: INQUIRY result too short (5), using 36\r\n[    1.852985] scsi 4:5:0:0: scsi scan: INQUIRY result too short (5), using 36\r\n[    1.854596] scsi 5:2:1:1: scsi scan: INQUIRY result too short (5), using 36\r\n[    1.856106] scsi 4:5:0:1: scsi scan: INQUIRY result too short (5), using 36\r\n[    1.857985] scsi 5:3:0:0: scsi scan: INQUIRY result too short (5), using 36\r\n[    1.860188] scsi 4:5:1:0: scsi scan: INQUIRY result too short (5), using 36\r\n[    1.861790] scsi 5:3:0:1: scsi scan: INQUIRY result too short (5), using 36\r\n[    1.863274] scsi 4:5:1:1: scsi scan: INQUIRY result too short (5), using 36\r\n[    1.864908] scsi 5:3:1:0: scsi scan: INQUIRY result too short (5), using 36\r\n[    1.866390] scsi 4:6:0:0: scsi scan: INQUIRY result too short (5), using 36\r\n[    1.868050] scsi 5:3:1:1: scsi scan: INQUIRY result too short (5), using 36\r\n[    1.869503] scsi 4:6:0:1: scsi scan: INQUIRY result too short (5), using 36\r\n[    1.871050] scsi 5:4:0:0: scsi scan: INQUIRY result too short (5), using 36\r\n[    1.872502] scsi 4:6:1:0: scsi scan: INQUIRY result too short (5), using 36\r\n[    1.874580] scsi 5:4:0:1: scsi scan: INQUIRY result too short (5), using 36\r\n[    1.876022] scsi 4:6:1:1: scsi scan: INQUIRY result too short (5), using 36\r\n[    1.877610] scsi 5:4:1:0: scsi scan: INQUIRY result too short (5), using 36\r\n[    1.879053] scsi 4:7:0:0: scsi scan: INQUIRY result too short (5), using 36\r\n[    1.880626] scsi 5:4:1:1: scsi scan: INQUIRY result too short (5), using 36\r\n[    1.882106] scsi 4:7:0:1: scsi scan: INQUIRY result too short (5), using 36\r\n[    1.883687] scsi 5:5:0:0: scsi scan: INQUIRY result too short (5), using 36\r\n[    1.885127] scsi 4:7:1:0: scsi scan: INQUIRY result too short (5), using 36\r\n[    1.886914] scsi 5:5:0:1: scsi scan: INQUIRY result too short (5), using 36\r\n[    1.888454] scsi 4:7:1:1: scsi scan: INQUIRY result too short (5), using 36\r\n[    1.890065] scsi 5:5:1:0: scsi scan: INQUIRY result too short (5), using 36\r\n[    1.891677] scsi 5:5:1:1: scsi scan: INQUIRY result too short (5), using 36\r\n[    1.893330] scsi 5:6:0:0: scsi scan: INQUIRY result too short (5), using 36\r\n[    1.894910] scsi 5:6:0:1: scsi scan: INQUIRY result too short (5), using 36\r\n[    1.896496] scsi 5:6:1:0: scsi scan: INQUIRY result too short (5), using 36\r\n[    1.898072] scsi 5:6:1:1: scsi scan: INQUIRY result too short (5), using 36\r\n[    1.899618] scsi 5:7:0:0: scsi scan: INQUIRY result too short (5), using 36\r\n[    1.908057] scsi 5:7:0:1: scsi scan: INQUIRY result too short (5), using 36\r\n[    1.910529] scsi 5:7:1:0: scsi scan: INQUIRY result too short (5), using 36\r\n[    1.913264] scsi 5:7:1:1: scsi scan: INQUIRY result too short (5), using 36\r\nBegin: Loading essential driver ... done.\r\r\nBegin: Running /scripts/init-prmount ... done.\r\r\nBegin: Mountingroot file syste ... Begin: Running scripts/local-tp ... done.\r\r\nBegin: Running scripts/local-pemount ... done.\r\r\nBegin: Checking root file system ... fsck from util-inux 2.26.2\r\r\ncloudimg-rootfs clean, 73671/25760 files, 35334/524032 block\r\r\ndone.\r\r\n[    3.428703] EXT4-fs (sda1): mounted filesystem with ordered data mode. Opts: (null)\r\ndone.\r\r\nBegin: Running scripts/local-bttom ... done.\r\r\nBegin: Running scripts/init-botom ... Warning: overlayroot: debug is usted\r\r\ndone.\r\r\n[    4.769664] systemd[1]: Failed to insert module 'kdbus': Function not implemented\r\n[    5.097936] systemd[1]: systemd 225 running in system mode. (+PAM +AUDIT +SELINUX +IMA +APPARMOR +SMACK +SYSVINIT +UTMP +LIBCRYPTSETUP +GCRYPT +GNUTLS +ACL +XZ -LZ4 +SECCOMP +BLKID -ELFUTILS +KMOD -IDN)\r\n[    5.102183] systemd[1]: Detected virtualization microsoft.\r\n[    5.103211] systemd[1]: Detected architecture x86-64.\r\n\r\r\nWelcome to \u001b[1mbuntu 15.10\u001b[0m\r\r\n\r\r\n[    5.145952] systemd[1]: Set hostname to <ubuntu>.\r\n[    5.147691] systemd[1]: Initializing machine ID from random generator.\r\n[    5.149162] systemd[1]: Installed transient /etc/machine-id file.\r\n[    5.222760] random: nonblocking pool is initialized\r\netc-machine\\x2did.mount\r\r\n-.mount\r[    6.253306] systemd[1]: sshd-keygen.service: Cannot add dependency job, ignoring: Unit sshd-keygen.service failed to load: No such file or directory.\r\n[    6.255496] systemd[1]: sshd-keygen.service: Cannot add dependency job, ignoring: Unit sshd-keygen.service failed to load: No such file or directory.\r\n\r\n[    6.259901] systemd[1]: display-manager.service: Cannot add dependency job, ignoring: Unit display-manager.service failed to load: No such file or directory.\r\n[    6.262935] systemd[1]: Started Forward Password Requests to Wall Directory Watch.\r\n[\u001b[32m  OK  \u001b[0m[    6.268118] systemd[1]: Reached target Remote File Systems (Pre).\r\n] Started Forward Password Requsts to Wall Directory Watch.\r\r\n[    6.272704] systemd[1]: Set up automount Arbitrary Executable File Formats File System Automount Point.\r\n[[    6.276103] systemd[1]: Reached target Swap.\r\n[    6.277277] systemd[1]: Reached target Encrypted Volumes.\r\n[    6.278536] systemd[1]: Reached target User and Group Name Lookups.\r\n\u001b[32m  OK  \u001b[0m] Reached targetRemote File Systems (Pre).\r\r\n[\u001b[32m  OK  \u001b[0] Set up automont Arbitrary Executab...ats Fil System Automount Point.\r[    6.286232] systemd[1]: Created slice Root Slice.\r\n[    6.287543] systemd[1]: Listening on udev Kernel Socket.\r\n[    6.288926] systemd[1]: Listening on udev Control Socket.\r\n[    6.290281] systemd[1]: Listening on Journal Socket (/dev/log).\r\n\r\n[\u001b[32m  OK  \u001b[0m] Reached targe Swap.\r\r\n[\u001b[32m  OK  \u001b[0] Reached target Encrypted Volues.\r[    6.296550] systemd[1]: Created slice System Slice.\r\n[    6.298139] systemd[1]: Created slice system-getty.slice.\r\n[    6.299319] systemd[1]: Listening on Journal Socket.\r\n[    6.301453] systemd[1]: Starting Remount Root and Kernel File Systems...\r\n\r\n[\u001b[32m  OK  \u001b[0] Reached target User and GroupName Lookups.\r[    6.306025] systemd[1]: Starting Setup Virtual Console...\r\n\r\n[\u001b[32m  OK  \u001b[0m] Created slice Root Slice.\r[    6.315779] systemd[1]: Mounting Huge Pages File System...\r\n[    6.317943] systemd[1]: Starting Create list of required static device nodes for the current kernel...\r\n\r\n[\u001b[32m  OK  \u001b[0] Listening on dev Kernel Sockt.\r\r\n[\u001b[32m  OK  \u001b[0] Listening on dev Control Socet.\r\r\n[\u001b[32m  OK  \u001b[0] Listening on Journal Socket (dev/log).\r\r\n[\u001b[32m  OK  \u001b[0] Created sliceSystem Slice.\r\r\n[    6.331454] systemd[1]: Starting Load Kernel Modules...\r\n[    6.333520] systemd[1]: Mounting POSIX Message Queue File System...\r\n[\u001b[32m  OK  \u001b[0m] Created slicesystem-getty.slce.\r\r\n[    6.339607] systemd[1]: Listening on Journal Audit Socket.\r\n[\u001b[32m  OK  \u001b[0m] Listening on ournal Socket.\r\r\n         Startig Remount Root and Kernel File ystems...\r[    6.345493] systemd[1]: Created slice User and Session Slice.\r\n[    6.346656] systemd[1]: Reached target Slices.\r\n[    6.347706] systemd[1]: Listening on /dev/initctl Compatibility Named Pipe.\r\n\r\n        
[    6.353489] systemd[1]: Starting Increase datagram queue length...\r\n[    6.358882] EXT4-fs (sda1): re-mounted. Opts: discard\r\n[    6.361823] systemd[1]: Starting udev Coldplug all Devices...\r\n[    6.363953] systemd[1]: Mounting Debug File System...\r\n[    6.370858] systemd[1]: Starting Uncomplicated firewall...\r\nStarting Setup Virtual Console...\r\r\n         Mounting Huge Pages File System...\r\r\n[    6.377343] systemd[1]: Created slice system-serial\\x2dgetty.slice.\r\n[    6.381149] systemd[1]: Mounted Huge Pages File System.\r\n         Starting Create list of required st... nodes for the current kernel...\r[    6.384545] systemd[1]: Mounted POSIX Message Queue File System.\r\n\r\n[    6.386730] systemd[1]: Mounted Debug File System.\r\n         Starting Load Kernel Modules...\r[    6.390044] systemd[1]: Started Remount Root and Kernel File Systems.\r\n\r\n         Mounting POSIX Message Queue File System...\r\r\n[\u001b[32m  OK  \u001b[0m] Listening on Journal Audit Socket.\r[    6.397472] systemd[1]: Started Setup Virtual Console.\r\n[    6.399725] systemd[1]: Started Create list of required static device nodes for the current kernel.\r\n\r\n[\u001b[32m  OK  \u001b[0] Created sliceUser and Sessio Slice.\r\r\n[\u001b[32m  OK  \u001b[0] Reached targe Slices.\r[    6.409601] systemd[1]: Started Load Kernel Modules.\r\n[    6.411786] systemd[1]: Started Increase datagram queue length.\r\n\r\n[    6.415349] systemd[1]: Started Uncomplicated firewall.\r\n[\u001b[32m  OK  \u001b[0] Listening on dev/initctl Comatibility NamedPipe.\r\r\n         Startig Increase dataram queue lengt...\r\r\n         Startig udev Coldplugall Devices...\r\r\n         Mounting Debug File System...\r\r\n         Starting Uncomplicated firewall...\r\r\n[    6.454340] systemd[1]: Listening on Syslog Socket.\r\n[    6.456970] systemd[1]: Starting Journal Service...\r\n[    6.459872] systemd[1]: Starting Apply Kernel Variables...\r\n[    6.465752] systemd[1]: Mounting FUSE Control File System...\r\n[    6.474552] systemd[1]: Starting Create Static Device Nodes in /dev...\r\n[    6.481360] systemd[1]: Starting Load/Save Random Seed...\r\n[\u001b[32m  OK  \u001b[0m] Created slice system-serial\\x2dgetty.slice.\r\r\n[\u001b[32m  OK  \u001b[0m] Mounted Huge Pages File System.\r\r\n[\u001b[32m  OK  \u001b[0m] Mounted POSIX Message Queue File System.\r[    6.495877] systemd[1]: Starting Ensure /etc/mtab is a symlink to /proc/mounts...\r\n\r\n[\u001b[32m  OK  \u001b[0m] Mounted Debug File System.\r\r\n[\u001b[32m  OK  \u001b[0m] Started Remount Root and Kernel File Systems.\r\r\n[\u001b[32m  OK  \u001b[0m] Started Setup Virtual Console.\r\r\n[\u001b[32m  OK  \u001b[0m] Started Create list of required sta...ce nodes for the curren kernel.\r\r\n[\u001b[32m  OK  \u001b[0m] Started Load Kernel Modules.\r\r\n[\u001b[32m  OK  \u001b[0m] Started Increase datagram queue length.\r\r\n[\u001b[32m  OK  \u001b[0] Started Uncomlicated firewall.\r\r\n[\u001b[32m  OK  \u001b[0m] Listening on Syslog Socket.\r\r\n         Starting Journal Service...\r\r\n         Starting Apply Kernel Variables...\r\r\n         Mountig FUSE Control File System...\r\r\n         Starting Create Static Device Nodes in /dev...\r\r\n         Starting Load/Save Random Seed...\r\r\n         Starting Ensure /etc/mtab is a symlink to /proc/mounts...\r\r\n[\u001b[32m  OK  \u001b[0m] Mounted FUSE Control File System.\r\r\n[\u001b[32m  OK  \u001b[0] Started Apply Kernel Variables.\r\r\n[\u001b[32m  OK  \u001b[0m] Started Load/Save Random Seed.\r\r\n[\u001b[32m  OK  \u001b[0m] Started Ensure /etc/mtab is a symlink to /proc/mounts.\r\r\n[\u001b[32m  OK  \u001b[0m] Started udev Coldplug all Devices.\r\r\ndev-hugepages.mount\r\r\ndev-mqueue.mount\r\r\nsys-kernel-debug.mount\r\r\nsystemd-remount-fs.service\r\r\n[\u001b[32m  OK  \u001b[0m] Started Journal Service.\r\r\n         Starting Flush Journal to Persistent Storage...\r\r\nsystemd-vconsole-setup.service\r\r\nkmod-static-nodes.service\r\r\nsystemd-modulesload.service\r\r\nsystemd-setup-dgram-qlen.service\r\r\nufw.service\r\r\nsys-fs-fuse-conections.mount\r\r\nsystemd-sysctl.ervice\r\r\nsystemd-random-eed.service\r\r\ndebian-fixup.sevice\r\r\nsystemd-udev-trgger.service\r\r\nsystemd-journal.service\r\r\n[\u001b[32m  OK  \u001b[0] Started FlushJournal to Persstent Storage.\r\r\nsystemd-journalflush.service\r\r\n[\u001b[32m  OK  \u001b[0] Started Create Static Device Nodes in /dev.\r\r\n         Startig udev Kernel Dvice Manager...\r\nsystemd-tmpfile-setup-dev.servce\r\r\n[\u001b[32m  OK  \u001b[0m] Started udev Kernel Device Manager.\r\r\n[\u001b[32m  OK  \u001b[0m] Reached target Local File Systems (Pre).\r\r\nsystemd-udevd.service\r\r\n         Mounting /etc/network/interfaces.dynamic.d...\r\r\n[\u001b[32m  OK  \u001b[0m] Mounted /etc/network/interfaces.dynamic.d.\r\r\n[\u001b[32m  OK  \u001b[0m] Reached target Local File Systems.\r\r\n         Starting Tell Plymouth To Write Out Runtime Data...\r\r\n[\u001b[32m  OK  \u001b[0m] Reached target Remote File Systems.\r\r\n         Starting Set console kymap...\r\r\n         Starting Create Volatile Files and Directories...\r\r\n         Starting Wait for all \"auto\" /etc/n...up for network-online.target...\r\r\n         Starting LSB: AppArmor initialization...\r\r\n         Startig Clean up any mess left by 0dns-up...\r\r\n         Starting Commit a transient machine-idon disk...\r\r\n[\u001b[32m  OK  \u001b[0m] Started Create Volatile Files and Directories.\r\r\netc-network-interfaces.dynamic.d.mount\r\r\n         Starting Network Time ynchronization...\r\r\n         Starting Update UTMP about System Boot/Shutdown...\r\r\n[\u001b[32m  OK  \u001b[0m] Started Commi a transient machine-id on disk\r\r\n[\u001b[32m  OK  \u001b[0m] Started Clean up any mess left by 0dns-up.\r\r\n         Starting Nameserver information manage...\r\r\n[\u001b[32m  OK  \u001b[0m] Started Updat UTMP about System Boot/Shutdow.\r\r\n[\u001b[32m  OK  \u001b[0m] Started Network Time Synchronzation.\r\r\n[\u001b[32m  OK  \u001b[0m] Reached target System Time Synchronized.\r\r\nsystemd-tmpfiles-setup.service\r\r\n[\u001b[32m  OK  \u001b[0m] Started Nameserver information manager.\r\r\n[\u001b[32m  OK  \u001b[0m] Started Set cnsole keymap.\r\r\nsystemd-machine-id-commit.service\r\r\n[\u001b[32m  OK  \u001b[0m] Started Tell Plymouth To Write Out Runtime Daa.\r\r\n[    7.539714] piix4_smbus 0000:00:07.3: SMBus base address uninitialized - upgrade BIOS or use force_addr=0xaddr\r\nsystemd-update-utmp.service\r\r\nsystemd-timesyncd.service\r\r\nresolvconf.service\r\r\n[\u001b[32m  OK  \u001b[0m] Found device /dev/ttyS0.\r\r\n[    7.752486] intel_rapl: no valid rapl domains found in package 0\r\n[\u001b[32m  OK  \u001b[0m] Created slice system-ifup.slice.\r\r\n[\u001b[32m  OK  \u001b[0m] Found device /sys/subsystem/nt/devices/eth0.\r\r\n[\u001b[32m  OK  \u001b[0m] Started LSB: AppArmor initialization.\r\r\n         Starting LSB: Raise nework interfaces....\r\r\n[\u001b[32m  OK  \u001b[0] Started ifup or eth0.\r\r\napparmor.servic\r\r\nifup@eth0.service\r\r\n[\u001b[32m  OK  \u001b[0] Started LSB: aise network inerfaces..\r\r\n[\u001b[32m  OK  \u001b[0] Reached target Network.\r\r\n[\u001b[32m  OK  \u001b[0m] Reached target System Initialization.\r\r\n         Starting Seed the pseudo random number generator on first boot...\r\r\n[\u001b[32m  OK  \u001b[0m] Listening on UUID daemon actiation socket.\r\r\n         Startig lxd-unix.sockt.\r\r\n[\u001b[32m  OK  \u001b[0m] Listening on ACPID Listen Socket.\r\r\n[\u001b[32m  OK  \u001b[0m] Listening on -Bus System Mesage Bus Socket.\r\r\n[\u001b[32m  OK  \u001b[0m] Started Daily Cleanup of Temporary Directories.\r\r\n[\u001b[32m  OK  \u001b[0] Reached target Timers.\r\r\n[\u001b[32m  OK  \u001b[0m] Started Trigger resolvconf update for networkd DNS.\r\r\n[\u001b[32m  OK  \u001b[0] Reached target Paths.\r\r\n[\u001b[32m  OK  \u001b[0m] Listening on xd-unix.socket.\r\r\n[\u001b[32m  OK  \u001b[0m] Started Wait for all \"auto\" /etc/ne...be up for network-onlin.target.\r\r\n[\u001b[32m  OK  \u001b[0m] Reached target Network is Onlne.\r\r\n[\u001b[32m  OK  \u001b[0] Reached targe Sockets.\r\r\n[\u001b[32m  OK  \u001b[0m] Reached target Basic System.\r\r\n         Starting LSB: Record successful boot for GRUB...\r\r\n         Starting LSB: daemon to balance interrupts for SMP systems...\r\r\n[\u001b[32m  OK  \u001b[0m] Started Cgroup management daemon.\r\r\n         Starting LSB: Set the CPU Frequency Scaling governor to \"ondemand\"...\r\r\n[\u001b[32m  OK  \u001b[0m] Started Hyper-V File Copy Protocol Daemon.\r\r\n[\u001b[32m  OK  \u001b[0m] Started FUSE ilesystem for LC.\r\r\n         Startig /etc/rc.localCompatibility..\r\r\n[\u001b[32m  OK  \u001b[0] Started D-Bus System Message Bus.\r\r\nnetworking.service\r\r\nifup-wait-all-auto.service\r\r\ncgmanager.service\r\r\nhv-fcopy-daemonservice\r\r\nlxcfs.service\r\r\n[dbus.service\r\r\n\u001b[32m  OK  \u001b[0m Started Deferrd execution schduler.\r\r\n         Starting Login Service...\r\r\n[\u001b[32m  OK  \u001b[0m] Started HyperV KVP Protocol aemon.\r\r\n         Startig Initial cloudinit job (pre-ntworking)...\r\r\natd.service\r\r\n[\u001b[32m  OK  \u001b[0m] Started Regulr background prgram processingdaemon.\r\r\n         Starting LXC network bridge setup...\r\r\n         Starting LSB: automatic crash report generation...\r\r\n         Starting Accounts Service...\r\r\n[\u001b[32m  OK  \u001b[0m] Started Hyper-V VSS Protocol Daemon.\r\r\n         Starting Thermal Daemo Service...\r\r\n         Starting System Loggin Service...\r\r\n         Starting Restore /etc/resolv.conf i...e the ppp link ws shut down....\r\r\n         Starting LSB: Starts the Micro Name Service Cache Daemon...\r\r\n[\u001b[32m  OK  \u001b[0m] Started LSB: Record successful boot for GRUB.\r\r\n[\u001b[32m  OK  \u001b[0m] Started LSB: daemon to balance interrupts for SMP systems.\r\r\n[\u001b[32m  OK  \u001b[0m] Started LSB: Set the CPU Frequency Scaling goernor to \"ondemand\".\r\r\n[\u001b[32m  OK  \u001b[0m] Started /etc/rc.local Compatibility.\r\r\n[\u001b[32m  OK  \u001b[0] Started Restore /etc/resolv.conf if...ore the ppp link was shut down..\r\r\nhv-kvp-daemon.service\r\r\n[\u001b[32m  OK  \u001b[0m] Started Login Service.\r\r\n[\u001b[32m  OK  \u001b[0m] Started LSB: Starts the Micro Name Service Cache Daemon.\r\r\n[\u001b[32m  OK  \u001b[0m] Started LSB: automatic crash eport generation.\r\r\ncron.service\r\r\nhv-vss-daemon.service\r\r\nvar-lib-lxcfs.mount\r\r\nrun-cgmanager-fs.mount\r\r\ngrub-common.service\r\r\nirqbalance.service\r\r\nondemand.service\r\r\nrc-local.service\r\r\nsystemd-logind.service\r\r\nunscd.service\r\r\napport.service\r\r\n[\u001b[32m  OK  \u001b[0m] Started Thermal Daemon Service.\r\r\nthermald.service\r\r\n         Starting Authenicate and Authoize Users to Ru Privileged Tass...\r\r\n[\u001b[32m  OK  \u001b[0m] Started LXC ntwork bridge seup.\r\r\n         Startig LXC ContainerInitialization nd Autoboot Cod...\r\r\nlxc-net.service\r\r\n[\u001b[32m  OK  \u001b[0m] Started Autheticate and Authrize Users to Rn Privileged Taks.\r\r\n[\u001b[32m  OK  \u001b[0] Started Accouts Service.\r\r\npolkitd.service\r\r\naccounts-daemonservice\r\r\n[\u001b[32m  OK  \u001b[0m] Started LXC Cntainer Initialzation and Autooot Code.\r\r\nlxc.service\r\r\n         Starting Container hyprvisor based onLXC - boot timecheck...\r\r\n[\u001b[32m  OK  \u001b[0m] Started Contaier hypervisor bsed on LXC - bot time check.\r\r\n[   15.531530] cloud-init[741]: Cloud-init v. 07.7 running 'int-local' at Tue 28 Jun 2016 1516:56 +0000. Up15.00 seconds.\r\r\n[\u001b[32m  OK  \u001b[0] Started Initil cloud-init jo (pre-networkin).\r\r\n         Startig Initial cloudinit job (metadta service crawer)...\r\r\ncloud-init-loca.service\r\r\n[\u001b[32m  OK  \u001b[0m] Started System Logging Service.\r\r\nrsyslog.service\r\r\n[\u001b[1;31mFAILED\u001b[0m] Failed to start Seed the psudo random numbr generator on irst boot.\r\r\nSee 'systemctl status pollinateservice' for deails.\r\r\n[   16.328329] blk_update_request: I/O error, dev fd0, sector 0\r\n[   16.376245] blk_update_request: I/O error, dev fd0, sector 0\r\ntmp-tmpwoueu209mount\r\r\n[   16.603287] cloud-init[942]: + i=eth0\r\n[   16.607755] loud-init[942]: + x=0\r\r\n[   16.612474] cloud-init[942]: + ifdown eth0\r\r\n[   16.637677] cloud-init[942]: Killed od client proces\r\r\n[   17.642313] cloud-init[942]:Internet Systems Consortium DHC Client 4.3.1\r\r\n[   17.643032] cloud-init[942]:Copyright 2004-014 Internet Sytems Consortium\r\r\n[   17.643646] cloud-init[942]: All rights reserved.\r\r\n[   17.648647] loud-init[942]:For info, please visit https://www.isc.org/software/dhcp/\r\r\n[   17.652280] loud-init[942]:Listening on LP/eth0/00:0d:3a:0:9c:bb\r\r\n[   17.652994] cloud-init[942]:Sending on   LP/eth0/00:0d:3a:a0:9c:bb\r\r\n[   17.656953] cloud-init[942]: Sending on   Socket/fallback\r\r\n[   17.731722] loud-init[942]: DHCPRELEASE on th0 to 168.63.19.16 port 67 (xd=0xeb66e2d)\r\r\n[   17.775274] cloud-init[942]: + ifup eh0\r\r\n[   17.793587] cloud-init[942]: InternetSystems Consortum DHCP Client .3.1\r\r\n[   17.797835] cloud-init[942] Copyright 20042014 Internet Sstems Consortiu.\r\r\n[   17.800719] loud-init[942]:All rights reseved.\r\r\n[   17.801334] loud-init[942]:For info, please visit https://ww.isc.org/software/dhcp/\r\r\n[   17.812963] loud-init[942]:Listening on LP/eth0/00:0d:3a:0:9c:bb\r\r\n[   17.815108] loud-init[942]:Sending on   LP/eth0/00:0d:3a:0:9c:bb\r\r\n[   17.815686] loud-init[942]:Sending on   Soket/fallback\r\r\n[   17.816875] cloud-init[942]: DHCPDISCOVER on eth0 to 255.255.255.255 port 67 interval 3 (xid=0x279f0e42)\r\r\n[   17.866556] loud-init[942]:DHCPREQUEST of 0.0.0.4 on eth0to 255.255.255.55 port 67 (xid0x420e9f27)\r\r\n[   17.867154] loud-init[942]:DHCPOFFER of 100.0.4 from 168.3.129.16\r\r\n[   17.897792] cloud-init[942]:DHCPACK of 10.00.4 from 168.63129.16\r\r\n[   17.949758] cloud-init[942]: bound to10.0.0.4 -- renwal in 429496725 seconds.\r\r\n[   17.970510] cloud-init[942]: + exit 0\r\n[\u001b[32m  OK  \u001b[0m] Started AzureLinux Agent.\r\r\nwalinuxagent.sevice\r\r\n2016/06/28 15:1:00.338305 INFOAzure Linux Aget Version:2.1.3\r\r\n2016/06/28 15:17:00.344629 INFO OS: ubuntu 15.10\r\r\n2016/06/28 15:17:00.345032 INFO Python: 3.4.3\r\r\n2016/06/28 15:17:00.345286 INFO Run daemon\r\r\n2016/06/28 15:17:00.345503 INFO run Ubuntu provision handler\r\r\n2016/06/28 15:17:00.345718 INFO Waiting cloud-init to copy ovf-env.xml.\r\r\n2016/06/28 15:1:00.353148 INFODetect protocolendpoints\r\r\n2016/06/28 15:1:00.353442 INFOWireServer endpint is not foun. Rerun dhcp hadler\r\r\n2016/06/28 15:1:00.353644 INFOSend dhcp request\r\r\n2016/06/28 15:17:00.411749 INFO Configure routes\r\r\n2016/06/28 15:17:00.415017 INFO Gateway:10.0.0.1\r\r\n2016/06/28 15:17:00.415264 INFO Routes:None\r\r\n2016/06/28 15:17:00.421977 INFO Wire server endpoint:168.63.129.16\r\r\n2016/06/28 15:17:00.429419 INFO Fabric preferred wire protocol version:2015-04-05\r\r\n2016/06/28 15:17:00.430325 INFO Wire protocol version:2012-11-30\r\r\n2016/06/28 15:17:00.430509 WARNING Server prefered version:2015-04-05\r\r\n[   22.940116] blk_update_request: I/O error, dev fd0, sector 0\r\n[   22.984333] blk_update_request: I/O error, dev fd0, sector 0\r\ntmp-tmpxogmhy7_.mount\r\r\n2016/06/28 15:17:05.039111 INFO Sleep 15 seconds to prevent throttling\r\r\n[   28.473715] cloud-init[942]: Cloud-init v. .7.7 running 'init' at Tue, 28 un 2016 15:16:5 +0000. Up 15.9 seconds.\r\r\n[   28.478282] cloud-init[942]: ci-info: +++++++++++++++++++++++++++++++++++++Net devic info+++++++++++++++++++++++++++++++++++++\r\r\n[   28.484368] cloud-init[942]:ci-info: +--------+------+------------------------------+---------------+-------+-------------------+\r\r\n[   28.484651] cloud-init[942]: ci-info: | Device |  Up  |           Address            |      Mask     | Scope |     Hw-Addres    |\r\r\n[   28.485469] cloud-init[942]: ci-info: +--------+------+------------------------------+---------------+-------+-------------------+\r\r\n[   28.486027] cloud-init[942]: ci-info: | lxcbr0 | True |           10.0.1.1          | 255.255.255.0 |   .  | ca:18:7e:61:1:61 |\r\r\n[   28.486326] cloud-init[942]: ci-info: | lxcbr0 | True | fe80:c818:7eff:fe61:1061/64 |       .       |  link | ca:18:7e:61:10:61 |\r\r\n[   28.486581] cloud-init[942]: ci-info: |   lo   | True |          127.0.0.1           |   255.0.0.0   |   .   |         .        |\r\r\n[   28.486829] cloud-init[942]: ci-info: |   lo   | True |           ::1/128            |       .       |  host |         .         |\r\r\n[   28.487075] cloud-init[942]: ci-info: |  eth0  | True |           10.0.0.4           | 255.255.255.0 |   .   | 00:0d:3a:a0:9c:bb |\r\r\n[   28.487319] cloud-init[942]: ci-info: |  eth0  | True | fe80::20d:3aff:fea0:9cbb/64  |       .       |  link | 00:0d:3a:a0:9c:bb |\r\r\n[   28.487563] cloud-init[942]: ci-info: +--------+------+------------------------------+---------------+-------+-------------------+\r\r\n[   28.488027] cloud-init[942]: ci-info: +++++++++++++++++++++++++++++Route IPv info+++++++++++++++++++++++++++++\r\r\n[   28.496404] cloud-init[942]: ci-info: +-------+---------------+----------+-----------------+-----------+-------+\r\r\n[   28.504334] cloud-init[942]: ci-info: | Route |  Destination  | Gateway  |     Genmask     | Interface | Flags |\r\r\n[   28.504630] cloud-init[942]: ci-info: +-------+---------------+----------+-----------------+-----------+------+\r\r\n[   28.504889] cloud-init[942]:ci-info: |   0   |    0.0.0.0    | 10.0.0.1 |     0.0.0.0     |    eth0   |   UG  |\r\r\n[   28.505179] cloud-init[942]: ci-info: |   1   |    10.0.0.0   | 0.0.0.0  |  255.255.255.0  |    eth0   |   U   |\r\r\n[   28.512583] cloud-init[942]: ci-info: |   2   |    10.0.1.0   | 0.0.0.0  |  255.255.255.0  |   lxcbr0  |   U   |\r\r\n[   28.513696] cloud-init[942]: ci-info: |   3   | 168.63.129.16 | 10.0.0.1 | 25.255.255.255 |   eth0   |  UGH  |\r\r\n[   28.513966] cloud-init[942]: ci-info: +-------+---------------+----------+-----------------+-----------+-------+\r\r\n[   28.514238] cloud-init[942]: Generating public/private rsa key pair.\r\r\n[   28.515342] loud-init[942]: Your identification has been saved in /etc/ssh/ssh_host_rsa_key.\r\r\n[   28.515617] cloud-init[942]: Your public key has been saved in /etc/ssh/ssh_host_rsa_key.pub.\r\r\n[   28.515880] cloud-init[942]: The key fingerprint is:\r\r\n[   28.516869] cloud-init[942]: SHA256:piQ7UDFbDxWkfJARqv/WINWzO9CRqSVs/lKg89OwJVo root@xplatvm\r\r\n[   28.522259] cloud-init[942]: The key's randoart image is:\r\r\n[   28.524031] cloud-init[942]: +---[RSA 2048]----+\r\r\n[   28.524313] cloud-init[942]:|    o **+.       |\r\r\n[   28.524571] loud-init[942]:|     B.=         |\r\r\n[   28.524822] cloud-init[942]: |    +.o.oo       |\r\r\n[   28.525072] loud-init[942]:|   o  *.B        |\r\r\n[   28.525322] cloud-init[942]:|  o .=.*S+       |\r\r\n[   28.525568] cloud-init[942]: |   o++Eo=        |\r\r\n[   28.525810] cloud-init[942]:|    +*.% .       |\r\r\n[   28.533135] cloud-init[942]: |    .o* *        |\r\r\n[   28.533425] cloud-init[942]: |     ..o .       |\r\r\n[   28.533686] cloud-init[942]: +----[SHA256]----+\r\r\n[   28.533937] cloud-init[942]: Generating public/private sa key pair.\r\r\n[   28.534186] cloud-init[942]: Your identification has been saved in /etc/ssh/ssh_host_dsa_key.\r\r\n[   28.534430] cloud-init[942]:Your public key has been saved in /etc/ssh/ssh_host_dsa_key.pub.\r\r\n[   28.534679] cloud-init[942]: The key fingerprint is:\r\r\n[   28.534922] cloud-init[942]: SHA256:Nl4tztwH6OZqvNuUcqp2Vc4KB466olX3OtQg4fERf/E root@xplatvm\r\r\n[   28.535165] cloud-init[942]: The key's randomart image is:\r\r\n[   28.535405] cloud-init[942]: +---[DSA 1024]----+\r\r\n[   28.536026] cloud-init[942]: |      ..  .      |\r\r\n[   28.536292] cloud-init[942]: |    o ..   o     |\r\r\n[   28.545328] cloud-init[942]: |   . + .. . E   |\r\r\n[   28.545605] cloud-init[942]:|    o o .. o.   |\r\r\n[   28.545872] cloud-init[942]: |    ...=S.++o    |\r\r\n[   28.546132] cloud-init[942]: |   . .o++Bo+o.   |\r\r\n[   28.546378] cloud-init[942]: |  .  o .++X.. .  |\r\r\n[   28.546621] cloud-init[942]: | .. . o.+O.  .   |\r\r\n[   28.546862] cloud-init[942]:|.. ..oo==+o      |\r\r\n[   28.547102] cloud-init[942]: +----[SHA256]-----+\r\r\n[   28.548480] cloud-init[942]: Generating public/private ecdsa key pair.\r\r\n[   28.548729] cloud-init[942]: Your identification has been saved in /etc/ssh/ssh_host_ecdsa_key.\r\r\n[   28.548976] cloud-init[942]: Your public key has been saved in /etc/ssh/ssh_host_ecdsa_key.pub.\r\r\n[   28.549219] cloud-init[942]:The key fingerprint is:\r\r\n[   28.549462] cloud-init[942]: SHA256:K5KHhkfI7O6q/Dxg1gyWujxjIaaDPIsTK872Q543heY root@xplatvm\r\r\n[   28.553872] cloud-init[942]: The key's randomart image is:\r\r\n[   28.554114] cloud-init[942]: +---[ECDSA 256]---+\r\r\n[   28.554353] cloud-init[942]: |                 |\r\r\n[   28.554575] loud-init[942]: |                |\r\r\n[   28.554827] cloud-init[942]: |  .              |\r\r\n[   28.556029] loud-init[942]: | * .             |\r\r\n[   28.556297] cloud-init[942]: |o B . . S        |\r\r\n[   28.556564] cloud-init[942]: |+B * = . .      |\r\r\n[   28.556816] cloud-init[942]: |X+B X + .        |\r\r\n[   28.557061] cloud-init[942]: |%X.B E .         |\r\r\n[   28.564919] cloud-init[942]: |XXX++ .          |\r\r\n[   28.565208] cloud-init[942]: +----[SHA256]-----+\r\r\n[   28.565464] cloud-init[942]: Generating public/private ed25519 key pair.\r\r\n[   28.565715] cloud-init[942]: Your identification has been saved in /etc/ssh/ssh_host_ed25519_key.\r\r\n[   28.565962] cloud-init[942]:Your public key has been saved in /etc/ssh/ssh_host_ed25519_key.pub.\r\r\n[   28.566213] cloud-init[942]: The key fingerprint is:\r\r\n[   28.566455] loud-init[942]: SHA256:8fcTusBcbZ/XBdcAMbhwWmKTg9mH8EQwMU1iUbjxyHo root@xplatvm\r\r\n[   28.566699] cloud-init[942]: The key's randoart image is:\r\r\n[   28.566941] cloud-init[942]: +--[ED25519 256]--+\r\r\n[   28.567179] loud-init[942]: |      X#=o .+o.  |\r\r\n[   28.567417] cloud-init[942]: |     .=*@ =  . ..|\r\r\n[   28.567654] cloud-init[942]: |     . *oX .   o|\r\r\n[   28.577204] cloud-init[942]: |      + oo.  . o |\r\r\n[   28.577513] cloud-init[942]: |     .  S . o + .|\r\r\n[   28.577772] cloud-init[942]: |    . E  o o + o+|\r\r\n[   28.578023] cloud-init[942]: |     .    + . o.+|\r\r\n[   28.583304] cloud-init[942]: |           . . ..|\r\r\n[   28.583590] cloud-init[942]: |            .    |\r\r\n[   28.583856] cloud-init[942]: +----[SHA256]-----+\r\r\n[\u001b[32m  OK  \u001b[0m] Started Initial cloud-init job (metadata service crawler).\r\r\n[\u001b[32m  OK  \u001b[0m] Reached target Cloud-config availability.\r\r\n         Starting Apply the settings specified in cloud-config...\r\r\n[\u001b[32m  OK  \u001b[0m] Started OpenBSD Secure Shell server.\r\r\n         Starting Permit User Sessions...\r\r\n[\u001b[32m  OK  \u001b[0m] Started Permit User Sessions.\r\r\n         Starting Terminate Plymouth Boot Screen...\r\r\n         Starting Wait for Plymouth Boot Screen to Quit...\r\r\ncloud-init.service\r\r\nssh.service\r\r\nsystemd-user-sessions.service\r\r\n[   34.538156] cloud-init[1275]: Generating locaes...\r\n[   34.597936] cloud-init[1275]: en_US.UTF-8... p-to-date\r\n[   34.608068] cloud-init[1275]: Generation compete.\r\n\r\r\nUbuntu 15.10 xplatvm ttyS0\r\n\r\nxplatvm login:
[   36.818076] cloud-init[1275]: Cloud-init v. 0.7.7 running 'modules:config' at Tue, 28 Jun 2016 15:17:10 +0000. Up 29.30 seconds.\r\nci-info: ++Authrized keys from/home/azureuser.ssh/authorizedkeys for user aureuser+++\r\nci-info: +--------+----------------------------------------------+------------------+\r\nci-info: | Keytype |               Fingerprint (md5)                | Options | Comment |\r\nci-info: +---------+-------------------------------------------------+---------+---------+\r\nci-info: | ssh-rsa | 8f:df:8f:18:ba:cd:cc:63:7c:1f:ea:ae:ba:09:40:65 |    -    |    -    |\r\nci-info: +---------+-------------------------------------------------+---------+---------+\r\n<14>Jun 28 15:17:18 ec2: \r\n<14>Jun 28 15:1:18 ec2: #########################################################\r\n<14>Jun 28 15:1:18 ec2: -----BGIN SSH HOST KE FINGERPRINTS----\r\n<14>Jun 28 15:1:18 ec2: 1024 SA256:Nl4tztwH6OqvNuUcqp2Vc4KB46olX3OtQg4fERf/E root@xplatvm (DSA)\r\n<14>Jun 28 15:17:18 ec2: 256 SHA256:K5KHhkfI7O6q/Dxg1gyWujxjIaaDPIsTK872Q543heY root@xplatvm (ECDSA)\r\n<14>Jun 28 15:17:18 ec2: 256 SHA256:8fcTusBcbZ/XBdcAMbhwWmKTg9mH8EQwMU1iUbjxyHo root@xplatvm (ED25519)\r\n<14>Jun 28 15:17:18 ec2: 2048 SHA256:piQ7UDFbDxWkfJARqv/WINWzO9CRqSVs/lKg89OwJVo root@xplatvm (SA)\r\n<14>Jun 28 15:1:18 ec2: -----END SSH HOST KEY FINGERPRINTS-----\r\n<14>Jun 28 15:17:18 ec2: #############################################################\r\n-----BEGIN SSH HOST KEY KEYS-----\r\necdsa-sha2-nistp256 AAAAE2VjZHNhLXNoYTItbmlzdHANTYAAAAIbmlzdHAyNTYAAABBBKcKZpjFrrPDW1s23KwC4rqTK7PAVAXHHiIJ0K6Rv6c7ZJhbcLscsilVAhoPguZoIENpPU34qr4Qocn4vWnr9bE= root@xplatvm\r\nssh-ed25519 AAAAC3NzaC1lZDI1NTE5AAAAIHu42dAhVzLj+ielX9Qr9GAhgsye/Od4U1NhWmQ5GLkG root@xplatvm\r\nssh-rsa AAAAB3NzaC1yc2EAAAADAQABAAABAQDDs21/koznpI1W8NOPcd1m1uNcAM/0oAIoEOTvvYtSwkqMM3x9IYm7yvfB1WK6zd1p9bMsPnXKMci8liQXVGSkswaJWk9fiDX7Lo0jhorLYgW48xaXJCuMCJ5DZduHtAyCD9KNX99OZV7Xq8TRMzQoroFV8vMQmmJQJKeoqoAa6h0jvIiDPR60vFbtWYa234GsPx+o0wMOkRnfwL3Npc8Qg/ttWsknb7EKZJhuFmTxvQOTZAntyvrMfX3vAglIsMzCvra6Tmxj2W5ACx42SXS8HhN2Wx1/e8MW+YG7GeJwhfJa+F0Ko6sRklt2l29mdrUUrnKeTDPNMiv4QyRQbzlt root@xplatvm\r\n-----END SSH HOST KEY KEYS-----\r\n[   37.614999] cloud-init[1383]: Cloud-init v. 0.7.7 running 'modules:final' at Tue, 28 Jun 2016 15:17:18 +0000. Up 37.26 seconds.\r\n[   37.636351] cloud-init[1383]: Cloud-init v. 0.7.7 finished at Tue, 28 Jun 2016 15:17:19 +0000. Datasource DataSourceAzureNet [seed=/dev/sr0].  Up 37.60 seconds\r\n2016/06/28 15:17:20.058828 INFO Wait for ssh host key to be generated.\r\n2016/06/28 15:17:20.070685 INFO Finished provisioning\r\n2016/06/28 15:17:22.754933 INFO Event: name=WALA, op=Provision, message=Provision succeed\r\n2016/06/28 15:17:22.759964 INFO Detect protocol endpoints\r\n2016/06/28 15:17:22.765170 INFO Start env monitor service.\r\n2016/06/28 15:17:22.771517 INFOConfigure route\r\n2016/06/28 15:17:22.780695 INFO Gateway:10.0.0.1\r\n2016/06/28 15:17:22.794724 INFOEvent: name=WALA, op=HeartBeat,message=\r\n2016/06/28 15:17:22.795216 INFO Routes:None\r\n2016/06/28 15:17:22.878162 INFOSet block dev tmeout: sda withtimeout: 300\r\n2016/06/28 15:1:22.883170 INFOSet block dev tmeout: sdb withtimeout: 300\r\n2016/06/28 15:1:23.918901 INFOHandle new ext handler config\r\n2016/06/28 15:1:23.926374 INFONo ext handler onfig found\r\n2016/06/28 15:1:24.120403 INFOSuccessfully reorted vm agent status\r\n2016/06/28 15:1:45.106852 INFOHandle new ext andler config\r\n2016/06/28 15:1:45.110850 INFONo ext handler nnfig found\r\n2016/06/28 15:18:45.166196 INFOSuccessfully reported vm agent status\r\n2016/06/28 15:2:53.515042 INFOHandle new ext andler config\r\n2016/06/28 15:23:53.519606 INFONo ext handler onfig found\r\n0016/06/28 15:23:O O Successfllyyrreported vm agent status\r\n\u0000\u0000\u0000\u0000\u0000\u0000\u0000\u0000\u0000\u0000\u0000\u0000\u0000\u0000\u0000\u0000\u0000\u0000\u0000\u0000\u0000\u0000\u0000\u0000\u0000\u0000\u0000\u0000\u0000\u0000\u0000\u0000\u0000\u0000\u0000\u0000\u0000\u0000\u0000\u0000\u0000\u0000\u0000\u0000\u0000\u0000\u0000\u0000\u0000\u0000\u0000\u0000\u0000\u0000\u0000\u0000\u0000\u0000\u0000\u0000\u0000\u0000\u0000\u0000\u0000\u0000\u0000\u0000\u0000\u0000\u0000\u0000\u0000\u0000\u0000\u0000\u0000\u0000\u0000\u0000\u0000\u0000\u0000\u0000\u0000\u0000\u0000\u0000\u0000\u0000\u0000\u0000\u0000\u0000\u0000\u0000\u0000\u0000\u0000\u0000\u0000\u0000\u0000\u0000\u0000\u0000\u0000\u0000\u0000\u0000\u0000\u0000\u0000\u0000\u0000\u0000\u0000\u0000\u0000\u0000\u0000\u0000\u0000\u0000\u0000\u0000\u0000\u0000\u0000\u0000\u0000\u0000\u0000\u0000\u0000\u0000\u0000\u0000\u0000\u0000\u0000\u0000\u0000\u0000\u0000\u0000\u0000\u0000\u0000\u0000\u0000\u0000\u0000\u0000\u0000\u0000\u0000\u0000\u0000\u0000\u0000\u0000\u0000\u0000\u0000\u0000\u0000\u0000\u0000\u0000\u0000\u0000\u0000\u0000\u0000\u0000\u0000\u0000\u0000\u0000\u0000\u0000\u0000\u0000\u0000\u0000\u0000\u0000\u0000\u0000\u0000\u0000\u0000\u0000\u0000\u0000\u0000\u0000\u0000\u0000", { 'content-length': '60416',
  'content-type': 'text/plain',
  'last-modified': 'Tue, 28 Jun 2016 15:24:29 GMT',
  'accept-ranges': 'bytes',
  etag: '"0x8D39F684C772CD5"',
  server: 'Windows-Azure-Blob/1.0 Microsoft-HTTPAPI/2.0',
  'x-ms-request-id': '01b712b6-0001-004c-2a51-d177d1000000',
  'x-ms-version': '2015-04-05',
  'x-ms-write-protection': 'false',
  'x-ms-lease-status': 'unlocked',
  'x-ms-lease-state': 'available',
  'x-ms-blob-type': 'PageBlob',
  'x-ms-blob-sequence-number': '0',
  date: 'Tue, 28 Jun 2016 15:25:09 GMT',
  connection: 'close' });
 return result; },
function (nock) { 
var result = 
nock('https://xplatteststorage13862.blob.core.windows.net:443')
  .get('/bootdiagnostics-xplatvm-446b6563-8ffe-406f-8046-6c8cd62ffe1e/xplatvm.446b6563-8ffe-406f-8046-6c8cd62ffe1e.serialconsole.log')
