// This file has been autogenerated.

var profile = require('../../../lib/util/profile');

exports.getMockedProfile = function () {
  var newProfile = new profile.Profile();

  newProfile.addSubscription(new profile.Subscription({
    id: '45b60d85-fd72-427a-a708-f994d26e593e',
    name: 'Azure Storage DM Staging',
    user: {
      name: 'user@domain.example',
      type: 'servicePrincipal'
    },
    tenantId: '72f988bf-86f1-41af-91ab-2d7cd011db47',
    state: 'Enabled',
    registeredProviders: [],
    _eventsCount: '1',
    isDefault: true
  }, newProfile.environments['AzureCloud']));

  return newProfile;
};

exports.setEnvironment = function() {
  process.env['AZURE_VM_TEST_LOCATION'] = 'southeastasia';
  process.env['SSHCERT'] = 'test/myCert.pem';
};

exports.scopes = [[function (nock) { 
var result = 
nock('http://management.azure.com:443')
  .get('/subscriptions/45b60d85-fd72-427a-a708-f994d26e593e/resourceGroups/xplatTestGVMCreate6597/providers/Microsoft.Compute/virtualMachines/xplatvm?$expand=instanceView&api-version=2016-03-30')
  .reply(200, "{\r\n  \"properties\": {\r\n    \"vmId\": \"ee80545c-6512-4f88-a1e0-c98ea3994f7f\",\r\n    \"availabilitySet\": {\r\n      \"id\": \"/subscriptions/45b60d85-fd72-427a-a708-f994d26e593e/resourceGroups/xplatTestGVMCreate6597/providers/Microsoft.Compute/availabilitySets/XPLATTESTAAVAIL7837\"\r\n    },\r\n    \"hardwareProfile\": {\r\n      \"vmSize\": \"Standard_A1\"\r\n    },\r\n    \"storageProfile\": {\r\n      \"imageReference\": {\r\n        \"publisher\": \"canonical\",\r\n        \"offer\": \"UbuntuServer\",\r\n        \"sku\": \"15.10\",\r\n        \"version\": \"latest\"\r\n      },\r\n      \"osDisk\": {\r\n        \"osType\": \"Linux\",\r\n        \"name\": \"clib13928f9feffe253-os-1461293948121\",\r\n        \"createOption\": \"FromImage\",\r\n        \"vhd\": {\r\n          \"uri\": \"https://xplatteststorage16877.blob.core.windows.net/xplatteststoragecnt17926/clib13928f9feffe253-os-1461293948121.vhd\"\r\n        },\r\n        \"caching\": \"ReadWrite\"\r\n      },\r\n      \"dataDisks\": []\r\n    },\r\n    \"osProfile\": {\r\n      \"computerName\": \"xplatvm\",\r\n      \"adminUsername\": \"azureuser\",\r\n      \"linuxConfiguration\": {\r\n        \"disablePasswordAuthentication\": false,\r\n        \"ssh\": {\r\n          \"publicKeys\": [\r\n            {\r\n              \"path\": \"/home/azureuser/.ssh/authorized_keys\",\r\n              \"keyData\": \"MIID/zCCAuegAwIBAgIJAMUAa+XVLvAeMA0GCSqGSIb3DQEBBQUAMIGVMQswCQYD\\r\\nVQQGEwJJbjESMBAGA1UECAwJS2FybmF0YWthMRIwEAYDVQQHDAlCYW5nYWxvcmUx\\r\\nEDAOBgNVBAoMB2JyaWxsaW8xEjAQBgNVBAsMCW1pY3Jvc29mdDEQMA4GA1UEAwwH\\r\\nYnJpbGxpbzEmMCQGCSqGSIb3DQEJARYXc3JlZWthbnRoYnNAeWFob28uY28uaW4w\\r\\nHhcNMTUwMzA1MTE1MzEyWhcNMTYwMzA0MTE1MzEyWjCBlTELMAkGA1UEBhMCSW4x\\r\\nEjAQBgNVBAgMCUthcm5hdGFrYTESMBAGA1UEBwwJQmFuZ2Fsb3JlMRAwDgYDVQQK\\r\\nDAdicmlsbGlvMRIwEAYDVQQLDAltaWNyb3NvZnQxEDAOBgNVBAMMB2JyaWxsaW8x\\r\\nJjAkBgkqhkiG9w0BCQEWF3NyZWVrYW50aGJzQHlhaG9vLmNvLmluMIIBIjANBgkq\\r\\nhkiG9w0BAQEFAAOCAQ8AMIIBCgKCAQEAyUNKaOuT0NK+S8Ck81zy9xJ6hXfZvAC6\\r\\nlhbmf/6s/WVimJ/TX5NMhQJwC9k6ZIF92KfYrojHNvHDufSZ3EtKUVwRFCDjmgMT\\r\\nDL09WkGaZt7gROYFK0iZ4KrYGovUwlwum9fHB24OJiOV4bi0ek62/rHx9fjYZpvp\\r\\naIH2PV/hN8SCZ0x7HJMberD4gVoU/Kv42nNvwjLUW6IZfVx/Gv5OeFDtWHfSvUEF\\r\\ndadHKTPn3Ab20Iu6gZIbLO9Vuf38/IpaYGfnFCouHdzmiTiLieYNe3CUPcOJNSv7\\r\\n1G8KYpx3uNJRkJPab5OsRyJw75Gvzkr9OgaPss9tVD6Gt68u3WQtVQIDAQABo1Aw\\r\\nTjAdBgNVHQ4EFgQUogvhXB+xZ2JJPfLO6cVs4ForzscwHwYDVR0jBBgwFoAUogvh\\r\\nXB+xZ2JJPfLO6cVs4ForzscwDAYDVR0TBAUwAwEB/zANBgkqhkiG9w0BAQUFAAOC\\r\\nAQEAdDj7qUNJ45xlF5cjd+4x5NHvAD1VTjOKu+Xh/uzSSjXqB2F0aOMWA9lx0qaQ\\r\\noJgHkGxj3zz/W7ik/cVGL2O+vRIOKv/y0OPogEmS3Hw+P+O6OGE7x1G6YN0zLVoL\\r\\nu4BN/BEYmjttxM9I7qqL7C5cJoE+K3s/w1/pt/68ohJcr7F9Ohi7cso62xuGY1Rm\\r\\nksAh2EUDsU9JV/P+C9AMpLSrb03JJYzVj4w1RHbrmw2AjFyGXdQYkggyXisg+Ifr\\r\\n5gbNN7HigpHf7b2i3CQBUqp9m23frh5AhnLI2qp3UXgc52U5ieLdi/t6j0TTZqqY\\r\\nHhHqofKrj938HHlBNpC5/LVh3w==\\r\\n\"\r\n            }\r\n          ]\r\n        }\r\n      },\r\n      \"secrets\": []\r\n    },\r\n    \"networkProfile\": {\"networkInterfaces\":[{\"id\":\"/subscriptions/45b60d85-fd72-427a-a708-f994d26e593e/resourceGroups/xplatTestGVMCreate6597/providers/Microsoft.Network/networkInterfaces/xplattestnic\"}]},\r\n    \"diagnosticsProfile\": {\r\n      \"bootDiagnostics\": {\r\n        \"enabled\": true,\r\n        \"storageUri\": \"https://xplatteststorage16877.blob.core.windows.net/\"\r\n      }\r\n    },\r\n    \"provisioningState\": \"Succeeded\",\r\n    \"instanceView\": {\r\n      \"platformUpdateDomain\": 0,\r\n      \"platformFaultDomain\": 0,\r\n      \"vmAgent\": {\r\n        \"vmAgentVersion\": \"2.1.3\",\r\n        \"statuses\": [\r\n          {\r\n            \"code\": \"ProvisioningState/succeeded\",\r\n            \"level\": \"Info\",\r\n            \"displayStatus\": \"Ready\",\r\n            \"message\": \"Guest Agent is running\",\r\n            \"time\": \"2016-04-22T03:16:46+00:00\"\r\n          }\r\n        ],\r\n        \"extensionHandlers\": []\r\n      },\r\n      \"disks\": [\r\n        {\r\n          \"name\": \"clib13928f9feffe253-os-1461293948121\",\r\n          \"statuses\": [\r\n            {\r\n              \"code\": \"ProvisioningState/succeeded\",\r\n              \"level\": \"Info\",\r\n              \"displayStatus\": \"Provisioning succeeded\",\r\n              \"time\": \"2016-04-22T03:15:14.6112894+00:00\"\r\n            }\r\n          ]\r\n        }\r\n      ],\r\n      \"bootDiagnostics\": {\r\n        \"consoleScreenshotBlobUri\": \"https://xplatteststorage16877.blob.core.windows.net/bootdiagnostics-xplatvm-ee80545c-6512-4f88-a1e0-c98ea3994f7f/xplatvm.ee80545c-6512-4f88-a1e0-c98ea3994f7f.screenshot.bmp\",\r\n        \"serialConsoleLogBlobUri\": \"https://xplatteststorage16877.blob.core.windows.net/bootdiagnostics-xplatvm-ee80545c-6512-4f88-a1e0-c98ea3994f7f/xplatvm.ee80545c-6512-4f88-a1e0-c98ea3994f7f.serialconsole.log\"\r\n      },\r\n      \"statuses\": [\r\n        {\r\n          \"code\": \"ProvisioningState/succeeded\",\r\n          \"level\": \"Info\",\r\n          \"displayStatus\": \"Provisioning succeeded\",\r\n          \"time\": \"2016-04-22T03:16:25.2685054+00:00\"\r\n        },\r\n        {\r\n          \"code\": \"PowerState/running\",\r\n          \"level\": \"Info\",\r\n          \"displayStatus\": \"VM running\"\r\n        }\r\n      ]\r\n    }\r\n  },\r\n  \"id\": \"/subscriptions/45b60d85-fd72-427a-a708-f994d26e593e/resourceGroups/xplatTestGVMCreate6597/providers/Microsoft.Compute/virtualMachines/xplatvm\",\r\n  \"name\": \"xplatvm\",\r\n  \"type\": \"Microsoft.Compute/virtualMachines\",\r\n  \"location\": \"southeastasia\",\r\n  \"tags\": {\r\n    \"a\": \"b\",\r\n    \"b\": \"c\",\r\n    \"d\": \"\"\r\n  }\r\n}", { 'cache-control': 'no-cache',
  pragma: 'no-cache',
  'content-length': '5214',
  'content-type': 'application/json; charset=utf-8',
  expires: '-1',
  'strict-transport-security': 'max-age=31536000; includeSubDomains',
  'x-ms-served-by': 'cf8f3094-e980-4933-b4a0-1fcf396a973c_131020318719022909',
  'x-ms-request-id': '56e23d19-bad8-4b50-b3d9-1d8b1772f5fa',
  server: 'Microsoft-HTTPAPI/2.0',
  'x-ms-ratelimit-remaining-subscription-reads': '14937',
  'x-ms-correlation-request-id': '05b2655a-e804-4864-b56a-f96fbcc17210',
  'x-ms-routing-request-id': 'SOUTHEASTASIA:20160422T031701Z:05b2655a-e804-4864-b56a-f96fbcc17210',
  date: 'Fri, 22 Apr 2016 03:17:00 GMT',
  connection: 'close' });
 return result; },
function (nock) { 
var result = 
nock('https://management.azure.com:443')
  .get('/subscriptions/45b60d85-fd72-427a-a708-f994d26e593e/resourceGroups/xplatTestGVMCreate6597/providers/Microsoft.Compute/virtualMachines/xplatvm?$expand=instanceView&api-version=2016-03-30')
  .reply(200, "{\r\n  \"properties\": {\r\n    \"vmId\": \"ee80545c-6512-4f88-a1e0-c98ea3994f7f\",\r\n    \"availabilitySet\": {\r\n      \"id\": \"/subscriptions/45b60d85-fd72-427a-a708-f994d26e593e/resourceGroups/xplatTestGVMCreate6597/providers/Microsoft.Compute/availabilitySets/XPLATTESTAAVAIL7837\"\r\n    },\r\n    \"hardwareProfile\": {\r\n      \"vmSize\": \"Standard_A1\"\r\n    },\r\n    \"storageProfile\": {\r\n      \"imageReference\": {\r\n        \"publisher\": \"canonical\",\r\n        \"offer\": \"UbuntuServer\",\r\n        \"sku\": \"15.10\",\r\n        \"version\": \"latest\"\r\n      },\r\n      \"osDisk\": {\r\n        \"osType\": \"Linux\",\r\n        \"name\": \"clib13928f9feffe253-os-1461293948121\",\r\n        \"createOption\": \"FromImage\",\r\n        \"vhd\": {\r\n          \"uri\": \"https://xplatteststorage16877.blob.core.windows.net/xplatteststoragecnt17926/clib13928f9feffe253-os-1461293948121.vhd\"\r\n        },\r\n        \"caching\": \"ReadWrite\"\r\n      },\r\n      \"dataDisks\": []\r\n    },\r\n    \"osProfile\": {\r\n      \"computerName\": \"xplatvm\",\r\n      \"adminUsername\": \"azureuser\",\r\n      \"linuxConfiguration\": {\r\n        \"disablePasswordAuthentication\": false,\r\n        \"ssh\": {\r\n          \"publicKeys\": [\r\n            {\r\n              \"path\": \"/home/azureuser/.ssh/authorized_keys\",\r\n              \"keyData\": \"MIID/zCCAuegAwIBAgIJAMUAa+XVLvAeMA0GCSqGSIb3DQEBBQUAMIGVMQswCQYD\\r\\nVQQGEwJJbjESMBAGA1UECAwJS2FybmF0YWthMRIwEAYDVQQHDAlCYW5nYWxvcmUx\\r\\nEDAOBgNVBAoMB2JyaWxsaW8xEjAQBgNVBAsMCW1pY3Jvc29mdDEQMA4GA1UEAwwH\\r\\nYnJpbGxpbzEmMCQGCSqGSIb3DQEJARYXc3JlZWthbnRoYnNAeWFob28uY28uaW4w\\r\\nHhcNMTUwMzA1MTE1MzEyWhcNMTYwMzA0MTE1MzEyWjCBlTELMAkGA1UEBhMCSW4x\\r\\nEjAQBgNVBAgMCUthcm5hdGFrYTESMBAGA1UEBwwJQmFuZ2Fsb3JlMRAwDgYDVQQK\\r\\nDAdicmlsbGlvMRIwEAYDVQQLDAltaWNyb3NvZnQxEDAOBgNVBAMMB2JyaWxsaW8x\\r\\nJjAkBgkqhkiG9w0BCQEWF3NyZWVrYW50aGJzQHlhaG9vLmNvLmluMIIBIjANBgkq\\r\\nhkiG9w0BAQEFAAOCAQ8AMIIBCgKCAQEAyUNKaOuT0NK+S8Ck81zy9xJ6hXfZvAC6\\r\\nlhbmf/6s/WVimJ/TX5NMhQJwC9k6ZIF92KfYrojHNvHDufSZ3EtKUVwRFCDjmgMT\\r\\nDL09WkGaZt7gROYFK0iZ4KrYGovUwlwum9fHB24OJiOV4bi0ek62/rHx9fjYZpvp\\r\\naIH2PV/hN8SCZ0x7HJMberD4gVoU/Kv42nNvwjLUW6IZfVx/Gv5OeFDtWHfSvUEF\\r\\ndadHKTPn3Ab20Iu6gZIbLO9Vuf38/IpaYGfnFCouHdzmiTiLieYNe3CUPcOJNSv7\\r\\n1G8KYpx3uNJRkJPab5OsRyJw75Gvzkr9OgaPss9tVD6Gt68u3WQtVQIDAQABo1Aw\\r\\nTjAdBgNVHQ4EFgQUogvhXB+xZ2JJPfLO6cVs4ForzscwHwYDVR0jBBgwFoAUogvh\\r\\nXB+xZ2JJPfLO6cVs4ForzscwDAYDVR0TBAUwAwEB/zANBgkqhkiG9w0BAQUFAAOC\\r\\nAQEAdDj7qUNJ45xlF5cjd+4x5NHvAD1VTjOKu+Xh/uzSSjXqB2F0aOMWA9lx0qaQ\\r\\noJgHkGxj3zz/W7ik/cVGL2O+vRIOKv/y0OPogEmS3Hw+P+O6OGE7x1G6YN0zLVoL\\r\\nu4BN/BEYmjttxM9I7qqL7C5cJoE+K3s/w1/pt/68ohJcr7F9Ohi7cso62xuGY1Rm\\r\\nksAh2EUDsU9JV/P+C9AMpLSrb03JJYzVj4w1RHbrmw2AjFyGXdQYkggyXisg+Ifr\\r\\n5gbNN7HigpHf7b2i3CQBUqp9m23frh5AhnLI2qp3UXgc52U5ieLdi/t6j0TTZqqY\\r\\nHhHqofKrj938HHlBNpC5/LVh3w==\\r\\n\"\r\n            }\r\n          ]\r\n        }\r\n      },\r\n      \"secrets\": []\r\n    },\r\n    \"networkProfile\": {\"networkInterfaces\":[{\"id\":\"/subscriptions/45b60d85-fd72-427a-a708-f994d26e593e/resourceGroups/xplatTestGVMCreate6597/providers/Microsoft.Network/networkInterfaces/xplattestnic\"}]},\r\n    \"diagnosticsProfile\": {\r\n      \"bootDiagnostics\": {\r\n        \"enabled\": true,\r\n        \"storageUri\": \"https://xplatteststorage16877.blob.core.windows.net/\"\r\n      }\r\n    },\r\n    \"provisioningState\": \"Succeeded\",\r\n    \"instanceView\": {\r\n      \"platformUpdateDomain\": 0,\r\n      \"platformFaultDomain\": 0,\r\n      \"vmAgent\": {\r\n        \"vmAgentVersion\": \"2.1.3\",\r\n        \"statuses\": [\r\n          {\r\n            \"code\": \"ProvisioningState/succeeded\",\r\n            \"level\": \"Info\",\r\n            \"displayStatus\": \"Ready\",\r\n            \"message\": \"Guest Agent is running\",\r\n            \"time\": \"2016-04-22T03:16:46+00:00\"\r\n          }\r\n        ],\r\n        \"extensionHandlers\": []\r\n      },\r\n      \"disks\": [\r\n        {\r\n          \"name\": \"clib13928f9feffe253-os-1461293948121\",\r\n          \"statuses\": [\r\n            {\r\n              \"code\": \"ProvisioningState/succeeded\",\r\n              \"level\": \"Info\",\r\n              \"displayStatus\": \"Provisioning succeeded\",\r\n              \"time\": \"2016-04-22T03:15:14.6112894+00:00\"\r\n            }\r\n          ]\r\n        }\r\n      ],\r\n      \"bootDiagnostics\": {\r\n        \"consoleScreenshotBlobUri\": \"https://xplatteststorage16877.blob.core.windows.net/bootdiagnostics-xplatvm-ee80545c-6512-4f88-a1e0-c98ea3994f7f/xplatvm.ee80545c-6512-4f88-a1e0-c98ea3994f7f.screenshot.bmp\",\r\n        \"serialConsoleLogBlobUri\": \"https://xplatteststorage16877.blob.core.windows.net/bootdiagnostics-xplatvm-ee80545c-6512-4f88-a1e0-c98ea3994f7f/xplatvm.ee80545c-6512-4f88-a1e0-c98ea3994f7f.serialconsole.log\"\r\n      },\r\n      \"statuses\": [\r\n        {\r\n          \"code\": \"ProvisioningState/succeeded\",\r\n          \"level\": \"Info\",\r\n          \"displayStatus\": \"Provisioning succeeded\",\r\n          \"time\": \"2016-04-22T03:16:25.2685054+00:00\"\r\n        },\r\n        {\r\n          \"code\": \"PowerState/running\",\r\n          \"level\": \"Info\",\r\n          \"displayStatus\": \"VM running\"\r\n        }\r\n      ]\r\n    }\r\n  },\r\n  \"id\": \"/subscriptions/45b60d85-fd72-427a-a708-f994d26e593e/resourceGroups/xplatTestGVMCreate6597/providers/Microsoft.Compute/virtualMachines/xplatvm\",\r\n  \"name\": \"xplatvm\",\r\n  \"type\": \"Microsoft.Compute/virtualMachines\",\r\n  \"location\": \"southeastasia\",\r\n  \"tags\": {\r\n    \"a\": \"b\",\r\n    \"b\": \"c\",\r\n    \"d\": \"\"\r\n  }\r\n}", { 'cache-control': 'no-cache',
  pragma: 'no-cache',
  'content-length': '5214',
  'content-type': 'application/json; charset=utf-8',
  expires: '-1',
  'strict-transport-security': 'max-age=31536000; includeSubDomains',
  'x-ms-served-by': 'cf8f3094-e980-4933-b4a0-1fcf396a973c_131020318719022909',
  'x-ms-request-id': '56e23d19-bad8-4b50-b3d9-1d8b1772f5fa',
  server: 'Microsoft-HTTPAPI/2.0',
  'x-ms-ratelimit-remaining-subscription-reads': '14937',
  'x-ms-correlation-request-id': '05b2655a-e804-4864-b56a-f96fbcc17210',
  'x-ms-routing-request-id': 'SOUTHEASTASIA:20160422T031701Z:05b2655a-e804-4864-b56a-f96fbcc17210',
  date: 'Fri, 22 Apr 2016 03:17:00 GMT',
  connection: 'close' });
 return result; },
function (nock) { 
var result = 
nock('http://management.azure.com:443')
  .post('/subscriptions/45b60d85-fd72-427a-a708-f994d26e593e/resourceGroups/xplatTestGVMCreate6597/providers/Microsoft.Storage/storageAccounts/xplatteststorage16877/listKeys?api-version=2016-01-01')
  .reply(200, "{\"keys\":[{\"keyName\":\"key1\",\"permissions\":\"Full\",\"value\":\"B6+HRpPlFoJtESjic8tBR2R5zJSDrhptOqqZo+vu1xC9X14WMYzdnU6s86K2KsOrVleeNes/aSmotNqpliqdmw==\"},{\"keyName\":\"key2\",\"permissions\":\"Full\",\"value\":\"nGem7OvR0kS8c8/JDtC7Ru2K/t+dHGfbsy59Dse7cDic1wSOpmKAgJSlrfW1lijV23W4qaYXCa4Z5jOVJPXzKg==\"}]}\n", { 'cache-control': 'no-cache',
  pragma: 'no-cache',
  'content-length': '289',
  'content-type': 'application/json',
  expires: '-1',
  'x-ms-request-id': 'add34139-b1e8-4a80-87fb-c483c0b83571',
  server: 'Microsoft-Azure-Storage-Resource-Provider/1.0',
  'x-ms-ratelimit-remaining-subscription-writes': '1197',
  'x-ms-correlation-request-id': 'add34139-b1e8-4a80-87fb-c483c0b83571',
  'x-ms-routing-request-id': 'SOUTHEASTASIA:20160422T031703Z:add34139-b1e8-4a80-87fb-c483c0b83571',
  'strict-transport-security': 'max-age=31536000; includeSubDomains',
  date: 'Fri, 22 Apr 2016 03:17:03 GMT',
  connection: 'close' });
 return result; },
function (nock) { 
var result = 
nock('https://management.azure.com:443')
  .post('/subscriptions/45b60d85-fd72-427a-a708-f994d26e593e/resourceGroups/xplatTestGVMCreate6597/providers/Microsoft.Storage/storageAccounts/xplatteststorage16877/listKeys?api-version=2016-01-01')
  .reply(200, "{\"keys\":[{\"keyName\":\"key1\",\"permissions\":\"Full\",\"value\":\"B6+HRpPlFoJtESjic8tBR2R5zJSDrhptOqqZo+vu1xC9X14WMYzdnU6s86K2KsOrVleeNes/aSmotNqpliqdmw==\"},{\"keyName\":\"key2\",\"permissions\":\"Full\",\"value\":\"nGem7OvR0kS8c8/JDtC7Ru2K/t+dHGfbsy59Dse7cDic1wSOpmKAgJSlrfW1lijV23W4qaYXCa4Z5jOVJPXzKg==\"}]}\n", { 'cache-control': 'no-cache',
  pragma: 'no-cache',
  'content-length': '289',
  'content-type': 'application/json',
  expires: '-1',
  'x-ms-request-id': 'add34139-b1e8-4a80-87fb-c483c0b83571',
  server: 'Microsoft-Azure-Storage-Resource-Provider/1.0',
  'x-ms-ratelimit-remaining-subscription-writes': '1197',
  'x-ms-correlation-request-id': 'add34139-b1e8-4a80-87fb-c483c0b83571',
  'x-ms-routing-request-id': 'SOUTHEASTASIA:20160422T031703Z:add34139-b1e8-4a80-87fb-c483c0b83571',
  'strict-transport-security': 'max-age=31536000; includeSubDomains',
  date: 'Fri, 22 Apr 2016 03:17:03 GMT',
  connection: 'close' });
 return result; },
function (nock) { 
var result = 
nock('http://xplatteststorage16877.blob.core.windows.net:443')
  .head('/bootdiagnostics-xplatvm-ee80545c-6512-4f88-a1e0-c98ea3994f7f/xplatvm.ee80545c-6512-4f88-a1e0-c98ea3994f7f.serialconsole.log')
  .reply(200, "", { 'content-length': '61440',
  'content-type': 'text/plain',
  'last-modified': 'Fri, 22 Apr 2016 03:16:31 GMT',
  'accept-ranges': 'bytes',
  etag: '"0x8D36A5C8061D1B8"',
  server: 'Windows-Azure-Blob/1.0 Microsoft-HTTPAPI/2.0',
  'x-ms-request-id': 'b707a5bc-0001-0009-3345-9c6c11000000',
  'x-ms-version': '2015-02-21',
  'x-ms-write-protection': 'false',
  'x-ms-lease-status': 'unlocked',
  'x-ms-lease-state': 'available',
  'x-ms-blob-type': 'PageBlob',
  'x-ms-blob-sequence-number': '0',
  date: 'Fri, 22 Apr 2016 03:17:04 GMT',
  connection: 'close' });
 return result; },
function (nock) { 
var result = 
nock('https://xplatteststorage16877.blob.core.windows.net:443')
  .head('/bootdiagnostics-xplatvm-ee80545c-6512-4f88-a1e0-c98ea3994f7f/xplatvm.ee80545c-6512-4f88-a1e0-c98ea3994f7f.serialconsole.log')
  .reply(200, "", { 'content-length': '61440',
  'content-type': 'text/plain',
  'last-modified': 'Fri, 22 Apr 2016 03:16:31 GMT',
  'accept-ranges': 'bytes',
  etag: '"0x8D36A5C8061D1B8"',
  server: 'Windows-Azure-Blob/1.0 Microsoft-HTTPAPI/2.0',
  'x-ms-request-id': 'b707a5bc-0001-0009-3345-9c6c11000000',
  'x-ms-version': '2015-02-21',
  'x-ms-write-protection': 'false',
  'x-ms-lease-status': 'unlocked',
  'x-ms-lease-state': 'available',
  'x-ms-blob-type': 'PageBlob',
  'x-ms-blob-sequence-number': '0',
  date: 'Fri, 22 Apr 2016 03:17:04 GMT',
  connection: 'close' });
 return result; },
function (nock) { 
var result = 
nock('http://xplatteststorage16877.blob.core.windows.net:443')
  .get('/bootdiagnostics-xplatvm-ee80545c-6512-4f88-a1e0-c98ea3994f7f/xplatvm.ee80545c-6512-4f88-a1e0-c98ea3994f7f.serialconsole.log')
  .reply(200, "\u001b[H\u001b[J\u001b[1;1H[    0.000000] Initializing cgroup subsys cpuset\r\n[    0.000000] Initializing cgroup subsys cpu\r\n[    0.000000] Initializing cgroup subsys cpuacct\r\n[    0.000000] Linux version 4.2.0-35-generic (buildd@lgw01-43) (gcc version 5.2.1 20151010 (Ubuntu 5.2.1-22ubuntu2) ) #40-Ubuntu SMP Tue Mar 15 22:15:45 UTC 2016 (Ubuntu 4.2.0-35.40-generic 4.2.8-ckt5)\r\n[    0.000000] Command line: BOOT_IMAGE=/boot/vmlinuz-4.2.0-35-generic root=UUID=e76b11a1-29e0-4279-a7de-dac4f6de393a ro console=tty1 console=ttyS0 earlyprintk=ttyS0 rootdelay=300\r\n[    0.000000] KERNEL supported cpus:\r\n[    0.000000]   Intel GenuineIntel\r\n[    0.000000]   AMD AuthenticAMD\r\n[    0.000000]   Centaur CentaurHauls\r\n[    0.000000] x86/fpu: xstate_offset[2]: 0240, xstate_sizes[2]: 0100\r\n[    0.000000] x86/fpu: Supporting XSAVE feature 0x01: 'x87 floating point registers'\r\n[    0.000000] x86/fpu: Supporting XSAVE feature 0x02: 'SSE registers'\r\n[    0.000000] x86/fpu: Supporting XSAVE feature 0x04: 'AVX registers'\r\n[    0.000000] x86/fpu: Enabled xstate features 0x7, context size is 0x340 bytes, using 'standard' format.\r\n[    0.000000] x86/fpu: Using 'eager' FPU context switches.\r\n[    0.000000] e820: BIOS-provided physical RAM map:\r\n[    0.000000] BIOS-e820: [mem 0x0000000000000000-0x000000000009fbff] usable\r\n[    0.000000] BIOS-e820: [mem 0x000000000009fc00-0x000000000009ffff] reserved\r\n[    0.000000] BIOS-e820: [mem 0x00000000000e0000-0x00000000000fffff] reserved\r\n[    0.000000] BIOS-e820: [mem 0x0000000000100000-0x000000001ffeffff] usable\r\n[    0.000000] BIOS-e820: [mem 0x000000001fff0000-0x000000001fffefff] ACPI data\r\n[    0.000000] BIOS-e820: [mem 0x000000001ffff000-0x000000001fffffff] ACPI NVS\r\n[    0.000000] BIOS-e820: [mem 0x0000000100000000-0x000000014fffffff] usable\r\n[    0.000000] bootconsole [earlyser0] enabled\r\n[    0.000000] NX (Execute Disable) protection: active\r\n[    0.000000] SMBIOS 2.3 present.\r\n[    0.000000] Hypervisor detected: Microsoft HyperV\r\n[    0.000000] HyperV: features 0xe7f, hints 0x2c\r\n[    0.000000] HyperV: LAPIC Timer Frequency: 0xc3500\r\n[    0.000000] clocksource: hyperv_clocksource: mask: 0xffffffffffffffff max_cycles: 0x24e6a1710, max_idle_ns: 440795202120 ns\r\n[    0.000000] tsc: Marking TSC unstable due to running on Hyper-V\r\n[    0.000000] e820: last_pfn = 0x150000 max_arch_pfn = 0x400000000\r\n[    0.000000] x86/PAT: Configuration [0-7]: WB  WC  UC- UC  WB  WC  UC- WT  \r\n[    0.000000] e820: last_pfn = 0x1fff0 max_arch_pfn = 0x400000000\r\n[    0.000000] found SMP MP-table at [mem 0x000ff780-0x000ff78f] mapped at [ffff8800000ff780]\r\n[    0.000000] Scanning 1 areas for low memory corruption\r\n[    0.000000] init_memory_mapping: [mem 0x00000000-0x000fffff]\r\n[    0.000000] init_memory_mapping: [mem 0x14fe00000-0x14fffffff]\r\n[    0.000000] init_memory_mapping: [mem 0x140000000-0x14fdfffff]\r\n[    0.000000] init_memory_mapping: [mem 0x120000000-0x13fffffff]\r\n[    0.000000] init_memory_mapping: [mem 0x00100000-0x1ffeffff]\r\n[    0.000000] init_memory_mapping: [mem 0x100000000-0x11fffffff]\r\n[    0.000000] RAMDISK: [mem 0x1d9d3000-0x1f7a1fff]\r\n[    0.000000] ACPI: Early table checksum verification disabled\r\n[    0.000000] ACPI: RSDP 0x00000000000F56F0 000014 (v00 ACPIAM)\r\n[    0.000000] ACPI: RSDT 0x000000001FFF0000 000040 (v01 VRTUAL MICROSFT 05001223 MSFT 00000097)\r\n[    0.000000] ACPI: FACP 0x000000001FFF0200 000081 (v02 VRTUAL MICROSFT 05001223 MSFT 00000097)\r\n[    0.000000] ACPI: DSDT 0x000000001FFF1724 002E78 (v01 MSFTVM MSFTVM02 00000002 INTL 02002026)\r\n[    0.000000] ACPI: FACS 0x000000001FFFF000 000040\r\n[    0.000000] ACPI: WAET 0x000000001FFF1480 000028 (v01 VRTUAL MICROSFT 05001223 MSFT 00000097)\r\n[    0.000000] ACPI: SLIC 0x000000001FFF14C0 000176 (v01 VRTUAL MICROSFT 05001223 MSFT 00000097)\r\n[    0.000000] ACPI: OEM0 0x000000001FFF16C0 000064 (v01 VRTUAL MICROSFT 05001223 MSFT 00000097)\r\n[    0.000000] ACPI: SRAT 0x000000001FFF0600 000090 (v02 VRTUAL MICROSFT 00000001 MSFT 00000001)\r\n[    0.000000] ACPI: APIC 0x000000001FFF0300 00024C (v01 VRTUAL MICROSFT 05001223 MSFT 00000097)\r\n[    0.000000] ACPI: OEMB 0x000000001FFFF040 000064 (v01 VRTUAL MICROSFT 05001223 MSFT 00000097)\r\n[    0.000000] SRAT: PXM 0 -> APIC 0x00 -> Node 0\r\n[    0.000000] SRAT: Node 0 PXM 0 [mem 0x00000000-0x1fffffff]\r\n[    0.000000] SRAT: Node 0 PXM 0 [mem 0x100000000-0x14fffffff]\r\n[    0.000000] NUMA: Node 0 [mem 0x00000000-0x1fffffff] + [mem 0x100000000-0x14fffffff] -> [mem 0x00000000-0x14fffffff]\r\n[    0.000000] NODE_DATA(0) allocated [mem 0x14fffa000-0x14fffefff]\r\n[    0.000000] Zone ranges:\r\n[    0.000000]   DMA      [mem 0x0000000000001000-0x0000000000ffffff]\r\n[    0.000000]   DMA32    [mem 0x0000000001000000-0x00000000ffffffff]\r\n[    0.000000]   Normal   [mem 0x0000000100000000-0x000000014fffffff]\r\n[    0.000000] Movable zone start for each node\r\n[    0.000000] Early memory node ranges\r\n[    0.000000]   node   0: [mem 0x0000000000001000-0x000000000009efff]\r\n[    0.000000]   node   0: [mem 0x0000000000100000-0x000000001ffeffff]\r\n[    0.000000]   node   0: [mem 0x0000000100000000-0x000000014fffffff]\r\n[    0.000000] Initmem setup node 0 [mem 0x0000000000001000-0x000000014fffffff]\r\n[    0.000000] ACPI: PM-Timer IO Port: 0x408\r\n[    0.000000] IOAPIC[0]: apic_id 0, version 17, address 0xfec00000, GSI 0-23\r\n[    0.000000] ACPI: INT_SRC_OVR (bus 0 bus_irq 0 global_irq 2 dfl dfl)\r\n[    0.000000] ACPI: INT_SRC_OVR (bus 0 bus_irq 9 global_irq 9 high level)\r\n[    0.000000] Using ACPI (MADT) for SMP configuration information\r\n[    0.000000] smpboot: Allowing 64 CPUs, 63 hotplug CPUs\r\n[    0.000000] PM: Registered nosave memory: [mem 0x00000000-0x00000fff]\r\n[    0.000000] PM: Registered nosave memory: [mem 0x0009f000-0x0009ffff]\r\n[    0.000000] PM: Registered nosave memory: [mem 0x000a0000-0x000dffff]\r\n[    0.000000] PM: Registered nosave memory: [mem 0x000e0000-0x000fffff]\r\n[    0.000000] PM: Registered nosave memory: [mem 0x1fff0000-0x1fffefff]\r\n[    0.000000] PM: Registered nosave memory: [mem 0x1ffff000-0x1fffffff]\r\n[    0.000000] PM: Registered nosave memory: [mem 0x20000000-0xffffffff]\r\n[    0.000000] e820: [mem 0x20000000-0xffffffff] available for PCI devices\r\n[    0.000000] Booting paravirtualized kernel on bare hardware\r\n[    0.000000] clocksource: refined-jiffies: mask: 0xffffffff max_cycles: 0xffffffff, max_idle_ns: 7645519600211568 ns\r\n[    0.000000] setup_percpu: NR_CPUS:256 nr_cpumask_bits:256 nr_cpu_ids:64 nr_node_ids:1\r\n[    0.000000] PERCPU: Embedded 33 pages/cpu @ffff88014ca00000 s96728 r8192 d30248 u262144\r\n[    0.000000] Built 1 zonelists in Node order, mobility grouping on.  Total pages: 451449\r\n[    0.000000] Policy zone: Normal\r\n[    0.000000] Kernel command line: BOOT_IMAGE=/boot/vmlinuz-4.2.0-35-generic root=UUID=e76b11a1-29e0-4279-a7de-dac4f6de393a ro console=tty1 console=ttyS0 earlyprintk=ttyS0 rootdelay=300\r\n[    0.000000] log_buf_len individual max cpu contribution: 4096 bytes\r\n[    0.000000] log_buf_len total cpu_extra contributions: 258048 bytes\r\n[    0.000000] log_buf_len min size: 262144 bytes\r\n[    0.000000] log_buf_len: 524288 bytes\r\n[    0.000000] early log buf free: 252288(96%)\r\n[    0.000000] PID hash table entries: 4096 (order: 3, 32768 bytes)\r\n[    0.000000] Memory: 1681592K/1834552K available (8182K kernel code, 1239K rwdata, 3804K rodata, 1464K init, 1292K bss, 152960K reserved, 0K cma-reserved)\r\n[    0.000000] SLUB: HWalign=64, Order=0-3, MinObjects=0, CPUs=64, Nodes=1\r\n[    0.000000] Hierarchical RCU implementation.\r\n[    0.000000] \tBuild-time adjustment of leaf fanout to 64.\r\n[    0.000000] \tRCU restricting CPUs from NR_CPUS=256 to nr_cpu_ids=64.\r\n[    0.000000] RCU: Adjusting geometry for rcu_fanout_leaf=64, nr_cpu_ids=64\r\n[    0.000000] NR_IRQS:16640 nr_irqs:936 16\r\n[    0.000000] \tOffload RCU callbacks from all CPUs\r\n[    0.000000] \tOffload RCU callbacks from CPUs: 0-63.\r\n[    0.000000] Console: colour VGA+ 80x25\r\n[    0.000000] console [tty1] enabled\r\n[    0.000000] console [ttyS0] enabled\r\n[    0.000000] console [ttyS0] enabled\r\n[    0.000000] bootconsole [earlyser0] disabled\r\n[    0.000000] bootconsole [earlyser0] disabled\r\n[    0.000000] tsc: Fast TSC calibration failed\r\n[    0.000000] tsc: Unable to calibrate against PIT\r\n[    0.000000] tsc: using PMTIMER reference calibration\r\n[    0.000000] tsc: Detected 2394.439 MHz processor\r\n[    0.016024] Calibrating delay loop (skipped), value calculated using timer frequency.. 4788.87 BogoMIPS (lpj=9577756)\r\n[    0.021277] pid_max: default: 65536 minimum: 512\r\n[    0.022662] ACPI: Core revision 20150619\r\n[    0.025243] ACPI: All ACPI Tables successfully acquired\r\n[    0.029237] Security Framework initialized\r\n[    0.030440] AppArmor: AppArmor initialized\r\n[    0.032021] Yama: becoming mindful.\r\n[    0.033423] Dentry cache hash table entries: 262144 (order: 9, 2097152 bytes)\r\n[    0.035072] Inode-cache hash table entries: 131072 (order: 8, 1048576 bytes)\r\n[    0.036185] Mount-cache hash table entries: 4096 (order: 3, 32768 bytes)\r\n[    0.037545] Mountpoint-cache hash table entries: 4096 (order: 3, 32768 bytes)\r\n[    0.039159] Initializing cgroup subsys blkio\r\n[    0.040015] Initializing cgroup subsys memory\r\n[    0.041358] Initializing cgroup subsys devices\r\n[    0.042521] Initializing cgroup subsys freezer\r\n[    0.044052] Initializing cgroup subsys net_cls\r\n[    0.046066] Initializing cgroup subsys perf_event\r\n[    0.048021] Initializing cgroup subsys net_prio\r\n[    0.049285] Initializing cgroup subsys hugetlb\r\n[    0.051310] mce: CPU supports 1 MCE banks\r\n[    0.053352] Last level iTLB entries: 4KB 1024, 2MB 1024, 4MB 1024\r\n[    0.054679] Last level dTLB entries: 4KB 1024, 2MB 1024, 4MB 1024, 1GB 4\r\n[    0.089988] ftrace: allocating 30947 entries in 121 pages\r\n[    0.108108] Switched APIC routing to physical flat.\r\n[    0.128000] ..TIMER: vector=0x30 apic1=0 pin1=2 apic2=-1 pin2=-1\r\n[    0.128088] smpboot: CPU0: Intel(R) Xeon(R) CPU E5-2673 v3 @ 2.40GHz (fam: 06, model: 3f, stepping: 02)\r\n[    0.144026] Performance Events: unsupported p6 CPU model 63 no PMU driver, software events only.\r\n[    0.156959] x86: Booted up 1 node, 1 CPUs\r\n[    0.160004] smpboot: Total of 1 processors activated (4788.87 BogoMIPS)\r\n[    0.164011] NMI watchdog: disabled (cpu0): hardware events not enabled\r\n[    0.168001] NMI watchdog: Shutting down hard lockup detector on all cpus\r\n[    0.177874] devtmpfs: initialized\r\n[    0.181279] evm: security.selinux\r\n[    0.184003] evm: security.SMACK64\r\n[    0.188004] evm: security.SMACK64EXEC\r\n[    0.192003] evm: security.SMACK64TRANSMUTE\r\n[    0.196004] evm: security.SMACK64MMAP\r\n[    0.200004] evm: security.ima\r\n[    0.204001] evm: security.capability\r\n[    0.208066] PM: Registering ACPI NVS region [mem 0x1ffff000-0x1fffffff] (4096 bytes)\r\n[    0.212077] clocksource: jiffies: mask: 0xffffffff max_cycles: 0xffffffff, max_idle_ns: 7645041785100000 ns\r\n[    0.216862] pinctrl core: initialized pinctrl subsystem\r\n[    0.220332] RTC time:  3:00:18, date: 04/22/16\r\n[    0.224166] NET: Registered protocol family 16\r\n[    0.228136] cpuidle: using governor ladder\r\n[    0.232004] cpuidle: using governor menu\r\n[    0.236085] ACPI: bus type PCI registered\r\n[    0.240002] acpiphp: ACPI Hot Plug PCI Controller Driver version: 0.5\r\n[    0.248260] PCI: Using configuration type 1 for base access\r\n[    0.253173] ACPI: Added _OSI(Module Device)\r\n[    0.256003] ACPI: Added _OSI(Processor Device)\r\n[    0.260002] ACPI: Added _OSI(3.0 _SCP Extensions)\r\n[    0.264003] ACPI: Added _OSI(Processor Aggregator Device)\r\n[    0.269731] ACPI: Interpreter enabled\r\n[    0.272005] ACPI Exception: AE_NOT_FOUND, While evaluating Sleep State [\\_S1_] (20150619/hwxface-580)\r\n[    0.284002] ACPI Exception: AE_NOT_FOUND, While evaluating Sleep State [\\_S2_] (20150619/hwxface-580)\r\n[    0.296003] ACPI Exception: AE_NOT_FOUND, While evaluating Sleep State [\\_S3_] (20150619/hwxface-580)\r\n[    0.308004] ACPI Exception: AE_NOT_FOUND, While evaluating Sleep State [\\_S4_] (20150619/hwxface-580)\r\n[    0.320006] ACPI: (supports S0 S5)\r\n[    0.324001] ACPI: Using IOAPIC for interrupt routing\r\n[    0.328024] PCI: Using host bridge windows from ACPI; if necessary, use \"pci=nocrs\" and report a bug\r\n[    0.341974] ACPI: PCI Root Bridge [PCI0] (domain 0000 [bus 00-ff])\r\n[    0.344006] acpi PNP0A03:00: _OSC: OS supports [ASPM ClockPM Segments MSI]\r\n[    0.348008] acpi PNP0A03:00: _OSC failed (AE_NOT_FOUND); disabling ASPM\r\n[    0.352320] acpi PNP0A03:00: fail to add MMCONFIG information, can't access extended PCI configuration space under this bridge.\r\n[    0.356129] PCI host bridge to bus 0000:00\r\n[    0.360003] pci_bus 0000:00: root bus resource [bus 00-ff]\r\n[    0.364003] pci_bus 0000:00: root bus resource [mem 0xfe0000000-0xfffefffff window]\r\n[    0.368003] pci_bus 0000:00: root bus resource [io  0x0000-0x0cf7 window]\r\n[    0.372002] pci_bus 0000:00: root bus resource [io  0x0d00-0xffff window]\r\n[    0.376004] pci_bus 0000:00: root bus resource [mem 0x000a0000-0x000bffff window]\r\n[    0.380003] pci_bus 0000:00: root bus resource [mem 0x20000000-0xfffbffff window]\r\n[    0.390887] pci 0000:00:07.1: legacy IDE quirk: reg 0x10: [io  0x01f0-0x01f7]\r\n[    0.392003] pci 0000:00:07.1: legacy IDE quirk: reg 0x14: [io  0x03f6]\r\n[    0.396005] pci 0000:00:07.1: legacy IDE quirk: reg 0x18: [io  0x0170-0x0177]\r\n[    0.400003] pci 0000:00:07.1: legacy IDE quirk: reg 0x1c: [io  0x0376]\r\n[    0.404358] * Found PM-Timer Bug on the chipset. Due to workarounds for a bug,\r\n[    0.404358] * this clock source is slow. Consider trying other clock sources\r\n[    0.412823] pci 0000:00:07.3: quirk: [io  0x0400-0x043f] claimed by PIIX4 ACPI\r\n[    0.424449] ACPI: PCI Interrupt Link [LNKA] (IRQs 3 4 5 7 9 10 *11 12 14 15)\r\n[    0.444159] ACPI: PCI Interrupt Link [LNKB] (IRQs 3 4 5 7 9 10 11 12 14 15) *0, disabled.\r\n[    0.468167] ACPI: PCI Interrupt Link [LNKC] (IRQs 3 4 5 7 9 10 11 12 14 15) *0, disabled.\r\n[    0.493530] ACPI: PCI Interrupt Link [LNKD] (IRQs 3 4 5 7 9 10 11 12 14 15) *0, disabled.\r\n[    0.517407] ACPI: Enabled 1 GPEs in block 00 to 0F\r\n[    0.520131] vgaarb: setting as boot device: PCI:0000:00:08.0\r\n[    0.524000] vgaarb: device added: PCI:0000:00:08.0,decodes=io+mem,owns=io+mem,locks=none\r\n[    0.524002] vgaarb: loaded\r\n[    0.528001] vgaarb: bridge control possible 0000:00:08.0\r\n[    0.532169] SCSI subsystem initialized\r\n[    0.536075] ACPI: bus type USB registered\r\n[    0.540016] usbcore: registered new interface driver usbfs\r\n[    0.544008] usbcore: registered new interface driver hub\r\n[    0.548027] usbcore: registered new device driver usb\r\n[    0.552151] PCI: Using ACPI for IRQ routing\r\n[    0.556401] NetLabel: Initializing\r\n[    0.560002] NetLabel:  domain hash size = 128\r\n[    0.564003] NetLabel:  protocols = UNLABELED CIPSOv4\r\n[    0.568014] NetLabel:  unlabeled traffic allowed by default\r\n[    0.572085] clocksource: Switched to clocksource hyperv_clocksource\r\n[    0.593141] AppArmor: AppArmor Filesystem Enabled\r\n[    0.601503] pnp: PnP ACPI init\r\n[    0.608921] system 00:06: [io  0x01e0-0x01ef] has been reserved\r\n[    0.618586] system 00:06: [io  0x0160-0x016f] has been reserved\r\n[    0.634972] system 00:06: [io  0x0278-0x027f] has been reserved\r\n[    0.644530] system 00:06: [io  0x0378-0x037f] has been reserved\r\n[    0.653764] system 00:06: [io  0x0678-0x067f] has been reserved\r\n[    0.663221] system 00:06: [io  0x0778-0x077f] has been reserved\r\n[    0.673050] system 00:06: [io  0x04d0-0x04d1] has been reserved\r\n[    0.683063] system 00:07: [io  0x0400-0x043f] has been reserved\r\n[    0.693432] system 00:07: [io  0x0370-0x0371] has been reserved\r\n[    0.703860] system 00:07: [io  0x0440-0x044f] has been reserved\r\n[    0.713784] system 00:07: [mem 0xfec00000-0xfec00fff] could not be reserved\r\n[    0.725440] system 00:07: [mem 0xfee00000-0xfee00fff] has been reserved\r\n[    0.737212] system 00:08: [mem 0x00000000-0x0009ffff] could not be reserved\r\n[    0.749348] system 00:08: [mem 0x000c0000-0x000dffff] could not be reserved\r\n[    0.761975] system 00:08: [mem 0x000e0000-0x000fffff] could not be reserved\r\n[    0.774722] system 00:08: [mem 0x00100000-0x1fffffff] could not be reserved\r\n[    0.787161] system 00:08: [mem 0xfffc0000-0xffffffff] has been reserved\r\n[    0.799489] pnp: PnP ACPI: found 9 devices\r\n[    0.812399] clocksource: acpi_pm: mask: 0xffffff max_cycles: 0xffffff, max_idle_ns: 2085701024 ns\r\n[    0.828735] NET: Registered protocol family 2\r\n[    0.837063] TCP established hash table entries: 16384 (order: 5, 131072 bytes)\r\n[    0.850070] TCP bind hash table entries: 16384 (order: 6, 262144 bytes)\r\n[    0.860635] TCP: Hash tables configured (established 16384 bind 16384)\r\n[    0.871610] UDP hash table entries: 1024 (order: 3, 32768 bytes)\r\n[    0.881888] UDP-Lite hash table entries: 1024 (order: 3, 32768 bytes)\r\n[    0.892889] NET: Registered protocol family 1\r\n[    0.900443] pci 0000:00:00.0: Limiting direct PCI/PCI transfers\r\n[    0.913798] Trying to unpack rootfs image as initramfs...\r\n[    1.994006] Freeing initrd memory: 30524K (ffff88001d9d3000 - ffff88001f7a2000)\r\n[    2.006960] PCI-DMA: Using software bounce buffering for IO (SWIOTLB)\r\n[    2.018028] software IO TLB [mem 0x199d3000-0x1d9d3000] (64MB) mapped at [ffff8800199d3000-ffff88001d9d2fff]\r\n[    2.034328] clocksource: tsc: mask: 0xffffffffffffffff max_cycles: 0x2283b23808b, max_idle_ns: 440795281090 ns\r\n[    2.050808] RAPL PMU detected, API unit is 2^-32 Joules, 3 fixed counters 10737418240 ms ovfl timer\r\n[    2.066897] hw unit of domain pp0-core 2^-0 Joules\r\n[    2.075370] hw unit of domain package 2^-0 Joules\r\n[    2.083773] hw unit of domain dram 2^-16 Joules\r\n[    2.091712] microcode: CPU0 sig=0x306f2, pf=0x1, revision=0xffffffff\r\n[    2.102846] microcode: Microcode Update Driver: v2.00 <tigran@aivazian.fsnet.co.uk>, Peter Oruba\r\n[    2.118410] Scanning for low memory corruption every 60 seconds\r\n[    2.129294] futex hash table entries: 16384 (order: 8, 1048576 bytes)\r\n[    2.140704] Initialise system trusted keyring\r\n[    2.148361] audit: initializing netlink subsys (disabled)\r\n[    2.158754] audit: type=2000 audit(1461294020.156:1): initialized\r\n[    2.169978] HugeTLB registered 2 MB page size, pre-allocated 0 pages\r\n[    2.181977] zpool: loaded\r\n[    2.187226] zbud: loaded\r\n[    2.192448] VFS: Disk quotas dquot_6.6.0\r\n[    2.199639] VFS: Dquot-cache hash table entries: 512 (order 0, 4096 bytes)\r\n[    2.212509] fuse init (API version 7.23)\r\n[    2.221141] Key type big_key registered\r\n[    2.228240] Key type asymmetric registered\r\n[    2.235750] Asymmetric key parser 'x509' registered\r\n[    2.244468] Block layer SCSI generic (bsg) driver version 0.4 loaded (major 249)\r\n[    2.258480] io scheduler noop registered\r\n[    2.265739] io scheduler deadline registered (default)\r\n[    2.274762] io scheduler cfq registered\r\n[    2.281905] pci_hotplug: PCI Hot Plug PCI Core version: 0.5\r\n[    2.291598] pciehp: PCI Express Hot Plug Controller Driver version: 0.4\r\n[    2.304021] input: Power Button as /devices/LNXSYSTM:00/LNXPWRBN:00/input/input0\r\n[    2.318203] ACPI: Power Button [PWRF]\r\n[    2.325406] GHES: HEST is not enabled!\r\n[    2.332741] Serial: 8250/16550 driver, 32 ports, IRQ sharing enabled\r\n[    2.403610] 00:03: ttyS0 at I/O 0x3f8 (irq = 4, base_baud = 115200) is a 16550A\r\n[    2.471345] 00:04: ttyS1 at I/O 0x2f8 (irq = 3, base_baud = 115200) is a 16550A\r\n[    2.484649] Linux agpgart interface v0.103\r\n[    2.493724] brd: module loaded\r\n[    2.500681] loop: module loaded\r\n[    2.506931] ata_piix 0000:00:07.1: Hyper-V Virtual Machine detected, ATA device ignore set\r\n[    2.523817] scsi host0: ata_piix\r\n[    2.530583] scsi host1: ata_piix\r\n[    2.537371] ata1: PATA max UDMA/33 cmd 0x1f0 ctl 0x3f6 bmdma 0xffa0 irq 14\r\n[    2.550038] ata2: PATA max UDMA/33 cmd 0x170 ctl 0x376 bmdma 0xffa8 irq 15\r\n[    2.563637] libphy: Fixed MDIO Bus: probed\r\n[    2.572225] tun: Universal TUN/TAP device driver, 1.6\r\n[    2.581661] tun: (C) 1999-2004 Max Krasnyansky <maxk@qualcomm.com>\r\n[    2.593167] PPP generic driver version 2.4.2\r\n[    2.601459] ehci_hcd: USB 2.0 'Enhanced' Host Controller (EHCI) Driver\r\n[    2.613152] ehci-pci: EHCI PCI platform driver\r\n[    2.621383] ehci-platform: EHCI generic platform driver\r\n[    2.631088] ohci_hcd: USB 1.1 'Open' Host Controller (OHCI) Driver\r\n[    2.642378] ohci-pci: OHCI PCI platform driver\r\n[    2.650659] ohci-platform: OHCI generic platform driver\r\n[    2.660593] uhci_hcd: USB Universal Host Controller Interface driver\r\n[    2.673721] i8042: PNP: PS/2 Controller [PNP0303:PS2K,PNP0f03:PS2M] at 0x60,0x64 irq 1,12\r\n[    2.691941] serio: i8042 KBD port at 0x60,0x64 irq 1\r\n[    2.701387] serio: i8042 AUX port at 0x60,0x64 irq 12\r\n[    2.710890] mousedev: PS/2 mouse device common for all mice\r\n[    2.724910] rtc_cmos 00:00: RTC can wake from S4\r\n[    2.775535] input: AT Translated Set 2 keyboard as /devices/platform/i8042/serio0/input/input1\r\n[    2.791490] ata2.00: ATAPI: Virtual CD, , max MWDMA2\r\n[    2.803144] ata2.00: configured for MWDMA2\r\n[    2.812376] scsi 1:0:0:0: CD-ROM            Msft     Virtual CD/ROM   1.0  PQ: 0 ANSI: 5\r\n[    2.828617] sr 1:0:0:0: [sr0] scsi3-mmc drive: 0x/0x tray\r\n[    2.838367] cdrom: Uniform CD-ROM driver Revision: 3.20\r\n[    2.848868] rtc_cmos 00:00: rtc core: registered rtc_cmos as rtc0\r\n[    2.860843] rtc_cmos 00:00: alarms up to one month, 114 bytes nvram\r\n[    2.872835] sr 1:0:0:0: Attached scsi generic sg0 type 5\r\n[    2.882567] i2c /dev entries driver\r\n[    2.889535] device-mapper: uevent: version 1.0.3\r\n[    2.898546] device-mapper: ioctl: 4.33.0-ioctl (2015-8-18) initialised: dm-devel@redhat.com\r\n[    2.915463] ledtrig-cpu: registered to indicate activity on CPUs\r\n[    2.927051] PCCT header not found.\r\n[    2.934357] NET: Registered protocol family 10\r\n[    2.943735] NET: Registered protocol family 17\r\n[    2.951730] Key type dns_resolver registered\r\n[    2.964991] Loading compiled-in X.509 certificates\r\n[    2.974383] Loaded X.509 cert 'Build time autogenerated kernel key: d2cd13f45fa3b012fc89b8d500f91dcca4d9e0a8'\r\n[    2.991836] registered taskstats version 1\r\n[    3.000616] zswap: loading zswap\r\n[    3.006780] zswap: using zbud pool\r\n[    3.013135] zswap: using lzo compressor\r\n[    3.021258] Key type trusted registered\r\n[    3.030825] Key type encrypted registered\r\n[    3.037666] AppArmor: AppArmor sha1 policy hashing enabled\r\n[    3.048944] ima: No TPM chip found, activating TPM-bypass!\r\n[    3.058118] evm: HMAC attrs: 0x1\r\n[    3.064453]   Magic number: 12:915:7\r\n[    3.070979] rtc_cmos 00:00: setting system clock to 2016-04-22 03:00:21 UTC (1461294021)\r\n[    3.084152] BIOS EDD facility v0.16 2004-Jun-25, 0 devices found\r\n[    3.094430] EDD information not available.\r\n[    3.104232] Freeing unused kernel memory: 1464K (ffffffff81f37000 - ffffffff820a5000)\r\n[    3.116602] Write protecting the kernel read-only data: 14336k\r\n[    3.126656] Freeing unused kernel memory: 2044K (ffff880001801000 - ffff880001a00000)\r\n[    3.138839] Freeing unused kernel memory: 292K (ffff880001db7000 - ffff880001e00000)\r\nLoading, please wait...\r\nstarting version 225\r\n[    3.177663] random: systemd-udevd urandom read with 4 bits of entropy available\r\n[    3.272868] clocksource: hyperv_clocksource_tsc_page: mask: 0xffffffffffffffff max_cycles: 0x24e6a1710, max_idle_ns: 440795202120 ns\r\n[    3.334966] Floppy drive(s): fd0 is 1.44M\r\n[    3.403587] clocksource: Switched to clocksource hyperv_clocksource_tsc_page\r\n[    3.415749] FDC 0 is an 82078.\r\n[    3.452562] AVX2 version of gcm_enc/dec engaged.\r\n[    3.460400] AES CTR mode by8 optimization enabled\r\n[    3.478711] hv_vmbus: Hyper-V Host Build:9600-6.3-18-0.18190; Vmbus version:3.0\r\n[    3.542566] hv_vmbus: registering driver hv_storvsc\r\n[    3.553996] hidraw: raw HID events driver (C) Jiri Kosina\r\n[    3.564322] hv_utils: Registering HyperV Utility Driver\r\n[    3.573031] hv_vmbus: registering driver hv_util\r\n[    3.596577] hv_vmbus: registering driver hid_hyperv\r\n[    3.612767] scsi host2: storvsc_host_t\r\n[    3.619410] scsi 2:0:0:0: Direct-Access     Msft     Virtual Disk     1.0  PQ: 0 ANSI: 4\r\n[    3.632499] sd 2:0:0:0: Attached scsi generic sg1 type 0\r\n[    3.641613] sd 2:0:0:0: [sda] 61440000 512-byte logical blocks: (31.4 GB/29.2 GiB)\r\n[    3.654253] input: Microsoft Vmbus HID-compliant Mouse as /devices/0006:045E:0621.0001/input/input4\r\n[    3.669693] hid 0006:045E:0621.0001: input: <UNKNOWN> HID v0.01 Mouse [Microsoft Vmbus HID-compliant Mouse] on \r\n[    3.688068] hv_vmbus: registering driver hv_netvsc\r\n[    3.696470] sd 2:0:0:0: [sda] Write Protect is off\r\n[    3.705126] sd 2:0:0:0: [sda] Write cache: enabled, read cache: enabled, supports DPO and FUA\r\n[    3.720340] scsi host3: storvsc_host_t\r\n[    3.727468] scsi 3:0:1:0: Direct-Access     Msft     Virtual Disk     1.0  PQ: 0 ANSI: 4\r\n[    3.742010]  sda: sda1\r\n[    3.746588] sd 3:0:1:0: Attached scsi generic sg2 type 0\r\n[    3.755031] sd 3:0:1:0: [sdb] 146800640 512-byte logical blocks: (75.1 GB/70.0 GiB)\r\n[    3.768303] hv_netvsc: hv_netvsc channel opened successfully\r\n[    3.778072] sd 3:0:1:0: [sdb] Write Protect is off\r\n[    3.786324] psmouse serio1: trackpoint: failed to get extended button data\r\n[    3.800745] sd 2:0:0:0: [sda] Attached SCSI disk\r\n[    3.808422] sd 3:0:1:0: [sdb] Write cache: enabled, read cache: enabled, supports DPO and FUA\r\n[    3.822398]  sdb: sdb1\r\n[    3.830749] sd 3:0:1:0: [sdb] Attached SCSI disk\r\n[    3.945513] hv_netvsc vmbus_16: Send section size: 6144, Section count:2560\r\n[    3.958163] hv_netvsc vmbus_16: Device MAC 00:0d:3a:a0:39:50 link state up\r\n[    3.982516] scsi host4: storvsc_host_t\r\n[    3.989344] scsi 4:0:0:0: scsi scan: INQUIRY result too short (5), using 36\r\n[    4.001569] scsi 4:0:0:1: scsi scan: INQUIRY result too short (5), using 36\r\n[    4.014009] scsi 4:0:1:0: scsi scan: INQUIRY result too short (5), using 36\r\n[    4.026252] scsi 4:0:1:1: scsi scan: INQUIRY result too short (5), using 36\r\n[    4.038591] scsi 4:1:0:0: scsi scan: INQUIRY result too short (5), using 36\r\n[    4.049959] scsi 4:1:0:1: scsi scan: INQUIRY result too short (5), using 36\r\n[    4.061678] scsi 4:1:1:0: scsi scan: INQUIRY result too short (5), using 36\r\n[    4.075040] scsi host5: storvsc_host_t\r\n[    4.081725] scsi 4:1:1:1: scsi scan: INQUIRY result too short (5), using 36\r\n[    4.093824] scsi 5:0:0:0: scsi scan: INQUIRY result too short (5), using 36\r\n[    4.105078] scsi 4:2:0:0: scsi scan: INQUIRY result too short (5), using 36\r\n[    4.116340] scsi 5:0:0:1: scsi scan: INQUIRY result too short (5), using 36\r\n[    4.127429] scsi 4:2:0:1: scsi scan: INQUIRY result too short (5), using 36\r\n[    4.138471] scsi 5:0:1:0: scsi scan: INQUIRY result too short (5), using 36\r\n[    4.149170] scsi 4:2:1:0: scsi scan: INQUIRY result too short (5), using 36\r\n[    4.160026] scsi 5:0:1:1: scsi scan: INQUIRY result too short (5), using 36\r\n[    4.171456] scsi 4:2:1:1: scsi scan: INQUIRY result too short (5), using 36\r\n[    4.182277] scsi 5:1:0:0: scsi scan: INQUIRY result too short (5), using 36\r\n[    4.193054] scsi 4:3:0:0: scsi scan: INQUIRY result too short (5), using 36\r\n[    4.204975] scsi 5:1:0:1: scsi scan: INQUIRY result too short (5), using 36\r\n[    4.216335] scsi 4:3:0:1: scsi scan: INQUIRY result too short (5), using 36\r\n[    4.227337] scsi 5:1:1:0: scsi scan: INQUIRY result too short (5), using 36\r\n[    4.238598] scsi 4:3:1:0: scsi scan: INQUIRY result too short (5), using 36\r\n[    4.249366] scsi 5:1:1:1: scsi scan: INQUIRY result too short (5), using 36\r\n[    4.260049] scsi 4:3:1:1: scsi scan: INQUIRY result too short (5), using 36\r\n[    4.270774] scsi 5:2:0:0: scsi scan: INQUIRY result too short (5), using 36\r\n[    4.281423] scsi 4:4:0:0: scsi scan: INQUIRY result too short (5), using 36\r\n[    4.292708] scsi 5:2:0:1: scsi scan: INQUIRY result too short (5), using 36\r\n[    4.303795] scsi 4:4:0:1: scsi scan: INQUIRY result too short (5), using 36\r\n[    4.314799] scsi 5:2:1:0: scsi scan: INQUIRY result too short (5), using 36\r\n[    4.325808] scsi 4:4:1:0: scsi scan: INQUIRY result too short (5), using 36\r\n[    4.336492] scsi 4:4:1:1: scsi scan: INQUIRY result too short (5), using 36\r\n[    4.347158] scsi 5:2:1:1: scsi scan: INQUIRY result too short (5), using 36\r\n[    4.357904] scsi 4:5:0:0: scsi scan: INQUIRY result too short (5), using 36\r\n[    4.368419] scsi 5:3:0:0: scsi scan: INQUIRY result too short (5), using 36\r\n[    4.379342] scsi 4:5:0:1: scsi scan: INQUIRY result too short (5), using 36\r\n[    4.389975] scsi 5:3:0:1: scsi scan: INQUIRY result too short (5), using 36\r\n[    4.401928] scsi 4:5:1:0: scsi scan: INQUIRY result too short (5), using 36\r\n[    4.413158] scsi 5:3:1:0: scsi scan: INQUIRY result too short (5), using 36\r\n[    4.425147] scsi 4:5:1:1: scsi scan: INQUIRY result too short (5), using 36\r\n[    4.436250] scsi 5:3:1:1: scsi scan: INQUIRY result too short (5), using 36\r\n[    4.447160] scsi 4:6:0:0: scsi scan: INQUIRY result too short (5), using 36\r\n[    4.457996] scsi 5:4:0:0: scsi scan: INQUIRY result too short (5), using 36\r\n[    4.468981] scsi 4:6:0:1: scsi scan: INQUIRY result too short (5), using 36\r\n[    4.479820] scsi 5:4:0:1: scsi scan: INQUIRY result too short (5), using 36\r\n[    4.491737] scsi 4:6:1:0: scsi scan: INQUIRY result too short (5), using 36\r\n[    4.502805] scsi 5:4:1:0: scsi scan: INQUIRY result too short (5), using 36\r\n[    4.513643] scsi 4:6:1:1: scsi scan: INQUIRY result too short (5), using 36\r\n[    4.549802] scsi 5:4:1:1: scsi scan: INQUIRY result too short (5), using 36\r\n[    4.562664] scsi 5:5:0:0: scsi scan: INQUIRY result too short (5), using 36\r\n[    4.575498] scsi 4:7:0:0: scsi scan: INQUIRY result too short (5), using 36\r\n[    4.587758] scsi 5:5:0:1: scsi scan: INQUIRY result too short (5), using 36\r\n[    4.599279] scsi 4:7:0:1: scsi scan: INQUIRY result too short (5), using 36\r\n[    4.611277] scsi 5:5:1:0: scsi scan: INQUIRY result too short (5), using 36\r\n[    4.622068] scsi 4:7:1:0: scsi scan: INQUIRY result too short (5), using 36\r\n[    4.633461] scsi 5:5:1:1: scsi scan: INQUIRY result too short (5), using 36\r\n[    4.644144] scsi 4:7:1:1: scsi scan: INQUIRY result too short (5), using 36\r\n[    4.654926] scsi 5:6:0:0: scsi scan: INQUIRY result too short (5), using 36\r\n[    4.665992] scsi 5:6:0:1: scsi scan: INQUIRY result too short (5), using 36\r\n[    4.677355] scsi 5:6:1:0: scsi scan: INQUIRY result too short (5), using 36\r\n[    4.689361] scsi 5:6:1:1: scsi scan: INQUIRY result too short (5), using 36\r\n[    4.700962] scsi 5:7:0:0: scsi scan: INQUIRY result too short (5), using 36\r\n[    4.712194] scsi 5:7:0:1: scsi scan: INQUIRY result too short (5), using 36\r\n[    4.726307] scsi 5:7:1:0: scsi scan: INQUIRY result too short (5), using 36\r\n[    4.737492] scsi 5:7:1:1: scsi scan: INQUIRY result too short (5), using 36\r\nBegin: Loading essential drivers ... done.\r\r\nBegin: Running /scripts/init-premount ... done.\r\r\nBegin: Mounting root file system ... Begin: Running /scripts/local-top ... done.\r\r\nBegin: Running /scripts/local-premount ... done.\r\r\nBegin: Checking root file system ... fsck from util-linux 2.26.2\r\r\ncloudimg-rootfs: clean, 73604/245504 files, 352114/524032 blocks\r\r\ndone.\r\r\n[    6.757455] EXT4-fs (sda1): mounted filesystem with ordered data mode. Opts: (null)\r\ndone.\r\r\nBegin: Running /scripts/local-bottom ... done.\r\r\nBegin: Running /scripts/init-bottom ...
[    7.559519] random: nonblocking pool is initialized\r\nWarning: overlayroot: debug is busted\r\r\ndone.\r\r\n[    8.684069] psmouse serio1: trackpoint: IBM TrackPoint firmware: 0x01, buttons: 0/0\r\n[    8.705667] input: TPPS/2 IBM TrackPoint as /devices/platform/i8042/serio1/input/input3\r\n[   11.525564] systemd[1]: Failed to insert module 'kdbus': Function not implemented\r\n[   12.127264] systemd[1]: systemd 225 running in system mode. (+PAM +AUDIT +SELINUX +IMA +APPARMOR +SMACK +SYSVINIT +UTMP +LIBCRYPTSETUP +GCRYPT +GNUTLS +ACL +XZ -LZ4 +SECCOMP +BLKID -ELFUTILS +KMOD -IDN)\r\n[   12.166369] systemd[1]: Detected virtualization microsoft.\r\n[   12.178017] systemd[1]: Detected architecture x86-64.\r\n\r\r\nWelcome to \u001b[1mUbuntu 15.10\u001b[0m![   12.263890] systemd[1]: Set hostname to <ubuntu>.\r\n\r\r\n\r\r\n[   12.334420] systemd[1]: Initializing machine ID from random generator.\r\n[   12.349438] systemd[1]: Installed transient /etc/machine-id file.\r\n-.mount\r\r\netc-machine\\x2did.mount\r[   13.633553] systemd[1]: sshd-keygen.service: Cannot add dependency job, ignoring: Unit sshd-keygen.service failed to load: No such file or directory.\r\n\r\n[   13.672230] systemd[1]: sshd-keygen.service: Cannot add dependency job, ignoring: Unit sshd-keygen.service failed to load: No such file or directory.\r\n[   13.704348] systemd[1]: display-manager.service: Cannot add dependency job, ignoring: Unit display-manager.service failed to load: No such file or directory.\r\n[   13.737488] systemd[1]: Reached target Remote File Systems (Pre).\r\n[\u001b[32m  OK  \u001b[0m[   13.756054] systemd[1]: Reached target User and Group Name Lookups.\r\n] Reached target Remote File Systems (Pre).\r\r\n[\u001b[32m  OK  \u001b[0m[   13.785629] systemd[1]: Set up automount Arbitrary Executable File Formats File System Automount Point.\r\n] Reached target User and Group Name Lookups.\r\r\n[\u001b[32m  OK  \u001b[0m[   13.820485] systemd[1]: Reached target Encrypted Volumes.\r\n] Set up automount Arbitrary Executab...ats File System Automount Point.\r\r\n[\u001b[32m  OK  \u001b[0m[   13.846243] systemd[1]: Created slice Root Slice.\r\n] Reached target Encrypted Volumes.\r\r\n[\u001b[32m  OK  \u001b[0m[   13.863018] systemd[1]: Created slice User and Session Slice.\r\n] Created slice Root Slice.\r\r\n[\u001b[32m  OK  \u001b[0m[   13.879760] systemd[1]: Listening on udev Control Socket.\r\n] Created slice User and Session Slice.\r\r\n[\u001b[32m  OK  \u001b[0m[   13.896764] systemd[1]: Listening on /dev/initctl Compatibility Named Pipe.\r\n] Listening on udev Control Socket.\r\r\n[\u001b[32m  OK  \u001b[0m[   13.915462] systemd[1]: Listening on Journal Socket (/dev/log).\r\n] Listening on /dev/initctl Compatibility Named Pipe.\r\r\n[\u001b[32m  OK  \u001b[0m[   13.934206] systemd[1]: Listening on udev Kernel Socket.\r\n] Listening on Journal Socket (/dev/log).\r\r\n[\u001b[32m  OK  \u001b[0m[   13.950550] systemd[1]: Listening on Journal Audit Socket.\r\n] Listening on udev Kernel Socket.\r\r\n[\u001b[32m  OK  \u001b[0m[   13.966610] systemd[1]: Started Forward Password Requests to Wall Directory Watch.\r\n] Listening on Journal Audit Socket.\r\r\n[\u001b[32m  OK  \u001b[0m[   13.989050] systemd[1]: Listening on Journal Socket.\r\n] Started Forward Password Requests to Wall Directory Watch.\r\r\n[[   14.004941] systemd[1]: Reached target Swap.\r\n\u001b[32m  OK  \u001b[0m] Listening on Journal Socket.\r\r\n[[   14.018809] systemd[1]: Created slice System Slice.\r\n\u001b[32m  OK  \u001b[0m] Reached target Swap.\r\r\n[\u001b[32m  OK  \u001b[0m] Created slice System Slice.\r\r\n[   14.067975] systemd[1]: Starting Load Kernel Modules...\r\n         Starting Load Kernel Modules...[   14.084465] systemd[1]: Mounting Debug File System...\r\n\r\r\n         Mounting Debug File System...[   14.104527] systemd[1]: Starting Remount Root and Kernel File Systems...\r\n\r\r\n         Starting Remount Root and Kernel File Systems...[   14.125170] systemd[1]: Mounting POSIX Message Queue File System...\r\n\r\r\n         Mounting POSIX Message Queue File System...[   14.145322] systemd[1]: Mounting Huge Pages File System...\r\n\r\r\n         Mounting Huge Pages File System...[   14.163497] systemd[1]: Reached target Slices.\r\n\r\r\n[\u001b[32m  OK  \u001b[0m[   14.178741] EXT4-fs (sda1): re-mounted. Opts: discard\r\n[   14.188639] systemd[1]: Starting Uncomplicated firewall...\r\n] Reached target Slices.\r\r\n        
[   14.210565] systemd[1]: Created slice system-getty.slice.\r\nStarting Uncomplicated firewall...\r\r\n[\u001b[32m  OK  \u001b[0m]
[   14.228095] systemd[1]: Created slice system-serial\\x2dgetty.slice.\r\nCreated slice system-getty.slice.\r\r\n[\u001b[32m  OK  \u001b[0m]
[   14.246850] systemd[1]: Starting Increase datagram queue length...\r\nCreated slice system-serial\\x2dgetty.slice.\r\r\n         Starting Increase datagram queue length...[   14.271228] systemd[1]: Starting Setup Virtual Console...\r\n\r\r\n         Starting Setup Virtual Console...[   14.288852] systemd[1]: Starting Create list of required static device nodes for the current kernel...\r\n\r\r\n         Starting Create list of required st... nodes for the current kernel...[   14.315495] systemd[1]: Starting udev Coldplug all Devices...\r\n\r\r\n         Starting udev Coldplug all Devices...[   14.334667] systemd[1]: Mounted Debug File System.\r\n\r\r\n[\u001b[32m  OK  \u001b[0m[   14.348461] systemd[1]: Mounted POSIX Message Queue File System.\r\n] Mounted Debug File System.\r\r\nsys-kernel-debug.mount[   14.368060] systemd[1]: Mounted Huge Pages File System.\r\n\r\r\n[\u001b[32m  OK  \u001b[0m] Mounted POSIX Message Queue File System.\r[   14.385328] systemd[1]: Started Load Kernel Modules.\r\n\r\n[\u001b[32m  OK  \u001b[0m] Mounted Huge Pages File System.\r\r\ndev-mqueue.mount\r\r\n[\u001b[32m  OK  \u001b[0m] Started Load Kernel Modules.\r[   14.412323] systemd[1]: Started Remount Root and Kernel File Systems.\r\n\r\ndev-hugepages.mount\r\r\n[   14.428683] systemd[1]: Started Uncomplicated firewall.\r\n[\u001b[32m  OK  \u001b[0m] Started Remount Root and Kernel File Systems.\r\r\nsystemd-modules-load.service[   14.454149] systemd[1]: Started Increase datagram queue length.\r\n\r\r\nsystemd-remount-fs.service\r\r\n[\u001b[32m  OK  \u001b[0m] Started Uncomplicated firewall.\r[   14.475539] systemd[1]: Started Setup Virtual Console.\r\n\r\n[\u001b[32m  OK  \u001b[0m] Started Increase datagram queue length.\r[   14.491111] systemd[1]: Started Create list of required static device nodes for the current kernel.\r\n\r\nufw.service\r\r\n[\u001b[32m  OK  \u001b[0m] Started Setup Virtual Console.\r\r\nsystemd-setup-dgram-qlen.service[   14.523010] systemd[1]: Time has been changed\r\n\r\r\n[\u001b[32m  OK  \u001b[0m] Started Create list of required sta...ce nodes for the current kernel.\r\r\nsystemd-vconsole-setup.service\r\r\nkmod-static-nodes.service\r\r\n[   14.609759] systemd[1]: Starting Create Static Device Nodes in /dev...\r\n        
[   14.638962] systemd[1]: Listening on Syslog Socket.\r\nStarting Create Static Device Nodes in /dev...\r\r\n[   14.655406] systemd[1]: Starting Journal Service...\r\n[\u001b[32m  OK  \u001b[0m] Listening on Syslog Socket.\r\r\n         Starting Journal Service...\r[   14.677707] systemd[1]: Starting Load/Save Random Seed...\r\n\r\n         Starting Load/Save Random Seed...[   14.696220] systemd[1]: Starting Ensure /etc/mtab is a symlink to /proc/mounts...\r\n\r\r\n         Starting Ensure /etc/mtab is a symlink to /proc/mounts...[   14.720688] systemd[1]: Mounting FUSE Control File System...\r\n\r\r\n         Mounting FUSE Control File System...[   14.746918] systemd[1]: Starting Apply Kernel Variables...\r\n\r\r\n         Starting Apply Kernel Variables...[   14.773068] systemd[1]: Mounted FUSE Control File System.\r\n\r\r\n[   14.784062] systemd[1]: Started udev Coldplug all Devices.\r\n[\u001b[32m  OK  \u001b[0m] Mounted FUSE Control File System.\r\r\nsys-fs-fuse-connections.mount[   14.816616] systemd[1]: Started Load/Save Random Seed.\r\n\r\r\n[\u001b[32m  OK  \u001b[0m] Started udev Coldplug all Devices.\r[   14.841874] systemd[1]: Started Ensure /etc/mtab is a symlink to /proc/mounts.\r\n\r\n[\u001b[32m  OK  \u001b[0m] Started Load/Save Random Seed.\r\r\nsystemd-udev-trigger.service\r\r\n[\u001b[32m  OK  \u001b[0m] Started Ensure /etc/mtab is a symlink to /proc/mounts.\r\r\n[\u001b[32m  OK  \u001b[0m] Started Apply Kernel Variables.\r\r\n[systemd-random-seed.service\r\r\n\u001b[32m  OK  \u001b[0m] Started Journal Service.\r\r\n         Starting Flush Journal to Persistent Storage...\r\r\ndebian-fixup.service\r\r\nsystemd-sysctl.service\r\r\nsystemd-journald.service\r\r\n[\u001b[32m  OK  \u001b[0m] Started Flush Journal to Persistent Storage.\r\r\nsystemd-journal-flush.service\r\r\n[\u001b[32m  OK  \u001b[0m] Started Create Static Device Nodes in /dev.\r\r\n         Starting udev Kernel Device Manager...\r\r\nsystemd-tmpfiles-setup-dev.service\r\r\n[\u001b[32m  OK  \u001b[0m] Started udev Kernel Device Manager.\r\r\n[\u001b[32m  OK  \u001b[0m] Reached target Local File Systems (Pre).\r\r\nsystemd-udevd.service\r\r\n         Mounting /etc/network/interfaces.dynamic.d...\r\r\n[\u001b[32m  OK  \u001b[0m] Mounted /etc/network/interfaces.dynamic.d.\r\r\n[\u001b[32m  OK  \u001b[0m] Reached target Local File Systems.\r\r\n         Starting LSB: AppArmor initialization...\r\r\n         Starting Clean up any mess left by 0dns-up...\r\r\n         Starting Commit a transient machine-id on disk...\r\r\n         Starting Create Volatile Files and Directories...\r\r\n         Starting Tell Plymouth To Write Out Runtime Data...\r\r\n         Starting Set console keymap...\r\r\n[\u001b[32m  OK  \u001b[0m] Reached target Remote File Systems.\r\r\n         Starting Wait for all \"auto\" /etc/n... up for network-online.target...\r\r\n[\u001b[32m  OK  \u001b[0m] Started Create Volatile Files and Directories.\r\r\n         Starting Network Time Synchronization...\r\r\n         Starting Update UTMP about System Boot/Shutdown...\r\r\n[\u001b[32m  OK  \u001b[0m] Started Commit a transient machine-id on disk.\r\r\n[\u001b[32m  OK  \u001b[0m] Started Network Time Synchronization.\r\r\n[\u001b[32m  OK  \u001b[0m] Reached target System Time Synchronized.\r\r\netc-network-interfaces.dynamic.d.mount\r\r\n[\u001b[32m  OK  \u001b[0m] Started Update UTMP about System Boot/Shutdown.\r\r\nsystemd-tmpfiles-setup.service\r\r\n[\u001b[32m  OK  \u001b[0m] Started Clean up any mess left by 0dns-up.\r\r\nsystemd-machine-id-commit.service\r\r\n         Starting Nameserver information manager...\r\r\nsystemd-timesyncd.service\r\r\nsystemd-update-utmp.service\r\r\n[\u001b[32m  OK  \u001b[0m] Started Tell Plymouth To Write Out Runtime Data.\r\r\n[\u001b[32m  OK  \u001b[0m] Started Set console keymap.\r\r\n[   16.453231] piix4_smbus 0000:00:07.3: SMBus base address uninitialized - upgrade BIOS or use force_addr=0xaddr\r\n[\u001b[32m  OK  \u001b[0m] Found device /dev/ttyS0.\r\r\nresolvconf.service\r\r\n[\u001b[32m  OK  \u001b[0m] Started Nameserver information manager.\r\r\n[\u001b[32m  OK  \u001b[0m] Created slice system-ifup.slice.\r[   16.959085] intel_rapl: no valid rapl domains found in package 0\r\n\r\n[\u001b[32m  OK  \u001b[0m] Found device /sys/subsystem/net/devices/eth0.\r\r\n[\u001b[32m  OK  \u001b[0m] Started LSB: AppArmor initialization.\r\r\n         Starting LSB: Raise network interfaces....\r\r\n[\u001b[32m  OK  \u001b[0m] Started ifup for eth0.\r\r\napparmor.service\r\r\nifup@eth0.service\r\r\n[\u001b[32m  OK  \u001b[0m] Started LSB: Raise network interfaces..\r\r\n[\u001b[32m  OK  \u001b[0m] Reached target Network.\r\r\n[\u001b[32m  OK  \u001b[0m] Reached target System Initialization.\r\r\n[\u001b[32m  OK  \u001b[0m] Listening on D-Bus System Message Bus Socket.\r\r\n[\u001b[32m  OK  \u001b[0m] Started Trigger resolvconf update for networkd DNS.\r\r\n[\u001b[32m  OK  \u001b[0m] Reached target Paths.\r\r\n[\u001b[32m  OK  \u001b[0m] Listening on UUID daemon activation socket.\r\r\n[\u001b[32m  OK  \u001b[0m] Listening on ACPID Listen Socket.\r\r\n         Starting Seed the pseudo random number generator on first boot...\r\r\n[\u001b[32m  OK  \u001b[0m] Started Daily Cleanup of Temporary Directories.\r\r\n[\u001b[32m  OK  \u001b[0m] Reached target Timers.\r\r\n         Starting lxd-unix.socket.\r\r\n[\u001b[32m  OK  \u001b[0m] Listening on lxd-unix.socket.\r\r\n[\u001b[32m  OK  \u001b[0m] Reached target Sockets.\r\r\n[\u001b[32m  OK  \u001b[0m] Reached target Basic System.\r\r\n[\u001b[32m  OK  \u001b[0m] Started Hyper-V File Copy Protocol Daemon.\r\r\n         Starting Initial cloud-init job (pre-networking)...\r\r\n[\u001b[32m  OK  \u001b[0m] Started Hyper-V VSS Protocol Daemon.\r\r\n         Starting LSB: automatic crash report generation...\r\r\n[\u001b[32m  OK  \u001b[0m] Started D-Bus System Message Bus.\r\r\nnetworking.service\r\r\nhv-fcopy-daemon.service\r\r\nhv-vss-daemon.service\r\r\ndbus.service\r\r\ncgmanager.service\r\r\n         Starting LSB: Record successful boot for GRUB...\r\r\n[\u001b[32m  OK  \u001b[0m] Started Cgroup management daemon.\r\r\n[\u001b[32m  OK  \u001b[0m] Started FUSE filesystem for LXC.\r\r\n         Starting Accounts Service...\r\r\n[\u001b[32m  OK  \u001b[0m] Started Hyper-V KVP Protocol Daemon.\r\r\n         Starting LSB: Starts the Micro Name Service Cache Daemon...\r\r\n         Starting LSB: daemon to balance interrupts for SMP systems...\r\r\n         Starting Login Service...\r\r\n[\u001b[32m  OK  \u001b[0m] Started Deferred execution scheduler.\r\r\n         Starting Restore /etc/resolv.conf i...e the ppp link was shut down....\r\r\n         Starting Thermal Daemon Service...\r\r\n[\u001b[32m  OK  \u001b[0m] Started Regular background program processing daemon.\r\r\n         Starting System Logging Service...\r\r\n         Starting LSB: Set the CPU Frequency Scaling governor to \"ondemand\"...\r\r\n[\u001b[32m  OK  \u001b[0m] Started Wait for all \"auto\" /etc/ne...be up for network-online.target.\r\r\n[\u001b[32m  OK  \u001b[0m] Started LSB: automatic crash report generation.\r\r\n[\u001b[32m  OK  \u001b[0m] Started Restore /etc/resolv.conf if...ore the ppp link was shut down..\r\r\nlxcfs.service\r\r\n[\u001b[32m  OK  \u001b[0m] Reached target Network is Online.\r\r\n         Starting LXC network bridge setup...\r\r\n         Starting /etc/rc.local Compatibility...\r\r\n[\u001b[32m  OK  \u001b[0m] Started /etc/rc.local Compatibility.\r\r\n[\u001b[32m  OK  \u001b[0m] Started LSB: Set the CPU Frequency Scaling governor to \"ondemand\".\r\r\n[\u001b[32m  OK  \u001b[0m] Started LSB: Starts the Micro Name Service Cache Daemon.\r\r\n[\u001b[32m  OK  \u001b[0m] Started Login Service.\r\r\nhv-kvp-daemon.service\r\r\natd.service\r\r\ncron.service\r\r\nifup-wait-all-auto.service\r\r\napport.service\r\r\n[\u001b[32m  OK  \u001b[0m] Started LSB: Record successful boot for GRUB.\r\r\n[\u001b[32m  OK  \u001b[0m] Started LSB: daemon to balance interrupts for SMP systems.\r\r\nrc-local.service\r\r\nondemand.service\r\r\nrun-cgmanager-fs.mount\r\r\nunscd.service\r\r\nsystemd-logind.service\r\r\ngrub-common.service\r\r\nirqbalance.service\r\r\nvar-lib-lxcfs.mount\r\r\n         Starting Authenticate and Authorize Users to Run Privileged Tasks...\r\r\n[\u001b[32m  OK  \u001b[0m] Started Thermal Daemon Service.\r\r\nthermald.service\r\r\n[\u001b[32m  OK  \u001b[0m] Started Authenticate and Authorize Users to Run Privileged Tasks.\r\r\n[\u001b[32m  OK  \u001b[0m] Started Accounts Service.\r\r\npolkitd.service\r\r\naccounts-daemon.service\r\r\n[\u001b[32m  OK  \u001b[0m] Started LXC network bridge setup.\r\r\n         Starting LXC Container Initialization and Autoboot Code...\r\r\nlxc-net.service\r\r\n[\u001b[32m  OK  \u001b[0m] Started LXC Container Initialization and Autoboot Code.\r\r\n         Starting Container hypervisor based on LXC - boot time check...\r\r\nlxc.service\r\r\n[\u001b[32m  OK  \u001b[0m] Started System Logging Service.\r\r\nrsyslog.service\r\r\n[\u001b[32m  OK  \u001b[0m] Started Seed the pseudo random number generator on first boot.\r\r\n[   30.000979] cloud-init[673]: Cloud-init v. 0.7.7 running 'init-local' at Fri, 22 Apr 2016 03:00:49 +0000. Up 29.80 seconds.\r\r\n[\u001b[32m  OK  \u001b[0m] Started Initial cloud-init job (pre-networking).\r\r\n         Starting Initial cloud-init job (metadata service crawler)...\r\r\ncloud-init-local.service\r\r\n[   31.200105] blk_update_request: I/O error, dev fd0, sector 0\r\n[   31.284102] blk_update_request: I/O error, dev fd0, sector 0\r\ntmp-tmp3mbi6_a3.mount\r\r\n[   31.657096] cloud-init[948]: + i=eth0\r\r\n[   31.662122] cloud-init[948]: + x=0\r\r\n[   31.662389] cloud-init[948]: + ifdown eth0\r\r\n[   31.715849] cloud-init[948]: Killed old client process\r\r\n[   32.727069] cloud-init[948]: Internet Systems Consortium DHCP Client 4.3.1\r\r\n[   32.727550] cloud-init[948]: Copyright 2004-2014 Internet Systems Consortium.\r\r\n[   32.727991] cloud-init[948]: All rights reserved.\r\r\n[   32.728482] cloud-init[948]: For info, please visit https://www.isc.org/software/dhcp/\r\r\n[   32.744300] cloud-init[948]: Listening on LPF/eth0/00:0d:3a:a0:39:50\r\r\n[   32.744965] cloud-init[948]: Sending on   LPF/eth0/00:0d:3a:a0:39:50\r\r\n[   32.745741] cloud-init[948]: Sending on   Socket/fallback\r\r\n[   32.836304] cloud-init[948]: DHCPRELEASE on eth0 to 168.63.129.16 port 67 (xid=0x7194e209)\r\r\n[   32.906454] cloud-init[948]: + ifup eth0\r\r\n[   32.945531] cloud-init[948]: Internet Systems Consortium DHCP Client 4.3.1\r\r\n[   32.951644] cloud-init[948]: Copyright 2004-2014 Internet Systems Consortium.\r\r\n[   32.952189] cloud-init[948]: All rights reserved.\r\r\n[   32.952646] cloud-init[948]: For info, please visit https://www.isc.org/software/dhcp/\r\r\n[   32.967403] cloud-init[948]: Listening on LPF/eth0/00:0d:3a:a0:39:50\r\r\n[   32.967853] cloud-init[948]: Sending on   LPF/eth0/00:0d:3a:a0:39:50\r\r\n[   32.988009] cloud-init[948]: Sending on   Socket/fallback\r\r\n[   32.988526] cloud-init[948]: DHCPDISCOVER on eth0 to 255.255.255.255 port 67 interval 3 (xid=0x6525424)\r\r\n[   33.035301] cloud-init[948]: DHCPREQUEST of 10.0.0.4 on eth0 to 255.255.255.255 port 67 (xid=0x24545206)\r\r\n[   33.035733] cloud-init[948]: DHCPOFFER of 10.0.0.4 from 168.63.129.16\r\r\n[   33.063569] cloud-init[948]: DHCPACK of 10.0.0.4 from 168.63.129.16\r\r\n[   33.251299] cloud-init[948]: bound to 10.0.0.4 -- renewal in 4294967295 seconds.\r\r\n[   33.287657] cloud-init[948]: + exit 0\r\r\n[\u001b[32m  OK  \u001b[0m] Started Azure Linux Agent.\r\r\nwalinuxagent.service\r\r\n[\u001b[32m  OK  \u001b[0m] Started Container hypervisor based on LXC - boot time check.\r\r\n2016/04/22 03:00:53.906033 INFO Azure Linux Agent Version:2.1.3\r\r\n2016/04/22 03:00:53.917689 INFO OS: ubuntu 15.10\r\r\n2016/04/22 03:00:53.917874 INFO Python: 3.4.3\r\r\n2016/04/22 03:00:53.918085 INFO Run daemon\r\r\n2016/04/22 03:00:53.918249 INFO run Ubuntu provision handler\r\r\n2016/04/22 03:00:53.918423 INFO Waiting cloud-init to copy ovf-env.xml.\r\r\n2016/04/22 03:00:53.926510 INFO Detect protocol endpoints\r\r\n2016/04/22 03:00:53.926745 INFO WireServer endpoint is not found. Rerun dhcp handler\r\r\n2016/04/22 03:00:53.926909 INFO Send dhcp request\r\r\n2016/04/22 03:00:54.011865 INFO Configure routes\r\r\n2016/04/22 03:00:54.032153 INFO Gateway:10.0.0.1\r\r\n2016/04/22 03:00:54.032348 INFO Routes:None\r\r\n2016/04/22 03:00:54.034532 INFO Wire server endpoint:168.63.129.16\r\r\n2016/04/22 03:00:54.048530 INFO Fabric preferred wire protocol version:2015-04-05\r\r\n2016/04/22 03:00:54.049046 INFO Wire protocol version:2012-11-30\r\r\n2016/04/22 03:00:54.049205 WARNING Server prefered version:2015-04-05\r\r\n[   38.892187] blk_update_request: I/O error, dev fd0, sector 0\r\n[   38.968140] blk_update_request: I/O error, dev fd0, sector 0\r\ntmp-tmpn7h488wa.mount\r\r\n2016/04/22 03:00:58.820263 INFO Sleep 15 seconds to prevent throttling\r\r\n[   44.621559] cloud-init[948]: Cloud-init v. 0.7.7 running''init' at Fri, 22 Apr 2016 03:00:50 +0000. Up 30.77 seconds.\r\r\n[   44.627026] cloud-init[948]: ci-info: ++++++++++++++++++++++++++++++++++++++Net device info++++++++++++++++++++++++++++++++++++++\r\r\n[   44.627221] cloud-init[948]: ci-info: +--------+------+-----------------------------+---------------+-------+-------------------+\r\r\n[   44.627404] cloud-init[948]: ci-info: | Device |  Up  |           Address           |      Mask     | Scope |     Hw-Address    |\r\r\n[   44.627582] cloud-init[948]: ci-info: +--------+------+-----------------------------+---------------+-------+-------------------+\r\r\n[   44.627757] cloud-init[948]: ci-info: | lxcbr0 | True |           10.0.1.1          | 255.255.255.0 |   .   | c2:73:22:f1:01:74 |\r\r\n[   44.652142] cloud-init[948]: ci-info: | lxcbr0 | True | fe80::c073:22ff:fef1:174/64 |       .       |  link | c2:73:22:f1:01:74 |\r\r\n[   44.652362] cloud-init[948]: ci-info: |   lo   | True |          127.0.0.1          |   255.0.0.0   |   .   |         .         |\r\r\n[   44.652549] cloud-init[948]: ci-info: |   lo   | True |           ::1/128           |       .       |  host |         .         |\r\r\n[   44.706817] cloud-init[948]: ci-info: |  eth0  | True |           10.0.0.4          | 255.255.255.0 |   .   | 00:0d:3a:a0:39:50 |\r\r\n[   44.707057] cloud-init[948]: ci-info: |  eth0  | True | fe80::20d:3aff:fea0:3950/64 |       .       |  link | 00:0d:3a:a0:39:50 |\r\r\n[   44.707243] cloud-init[948]: ci-info: +--------+------+-----------------------------+---------------+-------+-------------------+\r\r\n[   44.707420] cloud-init[948]: ci-info: +++++++++++++++++++++++++++++Route IPv4 info++++++++++++++++++++++++++++++\r\r\n[   44.707597] cloud-init[948]: ci-info: +-------+---------------+----------+-----------------+-----------+-------+\r\r\n[   44.707768] cloud-init[948]: ci-info: | Route |  Destination  | Gateway  |     Genmask     | Interface | Flags |\r\r\n[   44.707940] cloud-init[948]: ci-info: +-------+---------------+----------+-----------------+-----------+-------+\r\r\n[   44.708152] cloud-init[948]: ci-info: |   0   |    0.0.0.0    | 10.0.0.1 |     0.0.0.0     |    eth0   |   UG  |\r\r\n[   44.708329] cloud-init[948]: ci-info: |   1   |    10.0.0.0   | 0.0.0.0  |  255.255.255.0  |    eth0   |   U   |\r\r\n[   44.708501] cloud-init[948]: ci-info: |   2   |    10.0.1.0   | 0.0.0.0  |  255.255.255.0  |   lxcbr0  |   U   |\r\r\n[   44.708671] cloud-init[948]: ci-info: |   3   | 168.63.129.16 | 10.0.0.1 | 255.255.255.255 |    eth0   |  UGH  |\r\r\n[   44.708842] cloud-init[948]: ci-info: +-------+---------------+----------+-----------------+-----------+-------+\r\r\n[   44.709019] cloud-init[948]: Generating public/private rsa key pair.\r\r\n[   44.709189] cloud-init[948]: Your identification has been saved in /etc/ssh/ssh_host_rsa_key.\r\r\n[   44.709359] cloud-init[948]: Your public key has been saved in /etc/ssh/ssh_host_rsa_key.pub.\r\r\n[   44.709532] cloud-init[948]: The key fingerprint is:\r\r\n[   44.709704] cloud-init[948]: SHA256:JnXRhLxeo87iuKM/iNn7K5+4jHIQw6twenUNatl9ukY root@xplatvm\r\r\n[   44.709873] cloud-init[948]: The key's randomart image is:\r\r\n[   44.710045] cloud-init[948]: +---[RSA 2048]----+\r\r\n[   44.710323] cloud-init[948]: |         ..+.    |\r\r\n[   44.711030] cloud-init[948]: |          o..    |\r\r\n[   44.711889] cloud-init[948]: |.       . ..     |\r\r\n[   44.712109] cloud-init[948]: |o.    .. .. o    |\r\r\n[   44.712289] cloud-init[948]: | o.  +.+S. o .   |\r\r\n[   44.712463] cloud-init[948]: |o.. = ooE +      |\r\r\n[   44.712633] cloud-init[948]: |o+ * o . =       |\r\r\n[   44.712810] cloud-init[948]: |+ =o+.oo+ o      |\r\r\n[   44.712980] cloud-init[948]: | +. *OOBoo       |\r\r\n[   44.713148] cloud-init[948]: +----[SHA256]-----+\r\r\n[   44.713315] cloud-init[948]: Generating public/private dsa key pair.\r\r\n[   44.713485] cloud-init[948]: Your identification has been saved in /etc/ssh/ssh_host_dsa_key.\r\r\n[   44.748684] cloud-init[948]: Your public key has been saved in /etc/ssh/ssh_host_dsa_key.pub.\r\r\n[   44.748992] cloud-init[948]: The key fingerprint is:\r\r\n[   44.749184] cloud-init[948]: SHA256:V98hFeglwU0IQApOyX8ea85Hx8JXuK1RPW1GSSp4Ck4 root@xplatvm\r\r\n[   44.749366 cloud-init[948]: The key's randomart image is:\r\r\n[   44.749542] cloud-init[948]: +---[DSA 1024]----+\r\r\n[   44.749719] cloud-init[948]: |    .o. .o..o.B=o|\r\r\n[   44.749890] cloud-init[948]: |    oo. . .  =o+.|\r\r\n[   44.750061] cloud-init[948]: |     ..E . ooo+oo|\r\r\n[   44.750233] cloud-init[948]: |      o..oo..+.=*|\r\r\n[   44.750402] cloud-init[948]: |       .S.= . *oo|\r\r\n[   44.750571] cloud-init[948]: |         = + * . |\r\r\n[   44.750737] cloud-init[948]: |        + . + o  |\r\r\n[   44.750904] cloud-init[948]: |         o . .   |\r\r\n[   44.751071] cloud-init[948]: |          .      |\r\r\n[   44.751250] cloud-init[948]: +----[SHA256]-----+\r\r\n[   44.751424] cloud-init[948]: Generating public/private ecdsa key pair.\r\r\n[   44.751593] cloud-init[948]: Your identification has been saved in /etc/ssh/ssh_host_ecdsa_key.\r\r\n[   44.751762] cloud-init[948]: Your public key has been saved in /etc/ssh/ssh_host_ecdsa_key.pub.\r\r\n[   44.751930] cloud-init[948]: The key fingerprint is:\r\r\n[   44.752129] cloud-init[948]: SHA256:fUO45JmKcN5sNP+yyxqq4R8XHK/0+vwtLLpgw1OF7gM root@xplatvm\r\r\n[   44.752298] cloud-init[948]: The key's randomart image is:\r\r\n[   44.752465] cloud-init[948]: +---[ECDSA 256]---+\r\r\n[   44.752631] cloud-init[948]: |                 |\r\r\n[   44.752796] cloud-init[948]: |         . .     |\r\r\n[   44.752966] cloud-init[948]: |        o + .    |\r\r\n[   44.753135] cloud-init[948]: |       o B =     |\r\r\n[   44.753302] cloud-init[948]: |    . E S B o    |\r\r\n[   44.753470] cloud-init[948]: |     = X B . .   |\r\r\n[   44.753636] cloud-init[948]: |    . X @ o.     |\r\r\n[   44.753803] cloud-init[948]: |   . o O *o.o.   |\r\r\n[   44.753971] cloud-init[948]: |    ooo ==**o..  |\r\r\n[   44.754137] cloud-init[948]: +----[SHA256]-----+\r\r\n[   44.754332] cloud-init[948]: Generating public/private ed25519 key pair.\r\r\n[   44.793249] cloud-init[948]: Your identification has been saved in /etc/ssh/ssh_host_ed25519_key.\r\r\n[   44.793429] cloud-init[948]: Your public key has been saved in /etc/ssh/ssh_host_ed25519_key.pub.\r\r\n[   44.793595] cloud-init[948]: The key fingerprint is:\r\r\n[   44.793757] cloud-init[948]: SHA256:rwRmjSbHnNSd+H7yz8Wdg4vrUpI0LNtp10BDXPJVeuw root@xplatvm\r\r\n[   44.796194] cloud-init[948]: The key's randomart image is:\r\r\n[   44.796350] cloud-init[948]: +--[ED25519 256]--+\r\r\n[   44.796500] cloud-init[948]: |          oo.. .o|\r\r\n[   44.796645] cloud-init[948]: |       . o =o .o |\r\r\n[   44.796787] cloud-init[948]: |      . + + ... o|\r\r\n[   44.797449] cloud-init[948]: |     + = = .   o |\r\r\n[   44.798183] cloud-init[948]: |    . @ S = o   E|\r\r\n[   44.798362] cloud-init[948]: |     * o O o ...o|\r\r\n[   44.798511] cloud-init[948]: |        o B .. o+|\r\r\n[   44.804109] cloud-init[948]: |       . o +.....|\r\r\n[   44.804298] cloud-init[948]: |        . o+ooo  |\r\r\n[   44.804469] cloud-init[948]: +----[SHA256]-----+\r\r\n[\u001b[32m  OK  \u001b[0m] Started Initial cloud-init job (metadata service crawler).\r\r\n[\u001b[32m  OK  \u001b[0m] Started OpenBSD Secure Shell server.\r\r\n[\u001b[32m  OK  \u001b[0m] Reached target Cloud-config availability.\r\r\n         Starting Apply the settings specified in cloud-config...\r\r\n         Starting Permit User Sessions...\r\r\n[\u001b[32m  OK  \u001b[0m] Started Permit User Sessions.\r\r\n         Starting Terminate Plymouth Boot Screen...\r\r\n         Starting Wait for Plymouth Boot Screen to Quit...\r\r\ncloud-init.service\r\r\nssh.service\r\r\nsystemd-user-sessions.service\r\r\n[   50.865413] cloud-init[1219]: Generating locales...\r\n[   50.996543] cloud-init[1219]: en_US.UTF-8... up-to-date\r\n[   51.035886] cloud-init[1219]: Generation complete.\r\n\r\r\nUbuntu 15.10 xplatvm ttyS0\r\n\r\nxplatvm login: 2016/04/22 03:01:13.870251 INFO Wait for ssh host key to be generated.\r\n2016/04/22 03:01:13.904438 INFO Finished provisioning\r\n[   54.733890] cloud-init[1219]: Cloud-init v. 0.7.7 running 'modules:config' at Fri, 22 Apr 2016 03:01:05 +0000. Up 45.80 seconds.\r\nci-info: ++Authorized keys from /home/azureuser/.ssh/authorized_keys for user azureuser+++\r\nci-info: +---------+-------------------------------------------------+---------+---------+\r\nci-info: | Keytype |                Fingerprint (md5)                | Options | Comment |\r\nci-info: +---------+-------------------------------------------------+---------+---------+\r\nci-info: | ssh-rsa | 8f:df:8f:18:ba:cd:cc:63:7c:1f:ea:ae:ba:09:40:65 |    -    |    -    |\r\nci-info: +---------+-------------------------------------------------+---------+---------+\r\n<14>Apr 22 03:01:15 ec2: \r\n<14>Apr 22 03:01:15 ec2: #############################################################\r\n<14>Apr 22 03:01:15 ec2: -----BEGIN SSH HOST KEY FINGERPRINTS-----\r\n<14>Apr 22 03:01:15 ec2: 1024 SHA256:V98hFeglwU0IQApOyX8ea85Hx8JXuK1RPW1GSSp4Ck4 root@xplatvm (DSA)\r\n<14>Apr 22 03:01:15 ec2: 256 SHA256:fUO45JmKcN5sNP+yyxqq4R8XHK/0+vwtLLpgw1OF7gM root@xplatvm (ECDSA)\r\n<14>Apr 22 03:01:15 ec2: 256 SHA256:rwRmjSbHnNSd+H7yz8Wdg4vrUpI0LNtp10BDXPJVeuw root@xplatvm (ED25519)\r\n<14>Apr 22 03:01:15 ec2: 2048 SHA256:JnXRhLxeo87iuKM/iNn7K5+4jHIQw6twenUNatl9ukY root@xplatvm (RSA)\r\n<14>Apr 22 03:01:15 ec2: -----END SSH HOST KEY FINGERPRINTS-----\r\n<14>Apr 22 03:01:15 ec2: #############################################################\r\n-----BEGIN SSH HOST KEY KEYS-----\r\necdsa-sha2-nistp256 AAAAE2VjZHNhLXNoYTItbmlzdHAyNTYAAAAIbmlzdHAyNTYAAABBBKMHpU8MYjizAejAt5WHpCl00RiCsFxQwaFdxCZaJgSiQuC8A1fk8D90J363hsEhhSGijh7Uw/BT8OenoWt0kv4= root@xplatvm\r\nssh-ed25519 AAAAC3NzaC1lZDI1NTE5AAAAIJEqt1LXCNT1lOSUrkKSpAHZ5BW9Dl2sjHjBr18F7Amz root@xplatvm\r\nssh-rsa AAAAB3NzaC1yc2EAAAADAQABAAABAQDPVydKyRzhd2H0nz/owyqim38VpuD84YRIqH5c4EX6qzjv+6gC/xZkugTYB1+lkn3xBK6eWip7nbEQfdDRiZpMLepDUU4K9wJuD/YeJ5NSgS+HnWPYY5TIwY+uaveLO51vcYKp2aLKjrWyl7d44033a3y1D3aZhtYMh9h5NpSakB6PubkCdkbZbl4amElyEFu3w07ACCfZjtroqa4PXWyEyA4FtReL6ubV+L++SSjtT5EMXAqbsotjcC94YtmtrV61iU4ZH191HC0pGy5bMqrBNk6qFgZUlHpWagGwYJOb0jyS2Oe/8ilZ4fj4j6N5buNWQRjep6rjpNNByrErOCZb root@xplatvm\r\n-----END SSH HOST KEY KEYS-----\r\n[   56.101336] cloud-init[1331]: Cloud-init v. 0.7.7 running 'modules:final' at Fri, 22 Apr 2016 03:01:14 +0000. Up 55.46 seconds.\r\n[   56.139330] cloud-init[1331]: Cloud-init v. 0.7.7 finished at Fri, 22 Apr 2016 03:01:15 +0000. Datasource DataSourceAzureNet [seed=/dev/sr0].  Up 56.07 seconds\r\n2016/04/22 03:01:16.628432 INFO Event: name=WALA, op=Provision, message=Provision succeed\r\n2016/04/22 03:01:16.644471 INFO Detect protocol endpoints\r\n2016/04/22 03:01:16.655793 INFO Start env monitor service.\r\n2016/04/22 03:01:16.676207 INFO Configure routes\r\n2016/04/22 03:01:16.686268 INFO Event: name=WALA, op=HeartBeat, message=\r\n2016/04/22 03:01:16.699726 INFO Gateway:10.0.0.1\r\n2016/04/22 03:01:16.713064 INFO Routes:None\r\n2016/04/22 03:01:16.781466 INFO Set block dev timeout: sda with timeout: 300\r\n2016/04/22 03:01:16.797217 INFO Set block dev timeout: sdb with timeout: 300\r\n2016/04/22 03:01:17.787618 INFO Handle new ext handler config\r\n2016/04/22 03:01:17.791936 INFO No ext handler config found\r\n2016/04/22 03:01:18.257892 INFO Successfully reported vm agent status\r\n2016/04/22 03:03:03.155706 INFO Handle new ext handler config\r\n2016/04/22 03:03:03.174343 INFO No ext handler config found\r\n2016/04/22 03:03:03.317499 INFO Successfully reported vm agent status\r\n2016/04/22 03:11:35.278789 INFO Handle new ext handler config\r\n2016/04/22 03:11:35.295318 INFO No ext handler config found\r\n2016/04/22 03:11:35.416083 INFO Successfully reported vm agent status\r\n2016/04/22 03:15:54.859467 INFO Handle new ext handler config\r\n2016/04/22 03:15:54.874576 INFO No ext handler config found\r\n2016/04/22 03:15:55.100382 INFO Successfully reported vm agent status\r\n\u0000\u0000\u0000\u0000\u0000\u0000\u0000\u0000\u0000\u0000\u0000\u0000\u0000\u0000\u0000\u0000\u0000\u0000\u0000\u0000\u0000\u0000\u0000\u0000\u0000\u0000\u0000\u0000\u0000\u0000\u0000\u0000\u0000\u0000\u0000\u0000\u0000\u0000\u0000\u0000\u0000\u0000\u0000\u0000\u0000\u0000\u0000\u0000\u0000\u0000\u0000\u0000\u0000\u0000\u0000\u0000\u0000\u0000\u0000\u0000\u0000\u0000\u0000\u0000\u0000\u0000\u0000\u0000\u0000\u0000\u0000\u0000\u0000\u0000\u0000\u0000\u0000\u0000\u0000\u0000\u0000\u0000\u0000\u0000\u0000\u0000\u0000\u0000\u0000\u0000\u0000\u0000\u0000\u0000\u0000\u0000\u0000\u0000\u0000\u0000\u0000\u0000\u0000\u0000\u0000\u0000\u0000\u0000\u0000\u0000\u0000\u0000\u0000\u0000\u0000\u0000\u0000\u0000\u0000\u0000\u0000\u0000\u0000\u0000\u0000\u0000\u0000\u0000\u0000\u0000\u0000\u0000\u0000\u0000\u0000\u0000\u0000\u0000\u0000\u0000\u0000\u0000\u0000\u0000\u0000\u0000\u0000\u0000\u0000\u0000\u0000\u0000\u0000\u0000\u0000\u0000\u0000\u0000\u0000\u0000\u0000\u0000\u0000\u0000\u0000\u0000\u0000\u0000\u0000\u0000\u0000\u0000\u0000\u0000\u0000\u0000\u0000\u0000\u0000\u0000\u0000\u0000\u0000\u0000\u0000\u0000\u0000\u0000\u0000\u0000\u0000\u0000\u0000\u0000\u0000\u0000\u0000\u0000\u0000\u0000\u0000\u0000\u0000\u0000\u0000\u0000\u0000\u0000\u0000\u0000\u0000\u0000\u0000\u0000\u0000\u0000\u0000\u0000\u0000\u0000\u0000\u0000\u0000\u0000\u0000\u0000\u0000\u0000\u0000\u0000\u0000\u0000\u0000\u0000\u0000\u0000\u0000\u0000\u0000", { 'content-length': '61440',
  'content-type': 'text/plain',
  'last-modified': 'Fri, 22 Apr 2016 03:16:31 GMT',
  'accept-ranges': 'bytes',
  etag: '"0x8D36A5C8061D1B8"',
  server: 'Windows-Azure-Blob/1.0 Microsoft-HTTPAPI/2.0',
  'x-ms-request-id': '06678db1-0001-0008-6d45-9c6dec000000',
  'x-ms-version': '2015-02-21',
  'x-ms-write-protection': 'false',
  'x-ms-lease-status': 'unlocked',
  'x-ms-lease-state': 'available',
  'x-ms-blob-type': 'PageBlob',
  'x-ms-blob-sequence-number': '0',
  date: 'Fri, 22 Apr 2016 03:17:06 GMT',
  connection: 'close' });
 return result; },
function (nock) { 
var result = 
nock('https://xplatteststorage16877.blob.core.windows.net:443')
  .get('/bootdiagnostics-xplatvm-ee80545c-6512-4f88-a1e0-c98ea3994f7f/xplatvm.ee80545c-6512-4f88-a1e0-c98ea3994f7f.serialconsole.log')
