// This file has been autogenerated.

var profile = require('../../../lib/util/profile');

exports.getMockedProfile = function () {
  var newProfile = new profile.Profile();

  newProfile.addSubscription(new profile.Subscription({
    id: 'e33f361b-53c2-4cc7-b829-78906708387b',
    managementCertificate: {
      key: 'mockedKey',
      cert: 'mockedCert'
    },
    name: 'Microsoft Azure Internal Consumption',
    user: {
      name: 'user@domain.example',
      type: 'servicePrincipal'
    },
    tenantId: '72f988bf-86f1-41af-91ab-2d7cd011db47',
    state: 'Enabled',
    registeredProviders: [],
    isDefault: true
  }, newProfile.environments['AzureCloud']));

  return newProfile;
};

exports.setEnvironment = function() {
  process.env['AZURE_VM_TEST_LOCATION'] = 'eastus';
  process.env['SSHCERT'] = 'test/myCert.pem';
};

exports.scopes = [[function (nock) { 
var result = 
nock('http://management.azure.com:443')
  .get('/subscriptions/e33f361b-53c2-4cc7-b829-78906708387b/resourceGroups/xplatTestGVMCreate1692/providers/Microsoft.Compute/virtualMachines/xplatvm?$expand=instanceView&api-version=2016-03-30')
  .reply(200, "{\r\n  \"properties\": {\r\n    \"vmId\": \"c23e6c2d-3e8e-4332-b183-e9629d5cbeee\",\r\n    \"availabilitySet\": {\r\n      \"id\": \"/subscriptions/e33f361b-53c2-4cc7-b829-78906708387b/resourceGroups/xplatTestGVMCreate1692/providers/Microsoft.Compute/availabilitySets/XPLATTESTAAVAIL1795\"\r\n    },\r\n    \"hardwareProfile\": {\r\n      \"vmSize\": \"Standard_DS1\"\r\n    },\r\n    \"storageProfile\": {\r\n      \"imageReference\": {\r\n        \"publisher\": \"canonical\",\r\n        \"offer\": \"UbuntuServer\",\r\n        \"sku\": \"15.10\",\r\n        \"version\": \"latest\"\r\n      },\r\n      \"osDisk\": {\r\n        \"osType\": \"Linux\",\r\n        \"name\": \"cli1ba244937d05980b-os-1461627458940\",\r\n        \"createOption\": \"FromImage\",\r\n        \"vhd\": {\r\n          \"uri\": \"https://xplatteststorage14098.blob.core.windows.net/xplatteststoragecnt17010/cli1ba244937d05980b-os-1461627458940.vhd\"\r\n        },\r\n        \"caching\": \"ReadWrite\"\r\n      },\r\n      \"dataDisks\": []\r\n    },\r\n    \"osProfile\": {\r\n      \"computerName\": \"xplatvm\",\r\n      \"adminUsername\": \"azureuser\",\r\n      \"linuxConfiguration\": {\r\n        \"disablePasswordAuthentication\": false,\r\n        \"ssh\": {\r\n          \"publicKeys\": [\r\n            {\r\n              \"path\": \"/home/azureuser/.ssh/authorized_keys\",\r\n              \"keyData\": \"MIID/zCCAuegAwIBAgIJAMUAa+XVLvAeMA0GCSqGSIb3DQEBBQUAMIGVMQswCQYD\\r\\nVQQGEwJJbjESMBAGA1UECAwJS2FybmF0YWthMRIwEAYDVQQHDAlCYW5nYWxvcmUx\\r\\nEDAOBgNVBAoMB2JyaWxsaW8xEjAQBgNVBAsMCW1pY3Jvc29mdDEQMA4GA1UEAwwH\\r\\nYnJpbGxpbzEmMCQGCSqGSIb3DQEJARYXc3JlZWthbnRoYnNAeWFob28uY28uaW4w\\r\\nHhcNMTUwMzA1MTE1MzEyWhcNMTYwMzA0MTE1MzEyWjCBlTELMAkGA1UEBhMCSW4x\\r\\nEjAQBgNVBAgMCUthcm5hdGFrYTESMBAGA1UEBwwJQmFuZ2Fsb3JlMRAwDgYDVQQK\\r\\nDAdicmlsbGlvMRIwEAYDVQQLDAltaWNyb3NvZnQxEDAOBgNVBAMMB2JyaWxsaW8x\\r\\nJjAkBgkqhkiG9w0BCQEWF3NyZWVrYW50aGJzQHlhaG9vLmNvLmluMIIBIjANBgkq\\r\\nhkiG9w0BAQEFAAOCAQ8AMIIBCgKCAQEAyUNKaOuT0NK+S8Ck81zy9xJ6hXfZvAC6\\r\\nlhbmf/6s/WVimJ/TX5NMhQJwC9k6ZIF92KfYrojHNvHDufSZ3EtKUVwRFCDjmgMT\\r\\nDL09WkGaZt7gROYFK0iZ4KrYGovUwlwum9fHB24OJiOV4bi0ek62/rHx9fjYZpvp\\r\\naIH2PV/hN8SCZ0x7HJMberD4gVoU/Kv42nNvwjLUW6IZfVx/Gv5OeFDtWHfSvUEF\\r\\ndadHKTPn3Ab20Iu6gZIbLO9Vuf38/IpaYGfnFCouHdzmiTiLieYNe3CUPcOJNSv7\\r\\n1G8KYpx3uNJRkJPab5OsRyJw75Gvzkr9OgaPss9tVD6Gt68u3WQtVQIDAQABo1Aw\\r\\nTjAdBgNVHQ4EFgQUogvhXB+xZ2JJPfLO6cVs4ForzscwHwYDVR0jBBgwFoAUogvh\\r\\nXB+xZ2JJPfLO6cVs4ForzscwDAYDVR0TBAUwAwEB/zANBgkqhkiG9w0BAQUFAAOC\\r\\nAQEAdDj7qUNJ45xlF5cjd+4x5NHvAD1VTjOKu+Xh/uzSSjXqB2F0aOMWA9lx0qaQ\\r\\noJgHkGxj3zz/W7ik/cVGL2O+vRIOKv/y0OPogEmS3Hw+P+O6OGE7x1G6YN0zLVoL\\r\\nu4BN/BEYmjttxM9I7qqL7C5cJoE+K3s/w1/pt/68ohJcr7F9Ohi7cso62xuGY1Rm\\r\\nksAh2EUDsU9JV/P+C9AMpLSrb03JJYzVj4w1RHbrmw2AjFyGXdQYkggyXisg+Ifr\\r\\n5gbNN7HigpHf7b2i3CQBUqp9m23frh5AhnLI2qp3UXgc52U5ieLdi/t6j0TTZqqY\\r\\nHhHqofKrj938HHlBNpC5/LVh3w==\\r\\n\"\r\n            }\r\n          ]\r\n        }\r\n      },\r\n      \"secrets\": []\r\n    },\r\n    \"networkProfile\": {\"networkInterfaces\":[{\"id\":\"/subscriptions/e33f361b-53c2-4cc7-b829-78906708387b/resourceGroups/xplatTestGVMCreate1692/providers/Microsoft.Network/networkInterfaces/xplattestnic\"}]},\r\n    \"diagnosticsProfile\": {\r\n      \"bootDiagnostics\": {\r\n        \"enabled\": true,\r\n        \"storageUri\": \"https://xplatteststorage14098.blob.core.windows.net/\"\r\n      }\r\n    },\r\n    \"provisioningState\": \"Succeeded\",\r\n    \"instanceView\": {\r\n      \"platformUpdateDomain\": 0,\r\n      \"platformFaultDomain\": 0,\r\n      \"vmAgent\": {\r\n        \"vmAgentVersion\": \"2.1.3\",\r\n        \"statuses\": [\r\n          {\r\n            \"code\": \"ProvisioningState/succeeded\",\r\n            \"level\": \"Info\",\r\n            \"displayStatus\": \"Ready\",\r\n            \"message\": \"Guest Agent is running\",\r\n            \"time\": \"2016-04-25T23:52:22+00:00\"\r\n          }\r\n        ],\r\n        \"extensionHandlers\": []\r\n      },\r\n      \"disks\": [\r\n        {\r\n          \"name\": \"cli1ba244937d05980b-os-1461627458940\",\r\n          \"statuses\": [\r\n            {\r\n              \"code\": \"ProvisioningState/succeeded\",\r\n              \"level\": \"Info\",\r\n              \"displayStatus\": \"Provisioning succeeded\",\r\n              \"time\": \"2016-04-25T23:51:01.9409017+00:00\"\r\n            }\r\n          ]\r\n        }\r\n      ],\r\n      \"bootDiagnostics\": {\r\n        \"consoleScreenshotBlobUri\": \"https://xplatteststorage14098.blob.core.windows.net/bootdiagnostics-xplatvm-c23e6c2d-3e8e-4332-b183-e9629d5cbeee/xplatvm.c23e6c2d-3e8e-4332-b183-e9629d5cbeee.screenshot.bmp\",\r\n        \"serialConsoleLogBlobUri\": \"https://xplatteststorage14098.blob.core.windows.net/bootdiagnostics-xplatvm-c23e6c2d-3e8e-4332-b183-e9629d5cbeee/xplatvm.c23e6c2d-3e8e-4332-b183-e9629d5cbeee.serialconsole.log\"\r\n      },\r\n      \"statuses\": [\r\n        {\r\n          \"code\": \"ProvisioningState/succeeded\",\r\n          \"level\": \"Info\",\r\n          \"displayStatus\": \"Provisioning succeeded\",\r\n          \"time\": \"2016-04-25T23:52:05.8788096+00:00\"\r\n        },\r\n        {\r\n          \"code\": \"PowerState/running\",\r\n          \"level\": \"Info\",\r\n          \"displayStatus\": \"VM running\"\r\n        }\r\n      ]\r\n    }\r\n  },\r\n  \"id\": \"/subscriptions/e33f361b-53c2-4cc7-b829-78906708387b/resourceGroups/xplatTestGVMCreate1692/providers/Microsoft.Compute/virtualMachines/xplatvm\",\r\n  \"name\": \"xplatvm\",\r\n  \"type\": \"Microsoft.Compute/virtualMachines\",\r\n  \"location\": \"eastus\",\r\n  \"tags\": {\r\n    \"a\": \"b\",\r\n    \"b\": \"c\",\r\n    \"d\": \"\"\r\n  }\r\n}", { 'cache-control': 'no-cache',
  pragma: 'no-cache',
  'content-length': '5208',
  'content-type': 'application/json; charset=utf-8',
  expires: '-1',
  'strict-transport-security': 'max-age=31536000; includeSubDomains',
  'x-ms-served-by': 'db2c81f2-c6fa-41a7-b70e-bc4bed3c3b56_131056317130923594',
  'x-ms-request-id': 'ae7585e8-7b64-41f9-be45-ab34e128fd81',
  server: 'Microsoft-HTTPAPI/2.0, Microsoft-HTTPAPI/2.0',
  'x-ms-ratelimit-remaining-subscription-reads': '14969',
  'x-ms-correlation-request-id': 'd1170d9a-80d3-4b2d-9a86-a3ec9b7f5d52',
  'x-ms-routing-request-id': 'CENTRALUS:20160425T235238Z:d1170d9a-80d3-4b2d-9a86-a3ec9b7f5d52',
  date: 'Mon, 25 Apr 2016 23:52:37 GMT',
  connection: 'close' });
 return result; },
function (nock) { 
var result = 
nock('https://management.azure.com:443')
  .get('/subscriptions/e33f361b-53c2-4cc7-b829-78906708387b/resourceGroups/xplatTestGVMCreate1692/providers/Microsoft.Compute/virtualMachines/xplatvm?$expand=instanceView&api-version=2016-03-30')
  .reply(200, "{\r\n  \"properties\": {\r\n    \"vmId\": \"c23e6c2d-3e8e-4332-b183-e9629d5cbeee\",\r\n    \"availabilitySet\": {\r\n      \"id\": \"/subscriptions/e33f361b-53c2-4cc7-b829-78906708387b/resourceGroups/xplatTestGVMCreate1692/providers/Microsoft.Compute/availabilitySets/XPLATTESTAAVAIL1795\"\r\n    },\r\n    \"hardwareProfile\": {\r\n      \"vmSize\": \"Standard_DS1\"\r\n    },\r\n    \"storageProfile\": {\r\n      \"imageReference\": {\r\n        \"publisher\": \"canonical\",\r\n        \"offer\": \"UbuntuServer\",\r\n        \"sku\": \"15.10\",\r\n        \"version\": \"latest\"\r\n      },\r\n      \"osDisk\": {\r\n        \"osType\": \"Linux\",\r\n        \"name\": \"cli1ba244937d05980b-os-1461627458940\",\r\n        \"createOption\": \"FromImage\",\r\n        \"vhd\": {\r\n          \"uri\": \"https://xplatteststorage14098.blob.core.windows.net/xplatteststoragecnt17010/cli1ba244937d05980b-os-1461627458940.vhd\"\r\n        },\r\n        \"caching\": \"ReadWrite\"\r\n      },\r\n      \"dataDisks\": []\r\n    },\r\n    \"osProfile\": {\r\n      \"computerName\": \"xplatvm\",\r\n      \"adminUsername\": \"azureuser\",\r\n      \"linuxConfiguration\": {\r\n        \"disablePasswordAuthentication\": false,\r\n        \"ssh\": {\r\n          \"publicKeys\": [\r\n            {\r\n              \"path\": \"/home/azureuser/.ssh/authorized_keys\",\r\n              \"keyData\": \"MIID/zCCAuegAwIBAgIJAMUAa+XVLvAeMA0GCSqGSIb3DQEBBQUAMIGVMQswCQYD\\r\\nVQQGEwJJbjESMBAGA1UECAwJS2FybmF0YWthMRIwEAYDVQQHDAlCYW5nYWxvcmUx\\r\\nEDAOBgNVBAoMB2JyaWxsaW8xEjAQBgNVBAsMCW1pY3Jvc29mdDEQMA4GA1UEAwwH\\r\\nYnJpbGxpbzEmMCQGCSqGSIb3DQEJARYXc3JlZWthbnRoYnNAeWFob28uY28uaW4w\\r\\nHhcNMTUwMzA1MTE1MzEyWhcNMTYwMzA0MTE1MzEyWjCBlTELMAkGA1UEBhMCSW4x\\r\\nEjAQBgNVBAgMCUthcm5hdGFrYTESMBAGA1UEBwwJQmFuZ2Fsb3JlMRAwDgYDVQQK\\r\\nDAdicmlsbGlvMRIwEAYDVQQLDAltaWNyb3NvZnQxEDAOBgNVBAMMB2JyaWxsaW8x\\r\\nJjAkBgkqhkiG9w0BCQEWF3NyZWVrYW50aGJzQHlhaG9vLmNvLmluMIIBIjANBgkq\\r\\nhkiG9w0BAQEFAAOCAQ8AMIIBCgKCAQEAyUNKaOuT0NK+S8Ck81zy9xJ6hXfZvAC6\\r\\nlhbmf/6s/WVimJ/TX5NMhQJwC9k6ZIF92KfYrojHNvHDufSZ3EtKUVwRFCDjmgMT\\r\\nDL09WkGaZt7gROYFK0iZ4KrYGovUwlwum9fHB24OJiOV4bi0ek62/rHx9fjYZpvp\\r\\naIH2PV/hN8SCZ0x7HJMberD4gVoU/Kv42nNvwjLUW6IZfVx/Gv5OeFDtWHfSvUEF\\r\\ndadHKTPn3Ab20Iu6gZIbLO9Vuf38/IpaYGfnFCouHdzmiTiLieYNe3CUPcOJNSv7\\r\\n1G8KYpx3uNJRkJPab5OsRyJw75Gvzkr9OgaPss9tVD6Gt68u3WQtVQIDAQABo1Aw\\r\\nTjAdBgNVHQ4EFgQUogvhXB+xZ2JJPfLO6cVs4ForzscwHwYDVR0jBBgwFoAUogvh\\r\\nXB+xZ2JJPfLO6cVs4ForzscwDAYDVR0TBAUwAwEB/zANBgkqhkiG9w0BAQUFAAOC\\r\\nAQEAdDj7qUNJ45xlF5cjd+4x5NHvAD1VTjOKu+Xh/uzSSjXqB2F0aOMWA9lx0qaQ\\r\\noJgHkGxj3zz/W7ik/cVGL2O+vRIOKv/y0OPogEmS3Hw+P+O6OGE7x1G6YN0zLVoL\\r\\nu4BN/BEYmjttxM9I7qqL7C5cJoE+K3s/w1/pt/68ohJcr7F9Ohi7cso62xuGY1Rm\\r\\nksAh2EUDsU9JV/P+C9AMpLSrb03JJYzVj4w1RHbrmw2AjFyGXdQYkggyXisg+Ifr\\r\\n5gbNN7HigpHf7b2i3CQBUqp9m23frh5AhnLI2qp3UXgc52U5ieLdi/t6j0TTZqqY\\r\\nHhHqofKrj938HHlBNpC5/LVh3w==\\r\\n\"\r\n            }\r\n          ]\r\n        }\r\n      },\r\n      \"secrets\": []\r\n    },\r\n    \"networkProfile\": {\"networkInterfaces\":[{\"id\":\"/subscriptions/e33f361b-53c2-4cc7-b829-78906708387b/resourceGroups/xplatTestGVMCreate1692/providers/Microsoft.Network/networkInterfaces/xplattestnic\"}]},\r\n    \"diagnosticsProfile\": {\r\n      \"bootDiagnostics\": {\r\n        \"enabled\": true,\r\n        \"storageUri\": \"https://xplatteststorage14098.blob.core.windows.net/\"\r\n      }\r\n    },\r\n    \"provisioningState\": \"Succeeded\",\r\n    \"instanceView\": {\r\n      \"platformUpdateDomain\": 0,\r\n      \"platformFaultDomain\": 0,\r\n      \"vmAgent\": {\r\n        \"vmAgentVersion\": \"2.1.3\",\r\n        \"statuses\": [\r\n          {\r\n            \"code\": \"ProvisioningState/succeeded\",\r\n            \"level\": \"Info\",\r\n            \"displayStatus\": \"Ready\",\r\n            \"message\": \"Guest Agent is running\",\r\n            \"time\": \"2016-04-25T23:52:22+00:00\"\r\n          }\r\n        ],\r\n        \"extensionHandlers\": []\r\n      },\r\n      \"disks\": [\r\n        {\r\n          \"name\": \"cli1ba244937d05980b-os-1461627458940\",\r\n          \"statuses\": [\r\n            {\r\n              \"code\": \"ProvisioningState/succeeded\",\r\n              \"level\": \"Info\",\r\n              \"displayStatus\": \"Provisioning succeeded\",\r\n              \"time\": \"2016-04-25T23:51:01.9409017+00:00\"\r\n            }\r\n          ]\r\n        }\r\n      ],\r\n      \"bootDiagnostics\": {\r\n        \"consoleScreenshotBlobUri\": \"https://xplatteststorage14098.blob.core.windows.net/bootdiagnostics-xplatvm-c23e6c2d-3e8e-4332-b183-e9629d5cbeee/xplatvm.c23e6c2d-3e8e-4332-b183-e9629d5cbeee.screenshot.bmp\",\r\n        \"serialConsoleLogBlobUri\": \"https://xplatteststorage14098.blob.core.windows.net/bootdiagnostics-xplatvm-c23e6c2d-3e8e-4332-b183-e9629d5cbeee/xplatvm.c23e6c2d-3e8e-4332-b183-e9629d5cbeee.serialconsole.log\"\r\n      },\r\n      \"statuses\": [\r\n        {\r\n          \"code\": \"ProvisioningState/succeeded\",\r\n          \"level\": \"Info\",\r\n          \"displayStatus\": \"Provisioning succeeded\",\r\n          \"time\": \"2016-04-25T23:52:05.8788096+00:00\"\r\n        },\r\n        {\r\n          \"code\": \"PowerState/running\",\r\n          \"level\": \"Info\",\r\n          \"displayStatus\": \"VM running\"\r\n        }\r\n      ]\r\n    }\r\n  },\r\n  \"id\": \"/subscriptions/e33f361b-53c2-4cc7-b829-78906708387b/resourceGroups/xplatTestGVMCreate1692/providers/Microsoft.Compute/virtualMachines/xplatvm\",\r\n  \"name\": \"xplatvm\",\r\n  \"type\": \"Microsoft.Compute/virtualMachines\",\r\n  \"location\": \"eastus\",\r\n  \"tags\": {\r\n    \"a\": \"b\",\r\n    \"b\": \"c\",\r\n    \"d\": \"\"\r\n  }\r\n}", { 'cache-control': 'no-cache',
  pragma: 'no-cache',
  'content-length': '5208',
  'content-type': 'application/json; charset=utf-8',
  expires: '-1',
  'strict-transport-security': 'max-age=31536000; includeSubDomains',
  'x-ms-served-by': 'db2c81f2-c6fa-41a7-b70e-bc4bed3c3b56_131056317130923594',
  'x-ms-request-id': 'ae7585e8-7b64-41f9-be45-ab34e128fd81',
  server: 'Microsoft-HTTPAPI/2.0, Microsoft-HTTPAPI/2.0',
  'x-ms-ratelimit-remaining-subscription-reads': '14969',
  'x-ms-correlation-request-id': 'd1170d9a-80d3-4b2d-9a86-a3ec9b7f5d52',
  'x-ms-routing-request-id': 'CENTRALUS:20160425T235238Z:d1170d9a-80d3-4b2d-9a86-a3ec9b7f5d52',
  date: 'Mon, 25 Apr 2016 23:52:37 GMT',
  connection: 'close' });
 return result; },
function (nock) { 
var result = 
nock('http://management.azure.com:443')
  .post('/subscriptions/e33f361b-53c2-4cc7-b829-78906708387b/resourceGroups/xplatTestGVMCreate1692/providers/Microsoft.Storage/storageAccounts/xplatteststorage14098/listKeys?api-version=2015-06-15')
  .reply(200, "{\"key1\":\"2dnstiSZoSfK5wTtfq5YhUlCx3WBWBD/kdhjljbHcyn+w3Y3Vvcofi5rg2cj/uGgkWAoHNLwCm+BYo/lEQuaGg==\",\"key2\":\"yO2h4YJxCglsMShzuafFja6eb2uWy1Us9S8JmmCi607Q52VasHw4+A1ndieMIJKH8yvbxDX4rMnZYWFTloBMew==\"}\n", { 'cache-control': 'no-cache',
  pragma: 'no-cache',
  'content-length': '198',
  'content-type': 'application/json',
  expires: '-1',
  'x-ms-request-id': 'e945cec4-4c9d-494f-b885-65b2faea2516',
  server: 'Microsoft-Azure-Storage-Resource-Provider/1.0, Microsoft-HTTPAPI/2.0',
  'x-ms-ratelimit-remaining-subscription-writes': '1197',
  'x-ms-correlation-request-id': 'e945cec4-4c9d-494f-b885-65b2faea2516',
  'x-ms-routing-request-id': 'CENTRALUS:20160425T235238Z:e945cec4-4c9d-494f-b885-65b2faea2516',
  'strict-transport-security': 'max-age=31536000; includeSubDomains',
  date: 'Mon, 25 Apr 2016 23:52:37 GMT',
  connection: 'close' });
 return result; },
function (nock) { 
var result = 
nock('https://management.azure.com:443')
  .post('/subscriptions/e33f361b-53c2-4cc7-b829-78906708387b/resourceGroups/xplatTestGVMCreate1692/providers/Microsoft.Storage/storageAccounts/xplatteststorage14098/listKeys?api-version=2015-06-15')
  .reply(200, "{\"key1\":\"2dnstiSZoSfK5wTtfq5YhUlCx3WBWBD/kdhjljbHcyn+w3Y3Vvcofi5rg2cj/uGgkWAoHNLwCm+BYo/lEQuaGg==\",\"key2\":\"yO2h4YJxCglsMShzuafFja6eb2uWy1Us9S8JmmCi607Q52VasHw4+A1ndieMIJKH8yvbxDX4rMnZYWFTloBMew==\"}\n", { 'cache-control': 'no-cache',
  pragma: 'no-cache',
  'content-length': '198',
  'content-type': 'application/json',
  expires: '-1',
  'x-ms-request-id': 'e945cec4-4c9d-494f-b885-65b2faea2516',
  server: 'Microsoft-Azure-Storage-Resource-Provider/1.0, Microsoft-HTTPAPI/2.0',
  'x-ms-ratelimit-remaining-subscription-writes': '1197',
  'x-ms-correlation-request-id': 'e945cec4-4c9d-494f-b885-65b2faea2516',
  'x-ms-routing-request-id': 'CENTRALUS:20160425T235238Z:e945cec4-4c9d-494f-b885-65b2faea2516',
  'strict-transport-security': 'max-age=31536000; includeSubDomains',
  date: 'Mon, 25 Apr 2016 23:52:37 GMT',
  connection: 'close' });
 return result; },
function (nock) { 
var result = 
nock('http://xplatteststorage14098.blob.core.windows.net:443')
  .head('/bootdiagnostics-xplatvm-c23e6c2d-3e8e-4332-b183-e9629d5cbeee/xplatvm.c23e6c2d-3e8e-4332-b183-e9629d5cbeee.serialconsole.log')
  .reply(200, "", { 'content-length': '62976',
  'content-type': 'text/plain',
  'last-modified': 'Mon, 25 Apr 2016 23:52:02 GMT',
  'accept-ranges': 'bytes',
  etag: '"0x8D36D6498F9C03A"',
  server: 'Windows-Azure-Blob/1.0 Microsoft-HTTPAPI/2.0',
  'x-ms-request-id': 'ea10ba00-0001-00f9-1a4d-9fec9f000000',
  'x-ms-version': '2015-02-21',
  'x-ms-write-protection': 'false',
  'x-ms-lease-status': 'unlocked',
  'x-ms-lease-state': 'available',
  'x-ms-blob-type': 'PageBlob',
  'x-ms-blob-sequence-number': '0',
  date: 'Mon, 25 Apr 2016 23:52:38 GMT',
  connection: 'close' });
 return result; },
function (nock) { 
var result = 
nock('https://xplatteststorage14098.blob.core.windows.net:443')
  .head('/bootdiagnostics-xplatvm-c23e6c2d-3e8e-4332-b183-e9629d5cbeee/xplatvm.c23e6c2d-3e8e-4332-b183-e9629d5cbeee.serialconsole.log')
  .reply(200, "", { 'content-length': '62976',
  'content-type': 'text/plain',
  'last-modified': 'Mon, 25 Apr 2016 23:52:02 GMT',
  'accept-ranges': 'bytes',
  etag: '"0x8D36D6498F9C03A"',
  server: 'Windows-Azure-Blob/1.0 Microsoft-HTTPAPI/2.0',
  'x-ms-request-id': 'ea10ba00-0001-00f9-1a4d-9fec9f000000',
  'x-ms-version': '2015-02-21',
  'x-ms-write-protection': 'false',
  'x-ms-lease-status': 'unlocked',
  'x-ms-lease-state': 'available',
  'x-ms-blob-type': 'PageBlob',
  'x-ms-blob-sequence-number': '0',
  date: 'Mon, 25 Apr 2016 23:52:38 GMT',
  connection: 'close' });
 return result; },
function (nock) { 
var result = 
nock('http://xplatteststorage14098.blob.core.windows.net:443')
  .get('/bootdiagnostics-xplatvm-c23e6c2d-3e8e-4332-b183-e9629d5cbeee/xplatvm.c23e6c2d-3e8e-4332-b183-e9629d5cbeee.serialconsole.log')
  .reply(200, "\u001b[H\u001b[J\u001b[1;1H[    0.000000] Initializing cgroup subsys cpuset\r\n[    0.000000] Initializing cgroup subsys cpu\r\n[    0.000000] Initializing cgroup subsys cpuacct\r\n[    0.000000] Linux version 4.2.0-35-generic (buildd@lgw01-43) (gcc version 5.2.1 20151010 (Ubuntu 5.2.1-22ubuntu2) ) #40-Ubuntu SMP Tue Mar 15 22:15:45 UTC 2016 (Ubuntu 4.2.0-35.40-generic 4.2.8-ckt5)\r\n[    0.000000] Command line: BOOT_IMAGE=/boot/vmlinuz-4.2.0-35-generic root=UUID=e76b11a1-29e0-4279-a7de-dac4f6de393a ro console=tty1 console=ttyS0 earlyprintk=ttyS0 rootdelay=300\r\n[    0.000000] KERNEL supported cpus:\r\n[    0.000000]   Intel GenuineIntel\r\n[    0.000000]   AMD AuthenticAMD\r\n[    0.000000]   Centaur CentaurHauls\r\n[    0.000000] x86/fpu: xstate_offset[2]: 0240, xstate_sizes[2]: 0100\r\n[    0.000000] x86/fpu: Supporting XSAVE feature 0x01: 'x87 floating point registers'\r\n[    0.000000] x86/fpu: Supporting XSAVE feature 0x02: 'SSE registers'\r\n[    0.000000] x86/fpu: Supporting XSAVE feature 0x04: 'AVX registers'\r\n[    0.000000] x86/fpu: Enabled xstate features 0x7, context size is 0x340 bytes, using 'standard' format.\r\n[    0.000000] x86/fpu: Using 'eager' FPU context switches.\r\n[    0.000000] e820: BIOS-provided physical RAM map:\r\n[    0.000000] BIOS-e820: [mem 0x0000000000000000-0x000000000009fbff] usable\r\n[    0.000000] BIOS-e820: [mem 0x000000000009fc00-0x000000000009ffff] reserved\r\n[    0.000000] BIOS-e820: [mem 0x00000000000e0000-0x00000000000fffff] reserved\r\n[    0.000000] BIOS-e820: [mem 0x0000000000100000-0x000000001ffeffff] usable\r\n[    0.000000] BIOS-e820: [mem 0x000000001fff0000-0x000000001fffefff] ACPI data\r\n[    0.000000] BIOS-e820: [mem 0x000000001ffff000-0x000000001fffffff] ACPI NVS\r\n[    0.000000] BIOS-e820: [mem 0x0000000100000000-0x00000001bfffffff] usable\r\n[    0.000000] bootconsole [earlyser0] enabled\r\n[    0.000000] NX (Execute Disable) protection: active\r\n[    0.000000] SMBIOS 2.3 present.\r\n[    0.000000] Hypervisor detected: Microsoft HyperV\r\n[    0.000000] HyperV: features 0xe7f, hints 0x2c\r\n[    0.000000] HyperV: LAPIC Timer Frequency: 0xc3500\r\n[    0.000000] clocksource: hyperv_clocksource: mask: 0xffffffffffffffff max_cycles: 0x24e6a1710, max_idle_ns: 440795202120 ns\r\n[    0.000000] tsc: Marking TSC unstable due to running on Hyper-V\r\n[    0.000000] e820: last_pfn = 0x1c0000 max_arch_pfn = 0x400000000\r\n[    0.000000] x86/PAT: Configuration [0-7]: WB  WC  UC- UC  WB  WC  UC- WT  \r\n[    0.000000] e820: last_pfn = 0x1fff0 max_arch_pfn = 0x400000000\r\n[    0.000000] found SMP MP-table at [mem 0x000ff780-0x000ff78f] mapped at [ffff8800000ff780]\r\n[    0.000000] Scanning 1 areas for low memory corruption\r\n[    0.000000] init_memory_mapping: [mem 0x00000000-0x000fffff]\r\n[    0.000000] init_memory_mapping: [mem 0x1bfe00000-0x1bfffffff]\r\n[    0.000000] init_memory_mapping: [mem 0x1a0000000-0x1bfdfffff]\r\n[    0.000000] init_memory_mapping: [mem 0x00100000-0x1ffeffff]\r\n[    0.000000] init_memory_mapping: [mem 0x100000000-0x19fffffff]\r\n[    0.000000] RAMDISK: [mem 0x1d9d3000-0x1f7a1fff]\r\n[    0.000000] ACPI: Early table checksum verification disabled\r\n[    0.000000] ACPI: RSDP 0x00000000000F56F0 000014 (v00 ACPIAM)\r\n[    0.000000] ACPI: RSDT 0x000000001FFF0000 000040 (v01 VRTUAL MICROSFT 05001223 MSFT 00000097)\r\n[    0.000000] ACPI: FACP 0x000000001FFF0200 000081 (v02 VRTUAL MICROSFT 05001223 MSFT 00000097)\r\n[    0.000000] ACPI: DSDT 0x000000001FFF1724 002E78 (v01 MSFTVM MSFTVM02 00000002 INTL 02002026)\r\n[    0.000000] ACPI: FACS 0x000000001FFFF000 000040\r\n[    0.000000] ACPI: WAET 0x000000001FFF1480 000028 (v01 VRTUAL MICROSFT 05001223 MSFT 00000097)\r\n[    0.000000] ACPI: SLIC 0x000000001FFF14C0 000176 (v01 VRTUAL MICROSFT 05001223 MSFT 00000097)\r\n[    0.000000] ACPI: OEM0 0x000000001FFF16C0 000064 (v01 VRTUAL MICROSFT 05001223 MSFT 00000097)\r\n[    0.000000] ACPI: SRAT 0x000000001FFF0600 000090 (v02 VRTUAL MICROSFT 00000001 MSFT 00000001)\r\n[    0.000000] ACPI: APIC 0x000000001FFF0300 00024C (v01 VRTUAL MICROSFT 05001223 MSFT 00000097)\r\n[    0.000000] ACPI: OEMB 0x000000001FFFF040 000064 (v01 VRTUAL MICROSFT 05001223 MSFT 00000097)\r\n[    0.000000] SRAT: PXM 0 -> APIC 0x00 -> Node 0\r\n[    0.000000] SRAT: Node 0 PXM 0 [mem 0x00000000-0x1fffffff]\r\n[    0.000000] SRAT: Node 0 PXM 0 [mem 0x100000000-0x1bfffffff]\r\n[    0.000000] NUMA: Node 0 [mem 0x00000000-0x1fffffff] + [mem 0x100000000-0x1bfffffff] -> [mem 0x00000000-0x1bfffffff]\r\n[    0.000000] NODE_DATA(0) allocated [mem 0x1bfffa000-0x1bfffefff]\r\n[    0.000000] Zone ranges:\r\n[    0.000000]   DMA      [mem 0x0000000000001000-0x0000000000ffffff]\r\n[    0.000000]   DMA32    [mem 0x0000000001000000-0x00000000ffffffff]\r\n[    0.000000]   Normal   [mem 0x0000000100000000-0x00000001bfffffff]\r\n[    0.000000] Movable zone start for each node\r\n[    0.000000] Early memory node ranges\r\n[    0.000000]   node   0: [mem 0x0000000000001000-0x000000000009efff]\r\n[    0.000000]   node   0: [mem 0x0000000000100000-0x000000001ffeffff]\r\n[    0.000000]   node   0: [mem 0x0000000100000000-0x00000001bfffffff]\r\n[    0.000000] Initmem setup node 0 [mem 0x0000000000001000-0x00000001bfffffff]\r\n[    0.000000] ACPI: PM-Timer IO Port: 0x408\r\n[    0.000000] IOAPIC[0]: apic_id 0, version 17, address 0xfec00000, GSI 0-23\r\n[    0.000000] ACPI: INT_SRC_OVR (bus 0 bus_irq 0 global_irq 2 dfl dfl)\r\n[    0.000000] ACPI: INT_SRC_OVR (bus 0 bus_irq 9 global_irq 9 high level)\r\n[    0.000000] Using ACPI (MADT) for SMP configuration information\r\n[    0.000000] smpboot: Allowing 64 CPUs, 63 hotplug CPUs\r\n[    0.000000] PM: Registered nosave memory: [mem 0x00000000-0x00000fff]\r\n[    0.000000] PM: Registered nosave memory: [mem 0x0009f000-0x0009ffff]\r\n[    0.000000] PM: Registered nosave memory: [mem 0x000a0000-0x000dffff]\r\n[    0.000000] PM: Registered nosave memory: [mem 0x000e0000-0x000fffff]\r\n[    0.000000] PM: Registered nosave memory: [mem 0x1fff0000-0x1fffefff]\r\n[    0.000000] PM: Registered nosave memory: [mem 0x1ffff000-0x1fffffff]\r\n[    0.000000] PM: Registered nosave memory: [mem 0x20000000-0xffffffff]\r\n[    0.000000] e820: [mem 0x20000000-0xffffffff] available for PCI devices\r\n[    0.000000] Booting paravirtualized kernel on bare hardware\r\n[    0.000000] clocksource: refined-jiffies: mask: 0xffffffff max_cycles: 0xffffffff, max_idle_ns: 7645519600211568 ns\r\n[    0.000000] setup_percpu: NR_CPUS:256 nr_cpumask_bits:256 nr_cpu_ids:64 nr_node_ids:1\r\n[    0.000000] PERCPU: Embedded 33 pages/cpu @ffff8801bae00000 s96728 r8192 d30248 u262144\r\n[    0.000000] Built 1 zonelists in Node order, mobility grouping on.  Total pages: 903033\r\n[    0.000000] Policy zone: Normal\r\n[    0.000000] Kernel command line: BOOT_IMAGE=/boot/vmlinuz-4.2.0-35-generic root=UUID=e76b11a1-29e0-4279-a7de-dac4f6de393a ro console=tty1 console=ttyS0 earlyprintk=ttyS0 rootdelay=300\r\n[    0.000000] log_buf_len individual max cpu contribution: 4096 bytes\r\n[    0.000000] log_buf_len total cpu_extra contributions: 258048 bytes\r\n[    0.000000] log_buf_len min size: 262144 bytes\r\n[    0.000000] log_buf_len: 524288 bytes\r\n[    0.000000] early log buf free: 252360(96%)\r\n[    0.000000] PID hash table entries: 4096 (order: 3, 32768 bytes)\r\n[    0.000000] Memory: 3487928K/3669560K available (8182K kernel code, 1239K rwdata, 3804K rodata, 1464K init, 1292K bss, 181632K reserved, 0K cma-reserved)\r\n[    0.000000] SLUB: HWalign=64, Order=0-3, MinObjects=0, CPUs=64, Nodes=1\r\n[    0.000000] Hierarchical RCU implementation.\r\n[    0.000000] \tBuild-time adjustment of leaf fanout to 64.\r\n[    0.000000] \tRCU restricting CPUs from NR_CPUS=256 to nr_cpu_ids=64.\r\n[    0.000000] RCU: Adjusting geometry for rcu_fanout_leaf=64, nr_cpu_ids=64\r\n[    0.000000] NR_IRQS:16640 nr_irqs:936 16\r\n[    0.000000] \tOffload RCU callbacks from all CPUs\r\n[    0.000000] \tOffload RCU callbacks from CPUs: 0-63.\r\n[    0.000000] Console: colour VGA+ 80x25\r\n[    0.000000] console [tty1] enabled\r\n[    0.000000] console [ttyS0] enabled\r\n[    0.000000] console [ttyS0] enabled\r\n[    0.000000] bootconsole [earlyser0] disabled\r\n[    0.000000] bootconsole [earlyser0] disabled\r\n[    0.000000] tsc: Fast TSC calibration failed\r\n[    0.000000] tsc: Unable to calibrate against PIT\r\n[    0.000000] tsc: using PMTIMER reference calibration\r\n[    0.000000] tsc: Detected 2194.704 MHz processor\r\n[    0.020037] Calibrating delay loop (skipped), value calculated using timer frequency.. 4389.40 BogoMIPS (lpj=8778816)\r\n[    0.025611] pid_max: default: 65536 minimum: 512\r\n[    0.028072] ACPI: Core revision 20150619\r\n[    0.032055] ACPI: All ACPI Tables successfully acquired\r\n[    0.048138] Security Framework initialized\r\n[    0.050105] AppArmor: AppArmor initialized\r\n[    0.052019] Yama: becoming mindful.\r\n[    0.056118] Dentry cache hash table entries: 524288 (order: 10, 4194304 bytes)\r\n[    0.060657] Inode-cache hash table entries: 262144 (order: 9, 2097152 bytes)\r\n[    0.064000] Mount-cache hash table entries: 8192 (order: 4, 65536 bytes)\r\n[    0.064035] Mountpoint-cache hash table entries: 8192 (order: 4, 65536 bytes)\r\n[    0.068324] Initializing cgroup subsys blkio\r\n[    0.072026] Initializing cgroup subsys memory\r\n[    0.076053] Initializing cgroup subsys devices\r\n[    0.078712] Initializing cgroup subsys freezer\r\n[    0.080022] Initializing cgroup subsys net_cls\r\n[    0.084028] Initializing cgroup subsys perf_event\r\n[    0.085642] Initializing cgroup subsys net_prio\r\n[    0.088022] Initializing cgroup subsys hugetlb\r\n[    0.092122] mce: CPU supports 1 MCE banks\r\n[    0.096075] Last level iTLB entries: 4KB 512, 2MB 8, 4MB 8\r\n[    0.100018] Last level dTLB entries: 4KB 512, 2MB 32, 4MB 32, 1GB 0\r\n[    0.132000] ftrace: allocating 30947 entries in 121 pages\r\n[    0.148463] Switched APIC routing to physical flat.\r\n[    0.169104] ..TIMER: vector=0x30 apic1=0 pin1=2 apic2=-1 pin2=-1\r\n[    0.172071] smpboot: CPU0: Intel(R) Xeon(R) CPU E5-2660 0 @ 2.20GHz (fam: 06, model: 2d, stepping: 07)\r\n[    0.181396] Performance Events: unsupported p6 CPU model 45 no PMU driver, software events only.\r\n[    0.188232] x86: Booted up 1 node, 1 CPUs\r\n[    0.189603] smpboot: Total of 1 processors activated (4389.40 BogoMIPS)\r\n[    0.192014] NMI watchdog: disabled (cpu0): hardware events not enabled\r\n[    0.195141] NMI watchdog: Shutting down hard lockup detector on all cpus\r\n[    0.201221] devtmpfs: initialized\r\n[    0.205074] evm: security.selinux\r\n[    0.206536] evm: security.SMACK64\r\n[    0.207771] evm: security.SMACK64EXEC\r\n[    0.208006] evm: security.SMACK64TRANSMUTE\r\n[    0.212007] evm: security.SMACK64MMAP\r\n[    0.216014] evm: security.ima\r\n[    0.218801] evm: security.capability\r\n[    0.220158] PM: Registering ACPI NVS region [mem 0x1ffff000-0x1fffffff] (4096 bytes)\r\n[    0.224244] clocksource: jiffies: mask: 0xffffffff max_cycles: 0xffffffff, max_idle_ns: 7645041785100000 ns\r\n[    0.228225] pinctrl core: initialized pinctrl subsystem\r\n[    0.232295] RTC time: 23:38:31, date: 04/25/16\r\n[    0.233529] NET: Registered protocol family 16\r\n[    0.234901] cpuidle: using governor ladder\r\n[    0.236009] cpuidle: using governor menu\r\n[    0.237035] ACPI: bus type PCI registered\r\n[    0.237906] acpiphp: ACPI Hot Plug PCI Controller Driver version: 0.5\r\n[    0.240054] PCI: Using configuration type 1 for base access\r\n[    0.242864] ACPI: Added _OSI(Module Device)\r\n[    0.244009] ACPI: Added _OSI(Processor Device)\r\n[    0.248005] ACPI: Added _OSI(3.0 _SCP Extensions)\r\n[    0.249361] ACPI: Added _OSI(Processor Aggregator Device)\r\n[    0.254704] ACPI: Interpreter enabled\r\n[    0.256014] ACPI Exception: AE_NOT_FOUND, While evaluating Sleep State [\\_S1_] (20150619/hwxface-580)\r\n[    0.268008] ACPI Exception: AE_NOT_FOUND, While evaluating Sleep State [\\_S2_] (20150619/hwxface-580)\r\n[    0.272006] ACPI Exception: AE_NOT_FOUND, While evaluating Sleep State [\\_S3_] (20150619/hwxface-580)\r\n[    0.276017] ACPI Exception: AE_NOT_FOUND, While evaluating Sleep State [\\_S4_] (20150619/hwxface-580)\r\n[    0.284014] ACPI: (supports S0 S5)\r\n[    0.288004] ACPI: Using IOAPIC for interrupt routing\r\n[    0.289930] PCI: Using host bridge windows from ACPI; if necessary, use \"pci=nocrs\" and report a bug\r\n[    0.306490] ACPI: PCI Root Bridge [PCI0] (domain 0000 [bus 00-ff])\r\n[    0.308031] acpi PNP0A03:00: _OSC: OS supports [ASPM ClockPM Segments MSI]\r\n[    0.312021] acpi PNP0A03:00: _OSC failed (AE_NOT_FOUND); disabling ASPM\r\n[    0.316538] acpi PNP0A03:00: fail to add MMCONFIG information, can't access extended PCI configuration space under this bridge.\r\n[    0.320145] PCI host bridge to bus 0000:00\r\n[    0.321748] pci_bus 0000:00: root bus resource [bus 00-ff]\r\n[    0.324006] pci_bus 0000:00: root bus resource [mem 0xfe0000000-0xfffefffff window]\r\n[    0.328007] pci_bus 0000:00: root bus resource [io  0x0000-0x0cf7 window]\r\n[    0.332008] pci_bus 0000:00: root bus resource [io  0x0d00-0xffff window]\r\n[    0.333561] pci_bus 0000:00: root bus resource [mem 0x000a0000-0x000bffff window]\r\n[    0.336005] pci_bus 0000:00: root bus resource [mem 0x20000000-0xfffbffff window]\r\n[    0.356550] pci 0000:00:07.1: legacy IDE quirk: reg 0x10: [io  0x01f0-0x01f7]\r\n[    0.358354] pci 0000:00:07.1: legacy IDE quirk: reg 0x14: [io  0x03f6]\r\n[    0.360004] pci 0000:00:07.1: legacy IDE quirk: reg 0x18: [io  0x0170-0x0177]\r\n[    0.362099] pci 0000:00:07.1: legacy IDE quirk: reg 0x1c: [io  0x0376]\r\n[    0.376700] * Found PM-Timer Bug on the chipset. Due to workarounds for a bug,\r\n[    0.376700] * this clock source is slow. Consider trying other clock sources\r\n[    0.382305] pci 0000:00:07.3: quirk: [io  0x0400-0x043f] claimed by PIIX4 ACPI\r\n[    0.394558] ACPI: PCI Interrupt Link [LNKA] (IRQs 3 4 5 7 9 10 *11 12 14 15)\r\n[    0.405721] ACPI: PCI Interrupt Link [LNKB] (IRQs 3 4 5 7 9 10 11 12 14 15) *0, disabled.\r\n[    0.430232] ACPI: PCI Interrupt Link [LNKC] (IRQs 3 4 5 7 9 10 11 12 14 15) *0, disabled.\r\n[    0.448023] ACPI: PCI Interrupt Link [LNKD] (IRQs 3 4 5 7 9 10 11 12 14 15) *0, disabled.\r\n[    0.458236] ACPI: Enabled 1 GPEs in block 00 to 0F\r\n[    0.460178] vgaarb: setting as boot device: PCI:0000:00:08.0\r\n[    0.462019] vgaarb: device added: PCI:0000:00:08.0,decodes=io+mem,owns=io+mem,locks=none\r\n[    0.463459] vgaarb: loaded\r\n[    0.464004] vgaarb: bridge control possible 0000:00:08.0\r\n[    0.465711] SCSI subsystem initialized\r\n[    0.468117] ACPI: bus type USB registered\r\n[    0.469095] usbcore: registered new interface driver usbfs\r\n[    0.470906] usbcore: registered new interface driver hub\r\n[    0.472055] usbcore: registered new device driver usb\r\n[    0.476022] PCI: Using ACPI for IRQ routing\r\n[    0.477815] NetLabel: Initializing\r\n[    0.478976] NetLabel:  domain hash size = 128\r\n[    0.480003] NetLabel:  protocols = UNLABELED CIPSOv4\r\n[    0.481384] NetLabel:  unlabeled traffic allowed by default\r\n[    0.482968] clocksource: Switched to clocksource hyperv_clocksource\r\n[    0.489794] AppArmor: AppArmor Filesystem Enabled\r\n[    0.496948] pnp: PnP ACPI init\r\n[    0.500818] system 00:06: [io  0x01e0-0x01ef] has been reserved\r\n[    0.502365] system 00:06: [io  0x0160-0x016f] has been reserved\r\n[    0.517450] system 00:06: [io  0x0278-0x027f] has been reserved\r\n[    0.518897] system 00:06: [io  0x0378-0x037f] has been reserved\r\n[    0.520341] system 00:06: [io  0x0678-0x067f] has been reserved\r\n[    0.522228] system 00:06: [io  0x0778-0x077f] has been reserved\r\n[    0.527521] system 00:06: [io  0x04d0-0x04d1] has been reserved\r\n[    0.531009] system 00:07: [io  0x0400-0x043f] has been reserved\r\n[    0.537797] system 00:07: [io  0x0370-0x0371] has been reserved\r\n[    0.541126] system 00:07: [io  0x0440-0x044f] has been reserved\r\n[    0.545351] system 00:07: [mem 0xfec00000-0xfec00fff] could not be reserved\r\n[    0.546949] system 00:07: [mem 0xfee00000-0xfee00fff] has been reserved\r\n[    0.548925] system 00:08: [mem 0x00000000-0x0009ffff] could not be reserved\r\n[    0.550510] system 00:08: [mem 0x000c0000-0x000dffff] could not be reserved\r\n[    0.552226] system 00:08: [mem 0x000e0000-0x000fffff] could not be reserved\r\n[    0.560705] system 00:08: [mem 0x00100000-0x1fffffff] could not be reserved\r\n[    0.567661] system 00:08: [mem 0xfffc0000-0xffffffff] has been reserved\r\n[    0.570508] pnp: PnP ACPI: found 9 devices\r\n[    0.579619] clocksource: acpi_pm: mask: 0xffffff max_cycles: 0xffffff, max_idle_ns: 2085701024 ns\r\n[    0.590181] NET: Registered protocol family 2\r\n[    0.597688] TCP established hash table entries: 32768 (order: 6, 262144 bytes)\r\n[    0.621043] TCP bind hash table entries: 32768 (order: 7, 524288 bytes)\r\n[    0.624146] TCP: Hash tables configured (established 32768 bind 32768)\r\n[    0.626653] UDP hash table entries: 2048 (order: 4, 65536 bytes)\r\n[    0.629177] UDP-Lite hash table entries: 2048 (order: 4, 65536 bytes)\r\n[    0.631135] NET: Registered protocol family 1\r\n[    0.634110] pci 0000:00:00.0: Limiting direct PCI/PCI transfers\r\n[    0.640375] Trying to unpack rootfs image as initramfs...\r\n[    1.543200] Freeing initrd memory: 30524K (ffff88001d9d3000 - ffff88001f7a2000)\r\n[    1.549570] PCI-DMA: Using software bounce buffering for IO (SWIOTLB)\r\n[    1.551787] software IO TLB [mem 0x199d3000-0x1d9d3000] (64MB) mapped at [ffff8800199d3000-ffff88001d9d2fff]\r\n[    1.553940] clocksource: tsc: mask: 0xffffffffffffffff max_cycles: 0x1fa2a82ada7, max_idle_ns: 440795317696 ns\r\n[    1.556254] RAPL PMU detected, API unit is 2^-32 Joules, 3 fixed counters 10737418240 ms ovfl timer\r\n[    1.558491] hw unit of domain pp0-core 2^-0 Joules\r\n[    1.563074] hw unit of domain package 2^-0 Joules\r\n[    1.569953] hw unit of domain dram 2^-0 Joules\r\n[    1.571669] microcode: CPU0 sig=0x206d7, pf=0x1, revision=0xffffffff\r\n[    1.573511] microcode: Microcode Update Driver: v2.00 <tigran@aivazian.fsnet.co.uk>, Peter Oruba\r\n[    1.575491] Scanning for low memory corruption every 60 seconds\r\n[    1.578106] futex hash table entries: 16384 (order: 8, 1048576 bytes)\r\n[    1.579675] Initialise system trusted keyring\r\n[    1.580981] audit: initializing netlink subsys (disabled)\r\n[    1.582673] audit: type=2000 audit(1461627511.580:1): initialized\r\n[    1.584527] HugeTLB registered 2 MB page size, pre-allocated 0 pages\r\n[    1.593127] zpool: loaded\r\n[    1.595313] zbud: loaded\r\n[    1.599919] VFS: Disk quotas dquot_6.6.0\r\n[    1.616421] VFS: Dquot-cache hash table entries: 512 (order 0, 4096 bytes)\r\n[    1.623885] fuse init (API version 7.23)\r\n[    1.625573] Key type big_key registered\r\n[    1.627233] Key type asymmetric registered\r\n[    1.628695] Asymmetric key parser 'x509' registered\r\n[    1.629863] Block layer SCSI generic (bsg) driver version 0.4 loaded (major 249)\r\n[    1.631275] io scheduler noop registered\r\n[    1.632666] io scheduler deadline registered (default)\r\n[    1.633833] io scheduler cfq registered\r\n[    1.637403] pci_hotplug: PCI Hot Plug PCI Core version: 0.5\r\n[    1.641871] pciehp: PCI Express Hot Plug Controller Driver version: 0.4\r\n[    1.644115] input: Power Button as /devices/LNXSYSTM:00/LNXPWRBN:00/input/input0\r\n[    1.646604] ACPI: Power Button [PWRF]\r\n[    1.649579] GHES: HEST is not enabled!\r\n[    1.656262] Serial: 8250/16550 driver, 32 ports, IRQ sharing enabled\r\n[    1.684442] 00:03: ttyS0 at I/O 0x3f8 (irq = 4, base_baud = 115200) is a 16550A\r\n[    1.715507] 00:04: ttyS1 at I/O 0x2f8 (irq = 3, base_baud = 115200) is a 16550A\r\n[    1.720663] Linux agpgart interface v0.103\r\n[    1.727849] brd: module loaded\r\n[    1.735181] loop: module loaded\r\n[    1.750778] ata_piix 0000:00:07.1: Hyper-V Virtual Machine detected, ATA device ignore set\r\n[    1.765279] scsi host0: ata_piix\r\n[    1.773296] scsi host1: ata_piix\r\n[    1.775288] ata1: PATA max UDMA/33 cmd 0x1f0 ctl 0x3f6 bmdma 0xffa0 irq 14\r\n[    1.777064] ata2: PATA max UDMA/33 cmd 0x170 ctl 0x376 bmdma 0xffa8 irq 15\r\n[    1.780519] libphy: Fixed MDIO Bus: probed\r\n[    1.781887] tun: Universal TUN/TAP device driver, 1.6\r\n[    1.784974] tun: (C) 1999-2004 Max Krasnyansky <maxk@qualcomm.com>\r\n[    1.811585] PPP generic driver version 2.4.2\r\n[    1.812704] ehci_hcd: USB 2.0 'Enhanced' Host Controller (EHCI) Driver\r\n[    1.814569] ehci-pci: EHCI PCI platform driver\r\n[    1.815541] ehci-platform: EHCI generic platform driver\r\n[    1.816627] ohci_hcd: USB 1.1 'Open' Host Controller (OHCI) Driver\r\n[    1.817827] ohci-pci: OHCI PCI platform driver\r\n[    1.819072] ohci-platform: OHCI generic platform driver\r\n[    1.820565] uhci_hcd: USB Universal Host Controller Interface driver\r\n[    1.822228] i8042: PNP: PS/2 Controller [PNP0303:PS2K,PNP0f03:PS2M] at 0x60,0x64 irq 1,12\r\n[    1.827366] serio: i8042 KBD port at 0x60,0x64 irq 1\r\n[    1.828771] serio: i8042 AUX port at 0x60,0x64 irq 12\r\n[    1.830386] mousedev: PS/2 mouse device common for all mice\r\n[    1.832702] rtc_cmos 00:00: RTC can wake from S4\r\n[    1.868653] input: AT Translated Set 2 keyboard as /devices/platform/i8042/serio0/input/input1\r\n[    1.872944] rtc_cmos 00:00: rtc core: registered rtc_cmos as rtc0\r\n[    1.880722] rtc_cmos 00:00: alarms up to one month, 114 bytes nvram\r\n[    1.882733] i2c /dev entries driver\r\n[    1.888283] device-mapper: uevent: version 1.0.3\r\n[    1.891065] device-mapper: ioctl: 4.33.0-ioctl (2015-8-18) initialised: dm-devel@redhat.com\r\n[    1.899211] ledtrig-cpu: registered to indicate activity on CPUs\r\n[    1.903747] PCCT header not found.\r\n[    1.914793] NET: Registered protocol family 10\r\n[    1.916884] NET: Registered protocol family 17\r\n[    1.920828] Key type dns_resolver registered\r\n[    1.922374] Loading compiled-in X.509 certificates\r\n[    1.926378] Loaded X.509 cert 'Build time autogenerated kernel key: d2cd13f45fa3b012fc89b8d500f91dcca4d9e0a8'\r\n[    1.928478] registered taskstats version 1\r\n[    1.929805] zswap: loading zswap\r\n[    1.931014] zswap: using zbud pool\r\n[    1.941507] zswap: using lzo compressor\r\n[    1.944066] ata2.00: ATAPI: Virtual CD, , max MWDMA2\r\n[    1.947200] ata2.00: configured for MWDMA2\r\n[    1.951764] scsi 1:0:0:0: CD-ROM            Msft     Virtual CD/ROM   1.0  PQ: 0 ANSI: 5\r\n[    1.967094] Key type trusted registered\r\n[    1.978609] sr 1:0:0:0: [sr0] scsi3-mmc drive: 0x/0x tray\r\n[    1.980066] cdrom: Uniform CD-ROM driver Revision: 3.20\r\n[    1.982969] sr 1:0:0:0: Attached scsi generic sg0 type 5\r\n[    1.986787] Key type encrypted registered\r\n[    1.994351] AppArmor: AppArmor sha1 policy hashing enabled\r\n[    1.996696] ima: No TPM chip found, activating TPM-bypass!\r\n[    1.998256] evm: HMAC attrs: 0x1\r\n[    2.000376]   Magic number: 12:887:656\r\n[    2.003062] acpi LNXCPU:09: hash matches\r\n[    2.006128] rtc_cmos 00:00: setting system clock to 2016-04-25 23:38:32 UTC (1461627512)\r\n[    2.012066] BIOS EDD facility v0.16 2004-Jun-25, 0 devices found\r\n[    2.015173] EDD information not available.\r\n[    2.028823] Freeing unused kernel memory: 1464K (ffffffff81f37000 - ffffffff820a5000)\r\n[    2.033868] Write protecting the kernel read-only data: 14336k\r\n[    2.042624] Freeing unused kernel memory: 2044K (ffff880001801000 - ffff880001a00000)\r\n[    2.050269] Freeing unused kernel memory: 292K (ffff880001db7000 - ffff880001e00000)\r\nLoading, please wait...\r\nstarting version 225\r\n[    2.079611] random: udevadm urandom read with 3 bits of entropy available\r\n[    2.193554] Floppy drive(s): fd0 is 1.44M\r\n[    2.222355] clocksource: hyperv_clocksource_tsc_page: mask: 0xffffffffffffffff max_cycles: 0x24e6a1710, max_idle_ns: 440795202120 ns\r\n[    2.240887] clocksource: Switched to clocksource hyperv_clocksource_tsc_page\r\n[    2.246925] FDC 0 is an 82078.\r\n[    2.304790] hv_vmbus: Hyper-V Host Build:9600-6.3-18-0.18190; Vmbus version:3.0\r\n[    2.524806] AVX version of gcm_enc/dec engaged.\r\n[    2.526701] AES CTR mode by8 optimization enabled\r\n[    2.562123] hv_vmbus: registering driver hv_storvsc\r\n[    2.571299] hidraw: raw HID events driver (C) Jiri Kosina\r\n[    2.575454] hv_utils: Registering HyperV Utility Driver\r\n[    2.577126] hv_vmbus: registering driver hv_util\r\n[    2.590355] hv_vmbus: registering driver hid_hyperv\r\n[    2.606314] hv_vmbus: registering driver hv_netvsc\r\n[    2.630250] scsi host2: storvsc_host_t\r\n[    2.632161] scsi 2:0:0:0: Direct-Access     Msft     Virtual Disk     1.0  PQ: 0 ANSI: 4\r\n[    2.634698] sd 2:0:0:0: [sda] 61440000 512-byte logical blocks: (31.4 GB/29.2 GiB)\r\n[    2.636489] sd 2:0:0:0: [sda] 4096-byte physical blocks\r\n[    2.638120] sd 2:0:0:0: Attached scsi generic sg1 type 0\r\n[    2.649548] sd 2:0:0:0: [sda] Write Protect is off\r\n[    2.651256] sd 2:0:0:0: [sda] Write cache: enabled, read cache: enabled, supports DPO and FUA\r\n[    2.653535]  sda: sda1\r\n[    2.655314] hv_netvsc: hv_netvsc channel opened successfully\r\n[    2.666432] sd 2:0:0:0: [sda] Attached SCSI disk\r\n[    2.728052] psmouse serio1: trackpoint: failed to get extended button data\r\n[    2.801450] hv_netvsc vmbus_14: Send section size: 6144, Section count:2560\r\n[    2.807738] hv_netvsc vmbus_14: Device MAC 00:0d:3a:11:b6:14 link state up\r\n[    2.819059] input: Microsoft Vmbus HID-compliant Mouse as /devices/0006:045E:0621.0001/input/input4\r\n[    2.825247] hid 0006:045E:0621.0001: input: <UNKNOWN> HID v0.01 Mouse [Microsoft Vmbus HID-compliant Mouse] on \r\n[    2.844799] scsi host3: storvsc_host_t\r\n[    2.847857] scsi 3:0:1:0: Direct-Access     Msft     Virtual Disk     1.0  PQ: 0 ANSI: 4\r\n[    2.850480] sd 3:0:1:0: Attached scsi generic sg2 type 0\r\n[    2.854210] sd 3:0:1:0: [sdb] 14680064 512-byte logical blocks: (7.51 GB/7.00 GiB)\r\n[    2.858342] sd 3:0:1:0: [sdb] 4096-byte physical blocks\r\n[    2.876555] sd 3:0:1:0: [sdb] Write Protect is off\r\n[    2.879439] sd 3:0:1:0: [sdb] Write cache: enabled, read cache: enabled, supports DPO and FUA\r\n[    2.882233] scsi host4: storvsc_host_t\r\n[    2.884497] scsi 4:0:0:0: scsi scan: INQUIRY result too short (5), using 36\r\n[    2.895299] scsi 4:0:0:1: scsi scan: INQUIRY result too short (5), using 36\r\n[    2.897354] scsi 4:0:1:0: scsi scan: INQUIRY result too short (5), using 36\r\n[    2.909897]  sdb: sdb1\r\n[    2.913250] scsi 4:0:1:1: scsi scan: INQUIRY result too short (5), using 36\r\n[    2.918614] scsi host5: storvsc_host_t\r\n[    2.920095] scsi 5:0:0:0: scsi scan: INQUIRY result too short (5), using 36\r\n[    2.921867] scsi 5:0:0:1: scsi scan: INQUIRY result too short (5), using 36\r\n[    2.924069] scsi 5:0:1:0: scsi scan: INQUIRY result too short (5), using 36\r\n[    2.925766] scsi 4:1:0:0: scsi scan: INQUIRY result too short (5), using 36\r\n[    2.928382] scsi 5:0:1:1: scsi scan: INQUIRY result too short (5), using 36\r\n[    2.930006] scsi 5:1:0:0: scsi scan: INQUIRY result too short (5), using 36\r\n[    2.931628] scsi 4:1:0:1: scsi scan: INQUIRY result too short (5), using 36\r\n[    2.933567] sd 3:0:1:0: [sdb] Attached SCSI disk\r\n[    2.940886] scsi 5:1:0:1: scsi scan: INQUIRY result too short (5), using 36\r\n[    2.945477] scsi 4:1:1:0: scsi scan: INQUIRY result too short (5), using 36\r\n[    2.948295] scsi 4:1:1:1: scsi scan: INQUIRY result too short (5), using 36\r\n[    2.961499] scsi 5:1:1:0: scsi scan: INQUIRY result too short (5), using 36\r\n[    2.970264] scsi 5:1:1:1: scsi scan: INQUIRY result too short (5), using 36\r\n[    2.971990] scsi 4:2:0:0: scsi scan: INQUIRY result too short (5), using 36\r\n[    2.974267] scsi 5:2:0:0: scsi scan: INQUIRY result too short (5), using 36\r\n[    2.976001] scsi 5:2:0:1: scsi scan: INQUIRY result too short (5), using 36\r\n[    2.978153] scsi 4:2:0:1: scsi scan: INQUIRY result too short (5), using 36\r\n[    2.979935] scsi 5:2:1:0: scsi scan: INQUIRY result too short (5), using 36\r\n[    2.981518] scsi 4:2:1:0: scsi scan: INQUIRY result too short (5), using 36\r\n[    2.983537] scsi 5:2:1:1: scsi scan: INQUIRY result too short (5), using 36\r\n[    2.995350] scsi 4:2:1:1: scsi scan: INQUIRY result too short (5), using 36\r\n[    2.998552] scsi 4:3:0:0: scsi scan: INQUIRY result too short (5), using 36\r\n[    3.000278] scsi 4:3:0:1: scsi scan: INQUIRY result too short (5), using 36\r\n[    3.004156] scsi 5:3:0:0: scsi scan: INQUIRY result too short (5), using 36\r\n[    3.012778] scsi 4:3:1:0: scsi scan: INQUIRY result too short (5), using 36\r\n[    3.014452] scsi 5:3:0:1: scsi scan: INQUIRY result too short (5), using 36\r\n[    3.017951] scsi 4:3:1:1: scsi scan: INQUIRY result too short (5), using 36\r\n[    3.020910] scsi 4:4:0:0: scsi scan: INQUIRY result too short (5), using 36\r\n[    3.024081] scsi 5:3:1:0: scsi scan: INQUIRY result too short (5), using 36\r\n[    3.028170] scsi 4:4:0:1: scsi scan: INQUIRY result too short (5), using 36\r\n[    3.031773] scsi 5:3:1:1: scsi scan: INQUIRY result too short (5), using 36\r\n[    3.034601] scsi 4:4:1:0: scsi scan: INQUIRY result too short (5), using 36\r\n[    3.039798] scsi 5:4:0:0: scsi scan: INQUIRY result too short (5), using 36\r\n[    3.048644] scsi 4:4:1:1: scsi scan: INQUIRY result too short (5), using 36\r\n[    3.059702] scsi 5:4:0:1: scsi scan: INQUIRY result too short (5), using 36\r\n[    3.061547] scsi 5:4:1:0: scsi scan: INQUIRY result too short (5), using 36\r\n[    3.064485] scsi 4:5:0:0: scsi scan: INQUIRY result too short (5), using 36\r\n[    3.068330] scsi 4:5:0:1: scsi scan: INQUIRY result too short (5), using 36\r\n[    3.071291] scsi 5:4:1:1: scsi scan: INQUIRY result too short (5), using 36\r\n[    3.081139] scsi 4:5:1:0: scsi scan: INQUIRY result too short (5), using 36\r\n[    3.083356] scsi 5:5:0:0: scsi scan: INQUIRY result too short (5), using 36\r\n[    3.084903] scsi 4:5:1:1: scsi scan: INQUIRY result too short (5), using 36\r\n[    3.087028] scsi 4:6:0:0: scsi scan: INQUIRY result too short (5), using 36\r\n[    3.089368] scsi 5:5:0:1: scsi scan: INQUIRY result too short (5), using 36\r\n[    3.091640] scsi 4:6:0:1: scsi scan: INQUIRY result too short (5), using 36\r\n[    3.094418] scsi 5:5:1:0: scsi scan: INQUIRY result too short (5), using 36\r\n[    3.097335] scsi 4:6:1:0: scsi scan: INQUIRY result too short (5), using 36\r\n[    3.100678] scsi 5:5:1:1: scsi scan: INQUIRY result too short (5), using 36\r\n[    3.103618] scsi 4:6:1:1: scsi scan: INQUIRY result too short (5), using 36\r\n[    3.120965] scsi 5:6:0:0: scsi scan: INQUIRY result too short (5), using 36\r\n[    3.125263] scsi 5:6:0:1: scsi scan: INQUIRY result too short (5), using 36\r\n[    3.127797] scsi 5:6:1:0: scsi scan: INQUIRY result too short (5), using 36\r\n[    3.131133] scsi 4:7:0:0: scsi scan: INQUIRY result too short (5), using 36\r\n[    3.142831] scsi 5:6:1:1: scsi scan: INQUIRY result too short (5), using 36\r\n[    3.145817] scsi 5:7:0:0: scsi scan: INQUIRY result too short (5), using 36\r\n[    3.147439] scsi 4:7:0:1: scsi scan: INQUIRY result too short (5), using 36\r\n[    3.149060] scsi 5:7:0:1: scsi scan: INQUIRY result too short (5), using 36\r\n[    3.150782] scsi 4:7:1:0: scsi scan: INQUIRY result too short (5), using 36\r\n[    3.152423] scsi 5:7:1:0: scsi scan: INQUIRY result too short (5), using 36\r\n[    3.177347] scsi 4:7:1:1: scsi scan: INQUIRY result too short (5), using 36\r\n[    3.184288] scsi 5:7:1:1: scsi scan: INQUIRY result too short (5), using 36\r\nBegin: Loading essential drivers ... done.\r\r\nBegin: Running /scripts/init-premount ... done.\r\r\nBegin: Mounting root file system ... Begin: Running /scripts/local-top ... done.\r\r\nBegin: Running /scripts/local-premount ... done.\r\r\nBegin: Checking root file system ... fsck from util-linux 2.26.2\r\r\ncloudimg-rootfs: clean, 73604/245504 files, 352114/524032 blocks\r\r\ndone.\r\r\n[    5.406855] EXT4-fs (sda1): mounted filesystem with ordered data mode. Opts: (null)\r\ndone.\r\r\nBegin: Running /scripts/local-bottom ... done.\r\r\nBegin: Running /scripts/init-bottom ... Warning: overlayroot: debug is busted\r\r\ndone.\r\r\n[    6.160145] random: nonblocking pool is initialized\r\n[    7.604064] psmouse serio1: trackpoint: IBM TrackPoint firmware: 0x01, buttons: 0/0\r\n[    7.619315] input: TPPS/2 IBM TrackPoint as /devices/platform/i8042/serio1/input/input3\r\n[    8.818325] systemd[1]: Failed to insert module 'kdbus': Function not implemented\r\n[    9.041273] systemd[1]: systemd 225 running in system mode. (+PAM +AUDIT +SELINUX +IMA +APPARMOR +SMACK +SYSVINIT +UTMP +LIBCRYPTSETUP +GCRYPT +GNUTLS +ACL +XZ -LZ4 +SECCOMP +BLKID -ELFUTILS +KMOD -IDN)\r\n[    9.048138] systemd[1]: Detected virtualization microsoft.\r\n[    9.051571] systemd[1]: Detected architecture x86-64.\r\n\r\r\nWelcome to \u001b[1mUbuntu 15.10\u001b[0m!\r\r\n\r\r\n[    9.117362] systemd[1]: Set hostname to <ubuntu>.\r\n[    9.130877] systemd[1]: Initializing machine ID from random generator.\r\n[    9.132436] systemd[1]: Installed transient /etc/machine-id file.\r\netc-machine\\x2did.mount\r\r\n[   10.423065] systemd[1]: sshd-keygen.service: Cannot add dependency job, ignoring: Unit sshd-keygen.service failed to load: No such file or directory.\r\n[   10.423102] systemd[1]: sshd-keygen.service: Cannot add dependency job, ignoring: Unit sshd-keygen.service failed to load: No such file or directory.\r\n[   10.423196] systemd[1]: display-manager.service: Cannot add dependency job, ignoring: Unit display-manager.service failed to load: No such file or directory.\r\n[   10.423820] systemd[1]: Started Forward Password Requests to Wall Directory Watch.\r\n[   10.432887] systemd[1]: Reached target Remote File Systems (Pre).\r\n[   10.434434] systemd[1]: Set up automount Arbitrary Executable File Formats File System Automount Point.\r\n[\u001b[32m  OK  \u001b[0m] Started Forward Password Requsts to Wall Directory Watch.\r[   10.461439] systemd[1]: Reached target Swap.\r\n[   10.462755] systemd[1]: Reached target User and Group Name Lookups.\r\n\r\n[\u001b[32m  OK  \u001b[0m] Reached target Remote File Systems (Pre).\r[   10.476924] systemd[1]: Reached target Encrypted Volumes.\r\n[   10.478333] systemd[1]: Created slice Root Slice.\r\n\r\n[   10.481086] systemd[1]: Listening on udev Control Socket.\r\n[\u001b[32m  OK  \u001b[0m] Set up automount Arbitrary Executab...ats File Sys[   10.487953] systemd[1]: Listening on /dev/initctl Compatibility Named Pipe.\r\nt Point.\r\r\n[   10.500914] systemd[1]: Listening on Journal Audit Socket.\r\n[   10.502559] systemd[1]: Listening on Journal Socket (/dev/log).\r\n[   10.503908] systemd[1]: Listening on Journal Socket.\r\n[\u001b[32m  OK  \u001b[0] Reached target Swap.\r[   10.514073] systemd[1]: Created slice System Slice.\r\n[   10.515611] systemd[1]: Created slice system-serial\\x2dgetty.slice.\r\n[   10.517860] systemd[1]: Starting Create list of required static device nodes for the current kernel...\r\n\r\n[\u001b[32m  OK  \u001b[0m] Reached target User and Group Name Lookups.\r\r\n[\u001b[32m  OK  \u001b[0m] Reached target Encrypted Volumes.\r[   10.525192] systemd[1]: Mounting Huge Pages File System...\r\n\r\n[\u001b[32m  OK  \u001b[0m] Created slice Root Slice.\r\r\n[[   10.562177] systemd[1]: Starting Setup Virtual Console...\r\n-.mount[   10.578029] systemd[1]: Created slice system-getty.slice.\r\n[   10.581317] systemd[1]: Mounting Debug File System...\r\n[   10.583500] systemd[1]: Starting Uncomplicated firewall...\r\n\r\r\n[   10.590784] systemd[1]: Starting Increase datagram queue length...\r\n\u001b[32m  OK  \u001b[0m] Listening on udev Control Socket.\r\r\n[   10.626164] systemd[1]: Mounting POSIX Message Queue File System...\r\n[\u001b[32m  OK  \u001b[0m] Listening on /dev/initctl Compatibility Named Pipe.\r[   10.637293] systemd[1]: Starting Remount Root and Kernel File Systems...\r\n\r\n[\u001b[32m  OK  \u001b[0m] Listening on Journal Audit Socket.\r[   10.652352] systemd[1]: Starting Load Kernel Modules...\r\n\r\n[\u001b[32m  OK  \u001b[0m] Listening on Journal Socket (/dev/log).\r\r\n[\u001b[32m  OK  \u001b[0m] Listening on Journal Socket.\r\r\n[   10.681151] EXT4-fs (sda1): re-mounted. Opts: discard\r\n[\u001b[32m  OK  \u001b[0m] Created slice System Slice.\r[   10.713447] systemd[1]: Listening on udev Kernel Socket.\r\n[   10.730082] systemd[1]: Starting udev Coldplug all Devices...\r\n[   10.732770] systemd[1]: Created slice User and Session Slice.\r\n[   10.734350] systemd[1]: Reached target Slices.\r\n\r\n[   10.761717] systemd[1]: Mounted Debug File System.\r\n[   10.771837] systemd[1]: Mounted POSIX Message Queue File System.\r\n[   10.776335] systemd[1]: Mounted Huge Pages File System.\r\n[\u001b[32m  OK  \u001b[0m] Created slice system-serial\\x2dgetty.slice.\r\r\n[   10.781199] systemd[1]: Started Create list of required static device nodes for the current kernel.\r\n         Starting Create list of required st... nodes for the current kernel...\r[   10.797346] systemd[1]: Started Setup Virtual Console.\r\n[   10.799307] systemd[1]: Started Uncomplicated firewall.\r\n[   10.801454] systemd[1]: Started Increase datagram queue length.\r\n[   10.803685] systemd[1]: Started Remount Root and Kernel File Systems.\r\n\r\n         Mounting Huge Pages File System...\r\r\n[   10.817097] systemd[1]: Started Load Kernel Modules.\r\n         Starting Setup Virtual Console...\r\r\n[\u001b[32m  OK  \u001b[0] Created slice system-getty.slice.\r\r\n         Mounting Debug File System...\r\r\n         Starting Uncomplicated firewall...\r\r\n[   10.881000] systemd[1]: Mounting FUSE Control File System...\r\n[   10.915916] systemd[1]: Starting Apply Kernel Variables...\r\n         Starting Increase datagram queue length...\r\r\n         Mounting POSIX Message Queue File System...\r[   10.940187] systemd[1]: Starting Ensure /etc/mtab is a symlink to /proc/mounts...\r\n\r\n[   10.950746] systemd[1]: Starting Load/Save Random Seed...\r\n         Starting Remount Root and Kernel File Systems...\r[   10.978340] systemd[1]: Listening on Syslog Socket.\r\n[   10.988309] systemd[1]: Starting Journal Service...\r\n\r\n         Starting Load Kernel Modules...\r\r\n[\u001b[32m  OK  \u001b[0m] Listening on udev Kernel Socket.\r\r\n         Starting udev Coldplug all Devices...\r[   11.016086] systemd[1]: Starting Create Static Device Nodes in /dev...\r\n[   11.023148] systemd[1]: Mounted FUSE Control File System.\r\n\r\n[\u001b[32m  OK  \u001b[0] Created slice User and Session Slice.\r\r\n[\u001b[32m  OK  \u001b[0m] Reached target Slices.\r[   11.055127] systemd[1]: Started Ensure /etc/mtab is a symlink to /proc/mounts.\r\n\r\n[\u001b[32m  OK  \u001b[0m] Mounted Debug File System.\r[   11.085974] systemd[1]: Started Load/Save Random Seed.\r\n\r\n[\u001b[32m  OK  \u001b[0m] Mounted POSIX Message Queue File System.\r\r\n[\u001b[32m  OK  \u001b[0m] Mounted Huge Pages File System.\r\r\n[\u001b[32m  OK  \u001b[0m] Started Create list of required sta...ce nodes for the current kernel.\r\r\n[\u001b[32m  OK  \u001b[0] Started Setup Virtual Console.\r\r\n[\u001b[32m  OK  \u001b[0m] Started Unomplicated firewall.\r\r\n[\u001b[32m  OK  \u001b[0m] Started Increase datagram queue length.\r\r\n[\u001b[32m  OK  \u001b[0m] Started Remount Root and Kernel File Systems.\r\r\n[\u001b[32m  OK  \u001b[0m] Started Load Kernel Modules.\r\r\n         Mounting FUSE Control File System...\r\r\n         Starting Apply Kernel Variables...\r\r\n         Starting Ensure /etc/mtab is a symlink to /proc/mounts...\r\r\n         Starting Load/Save Random Seed...\r\r\n[\u001b[32m  OK  \u001b[0m] Listening on Syslog Socket.\r\r\n         Starting Journal Service...\r\r\n         Starting Create Static Device Nodes in /dev...\r\r\n[\u001b[32m  OK  \u001b[0m] Mounted FUSE Control File System.\r\r\n[\u001b[32m  OK  \u001b[0m] Started Ensure /etc/mtab is a symlink to /proc/mounts.\r\r\n[\u001b[32m  OK  \u001b[0m] Started Load/Save Random Seed.\r\r\n[\u001b[32m  OK  \u001b[0m] Started Apply Kernel Variables.\r\r\n[\u001b[32m  OK  \u001b[0m] Started udev Coldplug all Devices.\r\r\nsys-kernel-debug.mount\r\r\ndev-mqueue.mount\r\r\ndev-hugepages.mount\r\r\nkmod-static-nods.service\r\r\nsystemd-vconsole-setup.service\r\r\nufw.service\r\r\n[\u001b[32m  OK  \u001b] Started Journal Service.\r\r\n        Starting Flush Journal to Persistent Storage...\r\r\nsystemd-setup-dgram-qlen.service\r\r\nsystemd-remount-fs.service\r\r\nsystemd-modules-load.service\r\r\nsys-fs-fuse-connections.mount\r\r\ndebian-fixup.service\r\r\nsystemd-random-seed.service\r\r\nsystemd-sysctl.service\r\r\nsystemd-udev-trigger.service\r\r\n[\u001b[32m  OK  \u001b[0m] Started Flush Journal to Persistent Storage.\r\r\nsystemd-journald.service\r\r\nsystemd-journal-flush.service\r\r\n[\u001b[32m  OK  \u001b[0m] Started Create Static Device Nodes in /dev.\r\r\n         Starting udev Kernel Device Manager...\r\r\nsystemd-tmpfiles-setup-dev.service\r\r\n[\u001b[32m  OK  \u001b[0m] Started udev Kernel Device Manager.\r\r\n[\u001b[32m  OK  \u001b[0m] Reached target Local File Systems (Pre).\r\r\n         Mounting /etc/network/nterfaces.dynamic.d...\r\r\n[\u001b[32m  OK  \u001b[0m] Mounted /etc/network/interfaces.dynamic.d.\r\r\n[\u001b[32m  OK  \u001b[0m] Reached target Local File Systems.\r\r\n         Starting Set console keymap...\r\r\n         Starting Clean up any mess left by 0dns-up...\r\r\n         Starting Create Volatile Files and Directories...\r\r\n         Starting Tell Plymouth To Write Out Runtime Data...\r\r\n         Starting Commit a transient machine-id on disk...\r\r\n[\u001b[32m  OK  \u001b[0m] Reached target Remote File Systems.\r\r\n         Starting LSB: AppArmor initialization...\r\r\n         Starting Wait for all \"auto\" /etc/n... up for network-online.target...\r\r\n[\u001b[32m  OK  \u001b[0m] Started Create Volatile Files and Directories.\r\r\n         Starting Network Time Synchronization...\r\r\n         Starting Update UTMP about System Boot/Shutdown...\r\r\nsystemd-udevd.service\r\r\n[\u001b[32m  OK  \u001b[0m] Started Commit a transient machine-id on disk.\r\r\n[\u001b[32m  OK  \u001b[0m] Started Clean up any mess left by 0dns-up.\r\r\n         Starting Nameserver information manager...\r\r\n[\u001b[32m  OK  \u001b[0m] Started Update UTMP about System Boot/Shutdown.\r\r\n[\u001b[32m  OK  \u001b[0m] Started Network Time Synchronization.\r\r\n[\u001b[32m  OK  \u001b[0m] Started Nameserver information manager.\r\r\n[\u001b[32m  OK  \u001b[0m] Reached target System Time Synchronized.\r\r\n[\u001b[32m  OK  \u001b[0m] Started Set console keymap.\r\r\netc-network-interfaces.dynamic.d.mount\r\r\nsystemd-tmpfiles-setup.service\r\r\nsystemd-machine-id-commit.service\r\r\nsystemd-update-utmp.service\r\r\n[\u001b[32m  OK  \u001b[0m] Started Tell Plymouth To Write Out Runtime Data.\r\r\nsystemd-timesynd.service\r\r\nresolvconf.service\r\r\n[   13.183891] piix4_smbus 0000:00:07.3: SMBus base address uninitialized - upgrade BIOS or use force_addr=0xaddr\r\n[\u001b[32m  OK  \u001b[0m] Found device /dev/ttyS0.\r\r\n[\u001b[32m  OK  \u001b[0m] Created slice system-ifup.slice.\r\r\n[\u001b[32m  OK  \u001b[0m] Found device /sys/subsystem/net/device\r\n[   13.913605] intel_rapl: no valid rapl domains found in package 0\r\n[\u001b[32m  OK  \u001b[0m] Started LSB: AppArmor initialization.\r\r\n[\u001b[32m  OK  \u001b[0m] Started ifup for eth0.\r\r\n         Starting LSB: Raise network interfaces....\r\r\napparmor.service\r\r\nifup@eth0.service\r\r\n[\u001b[32m  OK  \u001b[0m] Started LSB: Raise network interfaces..\r\r\n[\u001b[32m  OK  \u001b[0m] Reached target Network.\r\r\n[\u001b[32m  OK  \u001b[0m] Reached target System Initialization.\r\r\n[\u001b[32m  OK  \u001b[0m] Listening on ACPID Listen Socket.\r\r\n         Starting lxd-unix.socket.\r\r\n         Starting Seed the pseudo random number generator on first boot...\r\r\n[\u001b[32m  OK  \u001b[0m] Listening on UUID daemon activation socket.\r\r\n[\u001b[32m  OK  \u001b[0m] Listening on -Bus System Message Bus Socket.\r\r\n[\u001b[32m  OK  \u001b[0m] Started Trigger resolvconf update for networkd DNS.\r\r\n[\u001b[32m  OK  \u001b[0m] Reached target Paths.\r\r\n[\u001b[32m  OK  \u001b[0m] Started Daily Cleanup of Temporary Directories.\r\r\n[\u001b[32m  OK  \u001b[0m] Reached target Timers.\r\r\n[\u001b[32m  OK  \u001b[0m] Listening on lxd-unix.socket.\r\r\n[\u001b[32m  OK  \u001b[0m] Reached target Sockets.\r\r\n[\u001b[32m  OK  \u001b[0m] Reached target Basic System.\r\r\n         Starting LSB: automati crash report generation...\r\r\n         Starting LSB: daemon to balance interrupts for SMP systems...\r\r\n         Starting Login Service...\r\r\n[\u001b[32m  OK  \u001b[0m] Started Regular background program processing daemon.\r\r\n         Starting Thermal Daemon Service...\r\r\n         Startig Initial cloud-init job (pre-networking)...\r\r\n         Starting System Loggin Service...\r\r\n         Starting LSB: Starts the Micro Name Service Cache Daemon...\r\r\n         Starting LSB: Record successful boot for GRUB...\r\r\n         Starting Accounts Service...\r\r\n         networking.service\r\r\nStarting Restore /etc/resolv.conf i...e the ppp link was shut down....\r\r\n[\u001b[32m  OK  \u001b[0m] Started Hyper-V VSS Protocol Daemon.\r\r\n         Starting LSB: Set the CPU Frequency Scaling governor to \"ondemand\"...\r\r\n[\u001b[32m  OK  \u001b[0m] Started D-Bus System Message Bus.\r\r\ncron.service\r\r\nhv-vss-daemon.service\r\r\n[dbus.service\r\r\n\u001b[32m  OK  \u001b[0m] Started Cgroup management daemon.\r\r\n[\u001b[32m  OK  \u001b[0] Started FUSE filesystem for LXC.\r\r\n[\u001b[32m  OK  \u001b[0m] Started Hyper-V File Copy Protocol Daemon.\r\r\n[\u001b[32m  OK  \u001b[0m] Started Hyper-V KVP Protocol Daemon.\r\r\n[\u001b[32m  OK  \u001b[0m] Started Deferred execution scheduler.\r\r\n[\u001b[32m  OK  \u001b[0m] Started Wait for all \"auto\" /etc/ne...be up for networ-online.target.\r\r\ncgmanager.service\r\r\nlxcfs.service\r\r\nhv-fcopy-daemon.service\r\r\nhv-kvp-daemon.service\r\r\n[\u001b[32m  OK  \u001b[0m] Started LSB: automatic crash report generation.\r\r\n[\u001b[32m  OK  \u001b[0m] Started LSB: daemon to balance interrupts for SMP systems.\r\r\n[\u001b[32m  OK  \u001b[0m] Started LSB: Starts the Micro Name Service Cahe Daemon.\r\r\n[\u001b[32m  OK  \u001b[0m] Started LSB: ecord successful boot for GRUB.\r\r\n[\u001b[32m  OK  \u001b[0m] Started Restore /etc/resolv.conf if...ore the ppp link was shut down..\r\r\n[\u001b[32m  OK  \u001b[0m] Started LSB: Set the CPU Frequency Scaling governor to \"ondemand\".\r\r\n[\u001b[32m  OK  \u001b[0m] Started Login Service.\r\r\n[\u001b[32m  OK  \u001b[0m] Reached target Network is Online.\r\r\n         Starting LXC network bridge setup...\r\r\n         Starting /etc/rc.local Compatiblity...\r\r\n[\u001b[32m  OK  \u001b[0m] Started /etc/rc.local Compatibility.\r\r\natd.service\r\r\nifup-wait-all-auto.service\r\r\napport.service\r\r\nirqbalance.service\r\r\nunscd.service\r\r\ngrub-common.service\r\r\nondemand.service\r\r\nsystemd-logind.service\r\r\nrc-local.service\r\r\nrun-cgmanager-fs.mount\r\r\nvar-lib-lxcfs.mount\r\r\n         Starting Authenticate and Authoize Users to Run Privileged Tasks...\r\r\npolkitd.service\r\r\n[\u001b[32m  OK  \u001b[0m] Started Authenticate and Authorize Users to Run Privileged Tasks.\r\r\n[\u001b[32m  OK  \u001b[0m] Started Accounts Service.\r\r\naccounts-daemon.service\r\r\n[\u001b[32m  OK  \u001b[0m] Started Thermal Daemon Service.\r\r\nthermald.service\r\r\n[\u001b[32m  OK  \u001b[0m] Started LXC network bridge setup.\r\r\n         Starting LXC ContainerInitialization and Autoboot Code...\r\r\nlxc-net.service\r\r\n[\u001b[32m  OK  \u001b[0m] Started LXC Container Initialization and Autoboot Code.\r\r\n         Starting Container hypervisor based on LXC - boot time check...\r\r\nlxc.service\r\r\n[\u001b[32m  OK  \u001b[0m] Started System Logging Service.\r\r\nrsyslog.service\r\r\n[\u001b[32m  OK  \u001b[0m] Started Seed the pseudo randomnumber generator on first boot.\r\r\n[\u001b[32m  OK  \u001b[0m] Started Container hypervisor based on LXC - boot time check.\r\r\n[   27.525567] cloud-init[695]: Cloud-int v. 0.7.7 running 'init-local'at Mon, 25 Apr 2016 23:38:58 +0000. Up 26.93 seconds.\r\r\n[\u001b[32m  OK  \u001b[0m] Started Initial cloud-init job (pre-networking).\r\r\n         Startig Initial cloud-init job (metadata service crawler)...\r\r\ncloud-init-local.service\r\r\n[   28.676159] blk_update_request: I/O error, dev fd0, sector 0\r\n[   28.724114] blk_update_request: I/O error, dev fd0, sector 0\r\ntmp-tmpl_tu2ipy.mount\r\r\n[   28.960205] cloud-init[976]: + i=eth0\r\n[   28.964380] cloud-init[976]: + x=0\r\r\n[   28.964757] cloud-init[976]: + ifdown eth0\r\r\n[   29.009875] cloud-init[976] Killed old client process\r\r\n   30.015128] cloud-init[976]: Internet Systems Consortium DHCP Client 4.3.1\r\r\n[   30.015792] cloud-init[976]: Copyright 2004-2014 Internet Systems Consortium.\r\r\n[   30.016403] cloud-init[976]: All rights reserved.\r\r\n[   30.016971] cloud-init[976]: For info, please visit https://www.isc.org/software/dhcp/\r\r\n[   30.026092] cloud-init[976]: Listening on LPF/eth0/00:0d:3a:11:b6:14\r\r\n[   30.026713] cloud-init[976]: Sending on   LPF/eth0/00:0d:3a:11:b6:14\r\r\n[   30.031534] cloud-init[976]: Sending on   Socket/fallback\r\r\n[   30.130015] cloud-init[976]: DHCPRELEASE on eth0 to 168.63.129.16 port 67 (xid=0x519d1c19)\r\r\n[   30.230464] loud-init[976]: + ifup eth0\r\r\n[   30.261761] cloud-init[976]: Internet Systems Consortium DHCP Client 4.3.1\r\r\n[   30.267870] cloud-init[976]: Copyright 2004-2014 Internet Systems Consortium.\r\r\n[   30.275905] cloud-init[976]: All rights reserved.\r\r\n[   30.276797] cloud-init[976]: For info, please visit https://www.isc.org/software/dhcp/\r\r\n[   30.290299] cloud-init[976]: Listening on LPF/eth0/00:0d:3a:11:b6:14\r\r\n[   30.297440] cloud-init[976]: Sending on   LPF/eth0/00:0d:3a:11:b6:14\r\r\n[   30.298190] cloud-init[976]: Sending on   Socket/fallback\r\r\n[   30.300303] cloud-init[976]: DHCPDISCOVER on eth0 to 255.255.255.255 port 67 interval 3 (xid=0x2e83ed32)\r\r\n   30.015128] cloud-init[976]: Internet Systems Consortium DHCP Client 4.3.1\r\r\n[   30.015792] cloud-init[976]: Copyright 2004-2014 Internet Systems Consortium.\r\r\n[   30.016403] cloud-init[976]: All rights reserved.\r\r\n[   30.016971] cloud-init[976]: For info, please visit https://www.isc.org/software/dhcp/\r\r\n[   30.026092] cloud-init[976]: Listening on LPF/eth0/00:0d:3a:11:b6:14\r\r\n[   30.026713] cloud-init[976]: Sending on   LPF/eth0/00:0d:3a:11:b6:14\r\r\n[   30.031534] cloud-init[976]: Sending on   Socket/fallback\r\r\n[   30.130015] cloud-init[976]: DHCPRELEASE on eth0 to 168.63.129.16 port 67 (xid=0x519d1c19)\r\r\n[   30.230464] loud-init[976]: + ifup eth0\r\r\n[   30.261761] cloud-init[976]: Internet Systems Consortium DHCP Client 4.3.1\r\r\n[   30.267870] cloud-init[976]: Copyright 2004-2014 Internet Systems Consortium.\r\r\n[   30.275905] cloud-init[976]: All rights reserved.\r\r\n[   30.276797] cloud-init[976]: For info, please visit https://www.isc.org/software/dhcp/\r\r\n[   30.290299] cloud-init[976]: Listening on LPF/eth0/00:0d:3a:11:b6:14\r\r\n[   30.297440] cloud-init[976]: Sending on   LPF/eth0/00:0d:3a:11:b6:14\r\r\n[   30.298190] cloud-init[976]: Sending on   Socket/fallback\r\r\n[   30.300303] cloud-init[976]: DHCPDISCOVER on eth0 to 255.255.255.255 port 67 interval 3 (xid=0x2e83ed32)\r\r\n[   30.335726] cloud-init[976]: DHCPREQUEST of 10.0.0.4 on eth0 to 255.255.255.255 port 67 (xid=0x32ed832e)\r\r\n[   30.336043] cloud-init[976]:DHCPOFFER of 100.0.4 from 168.63.129.16\r\r\n[   30.358926] loud-init[976]: DHCPACK of 10.0.0.4 from 168.63.129.16\r\r\n[   30.469648] cloud-init[976]: bound to 10.0.0.4 -- renewal in 4294967295 seconds.\r\r\n[   30.500609] cloud-init[976] + exit 0\r\r\n[\u001b[32m  OK  \u001b[0m Started Azure Linux Agent.\r\r\nwlinuxagent.service\r\r\n2016/04/25 23:39:03.428169 INFO Azure Linux Agent Version:2.1.3\r\r\n2016/04/25 23:39:03.441083 INFO OS: ubuntu 15.10\r\r\n2016/04/25 23:39:03.441401 INFO Python: 3.4.3\r\r\n2016/04/25 23:39:03.441690 INFO Run daemon\r\r\n2016/04/25 23:3:03.441907 INFO run Ubuntu provision handler\r\r\n2016/04/25 23:39:03.442136 INFO Waiting cloud-init to copy ovf-env.xml.\r\r\n2016/04/25 23:39:03.445460 INFO Detect protocol endpoints\r\r\n2016/04/25 23:39:03.445768 INFO WireServer endpoint is not found. Rerun dhcp handler\r\r\n2016/04/25 23:39:03.445976 INFO Send dhcp request\r\r\n2016/04/25 23:39:03.638048 INFO Configure routes\r\r\n2016/04/25 23:39:03.643622 INFO Gateway:10.0.0.1\r\r\n2016/04/25 23:39:03.643856 INFO Routes:None\r\r\n2016/04/25 23:39:03.651621 INFO Wire server endpoint:168.63.129.16\r\r\n2016/04/25 23:39:03.668091 INFO Fabric preferred wire protocol version:2015-04-5\r\r\n2016/04/25 23:3:03.669370 INFOWire protocol version:2012-11-30\r\r\n2016/04/25 23:39:03.669560 WARNING Server prefered version:2015-04-05\r\r\n[   35.944519] blk_update_request: I/O error, dev fd0, sector 0\r\n[   36.000312] blk_update_request: I/O error, dev fd0, sector 0\r\n2016/04/25 23:39:08.017276 INFO Sleep 15 seconds to prevent throttling\r\r\ntmp-tmpi3o7mm3d.mount\r\r\n[   40.304484] cloud-init[976]: Cloud-init v. 0.7.7 running 'init' at Mon, 25 Apr 2016 23:39:00 +0000. Up 28.22 seconds.\r\r\n[   40.311535] cloud-init[976]: ci-info: ++++++++++++++++++++++++++++++++++++++Net device info+++++++++++++++++++++++++++++++++++++++\r\r\n[   40.311921] cloud-init[976]: ci-info: +-------+------+----------------------------+--------------+-------+-------------------+\r\r\n[   40.312319] cloud-init[976]:ci-info: | Device |  Up  |           Address            |      Mask     | Scope |     Hw-Address    |\r\r\n[   40.312665] cloud-init[976]: ci-info: +-------+------+------------------------------+---------------+-------+-------------------+\r\r\n[   40.327970] cloud-init[976]: ci-info: | lxcbr0 | True |           10.0.1.1           | 255.255.255.0 |   .   | b2:69:64:7a:a4:99 |\r\r\n[   40.328312] cloud-init[976]: ci-info: | lxcbr0 | True | fe80::b069:64ff:fe7a:a499/64 |       .       |  link| b2:69:64:7a:a4:99 |\r\r\n[   40.328586] cloud-init[976]: ci-info: |   lo   | True |          127.0.0.1           |   255.0.0.0   |   .   |         .         |\r\r\n[   40.328845] cloud-init[97ci-info: |   lo   | True |           ::1/128            |       .       |  host |         .         |\r\r\n[   40.332310] cloud-init[976]: ci-info: |  eth0  | True |           10.0.0.4           | 255.255.255.0 |   .   | 00:0d:3a:11:b6:14 |\r\r\n[   40.333185] cloud-init[976]: ci-info: |  eth0  | True | fe80::20d:3aff:fe11:b614/64  |       .       |  link | 00:0d:3a:11:b6:14 |\r\r\n[   40.333497] cloud-init[976]: ci-info: +--------+------+------------------------------+---------------+-------+-------------------+\r\r\n[   40.333794] cloud-init[976]: ci-info: ++++++++++++++++++++++++++++Route IPv4 info++++++++++++++++++++++++++++++\r\r\n[   40.334117] cloud-init[976]: ci-info: +-------+---------------+----------+-----------------+-----------+-------+\r\r\n[   40.334430] cloud-init[976]: ci-info: | Route |  Destination  | Gateway  |     Genmask     | Interface | Flags |\r\r\n[   40.334738] cloud-init[976]: ci-info: +-------+---------------+----------+-----------------+-----------+-------+\r\r\n[   40.335013] cloud-init[976]: ci-info: |   0   |    0.0.0.0   | 10.0.0.1 |     0.0.0.0     |    eth0   |   U  |\r\r\n[   40.351961] loud-init[976]: ci-info: |   1   |    10.0.0.0   | 0.0.0.0  |  255.255.255.0  |    eth0   |   U   |\r\r\n[   40.352326] cloud-init[976]: ci-info: |   2   |    10.0.1.0   | 0.0.0.  |  255.255.255.0  |   lxcbr0  |   U   |\r\r\n[   40.352594] cloud-init[976]: ci-info: |   3   | 168.63.129.16 | 10.0.0.1 | 255.255.255.255 |    eth0   |  UGH  |\r\r\n[   40.352858] cloud-init[976]: ci-info: +-------+---------------+----------+-----------------+-----------+-------+\r\r\n[   40.353133] cloud-init[976]: Generating public/private rsa key pair.\r\r\n[   40.353563] cloud-init[976]: Your identification has been saved in /etc/ssh/ssh_host_rsa_key.\r\r\n[   40.355577] cloud-init[976]: Your public key has been saved in /etc/ssh/ssh_host_rsa_key.pub.\r\r\n[   40.356031] cloud-init[976]: The keyfingerprint is:\r\r\n[   40.371752] cloud-init[976]: SHA256:Ggt9lO7AMfRYuvlzPKftuQe/jVQiKLSpI9NmO+LFQCM root@xplatvm\r\r\n[   40.372306] cloud-init[976]: The key's randomart image is:\r\r\n[   40.372606] cloud-init[976]: +---[RSA 2048]----+\r\r\n[   4.372878] cloud-init[976]: |      . .        |\r\r\n[   40.373141] cloud-init[976]: |     . = .       |\r\r\n[   40.373403] cloud-init[976]: |  E o = =        |\r\r\n[   40.373657] cloud-init[976]: |  o + O o .     |\r\n[   40.373911] cloud-init[976]: |    o B S . . . .|\r\r\n[   40.374161] cloud-init[976]: |     = X o  .. o |\r\r\n[   40.374427] cloud-init[976]: |    o @ + + .o.  |\r\r\n[   40.374675] cloud-init[976]: |    .*.o o = ooo |\r\r\n[   40.374921] cloud-init[976]: |   .....  ..=oo..|\r\r\n[   40.375168] cloud-init[976]: +----[SHA256]-----+\r\r\n[   40.375422] cloud-init[976]: Generating public/private dsa key pair.\r\r\n[   40.375667] cloud-init[976]: Your identification has been saved in /etc/ssh/ssh_host_dsa_key.\r\r\n[   40.375915] cloud-init[976]: Your public key has been saved in /etc/ssh/ssh_host_dsa_key.pub.\r\r\n[   40.376196] cloud-init[976]: The key fingerprint is:\r\r\n[   40.380256] cloud-init[976]: SHA256:VhO4dqmPeFmpas42hDxW1rxTukij/lHN55t7XlyErg root@xplatvm\r\r\n[   40.380585 cloud-init[976]: The key's randomart image is:\r\r\n[   40.380859] cloud-init[976]: +---[DSA 1024]----+\r\r\n[   40.381119] cloud-init[976]: |         ..      |\r\r\n[   40.381405] cloud-init[976]: |        .  .     |\r\r\n[   40.381660] cloud-init[976]: |       o .o.     |\r\r\n[   40.381911] cloud-init[976]: |      o =.+.     |\r\r\n[   40.382165] cloud-init[976]: |   . + .S* o o   |\r\r\n[   40.384553] cloud-init[976]: |    = ..+ + = +  |\r\r\n[   40.399960] cloud-init[976]: |   . o . B o + =.|\r\r\n[   40.400271] cloud-init[976]: |     .= *oo E = B|\r\r\n[   40.400534] cloud-init[976]: |     +++o+oo   Bo|\r\r\n[   40.400794] cloud-init[976]: +----[SHA256]-----+\r\r\n[   40.404106] cloud-init[976]: Generating public/private ecdsa key pair.\r\r\n[   40.404805] cloud-init[976]: Your identification has been saved in /etc/ssh/ssh_host_ecdsa_key.\r\r\n[   40.405312] cloud-init[976]: Your public key has been saved in /etc/ssh/ssh_host_ecdsa_key.pub.\r\r\n[   40.405632]loud-init[976]: The key fingerprint is:\r\r\n[   40.406078] cloud-init[976]: SHA256:SKRST3uTv338lebO9TOySp9s2Ng+9dJfOwzHTSdtK+g root@xplatvm\r\r\n[   40.406508] cloud-init[976]: The key's randomart image is:\r\r\n[   40.406796] cloud-init[976]: +---[ECDSA 256]---+\r\r\n[   40.407131] cloud-init[976]: |    . o          |\r\r\n[   40.407449] cloud-init[976]: |   . = . .       |\r\r\n[   40.408060] cloud-init[976]: |  . . + +      . |\r\r\n[   40.412053] cloud-init[976]: |   . . o o    . =|\r\r\n[   40.412426] cloud-init[976]: |      . S . . .++|\r\r\n[   40.412753] cloud-init[976]: |           + + =o|\r\r\n[   40.413028] cloud-init[976]: |          o.* O+=|\r\r\n[   40.413301] cloud-init[976]: |          .EoB**O|\r\r\n[   40.413564] cloud-init[976]: |           .+*=*O|\r\r\n[   40.413862] cloud-t[976]: +----[SHA256]-----+\r\r\n[   40.414116] cloud-init[976]: Gnerating public/private ed25519 key pair.\r\r\n[   40.414505] cloud-init[976]: Your identification has been saved in /etc/ssh/ssh_host_ed25519_key.\r\r\n[   40.435957] cloud-init[976]: Your public key has been saved in /etc/ssh/ssh_host_ed25519_key.pub.\r\r\n[   40.464755] cloud-init[976]: The key fingerprint is:\r\r\n[   40.465249] cloud-init[976]: SHA256:I+t4QdofowCDe54aKb8kQAf0BGVNwlQf6EcXDQC21OI root@xplatvm\r\r\n[   40.465527] cloud-init[976]: The key'srandomart image is:\r\r\n[   40.470640] cloud-init[976]: +--[ED25519 256]--+\r\r\n[   40.470930] cloud-init[976]: |.+=*+*+o.o+      |\r\r\n[   40.471209] cloud-init[976]: |  =.++oo.. .     |\r\r\n[   40.471485] cloud-init[976]: | o oo.o..        |\r\r\n[   40.471742] cloud-init[976]: |o +  E..         |\r\r\n[   40.472012] cloud-init[976]: |.. o +o S        |\r\r\n[   40.472403] cloud-init[976]: |o.. o ooo.       |\r\r\n[   40.476501] cloud-init[976]: |=o.. ..+ o       |\r\r\n[   40.476767] cloud-init[976]: |.=o  oo .        |\r\r\n[   40.477031] cloud-init[976]: |..o....          |\r\r\n[   40.482046] cloud-init[976]: +----[SHA256]-----+\r\r\n[\u001b[32m  OK  \u001b[0m] Started Initial cloud-init job (metadata service crawler).\r\r\n[\u001b[32m  OK  \u001b[0m] Started OpenBSD Secure Shell server.\r\r\n         Starting Permit User Sssions...\r\r\n[\u001b[32m  OK  \u001b[0m] Reached target Cloud-config availability.\r\r\n         Starting Apply the settings specified in cloud-config...\r\r\n[\u001b[32m  OK  \u001b[0m] Started Permit User Sessions.\r\r\n         Starting Terminate Plymouth Boot Screen...\r\r\n         Starting Wait for Plymouth Boot Screen to Quit...\r\r\ncloud-init.service\r\r\nssh.service\r\r\nsystemd-user-sessions.service\r\r\n\r\r\nUbuntu 15.10 xplatvm ttyS0\r\n\r\nxplatvm login:
[   50.233472] cloud-init[1247]: Generating locales...\r\n[   50.369568] cloud-init[1247]: en_US.UTF-8... up-to-date\r\n[   50.420083] cloud-init[1247]: Generation complete.\r\n2016/04/25 23:39:22.989853 INFO Wait for ssh hot key to be generated.\r\n2016/04/25 23:39:23.014995 INFO Finished provisioning\r\n[   53.568712] cloud-init[1247]: Cloud-init v. 0.7.7 running 'modules:config' at Mon, 25 Apr 2016 23:39:13 +0000. Up 41.85 seconds.\r\n2016/04/25 23:39:25.871178 INFO Event: name=WALA, op=Provision, message=Provision succeed\r\n2016/04/25 23:39:25.909255 INFO Detect protocol endpoints\r\n2016/04/25 23:39:25.934273 INFO Start env monitor service.\r\n2016/04/25 23:39:25.994653 INFO Event: name=WALA, op=HeartBeat, message=\r\n2016/04/25 23:39:26.010281 INFO Configure routes\r\n2016/04/25 23:39:26.018616 INFO Gateway:10.0.0.1\r\n2016/04/25 23:39:26.058289 INFO Routes:None\r\n2016/04/25 23:39:26.140176 INFO Set block dev timeout: sda with timeout: 300\r\n2016/04/25 23:39:26.144609 INFO Set block dev timeout: sdb with timeout: 300\r\nci-info: ++Authorized keys from /home/azureuser/.ssh/authorized_keys for user azureuser+++\r\nci-info: +---------+------------------------------------------------+---------+---------+\r\nci-info: | Keytype |                Fingerprint (md5)                | Options | Comment |\r\nci-info: +---------+-------------------------------------------------+------------------+\r\nci-info: | ssh-rsa | 8f:df:8f:18:ba:cd:cc:63:7c:1f:ea:ae:ba:09:40:65 |    -    |    -    |\r\nci-info: +---------+------------------------------------------------+---------+---------+\r\n<14>Apr 25 23:39:26 ec2: \r\n<14>Apr 25 23:39:26 ec2: #############################################################\r\n<14>Apr 25 23:39:26 ec2: -----BEGIN SSH HOST KEY FINGERPRINTS-----\r\n<14>Apr 25 23:39:26 ec2: 1024 SHA256:VhO4dqmPeFmpas42hDxW1rxT3ukij/lHN55t7XlyErg root@xplatvm (DSA)\r\n<14>Apr 25 23:39:26 ec2: 256 SHA256:SKRST3uTv338lebO9TOySp9s2Ng+9dJfOwzHTSdtK+g root@xplatvm (ECDSA)\r\n<14>Apr 25 23:39:26 ec2: 256 SHA256:I+t4QdofowCDe54aKb8kQAf0BGVNwlQf6EcXDQC21OI root@xplatvm (ED25519)\r\n<14>Apr 25 23:39:26 ec2: 2048 SHA256:Ggt9lO7AMfRYuvlzPKftuQe/jVQiKLSpI9NmO+LFQCM root@xplatvm (RSA)\r\n<14>Apr 25 23:39:26 ec2: -----END SSH HOST KEY FINGERPRINTS-----\r\n<14>Apr 25 23:39:26 ec2: #############################################################\r\n-----BEGIN SSH HOST KEY KEYS-----\r\necdsa-sha2-nistp256 AAAAE2VjZHNhLXNoYTItbmlzdHAyNTYAAAAIbmlzdHAyNTYAAABBBD7InnZuDdLTzgfiVBcOivwgozCYY4HuqmC7jwbV6XqvrO7ksHcLLMEXe5pV5xQNBzMIHICQT6wtmZazsyD1+bI= root@xplatvm\r\nssh-ed25519 AAAAC3NzaC1lZDI1NTEAAAAINtH0KDOP/hb7gR+5VWa1AbopgxJleedHIucbwHmtFJH root@xplatvm\r\nssh-rsa AAAAB3NzaC1yc2EAAAADAQABAAABAQC5JmuQfEpuXjVsxnTQaT85SYjiewzThPr2//gBJqoX5avhx+yfT1zI6jZgdhR5tEPhD45+RYm56q+V0wO4sp1cuohmUYDOohLQmnX7qvsAL/hIRxfjmKJRN//fA66E0cQhtFUBZPW85olT4Oi5v4KQwoEjgrsqVj8fYN2ZxB0aq212zcqxfghumUcZAhxtzIGoL3fC9Y06KNA3F255Ecpw1fUV1mmbVePWwqE9bPRvGNztggUOxSEnzK+YuF1IyV9lgEGRSzv6ZFnU5E/QlxO+0zTv2PzoVD0pNkdB0OnyiEY6ZF1EATm736h2apYPiYXhEuExpFL40nrkrmrIgTkV root@xplatvm\r\n-----END SSH HOST KEY KEYS-----\r\n[   55.034716] cloud-init[1355]: Cloud-init v. 0.7.7 running 'modules:final' at Mon, 25 Apr 2016 23:39:26 +0000. Up 54.37 seconds.\r\n[   55.064769] cloud-init[1355]: Cloud-init v. 0.7.7 finished atMon, 25 Apr 2016 23:39:26 +0000. Datasource DataSourceAzureNet [seed=/dev/sr0].  Up 55.00 seconds\r\n2016/04/25 23:39:27.146627 INFO Handle new ext handler config\r\n2016/04/25 23:39:27.169998 INFO No ext handler config found\r\n2016/04/25 23:39:27.412981 INFO Successfully reported vm agent status\r\n2666/04/25 23:41:37.897145 INFO Handle new ext handler config\r\n2016/04/25 23:4:37.903312 INFONo ext handler config found\r\n2016/04/25 23:41:37.968053 INFO Successfully reported vm agent status\r\n2026/04/2777:36.9034  IINFO Handle new ext handler config\r\n2016/04/25 23:47:36.908136 INFO No ext handler config found\r\n2016/04/25 23:47:36.974091 INFO Successfully reported vm agent status\r\n2016/0/225 23:50:38.033911 INFO Handle new ext andler config\r\n2016/04/25 23:50:38.045058 INFO No ext handler config found\r\n2016/04/25 23:5:38.111499 INFO Successfully reported vm agent status\r\n2016/04/25 23:51:31.422565 INFO Handle new ext handler config\r\n2016/04/25 23:51:31.429336 INFO No ext handler config found\r\n2016/04/25 23:51:31.506021 INFO Successfully reported vm agent status\r\n\u0000\u0000\u0000\u0000\u0000\u0000\u0000\u0000\u0000\u0000\u0000\u0000\u0000\u0000\u0000\u0000\u0000\u0000\u0000\u0000\u0000\u0000\u0000\u0000\u0000\u0000\u0000\u0000\u0000\u0000\u0000\u0000\u0000\u0000\u0000\u0000\u0000\u0000\u0000\u0000\u0000\u0000\u0000\u0000\u0000\u0000\u0000\u0000\u0000\u0000\u0000\u0000\u0000\u0000\u0000\u0000\u0000\u0000\u0000\u0000\u0000\u0000\u0000\u0000\u0000\u0000\u0000\u0000\u0000\u0000\u0000\u0000\u0000\u0000\u0000\u0000\u0000\u0000\u0000\u0000\u0000\u0000\u0000\u0000\u0000\u0000\u0000\u0000\u0000\u0000\u0000\u0000\u0000\u0000\u0000\u0000\u0000\u0000\u0000\u0000\u0000\u0000\u0000\u0000\u0000\u0000\u0000\u0000\u0000\u0000\u0000\u0000\u0000\u0000\u0000\u0000\u0000\u0000\u0000\u0000\u0000\u0000\u0000\u0000\u0000\u0000\u0000\u0000\u0000\u0000\u0000\u0000\u0000\u0000\u0000\u0000\u0000\u0000\u0000\u0000\u0000\u0000\u0000\u0000\u0000\u0000\u0000\u0000\u0000\u0000\u0000\u0000\u0000\u0000\u0000\u0000\u0000\u0000\u0000\u0000\u0000\u0000\u0000\u0000\u0000\u0000\u0000\u0000\u0000\u0000\u0000\u0000\u0000\u0000\u0000\u0000\u0000\u0000\u0000\u0000\u0000\u0000\u0000\u0000\u0000\u0000\u0000\u0000\u0000\u0000\u0000\u0000\u0000\u0000\u0000\u0000\u0000\u0000\u0000\u0000\u0000\u0000\u0000\u0000\u0000\u0000\u0000\u0000\u0000\u0000\u0000\u0000\u0000\u0000\u0000\u0000\u0000\u0000\u0000\u0000\u0000\u0000\u0000\u0000\u0000\u0000\u0000\u0000\u0000\u0000\u0000\u0000\u0000\u0000\u0000\u0000\u0000\u0000\u0000\u0000\u0000\u0000\u0000\u0000\u0000\u0000\u0000\u0000\u0000\u0000\u0000\u0000\u0000\u0000\u0000\u0000\u0000\u0000\u0000\u0000\u0000\u0000\u0000\u0000\u0000\u0000\u0000\u0000\u0000\u0000\u0000\u0000\u0000\u0000\u0000\u0000\u0000\u0000\u0000\u0000\u0000\u0000\u0000\u0000\u0000\u0000\u0000\u0000\u0000\u0000\u0000\u0000\u0000\u0000\u0000\u0000\u0000\u0000\u0000\u0000\u0000\u0000\u0000\u0000\u0000\u0000\u0000\u0000\u0000\u0000\u0000\u0000\u0000\u0000\u0000\u0000\u0000\u0000\u0000\u0000\u0000\u0000\u0000\u0000\u0000\u0000\u0000\u0000\u0000\u0000\u0000\u0000\u0000\u0000\u0000\u0000\u0000\u0000\u0000\u0000\u0000\u0000\u0000\u0000\u0000\u0000\u0000\u0000\u0000\u0000\u0000\u0000\u0000\u0000\u0000\u0000\u0000\u0000\u0000\u0000\u0000\u0000\u0000\u0000\u0000\u0000\u0000\u0000\u0000\u0000\u0000\u0000\u0000\u0000\u0000\u0000\u0000\u0000\u0000\u0000\u0000\u0000\u0000\u0000\u0000\u0000\u0000\u0000\u0000\u0000\u0000\u0000\u0000\u0000\u0000\u0000\u0000\u0000\u0000\u0000\u0000\u0000\u0000\u0000\u0000\u0000\u0000\u0000\u0000\u0000\u0000\u0000\u0000\u0000\u0000", { 'content-length': '62976',
  'content-type': 'text/plain',
  'last-modified': 'Mon, 25 Apr 2016 23:52:02 GMT',
  'accept-ranges': 'bytes',
  etag: '"0x8D36D6498F9C03A"',
  server: 'Windows-Azure-Blob/1.0 Microsoft-HTTPAPI/2.0',
  'x-ms-request-id': 'ee0973cd-0001-0025-274d-9fbecc000000',
  'x-ms-version': '2015-02-21',
  'x-ms-write-protection': 'false',
  'x-ms-lease-status': 'unlocked',
  'x-ms-lease-state': 'available',
  'x-ms-blob-type': 'PageBlob',
  'x-ms-blob-sequence-number': '0',
  date: 'Mon, 25 Apr 2016 23:52:39 GMT',
  connection: 'close' });
 return result; },
function (nock) { 
var result = 
nock('https://xplatteststorage14098.blob.core.windows.net:443')
  .get('/bootdiagnostics-xplatvm-c23e6c2d-3e8e-4332-b183-e9629d5cbeee/xplatvm.c23e6c2d-3e8e-4332-b183-e9629d5cbeee.serialconsole.log')
