// This file has been autogenerated.

var profile = require('../../../lib/util/profile');

exports.getMockedProfile = function () {
  var newProfile = new profile.Profile();

  newProfile.addSubscription(new profile.Subscription({
    id: 'e33f361b-53c2-4cc7-b829-78906708387b',
    name: 'Microsoft Azure Internal Consumption',
    user: {
      name: 'user@domain.example',
      type: 'servicePrincipal'
    },
    tenantId: '72f988bf-86f1-41af-91ab-2d7cd011db47',
    state: 'Enabled',
    registeredProviders: [],
    isDefault: true
  }, newProfile.environments['AzureCloud']));

  return newProfile;
};

exports.setEnvironment = function() {
  process.env['AZURE_VM_TEST_LOCATION'] = 'eastus';
  process.env['SSHCERT'] = 'test/myCert.pem';
};

exports.scopes = [[function (nock) { 
var result = 
nock('http://management.azure.com:443')
  .get('/subscriptions/e33f361b-53c2-4cc7-b829-78906708387b/resourceGroups/xplatTestGVMCreate2887/providers/Microsoft.Compute/virtualMachines/xplatvm?$expand=instanceView&api-version=2015-06-15')
  .reply(200, "{\r\n  \"properties\": {\r\n    \"vmId\": \"fd1c8472-9371-49ea-ae10-448f11ab9ccd\",\r\n    \"hardwareProfile\": {\r\n      \"vmSize\": \"Standard_A1\"\r\n    },\r\n    \"storageProfile\": {\r\n      \"osDisk\": {\r\n        \"osType\": \"Linux\",\r\n        \"name\": \"cli55fd0b9de45ab275-os-1452100201600\",\r\n        \"createOption\": \"FromImage\",\r\n        \"image\": {\r\n          \"uri\": \"https://xplatteststorage18247.blob.core.windows.net/system/Microsoft.Compute/Images/vhds/xplatvm3-osDisk.8e33ad8e-225f-4c60-9a03-19758b9decff.vhd\"\r\n        },\r\n        \"vhd\": {\r\n          \"uri\": \"https://xplatteststorage18247.blob.core.windows.net/xplatteststoragecnt17885/cli55fd0b9de45ab275-os-1452100201600.vhd\"\r\n        },\r\n        \"caching\": \"ReadWrite\"\r\n      },\r\n      \"dataDisks\": []\r\n    },\r\n    \"osProfile\": {\r\n      \"computerName\": \"xplatvm\",\r\n      \"adminUsername\": \"azureuser\",\r\n      \"linuxConfiguration\": {\r\n        \"disablePasswordAuthentication\": false,\r\n        \"ssh\": {\r\n          \"publicKeys\": [\r\n            {\r\n              \"path\": \"/home/azureuser/.ssh/authorized_keys\",\r\n              \"keyData\": \"MIID/zCCAuegAwIBAgIJAMUAa+XVLvAeMA0GCSqGSIb3DQEBBQUAMIGVMQswCQYD\\r\\nVQQGEwJJbjESMBAGA1UECAwJS2FybmF0YWthMRIwEAYDVQQHDAlCYW5nYWxvcmUx\\r\\nEDAOBgNVBAoMB2JyaWxsaW8xEjAQBgNVBAsMCW1pY3Jvc29mdDEQMA4GA1UEAwwH\\r\\nYnJpbGxpbzEmMCQGCSqGSIb3DQEJARYXc3JlZWthbnRoYnNAeWFob28uY28uaW4w\\r\\nHhcNMTUwMzA1MTE1MzEyWhcNMTYwMzA0MTE1MzEyWjCBlTELMAkGA1UEBhMCSW4x\\r\\nEjAQBgNVBAgMCUthcm5hdGFrYTESMBAGA1UEBwwJQmFuZ2Fsb3JlMRAwDgYDVQQK\\r\\nDAdicmlsbGlvMRIwEAYDVQQLDAltaWNyb3NvZnQxEDAOBgNVBAMMB2JyaWxsaW8x\\r\\nJjAkBgkqhkiG9w0BCQEWF3NyZWVrYW50aGJzQHlhaG9vLmNvLmluMIIBIjANBgkq\\r\\nhkiG9w0BAQEFAAOCAQ8AMIIBCgKCAQEAyUNKaOuT0NK+S8Ck81zy9xJ6hXfZvAC6\\r\\nlhbmf/6s/WVimJ/TX5NMhQJwC9k6ZIF92KfYrojHNvHDufSZ3EtKUVwRFCDjmgMT\\r\\nDL09WkGaZt7gROYFK0iZ4KrYGovUwlwum9fHB24OJiOV4bi0ek62/rHx9fjYZpvp\\r\\naIH2PV/hN8SCZ0x7HJMberD4gVoU/Kv42nNvwjLUW6IZfVx/Gv5OeFDtWHfSvUEF\\r\\ndadHKTPn3Ab20Iu6gZIbLO9Vuf38/IpaYGfnFCouHdzmiTiLieYNe3CUPcOJNSv7\\r\\n1G8KYpx3uNJRkJPab5OsRyJw75Gvzkr9OgaPss9tVD6Gt68u3WQtVQIDAQABo1Aw\\r\\nTjAdBgNVHQ4EFgQUogvhXB+xZ2JJPfLO6cVs4ForzscwHwYDVR0jBBgwFoAUogvh\\r\\nXB+xZ2JJPfLO6cVs4ForzscwDAYDVR0TBAUwAwEB/zANBgkqhkiG9w0BAQUFAAOC\\r\\nAQEAdDj7qUNJ45xlF5cjd+4x5NHvAD1VTjOKu+Xh/uzSSjXqB2F0aOMWA9lx0qaQ\\r\\noJgHkGxj3zz/W7ik/cVGL2O+vRIOKv/y0OPogEmS3Hw+P+O6OGE7x1G6YN0zLVoL\\r\\nu4BN/BEYmjttxM9I7qqL7C5cJoE+K3s/w1/pt/68ohJcr7F9Ohi7cso62xuGY1Rm\\r\\nksAh2EUDsU9JV/P+C9AMpLSrb03JJYzVj4w1RHbrmw2AjFyGXdQYkggyXisg+Ifr\\r\\n5gbNN7HigpHf7b2i3CQBUqp9m23frh5AhnLI2qp3UXgc52U5ieLdi/t6j0TTZqqY\\r\\nHhHqofKrj938HHlBNpC5/LVh3w==\\r\\n\"\r\n            }\r\n          ]\r\n        }\r\n      },\r\n      \"secrets\": []\r\n    },\r\n    \"networkProfile\": {\"networkInterfaces\":[{\"properties\":{},\"id\":\"/subscriptions/e33f361b-53c2-4cc7-b829-78906708387b/resourceGroups/xplatTestGVMCreate2887/providers/Microsoft.Network/networkInterfaces/xplattestnic\"}]},\r\n    \"diagnosticsProfile\": {\r\n      \"bootDiagnostics\": {\r\n        \"enabled\": true,\r\n        \"storageUri\": \"https://xplatteststorage18247.blob.core.windows.net/\"\r\n      }\r\n    },\r\n    \"provisioningState\": \"Succeeded\",\r\n    \"instanceView\": {\r\n      \"vmAgent\": {\r\n        \"vmAgentVersion\": \"WALinuxAgent-2.0.14\",\r\n        \"statuses\": [\r\n          {\r\n            \"code\": \"ProvisioningState/succeeded\",\r\n            \"level\": \"Info\",\r\n            \"displayStatus\": \"Ready\",\r\n            \"message\": \"GuestAgent is running and accepting new configurations.\",\r\n            \"time\": \"2016-01-06T17:27:15+00:00\"\r\n          }\r\n        ],\r\n        \"extensionHandlers\": []\r\n      },\r\n      \"disks\": [\r\n        {\r\n          \"name\": \"cli55fd0b9de45ab275-os-1452100201600\",\r\n          \"statuses\": [\r\n            {\r\n              \"code\": \"ProvisioningState/succeeded\",\r\n              \"level\": \"Info\",\r\n              \"displayStatus\": \"Provisioning succeeded\",\r\n              \"time\": \"2016-01-06T17:10:35.8488113+00:00\"\r\n            }\r\n          ]\r\n        }\r\n      ],\r\n      \"bootDiagnostics\": {\r\n        \"consoleScreenshotBlobUri\": \"https://xplatteststorage18247.blob.core.windows.net/bootdiagnostics-xplatvm-fd1c8472-9371-49ea-ae10-448f11ab9ccd/xplatvm.fd1c8472-9371-49ea-ae10-448f11ab9ccd.screenshot.bmp\",\r\n        \"serialConsoleLogBlobUri\": \"https://xplatteststorage18247.blob.core.windows.net/bootdiagnostics-xplatvm-fd1c8472-9371-49ea-ae10-448f11ab9ccd/xplatvm.fd1c8472-9371-49ea-ae10-448f11ab9ccd.serialconsole.log\"\r\n      },\r\n      \"statuses\": [\r\n        {\r\n          \"code\": \"ProvisioningState/succeeded\",\r\n          \"level\": \"Info\",\r\n          \"displayStatus\": \"Provisioning succeeded\",\r\n          \"time\": \"2016-01-06T17:12:06.271204+00:00\"\r\n        },\r\n        {\r\n          \"code\": \"PowerState/running\",\r\n          \"level\": \"Info\",\r\n          \"displayStatus\": \"VM running\"\r\n        }\r\n      ]\r\n    }\r\n  },\r\n  \"id\": \"/subscriptions/e33f361b-53c2-4cc7-b829-78906708387b/resourceGroups/xplatTestGVMCreate2887/providers/Microsoft.Compute/virtualMachines/xplatvm\",\r\n  \"name\": \"xplatvm\",\r\n  \"type\": \"Microsoft.Compute/virtualMachines\",\r\n  \"location\": \"eastus\",\r\n  \"tags\": {\r\n    \"a\": \"b\",\r\n    \"b\": \"c\",\r\n    \"d\": \"\"\r\n  }\r\n}", { 'cache-control': 'no-cache',
  pragma: 'no-cache',
  'content-length': '5036',
  'content-type': 'application/json; charset=utf-8',
  expires: '-1',
  'strict-transport-security': 'max-age=31536000; includeSubDomains',
  'x-ms-served-by': 'db2c81f2-c6fa-41a7-b70e-bc4bed3c3b56_130964270222931805',
  'x-ms-request-id': 'd5480814-d413-446b-9e34-a9f14ad5caa6',
  server: 'Microsoft-HTTPAPI/2.0, Microsoft-HTTPAPI/2.0',
  'x-ms-ratelimit-remaining-subscription-reads': '14941',
  'x-ms-correlation-request-id': 'e068b0f6-7d40-4122-bfad-81ea9994510f',
  'x-ms-routing-request-id': 'CENTRALUS:20160106T172727Z:e068b0f6-7d40-4122-bfad-81ea9994510f',
  date: 'Wed, 06 Jan 2016 17:27:27 GMT',
  connection: 'close' });
 return result; },
function (nock) { 
var result = 
nock('https://management.azure.com:443')
  .get('/subscriptions/e33f361b-53c2-4cc7-b829-78906708387b/resourceGroups/xplatTestGVMCreate2887/providers/Microsoft.Compute/virtualMachines/xplatvm?$expand=instanceView&api-version=2015-06-15')
  .reply(200, "{\r\n  \"properties\": {\r\n    \"vmId\": \"fd1c8472-9371-49ea-ae10-448f11ab9ccd\",\r\n    \"hardwareProfile\": {\r\n      \"vmSize\": \"Standard_A1\"\r\n    },\r\n    \"storageProfile\": {\r\n      \"osDisk\": {\r\n        \"osType\": \"Linux\",\r\n        \"name\": \"cli55fd0b9de45ab275-os-1452100201600\",\r\n        \"createOption\": \"FromImage\",\r\n        \"image\": {\r\n          \"uri\": \"https://xplatteststorage18247.blob.core.windows.net/system/Microsoft.Compute/Images/vhds/xplatvm3-osDisk.8e33ad8e-225f-4c60-9a03-19758b9decff.vhd\"\r\n        },\r\n        \"vhd\": {\r\n          \"uri\": \"https://xplatteststorage18247.blob.core.windows.net/xplatteststoragecnt17885/cli55fd0b9de45ab275-os-1452100201600.vhd\"\r\n        },\r\n        \"caching\": \"ReadWrite\"\r\n      },\r\n      \"dataDisks\": []\r\n    },\r\n    \"osProfile\": {\r\n      \"computerName\": \"xplatvm\",\r\n      \"adminUsername\": \"azureuser\",\r\n      \"linuxConfiguration\": {\r\n        \"disablePasswordAuthentication\": false,\r\n        \"ssh\": {\r\n          \"publicKeys\": [\r\n            {\r\n              \"path\": \"/home/azureuser/.ssh/authorized_keys\",\r\n              \"keyData\": \"MIID/zCCAuegAwIBAgIJAMUAa+XVLvAeMA0GCSqGSIb3DQEBBQUAMIGVMQswCQYD\\r\\nVQQGEwJJbjESMBAGA1UECAwJS2FybmF0YWthMRIwEAYDVQQHDAlCYW5nYWxvcmUx\\r\\nEDAOBgNVBAoMB2JyaWxsaW8xEjAQBgNVBAsMCW1pY3Jvc29mdDEQMA4GA1UEAwwH\\r\\nYnJpbGxpbzEmMCQGCSqGSIb3DQEJARYXc3JlZWthbnRoYnNAeWFob28uY28uaW4w\\r\\nHhcNMTUwMzA1MTE1MzEyWhcNMTYwMzA0MTE1MzEyWjCBlTELMAkGA1UEBhMCSW4x\\r\\nEjAQBgNVBAgMCUthcm5hdGFrYTESMBAGA1UEBwwJQmFuZ2Fsb3JlMRAwDgYDVQQK\\r\\nDAdicmlsbGlvMRIwEAYDVQQLDAltaWNyb3NvZnQxEDAOBgNVBAMMB2JyaWxsaW8x\\r\\nJjAkBgkqhkiG9w0BCQEWF3NyZWVrYW50aGJzQHlhaG9vLmNvLmluMIIBIjANBgkq\\r\\nhkiG9w0BAQEFAAOCAQ8AMIIBCgKCAQEAyUNKaOuT0NK+S8Ck81zy9xJ6hXfZvAC6\\r\\nlhbmf/6s/WVimJ/TX5NMhQJwC9k6ZIF92KfYrojHNvHDufSZ3EtKUVwRFCDjmgMT\\r\\nDL09WkGaZt7gROYFK0iZ4KrYGovUwlwum9fHB24OJiOV4bi0ek62/rHx9fjYZpvp\\r\\naIH2PV/hN8SCZ0x7HJMberD4gVoU/Kv42nNvwjLUW6IZfVx/Gv5OeFDtWHfSvUEF\\r\\ndadHKTPn3Ab20Iu6gZIbLO9Vuf38/IpaYGfnFCouHdzmiTiLieYNe3CUPcOJNSv7\\r\\n1G8KYpx3uNJRkJPab5OsRyJw75Gvzkr9OgaPss9tVD6Gt68u3WQtVQIDAQABo1Aw\\r\\nTjAdBgNVHQ4EFgQUogvhXB+xZ2JJPfLO6cVs4ForzscwHwYDVR0jBBgwFoAUogvh\\r\\nXB+xZ2JJPfLO6cVs4ForzscwDAYDVR0TBAUwAwEB/zANBgkqhkiG9w0BAQUFAAOC\\r\\nAQEAdDj7qUNJ45xlF5cjd+4x5NHvAD1VTjOKu+Xh/uzSSjXqB2F0aOMWA9lx0qaQ\\r\\noJgHkGxj3zz/W7ik/cVGL2O+vRIOKv/y0OPogEmS3Hw+P+O6OGE7x1G6YN0zLVoL\\r\\nu4BN/BEYmjttxM9I7qqL7C5cJoE+K3s/w1/pt/68ohJcr7F9Ohi7cso62xuGY1Rm\\r\\nksAh2EUDsU9JV/P+C9AMpLSrb03JJYzVj4w1RHbrmw2AjFyGXdQYkggyXisg+Ifr\\r\\n5gbNN7HigpHf7b2i3CQBUqp9m23frh5AhnLI2qp3UXgc52U5ieLdi/t6j0TTZqqY\\r\\nHhHqofKrj938HHlBNpC5/LVh3w==\\r\\n\"\r\n            }\r\n          ]\r\n        }\r\n      },\r\n      \"secrets\": []\r\n    },\r\n    \"networkProfile\": {\"networkInterfaces\":[{\"properties\":{},\"id\":\"/subscriptions/e33f361b-53c2-4cc7-b829-78906708387b/resourceGroups/xplatTestGVMCreate2887/providers/Microsoft.Network/networkInterfaces/xplattestnic\"}]},\r\n    \"diagnosticsProfile\": {\r\n      \"bootDiagnostics\": {\r\n        \"enabled\": true,\r\n        \"storageUri\": \"https://xplatteststorage18247.blob.core.windows.net/\"\r\n      }\r\n    },\r\n    \"provisioningState\": \"Succeeded\",\r\n    \"instanceView\": {\r\n      \"vmAgent\": {\r\n        \"vmAgentVersion\": \"WALinuxAgent-2.0.14\",\r\n        \"statuses\": [\r\n          {\r\n            \"code\": \"ProvisioningState/succeeded\",\r\n            \"level\": \"Info\",\r\n            \"displayStatus\": \"Ready\",\r\n            \"message\": \"GuestAgent is running and accepting new configurations.\",\r\n            \"time\": \"2016-01-06T17:27:15+00:00\"\r\n          }\r\n        ],\r\n        \"extensionHandlers\": []\r\n      },\r\n      \"disks\": [\r\n        {\r\n          \"name\": \"cli55fd0b9de45ab275-os-1452100201600\",\r\n          \"statuses\": [\r\n            {\r\n              \"code\": \"ProvisioningState/succeeded\",\r\n              \"level\": \"Info\",\r\n              \"displayStatus\": \"Provisioning succeeded\",\r\n              \"time\": \"2016-01-06T17:10:35.8488113+00:00\"\r\n            }\r\n          ]\r\n        }\r\n      ],\r\n      \"bootDiagnostics\": {\r\n        \"consoleScreenshotBlobUri\": \"https://xplatteststorage18247.blob.core.windows.net/bootdiagnostics-xplatvm-fd1c8472-9371-49ea-ae10-448f11ab9ccd/xplatvm.fd1c8472-9371-49ea-ae10-448f11ab9ccd.screenshot.bmp\",\r\n        \"serialConsoleLogBlobUri\": \"https://xplatteststorage18247.blob.core.windows.net/bootdiagnostics-xplatvm-fd1c8472-9371-49ea-ae10-448f11ab9ccd/xplatvm.fd1c8472-9371-49ea-ae10-448f11ab9ccd.serialconsole.log\"\r\n      },\r\n      \"statuses\": [\r\n        {\r\n          \"code\": \"ProvisioningState/succeeded\",\r\n          \"level\": \"Info\",\r\n          \"displayStatus\": \"Provisioning succeeded\",\r\n          \"time\": \"2016-01-06T17:12:06.271204+00:00\"\r\n        },\r\n        {\r\n          \"code\": \"PowerState/running\",\r\n          \"level\": \"Info\",\r\n          \"displayStatus\": \"VM running\"\r\n        }\r\n      ]\r\n    }\r\n  },\r\n  \"id\": \"/subscriptions/e33f361b-53c2-4cc7-b829-78906708387b/resourceGroups/xplatTestGVMCreate2887/providers/Microsoft.Compute/virtualMachines/xplatvm\",\r\n  \"name\": \"xplatvm\",\r\n  \"type\": \"Microsoft.Compute/virtualMachines\",\r\n  \"location\": \"eastus\",\r\n  \"tags\": {\r\n    \"a\": \"b\",\r\n    \"b\": \"c\",\r\n    \"d\": \"\"\r\n  }\r\n}", { 'cache-control': 'no-cache',
  pragma: 'no-cache',
  'content-length': '5036',
  'content-type': 'application/json; charset=utf-8',
  expires: '-1',
  'strict-transport-security': 'max-age=31536000; includeSubDomains',
  'x-ms-served-by': 'db2c81f2-c6fa-41a7-b70e-bc4bed3c3b56_130964270222931805',
  'x-ms-request-id': 'd5480814-d413-446b-9e34-a9f14ad5caa6',
  server: 'Microsoft-HTTPAPI/2.0, Microsoft-HTTPAPI/2.0',
  'x-ms-ratelimit-remaining-subscription-reads': '14941',
  'x-ms-correlation-request-id': 'e068b0f6-7d40-4122-bfad-81ea9994510f',
  'x-ms-routing-request-id': 'CENTRALUS:20160106T172727Z:e068b0f6-7d40-4122-bfad-81ea9994510f',
  date: 'Wed, 06 Jan 2016 17:27:27 GMT',
  connection: 'close' });
 return result; },
function (nock) { 
var result = 
nock('http://management.azure.com:443')
  .post('/subscriptions/e33f361b-53c2-4cc7-b829-78906708387b/resourceGroups/xplatTestGVMCreate2887/providers/Microsoft.Storage/storageAccounts/xplatteststorage18247/listKeys?api-version=2015-06-15')
  .reply(200, "{\"key1\":\"m3/0q+oywAPL93KnNxiRhT6z1C7J2JgjJ7duPtSe+1GSzYgu6sofzKD9bsrFDkCJrQmn9bbFMi8YMj15SDuZOQ==\",\"key2\":\"pudsn2M4GKWnTldPl5tztKg8wFAWAqG8jCcwR6CQF/ZAt/iUkCT4cIpvU99mgo5A2lm851wWLxtu0pC0hcuIxg==\"}\n", { 'cache-control': 'no-cache',
  pragma: 'no-cache',
  'content-length': '198',
  'content-type': 'application/json',
  expires: '-1',
  'x-ms-request-id': '9ed1b249-388c-4a4e-8760-af5e1cad50c3',
  server: 'Microsoft-Azure-Storage-Resource-Provider/1.0, Microsoft-HTTPAPI/2.0',
  'x-ms-ratelimit-remaining-subscription-writes': '1198',
  'x-ms-correlation-request-id': '9ed1b249-388c-4a4e-8760-af5e1cad50c3',
  'x-ms-routing-request-id': 'CENTRALUS:20160106T172727Z:9ed1b249-388c-4a4e-8760-af5e1cad50c3',
  'strict-transport-security': 'max-age=31536000; includeSubDomains',
  date: 'Wed, 06 Jan 2016 17:27:27 GMT',
  connection: 'close' });
 return result; },
function (nock) { 
var result = 
nock('https://management.azure.com:443')
  .post('/subscriptions/e33f361b-53c2-4cc7-b829-78906708387b/resourceGroups/xplatTestGVMCreate2887/providers/Microsoft.Storage/storageAccounts/xplatteststorage18247/listKeys?api-version=2015-06-15')
  .reply(200, "{\"key1\":\"m3/0q+oywAPL93KnNxiRhT6z1C7J2JgjJ7duPtSe+1GSzYgu6sofzKD9bsrFDkCJrQmn9bbFMi8YMj15SDuZOQ==\",\"key2\":\"pudsn2M4GKWnTldPl5tztKg8wFAWAqG8jCcwR6CQF/ZAt/iUkCT4cIpvU99mgo5A2lm851wWLxtu0pC0hcuIxg==\"}\n", { 'cache-control': 'no-cache',
  pragma: 'no-cache',
  'content-length': '198',
  'content-type': 'application/json',
  expires: '-1',
  'x-ms-request-id': '9ed1b249-388c-4a4e-8760-af5e1cad50c3',
  server: 'Microsoft-Azure-Storage-Resource-Provider/1.0, Microsoft-HTTPAPI/2.0',
  'x-ms-ratelimit-remaining-subscription-writes': '1198',
  'x-ms-correlation-request-id': '9ed1b249-388c-4a4e-8760-af5e1cad50c3',
  'x-ms-routing-request-id': 'CENTRALUS:20160106T172727Z:9ed1b249-388c-4a4e-8760-af5e1cad50c3',
  'strict-transport-security': 'max-age=31536000; includeSubDomains',
  date: 'Wed, 06 Jan 2016 17:27:27 GMT',
  connection: 'close' });
 return result; },
function (nock) { 
var result = 
nock('http://xplatteststorage18247.blob.core.windows.net:443')
  .head('/bootdiagnostics-xplatvm-fd1c8472-9371-49ea-ae10-448f11ab9ccd/xplatvm.fd1c8472-9371-49ea-ae10-448f11ab9ccd.serialconsole.log')
  .reply(200, "", { 'content-length': '65536',
  'last-modified': 'Wed, 06 Jan 2016 17:12:47 GMT',
  'accept-ranges': 'bytes',
  etag: '"0x8D316BC9943FC17"',
  server: 'Windows-Azure-Blob/1.0 Microsoft-HTTPAPI/2.0',
  'x-ms-request-id': 'a6e4887b-0001-00b0-11a7-48039e000000',
  'x-ms-version': '2015-02-21',
  'x-ms-lease-status': 'unlocked',
  'x-ms-lease-state': 'available',
  'x-ms-blob-type': 'PageBlob',
  'x-ms-blob-sequence-number': '0',
  date: 'Wed, 06 Jan 2016 17:27:27 GMT',
  connection: 'close' });
 return result; },
function (nock) { 
var result = 
nock('https://xplatteststorage18247.blob.core.windows.net:443')
  .head('/bootdiagnostics-xplatvm-fd1c8472-9371-49ea-ae10-448f11ab9ccd/xplatvm.fd1c8472-9371-49ea-ae10-448f11ab9ccd.serialconsole.log')
  .reply(200, "", { 'content-length': '65536',
  'last-modified': 'Wed, 06 Jan 2016 17:12:47 GMT',
  'accept-ranges': 'bytes',
  etag: '"0x8D316BC9943FC17"',
  server: 'Windows-Azure-Blob/1.0 Microsoft-HTTPAPI/2.0',
  'x-ms-request-id': 'a6e4887b-0001-00b0-11a7-48039e000000',
  'x-ms-version': '2015-02-21',
  'x-ms-lease-status': 'unlocked',
  'x-ms-lease-state': 'available',
  'x-ms-blob-type': 'PageBlob',
  'x-ms-blob-sequence-number': '0',
  date: 'Wed, 06 Jan 2016 17:27:27 GMT',
  connection: 'close' });
 return result; },
function (nock) { 
var result = 
nock('http://xplatteststorage18247.blob.core.windows.net:443')
  .get('/bootdiagnostics-xplatvm-fd1c8472-9371-49ea-ae10-448f11ab9ccd/xplatvm.fd1c8472-9371-49ea-ae10-448f11ab9ccd.serialconsole.log')
  .reply(200, "\u001b[H\u001b[J\u001b[1;1H     0.000000] Initializing cgroup subsys cpuset\r\n[    0.000000] Initializing cgroup subsys cpu\r\n[    0.000000] Initializing cgroup subsys cpuacct\r\n[    0.000000] Linux version 3.19.0-42-generic (buildd@lcy01-24) (gcc version 4.9.2 (Ubuntu 4.9.2-10ubuntu13) ) #48-Ubuntu SMP Thu Dec 17 22:54:45 UTC 2015 (Ubuntu 3.19.0-42.48-generic 3.19.8-ckt10)\r\n[    0.000000] Command line: BOOT_IMAGE=/boot/vmlinuz-3.19.0-42-generic root=UUID=a4d6417f-8b93-4586-9843-264a86fbc962 ro console=tty1 console=ttyS0 earlyprintk=ttyS0 rootdelay=300\r\n[    0.000000] KERNEL supported cpus:\r\n[    0.000000]   Intel GenuineIntel\r\n[    0.000000]   AMD AuthenticAMD\r\n[    0.000000]   Centaur CentaurHauls\r\n[    0.000000] e820: BIOS-provided physical RAM map:\r\n[    0.000000] BIOS-e820: [mem 0x0000000000000000-0x000000000009fbff] usable\r\n[    0.000000] BIOS-e820: [mem 0x000000000009fc00-0x000000000009ffff] reserved\r\n[    0.000000] BIOS-e820: [mem 0x00000000000e0000-0x00000000000fffff] reserved\r\n[    0.000000] BIOS-e820: [mem 0x0000000000100000-0x000000001ffeffff] usable\r\n[    0.000000] BIOS-e820: [mem 0x000000001fff0000-0x000000001fffefff] ACPI data\r\n[    0.000000] BIOS-e820: [mem 0x000000001ffff000-0x000000001fffffff] ACPI NVS\r\n[    0.000000] BIOS-e820: [mem 0x0000000100000000-0x000000014fffffff] usable\r\n[    0.000000] bootconsole [earlyser0] enabled\r\n[    0.000000] NX (Execute Disable) protection: active\r\n[    0.000000] SMBIOS 2.3 present.\r\n[    0.000000] Hypervisor detected: Microsoft HyperV\r\n[    0.000000] HyperV: features 0xe7f, hints 0x2c\r\n[    0.000000] HyperV: LAPIC Timer Frequency: 0xc3500\r\n[    0.000000] tsc: Marking TSC unstable due to running on Hyper-V\r\n[    0.000000] AGP: No AGP bridge found\r\n[    0.000000] e820: last_pfn = 0x150000 max_arch_pfn = 0x400000000\r\n[    0.000000] PAT configuration [0-7]: WB  WC  UC- UC  WB  WC  UC- UC  \r\n[    0.000000] e820: last_pfn = 0x1fff0 max_arch_pfn = 0x400000000\r\n[    0.000000] found SMP MP-table at [mem 0x000ff780-0x000ff78f] mapped at [ffff8800000ff780]\r\n[    0.000000] Scanning 1 areas for low memory corruption\r\n[    0.000000] init_memory_mapping: [mem 0x00000000-0x000fffff]\r\n[    0.000000] init_memory_mapping: [mem 0x14fe00000-0x14fffffff]\r\n[    0.000000] init_memory_mapping: [mem 0x140000000-0x14fdfffff]\r\n[    0.000000] init_memory_mapping: [mem 0x120000000-0x13fffffff]\r\n[    0.000000] init_memory_mapping: [mem 0x00100000-0x1ffeffff]\r\n[    0.000000] init_memory_mapping: [mem 0x100000000-0x11fffffff]\r\n[    0.000000] RAMDISK: [mem 0x1dcf3000-0x1f795fff]\r\n[    0.000000] ACPI: Early table checksum verification disabled\r\n[    0.000000] ACPI: RSDP 0x00000000000F56F0 000014 (v00 ACPIAM)\r\n[    0.000000] ACPI: RSDT 0x000000001FFF0000 000040 (v01 VRTUAL MICROSFT 05001223 MSFT 00000097)\r\n[    0.000000] ACPI: FACP 0x000000001FFF0200 000081 (v02 VRTUAL MICROSFT 05001223 MSFT 00000097)\r\n[    0.000000] ACPI: DSDT 0x000000001FFF1724 002E78 (v01 MSFTVM MSFTVM02 00000002 INTL 02002026)\r\n[    0.000000] ACPI: FACS 0x000000001FFFF000 000040\r\n[    0.000000] ACPI: WAET 0x000000001FFF1480 000028 (v01 VRTUAL MICROSFT 05001223 MSFT 00000097)\r\n[    0.000000] ACPI: SLIC 0x000000001FFF14C0 000176 (v01 VRTUAL MICROSFT 05001223 MSFT 00000097)\r\n[    0.000000] ACPI: OEM0 0x000000001FFF16C0 000064 (v01 VRTUAL MICROSFT 05001223 MSFT 00000097)\r\n[    0.000000] ACPI: SRAT 0x000000001FFF0600 000090 (v02 VRTUAL MICROSFT 00000001 MSFT 00000001)\r\n[    0.000000] ACPI: APIC 0x000000001FFF0300 00024C (v01 VRTUAL MICROSFT 05001223 MSFT 00000097)\r\n[    0.000000] ACPI: OEMB 0x000000001FFFF040 000064 (v01 VRTUAL MICROSFT 05001223 MSFT 00000097)\r\n[    0.000000] SRAT: PXM 0 -> APIC 0x00 -> Node 0\r\n[    0.000000] SRAT: Node 0 PXM 0 [mem 0x00000000-0x1fffffff]\r\n[    0.000000] SRAT: Node 0 PXM 0 [mem 0x100000000-0x14fffffff]\r\n[    0.000000] NUMA: Node 0 [mem 0x00000000-0x1fffffff] + [mem 0x100000000-0x14fffffff] -> [mem 0x00000000-0x14fffffff]\r\n[    0.000000] NODE_DATA(0) allocated [mem 0x14fffa000-0x14fffefff]\r\n[    0.000000] Zone ranges:\r\n[    0.000000]   DMA      [mem 0x00001000-0x00ffffff]\r\n[    0.000000]   DMA32    [mem 0x01000000-0xffffffff]\r\n[    0.000000]   Normal   [mem 0x100000000-0x14fffffff]\r\n[    0.000000] Movable zone start for each node\r\n[    0.000000] Early memory node ranges\r\n[    0.000000]   node   0: [mem 0x00001000-0x0009efff]\r\n[    0.000000]   node   0: [mem 0x00100000-0x1ffeffff]\r\n[    0.000000]   node   0: [mem 0x100000000-0x14fffffff]\r\n[    0.000000] Initmem setup node 0 [mem 0x00001000-0x14fffffff]\r\n[    0.000000] ACPI: PM-Timer IO Port: 0x408\r\n[    0.000000] ACPI: LAPIC (acpi_id[0x01] lapic_id[0x00] enabled)\r\n[    0.000000] ACPI: LAPIC (acpi_id[0x02] lapic_id[0x01] disabled)\r\n[    0.000000] ACPI: LAPIC (acpi_id[0x03] lapic_id[0x02] disabled)\r\n[    0.000000] ACPI: LAPIC (acpi_id[0x04] lapic_id[0x03] disabled)\r\n[    0.000000] ACPI: LAPIC (acpi_id[0x05] lapic_id[0x04] disabled)\r\n[    0.000000] ACPI: LAPIC (acpi_id[0x06] lapic_id[0x05] disabled)\r\n[    0.000000] ACPI: LAPIC (acpi_id[0x07] lapic_id[0x06] disabled)\r\n[    0.000000] ACPI: LAPIC (acpi_id[0x08] lapic_id[0x07] disabled)\r\n[    0.000000] ACPI: LAPIC (acpi_id[0x09] lapic_id[0x08] disabled)\r\n[    0.000000] ACPI: LAPIC (acpi_id[0x0a] lapic_id[0x09] disabled)\r\n[    0.000000] ACPI: LAPIC (acpi_id[0x0b] lapic_id[0x0a] disabled)\r\n[    0.000000] ACPI: LAPIC (acpi_id[0x0c] lapic_id[0x0b] disabled)\r\n[    0.000000] ACPI: LAPIC (acpi_id[0x0d] lapic_id[0x0c] disabled)\r\n[    0.000000] ACPI: LAPIC (acpi_id[0x0e] lapic_id[0x0d] disabled)\r\n[    0.000000] ACPI: LAPIC (acpi_id[0x0f] lapic_id[0x0e] disabled)\r\n[    0.000000] ACPI: LAPIC (acpi_id[0x10] lapic_id[0x0f] disabled)\r\n[    0.000000] ACPI: LAPIC (acpi_id[0x11] lapic_id[0x10] disabled)\r\n[    0.000000] ACPI: LAPIC (acpi_id[0x12] lapic_id[0x11] disabled)\r\n[    0.000000] ACPI: LAPIC (acpi_id[0x13] lapic_id[0x12] disabled)\r\n[    0.000000] ACPI: LAPIC (acpi_id[0x14] lapic_id[0x13] disabled)\r\n[    0.000000] ACPI: LAPIC (acpi_id[0x15] lapic_id[0x14] disabled)\r\n[    0.000000] ACPI: LAPIC (acpi_id[0x16] lapic_id[0x15] disabled)\r\n[    0.000000] ACPI: LAPIC (acpi_id[0x17] lapic_id[0x16] disabled)\r\n[    0.000000] ACPI: LAPIC (acpi_id[0x18] lapic_id[0x17] disabled)\r\n[    0.000000] ACPI: LAPIC (acpi_id[0x19] lapic_id[0x18] disabled)\r\n[    0.000000] ACPI: LAPIC (acpi_id[0x1a] lapic_id[0x19] disabled)\r\n[    0.000000] ACPI: LAPIC (acpi_id[0x1b] lapic_id[0x1a] disabled)\r\n[    0.000000] ACPI: LAPIC (acpi_id[0x1c] lapic_id[0x1b] disabled)\r\n[    0.000000] ACPI: LAPIC (acpi_id[0x1d] lapic_id[0x1c] disabled)\r\n[    0.000000] ACPI: LAPIC (acpi_id[0x1e] lapic_id[0x1d] disabled)\r\n[    0.000000] ACPI: LAPIC (acpi_id[0x1f] lapic_id[0x1e] disabled)\r\n[    0.000000] ACPI: LAPIC (acpi_id[0x20] lapic_id[0x1f] disabled)\r\n[    0.000000] ACPI: LAPIC (acpi_id[0x21] lapic_id[0x20] disabled)\r\n[    0.000000] ACPI: LAPIC (acpi_id[0x22] lapic_id[0x21] disabled)\r\n[    0.000000] ACPI: LAPIC (acpi_id[0x23] lapic_id[0x22] disabled)\r\n[    0.000000] ACPI: LAPIC (acpi_id[0x24] lapic_id[0x23] disabled)\r\n[    0.000000] ACPI: LAPIC (acpi_id[0x25] lapic_id[0x24] disabled)\r\n[    0.000000] ACPI: LAPIC (acpi_id[0x26] lapic_id[0x25] disabled)\r\n[    0.000000] ACPI: LAPIC (acpi_id[0x27] lapic_id[0x26] disabled)\r\n[    0.000000] ACPI: LAPIC (acpi_id[0x28] lapic_id[0x27] disabled)\r\n[    0.000000] ACPI: LAPIC (acpi_id[0x29] lapic_id[0x28] disabled)\r\n[    0.000000] ACPI: LAPIC (acpi_id[0x2a] lapic_id[0x29] disabled)\r\n[    0.000000] ACPI: LAPIC (acpi_id[0x2b] lapic_id[0x2a] disabled)\r\n[    0.000000] ACPI: LAPIC (acpi_id[0x2c] lapic_id[0x2b] disabled)\r\n[    0.000000] ACPI: LAPIC (acpi_id[0x2d] lapic_id[0x2c] disabled)\r\n[    0.000000] ACPI: LAPIC (acpi_id[0x2e] lapic_id[0x2d] disabled)\r\n[    0.000000] ACPI: LAPIC (acpi_id[0x2f] lapic_id[0x2e] disabled)\r\n[    0.000000] ACPI: LAPIC (acpi_id[0x30] lapic_id[0x2f] disabled)\r\n[    0.000000] ACPI: LAPIC (acpi_id[0x31] lapic_id[0x30] disabled)\r\n[    0.000000] ACPI: LAPIC (acpi_id[0x32] lapic_id[0x31] disabled)\r\n[    0.000000] ACPI: LAPIC (acpi_id[0x33] lapic_id[0x32] disabled)\r\n[    0.000000] ACPI: LAPIC (acpi_id[0x34] lapic_id[0x33] disabled)\r\n[    0.000000] ACPI: LAPIC (acpi_id[0x35] lapic_id[0x34] disabled)\r\n[    0.000000] ACPI: LAPIC (acpi_id[0x36] lapic_id[0x35] disabled)\r\n[    0.000000] ACPI: LAPIC (acpi_id[0x37] lapic_id[0x36] disabled)\r\n[    0.000000] ACPI: LAPIC (acpi_id[0x38] lapic_id[0x37] disabled)\r\n[    0.000000] ACPI: LAPIC (acpi_id[0x39] lapic_id[0x38] disabled)\r\n[    0.000000] ACPI: LAPIC (acpi_id[0x3a] lapic_id[0x39] disabled)\r\n[    0.000000] ACPI: LAPIC (acpi_id[0x3b] lapic_id[0x3a] disabled)\r\n[    0.000000] ACPI: LAPIC (acpi_id[0x3c] lapic_id[0x3b] disabled)\r\n[    0.000000] ACPI: LAPIC (acpi_id[0x3d] lapic_id[0x3c] disabled)\r\n[    0.000000] ACPI: LAPIC (acpi_id[0x3e] lapic_id[0x3d] disabled)\r\n[    0.000000] ACPI: LAPIC (acpi_id[0x3f] lapic_id[0x3e] disabled)\r\n[    0.000000] ACPI: LAPIC (acpi_id[0x40] lapic_id[0x3f] disabled)\r\n[    0.000000] ACPI: IOAPIC (id[0x00] address[0xfec00000] gsi_base[0])\r\n[    0.000000] IOAPIC[0]: apic_id 0, version 17, address 0xfec00000, GSI 0-23\r\n[    0.000000] ACPI: INT_SRC_OVR (bus 0 bus_irq 0 global_irq 2 dfl dfl)\r\n[    0.000000] ACPI: INT_SRC_OVR (bus 0 bus_irq 9 global_irq 9 high level)\r\n[    0.000000] Using ACPI (MADT) for SMP configuration information\r\n[    0.000000] smpboot: Allowing 64 CPUs, 63 hotplug CPUs\r\n[    0.000000] PM: Registered nosave memory: [mem 0x00000000-0x00000fff]\r\n[    0.000000] PM: Registered nosave memory: [mem 0x0009f000-0x0009ffff]\r\n[    0.000000] PM: Registered nosave memory: [mem 0x000a0000-0x000dffff]\r\n[    0.000000] PM: Registered nosave memory: [mem 0x000e0000-0x000fffff]\r\n[    0.000000] PM: Registered nosave memory: [mem 0x1fff0000-0x1fffefff]\r\n[    0.000000] PM: Registered nosave memory: [mem 0x1ffff000-0x1fffffff]\r\n[    0.000000] PM: Registered nosave memory: [mem 0x20000000-0xffffffff]\r\n[    0.000000] e820: [mem 0x20000000-0xffffffff] available for PCI devices\r\n[    0.000000] Booting paravirtualized kernel on bare hardware\r\n[    0.000000] setup_percpu: NR_CPUS:256 nr_cpumask_bits:256 nr_cpu_ids:64 nr_node_ids:1\r\n[    0.000000] PERCPU: Embedded 31 pages/cpu @ffff88014d200000 s87104 r8192 d31680 u131072\r\n[    0.000000] Built 1 zonelists in Node order, mobility grouping on.  Total pages: 451449\r\n[    0.000000] Policy zone: Normal\r\n[    0.000000] Kernel command line: BOOT_IMAGE=/boot/vmlinuz-3.19.0-42-generic root=UUID=a4d6417f-8b93-4586-9843-264a86fbc962 ro console=tty1 console=ttyS0 earlyprintk=ttyS0 rootdelay=300\r\n[    0.000000] log_buf_len individual max cpu contribution: 4096 bytes\r\n[    0.000000] log_buf_len total cpu_extra contributions: 258048 bytes\r\n[    0.000000] log_buf_len min size: 262144 bytes\r\n[    0.000000] log_buf_len: 524288 bytes\r\n[    0.000000] early log buf free: 248668(94%)\r\n[    0.000000] PID hash table entries: 4096 (order: 3, 32768 bytes)\r\n[    0.000000] xsave: enabled xstate_bv 0x7, cntxt size 0x340 using standard form\r\n[    0.000000] AGP: Checking aperture...\r\n[    0.000000] AGP: No AGP bridge found\r\n[    0.000000] Memory: 1687448K/1834552K available (8007K kernel code, 1234K rwdata, 3764K rodata, 1408K init, 1300K bss, 147104K reserved, 0K cma-reserved)\r\n[    0.000000] SLUB: HWalign=64, Order=0-3, MinObjects=0, CPUs=64, Nodes=1\r\n[    0.000000] Hierarchical RCU implementation.\r\n[    0.000000] \tRCU dyntick-idle grace-period acceleration is enabled.\r\n[    0.000000] \tRCU restricting CPUs from NR_CPUS=256 to nr_cpu_ids=64.\r\n[    0.000000] RCU: Adjusting geometry for rcu_fanout_leaf=16, nr_cpu_ids=64\r\n[    0.000000] NR_IRQS:16640 nr_irqs:936 16\r\n[    0.000000] \tOffload RCU callbacks from all CPUs\r\n[    0.000000] \tOffload RCU callbacks from CPUs: 0-63.\r\n[    0.000000] Console: colour VGA+ 80x25\r\n[    0.000000] console [tty1] enabled\r\n[    0.000000] console [ttyS0] enabled\r\n[    0.000000] console [ttyS0] enabled\r\n[    0.000000] bootconsole [earlyser0] disabled\r\n[    0.000000] bootconsole [earlyser0] disabled\r\n[    0.000000] tsc: Fast TSC calibration failed\r\n[    0.000000] tsc: Unable to calibrate against PIT\r\n[    0.000000] tsc: using PMTIMER reference calibration\r\n[    0.000000] tsc: Detected 2394.455 MHz processor\r\n[    0.016026] Calibrating delay loop (skipped), value calculated using timer frequency.. 4788.91 BogoMIPS (lpj=9577820)\r\n[    0.017589] pid_max: default: 65536 minimum: 512\r\n[    0.018379] ACPI: Core revision 20141107\r\n[    0.020512] ACPI: All ACPI Tables successfully acquired\r\n[    0.022335] Security Framework initialized\r\n[    0.023040] AppArmor: AppArmor initialized\r\n[    0.023677] Yama: becoming mindful.\r\n[    0.024187] Dentry cache hash table entries: 262144 (order: 9, 2097152 bytes)\r\n[    0.025347] Inode-cache hash table entries: 131072 (order: 8, 1048576 bytes)\r\n[    0.026461] Mount-cache hash table entries: 4096 (order: 3, 32768 bytes)\r\n[    0.027347] Mountpoint-cache hash table entries: 4096 (order: 3, 32768 bytes)\r\n[    0.028275] Initializing cgroup subsys memory\r\n[    0.029011] Initializing cgroup subsys devices\r\n[    0.029687] Initializing cgroup subsys freezer\r\n[    0.030427] Initializing cgroup subsys net_cls\r\n[    0.031095] Initializing cgroup subsys blkio\r\n[    0.032014] Initializing cgroup subsys perf_event\r\n[    0.032681] Initializing cgroup subsys net_prio\r\n[    0.033348] Initializing cgroup subsys hugetlb\r\n[    0.034924] mce: CPU supports 1 MCE banks\r\n[    0.036026] Last level iTLB entries: 4KB 1024, 2MB 1024, 4MB 1024\r\n[    0.036026] Last level dTLB entries: 4KB 1024, 2MB 1024, 4MB 1024, 1GB 4\r\n[    0.064014] ftrace: allocating 30124 entries in 118 pages\r\n[    0.072120] Switched APIC routing to physical flat.\r\n[    0.092912] ..TIMER: vector=0x30 apic1=0 pin1=2 apic2=-1 pin2=-1\r\n[    0.096004] smpboot: CPU0: Intel(R) Xeon(R) CPU E5-2673 v3 @ 2.40GHz (fam: 06, model: 3f, stepping: 02)\r\n[    0.112156] Performance Events: unsupported p6 CPU model 63 no PMU driver, software events only.\r\n[    0.125150] x86: Booted up 1 node, 1 CPUs\r\n[    0.128005] smpboot: Total of 1 processors activated (4788.91 BogoMIPS)\r\n[    0.132015] NMI watchdog: disabled (cpu0): hardware events not enabled\r\n[    0.141108] devtmpfs: initialized\r\n[    0.149298] evm: security.selinux\r\n[    0.152002] evm: security.SMACK64\r\n[    0.156002] evm: security.SMACK64EXEC\r\n[    0.160001] evm: security.SMACK64TRANSMUTE\r\n[    0.164005] evm: security.SMACK64MMAP\r\n[    0.168002] evm: security.ima\r\n[    0.172002] evm: security.capability\r\n[    0.176093] PM: Registering ACPI NVS region [mem 0x1ffff000-0x1fffffff] (4096 bytes)\r\n[    0.180252] pinctrl core: initialized pinctrl subsystem\r\n[    0.188002] RTC time: 17:11:12, date: 01/06/16\r\n[    0.196067] NET: Registered protocol family 16\r\n[    0.200199] cpuidle: using governor ladder\r\n[    0.204007] cpuidle: using governor menu\r\n[    0.208076] ACPI: bus type PCI registered\r\n[    0.212002] acpiphp: ACPI Hot Plug PCI Controller Driver version: 0.5\r\n[    0.216329] PCI: Using configuration type 1 for base access\r\n[    0.224354] ACPI: Added _OSI(Module Device)\r\n[    0.228002] ACPI: Added _OSI(Processor Device)\r\n[    0.232002] ACPI: Added _OSI(3.0 _SCP Extensions)\r\n[    0.236001] ACPI: Added _OSI(Processor Aggregator Device)\r\n[    0.242049] ACPI: Interpreter enabled\r\n[    0.244008] ACPI Exception: AE_NOT_FOUND, While evaluating Sleep State [\\_S1_] (20141107/hwxface-580)\r\n[    0.256005] ACPI Exception: AE_NOT_FOUND, While evaluating Sleep State [\\_S2_] (20141107/hwxface-580)\r\n[    0.268005] ACPI Exception: AE_NOT_FOUND, While evaluating Sleep State [\\_S3_] (20141107/hwxface-580)\r\n[    0.280005] ACPI Exception: AE_NOT_FOUND, While evaluating Sleep State [\\_S4_] (20141107/hwxface-580)\r\n[    0.292009] ACPI: (supports S0 S5)\r\n[    0.296001] ACPI: Using IOAPIC for interrupt routing\r\n[    0.300044] PCI: Using host bridge windows from ACPI; if necessary, use \"pci=nocrs\" and report a bug\r\n[    0.316088] ACPI: PCI Root Bridge [PCI0] (domain 0000 [bus 00-ff])\r\n[    0.320011] acpi PNP0A03:00: _OSC: OS supports [ASPM ClockPM Segments MSI]\r\n[    0.324008] acpi PNP0A03:00: _OSC failed (AE_NOT_FOUND); disabling ASPM\r\n[    0.328730] acpi PNP0A03:00: fail to add MMCONFIG information, can't access extended PCI configuration space under this bridge.\r\n[    0.332126] PCI host bridge to bus 0000:00\r\n[    0.336003] pci_bus 0000:00: root bus resource [bus 00-ff]\r\n[    0.340006] pci_bus 0000:00: root bus resource [mem 0xfe0000000-0xfffefffff]\r\n[    0.344004] pci_bus 0000:00: root bus resource [io  0x0000-0x0cf7]\r\n[    0.348003] pci_bus 0000:00: root bus resource [io  0x0d00-0xffff]\r\n[    0.352002] pci_bus 0000:00: root bus resource [mem 0x000a0000-0x000bffff]\r\n[    0.356002] pci_bus 0000:00: root bus resource [mem 0x20000000-0xfffbffff]\r\n[    0.363179] pci 0000:00:07.1: legacy IDE quirk: reg 0x10: [io  0x01f0-0x01f7]\r\n[    0.364004] pci 0000:00:07.1: legacy IDE quirk: reg 0x14: [io  0x03f6]\r\n[    0.368002] pci 0000:00:07.1: legacy IDE quirk: reg 0x18: [io  0x0170-0x0177]\r\n[    0.372002] pci 0000:00:07.1: legacy IDE quirk: reg 0x1c: [io  0x0376]\r\n[    0.376388] * Found PM-Timer Bug on the chipset. Due to workarounds for a bug,\r\n[    0.376388] * this clock source is slow. Consider trying other clock sources\r\n[    0.381461] pci 0000:00:07.3: quirk: [io  0x0400-0x043f] claimed by PIIX4 ACPI\r\n[    0.394013] ACPI: PCI Interrupt Link [LNKA] (IRQs 3 4 5 7 9 10 *11 12 14 15)\r\n[    0.414877] ACPI: PCI Interrupt Link [LNKB] (IRQs 3 4 5 7 9 10 11 12 14 15) *0, disabled.\r\n[    0.441624] ACPI: PCI Interrupt Link [LNKC] (IRQs 3 4 5 7 9 10 11 12 14 15) *0, disabled.\r\n[    0.469557] ACPI: PCI Interrupt Link [LNKD] (IRQs 3 4 5 7 9 10 11 12 14 15) *0, disabled.\r\n[    0.496221] ACPI: Enabled 1 GPEs in block 00 to 0F\r\n[    0.500178] vgaarb: setting as boot device: PCI:0000:00:08.0\r\n[    0.504000] vgaarb: device added: PCI:0000:00:08.0,decodes=io+mem,owns=io+mem,locks=none\r\n[    0.504004] vgaarb: loaded\r\n[    0.508004] vgaarb: bridge control possible 0000:00:08.0\r\n[    0.512241] SCSI subsystem initialized\r\n[    0.516102] ACPI: bus type USB registered\r\n[    0.520026] usbcore: registered new interface driver usbfs\r\n[    0.524016] usbcore: registered new interface driver hub\r\n[    0.528045] usbcore: registered new device driver usb\r\n[    0.532177] PCI: Using ACPI for IRQ routing\r\n[    0.536419] NetLabel: Initializing\r\n[    0.540010] NetLabel:  domain hash size = 128\r\n[    0.544002] NetLabel:  protocols = UNLABELED CIPSOv4\r\n[    0.548019] NetLabel:  unlabeled traffic allowed by default\r\n[    0.552122] Switched to clocksource hyperv_clocksource\r\n[    0.566899] AppArmor: AppArmor Filesystem Enabled\r\n[    0.578741] pnp: PnP ACPI init\r\n[    0.582412] system 00:06: [io  0x01e0-0x01ef] has been reserved\r\n[    0.586823] system 00:06: [io  0x0160-0x016f] has been reserved\r\n[    0.593711] system 00:06: [io  0x0278-0x027f] has been reserved\r\n[    0.604204] system 00:06: [io  0x0378-0x037f] has been reserved\r\n[    0.614128] system 00:06: [io  0x0678-0x067f] has been reserved\r\n[    0.624252] system 00:06: [io  0x0778-0x077f] has been reserved\r\n[    0.634896] system 00:06: [io  0x04d0-0x04d1] has been reserved\r\n[    0.644313] system 00:07: [io  0x0400-0x043f] has been reserved\r\n[    0.654843] system 00:07: [io  0x0370-0x0371] has been reserved\r\n[    0.664511] system 00:07: [io  0x0440-0x044f] has been reserved\r\n[    0.674277] system 00:07: [mem 0xfec00000-0xfec00fff] could not be reserved\r\n[    0.685591] system 00:07: [mem 0xfee00000-0xfee00fff] has been reserved\r\n[    0.696240] system 00:08: [mem 0x00000000-0x0009ffff] could not be reserved\r\n[    0.707207] system 00:08: [mem 0x000c0000-0x000dffff] could not be reserved\r\n[    0.718843] system 00:08: [mem 0x000e0000-0x000fffff] could not be reserved\r\n[    0.730175] system 00:08: [mem 0x00100000-0x1fffffff] could not be reserved\r\n[    0.742243] system 00:08: [mem 0xfffc0000-0xffffffff] has been reserved\r\n[    0.754716] pnp: PnP ACPI: found 9 devices\r\n[    0.767748] NET: Registered protocol family 2\r\n[    0.776165] TCP established hash table entries: 16384 (order: 5, 131072 bytes)\r\n[    0.787894] TCP bind hash table entries: 16384 (order: 6, 262144 bytes)\r\n[    0.798967] TCP: Hash tables configured (established 16384 bind 16384)\r\n[    0.810965] TCP: reno registered\r\n[    0.816866] UDP hash table entries: 1024 (order: 3, 32768 bytes)\r\n[    0.826716] UDP-Lite hash table entries: 1024 (order: 3, 32768 bytes)\r\n[    0.837585] NET: Registered protocol family 1\r\n[    0.845205] pci 0000:00:00.0: Limiting direct PCI/PCI transfers\r\n[    0.855437] Trying to unpack rootfs image as initramfs...\r\n[    1.803039] Freeing initrd memory: 27276K (ffff88001dcf3000 - ffff88001f796000)\r\n[    1.815625] PCI-DMA: Using software bounce buffering for IO (SWIOTLB)\r\n[    1.826211] software IO TLB [mem 0x19cf3000-0x1dcf3000] (64MB) mapped at [ffff880019cf3000-ffff88001dcf2fff]\r\n[    1.843730] microcode: CPU0 sig=0x306f2, pf=0x1, revision=0xffffffff\r\n[    1.854890] microcode: Microcode Update Driver: v2.00 <tigran@aivazian.fsnet.co.uk>, Peter Oruba\r\n[    1.869548] Scanning for low memory corruption every 60 seconds\r\n[    1.880348] futex hash table entries: 16384 (order: 8, 1048576 bytes)\r\n[    1.892024] Initialise system trusted keyring\r\n[    1.900113] audit: initializing netlink subsys (disabled)\r\n[    1.909761] audit: type=2000 audit(1452100273.908:1): initialized\r\n[    1.920154] HugeTLB registered 2 MB page size, pre-allocated 0 pages\r\n[    1.931914] zpool: loaded\r\n[    1.936815] zbud: loaded\r\n[    1.941714] VFS: Disk quotas dquot_6.5.2\r\n[    1.948685] VFS: Dquot-cache hash table entries: 512 (order 0, 4096 bytes)\r\n[    1.960655] fuse init (API version 7.23)\r\n[    1.967570] Key type big_key registered\r\n[    1.975200] Key type asymmetric registered\r\n[    1.982335] Asymmetric key parser 'x509' registered\r\n[    1.990695] Block layer SCSI generic (bsg) driver version 0.4 loaded (major 252)\r\n[    2.004511] io scheduler noop registered\r\n[    2.011661] io scheduler deadline registered (default)\r\n[    2.020701] io scheduler cfq registered\r\n[    2.026714] pci_hotplug: PCI Hot Plug PCI Core version: 0.5\r\n[    2.036727] pciehp: PCI Express Hot Plug Controller Driver version: 0.4\r\n[    2.047766] input: Power Button as /devices/LNXSYSTM:00/LNXPWRBN:00/input/input0\r\n[    2.060996] ACPI: Power Button [PWRF]\r\n[    2.067409] GHES: HEST is not enabled!\r\n[    2.074176] Serial: 8250/16550 driver, 32 ports, IRQ sharing enabled\r\n[    2.123955] 00:03: ttyS0 at I/O 0x3f8 (irq = 4, base_baud = 115200) is a 16550A\r\n[    2.194717] 00:04: ttyS1 at I/O 0x2f8 (irq = 3, base_baud = 115200) is a 16550A\r\n[    2.207560] Linux agpgart interface v0.103\r\n[    2.216215] brd: module loaded\r\n[    2.222672] loop: module loaded\r\n[    2.228530] ata_piix 0000:00:07.1: Hyper-V Virtual Machine detected, ATA device ignore set\r\n[    2.243882] scsi host0: ata_piix\r\n[    2.249852] scsi host1: ata_piix\r\n[    2.255951] ata1: PATA max UDMA/33 cmd 0x1f0 ctl 0x3f6 bmdma 0xffa0 irq 14\r\n[    2.267173] ata2: PATA max UDMA/33 cmd 0x170 ctl 0x376 bmdma 0xffa8 irq 15\r\n[    2.280179] libphy: Fixed MDIO Bus: probed\r\n[    2.287913] tun: Universal TUN/TAP device driver, 1.6\r\n[    2.296457] tun: (C) 1999-2004 Max Krasnyansky <maxk@qualcomm.com>\r\n[    2.307646] PPP generic driver version 2.4.2\r\n[    2.315885] ehci_hcd: USB 2.0 'Enhanced' Host Controller (EHCI) Driver\r\n[    2.327277] ehci-pci: EHCI PCI platform driver\r\n[    2.335168] ehci-platform: EHCI generic platform driver\r\n[    2.344084] ohci_hcd: USB 1.1 'Open' Host Controller (OHCI) Driver\r\n[    2.354473] ohci-pci: OHCI PCI platform driver\r\n[    2.363522] ohci-platform: OHCI generic platform driver\r\n[    2.372427] uhci_hcd: USB Universal Host Controller Interface driver\r\n[    2.383743] i8042: PNP: PS/2 Controller [PNP0303:PS2K,PNP0f03:PS2M] at 0x60,0x64 irq 1,12\r\n[    2.399985] serio: i8042 KBD port at 0x60,0x64 irq 1\r\n[    2.408537] serio: i8042 AUX port at 0x60,0x64 irq 12\r\n[    2.417152] mousedev: PS/2 mouse device common for all mice\r\n[    2.427164] rtc_cmos 00:00: RTC can wake from S4\r\n[    2.471185] input: AT Translated Set 2 keyboard as /devices/platform/i8042/serio0/input/input1\r\n[    2.485835] rtc_cmos 00:00: rtc core: registered rtc_cmos as rtc0\r\n[    2.496507] rtc_cmos 00:00: alarms up to one month, 114 bytes nvram\r\n[    2.507998] ata2.00: ATAPI: Virtual CD, , max MWDMA2\r\n[    2.517924] ata2.00: configured for MWDMA2\r\n[    2.525724] i2c /dev entries driver\r\n[    2.532116] device-mapper: uevent: version 1.0.3\r\n[    2.541507] scsi 1:0:0:0: CD-ROM            Msft     Virtual CD/ROM   1.0  PQ: 0 ANSI: 5\r\n[    2.554619] device-mapper: ioctl: 4.29.0-ioctl (2014-10-28) initialised: dm-devel@redhat.com\r\n[    2.570602] sr 1:0:0:0: [sr0] scsi3-mmc drive: 0x/0x tray\r\n[    2.579561] cdrom: Uniform CD-ROM driver Revision: 3.20\r\n[    2.589015] ledtrig-cpu: registered to indicate activity on CPUs\r\n[    2.600495] sr 1:0:0:0: Attached scsi generic sg0 type 5\r\n[    2.611145] PCCT header not found.\r\n[    2.617447] ACPI PCC probe failed.\r\n[    2.624641] TCP: cubic registered\r\n[    2.630768] NET: Registered protocol family 10\r\n[    2.638959] NET: Registered protocol family 17\r\n[    2.647708] Key type dns_resolver registered\r\n[    2.655300] Loading compiled-in X.509 certificates\r\n[    2.664312] Loaded X.509 cert 'Magrathea: Glacier signing key: a1bcecba7dcc569dc2530ed3f577c3d37fb21e63'\r\n[    2.679409] registered taskstats version 1\r\n[    2.687877] Key type trusted registered\r\n[    2.696855] Key type encrypted registered\r\n[    2.703796] AppArmor: AppArmor sha1 policy hashing enabled\r\n[    2.713318] ima: No TPM chip found, activating TPM-bypass!\r\n[    2.722863] evm: HMAC attrs: 0x1\r\n[    2.729859]   Magic number: 0:837:187\r\n[    2.736671] rtc_cmos 00:00: setting system clock to 2016-01-06 17:11:15 UTC (1452100275)\r\n[    2.751054] BIOS EDD facility v0.16 2004-Jun-25, 0 devices found\r\n[    2.761000] EDD information not available.\r\n[    2.771411] Freeing unused kernel memory: 1408K (ffffffff81d36000 - ffffffff81e96000)\r\n[    2.785173] Write protecting the kernel read-only data: 12288k\r\n[    2.795543] Freeing unused kernel memory: 172K (ffff8800017d5000 - ffff880001800000)\r\n[    2.810467] Freeing unused kernel memory: 332K (ffff880001bad000 - ffff880001c00000)\r\nLoading, please wait...\r\nstarting version 219\r\n[    2.849161] random: systemd-udevd urandom read with 3 bits of entropy available\r\n[    2.924849] Floppy drive(s): fd0 is 1.44M\r\n[    2.985441] FDC 0 is an 82078.\r\n[    3.071390] AVX2 version of gcm_enc/dec engaged.\r\n[    3.080888] AES CTR mode by8 optimization enabled\r\n[    3.164098] hv_vmbus: Hyper-V Host Build:9600-6.3-17-0.17039; Vmbus version:3.0\r\n[    3.400033] psmouse serio1: trackpoint: failed to get extended button data\r\n[    8.177848] hv_vmbus: registering driver hyperv_fb\r\n[    8.193460] hv_utils: Registering HyperV Utility Driver\r\n[    8.207142] hv_vmbus: registering driver hv_util\r\n[    8.219147] psmouse serio1: trackpoint: IBM TrackPoint firmware: 0x01, buttons: 0/0\r\n[    8.238638] hv_vmbus: registering driver hv_storvsc\r\n[    8.254562] input: TPPS/2 IBM TrackPoint as /devices/platform/i8042/serio1/input/input3\r\n[    8.279959] hyperv_fb: Screen resolution: 1152x864, Color depth: 32\r\n[    8.293511] Console: switching to colour frame buffer device 144x54\r\n[    8.314846] hv_vmbus: registering driver hv_netvsc\r\n[    8.424759] scsi host2: storvsc_host_t\r\n[    8.428915] scsi 2:0:0:0: Direct-Access     Msft     Virtual Disk     1.0  PQ: 0 ANSI: 4\r\n[    8.437121] sd 2:0:0:0: Attached scsi generic sg1 type 0\r\n[    8.441566] sd 2:0:0:0: [sda] 61440000 512-byte logical blocks: (31.4 GB/29.2 GiB)\r\n[    8.450995] sd 2:0:0:0: [sda] Write Protect is off\r\n[    8.459726] sd 2:0:0:0: [sda] Write cache: enabled, read cache: enabled, supports DPO and FUA\r\n[    8.477330] hv_netvsc: hv_netvsc channel opened successfully\r\n[    8.487654]  sda: sda1\r\n[    8.494130] sd 2:0:0:0: [sda] Attached SCSI disk\r\n[   10.161586] hv_netvsc vmbus_0_16: Send section size: 6144, Section count:2560\r\n[   10.174127] hv_netvsc vmbus_0_16: Device MAC 00:0d:3a:11:56:2d link state up\r\n[   10.289997] scsi host3: storvsc_host_t\r\n[   10.293406] scsi 3:0:1:0: Direct-Access     Msft     Virtual Disk     1.0  PQ: 0 ANSI: 4\r\n[   10.303850] sd 3:0:1:0: Attached scsi generic sg2 type 0\r\n[   10.313808] sd 3:0:1:0: [sdb] 146800640 512-byte logical blocks: (75.1 GB/70.0 GiB)\r\n[   10.327963] sd 3:0:1:0: [sdb] Write Protect is off\r\n[   10.339100] sd 3:0:1:0: [sdb] Write cache: enabled, read cache: enabled, supports DPO and FUA\r\n[   10.364858]  sdb: sdb1\r\n[   10.381275] sd 3:0:1:0: [sdb] Attached SCSI disk\r\n[   10.416626] scsi host4: storvsc_host_t\r\n[   10.423398] scsi 4:0:0:0: scsi scan: INQUIRY result too short (5), using 36\r\n[   10.434288] scsi 4:0:0:1: scsi scan: INQUIRY result too short (5), using 36\r\n[   10.446348] scsi 4:0:1:0: scsi scan: INQUIRY result too short (5), using 36\r\n[   10.457414] scsi 4:0:1:1: scsi scan: INQUIRY result too short (5), using 36\r\n[   10.468889] scsi 4:1:0:0: scsi scan: INQUIRY result too short (5), using 36\r\n[   10.482512] scsi 4:1:0:1: scsi scan: INQUIRY result too short (5), using 36\r\n[   10.493747] scsi 4:1:1:0: scsi scan: INQUIRY result too short (5), using 36\r\n[   10.501484] scsi 4:1:1:1: scsi scan: INQUIRY result too short (5), using 36\r\n[   10.514498] scsi 4:2:0:0: scsi scan: INQUIRY result too short (5), using 36\r\n[   10.529276] scsi 4:2:0:1: scsi scan: INQUIRY result too short (5), using 36\r\n[   10.540819] scsi 4:2:1:0: scsi scan: INQUIRY result too short (5), using 36\r\n[   10.552413] scsi host5: storvsc_host_t\r\n[   10.559483] scsi 4:2:1:1: scsi scan: INQUIRY result too short (5), using 36\r\n[   10.571331] scsi 5:0:0:0: scsi scan: INQUIRY result too short (5), using 36\r\n[   10.594102] scsi 4:3:0:0: scsi scan: INQUIRY result too short (5), using 36\r\n[   10.605842] scsi 5:0:0:1: scsi scan: INQUIRY result too short (5), using 36\r\n[   10.616022] scsi 4:3:0:1: scsi scan: INQUIRY result too short (5), using 36\r\n[   10.635545] scsi 5:0:1:0: scsi scan: INQUIRY result too short (5), using 36\r\n[   10.648169] scsi 5:0:1:1: scsi scan: INQUIRY result too short (5), using 36\r\n[   10.659753] scsi 4:3:1:0: scsi scan: INQUIRY result too short (5), using 36\r\n[   10.678562] scsi 5:1:0:0: scsi scan: INQUIRY result too short (5), using 36\r\n[   10.691753] scsi 4:3:1:1: scsi scan: INQUIRY result too short (5), using 36\r\n[   10.710062] scsi 5:1:0:1: scsi scan: INQUIRY result too short (5), using 36\r\n[   10.722247] scsi 4:4:0:0: scsi scan: INQUIRY result too short (5), using 36\r\n[   10.733693] scsi 5:1:1:0: scsi scan: INQUIRY result too short (5), using 36\r\n[   10.746061] scsi 4:4:0:1: scsi scan: INQUIRY result too short (5), using 36\r\n[   10.764524] scsi 5:1:1:1: scsi scan: INQUIRY result too short (5), using 36\r\n[   10.776608] scsi 4:4:1:0: scsi scan: INQUIRY result too short (5), using 36\r\n[   10.788811] scsi 5:2:0:0: scsi scan: INQUIRY result too short (5), using 36\r\n[   10.800979] scsi 4:4:1:1: scsi scan: INQUIRY result too short (5), using 36\r\n[   10.812347] scsi 5:2:0:1: scsi scan: INQUIRY result too short (5), using 36\r\n[   10.823918] scsi 4:5:0:0: scsi scan: INQUIRY result too short (5), using 36\r\n[   10.835040] scsi 5:2:1:0: scsi scan: INQUIRY result too short (5), using 36\r\n[   10.849083] scsi 4:5:0:1: scsi scan: INQUIRY result too short (5), using 36\r\n[   10.861448] scsi 5:2:1:1: scsi scan: INQUIRY result too short (5), using 36\r\n[   10.872086] scsi 4:5:1:0: scsi scan: INQUIRY result too short (5), using 36\r\n[   10.883720] scsi 5:3:0:0: scsi scan: INQUIRY result too short (5), using 36\r\n[   10.895052] scsi 4:5:1:1: scsi scan: INQUIRY result too short (5), using 36\r\n[   10.907395] scsi 5:3:0:1: scsi scan: INQUIRY result too short (5), using 36\r\n[   10.918974] scsi 4:6:0:0: scsi scan: INQUIRY result too short (5), using 36\r\n[   10.930273] scsi 5:3:1:0: scsi scan: INQUIRY result too short (5), using 36\r\n[   10.941145] scsi 4:6:0:1: scsi scan: INQUIRY result too short (5), using 36\r\n[   10.952042] scsi 5:3:1:1: scsi scan: INQUIRY result too short (5), using 36\r\n[   10.963564] scsi 4:6:1:0: scsi scan: INQUIRY result too short (5), using 36\r\n[   10.975817] scsi 5:4:0:0: scsi scan: INQUIRY result too short (5), using 36\r\n[   10.986596] scsi 4:6:1:1: scsi scan: INQUIRY result too short (5), using 36\r\n[   10.998710] scsi 5:4:0:1: scsi scan: INQUIRY result too short (5), using 36\r\n[   11.012389] scsi 4:7:0:0: scsi scan: INQUIRY result too short (5), using 36\r\n[   11.023620] scsi 5:4:1:0: scsi scan: INQUIRY result too short (5), using 36\r\n[   11.034363] scsi 4:7:0:1: scsi scan: INQUIRY result too short (5), using 36\r\n[   11.045558] scsi 5:4:1:1: scsi scan: INQUIRY result too short (5), using 36\r\n[   11.057487] scsi 4:7:1:0: scsi scan: INQUIRY result too short (5), using 36\r\n[   11.068433] scsi 5:5:0:0: scsi scan: INQUIRY result too short (5), using 36\r\n[   11.079054] scsi 4:7:1:1: scsi scan: INQUIRY result too short (5), using 36\r\n[   11.090082] scsi 5:5:0:1: scsi scan: INQUIRY result too short (5), using 36\r\n[   11.101640] scsi 5:5:1:0: scsi scan: INQUIRY result too short (5), using 36\r\n[   11.112803] scsi 5:5:1:1: scsi scan: INQUIRY result too short (5), using 36\r\n[   11.124683] scsi 5:6:0:0: scsi scan: INQUIRY result too short (5), using 36\r\n[   11.136217] scsi 5:6:0:1: scsi scan: INQUIRY result too short (5), using 36\r\n[   11.147495] scsi 5:6:1:0: scsi scan: INQUIRY result too short (5), using 36\r\n[   11.158434] scsi 5:6:1:1: scsi scan: INQUIRY result too short (5), using 36\r\n[   11.169409] scsi 5:7:0:0: scsi scan: INQUIRY result too short (5), using 36\r\n[   11.180054] scsi 5:7:0:1: scsi scan: INQUIRY result too short (5), using 36\r\n[   11.191861] scsi 5:7:1:0: scsi scan: INQUIRY result too short (5), using 36\r\n[   11.204131] scsi 5:7:1:1: scsi scan: INQUIRY result too short (5), using 36\r\nBegin: Loading essential drivers ... done.\r\r\nBegin: Running /scripts/init-premount ... done.\r\r\nBegin: Mounting root file system ... Begin: Running /scripts/local-top ... done.\r\r\nBegin: Running /scripts/local-premount ... done.\r\r\n[   13.328974] EXT4-fs (sda1): mounted filesystem with ordered data mode. Opts: (null)\r\nBegin: Running /scripts/local-bottom ... done.\r\r\ndone.\r\r\nBegin: Running /scripts/init-bottom ... done.\r\r\n[   14.146080] random: nonblocking pool is initialized\r\n[   17.257262] systemd[1]: Inserted module 'autofs4'\r\n[   18.186555] systemd[1]: systemd 219 running in system mode. (+PAM +AUDIT +SELINUX +IMA +APPARMOR +SMACK +SYSVINIT +UTMP +LIBCRYPTSETUP +GCRYPT -GNUTLS +ACL +XZ -LZ4 -SECCOMP +BLKID -ELFUTILS +KMOD -IDN)\r\n[   18.217664] systemd[1]: Detected virtualization microsoft.\r\n[   18.227845] systemd[1]: Detected architecture x86-64.\r\n\r\r\nWelcome to \u001b[1mUbuntu 15.04\u001b[0m!\r[   18.354203] systemd[1]: Set hostname to <xplatvm3>.\r\n\r\n\r\r\n-.mount\r\r\n[   19.535362] systemd[1]: Cannot add dependency job for unit sshd-keygen.service, ignoring: Unit sshd-keygen.service failed to load: No such file or directory.\r\n[   19.550910] systemd[1]: Cannot add dependency job for unit sshd-keygen.service, ignoring: Unit sshd-keygen.service failed to load: No such file or directory.\r\n[   19.570019] systemd[1]: Cannot add dependency job for unit display-manager.service, ignoring: Unit display-manager.service failed to load: No such file or directory.\r\n[   19.594123] systemd[1]: Time has been changed\r\n[\u001b[32m  OK  \u001b[0m]
[   19.604150] systemd[1]: Reached target Swap.\r\nReached target Swap.\r\r\n[   19.613715] systemd[1]: Starting Swap.\r\n[   19.619697] systemd[1]: Started Forward Password Requests to Wall Directory Watch.\r\n[   19.631410] systemd[1]: Starting Forward Password Requests to Wall Directory Watch.\r\n[\u001b[32m  OK  \u001b[0m]
[   19.645918] systemd[1]: Reached target Remote File Systems (Pre).\r\nReached target Remote File Systems (Pre).\r\r\n[   19.659322] systemd[1]: Starting Remote File Systems (Pre).\r\n[\u001b[32m  OK  \u001b[0m]
[   19.672021] systemd[1]: Created slice Root Slice.\r\nCreated slice Root Slice.\r\r\n[   19.682350] systemd[1]: Starting Root Slice.\r\n[\u001b[32m  OK  \u001b[0m] Listening on udev Control Socket.[   19.695719] systemd[1]: Listening on udev Control Socket.\r\n\r\r\n[   19.704959] systemd[1]: Starting udev Control Socket.\r\n[\u001b[32m  OK  \u001b[0m[   19.715588] systemd[1]: Listening on /dev/initctl Compatibility Named Pipe.\r\n] Listening on /dev/initctl Compatibility Named Pipe.\r\r\n[   19.731585] systemd[1]: Starting /dev/initctl Compatibility Named Pipe.\r\n[\u001b[32m  OK  \u001b[0m]
[   19.745452] systemd[1]: Created slice System Slice.\r\nCreated slice System Slice.\r\r\n[   19.756189] systemd[1]: Starting System Slice.\r\n[\u001b[32m  OK  \u001b[0m]
[   19.766633] systemd[1]: Created slice system-systemd\\x2dfsck.slice.\r\nCreated slice system-systemd\\x2dfsck.slice.\r\r\n[   19.780751] systemd[1]: Starting system-systemd\\x2dfsck.slice.\r\n[   19.789373] systemd[1]: Starting Increase datagram queue length...\r\n         Starting Increase datagram queue length...[   19.804283] systemd[1]: Listening on Delayed Shutdown Socket.\r\n\r\r\n[\u001b[32m  OK  \u001b[0m] Listening on Delayed Shutdown Socket.\r[   19.818932] systemd[1]: Starting Delayed Shutdown Socket.\r\n\r\n[\u001b[32m  OK  \u001b[0m[   19.832344] systemd[1]: Listening on fsck to fsckd communication Socket.\r\n] Listening on fsck to fsckd communication Socket.\r\r\n[   19.851396] systemd[1]: Starting fsck to fsckd communication Socket.\r\n[\u001b[32m  OK  \u001b[0m]
[   19.865696] systemd[1]: Listening on Journal Socket (/dev/log).\r\nListening on Journal Socket (/dev/log).\r\r\n[   19.880817] systemd[1]: Starting Journal Socket (/dev/log).\r\n[\u001b[32m  OK  \u001b[0m[   19.893097] systemd[1]: Reached target Encrypted Volumes.\r\n] Reached target Encrypted Volumes.\r\r\n[   19.907708] systemd[1]: Starting Encrypted Volumes.\r\n[\u001b[32m  OK  \u001b[0m[   19.919026] systemd[1]: Created slice system-serial\\x2dgetty.slice.\r\n] Created slice system-serial\\x2dgetty.slice.\r\r\n[   19.934894] systemd[1]: Starting system-serial\\x2dgetty.slice.\r\n[\u001b[32m  OK  \u001b[0m]
[   19.948551] systemd[1]: Listening on Journal Audit Socket.\r\nListening on Journal Audit Socket.\r\r\n[   19.963050] systemd[1]: Starting Journal Audit Socket.\r\n[\u001b[32m  OK  \u001b[0m[   19.974928] systemd[1]: Listening on udev Kernel Socket.\r\n] Listening on udev Kernel Socket.\r\r\n[   19.988558] systemd[1]: Starting udev Kernel Socket.\r\n[\u001b[32m  OK  \u001b[0m[   20.001063] systemd[1]: Created slice system-getty.slice.\r\n] Created slice system-getty.slice.\r\r\n[   20.015387] systemd[1]: Starting system-getty.slice.\r\n[\u001b[32m  OK  \u001b[0m]
[   20.027282] systemd[1]: Listening on Journal Socket.\r\nListening on Journal Socket.\r\r\n[   20.039691] systemd[1]: Starting Journal Socket.\r\n[   20.049925] systemd[1]: Mounting POSIX Message Queue File System...\r\n         Mounting POSIX Message Queue File System...[   20.066818] systemd[1]: Mounting Huge Pages File System...\r\n\r\r\n         Mounting Huge Pages File System...[   20.084067] systemd[1]: Starting Setup Virtual Console...\r\n\r\r\n         Starting Setup Virtual Console...\r\r\n[   20.112378] systemd[1]: Starting Load Kernel Modules...\r\n         Starting Load Kernel Modules...[   20.132706] systemd[1]: Started Read required files in advance.\r\n\r\r\n[   20.147895] systemd[1]: Mounting Debug File System...\r\n         Mounting Debug File System...[   20.167042] systemd[1]: Starting Uncomplicated firewall...\r\n\r\r\n         Starting Uncomplicated firewall...[   20.189344] systemd[1]: Starting Remount Root and Kernel File Systems...\r\n\r\r\n         Starting Remount Root and Kernel File Systems...[   20.217780] systemd[1]: Starting udev Coldplug all Devices...\r\n\r\r\n        
[   20.232875] systemd[1]: Starting Create list of required static device nodes for the current kernel...\r\nStarting udev Coldplug all Devices...\r\r\n         Starting Create list of required st... nodes for the current kernel...\r[   20.272818] systemd[1]: Starting Nameserver information manager...\r\n\r\n         Starting Nameserver information manager...[   20.294429] systemd[1]: Created slice User and Session Slice.\r\n\r\r\n[\u001b[32m  OK  \u001b[0m] Created slice User and Session Slice.\r[   20.311977] EXT4-fs (sda1): re-mounted. Opts: discard\r\n\r\n[   20.324039] systemd[1]: Starting User and Session Slice.\r\n[   20.339950] systemd[1]: Reached target Slices.\r\n[\u001b[32m  OK  \u001b[0m] Reached target Slices.\r\r\n[   20.356035] systemd[1]: Starting Slices.\r\n[   20.369183] systemd[1]: Set up automount Arbitrary Executable File Formats File System Automount Point.\r\n[\u001b[32m  OK  \u001b[0m] Set up automount Arbitrary Executab...ats File System Automount Point.\r\r\n[   20.396985] systemd[1]: Starting Arbitrary Executable File Formats File System Automount Point.\r\n[   20.422290] systemd[1]: Started Set Up Additional Binary Formats.\r\n[\u001b[32m  OK  \u001b[0m]
[   20.437490] systemd[1]: Mounted POSIX Message Queue File System.\r\nMounted POSIX Message Queue File System.\r\r\ndev-mqueue.mount\r\r\n[   20.458472] systemd[1]: Mounted Huge Pages File System.\r\n[\u001b[32m  OK  \u001b[0m] Mounted Huge Pages File System.\r\r\ndev-hugepages.mount[   20.480506] systemd[1]: Mounted Debug File System.\r\n\r\r\n[\u001b[32m  OK  \u001b[0m] Mounted Debug File System.\r\r\n[[   20.508576] systemd[1]: Started Increase datagram queue length.\r\n\u001b[32m  OK  \u001b[0m] Started Increase datagram queue length.\r\r\nsys-kernel-debug.mount[   20.532566] systemd[1]: Started Setup Virtual Console.\r\n\r\r\n[\u001b[32m  OK  \u001b[0m] Started Setup Virtual Console.\r[   20.552592] systemd[1]: Started Load Kernel Modules.\r\n\r\n[\u001b[32m  OK  \u001b[0m] Started Load Kernel Modules.\r\r\nsystemd-setup-dgram-qlen.service[   20.575433] systemd[1]: Started Uncomplicated firewall.\r\n\r\r\n[\u001b[32m  OK  \u001b[0m] Started Uncomplicated firewall.\r[   20.593290] systemd[1]: Started Remount Root and Kernel File Systems.\r\n\r\nsystemd-vconsole-setup.service\r\r\n[\u001b[32m  OK  \u001b[0m] Started Remount Root and Kernel File Systems.\r[   20.621135] systemd[1]: Started Create list of required static device nodes for the current kernel.\r\n\r\nsystemd-modules-load.service\r\r\n[\u001b[32m  OK  \u001b[0m] Started Create list of required sta...ce nodes for the current kernel.\r\r\nufw.service\r\r\nsystemd-remount-fs.service\r\r\n[   20.708109] systemd[1]: Started udev Coldplug all Devices.\r\nkmod-static-nodes.service\r\r\n[\u001b[32m  OK  \u001b[0m] Started udev Coldplug all Devices.\r[   20.732433] systemd[1]: Starting udev Wait for Complete Device Initialization...\r\n\r\nsystemd-udev-trigger.service\r\r\n         Starting udev Wait for Complete Device Initialization...[   20.762636] systemd[1]: Starting Create Static Device Nodes in /dev...\r\n\r\r\n         Starting Create Static Device Nodes in /dev...[   20.786086] systemd[1]: Starting Load/Save Random Seed...\r\n\r\r\n         Starting Load/Save Random Seed...\r\r\n[   20.805941] systemd[1]: Started Rebuild Hardware Database.\r\n[   20.816427] systemd[1]: Started Various fixups to make systemd work better on Debian.\r\n[   20.830005] systemd[1]: Starting Apply Kernel Variables...\r\n        
[   20.849182] systemd[1]: Mounted Configuration File System.\r\nStarting Apply Kernel Variables...\r\r\n[   20.860901] systemd[1]: Mounting FUSE Control File System...\r\n         Mounting FUSE Control File System...[   20.886169] systemd[1]: Listening on Syslog Socket.\r\n\r\r\n[\u001b[32m  OK  \u001b[0m] Listening on Syslog Socket.\r[   20.901381] systemd[1]: Starting Syslog Socket.\r\n\r\n[   20.914356] systemd[1]: Starting Journal Service...\r\n         Starting Journal Service...\r\r\n[\u001b[32m  OK  \u001b[0m] Mounted FUSE Control File System.\r\r\n[\u001b[32m  OK  \u001b[0m] Started Load/Save Random Seed.\r\r\n[\u001b[32m  OK  \u001b[0m] Started Apply Kernel Variables.\r\r\nsys-fs-fuse-connections.mount\r\r\n[\u001b[32m  OK  \u001b[0m] Started Nameserver information manager.\r\r\nsystemd-random-seed.service\r\r\nsystemd-sysctl.service\r\r\nresolvconf.service\r\r\n[\u001b[32m  OK  \u001b[0m] Started Create Static Device Nodes in /dev.\r\r\n         Starting udev Kernel Device Manager...\r\r\nsystemd-tmpfiles-setup-dev.service\r\r\n[\u001b[32m  OK  \u001b[0m] Started Journal Service.\r\r\n         Starting Flush Journal to Persistent Storage...\r\r\nsystemd-journald.service\r\r\n[\u001b[32m  OK  \u001b[0m] Started udev Kernel Device Manager.\r\r\n[\u001b[32m  OK  \u001b[0m] Reached target Paths.\r\r\nsystemd-udevd.service\r\r\n[\u001b[32m  OK  \u001b[0m] Started Flush Journal to Persistent Storage.\r\r\nsystemd-journal-flush.service\r\r\n[\u001b[32m  OK  \u001b[0m] Created slice system-ifup.slice.\r[   22.207758] piix4_smbus 0000:00:07.3: SMBus base address uninitialized - upgrade BIOS or use force_addr=0xaddr\r\n\r\n[\u001b[32m  OK  \u001b[0m] Found device /dev/ttyS0.\r\r\n[\u001b[32m  OK  \u001b[0m] Found device Virtual_Disk Temporary_Storage.\r\r\n[   22.850888] intel_rapl: no valid rapl domains found in package 0\r\n[\u001b[32m  OK  \u001b[0m] Started udev Wait for Complete Device Initialization.\r\r\n[\u001b[32m  OK  \u001b[0m] Reached target Local File Systems (Pre).\r\r\n         Mounting /etc/network/interfaces.dynamic.d...\r\r\n         Starting File System Check on /dev/disk/azure/resource-part1...\r\r\n         Starting Copy rules generated while the root was ro...\r\r\n[\u001b[32m  OK  \u001b[0m] Mounted /etc/network/interfaces.dynamic.d.\r\r\n[\u001b[32m  OK  \u001b[0m] Started Copy rules generated while the root was ro.\r\r\n[\u001b[32m  OK  \u001b[0m] Reached target Local File Systems.\r\r\n         Starting Tell Plymouth To Write Out Runtime Data...\r\r\nsystemd-udev-settle.service\r\r\n         Starting LSB: AppArmor initialization...\r\r\n         Starting Set console keymap...\r\r\n[\u001b[32m  OK  \u001b[0m] Reached target Remote File Systems.\r\r\n         Starting Create Volatile Files and Directories...\r\r\n         Starting Wait for all \"auto\" /etc/n... up for network-online.target...\r\r\n[\u001b[32m  OK  \u001b[0m] Started File System Check on /dev/disk/azure/resource-part1.\r\r\n         Mounting /mnt...\r\r\netc-network-interfaces.dynamic.d.mount\r\r\nudev-finish.service\r\r\nsystemd-fsck@dev-disk-azure-resource\\x2dpart1.service\r\r\n[\u001b[32m  OK  \u001b[0m] Started Create Volatile Files and Directories.\r\r\nsystemd-tmpfiles-setup.service\r\r\n         Starting Network Time Synchronization...\r\r\n         Starting Update UTMP about System Boot/Shutdown...\r\r\n[\u001b[32m  OK  \u001b[0m] Started Update UTMP about System Boot/Shutdown.\r\r\nsystemd-update-utmp.service\r\r\n[\u001b[32m  OK  \u001b[0m] Mounted /mnt.\r\r\nmnt.mount\r\r\n[\u001b[32m  OK  \u001b[0m] Started Tell Plymouth To Write Out Runtime Data.\r\r\n[\u001b[32m  OK  \u001b[0m] Started Set console keymap.\r\r\n[\u001b[32m  OK  \u001b[0m] Started Network Time Synchronization.\r\r\n[\u001b[32m  OK  \u001b[0m] Reached target System Time Synchronized.\r\r\nsystemd-timesyncd.service\r\r\n[\u001b[32m  OK  \u001b[0m] Started LSB: AppArmor initialization.\r\r\n         Starting LSB: Raise network interfaces....\r\r\n[\u001b[32m  OK  \u001b[0m] Started ifup for eth0.\r\r\n         Starting ifup for eth0...\r\r\napparmor.service\r\r\nifup@eth0.service\r\r\n[\u001b[32m  OK  \u001b[0m] Started LSB: Raise network interfaces..\r\r\n[\u001b[32m  OK  \u001b[0m] Reached target System Initialization.\r\r\n[\u001b[32m  OK  \u001b[0m] Listening on D-Bus System Message Bus Socket.\r\r\n         Starting Seed the pseudo random number generator on first boot...\r\r\n[\u001b[32m  OK  \u001b[0m] Listening on UUID daemon activation socket.\r\r\n[\u001b[32m  OK  \u001b[0m] Reached target Timers.\r\r\n[\u001b[32m  OK  \u001b[0m] Listening on ACPID Listen Socket.\r\r\n[\u001b[32m  OK  \u001b[0m] Reached target Sockets.\r\r\n[\u001b[32m  OK  \u001b[0m] Reached target Basic System.\r\r\n         Starting Initial cloud-init job (pre-networking)...\r\r\n[\u001b[32m  OK  \u001b[0m] Started Hyper-V VSS Protocol Daemon.\r\r\n         Starting Hyper-V VSS Protocol Daemon...\r\r\n         Starting LSB: Landscape client daemons...\r\r\n         Starting Restore /etc/resolv.conf i...e the ppp link was shut down....\r\r\n         Starting LSB: Record successful boot for GRUB...\r\r\n         Starting Thermal Daemon Service...\r\r\n[\u001b[32m  OK  \u001b[0m] Started Regular background program processing daemon.\r\r\n         Starting Regular background program processing daemon...\r\r\n[\u001b[32m  OK  \u001b[0m] Started Hyper-V File Copy Protocol Daemon.\r\r\n         Starting Hyper-V File Copy Protocol Daemon...\r\r\n         Starting Login Service...\r\r\n         Starting LSB: daemon to balance interrupts for SMP systems...\r\r\n         Starting System Logging Service...\r\r\n         Starting D-Bus System Message Bus...\r\r\n         Starting LSB: Starts the Micro Name Service Cache Daemon...\r\r\n         Starting LSB: automatic crash report generation...\r\r\n[\u001b[32m  OK  \u001b[0m] Started Hyper-V KVP Protocol Daemon.\r\r\n         Starting Hyper-V KVP Protocol Daemon...\r\r\n         Starting LSB: Set the CPU Frequency Scaling governor to \"ondemand\"...\r\r\n[\u001b[32m  OK  \u001b[0m] Started Deferred execution scheduler.\r\r\n         Starting Deferred execution scheduler...\r\r\n         Starting Accounts Service...\r\r\n[\u001b[32m  OK  \u001b[0m] Reached target Network.\r\r\n         Starting /etc/rc.local Compatibility...\r\r\n[\u001b[32m  OK  \u001b[0m] Started LSB: Landscape client daemons.\r\r\n[\u001b[32m  OK  \u001b[0m] Started Restore /etc/resolv.conf if...ore the ppp link was shut down..\r\r\n[\u001b[32m  OK  \u001b[0m] Started /etc/rc.local Compatibility.\r\r\nnetworking.service\r\r\n[\u001b[32m  OK  \u001b[0m] Started LSB: Set the CPU Frequency Scaling governor to \"ondemand\".\r\r\n[\u001b[32m  OK  \u001b[0m] Started Seed the pseudo random number generator on first boot.\r\r\n[\u001b[32m  OK  \u001b[0m] Started D-Bus System Message Bus.\r\r\nhv-vss-daemon.service\r\r\ncron.service\r\r\nhv-fcopy-daemon.service\r\r\nhv-kvp-daemon.service\r\r\natd.service\r\r\nlandscape-client.service\r\r\nrc-local.service\r\r\nondemand.service\r\r\n[\u001b[32m  OK  \u001b[0m] Started Thermal Daemon Service.\r\r\n[\u001b[32m  OK  \u001b[0m] Started LSB: Record successful boot for GRUB.\r\r\n[\u001b[32m  OK  \u001b[0m] Started LSB: daemon to balance interrupts for SMP systems.\r\r\n[\u001b[32m  OK  \u001b[0m] Started LSB: Starts the Micro Name Service Cache Daemon.\r\r\n[\u001b[32m  OK  \u001b[0m] Started LSB: automatic crash report generation.\r\r\n[\u001b[32m  OK  \u001b[0m] Started System Logging Service.\r\r\n[\u001b[32m  OK  \u001b[0m] Started Login Service.\r\r\nthermald.service\r\r\n         Starting Authenticate and Authorize Users to Run Privileged Tasks...\r\r\ndbus.service\r\r\ngrub-common.service\r\r\nirqbalance.service\r\r\nunscd.service\r\r\napport.service\r\r\n[\u001b[32m  OK  \u001b[0m] Started Wait for all \"auto\" /etc/ne...be up for network-online.target.\r\r\n[\u001b[32m  OK  \u001b[0m] Reached target Network is Online.\r\r\n         Starting LSB: Cleans up any mess left by 0dns-up...\r\r\nrsyslog.service\r\r\nsystemd-logind.service\r\r\nifup-wait-all-auto.service\r\r\n[\u001b[32m  OK  \u001b[0m] Started Authenticate and Authorize Users to Run Privileged Tasks.\r\r\n[\u001b[32m  OK  \u001b[0m] Started Accounts Service.\r\r\npolkitd.service\r\r\naccounts-daemon.service\r\r\n[\u001b[32m  OK  \u001b[0m] Started LSB: Cleans up any mess left by 0dns-up.\r\r\ndns-clean.service\r\r\n[   31.677256] cloud-init[598]: Cloud-init v. 0.7.7 running 'init-local' at Wed, 06 Jan 2016 17:11:45 +0000. Up 31.40 seconds.\r\r\n[\u001b[32m  OK  \u001b[0m] Started Initial cloud-init job (pre-networking).\r\r\ncloud-init-local.service\r\r\n         Starting Initial cloud-init job (metadata service crawler)...\r\r\n\u0000\u0000\u0000\u0000\u0000\u0000\u0000\u0000\u0000\u0000\u0000\u0000\u0000\u0000\u0000\u0000\u0000\u0000\u0000\u0000\u0000\u0000\u0000\u0000\u0000\u0000\u0000\u0000\u0000\u0000\u0000\u0000\u0000\u0000\u0000\u0000\u0000\u0000\u0000\u0000\u0000\u0000\u0000\u0000\u0000\u0000\u0000\u0000\u0000\u0000\u0000\u0000\u0000\u0000\u0000\u0000\u0000\u0000\u0000\u0000\u0000\u0000\u0000\u0000\u0000\u0000\u0000\u0000\u0000\u0000\u0000\u0000\u0000\u0000\u0000\u0000\u0000\u0000\u0000\u0000\u0000\u0000\u0000\u0000\u0000\u0000\u0000\u0000\u0000\u0000\u0000\u0000\u0000\u0000\u0000\u0000\u0000\u0000\u0000\u0000\u0000\u0000\u0000\u0000\u0000\u0000\u0000\u0000\u0000\u0000\u0000\u0000\u0000\u0000\u0000\u0000\u0000\u0000\u0000\u0000\u0000\u0000\u0000\u0000\u0000\u0000\u0000\u0000\u0000\u0000\u0000\u0000\u0000\u0000\u0000\u0000\u0000\u0000\u0000\u0000\u0000\u0000\u0000\u0000\u0000\u0000\u0000\u0000\u0000\u0000\u0000\u0000\u0000\u0000\u0000\u0000\u0000\u0000\u0000\u0000\u0000\u0000\u0000\u0000\u0000\u0000\u0000\u0000\u0000\u0000\u0000\u0000\u0000\u0000\u0000\u0000\u0000\u0000\u0000\u0000\u0000\u0000\u0000\u0000\u0000\u0000\u0000\u0000\u0000\u0000\u0000\u0000\u0000\u0000\u0000\u0000\u0000\u0000\u0000\u0000\u0000\u0000\u0000\u0000\u0000\u0000\u0000\u0000\u0000\u0000\u0000\u0000\u0000\u0000\u0000\u0000\u0000\u0000\u0000\u0000\u0000\u0000\u0000\u0000\u0000\u0000\u0000\u0000\u0000\u0000\u0000\u0000\u0000\u0000\u0000\u0000\u0000\u0000\u0000\u0000\u0000\u0000\u0000\u0000\u0000\u0000\u0000\u0000\u0000\u0000\u0000\u0000\u0000\u0000\u0000\u0000\u0000\u0000\u0000\u0000\u0000\u0000\u0000\u0000\u0000\u0000\u0000\u0000\u0000\u0000\u0000\u0000\u0000\u0000\u0000\u0000\u0000\u0000\u0000\u0000\u0000\u0000\u0000\u0000\u0000\u0000\u0000\u0000\u0000\u0000\u0000\u0000\u0000\u0000\u0000\u0000\u0000\u0000\u0000\u0000\u0000\u0000\u0000\u0000\u0000\u0000\u0000\u0000\u0000\u0000\u0000\u0000\u0000\u0000\u0000\u0000\u0000\u0000\u0000\u0000\u0000\u0000\u0000\u0000\u0000\u0000\u0000\u0000\u0000\u0000\u0000\u0000\u0000\u0000\u0000\u0000\u0000\u0000\u0000\u0000\u0000\u0000\u0000\u0000\u0000\u0000\u0000\u0000\u0000\u0000\u0000\u0000\u0000\u0000\u0000\u0000\u0000\u0000\u0000\u0000\u0000\u0000\u0000\u0000\u0000\u0000\u0000\u0000\u0000\u0000\u0000\u0000\u0000\u0000\u0000\u0000\u0000\u0000\u0000\u0000\u0000\u0000\u0000\u0000\u0000\u0000\u0000\u0000\u0000\u0000\u0000\u0000\u0000\u0000\u0000\u0000\u0000\u0000\u0000\u0000\u0000\u0000\u0000\u0000\u0000\u0000\u0000\u0000\u0000\u0000\u0000\u0000\u0000\u0000\u0000\u0000\u0000\u0000\u0000\u0000\u0000\u0000\u0000\u0000\u0000\u0000\u0000\u0000\u0000\u0000\u0000\u0000\u0000\u0000\u0000\u0000\u0000\u0000\u0000\u0000\u0000\u0000\u0000\u0000\u0000\u0000\u0000\u0000\u0000\u0000\u0000\u0000\u0000\u0000\u0000\u0000\u0000\u0000\u0000\u0000\u0000\u0000\u0000\u0000\u0000\u0000\u0000\u0000\u0000\u0000\u0000\u0000\u0000\u0000\u0000\u0000\u0000\u0000\u0000\u0000\u0000\u0000\u0000\u0000\u0000\u0000\u0000\u0000\u0000\u0000   33.448113] blk_update_request: I/O error, dev fd0, sector 0\r\n[   33.736091] blk_update_request: I/O error, dev fd0, sector 0\r\ntmp-tmpbvxo5i_a.mount\r\r\n[   34.081962] cloud-init[805]: + i=eth0\r\r\n[   34.092878] cloud-init[805]: + x=0\r\r\n[   34.093311] cloud-init[805]: + ifdown eth0\r\r\n[   34.137287] cloud-init[805]: Killed old client process\r\r\n   33.448113] blk_update_request: I/O error, dev fd0, sector 0\r\n[   33.736091] blk_update_request: I/O error, dev fd0, sector 0\r\ntmp-tmpbvxo5i_a.mount\r\r\n[   34.081962] cloud-init[805]: + i=eth0\r\r\n[   34.092878] cloud-init[805]: + x=0\r\r\n[   34.093311] cloud-init[805]: + ifdown eth0\r\r\n[   34.137287] cloud-init[805]: Killed old client process\r\r\n[   35.139571] cloud-init[805]: Internet Systems Consortium DHCP Client 4.3.1\r\r\n[   35.139821] cloud-init[805]: Copyright 2004-2014 Internet Systems Consortium.\r\r\n[   35.139977] cloud-init[805]: All rights reserved.\r\r\n[   35.140155] cloud-init[805]: For info, please visit https://www.isc.org/software/dhcp/\r\r\n[   35.140307] cloud-init[805]: Listening on LPF/eth0/00:0d:3a:11:56:2d\r\r\n[   35.140461] cloud-init[805]: Sending on   LPF/eth0/00:0d:3a:11:56:2d\r\r\n[   35.140612] cloud-init[805]: Sending on   Socket/fallback\r\r\n[   35.224228] cloud-init[805]: DHCPRELEASE on eth0 to 168.63.129.16 port 67 (xid=0x52186f81)\r\r\n[   35.297304] cloud-init[805]: + ifup eth0\r\r\n[   35.324574] cloud-init[805]: Internet Systems Consortium DHCP Client 4.3.1\r\r\n[   35.333165] cloud-init[805]: Copyright 2004-2014 Internet Systems Consortium.\r\r\n[   35.333522] cloud-init[805]: All rights reserved.\r\r\n[   35.333858] cloud-init[805]: For info, please visit https://www.isc.org/software/dhcp/\r\r\n[   35.338990] cloud-init[805]: Listening on LPF/eth0/00:0d:3a:11:56:2d\r\r\n[   35.339438] cloud-init[805]: Sending on   LPF/eth0/00:0d:3a:11:56:2d\r\r\n[   35.354809] cloud-init[805]: Sending on   Socket/fallback\r\r\n[   35.354958] cloud-init[805]: DHCPDISCOVER on eth0 to 255.255.255.255 port 67 interval 3 (xid=0x721fb017)\r\r\n[   35.375576] cloud-init[805]: DHCPREQUEST of 10.0.0.4 on eth0 to 255.255.255.255 port 67 (xid=0x17b01f72)\r\r\n[   35.375697] cloud-init[805]: DHCPOFFER of 10.0.0.4 from 168.63.129.16\r\r\n[   35.400679] cloud-init[805]: DHCPACK of 10.0.0.4 from 168.63.129.16\r\r\n[   36.256040] cloud-init[805]: bound to 10.0.0.4 -- renewal in 4294967295 seconds.\r\r\n[   36.291149] cloud-init[805]: + exit 0\r\r\n[\u001b[32m  OK  \u001b[0m] Started Windows Azure Linux Agent.\r\r\n         Starting Windows Azure Linux Agent...\r\r\nwalinuxagent.service\r\r\n2016/01/06 17:11:53 Windows Azure Linux Agent Version: WALinuxAgent-2.0.14\r\r\n2016/01/06 17:11:53 Linux Distribution Detected      : Ubuntu\r\r\n2016/01/06 17:11:53 Module /lib/modules/3.19.0-42-generic/kernel/drivers/ata/ata_piix.ko driver for ATAPI CD-ROM does not exist.\r\r\nmnt-cdrom-secure.mount\r\r\n2016/01/06 17:11:53 mount: /dev/sr0 is write-protected, mounting read-only\r\r\n2016/01/06 17:11:53 mount: /dev/sr0 mounted on /mnt/cdrom/secure.\r\r\n2016/01/06 17:11:53 mount succeeded on attempt #1\r\r\n2016/01/06 17:11:53 VMM Init script not found.  Provisioning for Azure\r\r\n2016/01/06 17:11:53 IPv4 address: 10.0.0.4\r\r\n2016/01/06 17:11:53 MAC  address: 00:0D:3A:11:56:2D\r\r\n2016/01/06 17:11:53 Probing for Windows Azure environment.\r\r\n2016/01/06 17:11:54 DoDhcpWork: Setting socket.timeout=10, entering recv\r\r\n2016/01/06 17:11:54 Discovered Windows Azure endpoint: 168.63.129.16\r\r\n2016/01/06 17:11:54 Fabric preferred wire protocol version: 2015-04-05\r\r\n2016/01/06 17:11:54 Negotiated wire protocol version: 2012-11-30\r\r\n2016/01/06 17:11:54 SetBlockDeviceTimeout: Update the device sda with timeout 300\r\r\n2016/01/06 17:11:54 SetBlockDeviceTimeout: Update the device sdb with timeout 300\r\r\n2016/01/06 17:11:55 Retrieved GoalState from Windows Azure Fabric.\r\r\n2016/01/06 17:11:55 ExpectedState: Started\r\r\n2016/01/06 17:11:55 ContainerId: f0363f78-0d28-46e7-b68a-6105ed8c6faa\r\r\n2016/01/06 17:11:55 RoleInstanceId: 1bb6d8e5-7655-48ca-bcac-50d6c0351eac._xplatvm\r\r\n2016/01/06 17:11:55 Public cert with thumbprint: 1CFC1AB82C3A82A7CF23F392FCC9EF49F2607B0C was retrieved.\r\r\n[   41.800094] blk_update_request: I/O error, dev fd0, sector 0\r\n2016/01/06 17:11:55 Posted Role Properties. CertificateThumbprint=ea5c494ea12e00fbd840440fe0c21d14\r\r\n[   41.840062] blk_update_request: I/O error, dev fd0, sector 0\r\n[   43.772614] cloud-init[805]: Cloud-init v. 0.7.7 running 'init' at Wed, 06 Jan 2016 17:11:46 +0000. Up 32.31 seconds.\r\r\n[   43.772790] cloud-init[805]: ci-info: ++++++++++++++++++++++++++++++++++++++Net device info++++++++++++++++++++++++++++++++++++++\r\r\n[   43.772922] cloud-init[805]: ci-info: +--------+------+-----------------------------+---------------+-------+-------------------+\r\r\n[   43.773030] cloud-init[805]: ci-info: | Device |  Up  |           Address           |      Mask     | Scope |     Hw-Address    |\r\r\n[   43.773136] cloud-init[805]: ci-info: +--------+------+-----------------------------+---------------+-------+-------------------+\r\r\n[   43.773235] cloud-init[805]: ci-info: |  eth0  | True |           10.0.0.4          | 255.255.255.0 |   .   | 00:0d:3a:11:56:2d |\r\r\n[   43.773322] cloud-init[805]: ci-info: |  eth0  | True | fe80::20d:3aff:fe11:562d/64 |       .       |  link | 00:0d:3a:11:56:2d |\r\r\n[   43.773457] cloud-init[805]: ci-info: |   lo   | True |          127.0.0.1          |   255.0.0.0   |   .   |         .         |\r\r\n[   43.773574] cloud-init[805]: ci-info: |   lo   | True |           ::1/128           |       .       |  host |         .         |\r\r\n[   43.773668] cloud-init[805]: ci-info: +--------+------+-----------------------------+---------------+-------+-------------------+\r\r\n[   43.773761] cloud-init[805]: ci-info: +++++++++++++++++++++++++++++Route IPv4 info++++++++++++++++++++++++++++++\r\r\n[   43.773866] cloud-init[805]: ci-info: +-------+---------------+----------+-----------------+-----------+-------+\r\r\n[   43.773961] cloud-init[805]: ci-info: | Route |  Destination  | Gateway  |     Genmask     | Interface | Flags |\r\r\n[   43.774050] cloud-init[805]: ci-info: +-------+---------------+----------+-----------------+-----------+-------+\r\r\n[   43.774135] cloud-init[805]: ci-info: |   0   |    0.0.0.0    | 10.0.0.1 |     0.0.0.0     |    eth0   |   UG  |\r\r\n[   43.774218] cloud-init[805]: ci-info: |   1   |    10.0.0.0   | 0.0.0.0  |  255.255.255.0  |    eth0   |   U   |\r\r\n[   43.774302] cloud-init[805]: ci-info: |   2   | 168.63.129.16 | 10.0.0.1 | 255.255.255.255 |    eth0   |  UGH  |\r\r\n[   43.774427] cloud-init[805]: ci-info: +-------+---------------+----------+-----------------+-----------+-------+\r\r\n[   43.786876] cloud-init[805]: Generating public/private rsa key pair.\r\r\n[   43.787062] cloud-init[805]: Your identification has been saved in /etc/ssh/ssh_host_rsa_key.\r\r\n[   43.787238] cloud-init[805]: Your public key has been saved in /etc/ssh/ssh_host_rsa_key.pub.\r\r\n[   43.787411] cloud-init[805]: The key fingerprint is:\r\r\n[   43.787568] cloud-init[805]: b0:4e:94:8a:67:10:4d:db:81:a7:a2:2d:55:78:ea:74 root@xplatvm\r\r\n[   43.787722] cloud-init[805]: The key's randomart image is:\r\r\n[   43.787876] cloud-init[805]: +---[RSA 2048]----+\r\r\n[   43.788052] cloud-init[805]: |  .+...          |\r\r\n[   43.788207] cloud-init[805]: |  ..=o.o         |\r\r\n[   43.788366] cloud-init[805]: |  .+.o=          |\r\r\n[   43.788546] cloud-init[805]: |  =oEo o         |\r\r\n[   43.788701] cloud-init[805]: | *.o+ o S        |\r\r\n[   43.788854] cloud-init[805]: |o oo o           |\r\r\n[   43.789006] cloud-init[805]: | .    .          |\r\r\n[   43.789178] cloud-init[805]: |                 |\r\r\n[   43.789300] cloud-init[805]: |                 |\r\r\n[   43.789447] cloud-init[805]: +-----------------+\r\r\n[   43.789627] cloud-init[805]: Generating public/private dsa key pair.\r\r\n[   43.795718] cloud-init[805]: Your identification has been saved in /etc/ssh/ssh_host_dsa_key.\r\r\n[   43.795932] cloud-init[805]: Your public key has been saved in /etc/ssh/ssh_host_dsa_key.pub.\r\r\n[   43.796138] cloud-init[805]: The key fingerprint is:\r\r\n[   43.796300] cloud-init[805]: 0a:01:4a:f0:d1:7f:bd:47:47:4a:4d:76:9c:a3:76:26 root@xplatvm\r\r\n[   43.796441] cloud-init[805]: The key's randomart image is:\r\r\n[   43.796622] cloud-init[805]: +---[DSA 1024]----+\r\r\n[   43.796774] cloud-init[805]: |o.o.         oo.o|\r\r\n[   43.796929] cloud-init[805]: |.o o.       ..o+.|\r\r\n[   43.797108] cloud-init[805]: |. . ..   . . o. .|\r\r\n[   43.797244] cloud-init[805]: |     .. . . oE.o |\r\r\n[   43.797377] cloud-init[805]: |    .  .S  o..+  |\r\r\n[   43.797544] cloud-init[805]: |     . .  . .    |\r\r\n[   43.797693] cloud-init[805]: |      .    .     |\r\r\n[   43.797843] cloud-init[805]: |                 |\r\r\n[   43.797975] cloud-init[805]: |                 |\r\r\n[   43.798156] cloud-init[805]: +-----------------+\r\r\n[   43.798302] cloud-init[805]: Generating public/private ecdsa key pair.\r\r\n[   43.798449] cloud-init[805]: Your identification has been saved in /etc/ssh/ssh_host_ecdsa_key.\r\r\n[   43.798622] cloud-init[805]: Your public key has been saved in /etc/ssh/ssh_host_ecdsa_key.pub.\r\r\n[   43.798776] cloud-init[805]: The key fingerprint is:\r\r\n[   43.798927] cloud-init[805]: 5c:44:28:04:b7:1e:74:69:77:07:03:b2:24:43:e4:54 root@xplatvm\r\r\n[   43.799089] cloud-init[805]: The key's randomart image is:\r\r\n[   43.799223] cloud-init[805]: +---[ECDSA 256]---+\r\r\n[   43.799357] cloud-init[805]: |    .=X.E++.o.   |\r\r\n[   43.799503] cloud-init[805]: |     =.*++. ...  |\r\r\n[   43.799679] cloud-init[805]: |      +o.... .   |\r\r\n[   43.805373] cloud-init[805]: |     . o .       |\r\r\n[   43.805525] cloud-init[805]: |      . S        |\r\r\n[   43.805642] cloud-init[805]: |                 |\r\r\n[   43.805757] cloud-init[805]: |                 |\r\r\n[   43.805898] cloud-init[805]: |                 |\r\r\n[   43.806068] cloud-init[805]: |                 |\r\r\n[   43.806166] cloud-init[805]: +-----------------+\r\r\n[   43.806261] cloud-init[805]: Generating public/private ed25519 key pair.\r\r\n[   43.806359] cloud-init[805]: Your identification has been saved in /etc/ssh/ssh_host_ed25519_key.\r\r\n[   43.806455] cloud-init[805]: Your public key has been saved in /etc/ssh/ssh_host_ed25519_key.pub.\r\r\n[   43.806550] cloud-init[805]: The key fingerprint is:\r\r\n[   43.806666] cloud-init[805]: 2c:e7:fe:de:ca:42:98:2b:27:26:dd:6f:ff:9e:d5:52 root@xplatvm\r\r\n[   43.806803] cloud-init[805]: The key's randomart image is:\r\r\n[   43.806911] cloud-init[805]: +--[ED25519 256]--+\r\r\n[   43.807016] cloud-init[805]: |                 |\r\r\n[   43.807134] cloud-init[805]: |                 |\r\r\n[   43.807227] cloud-init[805]: |                 |\r\r\n[   43.807331] cloud-init[805]: |       .         |\r\r\n[   43.807450] cloud-init[805]: |      .oS       E|\r\r\n[   43.807589] cloud-init[805]: |      o+.      o |\r\r\n[   43.807695] cloud-init[805]: |   . . o.     o .|\r\r\n[   43.807814] cloud-init[805]: |  . = +.o. . o . |\r\r\n[   43.807921] cloud-init[805]: |   o + oo=*+=    |\r\r\n[   43.808065] cloud-init[805]: +-----------------+\r\r\n[\u001b[32m  OK  \u001b[0m] Started Initial cloud-init job (metadata service crawler).\r\r\n[\u001b[32m  OK  \u001b[0m] Started OpenBSD Secure Shell server.\r\r\n         Starting OpenBSD Secure Shell server...\r\r\n[\u001b[32m  OK  \u001b[0m] Reached target Cloud-config availability.\r\r\n         Starting Apply the settings specified in cloud-config...\r\r\n         Starting Permit User Sessions...\r\r\n[\u001b[32m  OK  \u001b[0m] Started Permit User Sessions.\r\r\n         Starting Wait for Plymouth Boot Screen to Quit...\r\r\n         Starting Terminate Plymouth Boot Screen...\r\r\ncloud-init.service\r\r\n[\u001b[32m  OK  \u001b[0m] Stopped File System Check on /dev/disk/azure/resource-part1.\r\r\n         Stopping File System Check on /dev/disk/azure/resource-part1...\r\r\nssh.service\r\r\nsystemd-user-sessions.service\r\r\n[\u001b[32m  OK  \u001b[0m] Started Serial Getty on ttyS0.\r\n         Starting Serial Getty on ttyS0...\r\n[\u001b[32m  OK  \u001b[0m] Reached target Login Prompts.\r\n2016/01/06 17:11:59 Finished processing ExtensionsConfig.xml\r\n         Starting File System Check on /dev/disk/azure/resource-part1...\r\n[\u001b[32m  OK  \u001b[0m] Started File System Check on /dev/disk/azure/resource-part1.\r\n         Mounting /mnt...\r\n[\u001b[1;31mFAILED\u001b[0m] Failed to mount /mnt.\r\nSee \"systemctl status mnt.mount\" for details.\r\n[   50.380313] cloud-init[1097]: Generating locales...\r\n[   50.451174] cloud-init[1097]: en_US.UTF-8... up-to-date\r\n[   50.485135] cloud-init[1097]: Generation complete.\r\n\r\r\nUbuntu 15.04 xplatvm ttyS0\r\n\r\nxplatvm login:
[   53.645290] cloud-init[1097]: Cloud-init v. 0.7.7 running 'modules:config' at Wed, 06 Jan 2016 17:11:58 +0000. Up 44.80 seconds.\r\nci-info: ++Authorized keys from /home/azureuser/.ssh/authorized_keys for user azureuser+++\r\nci-info: +---------+-------------------------------------------------+---------+---------+\r\nci-info: | Keytype |                Fingerprint (md5)                | Options | Comment |\r\nci-info: +---------+-------------------------------------------------+---------+---------+\r\nci-info: | ssh-rsa | 8f:df:8f:18:ba:cd:cc:63:7c:1f:ea:ae:ba:09:40:65 |    -    |    -    |\r\nci-info: +---------+-------------------------------------------------+---------+---------+\r\nec2: \r\nec2: #############################################################\r\nec2: -----BEGIN SSH HOST KEY FINGERPRINTS-----\r\nec2: 1024 0a:01:4a:f0:d1:7f:bd:47:47:4a:4d:76:9c:a3:76:26 /etc/ssh/ssh_host_dsa_key.pub (DSA)\r\nec2: 256 5c:44:28:04:b7:1e:74:69:77:07:03:b2:24:43:e4:54 /etc/ssh/ssh_host_ecdsa_key.pub (ECDSA)\r\nec2: 256 2c:e7:fe:de:ca:42:98:2b:27:26:dd:6f:ff:9e:d5:52 /etc/ssh/ssh_host_ed25519_key.pub (ED25519)\r\nec2: 2048 b0:4e:94:8a:67:10:4d:db:81:a7:a2:2d:55:78:ea:74 /etc/ssh/ssh_host_rsa_key.pub (RSA)\r\nec2: -----END SSH HOST KEY FINGERPRINTS-----\r\nec2: #############################################################\r\n-----BEGIN SSH HOST KEY KEYS-----\r\necdsa-sha2-nistp256 AAAAE2VjZHNhLXNoYTItbmlzdHAyNTYAAAAIbmlzdHAyNTYAAABBBLVYkpYWVeqDyaMD3PINvsSVYfuAu72yi+TgcbZ1GfYSPSB7J7JRyETS03eQkSId/SCM3GzZz+nG+15wWC0jXzU= root@xplatvm\r\nssh-ed25519 AAAAC3NzaC1lZDI1NTE5AAAAIGjgxWpTvy5jOTRLdDtfXOqnAUzkww7c+Qzj4fcSMMD9 root@xplatvm\r\nssh-rsa AAAAB3NzaC1yc2EAAAADAQABAAABAQDF3fUkgPGtmf1OAIM2oBkT0qwU5vFMUAeHJ+ENa/9A0xcTIUNZYwrJHAn6q3kHQzfbgTi++520P0E/mVytQ0h76LjRuR0yL8RyXBRVGeDpZrXgn4PYl42YaaoH02p7eEuQkEpZndZWFVyVi/CAI2H4CvNq9ngJrNfisOXWZl7nkQQcRX2xXYk6NxlGOoZ830Byq43aF4B9SMJDNUoMAysAZc0+aZ30sry4gSKJsBD4N3PgQVaLzy1LWzADa0nDgLCaAtvuotzfgQP9TdQCpg2GKisLrXmb5AFdLVWeEoNYbMWLEwzF55/iCNPAFOp9A+4NOHlNTEs4jqCkU6LY9RDz root@xplatvm\r\n-----END SSH HOST KEY KEYS-----\r\n[   54.828081] cloud-init[1237]: Cloud-init v. 0.7.7 running 'modules:final' at Wed, 06 Jan 2016 17:12:08 +0000. Up 54.29 seconds.\r\n[   54.857755] cloud-init[1237]: Cloud-init v. 0.7.7 finished at Wed, 06 Jan 2016 17:12:08 +0000. Datasource DataSourceAzureNet [seed=/dev/sr0].  Up 54.80 seconds\r\n\u0000\u0000\u0000\u0000\u0000\u0000\u0000\u0000\u0000\u0000\u0000\u0000\u0000\u0000\u0000\u0000\u0000\u0000\u0000\u0000\u0000\u0000\u0000\u0000\u0000\u0000\u0000\u0000\u0000\u0000\u0000\u0000\u0000\u0000\u0000\u0000\u0000\u0000\u0000\u0000\u0000\u0000\u0000\u0000\u0000\u0000\u0000\u0000\u0000\u0000\u0000\u0000\u0000\u0000\u0000\u0000\u0000\u0000\u0000\u0000\u0000\u0000\u0000\u0000\u0000\u0000\u0000\u0000\u0000\u0000\u0000\u0000\u0000\u0000\u0000\u0000\u0000\u0000\u0000\u0000\u0000\u0000\u0000\u0000\u0000\u0000\u0000\u0000\u0000\u0000\u0000\u0000\u0000\u0000\u0000\u0000\u0000\u0000\u0000\u0000\u0000\u0000\u0000\u0000\u0000\u0000\u0000\u0000\u0000\u0000\u0000\u0000\u0000\u0000\u0000\u0000\u0000\u0000\u0000\u0000\u0000\u0000\u0000\u0000\u0000\u0000\u0000\u0000\u0000\u0000\u0000\u0000\u0000\u0000\u0000\u0000\u0000\u0000\u0000\u0000\u0000\u0000\u0000\u0000\u0000\u0000", { 'content-length': '65536',
  'last-modified': 'Wed, 06 Jan 2016 17:12:47 GMT',
  'accept-ranges': 'bytes',
  etag: '"0x8D316BC9943FC17"',
  server: 'Windows-Azure-Blob/1.0 Microsoft-HTTPAPI/2.0',
  'x-ms-request-id': '041f2855-0001-00f9-39a7-4830fe000000',
  'x-ms-version': '2015-02-21',
  'x-ms-lease-status': 'unlocked',
  'x-ms-lease-state': 'available',
  'x-ms-blob-type': 'PageBlob',
  'x-ms-blob-sequence-number': '0',
  date: 'Wed, 06 Jan 2016 17:27:29 GMT',
  connection: 'close' });
 return result; },
function (nock) { 
var result = 
nock('https://xplatteststorage18247.blob.core.windows.net:443')
  .get('/bootdiagnostics-xplatvm-fd1c8472-9371-49ea-ae10-448f11ab9ccd/xplatvm.fd1c8472-9371-49ea-ae10-448f11ab9ccd.serialconsole.log')
