// This file has been autogenerated.

var profile = require('../../../lib/util/profile');

exports.getMockedProfile = function () {
  var newProfile = new profile.Profile();

  newProfile.addSubscription(new profile.Subscription({
    id: '2c224e7e-3ef5-431d-a57b-e71f4662e3a6',
    name: 'Node CLI Test',
    user: {
      name: 'user@domain.example',
      type: 'user'
    },
    tenantId: '72f988bf-86f1-41af-91ab-2d7cd011db47',
    state: 'Enabled',
    registeredProviders: [],
    isDefault: true
  }, newProfile.environments['AzureCloud']));

  return newProfile;
};

exports.setEnvironment = function() {
  process.env['AZURE_VM_TEST_LOCATION'] = 'eastus';
  process.env['SSHCERT'] = 'test/myCert.pem';
};

exports.scopes = [[function (nock) { 
var result = 
nock('https://management.azure.com:443')
  .get('/subscriptions/2c224e7e-3ef5-431d-a57b-e71f4662e3a6/resourceGroups/xplatTestGVMCreate3424/providers/Microsoft.Compute/virtualMachines/xplatvm?$expand=instanceView&api-version=2016-03-30')
  .reply(200, "{\r\n  \"properties\": {\r\n    \"vmId\": \"f9d2fee8-368a-414d-b098-17f47f8cff10\",\r\n    \"availabilitySet\": {\r\n      \"id\": \"/subscriptions/2c224e7e-3ef5-431d-a57b-e71f4662e3a6/resourceGroups/xplatTestGVMCreate3424/providers/Microsoft.Compute/availabilitySets/XPLATTESTAAVAIL6270\"\r\n    },\r\n    \"hardwareProfile\": {\r\n      \"vmSize\": \"Standard_D1\"\r\n    },\r\n    \"storageProfile\": {\r\n      \"imageReference\": {\r\n        \"publisher\": \"canonical\",\r\n        \"offer\": \"UbuntuServer\",\r\n        \"sku\": \"15.10\",\r\n        \"version\": \"latest\"\r\n      },\r\n      \"osDisk\": {\r\n        \"osType\": \"Linux\",\r\n        \"name\": \"cli1c14f40b0859afe9-os-1471333729372\",\r\n        \"createOption\": \"FromImage\",\r\n        \"vhd\": {\r\n          \"uri\": \"https://xplatteststorage12584.blob.core.windows.net/xplatteststoragecnt15038/cli1c14f40b0859afe9-os-1471333729372.vhd\"\r\n        },\r\n        \"caching\": \"ReadWrite\"\r\n      },\r\n      \"dataDisks\": []\r\n    },\r\n    \"osProfile\": {\r\n      \"computerName\": \"xplatvm\",\r\n      \"adminUsername\": \"azureuser\",\r\n      \"linuxConfiguration\": {\r\n        \"disablePasswordAuthentication\": false,\r\n        \"ssh\": {\r\n          \"publicKeys\": [\r\n            {\r\n              \"path\": \"/home/azureuser/.ssh/authorized_keys\",\r\n              \"keyData\": \"MIID/zCCAuegAwIBAgIJAMUAa+XVLvAeMA0GCSqGSIb3DQEBBQUAMIGVMQswCQYD\\r\\nVQQGEwJJbjESMBAGA1UECAwJS2FybmF0YWthMRIwEAYDVQQHDAlCYW5nYWxvcmUx\\r\\nEDAOBgNVBAoMB2JyaWxsaW8xEjAQBgNVBAsMCW1pY3Jvc29mdDEQMA4GA1UEAwwH\\r\\nYnJpbGxpbzEmMCQGCSqGSIb3DQEJARYXc3JlZWthbnRoYnNAeWFob28uY28uaW4w\\r\\nHhcNMTUwMzA1MTE1MzEyWhcNMTYwMzA0MTE1MzEyWjCBlTELMAkGA1UEBhMCSW4x\\r\\nEjAQBgNVBAgMCUthcm5hdGFrYTESMBAGA1UEBwwJQmFuZ2Fsb3JlMRAwDgYDVQQK\\r\\nDAdicmlsbGlvMRIwEAYDVQQLDAltaWNyb3NvZnQxEDAOBgNVBAMMB2JyaWxsaW8x\\r\\nJjAkBgkqhkiG9w0BCQEWF3NyZWVrYW50aGJzQHlhaG9vLmNvLmluMIIBIjANBgkq\\r\\nhkiG9w0BAQEFAAOCAQ8AMIIBCgKCAQEAyUNKaOuT0NK+S8Ck81zy9xJ6hXfZvAC6\\r\\nlhbmf/6s/WVimJ/TX5NMhQJwC9k6ZIF92KfYrojHNvHDufSZ3EtKUVwRFCDjmgMT\\r\\nDL09WkGaZt7gROYFK0iZ4KrYGovUwlwum9fHB24OJiOV4bi0ek62/rHx9fjYZpvp\\r\\naIH2PV/hN8SCZ0x7HJMberD4gVoU/Kv42nNvwjLUW6IZfVx/Gv5OeFDtWHfSvUEF\\r\\ndadHKTPn3Ab20Iu6gZIbLO9Vuf38/IpaYGfnFCouHdzmiTiLieYNe3CUPcOJNSv7\\r\\n1G8KYpx3uNJRkJPab5OsRyJw75Gvzkr9OgaPss9tVD6Gt68u3WQtVQIDAQABo1Aw\\r\\nTjAdBgNVHQ4EFgQUogvhXB+xZ2JJPfLO6cVs4ForzscwHwYDVR0jBBgwFoAUogvh\\r\\nXB+xZ2JJPfLO6cVs4ForzscwDAYDVR0TBAUwAwEB/zANBgkqhkiG9w0BAQUFAAOC\\r\\nAQEAdDj7qUNJ45xlF5cjd+4x5NHvAD1VTjOKu+Xh/uzSSjXqB2F0aOMWA9lx0qaQ\\r\\noJgHkGxj3zz/W7ik/cVGL2O+vRIOKv/y0OPogEmS3Hw+P+O6OGE7x1G6YN0zLVoL\\r\\nu4BN/BEYmjttxM9I7qqL7C5cJoE+K3s/w1/pt/68ohJcr7F9Ohi7cso62xuGY1Rm\\r\\nksAh2EUDsU9JV/P+C9AMpLSrb03JJYzVj4w1RHbrmw2AjFyGXdQYkggyXisg+Ifr\\r\\n5gbNN7HigpHf7b2i3CQBUqp9m23frh5AhnLI2qp3UXgc52U5ieLdi/t6j0TTZqqY\\r\\nHhHqofKrj938HHlBNpC5/LVh3w==\\r\\n\"\r\n            }\r\n          ]\r\n        }\r\n      },\r\n      \"secrets\": []\r\n    },\r\n    \"networkProfile\": {\"networkInterfaces\":[{\"id\":\"/subscriptions/2c224e7e-3ef5-431d-a57b-e71f4662e3a6/resourceGroups/xplatTestGVMCreate3424/providers/Microsoft.Network/networkInterfaces/xplattestnic\"}]},\r\n    \"diagnosticsProfile\": {\r\n      \"bootDiagnostics\": {\r\n        \"enabled\": true,\r\n        \"storageUri\": \"https://xplatteststorage12584.blob.core.windows.net/\"\r\n      }\r\n    },\r\n    \"provisioningState\": \"Succeeded\",\r\n    \"instanceView\": {\r\n      \"platformUpdateDomain\": 0,\r\n      \"platformFaultDomain\": 0,\r\n      \"vmAgent\": {\r\n        \"vmAgentVersion\": \"2.1.3\",\r\n        \"statuses\": [\r\n          {\r\n            \"code\": \"ProvisioningState/succeeded\",\r\n            \"level\": \"Info\",\r\n            \"displayStatus\": \"Ready\",\r\n            \"message\": \"Guest Agent is running\",\r\n            \"time\": \"2016-08-16T07:58:26+00:00\"\r\n          }\r\n        ],\r\n        \"extensionHandlers\": []\r\n      },\r\n      \"disks\": [\r\n        {\r\n          \"name\": \"cli1c14f40b0859afe9-os-1471333729372\",\r\n          \"statuses\": [\r\n            {\r\n              \"code\": \"ProvisioningState/succeeded\",\r\n              \"level\": \"Info\",\r\n              \"displayStatus\": \"Provisioning succeeded\",\r\n              \"time\": \"2016-08-16T07:48:51.8715928+00:00\"\r\n            }\r\n          ]\r\n        }\r\n      ],\r\n      \"bootDiagnostics\": {\r\n        \"consoleScreenshotBlobUri\": \"https://xplatteststorage12584.blob.core.windows.net/bootdiagnostics-xplatvm-f9d2fee8-368a-414d-b098-17f47f8cff10/xplatvm.f9d2fee8-368a-414d-b098-17f47f8cff10.screenshot.bmp\",\r\n        \"serialConsoleLogBlobUri\": \"https://xplatteststorage12584.blob.core.windows.net/bootdiagnostics-xplatvm-f9d2fee8-368a-414d-b098-17f47f8cff10/xplatvm.f9d2fee8-368a-414d-b098-17f47f8cff10.serialconsole.log\"\r\n      },\r\n      \"statuses\": [\r\n        {\r\n          \"code\": \"ProvisioningState/succeeded\",\r\n          \"level\": \"Info\",\r\n          \"displayStatus\": \"Provisioning succeeded\",\r\n          \"time\": \"2016-08-16T07:50:40.9795476+00:00\"\r\n        },\r\n        {\r\n          \"code\": \"PowerState/running\",\r\n          \"level\": \"Info\",\r\n          \"displayStatus\": \"VM running\"\r\n        }\r\n      ]\r\n    }\r\n  },\r\n  \"id\": \"/subscriptions/2c224e7e-3ef5-431d-a57b-e71f4662e3a6/resourceGroups/xplatTestGVMCreate3424/providers/Microsoft.Compute/virtualMachines/xplatvm\",\r\n  \"name\": \"xplatvm\",\r\n  \"type\": \"Microsoft.Compute/virtualMachines\",\r\n  \"location\": \"eastus\",\r\n  \"tags\": {\r\n    \"a\": \"b\",\r\n    \"b\": \"c\",\r\n    \"d\": \"\"\r\n  }\r\n}", { 'cache-control': 'no-cache',
  pragma: 'no-cache',
  'content-length': '5207',
  'content-type': 'application/json; charset=utf-8',
  expires: '-1',
  'strict-transport-security': 'max-age=31536000; includeSubDomains',
  'x-ms-served-by': 'f1952173-7412-4020-8c98-fffca6509750_131118073625769552',
  'x-ms-request-id': 'a8af3361-9001-4bbb-b980-6131f7e6d3f3',
  server: 'Microsoft-HTTPAPI/2.0',
  'x-ms-ratelimit-remaining-subscription-reads': '14815',
  'x-ms-correlation-request-id': '96a188a6-5293-4e88-9e66-e03e546d9b1e',
  'x-ms-routing-request-id': 'WESTEUROPE:20160816T075832Z:96a188a6-5293-4e88-9e66-e03e546d9b1e',
  date: 'Tue, 16 Aug 2016 07:58:31 GMT' });
 return result; },
function (nock) { 
var result = 
nock('https://management.azure.com:443')
  .post('/subscriptions/2c224e7e-3ef5-431d-a57b-e71f4662e3a6/resourceGroups/xplatTestGVMCreate3424/providers/Microsoft.Storage/storageAccounts/xplatteststorage12584/listKeys?api-version=2016-01-01')
  .reply(200, "{\"keys\":[{\"keyName\":\"key1\",\"permissions\":\"Full\",\"value\":\"Soj1ZejNbCvRBJa/ZXFraNK7N06jaUhc+HiUtw5xgBl3Abdrrzp0tw9ushzVJquyJRpgg9cEaLai2BB0ktZNrg==\"},{\"keyName\":\"key2\",\"permissions\":\"Full\",\"value\":\"lruuMBjhMa5gwhEPuXnJCFbsIYCItyfzqReqUfXCnoFiZPshnAacaIVl/eMYyQP9ve2Zu4R9y9T20oyWsgSDlQ==\"}]}\n", { 'cache-control': 'no-cache',
  pragma: 'no-cache',
  'content-length': '289',
  'content-type': 'application/json',
  expires: '-1',
  'x-ms-request-id': '39d3a57c-c49d-472c-ad68-5e75a06e6f69',
  server: 'Microsoft-Azure-Storage-Resource-Provider/1.0',
  'x-ms-ratelimit-remaining-subscription-writes': '1192',
  'x-ms-correlation-request-id': '39d3a57c-c49d-472c-ad68-5e75a06e6f69',
  'x-ms-routing-request-id': 'WESTEUROPE:20160816T075832Z:39d3a57c-c49d-472c-ad68-5e75a06e6f69',
  'strict-transport-security': 'max-age=31536000; includeSubDomains',
  date: 'Tue, 16 Aug 2016 07:58:32 GMT' });
 return result; },
function (nock) { 
var result = 
nock('https://xplatteststorage12584.blob.core.windows.net:443')
  .head('/bootdiagnostics-xplatvm-f9d2fee8-368a-414d-b098-17f47f8cff10/xplatvm.f9d2fee8-368a-414d-b098-17f47f8cff10.serialconsole.log')
  .reply(200, "", { 'content-length': '66560',
  'content-type': 'text/plain',
  'last-modified': 'Tue, 16 Aug 2016 07:56:24 GMT',
  'accept-ranges': 'bytes',
  etag: '"0x8D3C5AAD19168F6"',
  server: 'Windows-Azure-Blob/1.0 Microsoft-HTTPAPI/2.0',
  'x-ms-request-id': 'f57b189d-0001-0135-3c93-f73375000000',
  'x-ms-version': '2015-04-05',
  'x-ms-write-protection': 'false',
  'x-ms-lease-status': 'unlocked',
  'x-ms-lease-state': 'available',
  'x-ms-blob-type': 'PageBlob',
  'x-ms-blob-sequence-number': '0',
  date: 'Tue, 16 Aug 2016 07:58:31 GMT' });
 return result; },
function (nock) { 
var result = 
nock('https://xplatteststorage12584.blob.core.windows.net:443')
  .get('/bootdiagnostics-xplatvm-f9d2fee8-368a-414d-b098-17f47f8cff10/xplatvm.f9d2fee8-368a-414d-b098-17f47f8cff10.serialconsole.log')
  .reply(200, "\u001b[H\u001b[J\u001b[1;1H[    0.000000] Initializing cgroup subsys cpuset\r\n[    0.000000] Initializing cgroup subsys cpu\r\n[    0.000000] Initializing cgroup subsys cpuacct\r\n[    0.000000] Linux version 4.2.0-41-generic (buildd@lgw01-52) (gcc version 5.2.1 20151010 (Ubuntu 5.2.1-22ubuntu2) ) #48-Ubuntu SMP Fri Jun 24 11:28:43 UTC 2016 (Ubuntu 4.2.0-41.48-generic 4.2.8-ckt11)\r\n[    0.000000] Command line: BOOT_IMAGE=/boot/vmlinuz-4.2.0-41-generic root=UUID=c6ca03a3-2d7b-430b-8769-5d086ee49acc ro console=tty1 console=ttyS0 earlyprintk=ttyS0 rootdelay=300\r\n[    0.000000] KERNEL supported cpus:\r\n[    0.000000]   Intel GenuineIntel\r\n[    0.000000]   AMD AuthenticAMD\r\n[    0.000000]   Centaur CentaurHauls\r\n[    0.000000] x86/fpu: xstate_offset[2]: 0240, xstate_sizes[2]: 0100\r\n[    0.000000] x86/fpu: Supporting XSAVE feature 0x01: 'x87 floating point registers'\r\n[    0.000000] x86/fpu: Supporting XSAVE feature 0x02: 'SSE registers'\r\n[    0.000000] x86/fpu: Supporting XSAVE feature 0x04: 'AVX registers'\r\n[    0.000000] x86/fpu: Enabled xstate features 0x7, context size is 0x340 bytes, using 'standard' format.\r\n[    0.000000] x86/fpu: Using 'eager' FPU context switches.\r\n[    0.000000] e820: BIOS-provided physical RAM map:\r\n[    0.000000] BIOS-e820: [mem 0x0000000000000000-0x000000000009fbff] usable\r\n[    0.000000] BIOS-e820: [mem 0x000000000009fc00-0x000000000009ffff] reserved\r\n[    0.000000] BIOS-e820: [mem 0x00000000000e0000-0x00000000000fffff] reserved\r\n[    0.000000] BIOS-e820: [mem 0x0000000000100000-0x000000001ffeffff] usable\r\n[    0.000000] BIOS-e820: [mem 0x000000001fff0000-0x000000001fffefff] ACPI data\r\n[    0.000000] BIOS-e820: [mem 0x000000001ffff000-0x000000001fffffff] ACPI NVS\r\n[    0.000000] BIOS-e820: [mem 0x0000000100000000-0x00000001bfffffff] usable\r\n[    0.000000] bootconsole [earlyser0] enabled\r\n[    0.000000] NX (Execute Disable) protection: active\r\n[    0.000000] SMBIOS 2.3 present.\r\n[    0.000000] Hypervisor detected: Microsoft HyperV\r\n[    0.000000] HyperV: features 0xe7f, hints 0x2c\r\n[    0.000000] HyperV: LAPIC Timer Frequency: 0xc3500\r\n[    0.000000] clocksource: hyperv_clocksource: mask: 0xffffffffffffffff max_cycles: 0x24e6a1710, max_idle_ns: 440795202120 ns\r\n[    0.000000] tsc: Marking TSC unstable due to running on Hyper-V\r\n[    0.000000] e820: last_pfn = 0x1c0000 max_arch_pfn = 0x400000000\r\n[    0.000000] x86/PAT: Configuration [0-7]: WB  WC  UC- UC  WB  WC  UC- WT  \r\n[    0.000000] e820: last_pfn = 0x1fff0 max_arch_pfn = 0x400000000\r\n[    0.000000] found SMP MP-table at [mem 0x000ff780-0x000ff78f] mapped at [ffff8800000ff780]\r\n[    0.000000] Scanning 1 areas for low memory corruption\r\n[    0.000000] init_memory_mapping: [mem 0x00000000-0x000fffff]\r\n[    0.000000] init_memory_mapping: [mem 0x1bfe00000-0x1bfffffff]\r\n[    0.000000] init_memory_mapping: [mem 0x1a0000000-0x1bfdfffff]\r\n[    0.000000] init_memory_mapping: [mem 0x00100000-0x1ffeffff]\r\n[    0.000000] init_memory_mapping: [mem 0x100000000-0x19fffffff]\r\n[    0.000000] RAMDISK: [mem 0x1d9ba000-0x1f789fff]\r\n[    0.000000] ACPI: Early table checksum verification disabled\r\n[    0.000000] ACPI: RSDP 0x00000000000F56F0 000014 (v00 ACPIAM)\r\n[    0.000000] ACPI: RSDT 0x000000001FFF0000 000040 (v01 VRTUAL MICROSFT 05001223 MSFT 00000097)\r\n[    0.000000] ACPI: FACP 0x000000001FFF0200 000081 (v02 VRTUAL MICROSFT 05001223 MSFT 00000097)\r\n[    0.000000] ACPI: DSDT 0x000000001FFF1724 002E78 (v01 MSFTVM MSFTVM02 00000002 INTL 02002026)\r\n[    0.000000] ACPI: FACS 0x000000001FFFF000 000040\r\n[    0.000000] ACPI: WAET 0x000000001FFF1480 000028 (v01 VRTUAL MICROSFT 05001223 MSFT 00000097)\r\n[    0.000000] ACPI: SLIC 0x000000001FFF14C0 000176 (v01 VRTUAL MICROSFT 05001223 MSFT 00000097)\r\n[    0.000000] ACPI: OEM0 0x000000001FFF16C0 000064 (v01 VRTUAL MICROSFT 05001223 MSFT 00000097)\r\n[    0.000000] ACPI: SRAT 0x000000001FFF0600 000090 (v02 VRTUAL MICROSFT 00000001 MSFT 00000001)\r\n[    0.000000] ACPI: APIC 0x000000001FFF0300 00024C (v01 VRTUAL MICROSFT 05001223 MSFT 00000097)\r\n[    0.000000] ACPI: OEMB 0x000000001FFFF040 000064 (v01 VRTUAL MICROSFT 05001223 MSFT 00000097)\r\n[    0.000000] SRAT: PXM 0 -> APIC 0x00 -> Node 0\r\n[    0.000000] SRAT: Node 0 PXM 0 [mem 0x00000000-0x1fffffff]\r\n[    0.000000] SRAT: Node 0 PXM 0 [mem 0x100000000-0x1bfffffff]\r\n[    0.000000] NUMA: Node 0 [mem 0x00000000-0x1fffffff] + [mem 0x100000000-0x1bfffffff] -> [mem 0x00000000-0x1bfffffff]\r\n[    0.000000] NODE_DATA(0) allocated [mem 0x1bfffa000-0x1bfffefff]\r\n[    0.000000] Zone ranges:\r\n[    0.000000]   DMA      [mem 0x0000000000001000-0x0000000000ffffff]\r\n[    0.000000]   DMA32    [mem 0x0000000001000000-0x00000000ffffffff]\r\n[    0.000000]   Normal   [mem 0x0000000100000000-0x00000001bfffffff]\r\n[    0.000000] Movable zone start for each node\r\n[    0.000000] Early memory node ranges\r\n[    0.000000]   node   0: [mem 0x0000000000001000-0x000000000009efff]\r\n[    0.000000]   node   0: [mem 0x0000000000100000-0x000000001ffeffff]\r\n[    0.000000]   node   0: [mem 0x0000000100000000-0x00000001bfffffff]\r\n[    0.000000] Initmem setup node 0 [mem 0x0000000000001000-0x00000001bfffffff]\r\n[    0.000000] ACPI: PM-Timer IO Port: 0x408\r\n[    0.000000] IOAPIC[0]: apic_id 0, version 17, address 0xfec00000, GSI 0-23\r\n[    0.000000] ACPI: INT_SRC_OVR (bus 0 bus_irq 0 global_irq 2 dfl dfl)\r\n[    0.000000] ACPI: INT_SRC_OVR (bus 0 bus_irq 9 global_irq 9 high level)\r\n[    0.000000] Using ACPI (MADT) for SMP configuration information\r\n[    0.000000] smpboot: Allowing 64 CPUs, 63 hotplug CPUs\r\n[    0.000000] PM: Registered nosave memory: [mem 0x00000000-0x00000fff]\r\n[    0.000000] PM: Registered nosave memory: [mem 0x0009f000-0x0009ffff]\r\n[    0.000000] PM: Registered nosave memory: [mem 0x000a0000-0x000dffff]\r\n[    0.000000] PM: Registered nosave memory: [mem 0x000e0000-0x000fffff]\r\n[    0.000000] PM: Registered nosave memory: [mem 0x1fff0000-0x1fffefff]\r\n[    0.000000] PM: Registered nosave memory: [mem 0x1ffff000-0x1fffffff]\r\n[    0.000000] PM: Registered nosave memory: [mem 0x20000000-0xffffffff]\r\n[    0.000000] e820: [mem 0x20000000-0xffffffff] available for PCI devices\r\n[    0.000000] Booting paravirtualized kernel on bare hardware\r\n[    0.000000] clocksource: refined-jiffies: mask: 0xffffffff max_cycles: 0xffffffff, max_idle_ns: 7645519600211568 ns\r\n[    0.000000] setup_percpu: NR_CPUS:256 nr_cpumask_bits:256 nr_cpu_ids:64 nr_node_ids:1\r\n[    0.000000] PERCPU: Embedded 33 pages/cpu @ffff8801bae00000 s96728 r8192 d30248 u262144\r\n[    0.000000] Built 1 zonelists in Node order, mobility grouping on.  Total pages: 903033\r\n[    0.000000] Policy zone: Normal\r\n[    0.000000] Kernel command line: BOOT_IMAGE=/boot/vmlinuz-4.2.0-41-generic root=UUID=c6ca03a3-2d7b-430b-8769-5d086ee49acc ro console=tty1 console=ttyS0 earlyprintk=ttyS0 rootdelay=300\r\n[    0.000000] log_buf_len individual max cpu contribution: 4096 bytes\r\n[    0.000000] log_buf_len total cpu_extra contributions: 258048 bytes\r\n[    0.000000] log_buf_len min size: 262144 bytes\r\n[    0.000000] log_buf_len: 524288 bytes\r\n[    0.000000] early log buf free: 252360(96%)\r\n[    0.000000] PID hash table entries: 4096 (order: 3, 32768 bytes)\r\n[    0.000000] Memory: 3487924K/3669560K available (8186K kernel code, 1239K rwdata, 3808K rodata, 1464K init, 1292K bss, 181636K reserved, 0K cma-reserved)\r\n[    0.000000] SLUB: HWalign=64, Order=0-3, MinObjects=0, CPUs=64, Nodes=1\r\n[    0.000000] Hierarchical RCU implementation.\r\n[    0.000000] \tBuild-time adjustment of leaf fanout to 64.\r\n[    0.000000] \tRCU restricting CPUs from NR_CPUS=256 to nr_cpu_ids=64.\r\n[    0.000000] RCU: Adjusting geometry for rcu_fanout_leaf=64, nr_cpu_ids=64\r\n[    0.000000] NR_IRQS:16640 nr_irqs:936 16\r\n[    0.000000] \tOffload RCU callbacks from all CPUs\r\n[    0.000000] \tOffload RCU callbacks from CPUs: 0-63.\r\n[    0.000000] Console: colour VGA+ 80x25\r\n[    0.000000] console [tty1] enabled\r\n[    0.000000] console [ttyS0] enabled\r\n[    0.000000] console [ttyS0] enabled\r\n[    0.000000] bootconsole [earlyser0] disabled\r\n[    0.000000] bootconsole [earlyser0] disabled\r\n[    0.000000] tsc: Unable to calibrate against PIT\r\n[    0.000000] tsc: using PMTIMER reference calibration\r\n[    0.000000] tsc: Detected 2394.449 MHz processor\r\n[    0.016023] Calibrating delay loop (skipped), value calculated using timer frequency.. 4788.89 BogoMIPS (lpj=9577796)\r\n[    0.018236] pid_max: default: 65536 minimum: 512\r\n[    0.019378] ACPI: Core revision 20150619\r\n[    0.021314] ACPI: All ACPI Tables successfully acquired\r\n[    0.025086] Security Framework initialized\r\n[    0.026283] AppArmor: AppArmor initialized\r\n[    0.027323] Yama: becoming mindful.\r\n[    0.028242] Dentry cache hash table entries: 524288 (order: 10, 4194304 bytes)\r\n[    0.030214] Inode-cache hash table entries: 262144 (order: 9, 2097152 bytes)\r\n[    0.032308] Mount-cache hash table entries: 8192 (order: 4, 65536 bytes)\r\n[    0.033634] Mountpoint-cache hash table entries: 8192 (order: 4, 65536 bytes)\r\n[    0.035028] Initializing cgroup subsys blkio\r\n[    0.036014] Initializing cgroup subsys memory\r\n[    0.037085] Initializing cgroup subsys devices\r\n[    0.038228] Initializing cgroup subsys freezer\r\n[    0.040027] Initializing cgroup subsys net_cls\r\n[    0.041177] Initializing cgroup subsys perf_event\r\n[    0.042244] Initializing cgroup subsys net_prio\r\n[    0.043528] Initializing cgroup subsys hugetlb\r\n[    0.044808] mce: CPU supports 1 MCE banks\r\n[    0.045967] Last level iTLB entries: 4KB 1024, 2MB 1024, 4MB 1024\r\n[    0.048013] Last level dTLB entries: 4KB 1024, 2MB 1024, 4MB 1024, 1GB 4\r\n[    0.061563] ftrace: allocating 30955 entries in 121 pages\r\n[    0.068090] Switched APIC routing to physical flat.\r\n[    0.083009] ..TIMER: vector=0x30 apic1=0 pin1=2 apic2=-1 pin2=-1\r\n[    0.084075] smpboot: CPU0: Intel(R) Xeon(R) CPU E5-2673 v3 @ 2.40GHz (fam: 06, model: 3f, stepping: 02)\r\n[    0.100021] Performance Events: unsupported p6 CPU model 63 no PMU driver, software events only.\r\n[    0.116007] NMI watchdog: disabled (cpu0): hardware events not enabled\r\n[    0.120001] NMI watchdog: Shutting down hard lockup detector on all cpus\r\n[    0.124018] x86: Booted up 1 node, 1 CPUs\r\n[    0.128002] smpboot: Total of 1 processors activated (4788.89 BogoMIPS)\r\n[    0.133647] devtmpfs: initialized\r\n[    0.140967] evm: security.selinux\r\n[    0.144002] evm: security.SMACK64\r\n[    0.148001] evm: security.SMACK64EXEC\r\n[    0.152001] evm: security.SMACK64TRANSMUTE\r\n[    0.156000] evm: security.SMACK64MMAP\r\n[    0.160000] evm: security.ima\r\n[    0.164001] evm: security.capability\r\n[    0.168073] PM: Registering ACPI NVS region [mem 0x1ffff000-0x1fffffff] (4096 bytes)\r\n[    0.172083] clocksource: jiffies: mask: 0xffffffff max_cycles: 0xffffffff, max_idle_ns: 7645041785100000 ns\r\n[    0.176155] pinctrl core: initialized pinctrl subsystem\r\n[    0.180299] RTC time:  7:49:35, date: 08/16/16\r\n[    0.184127] NET: Registered protocol family 16\r\n[    0.188136] cpuidle: using governor ladder\r\n[    0.192006] cpuidle: using governor menu\r\n[    0.196081] ACPI: bus type PCI registered\r\n[    0.200001] acpiphp: ACPI Hot Plug PCI Controller Driver version: 0.5\r\n[    0.204336] PCI: Using configuration type 1 for base access\r\n[    0.209284] ACPI: Added _OSI(Module Device)\r\n[    0.212002] ACPI: Added _OSI(Processor Device)\r\n[    0.216002] ACPI: Added _OSI(3.0 _SCP Extensions)\r\n[    0.220005] ACPI: Added _OSI(Processor Aggregator Device)\r\n[    0.225783] ACPI: Interpreter enabled\r\n[    0.228005] ACPI Exception: AE_NOT_FOUND, While evaluating Sleep State [\\_S1_] (20150619/hwxface-580)\r\n[    0.240002] ACPI Exception: AE_NOT_FOUND, While evaluating Sleep State [\\_S2_] (20150619/hwxface-580)\r\n[    0.252001] ACPI Exception: AE_NOT_FOUND, While evaluating Sleep State [\\_S3_] (20150619/hwxface-580)\r\n[    0.264002] ACPI Exception: AE_NOT_FOUND, While evaluating Sleep State [\\_S4_] (20150619/hwxface-580)\r\n[    0.276004] ACPI: (supports S0 S5)\r\n[    0.280002] ACPI: Using IOAPIC for interrupt routing\r\n[    0.284032] PCI: Using host bridge windows from ACPI; if necessary, use \"pci=nocrs\" and report a bug\r\n[    0.296666] ACPI: PCI Root Bridge [PCI0] (domain 0000 [bus 00-ff])\r\n[    0.300005] acpi PNP0A03:00: _OSC: OS supports [ASPM ClockPM Segments MSI]\r\n[    0.304004] acpi PNP0A03:00: _OSC failed (AE_NOT_FOUND); disabling ASPM\r\n[    0.308321] acpi PNP0A03:00: fail to add MMCONFIG information, can't access extended PCI configuration space under this bridge.\r\n[    0.312107] PCI host bridge to bus 0000:00\r\n[    0.316002] pci_bus 0000:00: root bus resource [bus 00-ff]\r\n[    0.320002] pci_bus 0000:00: root bus resource [mem 0xfe0000000-0xfffefffff window]\r\n[    0.324001] pci_bus 0000:00: root bus resource [io  0x0000-0x0cf7 window]\r\n[    0.328002] pci_bus 0000:00: root bus resource [io  0x0d00-0xffff window]\r\n[    0.332003] pci_bus 0000:00: root bus resource [mem 0x000a0000-0x000bffff window]\r\n[    0.336006] pci_bus 0000:00: root bus resource [mem 0x20000000-0xfffbffff window]\r\n[    0.346927] pci 0000:00:07.1: legacy IDE quirk: reg 0x10: [io  0x01f0-0x01f7]\r\n[    0.348002] pci 0000:00:07.1: legacy IDE quirk: reg 0x14: [io  0x03f6]\r\n[    0.352001] pci 0000:00:07.1: legacy IDE quirk: reg 0x18: [io  0x0170-0x0177]\r\n[    0.356001] pci 0000:00:07.1: legacy IDE quirk: reg 0x1c: [io  0x0376]\r\n[    0.360366] * Found PM-Timer Bug on the chipset. Due to workarounds for a bug,\r\n[    0.360366] * this clock source is slow. Consider trying other clock sources\r\n[    0.365329] pci 0000:00:07.3: quirk: [io  0x0400-0x043f] claimed by PIIX4 ACPI\r\n[    0.376630] ACPI: PCI Interrupt Link [LNKA] (IRQs 3 4 5 7 9 10 *11 12 14 15)\r\n[    0.395983] ACPI: PCI Interrupt Link [LNKB] (IRQs 3 4 5 7 9 10 11 12 14 15) *0, disabled.\r\n[    0.417524] ACPI: PCI Interrupt Link [LNKC] (IRQs 3 4 5 7 9 10 11 12 14 15) *0, disabled.\r\n[    0.440140] ACPI: PCI Interrupt Link [LNKD] (IRQs 3 4 5 7 9 10 11 12 14 15) *0, disabled.\r\n[    0.464192] ACPI: Enabled 1 GPEs in block 00 to 0F\r\n[    0.468143] vgaarb: setting as boot device: PCI:0000:00:08.0\r\n[    0.472000] vgaarb: device added: PCI:0000:00:08.0,decodes=io+mem,owns=io+mem,locks=none\r\n[    0.472004] vgaarb: loaded\r\n[    0.476001] vgaarb: bridge control possible 0000:00:08.0\r\n[    0.480245] SCSI subsystem initialized\r\n[    0.484081] ACPI: bus type USB registered\r\n[    0.488032] usbcore: registered new interface driver usbfs\r\n[    0.492013] usbcore: registered new interface driver hub\r\n[    0.496030] usbcore: registered new device driver usb\r\n[    0.500166] PCI: Using ACPI for IRQ routing\r\n[    0.504369] NetLabel: Initializing\r\n[    0.508001] NetLabel:  domain hash size = 128\r\n[    0.512000] NetLabel:  protocols = UNLABELED CIPSOv4\r\n[    0.516014] NetLabel:  unlabeled traffic allowed by default\r\n[    0.520084] clocksource: Switched to clocksource hyperv_clocksource\r\n[    0.534614] AppArmor: AppArmor Filesystem Enabled\r\n[    0.542204] pnp: PnP ACPI init\r\n[    0.548794] system 00:06: [io  0x01e0-0x01ef] has been reserved\r\n[    0.558107] system 00:06: [io  0x0160-0x016f] has been reserved\r\n[    0.567300] system 00:06: [io  0x0278-0x027f] has been reserved\r\n[    0.576663] system 00:06: [io  0x0378-0x037f] has been reserved\r\n[    0.586096] system 00:06: [io  0x0678-0x067f] has been reserved\r\n[    0.595600] system 00:06: [io  0x0778-0x077f] has been reserved\r\n[    0.605389] system 00:06: [io  0x04d0-0x04d1] has been reserved\r\n[    0.614675] system 00:07: [io  0x0400-0x043f] has been reserved\r\n[    0.624111] system 00:07: [io  0x0370-0x0371] has been reserved\r\n[    0.633435] system 00:07: [io  0x0440-0x044f] has been reserved\r\n[    0.642555] system 00:07: [mem 0xfec00000-0xfec00fff] could not be reserved\r\n[    0.653167] system 00:07: [mem 0xfee00000-0xfee00fff] has been reserved\r\n[    0.663396] system 00:08: [mem 0x00000000-0x0009ffff] could not be reserved\r\n[    0.674345] system 00:08: [mem 0x000c0000-0x000dffff] could not be reserved\r\n[    0.685101] system 00:08: [mem 0x000e0000-0x000fffff] could not be reserved\r\n[    0.695789] system 00:08: [mem 0x00100000-0x1fffffff] could not be reserved\r\n[    0.706193] system 00:08: [mem 0xfffc0000-0xffffffff] has been reserved\r\n[    0.716225] pnp: PnP ACPI: found 9 devices\r\n[    0.728327] clocksource: acpi_pm: mask: 0xffffff max_cycles: 0xffffff, max_idle_ns: 2085701024 ns\r\n[    0.742227] NET: Registered protocol family 2\r\n[    0.749506] TCP established hash table entries: 32768 (order: 6, 262144 bytes)\r\n[    0.760639] TCP bind hash table entries: 32768 (order: 7, 524288 bytes)\r\n[    0.770782] TCP: Hash tables configured (established 32768 bind 32768)\r\n[    0.780445] UDP hash table entries: 2048 (order: 4, 65536 bytes)\r\n[    0.789863] UDP-Lite hash table entries: 2048 (order: 4, 65536 bytes)\r\n[    0.799638] NET: Registered protocol family 1\r\n[    0.806656] pci 0000:00:00.0: Limiting direct PCI/PCI transfers\r\n[    0.815998] Trying to unpack rootfs image as initramfs...\r\n[    1.202566] Freeing initrd memory: 30528K (ffff88001d9ba000 - ffff88001f78a000)\r\n[    1.215531] PCI-DMA: Using software bounce buffering for IO (SWIOTLB)\r\n[    1.226187] software IO TLB [mem 0x199ba000-0x1d9ba000] (64MB) mapped at [ffff8800199ba000-ffff88001d9b9fff]\r\n[    1.241990] clocksource: tsc: mask: 0xffffffffffffffff max_cycles: 0x2283bb86896, max_idle_ns: 440795256891 ns\r\n[    1.257504] RAPL PMU detected, API unit is 2^-32 Joules, 3 fixed counters 10737418240 ms ovfl timer\r\n[    1.271074] hw unit of domain pp0-core 2^-0 Joules\r\n[    1.278683] hw unit of domain package 2^-0 Joules\r\n[    1.286178] hw unit of domain dram 2^-16 Joules\r\n[    1.293404] microcode: CPU0 sig=0x306f2, pf=0x1, revision=0xffffffff\r\n[    1.303489] microcode: Microcode Update Driver: v2.00 <tigran@aivazian.fsnet.co.uk>, Peter Oruba\r\n[    1.316914] Scanning for low memory corruption every 60 seconds\r\n[    1.326622] futex hash table entries: 16384 (order: 8, 1048576 bytes)\r\n[    1.336786] Initialise system trusted keyring\r\n[    1.343590] audit: initializing netlink subsys (disabled)\r\n[    1.351981] audit: type=2000 audit(1471333775.348:1): initialized\r\n[    1.361457] HugeTLB registered 2 MB page size, pre-allocated 0 pages\r\n[    1.372157] zpool: loaded\r\n[    1.376755] zbud: loaded\r\n[    1.381594] VFS: Disk quotas dquot_6.6.0\r\n[    1.388038] VFS: Dquot-cache hash table entries: 512 (order 0, 4096 bytes)\r\n[    1.399390] fuse init (API version 7.23)\r\n[    1.406182] Key type big_key registered\r\n[    1.412735] Key type asymmetric registered\r\n[    1.419567] Asymmetric key parser 'x509' registered\r\n[    1.429392] Block layer SCSI generic (bsg) driver version 0.4 loaded (major 249)\r\n[    1.442896] io scheduler noop registered\r\n[    1.450492] io scheduler deadline registered (default)\r\n[    1.460117] io scheduler cfq registered\r\n[    1.467000] pci_hotplug: PCI Hot Plug PCI Core version: 0.5\r\n[    1.475855] pciehp: PCI Express Hot Plug Controller Driver version: 0.4\r\n[    1.485902] input: Power Button as /devices/LNXSYSTM:00/LNXPWRBN:00/input/input0\r\n[    1.497258] ACPI: Power Button [PWRF]\r\n[    1.503683] GHES: HEST is not enabled!\r\n[    1.509929] Serial: 8250/16550 driver, 32 ports, IRQ sharing enabled\r\n[    1.553295] 00:03: ttyS0 at I/O 0x3f8 (irq = 4, base_baud = 115200) is a 16550A\r\n[    1.599078] 00:04: ttyS1 at I/O 0x2f8 (irq = 3, base_baud = 115200) is a 16550A\r\n[    1.611012] Linux agpgart interface v0.103\r\n[    1.619402] brd: module loaded\r\n[    1.625483] loop: module loaded\r\n[    1.631272] ata_piix 0000:00:07.1: Hyper-V Virtual Machine detected, ATA device ignore set\r\n[    1.645171] scsi host0: ata_piix\r\n[    1.650719] scsi host1: ata_piix\r\n[    1.656062] ata1: PATA max UDMA/33 cmd 0x1f0 ctl 0x3f6 bmdma 0xffa0 irq 14\r\n[    1.666971] ata2: PATA max UDMA/33 cmd 0x170 ctl 0x376 bmdma 0xffa8 irq 15\r\n[    1.678410] libphy: Fixed MDIO Bus: probed\r\n[    1.685889] tun: Universal TUN/TAP device driver, 1.6\r\n[    1.694022] tun: (C) 1999-2004 Max Krasnyansky <maxk@qualcomm.com>\r\n[    1.703573] PPP generic driver version 2.4.2\r\n[    1.710551] ehci_hcd: USB 2.0 'Enhanced' Host Controller (EHCI) Driver\r\n[    1.720707] ehci-pci: EHCI PCI platform driver\r\n[    1.728007] ehci-platform: EHCI generic platform driver\r\n[    1.736340] ohci_hcd: USB 1.1 'Open' Host Controller (OHCI) Driver\r\n[    1.745957] ohci-pci: OHCI PCI platform driver\r\n[    1.753202] ohci-platform: OHCI generic platform driver\r\n[    1.761390] uhci_hcd: USB Universal Host Controller Interface driver\r\n[    1.771443] i8042: PNP: PS/2 Controller [PNP0303:PS2K,PNP0f03:PS2M] at 0x60,0x64 irq 1,12\r\n[    1.785992] serio: i8042 KBD port at 0x60,0x64 irq 1\r\n[    1.793880] serio: i8042 AUX port at 0x60,0x64 irq 12\r\n[    1.802038] mousedev: PS/2 mouse device common for all mice\r\n[    1.811006] rtc_cmos 00:00: RTC can wake from S4\r\n[    1.839039] input: AT Translated Set 2 keyboard as /devices/platform/i8042/serio0/input/input1\r\n[    1.855839] ata2.00: ATAPI: Virtual CD, , max MWDMA2\r\n[    1.866572] rtc_cmos 00:00: rtc core: registered rtc_cmos as rtc0\r\n[    1.877090] ata2.00: configured for MWDMA2\r\n[    1.885188] scsi 1:0:0:0: CD-ROM            Msft     Virtual CD/ROM   1.0  PQ: 0 ANSI: 5\r\n[    1.899313] rtc_cmos 00:00: alarms up to one month, 114 bytes nvram\r\n[    1.910273] i2c /dev entries driver\r\n[    1.917520] sr 1:0:0:0: [sr0] scsi3-mmc drive: 0x/0x tray\r\n[    1.928294] cdrom: Uniform CD-ROM driver Revision: 3.20\r\n[    1.938782] device-mapper: uevent: version 1.0.3\r\n[    1.947717] device-mapper: ioctl: 4.33.0-ioctl (2015-8-18) initialised: dm-devel@redhat.com\r\n[    1.963327] sr 1:0:0:0: Attached scsi generic sg0 type 5\r\n[    1.973099] ledtrig-cpu: registered to indicate activity on CPUs\r\n[    1.983217] PCCT header not found.\r\n[    1.989676] NET: Registered protocol family 10\r\n[    1.997492] NET: Registered protocol family 17\r\n[    2.005004] Key type dns_resolver registered\r\n[    2.012222] Loading compiled-in X.509 certificates\r\n[    2.021186] Loaded X.509 cert 'Build time autogenerated kernel key: 496c94160eff313b4f6dec3de299bde8f4a608ce'\r\n[    2.036195] registered taskstats version 1\r\n[    2.042813] zswap: loading zswap\r\n[    2.048108] zswap: using zbud pool\r\n[    2.054019] zswap: using lzo compressor\r\n[    2.061201] Key type trusted registered\r\n[    2.069831] Key type encrypted registered\r\n[    2.076815] AppArmor: AppArmor sha1 policy hashing enabled\r\n[    2.085485] ima: No TPM chip found, activating TPM-bypass!\r\n[    2.093876] evm: HMAC attrs: 0x1\r\n[    2.099989]   Magic number: 12:741:824\r\n[    2.106265] rtc_cmos 00:00: setting system clock to 2016-08-16 07:49:37 UTC (1471333777)\r\n[    2.118796] BIOS EDD facility v0.16 2004-Jun-25, 0 devices found\r\n[    2.128328] EDD information not available.\r\n[    2.137206] Freeing unused kernel memory: 1464K (ffffffff81f37000 - ffffffff820a5000)\r\n[    2.149313] Write protecting the kernel read-only data: 14336k\r\n[    2.158851] Freeing unused kernel memory: 2044K (ffff880001801000 - ffff880001a00000)\r\n[    2.170706] Freeing unused kernel memory: 288K (ffff880001db8000 - ffff880001e00000)\r\nLoading, please wait...\r\nstarting version 225\r\n[    2.196987] random: udevadm urandom read with 3 bits of entropy available\r\n[    2.242140] Floppy drive(s): fd0 is 1.44M\r\n[    2.253820] clocksource: hyperv_clocksource_tsc_page: mask: 0xffffffffffffffff max_cycles: 0x24e6a1710, max_idle_ns: 440795202120 ns\r\n[    2.311990] AVX2 version of gcm_enc/dec engaged.\r\n[    2.320099] AES CTR mode by8 optimization enabled\r\n[    2.328939] FDC 0 is an 82078.\r\n[    2.354272] clocksource: Switched to clocksource hyperv_clocksource_tsc_page\r\n[    2.408276] hv_vmbus: Hyper-V Host Build:9600-6.3-18-0.18190; Vmbus version:3.0\r\n[    2.422346] hv_vmbus: registering driver hv_storvsc\r\n[    2.434481] hv_utils: Registering HyperV Utility Driver\r\n[    2.444012] hv_vmbus: registering driver hv_util\r\n[    2.461375] hidraw: raw HID events driver (C) Jiri Kosina\r\n[    2.474002] hv_vmbus: registering driver hid_hyperv\r\n[    2.500402] scsi host2: storvsc_host_t\r\n[    2.507781] scsi 2:0:0:0: Direct-Access     Msft     Virtual Disk     1.0  PQ: 0 ANSI: 4\r\n[    2.522086] sd 2:0:0:0: [sda] 61440000 512-byte logical blocks: (31.4 GB/29.2 GiB)\r\n[    2.534820] sd 2:0:0:0: Attached scsi generic sg1 type 0\r\n[    2.543927] sd 2:0:0:0: [sda] Write Protect is off\r\n[    2.552051] sd 2:0:0:0: [sda] Write cache: enabled, read cache: enabled, supports DPO and FUA\r\n[    2.569175] input: Microsoft Vmbus HID-compliant Mouse as /devices/0006:045E:0621.0001/input/input4\r\n[    2.584888] hid 0006:045E:0621.0001: input: <UNKNOWN> HID v0.01 Mouse [Microsoft Vmbus HID-compliant Mouse] on \r\n[    2.608435] hv_vmbus: registering driver hv_netvsc\r\n[    2.623855]  sda: sda1\r\n[    2.629171] scsi host3: storvsc_host_t\r\n[    2.635795] sd 2:0:0:0: [sda] Attached SCSI disk\r\n[    2.643956] scsi 3:0:1:0: Direct-Access     Msft     Virtual Disk     1.0  PQ: 0 ANSI: 4\r\n[    2.657312] sd 3:0:1:0: [sdb] 104857600 512-byte logical blocks: (53.6 GB/50.0 GiB)\r\n[    2.669624] sd 3:0:1:0: [sdb] 4096-byte physical blocks\r\n[    2.677995] sd 3:0:1:0: Attached scsi generic sg2 type 0\r\n[    2.686843] sd 3:0:1:0: [sdb] Write Protect is off\r\n[    2.694468] psmouse serio1: trackpoint: failed to get extended button data\r\n[    2.707058] hv_netvsc: hv_netvsc channel opened successfully\r\n[    2.715565] sd 3:0:1:0: [sdb] Write cache: enabled, read cache: enabled, supports DPO and FUA\r\n[    2.734113]  sdb: sdb1\r\n[    2.739371] sd 3:0:1:0: [sdb] Attached SCSI disk\r\n[    2.873416] hv_netvsc vmbus_16: Send section size: 6144, Section count:2560\r\n[    2.885685] hv_netvsc vmbus_16: Device MAC 00:0d:3a:13:79:76 link state up\r\n[    2.904449] scsi host4: storvsc_host_t\r\n[    2.911733] scsi 4:0:0:0: scsi scan: INQUIRY result too short (5), using 36\r\n[    2.943773] scsi 4:0:0:1: scsi scan: INQUIRY result too short (5), using 36\r\n[    2.989259] scsi 4:0:1:0: scsi scan: INQUIRY result too short (5), using 36\r\n[    3.005453] scsi 4:0:1:1: scsi scan: INQUIRY result too short (5), using 36\r\n[    3.017783] scsi host5: storvsc_host_t\r\n[    3.024847] scsi 4:1:0:0: scsi scan: INQUIRY result too short (5), using 36\r\n[    3.036811] scsi 5:0:0:0: scsi scan: INQUIRY result too short (5), using 36\r\n[    3.048468] scsi 4:1:0:1: scsi scan: INQUIRY result too short (5), using 36\r\n[    3.061267] scsi 5:0:0:1: scsi scan: INQUIRY result too short (5), using 36\r\n[    3.072723] scsi 4:1:1:0: scsi scan: INQUIRY result too short (5), using 36\r\n[    3.083813] scsi 5:0:1:0: scsi scan: INQUIRY result too short (5), using 36\r\n[    3.098034] scsi 4:1:1:1: scsi scan: INQUIRY result too short (5), using 36\r\n[    3.109315] scsi 4:2:0:0: scsi scan: INQUIRY result too short (5), using 36\r\n[    3.124412] scsi 5:0:1:1: scsi scan: INQUIRY result too short (5), using 36\r\n[    3.146923] scsi 4:2:0:1: scsi scan: INQUIRY result too short (5), using 36\r\n[    3.176936] scsi 5:1:0:0: scsi scan: INQUIRY result too short (5), using 36\r\n[    3.190104] scsi 5:1:0:1: scsi scan: INQUIRY result too short (5), using 36\r\n[    3.217165] scsi 4:2:1:0: scsi scan: INQUIRY result too short (5), using 36\r\n[    3.250669] scsi 5:1:1:0: scsi scan: INQUIRY result too short (5), using 36\r\n[    3.270033] scsi 4:2:1:1: scsi scan: INQUIRY result too short (5), using 36\r\n[    3.282575] scsi 4:3:0:0: scsi scan: INQUIRY result too short (5), using 36\r\n[    3.294498] scsi 5:1:1:1: scsi scan: INQUIRY result too short (5), using 36\r\n[    3.308137] scsi 4:3:0:1: scsi scan: INQUIRY result too short (5), using 36\r\n[    3.319753] scsi 5:2:0:0: scsi scan: INQUIRY result too short (5), using 36\r\n[    3.331548] scsi 4:3:1:0: scsi scan: INQUIRY result too short (5), using 36\r\n[    3.346266] scsi 5:2:0:1: scsi scan: INQUIRY result too short (5), using 36\r\n[    3.370736] scsi 4:3:1:1: scsi scan: INQUIRY result too short (5), using 36\r\n[    3.383996] scsi 5:2:1:0: scsi scan: INQUIRY result too short (5), using 36\r\n[    3.401664] scsi 4:4:0:0: scsi scan: INQUIRY result too short (5), using 36\r\n[    3.414384] scsi 4:4:0:1: scsi scan: INQUIRY result too short (5), using 36\r\n[    3.427655] scsi 5:2:1:1: scsi scan: INQUIRY result too short (5), using 36\r\n[    3.441786] scsi 4:4:1:0: scsi scan: INQUIRY result too short (5), using 36\r\n[    3.460851] scsi 5:3:0:0: scsi scan: INQUIRY result too short (5), using 36\r\n[    3.477480] scsi 4:4:1:1: scsi scan: INQUIRY result too short (5), using 36\r\n[    3.508064] scsi 5:3:0:1: scsi scan: INQUIRY result too short (5), using 36\r\n[    3.520765] scsi 5:3:1:0: scsi scan: INQUIRY result too short (5), using 36\r\n[    3.540862] scsi 4:5:0:0: scsi scan: INQUIRY result too short (5), using 36\r\n[    3.553961] scsi 4:5:0:1: scsi scan: INQUIRY result too short (5), using 36\r\n[    3.568392] scsi 5:3:1:1: scsi scan: INQUIRY result too short (5), using 36\r\n[    3.581013] scsi 4:5:1:0: scsi scan: INQUIRY result too short (5), using 36\r\n[    3.604597] scsi 5:4:0:0: scsi scan: INQUIRY result too short (5), using 36\r\n[    3.619090] scsi 5:4:0:1: scsi scan: INQUIRY result too short (5), using 36\r\n[    3.631620] scsi 4:5:1:1: scsi scan: INQUIRY result too short (5), using 36\r\n[    3.643152] scsi 5:4:1:0: scsi scan: INQUIRY result too short (5), using 36\r\n[    3.656063] scsi 4:6:0:0: scsi scan: INQUIRY result too short (5), using 36\r\n[    3.668874] scsi 5:4:1:1: scsi scan: INQUIRY result too short (5), using 36\r\n[    3.680869] scsi 4:6:0:1: scsi scan: INQUIRY result too short (5), using 36\r\n[    3.695476] scsi 5:5:0:0: scsi scan: INQUIRY result too short (5), using 36\r\n[    3.713663] scsi 4:6:1:0: scsi scan: INQUIRY result too short (5), using 36\r\n[    3.732324] scsi 5:5:0:1: scsi scan: INQUIRY result too short (5), using 36\r\n[    3.743608] scsi 5:5:1:0: scsi scan: INQUIRY result too short (5), using 36\r\n[    3.754738] scsi 4:6:1:1: scsi scan: INQUIRY result too short (5), using 36\r\n[    3.768213] scsi 5:5:1:1: scsi scan: INQUIRY result too short (5), using 36\r\n[    3.786054] scsi 4:7:0:0: scsi scan: INQUIRY result too short (5), using 36\r\n[    3.802260] scsi 5:6:0:0: scsi scan: INQUIRY result too short (5), using 36\r\n[    3.813783] scsi 4:7:0:1: scsi scan: INQUIRY result too short (5), using 36\r\n[    3.825751] scsi 4:7:1:0: scsi scan: INQUIRY result too short (5), using 36\r\n[    3.836853] scsi 5:6:0:1: scsi scan: INQUIRY result too short (5), using 36\r\n[    3.848140] scsi 4:7:1:1: scsi scan: INQUIRY result too short (5), using 36\r\n[    3.862983] scsi 5:6:1:0: scsi scan: INQUIRY result too short (5), using 36\r\n[    3.875034] scsi 5:6:1:1: scsi scan: INQUIRY result too short (5), using 36\r\n[    3.886564] scsi 5:7:0:0: scsi scan: INQUIRY result too short (5), using 36\r\n[    3.900908] scsi 5:7:0:1: scsi scan: INQUIRY result too short (5), using 36\r\n[    3.912256] scsi 5:7:1:0: scsi scan: INQUIRY result too short (5), using 36\r\n[    3.930554] scsi 5:7:1:1: scsi scan: INQUIRY result too short (5), using 36\r\nBegin: Loading essential drivers ... done.\r\r\nBegin: Running /scripts/init-premount ... done.\r\r\nBegin: Mounting root file system ... Begin: Running /scripts/local-top ... done.\r\r\nBegin: Running /scripts/local-premount ... done.\r\r\nBegin: Checking root file system ... fsck from util-linux 2.26.2\r\r\ncloudimg-rootfs: clean, 73671/245760 files, 353697/524032 blocks\r\r\ndone.\r\r\n[    5.545535] EXT4-fs (sda1): mounted filesystem with ordered data mode. Opts: (null)\r\ndone.\r\r\nBegin: Running /scripts/local-bottom ... done.\r\r\nBegin: Running /scripts/init-bottom ... Warning: overlayroot: debug is busted\r\r\ndone.\r\r\n[    6.663508] random: nonblocking pool is initialized\r\n[    6.973834] systemd[1]: Failed to insert module 'kdbus': Function not implemented\r\n[    7.336411] systemd[1]: systemd 225 running in system mode. (+PAM +AUDIT +SELINUX +IMA +APPARMOR +SMACK +SYSVINIT +UTMP +LIBCRYPTSETUP +GCRYPT +GNUTLS +ACL +XZ -LZ4 +SECCOMP +BLKID -ELFUTILS +KMOD -IDN)\r\n[    7.362540] systemd[1]: Detected virtualization microsoft.\r\n[    7.370808] systemd[1]: Detected architecture x86-64.\r\n\r\r\nWelcome to \u001b[1mUbuntu 15.10\u001b[0m!\r\r\n\r\r\n[    7.389192] systemd[1]: Set hostname to <ubuntu>.\r\n[    7.413970] systemd[1]: Initializing machine ID from random generator.\r\n[    7.425176] systemd[1]: Installed transient /etc/machine-id file.\r\n[    7.568093] psmouse serio1: trackpoint: IBM TrackPoint firmware: 0x01, buttons: 0/0\r\n[    7.581075] input: TPPS/2 IBM TrackPoint as /devices/platform/i8042/serio1/input/input3\r\n-.mount\r\r\netc-machine\\x2did.mount\r\r\n[    8.281914] systemd[1]: sshd-keygen.service: Cannot add dependency job, ignoring: Unit sshd-keygen.service failed to load: No such file or directory.\r\n[    8.301324] systemd[1]: sshd-keygen.service: Cannot add dependency job, ignoring: Unit sshd-keygen.service failed to load: No such file or directory.\r\n[    8.320334] systemd[1]: display-manager.service: Cannot add dependency job, ignoring: Unit display-manager.service failed to load: No such file or directory.\r\n[    8.340140] systemd[1]: Time has been changed\r\n[    8.346602] systemd[1]: Created slice Root Slice.\r\n[\u001b[32m  OK  \u001b[0m]
[    8.357356] systemd[1]: Reached target Encrypted Volumes.\r\nCreated slice Root Slice.\r\r\n[\u001b[32m  OK  \u001b[0m]
[    8.372972] systemd[1]: Listening on Journal Audit Socket.\r\nReached target Encrypted Volumes.\r\r\n[\u001b[32m  OK  \u001b[0m[    8.388534] systemd[1]: Started Forward Password Requests to Wall Directory Watch.\r\n] Listening on Journal Audit Socket.\r\r\n[\u001b[32m  OK  \u001b[0m]
[    8.407936] systemd[1]: Listening on udev Control Socket.\r\nStarted Forward Password Requests to Wall Directory Watch.\r\r\n[[    8.423912] systemd[1]: Listening on Journal Socket (/dev/log).\r\n\u001b[32m  OK  \u001b[0m] Listening on udev Control Socket.\r\r\n[\u001b[32m  OK  \u001b[0m[    8.444594] systemd[1]: Reached target Swap.\r\n] Listening on Journal Socket (/dev/log).\r\r\n[\u001b[32m  OK  \u001b[0m[    8.462986] systemd[1]: Listening on Journal Socket.\r\n] Reached target Swap.\r\r\n[\u001b[32m  OK  \u001b[0m[    8.481999] systemd[1]: Reached target Remote File Systems (Pre).\r\n] Listening on Journal Socket.\r\r\n[\u001b[32m  OK  \u001b[0m[    8.501331] systemd[1]: Set up automount Arbitrary Executable File Formats File System Automount Point.\r\n] Reached target Remote File Systems (Pre).\r\r\n[\u001b[32m  OK  \u001b[0m[    8.527308] systemd[1]: Reached target User and Group Name Lookups.\r\n] Set up automount Arbitrary Executab...ats File System Automount Point.\r\r\n[[    8.549335] systemd[1]: Created slice User and Session Slice.\r\n\u001b[32m  OK  \u001b[0m] Reached target User and Group Name Lookups.\r\r\n[\u001b[32m  OK  \u001b[0m[    8.571712] systemd[1]: Listening on udev Kernel Socket.\r\n] Created slice User and Session Slice.\r\r\n[\u001b[32m  OK  \u001b[0m]
[    8.592210] systemd[1]: Created slice System Slice.\r\nListening on udev Kernel Socket.\r\r\n[\u001b[32m  OK  \u001b[0m[    8.621755] systemd[1]: Mounting POSIX Message Queue File System...\r\n] Created slice System Slice.\r\r\n         Mounting POSIX Message Queue File System...[    8.649266] systemd[1]: Created slice system-getty.slice.\r\n\r\r\n[\u001b[32m  OK  \u001b[0m[    8.665057] systemd[1]: Created slice system-serial\\x2dgetty.slice.\r\n] Created slice system-getty.slice.\r\r\n[\u001b[32m  OK  \u001b[0m[    8.688266] systemd[1]: Reached target Slices.\r\n] Created slice system-serial\\x2dgetty.slice.\r\r\n[\u001b[32m  OK  \u001b[0m] Reached target Slices.\r\r\n[    8.728555] systemd[1]: Starting Load Kernel Modules...\r\n         Starting Load Kernel Modules...[    8.746316] systemd[1]: Starting Remount Root and Kernel File Systems...\r\n\r\r\n         Starting Remount Root and Kernel File Systems...[    8.768658] systemd[1]: Mounting Huge Pages File System...\r\n\r\r\n         Mounting Huge Pages File System...[    8.788879] systemd[1]: Starting Create list of required static device nodes for the current kernel...\r\n[    8.802478] EXT4-fs (sda1): re-mounted. Opts: discard\r\n\r\r\n         Starting Create list of required st... nodes for the current kernel...[    8.825473] systemd[1]: Starting udev Coldplug all Devices...\r\n\r\r\n         Starting udev Coldplug all Devices...\r\r\n[    8.851852] systemd[1]: Starting Setup Virtual Console...\r\n         Starting Setup Virtual Console...[    8.868328] systemd[1]: Mounting Debug File System...\r\n\r\r\n        
[    8.883777] systemd[1]: Starting Increase datagram queue length...\r\nMounting Debug File System...\r\r\n         Starting Increase datagram queue length...[    8.908296] systemd[1]: Starting Uncomplicated firewall...\r\n\r\r\n        
[    8.932631] systemd[1]: Listening on /dev/initctl Compatibility Named Pipe.\r\nStarting Uncomplicated firewall...\r\r\n[\u001b[32m  OK  \u001b[0m[    8.955869] systemd[1]: Mounted Huge Pages File System.\r\n] Listening on /dev/initctl Compatibility Named Pipe.\r\r\n[\u001b[32m  OK  \u001b[0m[    8.976215] systemd[1]: Mounted Debug File System.\r\n] Mounted Huge Pages File System.\r\r\ndev-hugepages.mount\r\r\n[    8.992244] systemd[1]: Mounted POSIX Message Queue File System.\r\n[\u001b[32m  OK  \u001b[0m] Mounted Debug File System.\r\r\nsys-kernel-debug.mount[    9.010053] systemd[1]: Started Load Kernel Modules.\r\n\r\r\n[\u001b[32m  OK  \u001b[0m] Mounted POSIX Message Queue File System.\r\r\ndev-mqueue.mount[    9.028960] systemd[1]: Started Remount Root and Kernel File Systems.\r\n\r\r\n[\u001b[32m  OK  \u001b[0m] Started Load Kernel Modules.\r\r\nsystemd-modules-load.service[    9.049673] systemd[1]: Started Create list of required static device nodes for the current kernel.\r\n\r\r\n[\u001b[32m  OK  \u001b[0m] Started Remount Root and Kernel File Systems.\r\r\nsystemd-remount-fs.service\r\r\n[    9.076947] systemd[1]: Started Setup Virtual Console.\r\n[\u001b[32m  OK  \u001b[0m] Started Create list of required sta...ce nodes for the current kernel.\r[    9.100548] systemd[1]: Started Increase datagram queue length.\r\n\r\n[\u001b[32m  OK  \u001b[0m] Started Setup Virtual Console.\r\r\nkmod-static-nodes.service[    9.128505] systemd[1]: Started Uncomplicated firewall.\r\n\r\r\n[\u001b[32m  OK  \u001b[0m] Started Increase datagram queue length.\r[    9.147075] systemd[1]: Started udev Coldplug all Devices.\r\n\r\nsystemd-vconsole-setup.service\r\r\n[\u001b[32m  OK  \u001b[0m] Started Uncomplicated firewall.\r\r\nsystemd-setup-dgram-qlen.service\r\r\n[\u001b[32m  OK  \u001b[0m] Started udev Coldplug all Devices.\r[    9.189899] systemd[1]: Listening on Syslog Socket.\r\n\r\nufw.service\r\r\nsystemd-udev-trigger.service[    9.205759] systemd[1]: Starting Journal Service...\r\n\r\r\n[\u001b[32m  OK  \u001b[0m] Listening on Syslog Socket.\r[    9.219947] systemd[1]: Starting Create Static Device Nodes in /dev...\r\n\r\n         Starting Journal Service...\r\r\n         Starting Create Static Device Nodes in /dev...\r\r\n[    9.247310] systemd[1]: Starting Ensure /etc/mtab is a symlink to /proc/mounts...\r\n         Starting Ensure /etc/mtab is a symlink to /proc/mounts...[    9.268659] systemd[1]: Starting Load/Save Random Seed...\r\n\r\r\n         Starting Load/Save Random Seed...[    9.286013] systemd[1]: Mounting FUSE Control File System...\r\n\r\r\n         Mounting FUSE Control File System...[    9.304115] systemd[1]: Starting Apply Kernel Variables...\r\n\r\r\n         Starting Apply Kernel Variables...[    9.323992] systemd[1]: Mounted FUSE Control File System.\r\n\r\r\n[\u001b[32m  OK  \u001b[0m]
[    9.338864] systemd[1]: Started Ensure /etc/mtab is a symlink to /proc/mounts.\r\nMounted FUSE Control File System.\r\r\nsys-fs-fuse-connections.mount\r\r\n[[    9.371085] systemd[1]: Started Load/Save Random Seed.\r\n\u001b[32m  OK  \u001b[0m] Started Ensure /etc/mtab is a symlink to /proc/mounts.\r\r\ndebian-fixup.service[    9.390398] systemd[1]: Started Journal Service.\r\n\r\r\n[\u001b[32m  OK  \u001b[0m] Started Load/Save Random Seed.\r\r\n[\u001b[32m  OK  \u001b[0m] Started Journal Service.\r\r\nsystemd-random-seed.service\r\r\n         Starting Flush Journal to Persistent Storage...\r\r\n[\u001b[32m  OK  \u001b[0m] Started Apply Kernel Variables.\r\r\nsystemd-journald.service\r\r\nsystemd-sysctl.service\r\r\n[\u001b[32m  OK  \u001b[0m] Started Flush Journal to Persistent Storage.\r\r\nsystemd-journal-flush.service\r\r\n[\u001b[32m  OK  \u001b[0m] Started Create Static Device Nodes in /dev.\r\r\n         Starting udev Kernel Device Manager...\r\r\nsystemd-tmpfiles-setup-dev.service\r\r\n[\u001b[32m  OK  \u001b[0m] Started udev Kernel Device Manager.\r\r\n[\u001b[32m  OK  \u001b[0m] Reached target Local File Systems (Pre).\r\r\nsystemd-udevd.service\r\r\n         Mounting /etc/network/interfaces.dynamic.d...\r\r\n[\u001b[32m  OK  \u001b[0m] Mounted /etc/network/interfaces.dynamic.d.\r\r\n[\u001b[32m  OK  \u001b[0m] Reached target Local File Systems.\r\r\n         Starting Tell Plymouth To Write Out Runtime Data...\r\r\n         Starting Wait for all \"auto\" /etc/n... up for network-online.target...\r\r\n         Starting LSB: AppArmor initialization...\r\r\n         Starting Set console keymap...\r\r\n         Starting Clean up any mess left by 0dns-up...\r\r\n         Starting Create Volatile Files and Directories...\r\r\n[\u001b[32m  OK  \u001b[0m] Reached target Remote File Systems.\r\r\n         Starting Commit a transient machine-id on disk...\r\r\n[\u001b[32m  OK  \u001b[0m] Started Create Volatile Files and Directories.\r\r\n         Starting Update UTMP about System Boot/Shutdown...\r\r\n         Starting Network Time Synchronization...\r\r\n[\u001b[32m  OK  \u001b[0m] Started Commit a transient machine-id on disk.\r\r\netc-network-interfaces.dynamic.d.mount\r\r\n[\u001b[32m  OK  \u001b[0m] Started Update UTMP about System Boot/Shutdown.\r\r\n[\u001b[32m  OK  \u001b[0m] Started Network Time Synchronization.\r\r\n[\u001b[32m  OK  \u001b[0m] Reached target System Time Synchronized.\r[   10.224497] piix4_smbus 0000:00:07.3: SMBus base address uninitialized - upgrade BIOS or use force_addr=0xaddr\r\n\r\n[\u001b[32m  OK  \u001b[0m] Started Clean up any mess left by 0dns-up.\r\r\n         Starting Nameserver information manager...\r\r\n[\u001b[32m  OK  \u001b[0m] Started Nameserver information manager.\r\r\nsystemd-tmpfiles-setup.service\r\r\n[\u001b[32m  OK  \u001b[0m] Started Set console keymap.\r\r\nsystemd-machine-id-commit.service\r\r\nsystemd-update-utmp.service\r\r\n[\u001b[32m  OK  \u001b[0m] Started Tell Plymouth To Write Out Runtime Data.\r\r\nsystemd-timesyncd.service\r\r\nresolvconf.service\r\r\n[\u001b[32m  OK  \u001b[0m] Found device /dev/ttyS0.\r\r\n[\u001b[32m  OK  \u001b[0m] Created slice system-ifup.slice.\r\r\n[\u001b[32m  OK  \u001b[0m] Found device /sys/subsystem/net/devices/eth0.\r\r\n[   10.593461] intel_rapl: no valid rapl domains found in package 0\r\n[\u001b[32m  OK  \u001b[0m] Started LSB: AppArmor initialization.\r\r\n[\u001b[32m  OK  \u001b[0m] Started ifup for eth0.\r\r\n         Starting LSB: Raise network interfaces....\r\r\napparmor.service\r\r\nifup@eth0.service\r\r\n[\u001b[0m\u001b[31m*     \u001b[0m] (1 of 2) A start job is running for...work interfaces. (8s / no limit)\r\u001b[K[\u001b[1;31m*\u001b[0m\u001b[31m*    \u001b[0m] (1 of 2) A start job is running for...work interfaces. (8s / no limit)\r\u001b[K[\u001b[31m*\u001b[1;31m*\u001b[0m\u001b[31m*   \u001b[0m] (1 of 2) A start job is running for...work interfaces. (9s / no limit)\r\u001b[K[ \u001b[31m*\u001b[1;31m*\u001b[0m\u001b[31m*  \u001b[0m] (2 of 2) A start job is running for...ork-online.target (9s / 2min 1s)\r\u001b[K[  \u001b[31m*\u001b[1;31m*\u001b[0m\u001b[31m* \u001b[0m] (2 of 2) A start job is running for...rk-online.target (10s / 2min 1s)\r\u001b[K[   \u001b[31m*\u001b[1;31m*\u001b[0m\u001b[31m*\u001b[0m] (2 of 2) A start job is running for...rk-online.target (11s / 2min 1s)\r\u001b[K[    \u001b[31m*\u001b[1;31m*\u001b[0m] (1 of 2) A start job is running for...ork interfaces. (11s / no limit)\r\u001b[K[     \u001b[31m*\u001b[0m] (1 of 2) A start job is running for...ork interfaces. (12s / no limit)\r\u001b[K[    \u001b[31m*\u001b[1;31m*\u001b[0m] (1 of 2) A start job is running for...ork interfaces. (12s / no limit)\r\u001b[K[   \u001b[31m*\u001b[1;31m*\u001b[0m\u001b[31m*\u001b[0m] (2 of 2) A start job is running for...rk-online.target (13s / 2min 1s)\r\u001b[K[  \u001b[31m*\u001b[1;31m*\u001b[0m\u001b[31m* \u001b[0m] (2 of 2) A start job is running for...rk-online.target (13s / 2min 1s)\r\u001b[K[ \u001b[31m*\u001b[1;31m*\u001b[0m\u001b[31m*  \u001b[0m] (2 of 2) A start job is running for...rk-online.target (14s / 2min 1s)\r\u001b[K[\u001b[31m*\u001b[1;31m*\u001b[0m\u001b[31m*   \u001b[0m] (1 of 2) A start job is running for...ork interfaces. (14s / no limit)\r\u001b[K[\u001b[1;31m*\u001b[0m\u001b[31m*    \u001b[0m] (1 of 2) A start job is running for...ork interfaces. (15s / no limit)\r\u001b[K[\u001b[0m\u001b[31m*     \u001b[0m] (1 of 2) A start job is running for...ork interfaces. (16s / no limit)\r\u001b[K[\u001b[1;31m*\u001b[0m\u001b[31m*    \u001b[0m] (2 of 2) A start job is running for...rk-online.target (16s / 2min 1s)\r\u001b[K[\u001b[31m*\u001b[1;31m*\u001b[0m\u001b[31m*   \u001b[0m] (2 of 2) A start job is running for...rk-online.target (17s / 2min 1s)\r\u001b[K[ \u001b[31m*\u001b[1;31m*\u001b[0m\u001b[31m*  \u001b[0m] (2 of 2) A start job is running for...rk-online.target (17s / 2min 1s)\r\u001b[K[  \u001b[31m*\u001b[1;31m*\u001b[0m\u001b[31m* \u001b[0m] (1 of 2) A start job is running for...ork interfaces. (18s / no limit)\r\u001b[K[   \u001b[31m*\u001b[1;31m*\u001b[0m\u001b[31m*\u001b[0m] (1 of 2) A start job is running for...ork interfaces. (19s / no limit)\r\u001b[K[    \u001b[31m*\u001b[1;31m*\u001b[0m] (1 of 2) A start job is running for...ork interfaces. (19s / no limit)\r\u001b[K[     \u001b[31m*\u001b[0m] (2 of 2) A start job is running for...rk-online.target (19s / 2min 1s)\r\u001b[K[    \u001b[31m*\u001b[1;31m*\u001b[0m] (2 of 2) A start job is running for...rk-online.target (20s / 2min 1s)\r\u001b[K[   \u001b[31m*\u001b[1;31m*\u001b[0m\u001b[31m*\u001b[0m] (2 of 2) A start job is running for...rk-online.target (21s / 2min 1s)\r\u001b[K[  \u001b[31m*\u001b[1;31m*\u001b[0m\u001b[31m* \u001b[0m] (1 of 2) A start job is running for...ork interfaces. (21s / no limit)\r\u001b[K[ \u001b[31m*\u001b[1;31m*\u001b[0m\u001b[31m*  \u001b[0m] (1 of 2) A start job is running for...ork interfaces. (22s / no limit)\r\u001b[K[\u001b[31m*\u001b[1;31m*\u001b[0m\u001b[31m*   \u001b[0m] (1 of 2) A start job is running for...ork interfaces. (22s / no limit)\r\u001b[K[\u001b[1;31m*\u001b[0m\u001b[31m*    \u001b[0m] (2 of 2) A start job is running for...rk-online.target (23s / 2min 1s)\r\u001b[K[\u001b[0m\u001b[31m*     \u001b[0m] (2 of 2) A start job is running for...rk-online.target (23s / 2min 1s)\r\u001b[K[\u001b[1;31m*\u001b[0m\u001b[31m*    \u001b[0m] (2 of 2) A start job is running for...rk-online.target (24s / 2min 1s)\r\u001b[K[\u001b[31m*\u001b[1;31m*\u001b[0m\u001b[31m*   \u001b[0m] (1 of 2) A start job is running for...ork interfaces. (24s / no limit)\r\u001b[K[ \u001b[31m*\u001b[1;31m*\u001b[0m\u001b[31m*  \u001b[0m] (1 of 2) A start job is running for...ork interfaces. (25s / no limit)\r\u001b[K[\u001b[32m  OK  \u001b[0m] Started LSB: Raise network interfaces..\r\r\n[\u001b[32m  OK  \u001b[0m] Reached target Network.\r\r\n[\u001b[32m  OK  \u001b[0m] Reached target System Initialization.\r\r\n         Starting lxd-unix.socket.\r\r\n[\u001b[32m  OK  \u001b[0m] Listening on UUID daemon activation socket.\r\r\n[\u001b[32m  OK  \u001b[0m] Listening on ACPID Listen Socket.\r\r\n         Starting Seed the pseudo random number generator on first boot...\r\r\n[\u001b[32m  OK  \u001b[0m] Listening on D-Bus System Message Bus Socket.\r\r\n[\u001b[32m  OK  \u001b[0m] Started Trigger resolvconf update for networkd DNS.\r\r\n[\u001b[32m  OK  \u001b[0m] Reached target Paths.\r\r\n[\u001b[32m  OK  \u001b[0m] Started Daily Cleanup of Temporary Directories.\r\r\n[\u001b[32m  OK  \u001b[0m] Reached target Timers.\r\r\n[\u001b[32m  OK  \u001b[0m] Listening on lxd-unix.socket.\r\r\n[\u001b[32m  OK  \u001b[0m] Reached target Sockets.\r\r\n[\u001b[32m  OK  \u001b[0m] Reached target Basic System.\r\r\n         Starting LSB: Set the CPU Frequency Scaling governor to \"ondemand\"...\r\r\n         Starting LSB: automatic crash report generation...\r\r\n         Starting Initial cloud-init job (pre-networking)...\r\r\n[\u001b[32m  OK  \u001b[0m] Started Cgroup management daemon.\r\r\n         Starting System Logging Service...\r\r\n[\u001b[32m  OK  \u001b[0m] Started D-Bus System Message Bus.\r\r\nnetworking.service\r\r\ncgmanager.service\r\r\ndbus.service\r\r\natd.service\r\r\n         Starting Login Service...\r\r\n[\u001b[32m  OK  \u001b[0m] Started Deferred execution scheduler.\r\r\n         Starting LSB: Record successful boot for GRUB...\r\r\n         Starting Accounts Service...\r\r\n[\u001b[32m  OK  \u001b[0m] Started Regular background program processing daemon.\r\r\n[\u001b[32m  OK  \u001b[0m] Started Hyper-V KVP Protocol Daemon.\r\r\n         Starting LSB: Starts the Micro Name Service Cache Daemon...\r\r\n[\u001b[32m  OK  \u001b[0m] Started Hyper-V VSS Protocol Daemon.\r\r\n         Starting Thermal Daemon Service...\r\r\n         Starting Restore /etc/resolv.conf i...e the ppp link was shut down....\r\r\n[\u001b[32m  OK  \u001b[0m] Started Hyper-V File Copy Protocol Daemon.\r\r\n         Starting LSB: daemon to balance interrupts for SMP systems...\r\r\n[\u001b[32m  OK  \u001b[0m] Started FUSE filesystem for LXC.\r\r\n[\u001b[32m  OK  \u001b[0m] Started Wait for all \"auto\" /etc/ne...be up for network-online.target.\r\r\n[\u001b[32m  OK  \u001b[0m] Started LSB: Set the CPU Frequency Scaling governor to \"ondemand\".\r\r\n[\u001b[32m  OK  \u001b[0m] Started LSB: automatic crash report generation.\r\r\n[\u001b[32m  OK  \u001b[0m] Started Restore /etc/resolv.conf if...ore the ppp link was shut down..\r\r\n[\u001b[32m  OK  \u001b[0m] Reached target Network is Online.\r\r\n         Starting /etc/rc.local Compatibility...\r\r\n         Starting LXC network bridge setup...\r\r\n[\u001b[32m  OK  \u001b[0m] Started /etc/rc.local Compatibility.\r\r\n[\u001b[32m  OK  \u001b[0m] Started Login Service.\r\r\n[\u001b[32m  OK  \u001b[0m] Started LSB: Starts the Micro Name Service Cache Daemon.\r\r\ncron.service\r\r\n[\u001b[32m  OK  \u001b[0m] Started LSB: daemon to balance interrupts for SMP systems.\r\r\n[\u001b[32m  OK  \u001b[0m] Started LSB: Record successful boot for GRUB.\r\r\nhv-kvp-daemon.service\r\r\nhv-vss-daemon.service\r\r\nhv-fcopy-daemon.service\r\r\nlxcfs.service\r\r\nrun-cgmanager-fs.mount\r\r\nifup-wait-all-auto.service\r\r\nondemand.service\r\r\napport.service\r\r\nrc-local.service\r\r\nvar-lib-lxcfs.mount\r\r\nsystemd-logind.service\r\r\nunscd.service\r\r\nirqbalance.service\r\r\ngrub-common.service\r\r\n         Starting Authenticate and Authorize Users to Run Privileged Tasks...\r\r\n[\u001b[32m  OK  \u001b[0m] Started Thermal Daemon Service.\r\r\nthermald.service\r\r\npolkitd.service\r\r\n[\u001b[32m  OK  \u001b[0m] Started Authenticate and Authorize Users to Run Privileged Tasks.\r\r\n[\u001b[32m  OK  \u001b[0m] Started Accounts Service.\r\r\naccounts-daemon.service\r\r\n[\u001b[32m  OK  \u001b[0m] Started LXC network bridge setup.\r\r\n         Starting LXC Container Initialization and Autoboot Code...\r\r\nlxc-net.service\r\r\n[\u001b[32m  OK  \u001b[0m] Started LXC Container Initialization and Autoboot Code.\r\r\n         Starting Container hypervisor based on LXC - boot time check...\r\r\nlxc.service\r\r\n[\u001b[32m  OK  \u001b[0m] Started Seed the pseudo random number generator on first boot.\r\r\n[   38.219781] cloud-init[764]: Cloud-init v. 0.7.7 running 'init-local' at Tue, 16 Aug 2016 07:50:14 +0000. Up 38.00 seconds.\r\r\n[\u001b[32m  OK  \u001b[0m] Started Initial cloud-init job (pre-networking).\r\r\n         Starting Initial cloud-init job (metadata service crawler)...\r\r\ncloud-init-local.service\r\r\n[   38.764161] blk_update_request: I/O error, dev fd0, sector 0\r\n[   38.812091] blk_update_request: I/O error, dev fd0, sector 0\r\n[\u001b[32m  OK  \u001b[0m] Started Container hypervisor based on LXC - boot time check.\r\r\ntmp-tmpqr4nfyap.mount\r\r\n[   38.968236] cloud-init[1034]: + i=eth0\r\r\n[   38.972852] cloud-init[1034]: + x=0\r\r\n[   38.973023] cloud-init[1034]: + ifdown eth0\r\r\n[   38.995420] cloud-init[1034]: Killed old client process\r\r\n[\u001b[32m  OK  \u001b[0m] Started System Logging Service.\r\r\nrsyslog.service\r\r\n[   39.996109] cloud-init[1034]: Internet Systems Consortium DHCP Client 4.3.1\r\r\n[   39.996420] cloud-init[1034]: Copyright 2004-2014 Internet Systems Consortium.\r\r\n[   39.996699] cloud-init[1034]: All rights reserved.\r\r\n[   39.998812] cloud-init[1034]: For info, please visit https://www.isc.org/software/dhcp/\r\r\n[   40.009987] cloud-init[1034]: Listening on LPF/eth0/00:0d:3a:13:79:76\r\r\n[   40.010400] cloud-init[1034]: Sending on   LPF/eth0/00:0d:3a:13:79:76\r\r\n[   40.010831] cloud-init[1034]: Sending on   Socket/fallback\r\r\n[   40.067707] cloud-init[1034]: DHCPRELEASE on eth0 to 168.63.129.16 port 67 (xid=0x7202ac39)\r\r\n[   40.122240] cloud-init[1034]: + ifup eth0\r\r\n[   40.136299] cloud-init[1034]: Internet Systems Consortium DHCP Client 4.3.1\r\r\n[   40.138777] cloud-init[1034]: Copyright 2004-2014 Internet Systems Consortium.\r\r\n[   40.139113] cloud-init[1034]: All rights reserved.\r\r\n[   40.139441] cloud-init[1034]: For info, please visit https://www.isc.org/software/dhcp/\r\r\n[   40.150361] cloud-init[1034]: Listening on LPF/eth0/00:0d:3a:13:79:76\r\r\n[   40.150690] cloud-init[1034]: Sending on   LPF/eth0/00:0d:3a:13:79:76\r\r\n[   40.151017] cloud-init[1034]: Sending on   Socket/fallback\r\r\n[   40.151198] cloud-init[1034]: DHCPDISCOVER on eth0 to 255.255.255.255 port 67 interval 3 (xid=0xf69daf38)\r\r\n[   40.184106] cloud-init[1034]: DHCPREQUEST of 10.0.0.4 on eth0 to 255.255.255.255 port 67 (xid=0x38af9df6)\r\r\n[   40.184272] cloud-init[1034]: DHCPOFFER of 10.0.0.4 from 168.63.129.16\r\r\n[   40.199296] cloud-init[1034]: DHCPACK of 10.0.0.4 from 168.63.129.16\r\r\n[   40.265469] cloud-init[1034]: bound to 10.0.0.4 -- renewal in 4294967295 seconds.\r\r\n[   40.281559] cloud-init[1034]: + exit 0\r\r\n[\u001b[32m  OK  \u001b[0m] Started Azure Linux Agent.\r\r\nwalinuxagent.service\r\r\n2016/08/16 07:50:17.943638 INFO Azure Linux Agent Version:2.1.3\r\r\n2016/08/16 07:50:17.950224 INFO OS: ubuntu 15.10\r\r\n2016/08/16 07:50:17.950356 INFO Python: 3.4.3\r\r\n2016/08/16 07:50:17.950541 INFO Run daemon\r\r\n2016/08/16 07:50:17.950657 INFO run Ubuntu provision handler\r\r\n2016/08/16 07:50:17.950775 INFO Waiting cloud-init to copy ovf-env.xml.\r\r\n2016/08/16 07:50:17.952384 INFO Detect protocol endpoints\r\r\n2016/08/16 07:50:17.952544 INFO WireServer endpoint is not found. Rerun dhcp handler\r\r\n2016/08/16 07:50:17.952658 INFO Send dhcp request\r\r\n2016/08/16 07:50:18.072932 INFO Configure routes\r\r\n2016/08/16 07:50:18.073068 INFO Gateway:10.0.0.1\r\r\n2016/08/16 07:50:18.078032 INFO Routes:None\r\r\n2016/08/16 07:50:18.079404 INFO Wire server endpoint:168.63.129.16\r\r\n2016/08/16 07:50:18.086317 INFO Fabric preferred wire protocol version:2015-04-05\r\r\n2016/08/16 07:50:18.086625 INFO Wire protocol version:2012-11-30\r\r\n2016/08/16 07:50:18.086738 WARNING Server prefered version:2015-04-05\r\r\n[   44.592205] blk_update_request: I/O error, dev fd0, sector 0\r\n[   44.640135] blk_update_request: I/O error, dev fd0, sector 0\r\ntmp-tmp951dffl9.mount\r\r\n2016/08/16 07:50:22.403537 INFO Sleep 15 seconds to prevent throttling\r\r\n[   47.240470] cloud-init[1034]: Cloud-init v. 0.7.7 running 'init' at Tue, 16 Aug 2016 07:50:14 +0000. Up 38.50 seconds.\r\r\n[   47.244891] cloud-init[1034]: ci-info: ++++++++++++++++++++++++++++++++++++++Net device info+++++++++++++++++++++++++++++++++++++++\r\r\n[   47.245053] cloud-init[1034]: ci-info: +--------+------+------------------------------+---------------+-------+-------------------+\r\r\n[   47.245214] cloud-init[1034]: ci-info: | Device |  Up  |           Address            |      Mask     | Scope |     Hw-Address    |\r\r\n[   47.245355] cloud-init[1034]: ci-info: +--------+------+------------------------------+---------------+-------+-------------------+\r\r\n[   47.245492] cloud-init[1034]: ci-info: |  eth0  | True |           10.0.0.4           | 255.255.255.0 |   .   | 00:0d:3a:13:79:76 |\r\r\n[   47.245632] cloud-init[1034]: ci-info: |  eth0  | True | fe80::20d:3aff:fe13:7976/64  |       .       |  link | 00:0d:3a:13:79:76 |\r\r\n[   47.255711] cloud-init[1034]: ci-info: | lxcbr0 | True |           10.0.1.1           | 255.255.255.0 |   .   | da:ca:63:87:2b:30 |\r\r\n[   47.255857] cloud-init[1034]: ci-info: | lxcbr0 | True | fe80::d8ca:63ff:fe87:2b30/64 |       .       |  link | da:ca:63:87:2b:30 |\r\r\n[   47.256045] cloud-init[1034]: ci-info: |   lo   | True |          127.0.0.1           |   255.0.0.0   |   .   |         .         |\r\r\n[   47.256191] cloud-init[1034]: ci-info: |   lo   | True |           ::1/128            |       .       |  host |         .         |\r\r\n[   47.256329] cloud-init[1034]: ci-info: +--------+------+------------------------------+---------------+-------+-------------------+\r\r\n[   47.256465] cloud-init[1034]: ci-info: +++++++++++++++++++++++++++++Route IPv4 info++++++++++++++++++++++++++++++\r\r\n[   47.256600] cloud-init[1034]: ci-info: +-------+---------------+----------+-----------------+-----------+-------+\r\r\n[   47.256735] cloud-init[1034]: ci-info: | Route |  Destination  | Gateway  |     Genmask     | Interface | Flags |\r\r\n[   47.256869] cloud-init[1034]: ci-info: +-------+---------------+----------+-----------------+-----------+-------+\r\r\n[   47.257001] cloud-init[1034]: ci-info: |   0   |    0.0.0.0    | 10.0.0.1 |     0.0.0.0     |    eth0   |   UG  |\r\r\n[   47.257133] cloud-init[1034]: ci-info: |   1   |    10.0.0.0   | 0.0.0.0  |  255.255.255.0  |    eth0   |   U   |\r\r\n[   47.257268] cloud-init[1034]: ci-info: |   2   |    10.0.1.0   | 0.0.0.0  |  255.255.255.0  |   lxcbr0  |   U   |\r\r\n[   47.257400] cloud-init[1034]: ci-info: |   3   | 168.63.129.16 | 10.0.0.1 | 255.255.255.255 |    eth0   |  UGH  |\r\r\n[   47.257532] cloud-init[1034]: ci-info: +-------+---------------+----------+-----------------+-----------+-------+\r\r\n[   47.260072] cloud-init[1034]: Generating public/private rsa key pair.\r\r\n[   47.260235] cloud-init[1034]: Your identification has been saved in /etc/ssh/ssh_host_rsa_key.\r\r\n[   47.260406] cloud-init[1034]: Your public key has been saved in /etc/ssh/ssh_host_rsa_key.pub.\r\r\n[   47.260556] cloud-init[1034]: The key fingerprint is:\r\r\n[   47.260706] cloudinit[1034]: SHA256:GLfpRc5CvaAUYfV0XWbLYgwyEuNPs3aL6NcFpunIA30 root@xplatvm\r\r\n[   47.260842] cloud-init[1034]: The key's randomart image is:\r\r\n[   47.260975] cloud-init[1034]: +---[RSA 2048]----+\r\r\n[   47.261108] cloud-init[1034]: |      +*oo.... .+|\r\r\n[   47.261243] cloud-init[1034]: |     ...o+o.o oo.|\r\r\n[   47.261377] cloud-init[1034]: |      o.+o+  + o |\r\r\n[   47.261509] cloud-init[1034]: |     . *oBo+. .  |\r\r\n[   47.261642] cloud-init[1034]: |      + S+O..    |\r\r\n[   47.261775] cloud-init[1034]: |     . ooEo ..   |\r\r\n[   47.261906] cloud-init[1034]: |      o.=....    |\r\r\n[   47.262037] cloud-init[1034]: |      .+ o .     |\r\r\n[   47.262169] cloud-init[1034]: |       .o        |\r\r\n[   47.262300] cloud-init[1034]: +----[SHA256]-----+\r\r\n[   47.262434] cloud-init[1034]: Generating public/private dsa key pair.\r\r\n[   47.262568] cloud-init[1034]: Your identification has been saved in /etc/ssh/ssh_host_dsa_key.\r\r\n[   47.262703] cloud-init[1034]: Your public key has been saved in /etc/ssh/ssh_host_dsa_key.pub.\r\r\n[   47.262837] cloud-init[1034]: The key fingerprint is:\r\r\n[   47.262969] cloud-init[1034]: SHA256:IlsArRp6ODivYZvp4HYiHbX66DbaqZGf8b7+CGL9res root@xplatvm\r\r\n[   47.263102] cloud-init[1034]: The key's randomart image is:\r\r\n[   47.263234] cloud-init[1034]: +---[DSA 1024]----+\r\r\n[   47.263366] cloud-init[1034]: |  ..             |\r\r\n[   47.263497] cloud-init[1034]: |   ..            |\r\r\n[   47.263621] cloud-init[1034]: |   ..            |\r\r\n[   47.264021] cloud-init[1034]: |. . ..           |\r\r\n[   47.264180] cloud-init[1034]: |o+ ...o S        |\r\r\n[   47.264321] cloud-init[1034]: |B.+ .+ .         |\r\r\n[   47.283987] cloud-init[1034]: |*Oo+.            |\r\r\n[   47.284149] cloud-init[1034]: |*OXO...          |\r\r\n[   47.284288] cloud-init[1034]: |B%X=OE+.         |\rinit[1034]: SHA256:GLfpRc5CvaAUYfV0XWbLYgwyEuNPs3aL6NcFpunIA30 root@xplatvm\r\r\n[   47.260842] cloud-init[1034]: The key's randomart image is:\r\r\n[   47.260975] cloud-init[1034]: +---[RSA 2048]----+\r\r\n[   47.261108] cloud-init[1034]: |      +*oo.... .+|\r\r\n[   47.261243] cloud-init[1034]: |     ...o+o.o oo.|\r\r\n[   47.261377] cloud-init[1034]: |      o.+o+  + o |\r\r\n[   47.261509] cloud-init[1034]: |     . *oBo+. .  |\r\r\n[   47.261642] cloud-init[1034]: |      + S+O..    |\r\r\n[   47.261775] cloud-init[1034]: |     . ooEo ..   |\r\r\n[   47.261906] cloud-init[1034]: |      o.=....    |\r\r\n[   47.262037] cloud-init[1034]: |      .+ o .     |\r\r\n[   47.262169] cloud-init[1034]: |       .o        |\r\r\n[   47.262300] cloud-init[1034]: +----[SHA256]-----+\r\r\n[   47.262434] cloud-init[1034]: Generating public/private dsa key pair.\r\r\n[   47.262568] cloud-init[1034]: Your identification has been saved in /etc/ssh/ssh_host_dsa_key.\r\r\n[   47.262703] cloud-init[1034]: Your public key has been saved in /etc/ssh/ssh_host_dsa_key.pub.\r\r\n[   47.262837] cloud-init[1034]: The key fingerprint is:\r\r\n[   47.262969] cloud-init[1034]: SHA256:IlsArRp6ODivYZvp4HYiHbX66DbaqZGf8b7+CGL9res root@xplatvm\r\r\n[   47.263102] cloud-init[1034]: The key's randomart image is:\r\r\n[   47.263234] cloud-init[1034]: +---[DSA 1024]----+\r\r\n[   47.263366] cloud-init[1034]: |  ..             |\r\r\n[   47.263497] cloud-init[1034]: |   ..            |\r\r\n[   47.263621] cloud-init[1034]: |   ..            |\r\r\n[   47.264021] cloud-init[1034]: |. . ..           |\r\r\n[   47.264180] cloud-init[1034]: |o+ ...o S        |\r\r\n[   47.264321] cloud-init[1034]: |B.+ .+ .         |\r\r\n[   47.283987] cloud-init[1034]: |*Oo+.            |\r\r\n[   47.284149] cloud-init[1034]: |*OXO...          |\r\r\n[   47.284288] cloud-init[1034]: |B%X=OE+.         |\r\r\n[   47.284424] cloud-init[1034]: +----[SHA256]-----+\r\r\n[   47.284557] cloud-init[1034]: Generating public/private ecdsa key pair.\r\r\n[   47.284696] cloud-init[1034]: Your identification has been saved in /etc/ssh/ssh_host_ecdsa_key.\r\r\n[   47.284830] cloud-init[1034]: Your public key has been saved in /etc/ssh/ssh_host_ecdsa_key.pub.\r\r\n[   47.284968] cloud-init[1034]: The key fingerprint is:\r\r\n[   47.285101] cloud-init[1034]: SHA256:KiFqDojl2ZqFj4pLTAnr64OBW9i5f85acVlI0tAVoh8 root@xplatvm\r\r\n[   47.285234] cloud-init[1034]: The key's randomart image is:\r\r\n[   47.285365] cloud-init[1034]: +---[ECDSA 256]---+\r\r\n[   47.285497] cloud-init[1034]: |      o+o.o.     |\r\r\n[   47.285627] cloud-init[1034]: |       +oo       |\r\r\n[   47.285759] cloud-init[1034]: |.     . E .      |\r\r\n[   47.285889] cloud-init[1034]: |...    . +       |\r\r\n[   47.286023] cloud-init[1034]: |o=o.. . S        |\r\r\n[   47.286154] cloud-init[1034]: |X++= . +         |\r\r\n[   47.286284] cloud-init[1034]: |*O+.+ o          |\r\r\n[   47.286416] cloud-init[1034]: |O.o* +.          |\r\r\n[   47.286547] cloud-init[1034]: |=*=.++o          |\r\r\n[   47.286676] cloud-init[1034]: +----[SHA256]-----+\r\r\n[   47.286807] cloud-init[1034]: Generating public/private ed25519 key pair.\r\r\n[   47.286940] cloud-init[1034]: Your identification has been saved in /etc/ssh/ssh_host_ed25519_key.\r\r\n[   47.287073] cloud-init[1034]: Your public key has been saved in /etc/ssh/ssh_host_ed25519_key.pub.\r\r\n[   47.287208] cloud-init[1034]: The key fingerprint is:\r\r\n[   47.287339] cloud-init[1034]: SHA256:dNUtdEOCatwCGtYpfjQd/+oeHJody3MJWSTNtY/P7II root@xplatvm\r\r\n[   47.287472] cloud-init[1034]: The key's randomart image is:\r\r\n[   47.287603] cloud-init[1034]: +--[ED25519 256]--+\r\r\n[   47.287734] cloud-init[1034]: |      . o...==+=.|\r\r\n[   47.287865] cloud-init[1034]: |     + * ..ooo+.+|\r\r\n[   47.287995] cloud-init[1034]: |    o = = +. . o |\r\r\n[   47.288144] cloud-init[1034]: |     o o * .+  ..|\r\r\n[   47.288277] cloud-init[1034]: |      . S .= .. .|\r\r\n[   47.288411] cloud-init[1034]: |          * * .+ |\r\r\n[   47.288542] cloud-init[1034]: |         o O +  +|\r\r\n[   47.290767] cloud-init[1034]: |          . E .. |\r\r\n[   47.290971] cloud-init[1034]: |          .o   ..|\r\r\n[   47.291157] cloud-init[1034]: +----[SHA256]-----+\r\r\n[\u001b[32m  OK  \u001b[0m] Started Initial cloud-init job (metadata service crawler).\r\r\n         Starting Permit User Sessions...\r\r\n[\u001b[32m  OK  \u001b[0m] Reached target Cloud-config availability.\r\r\n         Starting Apply the settings specified in cloud-config...\r\r\n[\u001b[32m  OK  \u001b[0m] Started OpenBSD Secure Shell server.\r\r\n[\u001b[32m  OK  \u001b[0m] Started Permit User Sessions.\r\r\n         Starting Terminate Plymouth Boot Screen...\r\r\n         Starting Wait for Plymouth Boot Screen to Quit...\r\r\ncloud-init.service\r\r\nssh.service\r\r\nsystemd-user-sessions.service\r\r\n[   53.521736] cloud-init[1311]: Generating locales...\r\n[   53.588863] cloud-init[1311]: en_US.UTF-8... up-to-date\r\n[   53.606806] cloud-init[1311]: Generation complete.\r\n\r\r\nUbuntu 15.10 xplatvm ttyS0\r\n\r\nxplatvm login:
[   55.516160] cloud-init[1311]: Cloud-init v. 0.7.7 running 'modules:config' at Tue, 16 Aug 2016 07:50:24 +0000. Up 47.76 seconds.\r\nci-info: ++Authorized keys from /home/azureuser/.ssh/authorized_keys for user azureuser+++\r\nci-info: +---------+-------------------------------------------------+---------+---------+\r\nci-info: | Keytype |                Fingerprint (md5)                | Options | Comment |\r\nci-info: +---------+-------------------------------------------------+---------+---------+\r\nci-info: | ssh-rsa | 8f:df:8f:18:ba:cd:cc:63:7c:1f:ea:ae:ba:09:40:65 |    -    |    -    |\r\nci-info: +---------+-------------------------------------------------+---------+---------+\r\n<14>Aug 16 07:50:32 ec2: \r\n<14>Aug 16 07:50:32 ec2: #############################################################\r\n<14>Aug 16 07:50:32 ec2: -----BEGIN SSH HOST KEY FINGERPRINTS-----\r\n<14>Aug 16 07:50:32 ec2: 1024 SHA256:IlsArRp6ODivYZvp4HYiHbX66DbaqZGf8b7+CGL9res root@xplatvm (DSA)\r\n<14>Aug 16 07:50:32 ec2: 256 SHA256:KiFqDojl2ZqFj4pLTAnr64OBW9i5f85acVlI0tAVoh8 root@xplatvm (ECDSA)\r\n<14>Aug 16 07:50:32 ec2: 256 SHA256:dNUtdEOCatwCGtYpfjQd/+oeHJody3MJWSTNtY/P7II root@xplatvm (ED25519)\r\n<14>Aug 16 07:50:32 ec2: 2048 SHA256:GLfpRc5CvaAUYfV0XWbLYgwyEuNPs3aL6NcFpunIA30 root@xplatvm (RSA)\r\n<14>Aug 16 07:50:32 ec2: -----END SSH HOST KEY FINGERPRINTS-----\r\n<14>Aug 16 07:50:32 ec2: #############################################################\r\n-----BEGIN SSH HOST KEY KEYS-----\r\necdsa-sha2-nistp256 AAAAE2VjZHNhLXNoYTItbmlzdHAyNTYAAAAIbmlzdHAyNTYAAABBBGlF6fNkVtGqIFhB+qjEcEWEgYZDhT2AHqan1khQ0Bvt47NHmM8kx8OwFqpdmGkH511kzTgKrGIP35OhGsGBvJI= root@xplatvm\r\nssh-ed25519 AAAAC3NzaC1lZDI1NTE5AAAAIIsFTZEQJgYYBFTawOCLb9XYmyeuVMwspoYHt/pCriTl root@xplatvm\r\nssh-rsa AAAAB3NzaC1yc2EAAAADAQABAAABAQCyhdxzkyZbjQbK3HHQGR7YGkoMIoMZQju/5R+romW1Hd3CNc1AfSHqhD8uDQ64/tDR6CGq3fFOmpcHwFL+Pw/TwcctEedC+CVrkgp9ySXxpr+dMwhPJM0j1AbCA7wsQn7PlXLMfxo54gI2Z94uiAUIgCMP2IoRBInit4sEcA0ZCu7wd2OK+p756jf9vMFcCtYBdXlOLl1hegRWm7F6dFvxazYF2/flfWxxBH7MnL8CMQOz5NAO910uHnl1hkE9xihkm7tzmvrsZMqgpgm/tCypd1dR+VjC/JQuePQ2rCG9s2kSU3alvVtBRo8/tDbulvPI8dZ+8J05T/TxcktJyoWV root@xplatvm\r\n-----END SSH HOST KEY KEYS-----\r\n[   56.109165] cloud-init[1417]: Cloud-init v. 0.7.7 running 'modules:final' at Tue, 16 Aug 2016 07:50:32 +0000. Up 55.75 seconds.\r\n[   56.140226] cloud-init[1417]: Cloud-init v. 0.7.7 finished at Tue, 16 Aug 2016 07:50:33 +0000. Datasource DataSourceAzureNet [seed=/dev/sr0].  Up 56.10 seconds\r\n2016/08/16 07:50:37.426917 INFO Wait for ssh host key to be generated.\r\n2016/08/16 07:50:37.463520 INFO Finished provisioning\r\n2016/08/16 07:50:40.052336 INFO Event: name=WALA, op=Provision, message=Provision succeed\r\n2016/08/16 07:50:40.062723 INFO Detect protocol endpoints\r\n2016/08/16 07:50:40.070353 INFO Start env monitor service.\r\n2016/08/16 07:50:40.078796 INFO Configure routes\r\n2016/08/16 07:50:40.087353 INFO Gateway:10.0.0.1\r\n2016/08/16 07:50:40.093133 INFO Event: name=WALA, op=HeartBeat, message=\r\n2016/08/16 07:50:40.100961 INFO Routes:None\r\n2016/08/16 07:50:40.173453 INFO Set block dev timeout: sda with timeout: 300\r\n2016/08/16 07:50:40.183002 INFO Set block dev timeout: sdb with timeout: 300\r\n2016/08/16 07:50:41.176799 INFO Handle new ext handler config\r\n2016/08/16 07:50:41.183954 INFO No ext handler config found\r\n2016/08/16 07:50:41.469654 INFO Successfully reported vm agent status\r\n2016/08/16 07:52:01.661074 INFO Handle new ext handler config\r\n2016/08/16 07:52:01.668407 INFO No ext handler config found\r\n2016/08/16 07:52:01.782305 INFO Successfully reported vm agent status\r\n2016/08/16 07:56:18.616468 INFO Handle new ext handler config\r\n2016/08/16 07:56:18.627607 INFO No ext handler config found\r\n2016/08/16 07:56:18.671084 INFO Successfully reported vm agent status\r\n\u0000\u0000\u0000\u0000\u0000\u0000\u0000\u0000\u0000\u0000\u0000\u0000\u0000\u0000\u0000\u0000\u0000\u0000\u0000\u0000\u0000\u0000\u0000\u0000\u0000\u0000\u0000\u0000\u0000\u0000\u0000\u0000\u0000\u0000\u0000\u0000\u0000\u0000\u0000\u0000\u0000\u0000\u0000\u0000\u0000\u0000\u0000\u0000\u0000\u0000\u0000\u0000\u0000\u0000\u0000\u0000\u0000\u0000\u0000\u0000\u0000\u0000\u0000\u0000\u0000\u0000\u0000\u0000\u0000\u0000\u0000\u0000\u0000\u0000\u0000\u0000\u0000\u0000\u0000\u0000\u0000\u0000\u0000\u0000\u0000\u0000\u0000\u0000\u0000\u0000\u0000\u0000\u0000\u0000\u0000\u0000\u0000\u0000\u0000\u0000\u0000\u0000\u0000\u0000\u0000\u0000\u0000\u0000\u0000\u0000\u0000\u0000\u0000\u0000\u0000\u0000\u0000\u0000\u0000\u0000\u0000\u0000\u0000\u0000\u0000\u0000\u0000\u0000\u0000\u0000\u0000\u0000\u0000\u0000\u0000\u0000\u0000\u0000\u0000\u0000\u0000\u0000\u0000\u0000\u0000\u0000\u0000\u0000\u0000\u0000\u0000\u0000\u0000\u0000\u0000\u0000\u0000\u0000\u0000\u0000\u0000\u0000\u0000\u0000\u0000\u0000\u0000\u0000\u0000\u0000\u0000\u0000\u0000\u0000\u0000\u0000\u0000\u0000\u0000\u0000\u0000\u0000\u0000\u0000\u0000\u0000\u0000\u0000\u0000\u0000\u0000\u0000\u0000\u0000\u0000\u0000\u0000\u0000\u0000\u0000\u0000\u0000\u0000\u0000\u0000\u0000\u0000\u0000\u0000\u0000\u0000\u0000\u0000\u0000\u0000\u0000\u0000\u0000\u0000\u0000\u0000\u0000\u0000\u0000\u0000\u0000\u0000\u0000\u0000\u0000\u0000\u0000\u0000\u0000\u0000\u0000\u0000\u0000\u0000\u0000\u0000\u0000\u0000\u0000\u0000\u0000\u0000\u0000\u0000\u0000\u0000\u0000\u0000\u0000\u0000\u0000\u0000\u0000\u0000\u0000\u0000\u0000\u0000\u0000\u0000\u0000\u0000\u0000\u0000\u0000\u0000\u0000\u0000\u0000\u0000\u0000\u0000\u0000\u0000\u0000\u0000\u0000\u0000\u0000\u0000\u0000\u0000\u0000\u0000\u0000\u0000\u0000\u0000\u0000\u0000\u0000\u0000\u0000\u0000\u0000\u0000\u0000\u0000\u0000\u0000\u0000\u0000\u0000\u0000\u0000\u0000", { 'content-length': '66560',
  'content-type': 'text/plain',
  'last-modified': 'Tue, 16 Aug 2016 07:56:24 GMT',
  'accept-ranges': 'bytes',
  etag: '"0x8D3C5AAD19168F6"',
  server: 'Windows-Azure-Blob/1.0 Microsoft-HTTPAPI/2.0',
  'x-ms-request-id': '93ac6464-0001-00dc-7393-f78926000000',
  'x-ms-version': '2015-04-05',
  'x-ms-write-protection': 'false',
  'x-ms-lease-status': 'unlocked',
  'x-ms-lease-state': 'available',
  'x-ms-blob-type': 'PageBlob',
  'x-ms-blob-sequence-number': '0',
  date: 'Tue, 16 Aug 2016 07:58:32 GMT' });
 return result; }]];