// This file has been autogenerated.

var profile = require('../../../lib/util/profile');

exports.getMockedProfile = function () {
  var newProfile = new profile.Profile();

  newProfile.addSubscription(new profile.Subscription({
    id: 'e33f361b-53c2-4cc7-b829-78906708387b',
    managementCertificate: {
      key: 'mockedKey',
      cert: 'mockedCert'
    },
    name: 'Microsoft Azure Internal Consumption',
    user: {
      name: 'user@domain.example',
      type: 'servicePrincipal'
    },
    tenantId: '72f988bf-86f1-41af-91ab-2d7cd011db47',
    state: 'Enabled',
    registeredProviders: [],
    isDefault: true
  }, newProfile.environments['AzureCloud']));

  return newProfile;
};

exports.setEnvironment = function() {
  process.env['AZURE_VM_TEST_LOCATION'] = 'eastus';
  process.env['SSHCERT'] = 'test/myCert.pem';
};

exports.scopes = [[function (nock) { 
var result = 
nock('http://management.azure.com:443')
  .get('/subscriptions/e33f361b-53c2-4cc7-b829-78906708387b/resourceGroups/xplatTestGVMCreate6820/providers/Microsoft.Compute/virtualMachines/xplatvm?$expand=instanceView&api-version=2016-03-30')
  .reply(200, "{\r\n  \"properties\": {\r\n    \"vmId\": \"9a99e1e7-bbe9-4e11-a13b-d0e4e4467171\",\r\n    \"availabilitySet\": {\r\n      \"id\": \"/subscriptions/e33f361b-53c2-4cc7-b829-78906708387b/resourceGroups/xplatTestGVMCreate6820/providers/Microsoft.Compute/availabilitySets/XPLATTESTAAVAIL7103\"\r\n    },\r\n    \"hardwareProfile\": {\r\n      \"vmSize\": \"Standard_A1\"\r\n    },\r\n    \"storageProfile\": {\r\n      \"imageReference\": {\r\n        \"publisher\": \"canonical\",\r\n        \"offer\": \"UbuntuServer\",\r\n        \"sku\": \"15.10\",\r\n        \"version\": \"latest\"\r\n      },\r\n      \"osDisk\": {\r\n        \"osType\": \"Linux\",\r\n        \"name\": \"cli494575748a3a4cca-os-1458081934767\",\r\n        \"createOption\": \"FromImage\",\r\n        \"vhd\": {\r\n          \"uri\": \"https://xplatteststorage17193.blob.core.windows.net/xplatteststoragecnt15121/cli494575748a3a4cca-os-1458081934767.vhd\"\r\n        },\r\n        \"caching\": \"ReadWrite\"\r\n      },\r\n      \"dataDisks\": []\r\n    },\r\n    \"osProfile\": {\r\n      \"computerName\": \"xplatvm\",\r\n      \"adminUsername\": \"azureuser\",\r\n      \"linuxConfiguration\": {\r\n        \"disablePasswordAuthentication\": false,\r\n        \"ssh\": {\r\n          \"publicKeys\": [\r\n            {\r\n              \"path\": \"/home/azureuser/.ssh/authorized_keys\",\r\n              \"keyData\": \"MIID/zCCAuegAwIBAgIJAMUAa+XVLvAeMA0GCSqGSIb3DQEBBQUAMIGVMQswCQYD\\r\\nVQQGEwJJbjESMBAGA1UECAwJS2FybmF0YWthMRIwEAYDVQQHDAlCYW5nYWxvcmUx\\r\\nEDAOBgNVBAoMB2JyaWxsaW8xEjAQBgNVBAsMCW1pY3Jvc29mdDEQMA4GA1UEAwwH\\r\\nYnJpbGxpbzEmMCQGCSqGSIb3DQEJARYXc3JlZWthbnRoYnNAeWFob28uY28uaW4w\\r\\nHhcNMTUwMzA1MTE1MzEyWhcNMTYwMzA0MTE1MzEyWjCBlTELMAkGA1UEBhMCSW4x\\r\\nEjAQBgNVBAgMCUthcm5hdGFrYTESMBAGA1UEBwwJQmFuZ2Fsb3JlMRAwDgYDVQQK\\r\\nDAdicmlsbGlvMRIwEAYDVQQLDAltaWNyb3NvZnQxEDAOBgNVBAMMB2JyaWxsaW8x\\r\\nJjAkBgkqhkiG9w0BCQEWF3NyZWVrYW50aGJzQHlhaG9vLmNvLmluMIIBIjANBgkq\\r\\nhkiG9w0BAQEFAAOCAQ8AMIIBCgKCAQEAyUNKaOuT0NK+S8Ck81zy9xJ6hXfZvAC6\\r\\nlhbmf/6s/WVimJ/TX5NMhQJwC9k6ZIF92KfYrojHNvHDufSZ3EtKUVwRFCDjmgMT\\r\\nDL09WkGaZt7gROYFK0iZ4KrYGovUwlwum9fHB24OJiOV4bi0ek62/rHx9fjYZpvp\\r\\naIH2PV/hN8SCZ0x7HJMberD4gVoU/Kv42nNvwjLUW6IZfVx/Gv5OeFDtWHfSvUEF\\r\\ndadHKTPn3Ab20Iu6gZIbLO9Vuf38/IpaYGfnFCouHdzmiTiLieYNe3CUPcOJNSv7\\r\\n1G8KYpx3uNJRkJPab5OsRyJw75Gvzkr9OgaPss9tVD6Gt68u3WQtVQIDAQABo1Aw\\r\\nTjAdBgNVHQ4EFgQUogvhXB+xZ2JJPfLO6cVs4ForzscwHwYDVR0jBBgwFoAUogvh\\r\\nXB+xZ2JJPfLO6cVs4ForzscwDAYDVR0TBAUwAwEB/zANBgkqhkiG9w0BAQUFAAOC\\r\\nAQEAdDj7qUNJ45xlF5cjd+4x5NHvAD1VTjOKu+Xh/uzSSjXqB2F0aOMWA9lx0qaQ\\r\\noJgHkGxj3zz/W7ik/cVGL2O+vRIOKv/y0OPogEmS3Hw+P+O6OGE7x1G6YN0zLVoL\\r\\nu4BN/BEYmjttxM9I7qqL7C5cJoE+K3s/w1/pt/68ohJcr7F9Ohi7cso62xuGY1Rm\\r\\nksAh2EUDsU9JV/P+C9AMpLSrb03JJYzVj4w1RHbrmw2AjFyGXdQYkggyXisg+Ifr\\r\\n5gbNN7HigpHf7b2i3CQBUqp9m23frh5AhnLI2qp3UXgc52U5ieLdi/t6j0TTZqqY\\r\\nHhHqofKrj938HHlBNpC5/LVh3w==\\r\\n\"\r\n            }\r\n          ]\r\n        }\r\n      },\r\n      \"secrets\": []\r\n    },\r\n    \"networkProfile\": {\"networkInterfaces\":[{\"id\":\"/subscriptions/e33f361b-53c2-4cc7-b829-78906708387b/resourceGroups/xplatTestGVMCreate6820/providers/Microsoft.Network/networkInterfaces/xplattestnic\"}]},\r\n    \"diagnosticsProfile\": {\r\n      \"bootDiagnostics\": {\r\n        \"enabled\": true,\r\n        \"storageUri\": \"https://xplatteststorage17193.blob.core.windows.net/\"\r\n      }\r\n    },\r\n    \"provisioningState\": \"Succeeded\",\r\n    \"instanceView\": {\r\n      \"platformUpdateDomain\": 0,\r\n      \"platformFaultDomain\": 0,\r\n      \"vmAgent\": {\r\n        \"vmAgentVersion\": \"2.1.2\",\r\n        \"statuses\": [\r\n          {\r\n            \"code\": \"ProvisioningState/succeeded\",\r\n            \"level\": \"Info\",\r\n            \"displayStatus\": \"Ready\",\r\n            \"message\": \"Guest Agent is running\",\r\n            \"time\": \"2016-03-15T23:02:57+00:00\"\r\n          }\r\n        ],\r\n        \"extensionHandlers\": []\r\n      },\r\n      \"disks\": [\r\n        {\r\n          \"name\": \"cli494575748a3a4cca-os-1458081934767\",\r\n          \"statuses\": [\r\n            {\r\n              \"code\": \"ProvisioningState/succeeded\",\r\n              \"level\": \"Info\",\r\n              \"displayStatus\": \"Provisioning succeeded\",\r\n              \"time\": \"2016-03-15T23:01:32.2896824+00:00\"\r\n            }\r\n          ]\r\n        }\r\n      ],\r\n      \"bootDiagnostics\": {\r\n        \"consoleScreenshotBlobUri\": \"https://xplatteststorage17193.blob.core.windows.net/bootdiagnostics-xplatvm-9a99e1e7-bbe9-4e11-a13b-d0e4e4467171/xplatvm.9a99e1e7-bbe9-4e11-a13b-d0e4e4467171.screenshot.bmp\",\r\n        \"serialConsoleLogBlobUri\": \"https://xplatteststorage17193.blob.core.windows.net/bootdiagnostics-xplatvm-9a99e1e7-bbe9-4e11-a13b-d0e4e4467171/xplatvm.9a99e1e7-bbe9-4e11-a13b-d0e4e4467171.serialconsole.log\"\r\n      },\r\n      \"statuses\": [\r\n        {\r\n          \"code\": \"ProvisioningState/succeeded\",\r\n          \"level\": \"Info\",\r\n          \"displayStatus\": \"Provisioning succeeded\",\r\n          \"time\": \"2016-03-15T23:02:35.8839016+00:00\"\r\n        },\r\n        {\r\n          \"code\": \"PowerState/running\",\r\n          \"level\": \"Info\",\r\n          \"displayStatus\": \"VM running\"\r\n        }\r\n      ]\r\n    }\r\n  },\r\n  \"id\": \"/subscriptions/e33f361b-53c2-4cc7-b829-78906708387b/resourceGroups/xplatTestGVMCreate6820/providers/Microsoft.Compute/virtualMachines/xplatvm\",\r\n  \"name\": \"xplatvm\",\r\n  \"type\": \"Microsoft.Compute/virtualMachines\",\r\n  \"location\": \"eastus\",\r\n  \"tags\": {\r\n    \"a\": \"b\",\r\n    \"b\": \"c\",\r\n    \"d\": \"\"\r\n  }\r\n}", { 'cache-control': 'no-cache',
  pragma: 'no-cache',
  'content-length': '5207',
  'content-type': 'application/json; charset=utf-8',
  expires: '-1',
  'strict-transport-security': 'max-age=31536000; includeSubDomains',
  'x-ms-served-by': 'db2c81f2-c6fa-41a7-b70e-bc4bed3c3b56_131020128379995003',
  'x-ms-request-id': 'f66622f2-ab10-4e8f-aa96-c00f419513d5',
  server: 'Microsoft-HTTPAPI/2.0, Microsoft-HTTPAPI/2.0',
  'x-ms-ratelimit-remaining-subscription-reads': '14961',
  'x-ms-correlation-request-id': 'c9780e4f-8872-47b7-a998-8606c8a414ce',
  'x-ms-routing-request-id': 'CENTRALUS:20160315T230307Z:c9780e4f-8872-47b7-a998-8606c8a414ce',
  date: 'Tue, 15 Mar 2016 23:03:07 GMT',
  connection: 'close' });
 return result; },
function (nock) { 
var result = 
nock('https://management.azure.com:443')
  .get('/subscriptions/e33f361b-53c2-4cc7-b829-78906708387b/resourceGroups/xplatTestGVMCreate6820/providers/Microsoft.Compute/virtualMachines/xplatvm?$expand=instanceView&api-version=2016-03-30')
  .reply(200, "{\r\n  \"properties\": {\r\n    \"vmId\": \"9a99e1e7-bbe9-4e11-a13b-d0e4e4467171\",\r\n    \"availabilitySet\": {\r\n      \"id\": \"/subscriptions/e33f361b-53c2-4cc7-b829-78906708387b/resourceGroups/xplatTestGVMCreate6820/providers/Microsoft.Compute/availabilitySets/XPLATTESTAAVAIL7103\"\r\n    },\r\n    \"hardwareProfile\": {\r\n      \"vmSize\": \"Standard_A1\"\r\n    },\r\n    \"storageProfile\": {\r\n      \"imageReference\": {\r\n        \"publisher\": \"canonical\",\r\n        \"offer\": \"UbuntuServer\",\r\n        \"sku\": \"15.10\",\r\n        \"version\": \"latest\"\r\n      },\r\n      \"osDisk\": {\r\n        \"osType\": \"Linux\",\r\n        \"name\": \"cli494575748a3a4cca-os-1458081934767\",\r\n        \"createOption\": \"FromImage\",\r\n        \"vhd\": {\r\n          \"uri\": \"https://xplatteststorage17193.blob.core.windows.net/xplatteststoragecnt15121/cli494575748a3a4cca-os-1458081934767.vhd\"\r\n        },\r\n        \"caching\": \"ReadWrite\"\r\n      },\r\n      \"dataDisks\": []\r\n    },\r\n    \"osProfile\": {\r\n      \"computerName\": \"xplatvm\",\r\n      \"adminUsername\": \"azureuser\",\r\n      \"linuxConfiguration\": {\r\n        \"disablePasswordAuthentication\": false,\r\n        \"ssh\": {\r\n          \"publicKeys\": [\r\n            {\r\n              \"path\": \"/home/azureuser/.ssh/authorized_keys\",\r\n              \"keyData\": \"MIID/zCCAuegAwIBAgIJAMUAa+XVLvAeMA0GCSqGSIb3DQEBBQUAMIGVMQswCQYD\\r\\nVQQGEwJJbjESMBAGA1UECAwJS2FybmF0YWthMRIwEAYDVQQHDAlCYW5nYWxvcmUx\\r\\nEDAOBgNVBAoMB2JyaWxsaW8xEjAQBgNVBAsMCW1pY3Jvc29mdDEQMA4GA1UEAwwH\\r\\nYnJpbGxpbzEmMCQGCSqGSIb3DQEJARYXc3JlZWthbnRoYnNAeWFob28uY28uaW4w\\r\\nHhcNMTUwMzA1MTE1MzEyWhcNMTYwMzA0MTE1MzEyWjCBlTELMAkGA1UEBhMCSW4x\\r\\nEjAQBgNVBAgMCUthcm5hdGFrYTESMBAGA1UEBwwJQmFuZ2Fsb3JlMRAwDgYDVQQK\\r\\nDAdicmlsbGlvMRIwEAYDVQQLDAltaWNyb3NvZnQxEDAOBgNVBAMMB2JyaWxsaW8x\\r\\nJjAkBgkqhkiG9w0BCQEWF3NyZWVrYW50aGJzQHlhaG9vLmNvLmluMIIBIjANBgkq\\r\\nhkiG9w0BAQEFAAOCAQ8AMIIBCgKCAQEAyUNKaOuT0NK+S8Ck81zy9xJ6hXfZvAC6\\r\\nlhbmf/6s/WVimJ/TX5NMhQJwC9k6ZIF92KfYrojHNvHDufSZ3EtKUVwRFCDjmgMT\\r\\nDL09WkGaZt7gROYFK0iZ4KrYGovUwlwum9fHB24OJiOV4bi0ek62/rHx9fjYZpvp\\r\\naIH2PV/hN8SCZ0x7HJMberD4gVoU/Kv42nNvwjLUW6IZfVx/Gv5OeFDtWHfSvUEF\\r\\ndadHKTPn3Ab20Iu6gZIbLO9Vuf38/IpaYGfnFCouHdzmiTiLieYNe3CUPcOJNSv7\\r\\n1G8KYpx3uNJRkJPab5OsRyJw75Gvzkr9OgaPss9tVD6Gt68u3WQtVQIDAQABo1Aw\\r\\nTjAdBgNVHQ4EFgQUogvhXB+xZ2JJPfLO6cVs4ForzscwHwYDVR0jBBgwFoAUogvh\\r\\nXB+xZ2JJPfLO6cVs4ForzscwDAYDVR0TBAUwAwEB/zANBgkqhkiG9w0BAQUFAAOC\\r\\nAQEAdDj7qUNJ45xlF5cjd+4x5NHvAD1VTjOKu+Xh/uzSSjXqB2F0aOMWA9lx0qaQ\\r\\noJgHkGxj3zz/W7ik/cVGL2O+vRIOKv/y0OPogEmS3Hw+P+O6OGE7x1G6YN0zLVoL\\r\\nu4BN/BEYmjttxM9I7qqL7C5cJoE+K3s/w1/pt/68ohJcr7F9Ohi7cso62xuGY1Rm\\r\\nksAh2EUDsU9JV/P+C9AMpLSrb03JJYzVj4w1RHbrmw2AjFyGXdQYkggyXisg+Ifr\\r\\n5gbNN7HigpHf7b2i3CQBUqp9m23frh5AhnLI2qp3UXgc52U5ieLdi/t6j0TTZqqY\\r\\nHhHqofKrj938HHlBNpC5/LVh3w==\\r\\n\"\r\n            }\r\n          ]\r\n        }\r\n      },\r\n      \"secrets\": []\r\n    },\r\n    \"networkProfile\": {\"networkInterfaces\":[{\"id\":\"/subscriptions/e33f361b-53c2-4cc7-b829-78906708387b/resourceGroups/xplatTestGVMCreate6820/providers/Microsoft.Network/networkInterfaces/xplattestnic\"}]},\r\n    \"diagnosticsProfile\": {\r\n      \"bootDiagnostics\": {\r\n        \"enabled\": true,\r\n        \"storageUri\": \"https://xplatteststorage17193.blob.core.windows.net/\"\r\n      }\r\n    },\r\n    \"provisioningState\": \"Succeeded\",\r\n    \"instanceView\": {\r\n      \"platformUpdateDomain\": 0,\r\n      \"platformFaultDomain\": 0,\r\n      \"vmAgent\": {\r\n        \"vmAgentVersion\": \"2.1.2\",\r\n        \"statuses\": [\r\n          {\r\n            \"code\": \"ProvisioningState/succeeded\",\r\n            \"level\": \"Info\",\r\n            \"displayStatus\": \"Ready\",\r\n            \"message\": \"Guest Agent is running\",\r\n            \"time\": \"2016-03-15T23:02:57+00:00\"\r\n          }\r\n        ],\r\n        \"extensionHandlers\": []\r\n      },\r\n      \"disks\": [\r\n        {\r\n          \"name\": \"cli494575748a3a4cca-os-1458081934767\",\r\n          \"statuses\": [\r\n            {\r\n              \"code\": \"ProvisioningState/succeeded\",\r\n              \"level\": \"Info\",\r\n              \"displayStatus\": \"Provisioning succeeded\",\r\n              \"time\": \"2016-03-15T23:01:32.2896824+00:00\"\r\n            }\r\n          ]\r\n        }\r\n      ],\r\n      \"bootDiagnostics\": {\r\n        \"consoleScreenshotBlobUri\": \"https://xplatteststorage17193.blob.core.windows.net/bootdiagnostics-xplatvm-9a99e1e7-bbe9-4e11-a13b-d0e4e4467171/xplatvm.9a99e1e7-bbe9-4e11-a13b-d0e4e4467171.screenshot.bmp\",\r\n        \"serialConsoleLogBlobUri\": \"https://xplatteststorage17193.blob.core.windows.net/bootdiagnostics-xplatvm-9a99e1e7-bbe9-4e11-a13b-d0e4e4467171/xplatvm.9a99e1e7-bbe9-4e11-a13b-d0e4e4467171.serialconsole.log\"\r\n      },\r\n      \"statuses\": [\r\n        {\r\n          \"code\": \"ProvisioningState/succeeded\",\r\n          \"level\": \"Info\",\r\n          \"displayStatus\": \"Provisioning succeeded\",\r\n          \"time\": \"2016-03-15T23:02:35.8839016+00:00\"\r\n        },\r\n        {\r\n          \"code\": \"PowerState/running\",\r\n          \"level\": \"Info\",\r\n          \"displayStatus\": \"VM running\"\r\n        }\r\n      ]\r\n    }\r\n  },\r\n  \"id\": \"/subscriptions/e33f361b-53c2-4cc7-b829-78906708387b/resourceGroups/xplatTestGVMCreate6820/providers/Microsoft.Compute/virtualMachines/xplatvm\",\r\n  \"name\": \"xplatvm\",\r\n  \"type\": \"Microsoft.Compute/virtualMachines\",\r\n  \"location\": \"eastus\",\r\n  \"tags\": {\r\n    \"a\": \"b\",\r\n    \"b\": \"c\",\r\n    \"d\": \"\"\r\n  }\r\n}", { 'cache-control': 'no-cache',
  pragma: 'no-cache',
  'content-length': '5207',
  'content-type': 'application/json; charset=utf-8',
  expires: '-1',
  'strict-transport-security': 'max-age=31536000; includeSubDomains',
  'x-ms-served-by': 'db2c81f2-c6fa-41a7-b70e-bc4bed3c3b56_131020128379995003',
  'x-ms-request-id': 'f66622f2-ab10-4e8f-aa96-c00f419513d5',
  server: 'Microsoft-HTTPAPI/2.0, Microsoft-HTTPAPI/2.0',
  'x-ms-ratelimit-remaining-subscription-reads': '14961',
  'x-ms-correlation-request-id': 'c9780e4f-8872-47b7-a998-8606c8a414ce',
  'x-ms-routing-request-id': 'CENTRALUS:20160315T230307Z:c9780e4f-8872-47b7-a998-8606c8a414ce',
  date: 'Tue, 15 Mar 2016 23:03:07 GMT',
  connection: 'close' });
 return result; },
function (nock) { 
var result = 
nock('http://management.azure.com:443')
  .post('/subscriptions/e33f361b-53c2-4cc7-b829-78906708387b/resourceGroups/xplatTestGVMCreate6820/providers/Microsoft.Storage/storageAccounts/xplatteststorage17193/listKeys?api-version=2015-06-15')
  .reply(200, "{\"key1\":\"z+ZeMfS9POqLucBS0fzh8hxhmOPa8/ADI0udvXzOfPMSEc+UPMi87qvQP0fyudDkjDHYMyeqigVfuz2FDwHorA==\",\"key2\":\"OnSx7Eaus25FBkzgHsvs0L4gSm4rt0TIWXoZvAFx3dX7mM5zxjb32Uqhn7ydgkp+tF4/AboL6PPiB6JnurEgpA==\"}\n", { 'cache-control': 'no-cache',
  pragma: 'no-cache',
  'content-length': '198',
  'content-type': 'application/json',
  expires: '-1',
  'x-ms-request-id': '83082ba0-dbd6-4387-94c2-af65e520db10',
  server: 'Microsoft-Azure-Storage-Resource-Provider/1.0, Microsoft-HTTPAPI/2.0',
  'x-ms-ratelimit-remaining-subscription-writes': '1199',
  'x-ms-correlation-request-id': '83082ba0-dbd6-4387-94c2-af65e520db10',
  'x-ms-routing-request-id': 'CENTRALUS:20160315T230308Z:83082ba0-dbd6-4387-94c2-af65e520db10',
  'strict-transport-security': 'max-age=31536000; includeSubDomains',
  date: 'Tue, 15 Mar 2016 23:03:07 GMT',
  connection: 'close' });
 return result; },
function (nock) { 
var result = 
nock('https://management.azure.com:443')
  .post('/subscriptions/e33f361b-53c2-4cc7-b829-78906708387b/resourceGroups/xplatTestGVMCreate6820/providers/Microsoft.Storage/storageAccounts/xplatteststorage17193/listKeys?api-version=2015-06-15')
  .reply(200, "{\"key1\":\"z+ZeMfS9POqLucBS0fzh8hxhmOPa8/ADI0udvXzOfPMSEc+UPMi87qvQP0fyudDkjDHYMyeqigVfuz2FDwHorA==\",\"key2\":\"OnSx7Eaus25FBkzgHsvs0L4gSm4rt0TIWXoZvAFx3dX7mM5zxjb32Uqhn7ydgkp+tF4/AboL6PPiB6JnurEgpA==\"}\n", { 'cache-control': 'no-cache',
  pragma: 'no-cache',
  'content-length': '198',
  'content-type': 'application/json',
  expires: '-1',
  'x-ms-request-id': '83082ba0-dbd6-4387-94c2-af65e520db10',
  server: 'Microsoft-Azure-Storage-Resource-Provider/1.0, Microsoft-HTTPAPI/2.0',
  'x-ms-ratelimit-remaining-subscription-writes': '1199',
  'x-ms-correlation-request-id': '83082ba0-dbd6-4387-94c2-af65e520db10',
  'x-ms-routing-request-id': 'CENTRALUS:20160315T230308Z:83082ba0-dbd6-4387-94c2-af65e520db10',
  'strict-transport-security': 'max-age=31536000; includeSubDomains',
  date: 'Tue, 15 Mar 2016 23:03:07 GMT',
  connection: 'close' });
 return result; },
function (nock) { 
var result = 
nock('http://xplatteststorage17193.blob.core.windows.net:443')
  .head('/bootdiagnostics-xplatvm-9a99e1e7-bbe9-4e11-a13b-d0e4e4467171/xplatvm.9a99e1e7-bbe9-4e11-a13b-d0e4e4467171.serialconsole.log')
  .reply(200, "", { 'content-length': '61952',
  'content-type': 'text/plain',
  'last-modified': 'Tue, 15 Mar 2016 23:02:55 GMT',
  'accept-ranges': 'bytes',
  etag: '"0x8D34D25F182D270"',
  server: 'Windows-Azure-Blob/1.0 Microsoft-HTTPAPI/2.0',
  'x-ms-request-id': '169c3fca-0001-004b-4e0e-7ff9d5000000',
  'x-ms-version': '2015-02-21',
  'x-ms-lease-status': 'unlocked',
  'x-ms-lease-state': 'available',
  'x-ms-blob-type': 'PageBlob',
  'x-ms-blob-sequence-number': '0',
  date: 'Tue, 15 Mar 2016 23:03:08 GMT',
  connection: 'close' });
 return result; },
function (nock) { 
var result = 
nock('https://xplatteststorage17193.blob.core.windows.net:443')
  .head('/bootdiagnostics-xplatvm-9a99e1e7-bbe9-4e11-a13b-d0e4e4467171/xplatvm.9a99e1e7-bbe9-4e11-a13b-d0e4e4467171.serialconsole.log')
  .reply(200, "", { 'content-length': '61952',
  'content-type': 'text/plain',
  'last-modified': 'Tue, 15 Mar 2016 23:02:55 GMT',
  'accept-ranges': 'bytes',
  etag: '"0x8D34D25F182D270"',
  server: 'Windows-Azure-Blob/1.0 Microsoft-HTTPAPI/2.0',
  'x-ms-request-id': '169c3fca-0001-004b-4e0e-7ff9d5000000',
  'x-ms-version': '2015-02-21',
  'x-ms-lease-status': 'unlocked',
  'x-ms-lease-state': 'available',
  'x-ms-blob-type': 'PageBlob',
  'x-ms-blob-sequence-number': '0',
  date: 'Tue, 15 Mar 2016 23:03:08 GMT',
  connection: 'close' });
 return result; },
function (nock) { 
var result = 
nock('http://xplatteststorage17193.blob.core.windows.net:443')
  .get('/bootdiagnostics-xplatvm-9a99e1e7-bbe9-4e11-a13b-d0e4e4467171/xplatvm.9a99e1e7-bbe9-4e11-a13b-d0e4e4467171.serialconsole.log')
  .reply(200, "\u001b[H\u001b[J\u001b[1;1H[    0.000000] Initializing cgroup subsys cpuset\r\n[    0.000000] Initializing cgroup subsys cpu\r\n[    0.000000] Initializing cgroup subsys cpuacct\r\n[    0.000000] Linux version 4.2.0-34-generic (buildd@lgw01-54) (gcc version 5.2.1 20151010 (Ubuntu 5.2.1-22ubuntu2) ) #39-Ubuntu SMP Thu Mar 10 22:13:01 UTC 2016 (Ubuntu 4.2.0-34.39-generic 4.2.8-ckt4)\r\n[    0.000000] Command line: BOOT_IMAGE=/boot/vmlinuz-4.2.0-34-generic root=UUID=1d5dec81-eae2-456e-99ac-2090eeba6c82 ro console=tty1 console=ttyS0 earlyprintk=ttyS0 rootdelay=300\r\n[    0.000000] KERNEL supported cpus:\r\n[    0.000000]   Intel GenuineIntel\r\n[    0.000000]   AMD AuthenticAMD\r\n[    0.000000]   Centaur CentaurHauls\r\n[    0.000000] x86/fpu: Legacy x87 FPU detected.\r\n[    0.000000] x86/fpu: Using 'lazy' FPU context switches.\r\n[    0.000000] e820: BIOS-provided physical RAM map:\r\n[    0.000000] BIOS-e820: [mem 0x0000000000000000-0x000000000009fbff] usable\r\n[    0.000000] BIOS-e820: [mem 0x000000000009fc00-0x000000000009ffff] reserved\r\n[    0.000000] BIOS-e820: [mem 0x00000000000e0000-0x00000000000fffff] reserved\r\n[    0.000000] BIOS-e820: [mem 0x0000000000100000-0x000000001ffeffff] usable\r\n[    0.000000] BIOS-e820: [mem 0x000000001fff0000-0x000000001fffefff] ACPI data\r\n[    0.000000] BIOS-e820: [mem 0x000000001ffff000-0x000000001fffffff] ACPI NVS\r\n[    0.000000] BIOS-e820: [mem 0x0000000100000000-0x000000014fffffff] usable\r\n[    0.000000] bootconsole [earlyser0] enabled\r\n[    0.000000] NX (Execute Disable) protection: active\r\n[    0.000000] SMBIOS 2.3 present.\r\n[    0.000000] Hypervisor detected: Microsoft HyperV\r\n[    0.000000] HyperV: features 0xe7f, hints 0x2c\r\n[    0.000000] HyperV: LAPIC Timer Frequency: 0xc3500\r\n[    0.000000] clocksource: hyperv_clocksource: mask: 0xffffffffffffffff max_cycles: 0x24e6a1710, max_idle_ns: 440795202120 ns\r\n[    0.000000] tsc: Marking TSC unstable due to running on Hyper-V\r\n[    0.000000] AGP: No AGP bridge found\r\n[    0.000000] e820: last_pfn = 0x150000 max_arch_pfn = 0x400000000\r\n[    0.000000] x86/PAT: Configuration [0-7]: WB  WC  UC- UC  WB  WC  UC- WT  \r\n[    0.000000] e820: last_pfn = 0x1fff0 max_arch_pfn = 0x400000000\r\n[    0.000000] found SMP MP-table at [mem 0x000ff780-0x000ff78f] mapped at [ffff8800000ff780]\r\n[    0.000000] Scanning 1 areas for low memory corruption\r\n[    0.000000] init_memory_mapping: [mem 0x00000000-0x000fffff]\r\n[    0.000000] init_memory_mapping: [mem 0x14fe00000-0x14fffffff]\r\n[    0.000000] init_memory_mapping: [mem 0x140000000-0x14fdfffff]\r\n[    0.000000] init_memory_mapping: [mem 0x120000000-0x13fffffff]\r\n[    0.000000] init_memory_mapping: [mem 0x00100000-0x1ffeffff]\r\n[    0.000000] init_memory_mapping: [mem 0x100000000-0x11fffffff]\r\n[    0.000000] RAMDISK: [mem 0x1d9c1000-0x1f789fff]\r\n[    0.000000] ACPI: Early table checksum verification disabled\r\n[    0.000000] ACPI: RSDP 0x00000000000F56F0 000014 (v00 ACPIAM)\r\n[    0.000000] ACPI: RSDT 0x000000001FFF0000 000040 (v01 VRTUAL MICROSFT 05001223 MSFT 00000097)\r\n[    0.000000] ACPI: FACP 0x000000001FFF0200 000081 (v02 VRTUAL MICROSFT 05001223 MSFT 00000097)\r\n[    0.000000] ACPI: DSDT 0x000000001FFF1724 002E78 (v01 MSFTVM MSFTVM02 00000002 INTL 02002026)\r\n[    0.000000] ACPI: FACS 0x000000001FFFF000 000040\r\n[    0.000000] ACPI: WAET 0x000000001FFF1480 000028 (v01 VRTUAL MICROSFT 05001223 MSFT 00000097)\r\n[    0.000000] ACPI: SLIC 0x000000001FFF14C0 000176 (v01 VRTUAL MICROSFT 05001223 MSFT 00000097)\r\n[    0.000000] ACPI: OEM0 0x000000001FFF16C0 000064 (v01 VRTUAL MICROSFT 05001223 MSFT 00000097)\r\n[    0.000000] ACPI: SRAT 0x000000001FFF0600 000090 (v02 VRTUAL MICROSFT 00000001 MSFT 00000001)\r\n[    0.000000] ACPI: APIC 0x000000001FFF0300 00024C (v01 VRTUAL MICROSFT 05001223 MSFT 00000097)\r\n[    0.000000] ACPI: OEMB 0x000000001FFFF040 000064 (v01 VRTUAL MICROSFT 05001223 MSFT 00000097)\r\n[    0.000000] SRAT: PXM 0 -> APIC 0x00 -> Node 0\r\n[    0.000000] SRAT: Node 0 PXM 0 [mem 0x00000000-0x1fffffff]\r\n[    0.000000] SRAT: Node 0 PXM 0 [mem 0x100000000-0x14fffffff]\r\n[    0.000000] NUMA: Node 0 [mem 0x00000000-0x1fffffff] + [mem 0x100000000-0x14fffffff] -> [mem 0x00000000-0x14fffffff]\r\n[    0.000000] NODE_DATA(0) allocated [mem 0x14fffa000-0x14fffefff]\r\n[    0.000000] Zone ranges:\r\n[    0.000000]   DMA      [mem 0x0000000000001000-0x0000000000ffffff]\r\n[    0.000000]   DMA32    [mem 0x0000000001000000-0x00000000ffffffff]\r\n[    0.000000]   Normal   [mem 0x0000000100000000-0x000000014fffffff]\r\n[    0.000000] Movable zone start for each node\r\n[    0.000000] Early memory node ranges\r\n[    0.000000]   node   0: [mem 0x0000000000001000-0x000000000009efff]\r\n[    0.000000]   node   0: [mem 0x0000000000100000-0x000000001ffeffff]\r\n[    0.000000]   node   0: [mem 0x0000000100000000-0x000000014fffffff]\r\n[    0.000000] Initmem setup node 0 [mem 0x0000000000001000-0x000000014fffffff]\r\n[    0.000000] ACPI: PM-Timer IO Port: 0x408\r\n[    0.000000] IOAPIC[0]: apic_id 0, version 17, address 0xfec00000, GSI 0-23\r\n[    0.000000] ACPI: INT_SRC_OVR (bus 0 bus_irq 0 global_irq 2 dfl dfl)\r\n[    0.000000] ACPI: INT_SRC_OVR (bus 0 bus_irq 9 global_irq 9 high level)\r\n[    0.000000] Using ACPI (MADT) for SMP configuration information\r\n[    0.000000] smpboot: Allowing 64 CPUs, 63 hotplug CPUs\r\n[    0.000000] PM: Registered nosave memory: [mem 0x00000000-0x00000fff]\r\n[    0.000000] PM: Registered nosave memory: [mem 0x0009f000-0x0009ffff]\r\n[    0.000000] PM: Registered nosave memory: [mem 0x000a0000-0x000dffff]\r\n[    0.000000] PM: Registered nosave memory: [mem 0x000e0000-0x000fffff]\r\n[    0.000000] PM: Registered nosave memory: [mem 0x1fff0000-0x1fffefff]\r\n[    0.000000] PM: Registered nosave memory: [mem 0x1ffff000-0x1fffffff]\r\n[    0.000000] PM: Registered nosave memory: [mem 0x20000000-0xffffffff]\r\n[    0.000000] e820: [mem 0x20000000-0xffffffff] available for PCI devices\r\n[    0.000000] Booting paravirtualized kernel on bare hardware\r\n[    0.000000] clocksource: refined-jiffies: mask: 0xffffffff max_cycles: 0xffffffff, max_idle_ns: 7645519600211568 ns\r\n[    0.000000] setup_percpu: NR_CPUS:256 nr_cpumask_bits:256 nr_cpu_ids:64 nr_node_ids:1\r\n[    0.000000] PERCPU: Embedded 33 pages/cpu @ffff88014ca00000 s96728 r8192 d30248 u262144\r\n[    0.000000] Built 1 zonelists in Node order, mobility grouping on.  Total pages: 451449\r\n[    0.000000] Policy zone: Normal\r\n[    0.000000] Kernel command line: BOOT_IMAGE=/boot/vmlinuz-4.2.0-34-generic root=UUID=1d5dec81-eae2-456e-99ac-2090eeba6c82 ro console=tty1 console=ttyS0 earlyprintk=ttyS0 rootdelay=300\r\n[    0.000000] log_buf_len individual max cpu contribution: 4096 bytes\r\n[    0.000000] log_buf_len total cpu_extra contributions: 258048 bytes\r\n[    0.000000] log_buf_len min size: 262144 bytes\r\n[    0.000000] log_buf_len: 524288 bytes\r\n[    0.000000] early log buf free: 252656(96%)\r\n[    0.000000] PID hash table entries: 4096 (order: 3, 32768 bytes)\r\n[    0.000000] AGP: Checking aperture...\r\n[    0.000000] AGP: No AGP bridge found\r\n[    0.000000] Memory: 1683664K/1834552K available (8158K kernel code, 1238K rwdata, 3804K rodata, 1464K init, 1292K bss, 150888K reserved, 0K cma-reserved)\r\n[    0.000000] SLUB: HWalign=64, Order=0-3, MinObjects=0, CPUs=64, Nodes=1\r\n[    0.000000] Hierarchical RCU implementation.\r\n[    0.000000] \tBuild-time adjustment of leaf fanout to 64.\r\n[    0.000000] \tRCU restricting CPUs from NR_CPUS=256 to nr_cpu_ids=64.\r\n[    0.000000] RCU: Adjusting geometry for rcu_fanout_leaf=64, nr_cpu_ids=64\r\n[    0.000000] NR_IRQS:16640 nr_irqs:936 16\r\n[    0.000000] \tOffload RCU callbacks from all CPUs\r\n[    0.000000] \tOffload RCU callbacks from CPUs: 0-63.\r\n[    0.000000] Console: colour VGA+ 80x25\r\n[    0.000000] console [tty1] enabled\r\n[    0.000000] console [ttyS0] enabled\r\n[    0.000000] console [ttyS0] enabled\r\n[    0.000000] bootconsole [earlyser0] disabled\r\n[    0.000000] bootconsole [earlyser0] disabled\r\n[    0.000000] tsc: Unable to calibrate against PIT\r\n[    0.000000] tsc: using PMTIMER reference calibration\r\n[    0.000000] tsc: Detected 2094.719 MHz processor\r\n[    0.020049] Calibrating delay loop (skipped), value calculated using timer frequency.. 4189.43 BogoMIPS (lpj=8378876)\r\n[    0.024027] pid_max: default: 65536 minimum: 512\r\n[    0.026094] ACPI: Core revision 20150619\r\n[    0.030059] ACPI: All ACPI Tables successfully acquired\r\n[    0.034699] Security Framework initialized\r\n[    0.036084] AppArmor: AppArmor initialized\r\n[    0.038451] Yama: becoming mindful.\r\n[    0.040277] Dentry cache hash table entries: 262144 (order: 9, 2097152 bytes)\r\n[    0.044744] Inode-cache hash table entries: 131072 (order: 8, 1048576 bytes)\r\n[    0.048325] Mount-cache hash table entries: 4096 (order: 3, 32768 bytes)\r\n[    0.050810] Mountpoint-cache hash table entries: 4096 (order: 3, 32768 bytes)\r\n[    0.052360] Initializing cgroup subsys blkio\r\n[    0.056032] Initializing cgroup subsys memory\r\n[    0.058003] Initializing cgroup subsys devices\r\n[    0.060032] Initializing cgroup subsys freezer\r\n[    0.061997] Initializing cgroup subsys net_cls\r\n[    0.064031] Initializing cgroup subsys perf_event\r\n[    0.066070] Initializing cgroup subsys net_prio\r\n[    0.068032] Initializing cgroup subsys hugetlb\r\n[    0.070336] mce: CPU supports 1 MCE banks\r\n[    0.072051] process: using AMD E400 aware idle routine\r\n[    0.074200] Last level iTLB entries: 4KB 512, 2MB 16, 4MB 8\r\n[    0.076025] Last level dTLB entries: 4KB 512, 2MB 128, 4MB 64, 1GB 0\r\n[    0.112780] ftrace: allocating 30940 entries in 121 pages\r\n[    0.128184] Switched APIC routing to physical flat.\r\n[    0.150574] ..TIMER: vector=0x30 apic1=0 pin1=2 apic2=-1 pin2=-1\r\n[    0.152132] smpboot: CPU0: AMD Opteron(tm) Processor 4171 HE (fam: 10, model: 08, stepping: 01)\r\n[    0.168061] Performance Events: Broken PMU hardware detected, using software events only.\r\n[    0.176007] Failed to access perfctr msr (MSR c0010007 is 0)\r\n[    0.181342] x86: Booted up 1 node, 1 CPUs\r\n[    0.184013] smpboot: Total of 1 processors activated (4189.43 BogoMIPS)\r\n[    0.188021] NMI watchdog: disabled (cpu0): hardware events not enabled\r\n[    0.192009] NMI watchdog: Shutting down hard lockup detector on all cpus\r\n[    0.201277] devtmpfs: initialized\r\n[    0.210837] evm: security.selinux\r\n[    0.212002] evm: security.SMACK64\r\n[    0.216002] evm: security.SMACK64EXEC\r\n[    0.220008] evm: security.SMACK64TRANSMUTE\r\n[    0.224002] evm: security.SMACK64MMAP\r\n[    0.228002] evm: security.ima\r\n[    0.232004] evm: security.capability\r\n[    0.236161] PM: Registering ACPI NVS region [mem 0x1ffff000-0x1fffffff] (4096 bytes)\r\n[    0.240203] clocksource: jiffies: mask: 0xffffffff max_cycles: 0xffffffff, max_idle_ns: 7645041785100000 ns\r\n[    0.244277] pinctrl core: initialized pinctrl subsystem\r\n[    0.248585] RTC time: 22:46:32, date: 03/15/16\r\n[    0.252251] NET: Registered protocol family 16\r\n[    0.256315] cpuidle: using governor ladder\r\n[    0.260021] cpuidle: using governor menu\r\n[    0.268285] ACPI: bus type PCI registered\r\n[    0.272012] acpiphp: ACPI Hot Plug PCI Controller Driver version: 0.5\r\n[    0.280769] PCI: Using configuration type 1 for base access\r\n[    0.284008] PCI: Using configuration type 1 for extended access\r\n[    0.292773] ACPI: Added _OSI(Module Device)\r\n[    0.296014] ACPI: Added _OSI(Processor Device)\r\n[    0.300011] ACPI: Added _OSI(3.0 _SCP Extensions)\r\n[    0.304010] ACPI: Added _OSI(Processor Aggregator Device)\r\n[    0.313674] ACPI: Interpreter enabled\r\n[    0.316024] ACPI Exception: AE_NOT_FOUND, While evaluating Sleep State [\\_S1_] (20150619/hwxface-580)\r\n[    0.328012] ACPI Exception: AE_NOT_FOUND, While evaluating Sleep State [\\_S2_] (20150619/hwxface-580)\r\n[    0.340019] ACPI Exception: AE_NOT_FOUND, While evaluating Sleep State [\\_S3_] (20150619/hwxface-580)\r\n[    0.352011] ACPI Exception: AE_NOT_FOUND, While evaluating Sleep State [\\_S4_] (20150619/hwxface-580)\r\n[    0.364039] ACPI: (supports S0 S5)\r\n[    0.368010] ACPI: Using IOAPIC for interrupt routing\r\n[    0.372081] PCI: Using host bridge windows from ACPI; if necessary, use \"pci=nocrs\" and report a bug\r\n[    0.391405] ACPI: PCI Root Bridge [PCI0] (domain 0000 [bus 00-ff])\r\n[    0.392022] acpi PNP0A03:00: _OSC: OS supports [ExtendedConfig ASPM ClockPM Segments MSI]\r\n[    0.396035] acpi PNP0A03:00: _OSC failed (AE_NOT_FOUND); disabling ASPM\r\n[    0.400812] PCI host bridge to bus 0000:00\r\n[    0.404014] pci_bus 0000:00: root bus resource [bus 00-ff]\r\n[    0.408017] pci_bus 0000:00: root bus resource [mem 0xfe0000000-0xfffefffff window]\r\n[    0.412024] pci_bus 0000:00: root bus resource [io  0x0000-0x0cf7 window]\r\n[    0.416015] pci_bus 0000:00: root bus resource [io  0x0d00-0xffff window]\r\n[    0.420023] pci_bus 0000:00: root bus resource [mem 0x000a0000-0x000bffff window]\r\n[    0.424017] pci_bus 0000:00: root bus resource [mem 0x20000000-0xfffbffff window]\r\n[    0.438427] pci 0000:00:07.1: legacy IDE quirk: reg 0x10: [io  0x01f0-0x01f7]\r\n[    0.440011] pci 0000:00:07.1: legacy IDE quirk: reg 0x14: [io  0x03f6]\r\n[    0.444006] pci 0000:00:07.1: legacy IDE quirk: reg 0x18: [io  0x0170-0x0177]\r\n[    0.448021] pci 0000:00:07.1: legacy IDE quirk: reg 0x1c: [io  0x0376]\r\n[    0.456373] * Found PM-Timer Bug on the chipset. Due to workarounds for a bug,\r\n[    0.456373] * this clock source is slow. Consider trying other clock sources\r\n[    0.460764] pci 0000:00:07.3: quirk: [io  0x0400-0x043f] claimed by PIIX4 ACPI\r\n[    0.471139] ACPI: PCI Interrupt Link [LNKA] (IRQs 3 4 5 7 9 10 *11 12 14 15)\r\n[    0.500822] ACPI: PCI Interrupt Link [LNKB] (IRQs 3 4 5 7 9 10 11 12 14 15) *0, disabled.\r\n[    0.536074] ACPI: PCI Interrupt Link [LNKC] (IRQs 3 4 5 7 9 10 11 12 14 15) *0, disabled.\r\n[    0.572267] ACPI: PCI Interrupt Link [LNKD] (IRQs 3 4 5 7 9 10 11 12 14 15) *0, disabled.\r\n[    0.610201] ACPI: Enabled 1 GPEs in block 00 to 0F\r\n[    0.612341] vgaarb: setting as boot device: PCI:0000:00:08.0\r\n[    0.616000] vgaarb: device added: PCI:0000:00:08.0,decodes=io+mem,owns=io+mem,locks=none\r\n[    0.616017] vgaarb: loaded\r\n[    0.620011] vgaarb: bridge control possible 0000:00:08.0\r\n[    0.624338] SCSI subsystem initialized\r\n[    0.628175] ACPI: bus type USB registered\r\n[    0.632047] usbcore: registered new interface driver usbfs\r\n[    0.636034] usbcore: registered new interface driver hub\r\n[    0.640087] usbcore: registered new device driver usb\r\n[    0.648143] PCI: Using ACPI for IRQ routing\r\n[    0.656246] NetLabel: Initializing\r\n[    0.660005] NetLabel:  domain hash size = 128\r\n[    0.664005] NetLabel:  protocols = UNLABELED CIPSOv4\r\n[    0.668031] NetLabel:  unlabeled traffic allowed by default\r\n[    0.672219] clocksource: Switched to clocksource hyperv_clocksource\r\n[    0.696032] AppArmor: AppArmor Filesystem Enabled\r\n[    0.702575] pnp: PnP ACPI init\r\n[    0.710974] system 00:06: [io  0x01e0-0x01ef] has been reserved\r\n[    0.726280] system 00:06: [io  0x0160-0x016f] has been reserved\r\n[    0.741902] system 00:06: [io  0x0278-0x027f] has been reserved\r\n[    0.765552] system 00:06: [io  0x0378-0x037f] has been reserved\r\n[    0.783459] system 00:06: [io  0x0678-0x067f] has been reserved\r\n[    0.797395] system 00:06: [io  0x0778-0x077f] has been reserved\r\n[    0.811228] system 00:06: [io  0x04d0-0x04d1] has been reserved\r\n[    0.825611] system 00:07: [io  0x0400-0x043f] has been reserved\r\n[    0.848811] system 00:07: [io  0x0370-0x0371] has been reserved\r\n[    0.862848] system 00:07: [io  0x0440-0x044f] has been reserved\r\n[    0.887592] system 00:07: [mem 0xfec00000-0xfec00fff] could not be reserved\r\n[    0.905501] system 00:07: [mem 0xfee00000-0xfee00fff] has been reserved\r\n[    0.925310] system 00:08: [mem 0x00000000-0x0009ffff] could not be reserved\r\n[    0.942120] system 00:08: [mem 0x000c0000-0x000dffff] could not be reserved\r\n[    0.961730] system 00:08: [mem 0x000e0000-0x000fffff] could not be reserved\r\n[    0.981340] system 00:08: [mem 0x00100000-0x1fffffff] could not be reserved\r\n[    1.002469] system 00:08: [mem 0xfffc0000-0xffffffff] has been reserved\r\n[    1.028047] pnp: PnP ACPI: found 9 devices\r\n[    1.051957] clocksource: acpi_pm: mask: 0xffffff max_cycles: 0xffffff, max_idle_ns: 2085701024 ns\r\n[    1.080487] NET: Registered protocol family 2\r\n[    1.091863] TCP established hash table entries: 16384 (order: 5, 131072 bytes)\r\n[    1.109295] TCP bind hash table entries: 16384 (order: 6, 262144 bytes)\r\n[    1.124778] TCP: Hash tables configured (established 16384 bind 16384)\r\n[    1.140030] UDP hash table entries: 1024 (order: 3, 32768 bytes)\r\n[    1.159330] UDP-Lite hash table entries: 1024 (order: 3, 32768 bytes)\r\n[    1.184607] NET: Registered protocol family 1\r\n[    1.195688] pci 0000:00:00.0: Limiting direct PCI/PCI transfers\r\n[    1.223803] Trying to unpack rootfs image as initramfs...\r\n[    1.923347] Freeing initrd memory: 30500K (ffff88001d9c1000 - ffff88001f78a000)\r\n[    1.945733] PCI-DMA: Using software bounce buffering for IO (SWIOTLB)\r\n[    1.961247] software IO TLB [mem 0x199c1000-0x1d9c1000] (64MB) mapped at [ffff8800199c1000-ffff88001d9c0fff]\r\n[    1.985280] clocksource: tsc: mask: 0xffffffffffffffff max_cycles: 0x1e31b3ada4e, max_idle_ns: 440795215496 ns\r\n[    2.009103] microcode: CPU0: patch_level=0xffffffff\r\n[    2.021563] microcode: Microcode Update Driver: v2.00 <tigran@aivazian.fsnet.co.uk>, Peter Oruba\r\n[    2.048249] Scanning for low memory corruption every 60 seconds\r\n[    2.063460] futex hash table entries: 16384 (order: 8, 1048576 bytes)\r\n[    2.078824] Initialise system trusted keyring\r\n[    2.089544] audit: initializing netlink subsys (disabled)\r\n[    2.103957] audit: type=2000 audit(1458081994.100:1): initialized\r\n[    2.119024] HugeTLB registered 2 MB page size, pre-allocated 0 pages\r\n[    2.138003] zpool: loaded\r\n[    2.145775] zbud: loaded\r\n[    2.152778] VFS: Disk quotas dquot_6.6.0\r\n[    2.162663] VFS: Dquot-cache hash table entries: 512 (order 0, 4096 bytes)\r\n[    2.179372] fuse init (API version 7.23)\r\n[    2.189462] Key type big_key registered\r\n[    2.199166] Key type asymmetric registered\r\n[    2.209745] Asymmetric key parser 'x509' registered\r\n[    2.221568] Block layer SCSI generic (bsg) driver version 0.4 loaded (major 249)\r\n[    2.239305] io scheduler noop registered\r\n[    2.249119] io scheduler deadline registered (default)\r\n[    2.261583] io scheduler cfq registered\r\n[    2.271926] pci_hotplug: PCI Hot Plug PCI Core version: 0.5\r\n[    2.285423] pciehp: PCI Express Hot Plug Controller Driver version: 0.4\r\n[    2.301208] input: Power Button as /devices/LNXSYSTM:00/LNXPWRBN:00/input/input0\r\n[    2.318560] ACPI: Power Button [PWRF]\r\n[    2.332985] GHES: HEST is not enabled!\r\n[    2.342126] Serial: 8250/16550 driver, 32 ports, IRQ sharing enabled\r\n[    2.401468] 00:03: ttyS0 at I/O 0x3f8 (irq = 4, base_baud = 115200) is a 16550A\r\n[    2.461327] 00:04: ttyS1 at I/O 0x2f8 (irq = 3, base_baud = 115200) is a 16550A\r\n[    2.476448] Linux agpgart interface v0.103\r\n[    2.490303] brd: module loaded\r\n[    2.500685] loop: module loaded\r\n[    2.509822] ata_piix 0000:00:07.1: Hyper-V Virtual Machine detected, ATA device ignore set\r\n[    2.532707] scsi host0: ata_piix\r\n[    2.541297] scsi host1: ata_piix\r\n[    2.550427] ata1: PATA max UDMA/33 cmd 0x1f0 ctl 0x3f6 bmdma 0xffa0 irq 14\r\n[    2.567648] ata2: PATA max UDMA/33 cmd 0x170 ctl 0x376 bmdma 0xffa8 irq 15\r\n[    2.586960] libphy: Fixed MDIO Bus: probed\r\n[    2.597943] tun: Universal TUN/TAP device driver, 1.6\r\n[    2.610673] tun: (C) 1999-2004 Max Krasnyansky <maxk@qualcomm.com>\r\n[    2.625871] PPP generic driver version 2.4.2\r\n[    2.636976] ehci_hcd: USB 2.0 'Enhanced' Host Controller (EHCI) Driver\r\n[    2.658187] ehci-pci: EHCI PCI platform driver\r\n[    2.669111] ehci-platform: EHCI generic platform driver\r\n[    2.680806] ohci_hcd: USB 1.1 'Open' Host Controller (OHCI) Driver\r\n[    2.705465] ohci-pci: OHCI PCI platform driver\r\n[    2.734018] ohci-platform: OHCI generic platform driver\r\n[    2.749187] ata2.00: ATAPI: Virtual CD, , max MWDMA2\r\n[    2.762584] uhci_hcd: USB Universal Host Controller Interface driver\r\n[    2.777953] ata2.00: configured for MWDMA2\r\n[    2.789307] i8042: PNP: PS/2 Controller [PNP0303:PS2K,PNP0f03:PS2M] at 0x60,0x64 irq 1,12\r\n[    2.810089] scsi 1:0:0:0: CD-ROM            Msft     Virtual CD/ROM   1.0  PQ: 0 ANSI: 5\r\n[    2.834796] serio: i8042 KBD port at 0x60,0x64 irq 1\r\n[    2.850035] sr 1:0:0:0: [sr0] scsi3-mmc drive: 0x/0x tray\r\n[    2.865075] cdrom: Uniform CD-ROM driver Revision: 3.20\r\n[    2.877451] serio: i8042 AUX port at 0x60,0x64 irq 12\r\n[    2.889449] mousedev: PS/2 mouse device common for all mice\r\n[    2.904036] sr 1:0:0:0: Attached scsi generic sg0 type 5\r\n[    2.917295] rtc_cmos 00:00: RTC can wake from S4\r\n[    2.950659] input: AT Translated Set 2 keyboard as /devices/platform/i8042/serio0/input/input1\r\n[    2.972582] rtc_cmos 00:00: rtc core: registered rtc_cmos as rtc0\r\n[    2.989107] rtc_cmos 00:00: alarms up to one month, 114 bytes nvram\r\n[    3.004279] i2c /dev entries driver\r\n[    3.013144] device-mapper: uevent: version 1.0.3\r\n[    3.025248] device-mapper: ioctl: 4.33.0-ioctl (2015-8-18) initialised: dm-devel@redhat.com\r\n[    3.044515] ledtrig-cpu: registered to indicate activity on CPUs\r\n[    3.058721] PCCT header not found.\r\n[    3.068213] NET: Registered protocol family 10\r\n[    3.079625] NET: Registered protocol family 17\r\n[    3.090661] Key type dns_resolver registered\r\n[    3.101371] Loading compiled-in X.509 certificates\r\n[    3.114242] Loaded X.509 cert 'Build time autogenerated kernel key: 544e45c0bde6f784077abca3de58e48fb525ee14'\r\n[    3.137103] registered taskstats version 1\r\n[    3.147246] zswap: loading zswap\r\n[    3.155814] zswap: using zbud pool\r\n[    3.164360] zswap: using lzo compressor\r\n[    3.176520] Key type trusted registered\r\n[    3.190447] Key type encrypted registered\r\n[    3.200922] AppArmor: AppArmor sha1 policy hashing enabled\r\n[    3.214208] ima: No TPM chip found, activating TPM-bypass!\r\n[    3.227429] evm: HMAC attrs: 0x1\r\n[    3.236291]   Magic number: 8:678:805\r\n[    3.245882] rtc_cmos 00:00: setting system clock to 2016-03-15 22:46:36 UTC (1458081996)\r\n[    3.264999] BIOS EDD facility v0.16 2004-Jun-25, 0 devices found\r\n[    3.279801] EDD information not available.\r\n[    3.294017] Freeing unused kernel memory: 1464K (ffffffff81d37000 - ffffffff81ea5000)\r\n[    3.312676] Write protecting the kernel read-only data: 12288k\r\n[    3.326665] Freeing unused kernel memory: 20K (ffff8800017fb000 - ffff880001800000)\r\n[    3.344718] Freeing unused kernel memory: 292K (ffff880001bb7000 - ffff880001c00000)\r\nLoading, please wait...\r\nstarting version 225\r\n[    3.393296] random: udevadm urandom read with 4 bits of entropy available\r\n[    3.512898] clocksource: hyperv_clocksource_tsc_page: mask: 0xffffffffffffffff max_cycles: 0x24e6a1710, max_idle_ns: 440795202120 ns\r\n[    3.552070] Floppy drive(s): fd0 is 1.44M\r\n[    3.646034] FDC 0 is an 82078.\r\n[    3.691499] clocksource: Switched to clocksource hyperv_clocksource_tsc_page\r\n[    3.799375] hv_vmbus: Hyper-V Host Build:9600-6.3-18-0.18190; Vmbus version:3.0\r\n[    3.867263] hv_utils: Registering HyperV Utility Driver\r\n[    3.883587] hv_vmbus: registering driver hv_util\r\n[    3.903917] hidraw: raw HID events driver (C) Jiri Kosina\r\n[    3.927577] hv_vmbus: registering driver hv_storvsc\r\n[    3.943308] hv_vmbus: registering driver hid_hyperv\r\n[    3.961007] scsi host2: storvsc_host_t\r\n[    3.971110] scsi 2:0:0:0: Direct-Access     Msft     Virtual Disk     1.0  PQ: 0 ANSI: 4\r\n[    3.990865] sd 2:0:0:0: Attached scsi generic sg1 type 0\r\n[    4.003815] sd 2:0:0:0: [sda] 61440000 512-byte logical blocks: (31.4 GB/29.2 GiB)\r\n[    4.022224] input: Microsoft Vmbus HID-compliant Mouse as /devices/0006:045E:0621.0001/input/input4\r\n[    4.042965] psmouse serio1: trackpoint: failed to get extended button data\r\n[    4.058712] sd 2:0:0:0: [sda] Write Protect is off\r\n[    4.070809] hid 0006:045E:0621.0001: input: <UNKNOWN> HID v0.01 Mouse [Microsoft Vmbus HID-compliant Mouse] on \r\n[    4.095712] sd 2:0:0:0: [sda] Write cache: enabled, read cache: enabled, supports DPO and FUA\r\n[    4.120771] hv_vmbus: registering driver hv_netvsc\r\n[    4.140650]  sda: sda1\r\n[    4.147959] scsi host3: storvsc_host_t\r\n[    4.159472] scsi 3:0:1:0: Direct-Access     Msft     Virtual Disk     1.0  PQ: 0 ANSI: 4\r\n[    4.182604] sd 3:0:1:0: Attached scsi generic sg2 type 0\r\n[    4.196551] sd 3:0:1:0: [sdb] 146800640 512-byte logical blocks: (75.1 GB/70.0 GiB)\r\n[    4.219131] sd 3:0:1:0: [sdb] 4096-byte physical blocks\r\n[    4.237463] sd 2:0:0:0: [sda] Attached SCSI disk\r\n[    4.250714] sd 3:0:1:0: [sdb] Write Protect is off\r\n[    4.268696] hv_netvsc: hv_netvsc channel opened successfully\r\n[    4.305161] sd 3:0:1:0: [sdb] Write cache: enabled, read cache: enabled, supports DPO and FUA\r\n[    4.358666]  sdb: sdb1\r\n[    4.366574] sd 3:0:1:0: [sdb] Attached SCSI disk\r\n[    4.485590] hv_netvsc vmbus_16: Send section size: 6144, Section count:2560\r\n[    4.505327] hv_netvsc vmbus_16: Device MAC 00:0d:3a:12:19:51 link state up\r\n[    4.537080] scsi host4: storvsc_host_t\r\n[    4.553211] scsi 4:0:0:0: scsi scan: INQUIRY result too short (5), using 36\r\n[    4.572112] scsi 4:0:0:1: scsi scan: INQUIRY result too short (5), using 36\r\n[    4.595195] scsi 4:0:1:0: scsi scan: INQUIRY result too short (5), using 36\r\n[    4.604339] scsi 4:0:1:1: scsi scan: INQUIRY result too short (5), using 36\r\n[    4.621297] scsi host5: storvsc_host_t\r\n[    4.628629] scsi 4:1:0:0: scsi scan: INQUIRY result too short (5), using 36\r\n[    4.638185] scsi 5:0:0:0: scsi scan: INQUIRY result too short (5), using 36\r\n[    4.647360] scsi 4:1:0:1: scsi scan: INQUIRY result too short (5), using 36\r\n[    4.658764] scsi 5:0:0:1: scsi scan: INQUIRY result too short (5), using 36\r\n[    4.682831] scsi 4:1:1:0: scsi scan: INQUIRY result too short (5), using 36\r\n[    4.703918] scsi 5:0:1:0: scsi scan: INQUIRY result too short (5), using 36\r\n[    4.721121] scsi 5:0:1:1: scsi scan: INQUIRY result too short (5), using 36\r\n[    4.737639] scsi 4:1:1:1: scsi scan: INQUIRY result too short (5), using 36\r\n[    4.754780] scsi 5:1:0:0: scsi scan: INQUIRY result too short (5), using 36\r\n[    4.771869] scsi 4:2:0:0: scsi scan: INQUIRY result too short (5), using 36\r\n[    4.789534] scsi 5:1:0:1: scsi scan: INQUIRY result too short (5), using 36\r\n[    4.807306] scsi 4:2:0:1: scsi scan: INQUIRY result too short (5), using 36\r\n[    4.826053] scsi 5:1:1:0: scsi scan: INQUIRY result too short (5), using 36\r\n[    4.843536] scsi 4:2:1:0: scsi scan: INQUIRY result too short (5), using 36\r\n[    4.861508] scsi 5:1:1:1: scsi scan: INQUIRY result too short (5), using 36\r\n[    4.889267] scsi 4:2:1:1: scsi scan: INQUIRY result too short (5), using 36\r\n[    4.910275] scsi 4:3:0:0: scsi scan: INQUIRY result too short (5), using 36\r\n[    4.927665] scsi 5:2:0:0: scsi scan: INQUIRY result too short (5), using 36\r\n[    4.945308] scsi 4:3:0:1: scsi scan: INQUIRY result too short (5), using 36\r\n[    4.962615] scsi 5:2:0:1: scsi scan: INQUIRY result too short (5), using 36\r\n[    4.980406] scsi 4:3:1:0: scsi scan: INQUIRY result too short (5), using 36\r\n[    4.998681] scsi 5:2:1:0: scsi scan: INQUIRY result too short (5), using 36\r\n[    5.016164] scsi 4:3:1:1: scsi scan: INQUIRY result too short (5), using 36\r\n[    5.034122] scsi 5:2:1:1: scsi scan: INQUIRY result too short (5), using 36\r\n[    5.052179] scsi 4:4:0:0: scsi scan: INQUIRY result too short (5), using 36\r\n[    5.071560] scsi 5:3:0:0: scsi scan: INQUIRY result too short (5), using 36\r\n[    5.089845] scsi 5:3:0:1: scsi scan: INQUIRY result too short (5), using 36\r\n[    5.109635] scsi 4:4:0:1: scsi scan: INQUIRY result too short (5), using 36\r\n[    5.127370] scsi 4:4:1:0: scsi scan: INQUIRY result too short (5), using 36\r\n[    5.146151] scsi 5:3:1:0: scsi scan: INQUIRY result too short (5), using 36\r\n[    5.168551] scsi 4:4:1:1: scsi scan: INQUIRY result too short (5), using 36\r\n[    5.186647] scsi 5:3:1:1: scsi scan: INQUIRY result too short (5), using 36\r\n[    5.207065] scsi 4:5:0:0: scsi scan: INQUIRY result too short (5), using 36\r\n[    5.225334] scsi 5:4:0:0: scsi scan: INQUIRY result too short (5), using 36\r\n[    5.257593] scsi 4:5:0:1: scsi scan: INQUIRY result too short (5), using 36\r\n[    5.278025] scsi 5:4:0:1: scsi scan: INQUIRY result too short (5), using 36\r\n[    5.293359] scsi 5:4:1:0: scsi scan: INQUIRY result too short (5), using 36\r\n[    5.313654] scsi 4:5:1:0: scsi scan: INQUIRY result too short (5), using 36\r\n[    5.332484] scsi 5:4:1:1: scsi scan: INQUIRY result too short (5), using 36\r\n[    5.349218] scsi 4:5:1:1: scsi scan: INQUIRY result too short (5), using 36\r\n[    5.365835] scsi 5:5:0:0: scsi scan: INQUIRY result too short (5), using 36\r\n[    5.382109] scsi 4:6:0:0: scsi scan: INQUIRY result too short (5), using 36\r\n[    5.399096] scsi 5:5:0:1: scsi scan: INQUIRY result too short (5), using 36\r\n[    5.418724] scsi 4:6:0:1: scsi scan: INQUIRY result too short (5), using 36\r\n[    5.435969] scsi 4:6:1:0: scsi scan: INQUIRY result too short (5), using 36\r\n[    5.452674] scsi 5:5:1:0: scsi scan: INQUIRY result too short (5), using 36\r\n[    5.469177] scsi 4:6:1:1: scsi scan: INQUIRY result too short (5), using 36\r\n[    5.485974] scsi 5:5:1:1: scsi scan: INQUIRY result too short (5), using 36\r\n[    5.502296] scsi 4:7:0:0: scsi scan: INQUIRY result too short (5), using 36\r\n[    5.518913] scsi 5:6:0:0: scsi scan: INQUIRY result too short (5), using 36\r\n[    5.535565] scsi 4:7:0:1: scsi scan: INQUIRY result too short (5), using 36\r\n[    5.553027] scsi 5:6:0:1: scsi scan: INQUIRY result too short (5), using 36\r\n[    5.570336] scsi 4:7:1:0: scsi scan: INQUIRY result too short (5), using 36\r\n[    5.587679] scsi 5:6:1:0: scsi scan: INQUIRY result too short (5), using 36\r\n[    5.604866] scsi 4:7:1:1: scsi scan: INQUIRY result too short (5), using 36\r\n[    5.622013] scsi 5:6:1:1: scsi scan: INQUIRY result too short (5), using 36\r\n[    5.639929] scsi 5:7:0:0: scsi scan: INQUIRY result too short (5), using 36\r\n[    5.657370] scsi 5:7:0:1: scsi scan: INQUIRY result too short (5), using 36\r\n[    5.674454] scsi 5:7:1:0: scsi scan: INQUIRY result too short (5), using 36\r\n[    5.691929] scsi 5:7:1:1: scsi scan: INQUIRY result too short (5), using 36\r\nBegin: Loading essential drivers ... done.\r\r\nBegin: Running /scripts/init-premount ... done.\r\r\nBegin: Mounting root file system ... Begin: Running /scripts/local-top ... done.\r\r\nBegin: Running /scripts/local-premount ... done.\r\r\nBegin: Checking root file system ... fsck from util-linux 2.26.2\r\r\ncloudimg-rootfs: clean, 73537/245248 files, 351820/524032 blocks\r\r\ndone.\r\r\n[    8.203945] EXT4-fs (sda1): mounted filesystem with ordered data mode. Opts: (null)\r\ndone.\r\r\n[    8.665663] random: nonblocking pool is initialized\r\n[    8.944107] psmouse serio1: trackpoint: IBM TrackPoint firmware: 0x01, buttons: 0/0\r\n[    8.971716] input: TPPS/2 IBM TrackPoint as /devices/platform/i8042/serio1/input/input3\r\nBegin: Running /scripts/local-bottom ... done.\r\r\nBegin: Running /scripts/init-bottom ... Warning: overlayroot: debug is busted\r\r\ndone.\r\r\n[   11.145030] systemd[1]: Failed to insert module 'kdbus': Function not implemented\r\n[   11.849434] systemd[1]: systemd 225 running in system mode. (+PAM +AUDIT +SELINUX +IMA +APPARMOR +SMACK +SYSVINIT +UTMP +LIBCRYPTSETUP +GCRYPT +GNUTLS +ACL +XZ -LZ4 +SECCOMP +BLKID -ELFUTILS +KMOD -IDN)\r\n[   11.897373] systemd[1]: Detected virtualization microsoft.\r\n[   11.911505] systemd[1]: Detected architecture x86-64.\r\n\r\r\nWelcome to \u001b[1mUbuntu 15.10\u001b[0m!\r\r\n\r\r\n[   12.063733] systemd[1]: Set hostname to <ubuntu>.\r\n[   12.075576] systemd[1]: Initializing machine ID from random generator.\r\n[   12.096073] systemd[1]: Installed transient /etc/machine-id file.\r\netc-machine\\x2did.mount\r\r\n-.mount\r\r\n[   13.579607] systemd[1]: sshd-keygen.service: Cannot add dependency job, ignoring: Unit sshd-keygen.service failed to load: No such file or directory.\r\n[   13.595482] systemd[1]: sshd-keygen.service: Cannot add dependency job, ignoring: Unit sshd-keygen.service failed to load: No such file or directory.\r\n[   13.623985] systemd[1]: display-manager.service: Cannot add dependency job, ignoring: Unit display-manager.service failed to load: No such file or directory.\r\n[   13.658108] systemd[1]: Reached target Remote File Systems (Pre).\r\n[\u001b[32m  OK  \u001b[0m[   13.678662] systemd[1]: Started Forward Password Requests to Wall Directory Watch.\r\n] Reached target Remote File Systems (Pre).\r\r\n[[   13.711641] systemd[1]: Reached target Swap.\r\n\u001b[32m  OK  \u001b[0m] Started Forward Password Requests to Wall Directory Watch.\r[   13.733488] systemd[1]: Reached target Encrypted Volumes.\r\n\r\n[\u001b[32m  OK  \u001b[0m] Reached target Swap.\r\r\n[\u001b[32m  OK  \u001b[0m[   13.775400] systemd[1]: Set up automount Arbitrary Executable File Formats File System Automount Point.\r\n] Reached target Encrypted Volumes.\r\r\n[\u001b[32m  OK  \u001b[[   13.814166] systemd[1]: Created slice Root Slice.\r\n] Set up automount Arbitrary Executab...ats File System Automount Point.\r[   13.838327] systemd[1]: Listening on Journal Socket.\r\n\r\n[\u001b[32m  OK  \u001b[0m] Created slice Root Slice.\r[   13.864789] systemd[1]: Created slice User and Session Slice.\r\n\r\n[\u001b[32m  OK  \u001b[0m] Listening on Journal Socket.\r\r\n[\u001b[32m  OK  \u001b[0m[   13.898602] systemd[1]: Listening on Journal Socket (/dev/log).\r\n] Created slice User and Session Slice.\r\r\n[\u001b[32m  OK  \u001b[0m[   13.926280] systemd[1]: Listening on Journal Audit Socket.\r\n] Listening on Journal Socket (/dev/log).\r\r\n[\u001b[32m  OK  \u001b[0m[   13.956827] systemd[1]: Listening on udev Control Socket.\r\n] Listening on Journal Audit Socket.\r\r\n[\u001b[32m  OK  \u001b[0m[   13.988194] systemd[1]: Listening on udev Kernel Socket.\r\n] Listening on udev Control Socket.\r\r\n[\u001b[32m  OK  \u001b[0m[   14.016902] systemd[1]: Created slice System Slice.\r\n] Listening on udev Kernel Socket.\r\r\n[\u001b[32m  OK  \u001b[0m[   14.042679] systemd[1]: Created slice system-serial\\x2dgetty.slice.\r\n] Created slice System Slice.\r\r\n[\u001b[32m  OK  \u001b[0m[   14.072666] systemd[1]: Starting Setup Virtual Console...\r\n] Created slice system-serial\\x2dgetty.slice.\r\r\n         Starting Setup Virtual Console...[   14.106843] systemd[1]: Mounting Huge Pages File System...\r\n\r\r\n         Mounting Huge Pages File System...[   14.137220] systemd[1]: Starting udev Coldplug all Devices...\r\n\r\r\n         Starting udev Coldplug all Devices...[   14.175014] systemd[1]: Created slice system-getty.slice.\r\n\r\r\n[\u001b[32m  OK  \u001b[0m[   14.201922] systemd[1]: Starting Increase datagram queue length...\r\n] Created slice system-getty.slice.\r\r\n         Starting Increase datagram queue length...[   14.230217] systemd[1]: Starting Remount Root and Kernel File Systems...\r\n\r\r\n         Starting Remount Root and Kernel File Systems...[   14.284115] systemd[1]: Mounting POSIX Message Queue File System...\r\n\r\r\n         Mounting POSIX Message Queue File System...[   14.312368] systemd[1]: Mounting Debug File System...\r\n[   14.324643] EXT4-fs (sda1): re-mounted. Opts: discard\r\n\r\r\n         Mounting Debug File System...[   14.354959] systemd[1]: Reached target Slices.\r\n\r\r\n[\u001b[32m  OK  \u001b[0m] Reached target Slices.\r\r\n[   14.416932] systemd[1]: Starting Create list of required static device nodes for the current kernel...\r\n         Starting Create list of required st... nodes for the current kernel...[   14.455199] systemd[1]: Listening on /dev/initctl Compatibility Named Pipe.\r\n\r\r\n[\u001b[32m  OK  \u001b[0m] Listening on /dev/initctl Compatibility Named Pipe.\r\r\n[   14.493602] systemd[1]: Starting Load Kernel Modules...\r\n         Starting Load Kernel Modules...[   14.517245] systemd[1]: Starting Uncomplicated firewall...\r\n\r\r\n         Starting Uncomplicated firewall...[   14.541684] systemd[1]: Reached target User and Group Name Lookups.\r\n\r\r\n[\u001b[32m  OK  \u001b[0m[   14.566261] systemd[1]: Mounted Debug File System.\r\n] Reached target User and Group Name Lookups.\r\r\n[\u001b[32m  OK  \u001b[0m[   14.590479] systemd[1]: Mounted Huge Pages File System.\r\n] Mounted Debug File System.\r\r\nsys-kernel-debug.mount\r\r\n[   14.619008] systemd[1]: Mounted POSIX Message Queue File System.\r\n[\u001b[32m  OK  \u001b[0m] Mounted Huge Pages File System.\r\r\ndev-hugepages.mount\r\r\n[   14.650918] systemd[1]: Started Setup Virtual Console.\r\n[\u001b[32m  OK  \u001b[0m] Mounted POSIX Message Queue File System.\r\r\ndev-mqueue.mount[   14.698601] systemd[1]: Started Increase datagram queue length.\r\n\r\r\n[\u001b[32m  OK  \u001b[0m] Started Setup Virtual Console.\r\r\nsystemd-vconsole-setup.service[   14.733406] systemd[1]: Started Remount Root and Kernel File Systems.\r\n\r\r\n[\u001b[32m  OK  \u001b[0m] Started Increase datagram queue length.\r[   14.801336] systemd[1]: Started Create list of required static device nodes for the current kernel.\r\n\r\n[\u001b[32m  OK  \u001b[0m] Started Remount Root and Kernel File Systems.\r\r\nsystemd-setup-dgram-qlen.service[   14.863215] systemd[1]: Started Load Kernel Modules.\r\n\r\r\n[\u001b[32m  OK  \u001b[0m] Started Create list of required sta...ce nodes for the current kernel.\r[   14.901322] systemd[1]: Started Uncomplicated firewall.\r\n\r\nsystemd-remount-fs.service\r\r\n[\u001b[32m  OK  \u001b[0m] Started Load Kernel Modules.\r[   14.923449] systemd[1]: Started udev Coldplug all Devices.\r\n\r\nkmod-static-nodes.service\r\r\n[\u001b[32m  OK  \u001b[0m] Started Uncomplicated firewall.\r[   14.971671] systemd[1]: Time has been changed\r\n\r\nsystemd-modules-load.service\r\r\n[\u001b[32m  OK  \u001b[0m] Started udev Coldplug all Devices.\r\r\nufw.service\r\r\nsystemd-udev-trigger.service\r[   15.053806] systemd[1]: Starting Apply Kernel Variables...\r\n\r\n         Starting Apply Kernel Variables...[   15.087701] systemd[1]: Mounting FUSE Control File System...\r\n\r\r\n         Mounting FUSE Control File System...[   15.114969] systemd[1]: Starting Create Static Device Nodes in /dev...\r\n\r\r\n         Starting Create Static Device Nodes in /dev...\r[   15.149085] systemd[1]: Starting Ensure /etc/mtab is a symlink to /proc/mounts...\r\n\r\n         Starting Ensure /etc/mtab is a symlink to /proc/mounts...\r\r\n[   15.196530] systemd[1]: Starting Load/Save Random Seed...\r\n         Starting Load/Save Random Seed...\r\r\n[\u001b[32m  OK  \u001b[0m] Listening on Syslog Socket.\r\r\n         Starting Journal Service...\r\r\n[\u001b[32m  OK  \u001b[0m] Mounted FUSE Control File System.\r\r\n[\u001b[32m  OK  \u001b[0m] Started Apply Kernel Variables.\r\r\n[\u001b[32m  OK  \u001b[0m] Started Ensure /etc/mtab is a symlink to /proc/mounts.\r\r\n[\u001b[32m  OK  \u001b[0m] Started Load/Save Random Seed.\r\r\nsys-fs-fuse-connections.mount\r\r\nsystemd-sysctl.service\r\r\ndebian-fixup.service\r\r\nsystemd-random-seed.service\r\r\n[\u001b[32m  OK  \u001b[0m] Started Journal Service.\r\r\n         Starting Flush Journal to Persistent Storage...\r\r\nsystemd-journald.service\r\r\n[\u001b[32m  OK  \u001b[0m] Started Flush Journal to Persistent Storage.\r\r\nsystemd-journal-flush.service\r\r\n[\u001b[32m  OK  \u001b[0m] Started Create Static Device Nodes in /dev.\r\r\n         Starting udev Kernel Device Manager...\r\r\nsystemd-tmpfiles-setup-dev.service\r\r\n[\u001b[32m  OK  \u001b[0m] Started udev Kernel Device Manager.\r\r\n[\u001b[32m  OK  \u001b[0m] Reached target Local File Systems (Pre).\r\r\nsystemd-udevd.service\r\r\n         Mounting /etc/network/interfaces.dynamic.d...\r\r\n[\u001b[32m  OK  \u001b[0m] Mounted /etc/network/interfaces.dynamic.d.\r\r\n[\u001b[32m  OK  \u001b[0m] Reached target Local File Systems.\r\r\n         Starting Create Volatile Files and Direc\r\n         Starting Clean up any mess left by 0dns-up...\r\r\n[\u001b[32m  OK  \u001b[0m] Reached target Remote File Systems.\r\r\n         Starting LSB: AppArmor initialization...\r\r\n         Starting Tell Plymouth To Write Out Runtime Data...\r\r\n         Starting Set console keymap...\r\r\n         Starting Commit a transient machine-id on disk...\r\r\n         Starting Wait for all \"auto\" /etc/n... up for network-online.target...\r\r\n[\u001b[32m  OK  \u001b[0m] Started Commit a transient machine-id on disk.\r\r\netc-network-interfaces.dynamic.d.mount\r\r\n[\u001b[32m  OK  \u001b[0m] Started Create Volatile Files and Directories.\r\r\n         Starting Update UTMP about System Boot/Shutdown...\r\r\n         Starting Network Time Synchronization...\r\r\n[\u001b[32m  OK  \u001b[0m] Started Update UTMP about System Boot/Shutdown.\r\r\n[\u001b[32m  OK  \u001b[0m] Started Clean up any mess left by 0dns-up.\r\r\n         Starting Nameserver information manager...\r\r\n[\u001b[32m  OK  \u001b[0m] Started Nameserver information manager.\r\r\n[   16.903194] piix4_smbus 0000:00:07.3: SMBus base address uninitialized - upgrade BIOS or use force_addr=0xaddr\r\nsystemd-machine-id-commit.service\r\r\n[\u001b[32m  OK  \u001b[0m] Started Network Time Synchronization.\r\r\n[\u001b[32m  OK  \u001b[0m] Reached target System Time Synchronized.\r\r\n[\u001b[32m  OK  \u001b[0m] Started Set console keymap.\r\r\nsystemd-tmpfiles-setup.service\r\r\nsystemd-update-utmp.service\r\r\nresolvconf.service\r\r\nsystemd-timesyncd.service\r\r\n[\u001b[32m  OK  \u001b[0m] Started Tell Plymouth To Write Out Runtime Data.\r\r\n[\u001b[32m  OK  \u001b[0m] Found device /dev/ttyS0.\r\r\n[\u001b[32m  OK  \u001b[0m] Created slice system-ifup.slice.\r\r\n[\u001b[32m  OK  \u001b[0m] Found device /sys/subsystem/net/devices/eth0.\r\r\n[\u001b[32m  OK  \u001b[0m] Started LSB: AppArmor initialization.\r\r\n         Starting LSB: Raise network interfaces....\r\r\n[\u001b[32m  OK  \u001b[0m] Started ifup for eth0.\r\r\napparmor.service\r\r\nifup@eth0.service\r\r\n[\u001b[32m  OK  \u001b[0m] Started LSB: Raise network interfaces..\r\r\n[\u001b[32m  OK  \u001b[0m] Reached target System Initialization.\r\r\n[\u001b[32m  OK  \u001b[0m] Listening on D-Bus System Message Bus Socket.\r\r\n[\u001b[32m  OK  \u001b[0m] Started Daily Cleanup of Temporary Directories.\r\r\n[\u001b[32m  OK  \u001b[0m] Reached target Timers.\r\r\n         Starting Seed the pseudo random number generator on first boot...\r\r\n[\u001b[32m  OK  \u001b[0m] Listening on UUID daemon activation socket.\r\r\n[\u001b[32m  OK  \u001b[0m] Started Trigger resolvconf update for networkd DNS.\r\r\n[\u001b[32m  OK  \u001b[0m] Reached target Paths.\r\r\n[\u001b[32m  OK  \u001b[0m] Listening on ACPID Listen Socket.\r\r\n         Starting lxd-unix.socket.\r\r\n[\u001b[32m  OK  \u001b[0m] Reached target Network.\r\r\n[\u001b[32m  OK  \u001b[0m] Listening on lxd-unix.socket.\r\r\n[\u001b[32m  OK  \u001b[0m] Reached target Sockets.\r\r\n[\u001b[32m  OK  \u001b[0m] Reached target Basic System.\r\r\n         Starting Initial cloud-init job (pre-networking)...\r\r\n[\u001b[32m  OK  \u001b[0m] Started Hyper-V KVP Protocol Daemon.\r\r\n         Starting LSB: Set the CPU Frequency Scaling governor to \"ondemand\"...\r\r\n[\u001b[32m  OK  \u001b[0m] Started Hyper-V File Copy Protocol Daemon.\r\r\n         Starting LSB: Record successful boot for GRUB...\r\r\n         Starting Accounts Service...\r\r\n         Starting LSB: Starts the Micro Name Service Cache Daemon...\r\r\n[\u001b[32m  OK  \u001b[0m] Started Hyper-V VSS Protocol Daemon.\r\r\n[\u001b[32m  OK  \u001b[0m] Started D-Bus System Message Bus.\r\r\nnetworking.service\r\r\nhv-kvp-daemon.service\r\r\nhv-fcopy-daemon.service\r\r\nhv-vss-daemon.service\r\r\ndbus.service\r\r\n         Starting LSB: automatic crash report generation...\r\r\n         Starting System Logging Service...\r\r\n[\u001b[32m  OK  \u001b[0m] Started Deferred execution scheduler.\r\r\n         Starting Restore /etc/resolv.conf i...e the ppp link was shut down....\r\r\n         Starting Thermal Daemon Service...\r\r\natd.service\r\r\n[\u001b[32m  OK  \u001b[0m] Started Regular background program processing daemon.\r\r\n         Starting LSB: daemon to balance interrupts for SMP systems...\r\r\n[\u001b[32m  OK  \u001b[0m] Started Cgroup management daemon.\r\r\n[\u001b[32m  OK  \u001b[0m] Started FUSE filesystem for LXC.\r\r\n         Starting Login Service...\r\r\n[\u001b[32m  OK  \u001b[0m] Started Wait for all \"auto\" /etc/ne...be up for network-online.target.\r\r\n[\u001b[32m  OK  \u001b[0m] Started LSB: Set the CPU Frequency Scaling governor to \"ondemand\".\r\r\n[\u001b[32m  OK  \u001b[0m] Started LSB: Record successful boot for GRUB.\r\r\n[\u001b[32m  OK  \u001b[0m] Started LSB: Starts the Micro Name Service Cache Daemon.\r\r\n[\u001b[32m  OK  \u001b[0m] Started Restore /etc/resolv.conf if...ore the ppp link was shut down..\r\r\n[\u001b[32m  OK  \u001b[0m] Reached target Network is Online.\r\r\n         Starting LXC network bridge setup...\r\r\n         Starting /etc/rc.local Compatibility...\r\r\n[\u001b[32m  OK  \u001b[0m] Started /etc/rc.local Compatibility.\r\r\ncron.service\r\r\n[\u001b[32m  OK  \u001b[0m] Started LSB: automatic crash report generation.\r\r\n[\u001b[32m  OK  \u001b[0m] Started Login Service.\r\r\n[\u001b[32m  OK  \u001b[0m] Started LSB: daemon to balance interrupts for SMP systems.\r\r\n[\u001b[32m  OK  \u001b[0m] Started System Logging Service.\r\r\ncgmanager.service\r\r\nlxcfs.service\r\r\nifup-wait-all-auto.service\r\r\nondemand.service\r\r\ngrub-common.service\r\r\nunscd.service\r\r\nrc-local.service\r\r\nrun-cgmanager-fs.mount\r\r\napport.service\r\r\nsystemd-logind.service\r\r\nvar-lib-lxcfs.mount\r\r\nirqbalance.service\r\r\nrsyslog.service\r\r\n         Starting Authenticate and Authorize Users to Run Privileged Tasks...\r\r\n[\u001b[32m  OK  \u001b[0m] Started Thermal Daemon Service.\r\r\nthermald.service\r\r\n[\u001b[32m  OK  \u001b[0m] Started Authenticate and Authorize Users to Run Privileged Tasks.\r\r\n[\u001b[32m  OK  \u001b[0m] Started Accounts Service.\r\r\npolkitd.service\r\r\naccounts-daemon.service\r\r\n[\u001b[32m  OK  \u001b[0m] Started LXC network bridge setup.\r\r\n         Starting LXC Container Initialization and Autoboot Code...\r\r\nlxc-net.service\r\r\n[\u001b[32m  OK  \u001b[0m] Started LXC Container Initialization and Autoboot Code.\r\r\n         Starting Container hypervisor based on LXC - boot time check...\r\r\nlxc.service\r\r\n[\u001b[32m  OK  \u001b[0m] Started Seed the pseudo random number generator on first boot.\r\r\n[   30.376126] cloud-init[681]: Cloud-init v. 0.7.7 running 'init-local' at Tue, 15 Mar 2016 22:47:03 +0000. Up 30.06 seconds.\r\r\n[\u001b[32m  OK  \u001b[0m] Started Initial cloud-init job (pre-networking).\r\r\n         Starting Initial cloud-init job (metadata service crawler)...\r\r\ncloud-init-local.service\r\r\n[\u001b[32m  OK  \u001b[0m] Started Container hypervisor based on LXC - boot time check.\r\r\n[   31.600122] blk_update_request: I/O error, dev fd0, sector 0\r\n[   31.888166] blk_update_request: I/O error, dev fd0, sector 0\r\ntmp-tmpl77h7280.mount\r\r\n[   32.777663] cloud-init[969]: + i=eth0\r\r\n[   32.782232] cloud-init[969]: + x=0\r\r\n[   32.787149] cloud-init[969]: + ifdown eth0\r\r\n[   32.838736] cloud-init[969]: Killed old client process\r\r\n[   33.844512] cloud-init[969]: Internet Systems Consortium DHCP Client 4.3.1\r\r\n[   33.845572] cloud-init[969]: Copyright 2004-2014 Internet Systems Consortium.\r\r\n[   33.856705] cloud-init[969]: All rights reserved.\r\r\n[   33.857220] cloud-init[969]: For info, please visit https://www.isc.org/software/dhcp/\r\r\n[   33.862925] cloud-init[969]: Listening on LPF/eth0/00:0d:3a:12:19:51\r\r\n[   33.873123] cloud-init[969]: Sending on   LPF/eth0/00:0d:3a:12:19:51\r\r\n[   33.874207] cloud-init[969]: Sending on   Socket/fallback\r\r\n[   33.930869] cloud-init[969]: DHCPRELEASE on eth0 to 168.63.129.16 port 67 (xid=0x5f0033c4)\r\r\n[   34.009066] cloud-init[969]: + ifup eth0\r\r\n[   34.042318] cloud-init[969]: Internet Systems Consortium DHCP Client 4.3.1\r\r\n[   34.047357] cloud-init[969]: Copyright 2004-2014 Internet Systems Consortium.\r\r\n[   34.063539] cloud-init[969]: All rights reserved.\r\r\n[   34.067199] cloud-init[969]: For info, please visit https://www.isc.org/software/dhcp/\r\r\n[   34.080917] cloud-init[969]: Listening on LPF/eth0/00:0d:3a:12:19:51\r\r\n[   34.083282] cloud-init[969]: Sending on   LPF/eth0/00:0d:3a:12:19:51\r\r\n[   34.083546] cloud-init[969]: Sending on   Socket/fallback\r\r\n[   34.083804] cloud-init[969]: DHCPDISCOVER on eth0 to 255.255.255.255 port 67 interval 3 (xid=0xa8bbcd52)\r\r\n[   34.203912] cloud-init[969]: DHCPREQUEST of 10.0.0.4 on eth0 to 255.255.255.255 port 67 (xid=0x52cdbba8)\r\r\n[   34.207684] cloud-init[969]: DHCPOFFER of 10.0.0.4 from 168.63.129.16\r\r\n[   34.408025] cloud-init[969]: DHCPACK of 10.0.0.4 from 168.63.129.16\r\r\n[   34.533410] cloud-init[969]: bound to 10.0.0.4 -- renewal in 4294967295 seconds.\r\r\n[   34.577035] cloud-init[969]: + exit 0\r\r\n[\u001b[32m  OK  \u001b[0m] Started Azure Linux Agent.\r\r\nwalinuxagent.service\r\r\n2016/03/15 22:47:09.172643 INFO Azure Linux Agent Version:2.1.2\r\r\n2016/03/15 22:47:09.179255 INFO OS: ubuntu 15.10\r\r\n2016/03/15 22:47:09.179544 INFO Python: 3.4.3\r\r\n2016/03/15 22:47:09.179824 INFO Send dhcp request\r\r\n2016/03/15 22:47:09.420559 INFO Wire server endpoint:168.63.129.16\r\r\n2016/03/15 22:47:09.431665 INFO Gateway:10.0.0.1\r\r\n2016/03/15 22:47:09.431988 INFO Routes:None\r\r\n2016/03/15 22:47:09.432384 INFO Configure routes\r\r\n2016/03/15 22:47:09.436954 INFO Detect default protocol.\r\r\n2016/03/15 22:47:09.980824 INFO Fabric preferred wire protocol version:2015-04-05\r\r\n2016/03/15 22:47:09.994522 INFO Wire protocol version:2012-11-30\r\r\n2016/03/15 22:47:09.994809 WARNING Server prefered version:2015-04-05\r\r\n2016/03/15 22:47:09.995097 INFO Last request issued less than 1 second ago\r\r\n2016/03/15 22:47:09.995319 INFO Sleep 1 second to avoid throttling.\r\r\n2016/03/15 22:47:11.005594 INFO Sleep 1 second to avoid throttling.\r\r\n2016/03/15 22:47:12.028384 INFO Last request issued less than 1 second ago\r\r\n2016/03/15 22:47:12.045575 INFO Sleep 1 second to avoid throttling.\r\r\n2016/03/15 22:47:13.242425 INFO Sleep 1 second to avoid throttling.\r\r\n[   40.484125] blk_update_request: I/O error, dev fd0, sector 0\r\n[   40.572171] blk_update_request: I/O error, dev fd0, sector 0\r\ntmp-tmp53vxze9u.mount\r\r\n2016/03/15 22:47:14.263719 INFO Protocol V1 found.\r\r\n2016/03/15 22:47:14.273002 INFO Protocol V2 found.\r\r\n2016/03/15 22:47:14.275560 INFO run Ubuntu provision handler\r\r\n2016/03/15 22:47:14.295128 INFO Waiting cloud-init to finish provisioning.\r\r\n2016/03/15 22:47:14.296122 INFO Wait for ssh host key to be generated.\r\r\n2016/03/15 22:47:14.327515 INFO Wait for ssh host key be generated: /etc/ssh/ssh_host_rsa_key\r\r\n2016/03/15 22:47:14.342103 INFO Event: name=WALA, op=HeartBeat, message=\r\r\n016/03/15 22:47:19.345489 INFO Wait for ssh host key be generated: /etc/ssh/ssh_host_rsa_key\r\r\n016/03/15 22:47:19.345489 INFO Wait for ssh host key be generated: /etc/ssh/ssh_host_rsa_key\r\r\n[   49.488335] cloud-init[969]: Cloud-init v. 0.7.7 running 'init' at Tue, 15 Mar 2016 22:47:04 +0000. Up 31.06 seconds.\r\r\n[   49.494042] cloud-init[969]: ci-info: ++++++++++++++++++++++++++++++++++++++Net device info+++++++++++++++++++++++++++++++++++++++\r\r\n[   49.494496] cloud-init[969]: ci-info: +--------+------+------------------------------+---------------+-------+-------------------+\r\r\n[   49.494881] cloud-init[969]: ci-info: | Device |  Up  |           Address            |      Mask     | Scope |     Hw-Address    |\r\r\n[   49.495251] cloud-init[969]: ci-info: +--------+------+------------------------------+---------------+-------+-------------------+\r\r\n[   49.521310] cloud-init[969]: ci-info: | lxcbr0 | True |           10.0.1.1           | 255.255.255.0 |   .   | fa:91:81:0d:29:e7 |\r\r\n[   49.521983] cloud-init[969]: ci-info: | lxcbr0 | True | fe80::f891:81ff:fe0d:29e7/64 |       .       |  link | fa:91:81:0d:29:e7 |\r\r\n[   49.523216] cloud-init[969]: ci-info: |  eth0  | True |           10.0.0.4           | 255.255.255.0 |   .   | 00:0d:3a:12:19:51 |\r\r\n[   49.523678] cloud-init[969]: ci-info: |  eth0  | True | fe80::20d:3aff:fe12:1951/64  |       .       |  link | 00:0d:3a:12:19:51 |\r\r\n[   49.524098] cloud-init[969]: ci-info: |   lo   | True |          127.0.0.1           |   255.0.0.0   |   .   |         .         |\r\r\n[   49.524482] cloud-init[969]: ci-info: |   lo   | True |           ::1/128            |       .       |  host |         .         |\r\r\n[   49.524848] cloud-init[969]: ci-info: +--------+------+------------------------------+---------------+-------+-------------------+\r\r\n[   49.525213] cloud-init[969]: ci-info: +++++++++++++++++++++++++++++Route IPv4 info++++++++++++++++++++++++++++++\r\r\n[   49.525577] cloud-init[969]: ci-info: +-------+---------------+----------+-----------------+-----------+-------+\r\r\n[   49.525936] cloud-init[969]: ci-info: | Route |  Destination  | Gateway  |     Genmask     | Interface | Flags |\r\r\n[   49.526307] cloud-init[969]: ci-info: +-------+---------------+----------+-----------------+-----------+-------+\r\r\n[   49.526671] cloud-init[969]: ci-info: |   0   |    0.0.0.0    | 10.0.0.1 |     0.0.0.0     |    eth0   |   UG  |\r\r\n[   49.527027] cloud-init[969]: ci-info: |   1   |    10.0.0.0   | 0.0.0.0  |  255.255.255.0  |    eth0   |   U   |\r\r\n[   49.527384] cloud-init[969]: ci-info: |   2   |    10.0.1.0   | 0.0.0.0  |  255.255.255.0  |   lxcbr0  |   U   |\r\r\n[   49.527736] cloud-init[969]: ci-info: |   3   | 168.63.129.16 | 10.0.0.1 | 255.255.255.255 |    eth0   |  UGH  |\r\r\n[   49.529484] cloud-init[969]: ci-info: +-------+---------------+----------+-----------------+-----------+-------+\r\r\n[   49.529880] cloud-init[969]: Generating public/private rsa key pair.\r\r\n[   49.530245] cloud-init[969]: Your identification has been saved in /etc/ssh/ssh_host_rsa_key.\r\r\n[   49.549729] cloud-init[969]: Your public key has been saved in /etc/ssh/ssh_host_rsa_key.pub.\r\r\n[   49.550112] cloud-init[969]: The key fingerprint is:\r\r\n[   49.550476] cloud-init[969]: SHA256:xkg238jnZ3Qwyt6FCJFenV/PEyI8EWdWH2NsQvcWiqs root@xplatvm\r\r\n[   49.550832] cloud-init[969]: The key's randomart image is:\r\r\n[   49.551181] cloud-init[969]: +---[RSA 2048]----+\r\r\n[   49.551532] cloud-init[969]: |        ...++*oB |\r\r\n[   49.551878] cloud-init[969]: |        ...+Bo++B|\r\r\n[   49.552275] cloud-init[969]: |      +... .=o+o*|\r\r\n[   49.552633] cloud-init[969]: |     o *.= o.+.oo|\r\r\n[   49.552982] cloud-init[969]: |      . S *.o o .|\r\r\n[   49.553331] cloud-init[969]: |       . +.o o   |\r\r\n[   49.553685] cloud-init[969]: |         Eo +    |\r\r\n[   49.556072] cloud-init[969]: |           o     |\r\r\n[   49.556608] cloud-init[969]: |                 |\r\r\n[   49.556983] cloud-init[969]: +----[SHA256]-----+\r\r\n[   49.557338] cloud-init[969]: Generating public/private dsa key pair.\r\r\n[   49.557692] cloud-init[969]: Your identification has been saved in /etc/ssh/ssh_host_dsa_key.\r\r\n[   49.558047] cloud-init[969]: Your public key has been saved in /etc/ssh/ssh_host_dsa_key.pub.\r\r\n[   49.558400] cloud-init[969]: The key fingerprint is:\r\r\n[   49.560125] cloud-init[969]: SHA256:ZQ5XMOaPZkRhTw3bDArtFR8QAcZo40+1pHQH4uoz1j0 root@xplatvm\r\r\n[   49.560625] cloud-init[969]: The key's randomart image is:\r\r\n[   49.560999] cloud-init[969]: +---[DSA 1024]----+\r\r\n[   49.561357] cloud-init[969]: |        .+@+@O.  |\r\r\n[   49.564076] cloud-init[969]: |        +O+B=*o. |\r\r\n[   49.564583] cloud-init[969]: |       o.+O*oo+  |\r\r\n[   49.564955] cloud-init[969]: |        .O+o.    |\r\r\n[   49.565308] cloud-init[969]: |        So= .    |\r\r\n[   49.565658] cloud-init[969]: |       . +..     |\r\r\n[   49.566006] cloud-init[969]: |        = . E    |\r\r\n[   49.566353] cloud-init[969]: |       . o   .   |\r\r\n[   49.566706] cloud-init[969]: |                 |\r\r\n[   49.568053] cloud-init[969]: +----[SHA256]-----+\r\r\n[   49.568499] cloud-init[969]: Generating public/private ecdsa key pair.\r\r\n[   49.568864] cloud-init[969]: Your identification has been saved in /etc/ssh/ssh_host_ecdsa_key.\r\r\n[   49.592067] cloud-init[969]: Your public key has been saved in /etc/ssh/ssh_host_ecdsa_key.pub.\r\r\n[   49.592630] cloud-init[969]: The key fingerprint is:\r\r\n[   49.593005] cloud-init[969]: SHA256:kRACCr76PIaDU6NRUNN+37STXElrObFlHHH28oSG1aY root@xplatvm\r\r\n[   49.593362] cloud-init[969]: The key's randomart image is:\r\r\n[   49.593715] cloud-init[969]: +---[ECDSA 256]---+\r\r\n[   49.594075] cloud-init[969]: |..+o. o.     .++o|\r\r\n[   49.594431] cloud-init[969]: |+. ... . .  oo+++|\r\r\n[   49.596058] cloud-init[969]: |.o .    o  ..O+oo|\r\r\n[   49.596531] cloud-init[969]: |  o . .  .. O.E+ |\r\r\n[   49.596899] cloud-init[969]: | o   . .S+ = .  .|\r\r\n[   49.600582] cloud-init[969]: |o o     . *      |\r\r\n[   49.600961] cloud-init[969]: |o= .       .     |\r\r\n[   49.601330] cloud-init[969]: |*oo              |\r\r\n[   49.601687] cloud-init[969]: | +o.             |\r\r\n[   49.602046] cloud-init[969]: +----[SHA256]-----+\r\r\n[   49.602397] cloud-init[969]: Generating public/private ed25519 key pair.\r\r\n[   49.602747] cloud-init[969]: Your identification has been saved in /etc/ssh/ssh_host_ed25519_key.\r\r\n[   49.603099] cloud-init[969]: Your public key has been saved in /etc/ssh/ssh_host_ed25519_key.pub.\r\r\n[   49.604086] cloud-init[969]: The key fingerprint is:\r\r\n[   49.604521] cloud-init[969]: SHA256:VW8sa7+fEWF+peOh6/aVU4szSat6TfZOcK4gy5vOJsE root@xplatvm\r\r\n[   49.608114] cloud-init[969]: The key's randomart image is:\r\r\n[   49.608655] cloud-init[969]: +--[ED25519 256]--+\r\r\n[   49.609031] cloud-init[969]: |            .    |\r\r\n[   49.609390] cloud-init[969]: |           . o   |\r\r\n[   49.609751] cloud-init[969]: |          . . +o.|\r\r\n[   49.632076] cloud-init[969]: |         .   +o.o|\r\r\n[   49.632552] cloud-init[969]: |      . S   oo++o|\r\r\n[   49.632924] cloud-init[969]: |       E   ..*Bo*|\r\r\n[   49.633283] cloud-init[969]: |        .. .=*+B.|\r\r\n[   49.633635] cloud-init[969]: |       .o.+.+o=++|\r\r\n[   49.636098] cloud-init[969]: |        +O++oo++.|\r\r\n[   49.636608] cloud-init[969]: +----[SHA256]-----+\r\r\n[\u001b[32m  OK  \u001b[0m] Started Initial cloud-init job (metadata service crawler).\r\r\n[\u001b[32m  OK  \u001b[0m] Started OpenBSD Secure Shell server.\r\r\n[\u001b[32m  OK  \u001b[0m] Reached target Cloud-config availability.\r\r\n         Starting Apply the settings specified in cloud-config...\r\r\n         Starting Permit User Sessions...\r\r\n[\u001b[32m  OK  \u001b[0m] Started Permit User Sessions.\r\r\n         Starting Terminate Plymouth Boot Screen...\r\r\n         Starting Wait for Plymouth Boot Screen to Quit...\r\r\n2016/03/15 22:47:24.370661 INFO Finished provisioning\r\r\n2016/03/15 22:47:25.312223 INFO Last request issued less than 1 second ago\r\r\n2016/03/15 22:47:25.312683 INFO Sleep 1 second to avoid throttling.\r\r\ncloud-init.service\r\r\nssh.service\r\r\nsystemd-user-sessions.service\r\r\n2016/03/15 22:47:26.314141 INFO Sleep 1 second to avoid throttling.\r\n2016/03/15 22:47:27.330814 INFO Start env monitor service.\r\n2016/03/15 22:47:27.603926 INFO Set block dev timeout: sda with timeout: 300\r\n2016/03/15 22:47:27.651959 INFO Set block dev timeout: sdb with timeout: 300\r\n[   55.676858] cloud-init[1246]: Generating locales...\r\n[   55.851185] cloud-init[1246]: en_US.UTF-8... up-to-date\r\n[   55.883466] cloud-init[1246]: Generation complete.\r\n\r\r\nUbuntu 15.10 xplatvm ttyS0\r\n\r\nxplatvm login:
[   59.410000] cloud-init[1246]: Cloud-init v. 0.7.7 running 'modules:config' at Tue, 15 Mar 2016 22:47:24 +0000. Up 50.85 seconds.\r\nci-info: ++Authorized keys from /home/azureuser/.ssh/authorized_keys for user azureuser+++\r\nci-info: +---------+-------------------------------------------------+---------+---------+\r\nci-info: | Keytype |                Fingerprint (md5)                | Options | Comment |\r\nci-info: +---------+-------------------------------------------------+---------+---------+\r\nci-info: | ssh-rsa | 8f:df:8f:18:ba:cd:cc:63:7c:1f:ea:ae:ba:09:40:65 |    -    |    -    |\r\nci-info: +---------+-------------------------------------------------+---------+---------+\r\n<14>Mar 15 22:47:33 ec2: \r\n<14>Mar 15 22:47:33 ec2: #############################################################\r\n<14>Mar 15 22:47:33 ec2: -----BEGIN SSH HOST KEY FINGERPRINTS-----\r\n<14>Mar 15 22:47:33 ec2: 1024 SHA256:ZQ5XMOaPZkRhTw3bDArtFR8QAcZo40+1pHQH4uoz1j0 root@xplatvm (DSA)\r\n<14>Mar 15 22:47:33 ec2: 256 SHA256:kRACCr76PIaDU6NRUNN+37STXElrObFlHHH28oSG1aY root@xplatvm (ECDSA)\r\n<14>Mar 15 22:47:33 ec2: 256 SHA256:VW8sa7+fEWF+peOh6/aVU4szSat6TfZOcK4gy5vOJsE root@xplatvm (ED25519)\r\n<14>Mar 15 22:47:33 ec2: 2048 SHA256:xkg238jnZ3Qwyt6FCJFenV/PEyI8EWdWH2NsQvcWiqs root@xplatvm (RSA)\r\n<14>Mar 15 22:47:33 ec2: -----END SSH HOST KEY FINGERPRINTS-----\r\n<14>Mar 15 22:47:33 ec2: #############################################################\r\n-----BEGIN SSH HOST KEY KEYS-----\r\necdsa-sha2-nistp256 AAAAE2VjZHNhLXNoYTItbmlzdHAyNTYAAAAIbmlzdHAyNTYAAABBBC+Z7BQjwyDO/Ru8ivr3JKxI9eTdZhzCFcUVtN0/ruKy9Gnaw5WHwyKijIzizOBxjOYJcnJFbqlxUvfdjtjLGMc= root@xplatvm\r\nssh-ed25519 AAAAC3NzaC1lZDI1NTE5AAAAINR6+Aqpu1zQRZROCl6Dt+eLbG1RjNlH3zd0pZ5EOlvM root@xplatvm\r\nssh-rsa AAAAB3NzaC1yc2EAAAADAQABAAABAQDc76xgGU4kv3x90UJt+fpPOj8mMe3obDDdLQaxADs6iLdg9wSUO4y3t9nQ71XIScUJmJ1ilplBB+iaR8gKe9bXxAx+6qUzFyARfMh68U6TJL7eN3vQR5hK7PSxbD4vHz9mEpLNmmZTI3qNowqGUka+49w/4P20wlURd/ezjTsJrI5rv+NxREYI7VKi5PauFtt2XKplZrPPtfwG5ZzYsKd+nw8rbhd5dcr3L665m2uTkz2KN1qsTR6WvtozFCfuAVICTWAwWU6koRfBF66LWBnH+NxWD7RyQm2MZzzg/WMAT4xQWPXjEzOzJbGsBbP/uin1virbWuaIx/ou/MacU3bX root@xplatvm\r\n-----END SSH HOST KEY KEYS-----\r\n[   60.731940] cloud-init[1359]: Cloud-init v. 0.7.7 running 'modules:final' at Tue, 15 Mar 2016 22:47:33 +0000. Up 60.01 seconds.\r\n[   60.779223] cloud-init[1359]: Cloud-init v. 0.7.7 finished at Tue, 15 Mar 2016 22:47:34 +0000. Datasource DataSourceAzureNet [seed=/dev/sr0].  Up 60.71 seconds\r\n2016/03/15 22:48:17.895127 INFO Sleep 1 second to avoid throttling.\r\n2016/03/15 22:48:43.816482 INFO Last request issued less than 1 second ago\r\n2016/03/15 22:48:43.830607 INFO Sleep 1 second to avoid throttling.\r\n2016/03/15 22:48:44.850998 INFO Sleep 1 second to avoid throttling.\r\n2016/03/15 22:48:45.931863 INFO Lsst request issued less than 1 second ago\r\n2016/03/15 22:48:45.941182 INFO Sleep 1 second to avoid throttling.\r\n2016/03/15 22:49:12.750316 INFO Sleep 1 second to avoid throttling.\r\n2016/03/15 22:50:28.610616 INFO Sleep 1 second to avoid throttling.\r\n2016/03/15 22:51:44.988231 INFO Sleep 1 second to avoid throttling.\r\n2016/03/15 22:53:01.294935 INFO Sleep 1 second to avoid throttling.\r\n2016/03/15 22:54:17.593817 INFO Sleep 1 second to avoid throttling.\r\n2016/03/15 22:55:33.876339 OOOO Sleep 1 second to avoid throttling.\r\n2016/03/15 22:56:50.272684 INFO Sleep 1 second to avoid throttling.\r\n2016/03/15 22:57:41.488902 INFO Last request issued less than 1 second ago\r\n2016/03/15 22:57:41.517578 INFO Sleep 1 second to avoid throttling.\r\n2016/03/15 22:57:42.544891 INFO Sleep 1 second to avoid throttling.\r\n2016/03/15 22:57:43.575713 INFO Last request issued less than 1 second ago\r\n2016/03/15 22:57:43.595381 INFO Sleep 1 second to avoid throttling.\r\n2016/03/15 22:57:44.677229 INFO Sleep 1 second to avoid throttling.\r\n2016/03/15 22:59:01.110554 INFO Sleep 1 second to avoid throttling.\r\n2016/03/15 23:00:17.605917 INFO Sleep 1 second to avoid throttling.\r\n2016/03/15 23:02:03.238437 IOFO Last request issued less than 1 second ago\r\n2016/03/15 23:02:03.251862 INFO Sleep 1 second to avoid throttling.\r\n2016/03/15 23:02:04.265606 INFO Sleep 1 second to avoid throttling.\r\n2016/03/15223:02:05.293576 INFO Last request issued less than 1 second ago\r\n2016/03/15 23:02:05.307686 INFO Sleep 1 second to avoid throttling.\r\n2016/03/15 23:02:06.419788 INFO Sleep 1 second to avoid throttling.\r\n\u0000\u0000\u0000\u0000\u0000\u0000\u0000\u0000\u0000\u0000\u0000\u0000\u0000\u0000\u0000\u0000\u0000\u0000\u0000\u0000\u0000\u0000\u0000\u0000\u0000\u0000\u0000\u0000\u0000\u0000\u0000\u0000\u0000\u0000\u0000", { 'content-length': '61952',
  'content-type': 'text/plain',
  'last-modified': 'Tue, 15 Mar 2016 23:02:55 GMT',
  'accept-ranges': 'bytes',
  etag: '"0x8D34D25F182D270"',
  server: 'Windows-Azure-Blob/1.0 Microsoft-HTTPAPI/2.0',
  'x-ms-request-id': '3a442113-0001-0134-210e-7f21b2000000',
  'x-ms-version': '2015-02-21',
  'x-ms-lease-status': 'unlocked',
  'x-ms-lease-state': 'available',
  'x-ms-blob-type': 'PageBlob',
  'x-ms-blob-sequence-number': '0',
  date: 'Tue, 15 Mar 2016 23:03:08 GMT',
  connection: 'close' });
 return result; },
function (nock) { 
var result = 
nock('https://xplatteststorage17193.blob.core.windows.net:443')
  .get('/bootdiagnostics-xplatvm-9a99e1e7-bbe9-4e11-a13b-d0e4e4467171/xplatvm.9a99e1e7-bbe9-4e11-a13b-d0e4e4467171.serialconsole.log')
