// This file has been autogenerated.

var profile = require('../../../lib/util/profile');

exports.getMockedProfile = function () {
  var newProfile = new profile.Profile();

  newProfile.addSubscription(new profile.Subscription({
    id: 'e33f361b-53c2-4cc7-b829-78906708387b',
    managementCertificate: {
      key: 'mockedKey',
      cert: 'mockedCert'
    },
    name: 'Microsoft Azure Internal Consumption',
    user: {
      name: 'user@domain.example',
      type: 'servicePrincipal'
    },
    tenantId: '72f988bf-86f1-41af-91ab-2d7cd011db47',
    state: 'Enabled',
    registeredProviders: [],
    isDefault: true
  }, newProfile.environments['AzureCloud']));

  return newProfile;
};

exports.setEnvironment = function() {
  process.env['AZURE_VM_TEST_LOCATION'] = 'southeastasia';
  process.env['SSHCERT'] = 'test/myCert.pem';
};

exports.scopes = [[function (nock) { 
var result = 
nock('http://management.azure.com:443')
  .get('/subscriptions/e33f361b-53c2-4cc7-b829-78906708387b/resourceGroups/xplatTestGVMCreate2750/providers/Microsoft.Compute/virtualMachines/xplatvm?$expand=instanceView&api-version=2016-03-30')
  .reply(200, "{\r\n  \"properties\": {\r\n    \"vmId\": \"0770d4e6-ad85-42e9-9814-8056b069e2da\",\r\n    \"availabilitySet\": {\r\n      \"id\": \"/subscriptions/e33f361b-53c2-4cc7-b829-78906708387b/resourceGroups/xplatTestGVMCreate2750/providers/Microsoft.Compute/availabilitySets/XPLATTESTAAVAIL876\"\r\n    },\r\n    \"hardwareProfile\": {\r\n      \"vmSize\": \"Standard_DS1\"\r\n    },\r\n    \"storageProfile\": {\r\n      \"imageReference\": {\r\n        \"publisher\": \"canonical\",\r\n        \"offer\": \"UbuntuServer\",\r\n        \"sku\": \"15.10\",\r\n        \"version\": \"latest\"\r\n      },\r\n      \"osDisk\": {\r\n        \"osType\": \"Linux\",\r\n        \"name\": \"clia2de559a091f5b1a-os-1462260253469\",\r\n        \"createOption\": \"FromImage\",\r\n        \"vhd\": {\r\n          \"uri\": \"https://xplatteststorage13620.blob.core.windows.net/xplatteststoragecnt19568/clia2de559a091f5b1a-os-1462260253469.vhd\"\r\n        },\r\n        \"caching\": \"ReadWrite\"\r\n      },\r\n      \"dataDisks\": []\r\n    },\r\n    \"osProfile\": {\r\n      \"computerName\": \"xplatvm\",\r\n      \"adminUsername\": \"azureuser\",\r\n      \"linuxConfiguration\": {\r\n        \"disablePasswordAuthentication\": false,\r\n        \"ssh\": {\r\n          \"publicKeys\": [\r\n            {\r\n              \"path\": \"/home/azureuser/.ssh/authorized_keys\",\r\n              \"keyData\": \"MIID/zCCAuegAwIBAgIJAMUAa+XVLvAeMA0GCSqGSIb3DQEBBQUAMIGVMQswCQYD\\r\\nVQQGEwJJbjESMBAGA1UECAwJS2FybmF0YWthMRIwEAYDVQQHDAlCYW5nYWxvcmUx\\r\\nEDAOBgNVBAoMB2JyaWxsaW8xEjAQBgNVBAsMCW1pY3Jvc29mdDEQMA4GA1UEAwwH\\r\\nYnJpbGxpbzEmMCQGCSqGSIb3DQEJARYXc3JlZWthbnRoYnNAeWFob28uY28uaW4w\\r\\nHhcNMTUwMzA1MTE1MzEyWhcNMTYwMzA0MTE1MzEyWjCBlTELMAkGA1UEBhMCSW4x\\r\\nEjAQBgNVBAgMCUthcm5hdGFrYTESMBAGA1UEBwwJQmFuZ2Fsb3JlMRAwDgYDVQQK\\r\\nDAdicmlsbGlvMRIwEAYDVQQLDAltaWNyb3NvZnQxEDAOBgNVBAMMB2JyaWxsaW8x\\r\\nJjAkBgkqhkiG9w0BCQEWF3NyZWVrYW50aGJzQHlhaG9vLmNvLmluMIIBIjANBgkq\\r\\nhkiG9w0BAQEFAAOCAQ8AMIIBCgKCAQEAyUNKaOuT0NK+S8Ck81zy9xJ6hXfZvAC6\\r\\nlhbmf/6s/WVimJ/TX5NMhQJwC9k6ZIF92KfYrojHNvHDufSZ3EtKUVwRFCDjmgMT\\r\\nDL09WkGaZt7gROYFK0iZ4KrYGovUwlwum9fHB24OJiOV4bi0ek62/rHx9fjYZpvp\\r\\naIH2PV/hN8SCZ0x7HJMberD4gVoU/Kv42nNvwjLUW6IZfVx/Gv5OeFDtWHfSvUEF\\r\\ndadHKTPn3Ab20Iu6gZIbLO9Vuf38/IpaYGfnFCouHdzmiTiLieYNe3CUPcOJNSv7\\r\\n1G8KYpx3uNJRkJPab5OsRyJw75Gvzkr9OgaPss9tVD6Gt68u3WQtVQIDAQABo1Aw\\r\\nTjAdBgNVHQ4EFgQUogvhXB+xZ2JJPfLO6cVs4ForzscwHwYDVR0jBBgwFoAUogvh\\r\\nXB+xZ2JJPfLO6cVs4ForzscwDAYDVR0TBAUwAwEB/zANBgkqhkiG9w0BAQUFAAOC\\r\\nAQEAdDj7qUNJ45xlF5cjd+4x5NHvAD1VTjOKu+Xh/uzSSjXqB2F0aOMWA9lx0qaQ\\r\\noJgHkGxj3zz/W7ik/cVGL2O+vRIOKv/y0OPogEmS3Hw+P+O6OGE7x1G6YN0zLVoL\\r\\nu4BN/BEYmjttxM9I7qqL7C5cJoE+K3s/w1/pt/68ohJcr7F9Ohi7cso62xuGY1Rm\\r\\nksAh2EUDsU9JV/P+C9AMpLSrb03JJYzVj4w1RHbrmw2AjFyGXdQYkggyXisg+Ifr\\r\\n5gbNN7HigpHf7b2i3CQBUqp9m23frh5AhnLI2qp3UXgc52U5ieLdi/t6j0TTZqqY\\r\\nHhHqofKrj938HHlBNpC5/LVh3w==\\r\\n\"\r\n            }\r\n          ]\r\n        }\r\n      },\r\n      \"secrets\": []\r\n    },\r\n    \"networkProfile\": {\"networkInterfaces\":[{\"id\":\"/subscriptions/e33f361b-53c2-4cc7-b829-78906708387b/resourceGroups/xplatTestGVMCreate2750/providers/Microsoft.Network/networkInterfaces/xplattestnic\"}]},\r\n    \"diagnosticsProfile\": {\r\n      \"bootDiagnostics\": {\r\n        \"enabled\": true,\r\n        \"storageUri\": \"https://xplatteststorage13620.blob.core.windows.net/\"\r\n      }\r\n    },\r\n    \"provisioningState\": \"Succeeded\",\r\n    \"instanceView\": {\r\n      \"platformUpdateDomain\": 0,\r\n      \"platformFaultDomain\": 0,\r\n      \"vmAgent\": {\r\n        \"vmAgentVersion\": \"2.1.3\",\r\n        \"statuses\": [\r\n          {\r\n            \"code\": \"ProvisioningState/succeeded\",\r\n            \"level\": \"Info\",\r\n            \"displayStatus\": \"Ready\",\r\n            \"message\": \"Guest Agent is running\",\r\n            \"time\": \"2016-05-03T07:34:22+00:00\"\r\n          }\r\n        ],\r\n        \"extensionHandlers\": []\r\n      },\r\n      \"disks\": [\r\n        {\r\n          \"name\": \"clia2de559a091f5b1a-os-1462260253469\",\r\n          \"statuses\": [\r\n            {\r\n              \"code\": \"ProvisioningState/succeeded\",\r\n              \"level\": \"Info\",\r\n              \"displayStatus\": \"Provisioning succeeded\",\r\n              \"time\": \"2016-05-03T07:24:20.6384333+00:00\"\r\n            }\r\n          ]\r\n        }\r\n      ],\r\n      \"bootDiagnostics\": {\r\n        \"consoleScreenshotBlobUri\": \"https://xplatteststorage13620.blob.core.windows.net/bootdiagnostics-xplatvm-0770d4e6-ad85-42e9-9814-8056b069e2da/xplatvm.0770d4e6-ad85-42e9-9814-8056b069e2da.screenshot.bmp\",\r\n        \"serialConsoleLogBlobUri\": \"https://xplatteststorage13620.blob.core.windows.net/bootdiagnostics-xplatvm-0770d4e6-ad85-42e9-9814-8056b069e2da/xplatvm.0770d4e6-ad85-42e9-9814-8056b069e2da.serialconsole.log\"\r\n      },\r\n      \"statuses\": [\r\n        {\r\n          \"code\": \"ProvisioningState/succeeded\",\r\n          \"level\": \"Info\",\r\n          \"displayStatus\": \"Provisioning succeeded\",\r\n          \"time\": \"2016-05-03T07:26:20.3579824+00:00\"\r\n        },\r\n        {\r\n          \"code\": \"PowerState/running\",\r\n          \"level\": \"Info\",\r\n          \"displayStatus\": \"VM running\"\r\n        }\r\n      ]\r\n    }\r\n  },\r\n  \"id\": \"/subscriptions/e33f361b-53c2-4cc7-b829-78906708387b/resourceGroups/xplatTestGVMCreate2750/providers/Microsoft.Compute/virtualMachines/xplatvm\",\r\n  \"name\": \"xplatvm\",\r\n  \"type\": \"Microsoft.Compute/virtualMachines\",\r\n  \"location\": \"southeastasia\",\r\n  \"tags\": {\r\n    \"a\": \"b\",\r\n    \"b\": \"c\",\r\n    \"d\": \"\"\r\n  }\r\n}", { 'cache-control': 'no-cache',
  pragma: 'no-cache',
  'content-length': '5214',
  'content-type': 'application/json; charset=utf-8',
  expires: '-1',
  'strict-transport-security': 'max-age=31536000; includeSubDomains',
  'x-ms-served-by': 'dce02487-9cda-4782-8138-773eb1573792_131067325081471056',
  'x-ms-request-id': 'dcfcb574-edd7-43f7-90f4-3e7238f930da',
  server: 'Microsoft-HTTPAPI/2.0, Microsoft-HTTPAPI/2.0',
  'x-ms-ratelimit-remaining-subscription-reads': '14982',
  'x-ms-correlation-request-id': '3f14c620-a9f1-4b82-a173-df7ba0736c55',
  'x-ms-routing-request-id': 'CENTRALUS:20160503T073445Z:3f14c620-a9f1-4b82-a173-df7ba0736c55',
  date: 'Tue, 03 May 2016 07:34:45 GMT',
  connection: 'close' });
 return result; },
function (nock) { 
var result = 
nock('https://management.azure.com:443')
  .get('/subscriptions/e33f361b-53c2-4cc7-b829-78906708387b/resourceGroups/xplatTestGVMCreate2750/providers/Microsoft.Compute/virtualMachines/xplatvm?$expand=instanceView&api-version=2016-03-30')
  .reply(200, "{\r\n  \"properties\": {\r\n    \"vmId\": \"0770d4e6-ad85-42e9-9814-8056b069e2da\",\r\n    \"availabilitySet\": {\r\n      \"id\": \"/subscriptions/e33f361b-53c2-4cc7-b829-78906708387b/resourceGroups/xplatTestGVMCreate2750/providers/Microsoft.Compute/availabilitySets/XPLATTESTAAVAIL876\"\r\n    },\r\n    \"hardwareProfile\": {\r\n      \"vmSize\": \"Standard_DS1\"\r\n    },\r\n    \"storageProfile\": {\r\n      \"imageReference\": {\r\n        \"publisher\": \"canonical\",\r\n        \"offer\": \"UbuntuServer\",\r\n        \"sku\": \"15.10\",\r\n        \"version\": \"latest\"\r\n      },\r\n      \"osDisk\": {\r\n        \"osType\": \"Linux\",\r\n        \"name\": \"clia2de559a091f5b1a-os-1462260253469\",\r\n        \"createOption\": \"FromImage\",\r\n        \"vhd\": {\r\n          \"uri\": \"https://xplatteststorage13620.blob.core.windows.net/xplatteststoragecnt19568/clia2de559a091f5b1a-os-1462260253469.vhd\"\r\n        },\r\n        \"caching\": \"ReadWrite\"\r\n      },\r\n      \"dataDisks\": []\r\n    },\r\n    \"osProfile\": {\r\n      \"computerName\": \"xplatvm\",\r\n      \"adminUsername\": \"azureuser\",\r\n      \"linuxConfiguration\": {\r\n        \"disablePasswordAuthentication\": false,\r\n        \"ssh\": {\r\n          \"publicKeys\": [\r\n            {\r\n              \"path\": \"/home/azureuser/.ssh/authorized_keys\",\r\n              \"keyData\": \"MIID/zCCAuegAwIBAgIJAMUAa+XVLvAeMA0GCSqGSIb3DQEBBQUAMIGVMQswCQYD\\r\\nVQQGEwJJbjESMBAGA1UECAwJS2FybmF0YWthMRIwEAYDVQQHDAlCYW5nYWxvcmUx\\r\\nEDAOBgNVBAoMB2JyaWxsaW8xEjAQBgNVBAsMCW1pY3Jvc29mdDEQMA4GA1UEAwwH\\r\\nYnJpbGxpbzEmMCQGCSqGSIb3DQEJARYXc3JlZWthbnRoYnNAeWFob28uY28uaW4w\\r\\nHhcNMTUwMzA1MTE1MzEyWhcNMTYwMzA0MTE1MzEyWjCBlTELMAkGA1UEBhMCSW4x\\r\\nEjAQBgNVBAgMCUthcm5hdGFrYTESMBAGA1UEBwwJQmFuZ2Fsb3JlMRAwDgYDVQQK\\r\\nDAdicmlsbGlvMRIwEAYDVQQLDAltaWNyb3NvZnQxEDAOBgNVBAMMB2JyaWxsaW8x\\r\\nJjAkBgkqhkiG9w0BCQEWF3NyZWVrYW50aGJzQHlhaG9vLmNvLmluMIIBIjANBgkq\\r\\nhkiG9w0BAQEFAAOCAQ8AMIIBCgKCAQEAyUNKaOuT0NK+S8Ck81zy9xJ6hXfZvAC6\\r\\nlhbmf/6s/WVimJ/TX5NMhQJwC9k6ZIF92KfYrojHNvHDufSZ3EtKUVwRFCDjmgMT\\r\\nDL09WkGaZt7gROYFK0iZ4KrYGovUwlwum9fHB24OJiOV4bi0ek62/rHx9fjYZpvp\\r\\naIH2PV/hN8SCZ0x7HJMberD4gVoU/Kv42nNvwjLUW6IZfVx/Gv5OeFDtWHfSvUEF\\r\\ndadHKTPn3Ab20Iu6gZIbLO9Vuf38/IpaYGfnFCouHdzmiTiLieYNe3CUPcOJNSv7\\r\\n1G8KYpx3uNJRkJPab5OsRyJw75Gvzkr9OgaPss9tVD6Gt68u3WQtVQIDAQABo1Aw\\r\\nTjAdBgNVHQ4EFgQUogvhXB+xZ2JJPfLO6cVs4ForzscwHwYDVR0jBBgwFoAUogvh\\r\\nXB+xZ2JJPfLO6cVs4ForzscwDAYDVR0TBAUwAwEB/zANBgkqhkiG9w0BAQUFAAOC\\r\\nAQEAdDj7qUNJ45xlF5cjd+4x5NHvAD1VTjOKu+Xh/uzSSjXqB2F0aOMWA9lx0qaQ\\r\\noJgHkGxj3zz/W7ik/cVGL2O+vRIOKv/y0OPogEmS3Hw+P+O6OGE7x1G6YN0zLVoL\\r\\nu4BN/BEYmjttxM9I7qqL7C5cJoE+K3s/w1/pt/68ohJcr7F9Ohi7cso62xuGY1Rm\\r\\nksAh2EUDsU9JV/P+C9AMpLSrb03JJYzVj4w1RHbrmw2AjFyGXdQYkggyXisg+Ifr\\r\\n5gbNN7HigpHf7b2i3CQBUqp9m23frh5AhnLI2qp3UXgc52U5ieLdi/t6j0TTZqqY\\r\\nHhHqofKrj938HHlBNpC5/LVh3w==\\r\\n\"\r\n            }\r\n          ]\r\n        }\r\n      },\r\n      \"secrets\": []\r\n    },\r\n    \"networkProfile\": {\"networkInterfaces\":[{\"id\":\"/subscriptions/e33f361b-53c2-4cc7-b829-78906708387b/resourceGroups/xplatTestGVMCreate2750/providers/Microsoft.Network/networkInterfaces/xplattestnic\"}]},\r\n    \"diagnosticsProfile\": {\r\n      \"bootDiagnostics\": {\r\n        \"enabled\": true,\r\n        \"storageUri\": \"https://xplatteststorage13620.blob.core.windows.net/\"\r\n      }\r\n    },\r\n    \"provisioningState\": \"Succeeded\",\r\n    \"instanceView\": {\r\n      \"platformUpdateDomain\": 0,\r\n      \"platformFaultDomain\": 0,\r\n      \"vmAgent\": {\r\n        \"vmAgentVersion\": \"2.1.3\",\r\n        \"statuses\": [\r\n          {\r\n            \"code\": \"ProvisioningState/succeeded\",\r\n            \"level\": \"Info\",\r\n            \"displayStatus\": \"Ready\",\r\n            \"message\": \"Guest Agent is running\",\r\n            \"time\": \"2016-05-03T07:34:22+00:00\"\r\n          }\r\n        ],\r\n        \"extensionHandlers\": []\r\n      },\r\n      \"disks\": [\r\n        {\r\n          \"name\": \"clia2de559a091f5b1a-os-1462260253469\",\r\n          \"statuses\": [\r\n            {\r\n              \"code\": \"ProvisioningState/succeeded\",\r\n              \"level\": \"Info\",\r\n              \"displayStatus\": \"Provisioning succeeded\",\r\n              \"time\": \"2016-05-03T07:24:20.6384333+00:00\"\r\n            }\r\n          ]\r\n        }\r\n      ],\r\n      \"bootDiagnostics\": {\r\n        \"consoleScreenshotBlobUri\": \"https://xplatteststorage13620.blob.core.windows.net/bootdiagnostics-xplatvm-0770d4e6-ad85-42e9-9814-8056b069e2da/xplatvm.0770d4e6-ad85-42e9-9814-8056b069e2da.screenshot.bmp\",\r\n        \"serialConsoleLogBlobUri\": \"https://xplatteststorage13620.blob.core.windows.net/bootdiagnostics-xplatvm-0770d4e6-ad85-42e9-9814-8056b069e2da/xplatvm.0770d4e6-ad85-42e9-9814-8056b069e2da.serialconsole.log\"\r\n      },\r\n      \"statuses\": [\r\n        {\r\n          \"code\": \"ProvisioningState/succeeded\",\r\n          \"level\": \"Info\",\r\n          \"displayStatus\": \"Provisioning succeeded\",\r\n          \"time\": \"2016-05-03T07:26:20.3579824+00:00\"\r\n        },\r\n        {\r\n          \"code\": \"PowerState/running\",\r\n          \"level\": \"Info\",\r\n          \"displayStatus\": \"VM running\"\r\n        }\r\n      ]\r\n    }\r\n  },\r\n  \"id\": \"/subscriptions/e33f361b-53c2-4cc7-b829-78906708387b/resourceGroups/xplatTestGVMCreate2750/providers/Microsoft.Compute/virtualMachines/xplatvm\",\r\n  \"name\": \"xplatvm\",\r\n  \"type\": \"Microsoft.Compute/virtualMachines\",\r\n  \"location\": \"southeastasia\",\r\n  \"tags\": {\r\n    \"a\": \"b\",\r\n    \"b\": \"c\",\r\n    \"d\": \"\"\r\n  }\r\n}", { 'cache-control': 'no-cache',
  pragma: 'no-cache',
  'content-length': '5214',
  'content-type': 'application/json; charset=utf-8',
  expires: '-1',
  'strict-transport-security': 'max-age=31536000; includeSubDomains',
  'x-ms-served-by': 'dce02487-9cda-4782-8138-773eb1573792_131067325081471056',
  'x-ms-request-id': 'dcfcb574-edd7-43f7-90f4-3e7238f930da',
  server: 'Microsoft-HTTPAPI/2.0, Microsoft-HTTPAPI/2.0',
  'x-ms-ratelimit-remaining-subscription-reads': '14982',
  'x-ms-correlation-request-id': '3f14c620-a9f1-4b82-a173-df7ba0736c55',
  'x-ms-routing-request-id': 'CENTRALUS:20160503T073445Z:3f14c620-a9f1-4b82-a173-df7ba0736c55',
  date: 'Tue, 03 May 2016 07:34:45 GMT',
  connection: 'close' });
 return result; },
function (nock) { 
var result = 
nock('http://management.azure.com:443')
  .post('/subscriptions/e33f361b-53c2-4cc7-b829-78906708387b/resourceGroups/xplatTestGVMCreate2750/providers/Microsoft.Storage/storageAccounts/xplatteststorage13620/listKeys?api-version=2016-01-01')
  .reply(200, "{\"keys\":[{\"keyName\":\"key1\",\"permissions\":\"Full\",\"value\":\"+M94p+kBxlB/+w6M6QAEzsbRoBD6NGbP+eaUYms2QjMaXgm0rrIMqTDQE8nzRtxqTiaexjVQtwOTolyANPDFiw==\"},{\"keyName\":\"key2\",\"permissions\":\"Full\",\"value\":\"TkOedJ0mkaxU8qoa8iv+Gs2ST6yr1Tl5c7ZGDqud39FJAqikQhWYA7/PI2iBbMdh79IB3w9jamaAHv5KWqnKaw==\"}]}\n", { 'cache-control': 'no-cache',
  pragma: 'no-cache',
  'content-length': '289',
  'content-type': 'application/json',
  expires: '-1',
  'x-ms-request-id': 'beb1b9c4-d261-4cfd-9064-651ea2c890ce',
  server: 'Microsoft-Azure-Storage-Resource-Provider/1.0, Microsoft-HTTPAPI/2.0',
  'x-ms-ratelimit-remaining-subscription-writes': '1197',
  'x-ms-correlation-request-id': 'beb1b9c4-d261-4cfd-9064-651ea2c890ce',
  'x-ms-routing-request-id': 'CENTRALUS:20160503T073446Z:beb1b9c4-d261-4cfd-9064-651ea2c890ce',
  'strict-transport-security': 'max-age=31536000; includeSubDomains',
  date: 'Tue, 03 May 2016 07:34:45 GMT',
  connection: 'close' });
 return result; },
function (nock) { 
var result = 
nock('https://management.azure.com:443')
  .post('/subscriptions/e33f361b-53c2-4cc7-b829-78906708387b/resourceGroups/xplatTestGVMCreate2750/providers/Microsoft.Storage/storageAccounts/xplatteststorage13620/listKeys?api-version=2016-01-01')
  .reply(200, "{\"keys\":[{\"keyName\":\"key1\",\"permissions\":\"Full\",\"value\":\"+M94p+kBxlB/+w6M6QAEzsbRoBD6NGbP+eaUYms2QjMaXgm0rrIMqTDQE8nzRtxqTiaexjVQtwOTolyANPDFiw==\"},{\"keyName\":\"key2\",\"permissions\":\"Full\",\"value\":\"TkOedJ0mkaxU8qoa8iv+Gs2ST6yr1Tl5c7ZGDqud39FJAqikQhWYA7/PI2iBbMdh79IB3w9jamaAHv5KWqnKaw==\"}]}\n", { 'cache-control': 'no-cache',
  pragma: 'no-cache',
  'content-length': '289',
  'content-type': 'application/json',
  expires: '-1',
  'x-ms-request-id': 'beb1b9c4-d261-4cfd-9064-651ea2c890ce',
  server: 'Microsoft-Azure-Storage-Resource-Provider/1.0, Microsoft-HTTPAPI/2.0',
  'x-ms-ratelimit-remaining-subscription-writes': '1197',
  'x-ms-correlation-request-id': 'beb1b9c4-d261-4cfd-9064-651ea2c890ce',
  'x-ms-routing-request-id': 'CENTRALUS:20160503T073446Z:beb1b9c4-d261-4cfd-9064-651ea2c890ce',
  'strict-transport-security': 'max-age=31536000; includeSubDomains',
  date: 'Tue, 03 May 2016 07:34:45 GMT',
  connection: 'close' });
 return result; },
function (nock) { 
var result = 
nock('http://xplatteststorage13620.blob.core.windows.net:443')
  .head('/bootdiagnostics-xplatvm-0770d4e6-ad85-42e9-9814-8056b069e2da/xplatvm.0770d4e6-ad85-42e9-9814-8056b069e2da.serialconsole.log')
  .reply(200, "", { 'content-length': '64512',
  'content-type': 'text/plain',
  'last-modified': 'Tue, 03 May 2016 07:33:46 GMT',
  'accept-ranges': 'bytes',
  etag: '"0x8D37325434931F4"',
  server: 'Windows-Azure-Blob/1.0 Microsoft-HTTPAPI/2.0',
  'x-ms-request-id': '574f68e0-0001-0012-160e-a5351b000000',
  'x-ms-version': '2015-02-21',
  'x-ms-write-protection': 'false',
  'x-ms-lease-status': 'unlocked',
  'x-ms-lease-state': 'available',
  'x-ms-blob-type': 'PageBlob',
  'x-ms-blob-sequence-number': '0',
  date: 'Tue, 03 May 2016 07:34:47 GMT',
  connection: 'close' });
 return result; },
function (nock) { 
var result = 
nock('https://xplatteststorage13620.blob.core.windows.net:443')
  .head('/bootdiagnostics-xplatvm-0770d4e6-ad85-42e9-9814-8056b069e2da/xplatvm.0770d4e6-ad85-42e9-9814-8056b069e2da.serialconsole.log')
  .reply(200, "", { 'content-length': '64512',
  'content-type': 'text/plain',
  'last-modified': 'Tue, 03 May 2016 07:33:46 GMT',
  'accept-ranges': 'bytes',
  etag: '"0x8D37325434931F4"',
  server: 'Windows-Azure-Blob/1.0 Microsoft-HTTPAPI/2.0',
  'x-ms-request-id': '574f68e0-0001-0012-160e-a5351b000000',
  'x-ms-version': '2015-02-21',
  'x-ms-write-protection': 'false',
  'x-ms-lease-status': 'unlocked',
  'x-ms-lease-state': 'available',
  'x-ms-blob-type': 'PageBlob',
  'x-ms-blob-sequence-number': '0',
  date: 'Tue, 03 May 2016 07:34:47 GMT',
  connection: 'close' });
 return result; },
function (nock) { 
var result = 
nock('http://xplatteststorage13620.blob.core.windows.net:443')
  .get('/bootdiagnostics-xplatvm-0770d4e6-ad85-42e9-9814-8056b069e2da/xplatvm.0770d4e6-ad85-42e9-9814-8056b069e2da.serialconsole.log')
  .reply(200, "\u001b[H\u001b[J\u001b[1;1H[    0.000000] Initializing cgroup subsys cpuset\r\n[    0.000000] Initializing cgroup subsys cpu\r\n[    0.000000] Initializing cgroup subsys cpuacct\r\n[    0.000000] Linux version 4.2.0-35-generic (buildd@lgw01-43) (gcc version 5.2.1 20151010 (Ubuntu 5.2.1-22ubuntu2) ) #40-Ubuntu SMP Tue Mar 15 22:15:45 UTC 2016 (Ubuntu 4.2.0-35.40-generic 4.2.8-ckt5)\r\n[    0.000000] Command line: BOOT_IMAGE=/boot/vmlinuz-4.2.0-35-generic root=UUID=e76b11a1-29e0-4279-a7de-dac4f6de393a ro console=tty1 console=ttyS0 earlyprintk=ttyS0 rootdelay=300\r\n[    0.000000] KERNEL supported cpus:\r\n[    0.000000]   Intel GenuineIntel\r\n[    0.000000]   AMD AuthenticAMD\r\n[    0.000000]   Centaur CentaurHauls\r\n[    0.000000] x86/fpu: xstate_offset[2]: 0240, xstate_sizes[2]: 0100\r\n[    0.000000] x86/fpu: Supporting XSAVE feature 0x01: 'x87 floating point registers'\r\n[    0.000000] x86/fpu: Supporting XSAVE feature 0x02: 'SSE registers'\r\n[    0.000000] x86/fpu: Supporting XSAVE feature 0x04: 'AVX registers'\r\n[    0.000000] x86/fpu: Enabled xstate features 0x7, context size is 0x340 bytes, using 'standard' format.\r\n[    0.000000] x86/fpu: Using 'eager' FPU context switches.\r\n[    0.000000] e820: BIOS-provided physical RAM map:\r\n[    0.000000] BIOS-e820: [mem 0x0000000000000000-0x000000000009fbff] usable\r\n[    0.000000] BIOS-e820: [mem 0x000000000009fc00-0x000000000009ffff] reserved\r\n[    0.000000] BIOS-e820: [mem 0x00000000000e0000-0x00000000000fffff] reserved\r\n[    0.000000] BIOS-e820: [mem 0x0000000000100000-0x000000001ffeffff] usable\r\n[    0.000000] BIOS-e820: [mem 0x000000001fff0000-0x000000001fffefff] ACPI data\r\n[    0.000000] BIOS-e820: [mem 0x000000001ffff000-0x000000001fffffff] ACPI NVS\r\n[    0.000000] BIOS-e820: [mem 0x0000000100000000-0x00000001bfffffff] usable\r\n[    0.000000] bootconsole [earlyser0] enabled\r\n[    0.000000] NX (Execute Disable) protection: active\r\n[    0.000000] SMBIOS 2.3 present.\r\n[    0.000000] Hypervisor detected: Microsoft HyperV\r\n[    0.000000] HyperV: features 0xe7f, hints 0x2c\r\n[    0.000000] HyperV: LAPIC Timer Frequency: 0xc3500\r\n[    0.000000] clocksource: hyperv_clocksource: mask: 0xffffffffffffffff max_cycles: 0x24e6a1710, max_idle_ns: 440795202120 ns\r\n[    0.000000] tsc: Marking TSC unstable due to running on Hyper-V\r\n[    0.000000] e820: last_pfn = 0x1c0000 max_arch_pfn = 0x400000000\r\n[    0.000000] x86/PAT: Configuration [0-7]: WB  WC  UC- UC  WB  WC  UC- WT  \r\n[    0.000000] e820: last_pfn = 0x1fff0 max_arch_pfn = 0x400000000\r\n[    0.000000] found SMP MP-table at [mem 0x000ff780-0x000ff78f] mapped at [ffff8800000ff780]\r\n[    0.000000] Scanning 1 areas for low memory corruption\r\n[    0.000000] init_memory_mapping: [mem 0x00000000-0x000fffff]\r\n[    0.000000] init_memory_mapping: [mem 0x1bfe00000-0x1bfffffff]\r\n[    0.000000] init_memory_mapping: [mem 0x1a0000000-0x1bfdfffff]\r\n[    0.000000] init_memory_mapping: [mem 0x00100000-0x1ffeffff]\r\n[    0.000000] init_memory_mapping: [mem 0x100000000-0x19fffffff]\r\n[    0.000000] RAMDISK: [mem 0x1d9d3000-0x1f7a1fff]\r\n[    0.000000] ACPI: Early table checksum verification disabled\r\n[    0.000000] ACPI: RSDP 0x00000000000F56F0 000014 (v00 ACPIAM)\r\n[    0.000000] ACPI: RSDT 0x000000001FFF0000 000040 (v01 VRTUAL MICROSFT 05001223 MSFT 00000097)\r\n[    0.000000] ACPI: FACP 0x000000001FFF0200 000081 (v02 VRTUAL MICROSFT 05001223 MSFT 00000097)\r\n[    0.000000] ACPI: DSDT 0x000000001FFF1724 002E78 (v01 MSFTVM MSFTVM02 00000002 INTL 02002026)\r\n[    0.000000] ACPI: FACS 0x000000001FFFF000 000040\r\n[    0.000000] ACPI: WAET 0x000000001FFF1480 000028 (v01 VRTUAL MICROSFT 05001223 MSFT 00000097)\r\n[    0.000000] ACPI: SLIC 0x000000001FFF14C0 000176 (v01 VRTUAL MICROSFT 05001223 MSFT 00000097)\r\n[    0.000000] ACPI: OEM0 0x000000001FFF16C0 000064 (v01 VRTUAL MICROSFT 05001223 MSFT 00000097)\r\n[    0.000000] ACPI: SRAT 0x000000001FFF0600 000090 (v02 VRTUAL MICROSFT 00000001 MSFT 00000001)\r\n[    0.000000] ACPI: APIC 0x000000001FFF0300 00024C (v01 VRTUAL MICROSFT 05001223 MSFT 00000097)\r\n[    0.000000] ACPI: OEMB 0x000000001FFFF040 000064 (v01 VRTUAL MICROSFT 05001223 MSFT 00000097)\r\n[    0.000000] SRAT: PXM 0 -> APIC 0x00 -> Node 0\r\n[    0.000000] SRAT: Node 0 PXM 0 [mem 0x00000000-0x1fffffff]\r\n[    0.000000] SRAT: Node 0 PXM 0 [mem 0x100000000-0x1bfffffff]\r\n[    0.000000] NUMA: Node 0 [mem 0x00000000-0x1fffffff] + [mem 0x100000000-0x1bfffffff] -> [mem 0x00000000-0x1bfffffff]\r\n[    0.000000] NODE_DATA(0) allocated [mem 0x1bfffa000-0x1bfffefff]\r\n[    0.000000] Zone ranges:\r\n[    0.000000]   DMA      [mem 0x0000000000001000-0x0000000000ffffff]\r\n[    0.000000]   DMA32    [mem 0x0000000001000000-0x00000000ffffffff]\r\n[    0.000000]   Normal   [mem 0x0000000100000000-0x00000001bfffffff]\r\n[    0.000000] Movable zone start for each node\r\n[    0.000000] Early memory node ranges\r\n[    0.000000]   node   0: [mem 0x0000000000001000-0x000000000009efff]\r\n[    0.000000]   node   0: [mem 0x0000000000100000-0x000000001ffeffff]\r\n[    0.000000]   node   0: [mem 0x0000000100000000-0x00000001bfffffff]\r\n[    0.000000] Initmem setup node 0 [mem 0x0000000000001000-0x00000001bfffffff]\r\n[    0.000000] ACPI: PM-Timer IO Port: 0x408\r\n[    0.000000] IOAPIC[0]: apic_id 0, version 17, address 0xfec00000, GSI 0-23\r\n[    0.000000] ACPI: INT_SRC_OVR (bus 0 bus_irq 0 global_irq 2 dfl dfl)\r\n[    0.000000] ACPI: INT_SRC_OVR (bus 0 bus_irq 9 global_irq 9 high level)\r\n[    0.000000] Using ACPI (MADT) for SMP configuration information\r\n[    0.000000] smpboot: Allowing 64 CPUs, 63 hotplug CPUs\r\n[    0.000000] PM: Registered nosave memory: [mem 0x00000000-0x00000fff]\r\n[    0.000000] PM: Registered nosave memory: [mem 0x0009f000-0x0009ffff]\r\n[    0.000000] PM: Registered nosave memory: [mem 0x000a0000-0x000dffff]\r\n[    0.000000] PM: Registered nosave memory: [mem 0x000e0000-0x000fffff]\r\n[    0.000000] PM: Registered nosave memory: [mem 0x1fff0000-0x1fffefff]\r\n[    0.000000] PM: Registered nosave memory: [mem 0x1ffff000-0x1fffffff]\r\n[    0.000000] PM: Registered nosave memory: [mem 0x20000000-0xffffffff]\r\n[    0.000000] e820: [mem 0x20000000-0xffffffff] available for PCI devices\r\n[    0.000000] Booting paravirtualized kernel on bare hardware\r\n[    0.000000] clocksource: refined-jiffies: mask: 0xffffffff max_cycles: 0xffffffff, max_idle_ns: 7645519600211568 ns\r\n[    0.000000] setup_percpu: NR_CPUS:256 nr_cpumask_bits:256 nr_cpu_ids:64 nr_node_ids:1\r\n[    0.000000] PERCPU: Embedded 33 pages/cpu @ffff8801bae00000 s96728 r8192 d30248 u262144\r\n[    0.000000] Built 1 zonelists in Node order, mobility grouping on.  Total pages: 903033\r\n[    0.000000] Policy zone: Normal\r\n[    0.000000] Kernel command line: BOOT_IMAGE=/boot/vmlinuz-4.2.0-35-generic root=UUID=e76b11a1-29e0-4279-a7de-dac4f6de393a ro console=tty1 console=ttyS0 earlyprintk=ttyS0 rootdelay=300\r\n[    0.000000] log_buf_len individual max cpu contribution: 4096 bytes\r\n[    0.000000] log_buf_len total cpu_extra contributions: 258048 bytes\r\n[    0.000000] log_buf_len min size: 262144 bytes\r\n[    0.000000] log_buf_len: 524288 bytes\r\n[    0.000000] early log buf free: 252360(96%)\r\n[    0.000000] PID hash table entries: 4096 (order: 3, 32768 bytes)\r\n[    0.000000] Memory: 3487928K/3669560K available (8182K kernel code, 1239K rwdata, 3804K rodata, 1464K init, 1292K bss, 181632K reserved, 0K cma-reserved)\r\n[    0.000000] SLUB: HWalign=64, Order=0-3, MinObjects=0, CPUs=64, Nodes=1\r\n[    0.000000] Hierarchical RCU implementation.\r\n[    0.000000] \tBuild-time adjustment of leaf fanout to 64.\r\n[    0.000000] \tRCU restricting CPUs from NR_CPUS=256 to nr_cpu_ids=64.\r\n[    0.000000] RCU: Adjusting geometry for rcu_fanout_leaf=64, nr_cpu_ids=64\r\n[    0.000000] NR_IRQS:16640 nr_irqs:936 16\r\n[    0.000000] \tOffload RCU callbacks from all CPUs\r\n[    0.000000] \tOffload RCU callbacks from CPUs: 0-63.\r\n[    0.000000] Console: colour VGA+ 80x25\r\n[    0.000000] console [tty1] enabled\r\n[    0.000000] console [ttyS0] enabled\r\n[    0.000000] console [ttyS0] enabled\r\n[    0.000000] bootconsole [earlyser0] disabled\r\n[    0.000000] bootconsole [earlyser0] disabled\r\n[    0.000000] tsc: Unable to calibrate against PIT\r\n[    0.000000] tsc: using PMTIMER reference calibration\r\n[    0.000000] tsc: Detected 2194.709 MHz processor\r\n[    0.016038] Calibrating delay loop (skipped), value calculated using timer frequency.. 4389.41 BogoMIPS (lpj=8778836)\r\n[    0.020021] pid_max: default: 65536 minimum: 512\r\n[    0.021493] ACPI: Core revision 20150619\r\n[    0.025828] ACPI: All ACPI Tables successfully acquired\r\n[    0.028087] Security Framework initialized\r\n[    0.029555] AppArmor: AppArmor initialized\r\n[    0.032018] Yama: becoming mindful.\r\n[    0.033750] Dentry cache hash table entries: 524288 (order: 10, 4194304 bytes)\r\n[    0.036934] Inode-cache hash table entries: 262144 (order: 9, 2097152 bytes)\r\n[    0.039037] Mount-cache hash table entries: 8192 (order: 4, 65536 bytes)\r\n[    0.040026] Mountpoint-cache hash table entries: 8192 (order: 4, 65536 bytes)\r\n[    0.041994] Initializing cgroup subsys blkio\r\n[    0.044022] Initializing cgroup subsys memory\r\n[    0.045487] Initializing cgroup subsys devices\r\n[    0.046897] Initializing cgroup subsys freezer\r\n[    0.048020] Initializing cgroup subsys net_cls\r\n[    0.049517] Initializing cgroup subsys perf_event\r\n[    0.051192] Initializing cgroup subsys net_prio\r\n[    0.052021] Initializing cgroup subsys hugetlb\r\n[    0.053637] mce: CPU supports 1 MCE banks\r\n[    0.056044] Last level iTLB entries: 4KB 512, 2MB 8, 4MB 8\r\n[    0.057677] Last level dTLB entries: 4KB 512, 2MB 32, 4MB 32, 1GB 0\r\n[    0.082699] ftrace: allocating 30947 entries in 121 pages\r\n[    0.096155] Switched APIC routing to physical flat.\r\n[    0.113562] ..TIMER: vector=0x30 apic1=0 pin1=2 apic2=-1 pin2=-1\r\n[    0.116125] smpboot: CPU0: Intel(R) Xeon(R) CPU E5-2660 0 @ 2.20GHz (fam: 06, model: 2d, stepping: 07)\r\n[    0.120033] Performance Events: unsupported p6 CPU model 45 no PMU driver, software events only.\r\n[    0.125306] x86: Booted up 1 node, 1 CPUs\r\n[    0.126892] smpboot: Total of 1 processors activated (4389.41 BogoMIPS)\r\n[    0.128014] NMI watchdog: disabled (cpu0): hardware events not enabled\r\n[    0.129802] NMI watchdog: Shutting down hard lockup detector on all cpus\r\n[    0.136313] devtmpfs: initialized\r\n[    0.140292] evm: security.selinux\r\n[    0.141769] evm: security.SMACK64\r\n[    0.143171] evm: security.SMACK64EXEC\r\n[    0.144008] evm: security.SMACK64TRANSMUTE\r\n[    0.145273] evm: security.SMACK64MMAP\r\n[    0.146462] evm: security.ima\r\n[    0.148007] evm: security.capability\r\n[    0.149266] PM: Registering ACPI NVS region [mem 0x1ffff000-0x1fffffff] (4096 bytes)\r\n[    0.151055] clocksource: jiffies: mask: 0xffffffff max_cycles: 0xffffffff, max_idle_ns: 7645041785100000 ns\r\n[    0.152155] pinctrl core: initialized pinctrl subsystem\r\n[    0.153846] RTC time:  7:25:07, date: 05/03/16\r\n[    0.156166] NET: Registered protocol family 16\r\n[    0.157637] cpuidle: using governor ladder\r\n[    0.158861] cpuidle: using governor menu\r\n[    0.160122] ACPI: bus type PCI registered\r\n[    0.161333] acpiphp: ACPI Hot Plug PCI Controller Driver version: 0.5\r\n[    0.163100] PCI: Using configuration type 1 for base access\r\n[    0.165698] ACPI: Added _OSI(Module Device)\r\n[    0.168004] ACPI: Added _OSI(Processor Device)\r\n[    0.169227] ACPI: Added _OSI(3.0 _SCP Extensions)\r\n[    0.170489] ACPI: Added _OSI(Processor Aggregator Device)\r\n[    0.174495] ACPI: Interpreter enabled\r\n[    0.175687] ACPI Exception: AE_NOT_FOUND, While evaluating Sleep State [\\_S1_] (20150619/hwxface-580)\r\n[    0.178062] ACPI Exception: AE_NOT_FOUND, While evaluating Sleep State [\\_S2_] (20150619/hwxface-580)\r\n[    0.181022] ACPI Exception: AE_NOT_FOUND, While evaluating Sleep State [\\_S3_] (20150619/hwxface-580)\r\n[    0.184004] ACPI Exception: AE_NOT_FOUND, While evaluating Sleep State [\\_S4_] (20150619/hwxface-580)\r\n[    0.187053] ACPI: (supports S0 S5)\r\n[    0.188003] ACPI: Using IOAPIC for interrupt routing\r\n[    0.189309] PCI: Using host bridge windows from ACPI; if necessary, use \"pci=nocrs\" and report a bug\r\n[    0.201611] ACPI: PCI Root Bridge [PCI0] (domain 0000 [bus 00-ff])\r\n[    0.203102] acpi PNP0A03:00: _OSC: OS supports [ASPM ClockPM Segments MSI]\r\n[    0.204013] acpi PNP0A03:00: _OSC failed (AE_NOT_FOUND); disabling ASPM\r\n[    0.206022] acpi PNP0A03:00: fail to add MMCONFIG information, can't access extended PCI configuration space under this bridge.\r\n[    0.208119] PCI host bridge to bus 0000:00\r\n[    0.209379] pci_bus 0000:00: root bus resource [bus 00-ff]\r\n[    0.210779] pci_bus 0000:00: root bus resource [mem 0xfe0000000-0xfffefffff window]\r\n[    0.212004] pci_bus 0000:00: root bus resource [io  0x0000-0x0cf7 window]\r\n[    0.213375] pci_bus 0000:00: root bus resource [io  0x0d00-0xffff window]\r\n[    0.216003] pci_bus 0000:00: root bus resource [mem 0x000a0000-0x000bffff window]\r\n[    0.217675] pci_bus 0000:00: root bus resource [mem 0x20000000-0xfffbffff window]\r\n[    0.225081] pci 0000:00:07.1: legacy IDE quirk: reg 0x10: [io  0x01f0-0x01f7]\r\n[    0.226518] pci 0000:00:07.1: legacy IDE quirk: reg 0x14: [io  0x03f6]\r\n[    0.227910] pci 0000:00:07.1: legacy IDE quirk: reg 0x18: [io  0x0170-0x0177]\r\n[    0.228003] pci 0000:00:07.1: legacy IDE quirk: reg 0x1c: [io  0x0376]\r\n[    0.229799] * Found PM-Timer Bug on the chipset. Due to workarounds for a bug,\r\n[    0.229799] * this clock source is slow. Consider trying other clock sources\r\n[    0.233649] pci 0000:00:07.3: quirk: [io  0x0400-0x043f] claimed by PIIX4 ACPI\r\n[    0.245799] ACPI: PCI Interrupt Link [LNKA] (IRQs 3 4 5 7 9 10 *11 12 14 15)\r\n[    0.254906] ACPI: PCI Interrupt Link [LNKB] (IRQs 3 4 5 7 9 10 11 12 14 15) *0, disabled.\r\n[    0.265707] ACPI: PCI Interrupt Link [LNKC] (IRQs 3 4 5 7 9 10 11 12 14 15) *0, disabled.\r\n[    0.276148] ACPI: PCI Interrupt Link [LNKD] (IRQs 3 4 5 7 9 10 11 12 14 15) *0, disabled.\r\n[    0.286471] ACPI: Enabled 1 GPEs in block 00 to 0F\r\n[    0.288147] vgaarb: setting as boot device: PCI:0000:00:08.0\r\n[    0.289497] vgaarb: device added: PCI:0000:00:08.0,decodes=io+mem,owns=io+mem,locks=none\r\n[    0.292002] vgaarb: loaded\r\n[    0.293073] vgaarb: bridge control possible 0000:00:08.0\r\n[    0.294649] SCSI subsystem initialized\r\n[    0.296086] ACPI: bus type USB registered\r\n[    0.297305] usbcore: registered new interface driver usbfs\r\n[    0.298659] usbcore: registered new interface driver hub\r\n[    0.300034] usbcore: registered new device driver usb\r\n[    0.301542] PCI: Using ACPI for IRQ routing\r\n[    0.303216] NetLabel: Initializing\r\n[    0.304003] NetLabel:  domain hash size = 128\r\n[    0.305233] NetLabel:  protocols = UNLABELED CIPSOv4\r\n[    0.306537] NetLabel:  unlabeled traffic allowed by default\r\n[    0.308115] clocksource: Switched to clocksource hyperv_clocksource\r\n[    0.316588] AppArmor: AppArmor Filesystem Enabled\r\n[    0.318648] pnp: PnP ACPI init\r\n[    0.322085] system 00:06: [io  0x01e0-0x01ef] has been reserved\r\n[    0.323583] system 00:06: [io  0x0160-0x016f] has been reserved\r\n[    0.325074] system 00:06: [io  0x0278-0x027f] has been reserved\r\n[    0.326548] system 00:06: [io  0x0378-0x037f] has been reserved\r\n[    0.328036] system 00:06: [io  0x0678-0x067f] has been reserved\r\n[    0.329509] system 00:06: [io  0x0778-0x077f] has been reserved\r\n[    0.330977] system 00:06: [io  0x04d0-0x04d1] has been reserved\r\n[    0.332615] system 00:07: [io  0x0400-0x043f] has been reserved\r\n[    0.334090] system 00:07: [io  0x0370-0x0371] has been reserved\r\n[    0.335549] system 00:07: [io  0x0440-0x044f] has been reserved\r\n[    0.337028] system 00:07: [mem 0xfec00000-0xfec00fff] could not be reserved\r\n[    0.338609] system 00:07: [mem 0xfee00000-0xfee00fff] has been reserved\r\n[    0.340289] system 00:08: [mem 0x00000000-0x0009ffff] could not be reserved\r\n[    0.341884] system 00:08: [mem 0x000c0000-0x000dffff] could not be reserved\r\n[    0.343468] system 00:08: [mem 0x000e0000-0x000fffff] could not be reserved\r\n[    0.345048] system 00:08: [mem 0x00100000-0x1fffffff] could not be reserved\r\n[    0.346630] system 00:08: [mem 0xfffc0000-0xffffffff] has been reserved\r\n[    0.348379] pnp: PnP ACPI: found 9 devices\r\n[    0.355773] clocksource: acpi_pm: mask: 0xffffff max_cycles: 0xffffff, max_idle_ns: 2085701024 ns\r\n[    0.358483] NET: Registered protocol family 2\r\n[    0.360328] TCP established hash table entries: 32768 (order: 6, 262144 bytes)\r\n[    0.361960] TCP bind hash table entries: 32768 (order: 7, 524288 bytes)\r\n[    0.363352] TCP: Hash tables configured (established 32768 bind 32768)\r\n[    0.364798] UDP hash table entries: 2048 (order: 4, 65536 bytes)\r\n[    0.366173] UDP-Lite hash table entries: 2048 (order: 4, 65536 bytes)\r\n[    0.367745] NET: Registered protocol family 1\r\n[    0.368953] pci 0000:00:00.0: Limiting direct PCI/PCI transfers\r\n[    0.370559] Trying to unpack rootfs image as initramfs...\r\n[    0.957623] Freeing initrd memory: 30524K (ffff88001d9d3000 - ffff88001f7a2000)\r\n[    0.959765] PCI-DMA: Using software bounce buffering for IO (SWIOTLB)\r\n[    0.961486] software IO TLB [mem 0x199d3000-0x1d9d3000] (64MB) mapped at [ffff8800199d3000-ffff88001d9d2fff]\r\n[    0.963837] clocksource: tsc: mask: 0xffffffffffffffff max_cycles: 0x1fa2ac90c0b, max_idle_ns: 440795216134 ns\r\n[    0.966476] RAPL PMU detected, API unit is 2^-32 Joules, 3 fixed counters 10737418240 ms ovfl timer\r\n[    0.968748] hw unit of domain pp0-core 2^-0 Joules\r\n[    0.970304] hw unit of domain package 2^-0 Joules\r\n[    0.971748] hw unit of domain dram 2^-0 Joules\r\n[    0.973263] microcode: CPU0 sig=0x206d7, pf=0x1, revision=0xffffffff\r\n[    0.975291] microcode: Microcode Update Driver: v2.00 <tigran@aivazian.fsnet.co.uk>, Peter Oruba\r\n[    0.977522] Scanning for low memory corruption every 60 seconds\r\n[    0.980373] futex hash table entries: 16384 (order: 8, 1048576 bytes)\r\n[    0.982247] Initialise system trusted keyring\r\n[    0.983825] audit: initializing netlink subsys (disabled)\r\n[    0.985519] audit: type=2000 audit(1462260307.984:1): initialized\r\n[    0.987595] HugeTLB registered 2 MB page size, pre-allocated 0 pages\r\n[    0.990901] zpool: loaded\r\n[    0.992350] zbud: loaded\r\n[    0.993963] VFS: Disk quotas dquot_6.6.0\r\n[    0.995613] VFS: Dquot-cache hash table entries: 512 (order 0, 4096 bytes)\r\n[    0.998327] fuse init (API version 7.23)\r\n[    1.000046] Key type big_key registered\r\n[    1.001967] Key type asymmetric registered\r\n[    1.003501] Asymmetric key parser 'x509' registered\r\n[    1.005555] Block layer SCSI generic (bsg) driver version 0.4 loaded (major 249)\r\n[    1.008736] io scheduler noop registered\r\n[    1.010334] io scheduler deadline registered (default)\r\n[    1.011903] io scheduler cfq registered\r\n[    1.013369] pci_hotplug: PCI Hot Plug PCI Core version: 0.5\r\n[    1.014907] pciehp: PCI Express Hot Plug Controller Driver version: 0.4\r\n[    1.016657] input: Power Button as /devices/LNXSYSTM:00/LNXPWRBN:00/input/input0\r\n[    1.018492] ACPI: Power Button [PWRF]\r\n[    1.020093] GHES: HEST is not enabled!\r\n[    1.021457] Serial: 8250/16550 driver, 32 ports, IRQ sharing enabled\r\n[    1.043745] 00:03: ttyS0 at I/O 0x3f8 (irq = 4, base_baud = 115200) is a 16550A\r\n[    1.067488] 00:04: ttyS1 at I/O 0x2f8 (irq = 3, base_baud = 115200) is a 16550A\r\n[    1.070620] Linux agpgart interface v0.103\r\n[    1.074431] brd: module loaded\r\n[    1.076901] loop: module loaded\r\n[    1.078920] ata_piix 0000:00:07.1: Hyper-V Virtual Machine detected, ATA device ignore set\r\n[    1.083084] scsi host0: ata_piix\r\n[    1.084668] scsi host1: ata_piix\r\n[    1.086096] ata1: PATA max UDMA/33 cmd 0x1f0 ctl 0x3f6 bmdma 0xffa0 irq 14\r\n[    1.087861] ata2: PATA max UDMA/33 cmd 0x170 ctl 0x376 bmdma 0xffa8 irq 15\r\n[    1.091544] libphy: Fixed MDIO Bus: probed\r\n[    1.093043] tun: Universal TUN/TAP device driver, 1.6\r\n[    1.094749] tun: (C) 1999-2004 Max Krasnyansky <maxk@qualcomm.com>\r\n[    1.096561] PPP generic driver version 2.4.2\r\n[    1.098253] ehci_hcd: USB 2.0 'Enhanced' Host Controller (EHCI) Driver\r\n[    1.100173] ehci-pci: EHCI PCI platform driver\r\n[    1.101965] ehci-platform: EHCI generic platform driver\r\n[    1.103708] ohci_hcd: USB 1.1 'Open' Host Controller (OHCI) Driver\r\n[    1.105549] ohci-pci: OHCI PCI platform driver\r\n[    1.107327] ohci-platform: OHCI generic platform driver\r\n[    1.109468] uhci_hcd: USB Universal Host Controller Interface driver\r\n[    1.111442] i8042: PNP: PS/2 Controller [PNP0303:PS2K,PNP0f03:PS2M] at 0x60,0x64 irq 1,12\r\n[    1.117301] serio: i8042 KBD port at 0x60,0x64 irq 1\r\n[    1.118980] serio: i8042 AUX port at 0x60,0x64 irq 12\r\n[    1.120684] mousedev: PS/2 mouse device common for all mice\r\n[    1.122564] rtc_cmos 00:00: RTC can wake from S4\r\n[    1.144856] input: AT Translated Set 2 keyboard as /devices/platform/i8042/serio0/input/input1\r\n[    1.148969] rtc_cmos 00:00: rtc core: registered rtc_cmos as rtc0\r\n[    1.151137] rtc_cmos 00:00: alarms up to one month, 114 bytes nvram\r\n[    1.152718] i2c /dev entries driver\r\n[    1.153917] device-mapper: uevent: version 1.0.3\r\n[    1.155204] device-mapper: ioctl: 4.33.0-ioctl (2015-8-18) initialised: dm-devel@redhat.com\r\n[    1.156982] ledtrig-cpu: registered to indicate activity on CPUs\r\n[    1.158433] PCCT header not found.\r\n[    1.159816] NET: Registered protocol family 10\r\n[    1.161379] NET: Registered protocol family 17\r\n[    1.162851] Key type dns_resolver registered\r\n[    1.164312] Loading compiled-in X.509 certificates\r\n[    1.166583] Loaded X.509 cert 'Build time autogenerated kernel key: d2cd13f45fa3b012fc89b8d500f91dcca4d9e0a8'\r\n[    1.168458] registered taskstats version 1\r\n[    1.169639] zswap: loading zswap\r\n[    1.170729] zswap: using zbud pool\r\n[    1.171837] zswap: using lzo compressor\r\n[    1.174916] Key type trusted registered\r\n[    1.180649] Key type encrypted registered\r\n[    1.182641] AppArmor: AppArmor sha1 policy hashing enabled\r\n[    1.183973] ima: No TPM chip found, activating TPM-bypass!\r\n[    1.185478] evm: HMAC attrs: 0x1\r\n[    1.187013]   Magic number: 0:333:419\r\n[    1.188588] rtc_cmos 00:00: setting system clock to 2016-05-03 07:25:08 UTC (1462260308)\r\n[    1.190540] BIOS EDD facility v0.16 2004-Jun-25, 0 devices found\r\n[    1.192052] EDD information not available.\r\n[    1.248254] ata2.00: ATAPI: Virtual CD, , max MWDMA2\r\n[    1.251145] ata2.00: configured for MWDMA2\r\n[    1.253666] scsi 1:0:0:0: CD-ROM            Msft     Virtual CD/ROM   1.0  PQ: 0 ANSI: 5\r\n[    1.257700] sr 1:0:0:0: [sr0] scsi3-mmc drive: 0x/0x tray\r\n[    1.259049] cdrom: Uniform CD-ROM driver Revision: 3.20\r\n[    1.261255] sr 1:0:0:0: Attached scsi generic sg0 type 5\r\n[    1.263132] Freeing unused kernel memory: 1464K (ffffffff81f37000 - ffffffff820a5000)\r\n[    1.264889] Write protecting the kernel read-only data: 14336k\r\n[    1.267027] Freeing unused kernel memory: 2044K (ffff880001801000 - ffff880001a00000)\r\n[    1.268866] Freeing unused kernel memory: 292K (ffff880001db7000 - ffff880001e00000)\r\nLoading, please wait...\r\nstarting version 225\r\n[    1.290827] random: udevadm urandom read with 2 bits of entropy available\r\n[    1.354000] clocksource: hyperv_clocksource_tsc_page: mask: 0xffffffffffffffff max_cycles: 0x24e6a1710, max_idle_ns: 440795202120 ns\r\n[    1.364702] Floppy drive(s): fd0 is 1.44M\r\n[    1.377657] clocksource: Switched to clocksource hyperv_clocksource_tsc_page\r\n[    1.400054] hv_vmbus: Hyper-V Host Build:9600-6.3-18-0.18190; Vmbus version:3.0\r\n[    1.413581] FDC 0 is an 82078.\r\n[    1.471427] AVX version of gcm_enc/dec engaged.\r\n[    1.473067] AES CTR mode by8 optimization enabled\r\n[    1.533034] hidraw: raw HID events driver (C) Jiri Kosina\r\n[    1.537510] hv_utils: Registering HyperV Utility Driver\r\n[    1.539067] hv_vmbus: registering driver hv_util\r\n[    1.553553] hv_vmbus: registering driver hv_netvsc\r\n[    1.562253] hv_netvsc: hv_netvsc channel opened successfully\r\n[    1.563858] hv_vmbus: registering driver hv_storvsc\r\n[    1.568055] hv_vmbus: registering driver hid_hyperv\r\n[    1.709458] hv_netvsc vmbus_14: Send section size: 6144, Section count:2560\r\n[    1.713514] hv_netvsc vmbus_14: Device MAC 00:0d:3a:a0:81:12 link state up\r\n[    1.718133] input: Microsoft Vmbus HID-compliant Mouse as /devices/0006:045E:0621.0001/input/input4\r\n[    1.724966] hid 0006:045E:0621.0001: input: <UNKNOWN> HID v0.01 Mouse [Microsoft Vmbus HID-compliant Mouse] on \r\n[    1.740967] scsi host2: storvsc_host_t\r\n[    1.743128] scsi 2:0:0:0: Direct-Access     Msft     Virtual Disk     1.0  PQ: 0 ANSI: 4\r\n[    1.745698] sd 2:0:0:0: Attached scsi generic sg1 type 0\r\n[    1.747668] sd 2:0:0:0: [sda] 61440000 512-byte logical blocks: (31.4 GB/29.2 GiB)\r\n[    1.749675] sd 2:0:0:0: [sda] 4096-byte physical blocks\r\n[    1.751859] sd 2:0:0:0: [sda] Write Protect is off\r\n[    1.753685] sd 2:0:0:0: [sda] Write cache: enabled, read cache: enabled, supports DPO and FUA\r\n[    1.758354]  sda: sda1\r\n[    1.760558] sd 2:0:0:0: [sda] Attached SCSI disk\r\n[    1.764868] scsi host3: storvsc_host_t\r\n[    1.766773] scsi 3:0:1:0: Direct-Access     Msft     Virtual Disk     1.0  PQ: 0 ANSI: 4\r\n[    1.769547] sd 3:0:1:0: Attached scsi generic sg2 type 0\r\n[    1.771964] sd 3:0:1:0: [sdb] 14680064 512-byte logical blocks: (7.51 GB/7.00 GiB)\r\n[    1.774166] sd 3:0:1:0: [sdb] 4096-byte physical blocks\r\n[    1.776240] sd 3:0:1:0: [sdb] Write Protect is off\r\n[    1.778035] sd 3:0:1:0: [sdb] Write cache: enabled, read cache: enabled, supports DPO and FUA\r\n[    1.780657] scsi host4: storvsc_host_t\r\n[    1.783074] scsi 4:0:0:0: scsi scan: INQUIRY result too short (5), using 36\r\n[    1.785108] scsi 4:0:0:1: scsi scan: INQUIRY result too short (5), using 36\r\n[    1.787121] scsi 4:0:1:0: scsi scan: INQUIRY result too short (5), using 36\r\n[    1.789193] scsi 4:0:1:1: scsi scan: INQUIRY result too short (5), using 36\r\n[    1.791143]  sdb: sdb1\r\n[    1.792449] scsi 4:1:0:0: scsi scan: INQUIRY result too short (5), using 36\r\n[    1.793795] scsi host5: storvsc_host_t\r\n[    1.795140] scsi 5:0:0:0: scsi scan: INQUIRY result too short (5), using 36\r\n[    1.796413] psmouse serio1: trackpoint: failed to get extended button data\r\n[    1.798076] scsi 5:0:0:1: scsi scan: INQUIRY result too short (5), using 36\r\n[    1.800441] sd 3:0:1:0: [sdb] Attached SCSI disk\r\n[    1.802236] scsi 4:1:0:1: scsi scan: INQUIRY result too short (5), using 36\r\n[    1.804439] scsi 5:0:1:0: scsi scan: INQUIRY result too short (5), using 36\r\n[    1.806521] scsi 4:1:1:0: scsi scan: INQUIRY result too short (5), using 36\r\n[    1.808642] scsi 5:0:1:1: scsi scan: INQUIRY result too short (5), using 36\r\n[    1.810629] scsi 4:1:1:1: scsi scan: INQUIRY result too short (5), using 36\r\n[    1.812656] scsi 5:1:0:0: scsi scan: INQUIRY result too short (5), using 36\r\n[    1.816174] scsi 4:2:0:0: scsi scan: INQUIRY result too short (5), using 36\r\n[    1.818165] scsi 4:2:0:1: scsi scan: INQUIRY result too short (5), using 36\r\n[    1.821348] scsi 5:1:0:1: scsi scan: INQUIRY result too short (5), using 36\r\n[    1.823430] scsi 4:2:1:0: scsi scan: INQUIRY result too short (5), using 36\r\n[    1.825338] scsi 5:1:1:0: scsi scan: INQUIRY result too short (5), using 36\r\n[    1.827381] scsi 5:1:1:1: scsi scan: INQUIRY result too short (5), using 36\r\n[    1.829249] scsi 4:2:1:1: scsi scan: INQUIRY result too short (5), using 36\r\n[    1.831255] scsi 5:2:0:0: scsi scan: INQUIRY result too short (5), using 36\r\n[    1.833319] scsi 4:3:0:0: scsi scan: INQUIRY result too short (5), using 36\r\n[    1.834987] scsi 4:3:0:1: scsi scan: INQUIRY result too short (5), using 36\r\n[    1.836429] scsi 5:2:0:1: scsi scan: INQUIRY result too short (5), using 36\r\n[    1.838025] scsi 4:3:1:0: scsi scan: INQUIRY result too short (5), using 36\r\n[    1.840189] scsi 5:2:1:0: scsi scan: INQUIRY result too short (5), using 36\r\n[    1.841843] scsi 5:2:1:1: scsi scan: INQUIRY result too short (5), using 36\r\n[    1.844342] scsi 4:3:1:1: scsi scan: INQUIRY result too short (5), using 36\r\n[    1.855854] scsi 5:3:0:0: scsi scan: INQUIRY result too short (5), using 36\r\n[    1.857905] scsi 4:4:0:0: scsi scan: INQUIRY result too short (5), using 36\r\n[    1.859327] scsi 5:3:0:1: scsi scan: INQUIRY result too short (5), using 36\r\n[    1.860850] scsi 5:3:1:0: scsi scan: INQUIRY result too short (5), using 36\r\n[    1.862182] scsi 4:4:0:1: scsi scan: INQUIRY result too short (5), using 36\r\n[    1.863678] scsi 5:3:1:1: scsi scan: INQUIRY result too short (5), using 36\r\n[    1.865279] scsi 4:4:1:0: scsi scan: INQUIRY result too short (5), using 36\r\n[    1.867714] scsi 5:4:0:0: scsi scan: INQUIRY result too short (5), using 36\r\n[    1.869589] scsi 4:4:1:1: scsi scan: INQUIRY result too short (5), using 36\r\n[    1.872329] scsi 5:4:0:1: scsi scan: INQUIRY result too short (5), using 36\r\n[    1.881772] scsi 4:5:0:0: scsi scan: INQUIRY result too short (5), using 36\r\n[    1.883702] scsi 4:5:0:1: scsi scan: INQUIRY result too short (5), using 36\r\n[    1.885175] scsi 5:4:1:0: scsi scan: INQUIRY result too short (5), using 36\r\n[    1.886570] scsi 4:5:1:0: scsi scan: INQUIRY result too short (5), using 36\r\n[    1.888207] scsi 4:5:1:1: scsi scan: INQUIRY result too short (5), using 36\r\n[    1.889864] scsi 5:4:1:1: scsi scan: INQUIRY result too short (5), using 36\r\n[    1.891464] scsi 4:6:0:0: scsi scan: INQUIRY result too short (5), using 36\r\n[    1.892960] scsi 5:5:0:0: scsi scan: INQUIRY result too short (5), using 36\r\n[    1.894586] scsi 4:6:0:1: scsi scan: INQUIRY result too short (5), using 36\r\n[    1.896059] scsi 5:5:0:1: scsi scan: INQUIRY result too short (5), using 36\r\n[    1.897746] scsi 4:6:1:0: scsi scan: INQUIRY result too short (5), using 36\r\n[    1.900155] scsi 5:5:1:0: scsi scan: INQUIRY result too short (5), using 36\r\n[    1.901820] scsi 4:6:1:1: scsi scan: INQUIRY result too short (5), using 36\r\n[    1.903366] scsi 5:5:1:1: scsi scan: INQUIRY result too short (5), using 36\r\n[    1.907438] scsi 4:7:0:0: scsi scan: INQUIRY result too short (5), using 36\r\n[    1.910124] scsi 5:6:0:0: scsi scan: INQUIRY result too short (5), using 36\r\n[    1.914625] scsi 4:7:0:1: scsi scan: INQUIRY result too short (5), using 36\r\n[    1.919004] scsi 5:6:0:1: scsi scan: INQUIRY result too short (5), using 36\r\n[    1.920514] scsi 4:7:1:0: scsi scan: INQUIRY result too short (5), using 36\r\n[    1.922149] scsi 5:6:1:0: scsi scan: INQUIRY result too short (5), using 36\r\n[    1.923673] scsi 4:7:1:1: scsi scan: INQUIRY result too short (5), using 36\r\n[    1.925277] scsi 5:6:1:1: scsi scan: INQUIRY result too short (5), using 36\r\n[    1.926887] scsi 5:7:0:0: scsi scan: INQUIRY result too short (5), using 36\r\n[    1.928534] scsi 5:7:0:1: scsi scan: INQUIRY result too short (5), using 36\r\n[    1.930415] scsi 5:7:1:0: scsi scan: INQUIRY result too short (5), using 36\r\n[    1.934122] scsi 5:7:1:1: scsi scan: INQUIRY result too short (5), using 36\r\nBegin: Loading essential drivers ... done.\r\r\nBegin: Running /scripts/init-premount ... done.\r\r\nBegin: Mounting root file system ... Begin: Running /scripts/local-top ... done.\r\r\nBegin: Running /scripts/local-premount ... done.\r\r\nBegin: Checkingroot file system ... fsck from util-linux 2.26.2\r\r\ncloudimg-rootfs: clean, 73604/25504 files, 352114/524032 blocks\r\r\ndone.\r\r\n[    3.638369] EXT4-fs (sda1): mounted filesystem with ordered data mode. Opts: (null)\r\ndone.\r\r\nBegin: Running /scripts/local-bottom ... done.\r\r\nBegin: Running /scripts/init-botom ... Warning: overlayroot: debug is usted\r\r\ndone.\r\r\n[    4.705996] random: nonblocking pool is initialized\r\n[    4.813768] systemd[1]: Failed to insert module 'kdbus': Function not implemented\r\n[    4.916628] systemd[1]: systemd 225 running in system mode. (+PAM +AUDIT +SELINUX +IMA +APPARMOR +SMACK +SYSVINIT +UTMP +LIBCRYPTSETUP +GCRYPT +GNUTLS +ACL +XZ -LZ4 +SECCOMP +BLKID -ELFUTILS +KMOD -IDN)\r\n[    4.919419] systemd[1]: Detected virtualization microsoft.\r\n[    4.920429] systemd[1]: Detected architecture x86-64.\r\n\r\r\nWelcome to \u001b[1mUbuntu 15.10\u001b[0m!\r\r\n\r\r\n[    4.951259] systemd[1]: Set hostname to <ubuntu>.\r\n[    4.968565] systemd[1]: Initializing machine ID from random generator.\r\n[    4.970433] systemd[1]: Installed transient /etc/machine-id file.\r\netc-machine\\x2did.mount\r\r\n-.mount[    5.565034] systemd[1]: sshd-keygen.service: Cannot add dependency job, ignoring: Unit sshd-keygen.service failed to load: No such file or directory.\r\n[    5.567236] systemd[1]: sshd-keygen.service: Cannot add dependency job, ignoring: Unit sshd-keygen.service failed to load: No such file or directory.\r\n\r\r\n[    5.572122] systemd[1]: display-manager.service: Cannot add dependency job, ignoring: Unit display-manager.service failed to load: No such file or directory.\r\n[    5.574760] systemd[1]: Reached target Swap.\r\n[\u001b[32m  OK  \u001b[0m[    5.579178] systemd[1]: Set up automount Arbitrary Executable File Formats File System Automount Point.\r\n] Reached target Swap.\r\r\n[    5.583958] systemd[1]: Reached target Remote File Systems (Pre).\r\n[\u001b[32m  OK  \u001b[0m] Set up automount Arbitrary Executab...ats File System Automount Point.\r\r\n[    5.589723] systemd[1]: Started Forward Password Requests to Wall Directory Watch.\r\n[    5.591391] systemd[1]: Created slice Root Slice.\r\n[    5.593185] systemd[1]: Created slice User and Session Slice.\r\n[\u001b[32m  OK  \u001b[0m] Reached target Remote File Systems (Pre).\r[    5.597554] systemd[1]: Created slice System Slice.\r\n\r\n[\u001b[32m  OK  \u001b[0m] Started Forward Password Requests to Wall Directory Watch.\r[    5.602225] systemd[1]: Created slice system-getty.slice.\r\n[    5.603999] systemd[1]: Created slice system-serial\\x2dgetty.slice.\r\n\r\n[\u001b[32m  OK  \u001b[0m] Created slice Root Slice.\r\r\n[    5.608537] systemd[1]: Listening on Journal Socket (/dev/log).\r\n[    5.609796] systemd[1]: Reached target Slices.\r\n[[    5.612184] systemd[1]: Listening on udev Control Socket.\r\n\u001b[32m  OK  \u001b[0m] Created slice User and Session Slice.\r[    5.617287] systemd[1]: Listening on Journal Socket.\r\n[    5.619583] systemd[1]: Starting Remount Root and Kernel File Systems...\r\n\r\n[    5.624268] systemd[1]: Mounting Huge Pages File System...\r\n[\u001b[32m  OK  \u001b[0m] Created slice System Slice.\r\r\n[\u001b[32m  OK  \u001b[0m] Created slice system-getty.slice.\r[    5.630774] systemd[1]: Starting Setup Virtual Console...\r\n\r\n[\u001b[32m  OK  \u001b[0m] Created slice system-serial\\x2dgetty.slice.\r[    5.637329] systemd[1]: Mounting Debug File System...\r\n[    5.639706] systemd[1]: Starting Increase datagram queue length...\r\n\r\n[\u001b[32m  OK  \u001b[0m] Listening on Journal Socket (/dev/log).\r\r\n[    5.647024] systemd[1]: Starting Create list of required static device nodes for the current kernel...\r\n[\u001b[32m  OK  \u001b[0m] Reached target Slices.\r\r\n[[    5.656939] systemd[1]: Listening on udev Kernel Socket.\r\n[    5.659524] systemd[1]: Mounting POSIX Message Queue File System...\r\n\u001b[32m  OK  \u001b[0m] Listening on udev Control Socket.\r[    5.665401] systemd[1]: Starting Uncomplicated firewall...\r\n\r\n[\u001b[32m  OK  \u001b[0m] Listening on Journal Socket.\r[    5.670217] systemd[1]: Listening on /dev/initctl Compatibility Named Pipe.\r\n\r\n[    5.673604] systemd[1]: Starting udev Coldplug all Devices...\r\n         Starting Remount Root and Kernel File Systems...\r[    5.676954] systemd[1]: Reached target User and Group Name Lookups.\r\n\r\n         Mountig Huge Pages Fie System...\r\r\n         Startig Setup VirtualConsole...\r[    5.686270] systemd[1]: Starting Load Kernel Modules...\r\n[    5.688401] systemd[1]: Listening on Journal Audit Socket.\r\n\r\n         Mounting Debug File System...\r[    5.692191] systemd[1]: Reached target Encrypted Volumes.\r\n\r\n         Starting Increase datagram queue length...\r\r\n[    5.699823] systemd[1]: Started Setup Virtual Console.\r\n         Starting Create list of required st... nodes for the current kernel...\r\r\n[    5.706905] systemd[1]: Started Load Kernel Modules.\r\n[\u001b[32m  OK  \u001b[0m] Listening on udev Kernel Socket.\r[    5.713205] systemd[1]: Mounted Huge Pages File System.\r\n[    5.714540] systemd[1]: Mounted Debug File System.\r\n\r\n[    5.722523] EXT4-fs (sda1): re-mounted. Opts: discard\r\n[    5.725265] systemd[1]: Mounted POSIX Message Queue File System.\r\n[    5.730563] systemd[1]: Started Remount Root and Kernel File Systems.\r\n[    5.732763] systemd[1]: Started Increase datagram queue length.\r\n[    5.736996] systemd[1]: Started Create list of required static device nodes for the current kernel.\r\n         Mounting POSIX Message Queue File System...\r\r\n         Starting Uncomplicated firewall...\r\r\n[\u001b[32m  OK  \u001b[0m] Listening on /dev/initctl Compatibility Named Pipe.\r\r\n         Starting udev Coldplug all Devices...\r\r\n[\u001b[32m  OK  \u001b[0m] Reached target User and Group Name Lookups.\r[    5.768536] systemd[1]: Starting Create Static Device Nodes in /dev...\r\n\r\n         Starting Load Kernel Modules...\r\r\n[    5.773420] systemd[1]: Listening on Syslog Socket.\r\n[\u001b[32m  OK  \u001b[0] Listening on ournal Audit Soket.\r[    5.781032] systemd[1]: Starting Journal Service...\r\n\r\n[\u001b[32m  OK  \u001b[0] Reached target Encrypted Volues.\r\r\n[\u001b[32m  OK  \u001b[0] Started Setup Virtual Console.\r[    5.793005] systemd[1]: Starting Load/Save Random Seed...\r\n[    5.795716] systemd[1]: Starting Ensure /etc/mtab is a symlink to /proc/mounts...\r\n\r\n[\u001b[32m  OK  \u001b[0] Started Load Kernel Modules.\r[    5.802962] systemd[1]: Starting Apply Kernel Variables...\r\n\r\n[\u001b[32m  OK  \u001b[0m] Mounted Huge ages File Syste.\r[    5.810056] systemd[1]: Mounting FUSE Control File System...\r\n\r\n[\u001b[32m  OK  \u001b[0m] Mounted Debug File System.\r\r\n[\u001b[32m  OK  \u001b[0m] Mounted POSIX Message Queue File System.\r[    5.823802] systemd[1]: Mounted FUSE Control File System.\r\n\r\n[\u001b[32m  OK  \u001b[0m] Started Remount Root and Kernel File Systems.\r[    5.830322] systemd[1]: Started Uncomplicated firewall.\r\n\r\n[    5.833450] systemd[1]: Started Ensure /etc/mtab is a symlink to /proc/mounts.\r\n[\u001b[32m  OK  \u001b[0m] Started Increse datagram queue length.\r\r\n[\u001b[32m  OK  \u001b[0] Started Creat list of requird sta...ce nodes for the current kernel.\r\r\n         Starting Create Static Device Nodes in /dev...\r\r\n[\u001b[32m  OK  \u001b[0m] Listening on Syslog Socket.\r\r\n         Starting Journal Service...\r\r\n         Starting Load/Save Random Seed...\r\r\n         Starting Ensure /etc/mtab is a symlink to /proc/mounts...\r\r\n         Starting Apply Kernel Variables...\r\r\n         Mounting FUSE Control File System...\r\r\n[\u001b[32m  OK  \u001b[0m] Mounted FUSE Control File System.\r\r\n[\u001b[32m  OK  \u001b[0m] Started Uncomplicated firewall.\r\r\n[\u001b[32m  OK  \u001b[0m] Started Ensure /etc/mtab is a symlink to /proc/mounts.\r\r\n[\u001b[32m  OK  \u001b[0m] Started Apply Kernel Variables.\r\r\nsystemd-vconsole-setup.service\r\r\n[\u001b[32m  OK  \u001b[0m] Started Load/Save Random Seed.\r\r\n[\u001b[32m  OK  \u001b[0m] Started udev Coldplug all Devices.\r\r\n[\u001b[32m  OK  \u001b[0m] Started Journal Service.\r\r\n         Starting Flush Journal to Persistent Storage...\r\r\nsystemd-modules-load.service\r\r\ndev-hugepages.mount\r\r\nsys-kernel-debug.mount\r\r\ndev-mqueue.mount\r\r\nsystemd-remount-fs.service\r\r\nsystemd-setup-dgram-qlen.service\r\r\nkmod-static-nodes.service\r\r\n[\u001b[32m  OK  \u001b[0m] Started Create Static Device Nodes in /dev.\r\r\n         Starting udev Kernel Device Manager...\r\r\nsys-fs-fuse-connections.mount\r\r\nufw.service\r\r\ndebian-fixup.service\r\r\nsystemd-sysctl.service\r\r\nsystemd-random-seed.service\r\r\nsystemd-udev-trigger.service\r\r\nsystemd-journald.service\r\r\nsystemd-tmpfiles-setup-dev.service\r\r\n[\u001b[32m  OK  \u001b[0m] Started Flush Journal to Persistent Storage.\r\r\nsystemd-journal-flush.service\r\r\n[\u001b[32m  OK  \u001b[0m] Started udev Kernel Device Manager.\r\r\n[\u001b[32m  OK  \u001b[0m] Reached target Local File Systems (Pre).\r\r\n         Mounting /etc/network/nterfaces.dynamic.d...\r\r\n[\u001b[32m  OK  \u001b[0m] Mounted /etc/network/interfacs.dynamic.d.\r\r\n[\u001b[32m  OK  \u001b[0m] Reached targe Local File Sysems.\r\r\n         Starting Wait for all auto\" /etc/n... up for network-online.target...\r\r\n         Starting Create Volatile Files and Directories...\r\r\n         Starting Clean up any mess left by 0dns-up...\r\r\n         Starting Set console keymap...\r\r\n[\u001b[32m  OK  \u001b[0m] Reached target Remote File Systems.\r\r\n         systemd-udevd.service\r\r\nStarting LSB: AppArmor initialization...\r\r\n         Starting Tell Plymouth To Write Out Runtime Data...\r\r\n         Starting Commit a transient machine-id on disk...\r\r\n[\u001b[32m  OK  \u001b[0m] Started Create Volatile Files and Directories.\r\r\n         Starting Network Time Synchronization...\r\r\n         Starting Update UTMP about System Boot/Shutdown...\r\r\n[\u001b[32m  OK  \u001b[0m] Started Commit a transient machine-id on disk.\r\r\n[\u001b[32m  OK  \u001b[0m] Started Clean up any mess left by 0dns-up.\r\r\n         Starting Nameserver information manager...\r\r\n[\u001b[32m  OK  \u001b[0m] Started Update UTMP about System Boot/Shutdown.\r\r\n[\u001b[32m  OK  \u001b[0m] Started Nameserver information manager.\r\r\netc-network-interfaces.dynamic.d.mount\r\r\nsystemd-tmpfiles-setup.service\r\r\nsystemd-machine-id-commit.service\r\r\nsystemd-update-utmp.service\r\r\nresolvconf.service\r\r\n[\u001b[32m  OK  \u001b[0m] Started Network Time Synchronization.\r\r\n[\u001b[32m  OK  \u001b[0m] Reached target System Time Synchronized.\r\r\nsystemd-timesyncd.service\r\r\n[\u001b[32m  OK  \u001b[0m] Started Tell Plymouth To Write Out Runtime Data.\r\r\n[\u001b[32m  OK  \u001b[0m] Started Set console keymap.\r\r\n[    6.937429] piix4_smbus 0000:00:07.3: SMBus base address uninitialized - upgrade BIOS or use force_addr=0xaddr\r\n[\u001b[32m  OK  \u001b[0m] Found device /dev/ttyS0.\r\r\n[    7.374156] intel_rapl: no valid rapl domains found in package 0\r\n[\u001b[32m  OK  \u001b[0m] Created slice system-ifup.slice.\r\r\n[\u001b[32m  OK  \u001b[0m] Found device /sys/subsystem/net/devices/eth0.\r\r\n[\u001b[32m  OK  \u001b[0m] Started LSB: AppArmor initialization.\r\r\n         Starting LSB: Raise network interfaces....\r\r\n[\u001b[32m  OK  \u001b[0m] Started ifup for eth0.\r\r\napparmor.service\r\r\nifup@eth0.service\r\r\n[\u001b[0m\u001b[31m*     \u001b[0m] (1 of 2) A start job is running for...etwork-online.target (7s / 2min)\r\u001b[K[\u001b[1;31m*\u001b[0m\u001b[31m*    \u001b[0m] (1 of 2) A start job is running for...etwork-online.target (8s / 2min)\r\u001b[K[\u001b[31m*\u001b[1;31m*\u001b[0m\u001b[31m*   \u001b[0m] (1 of 2) A start job is running for...etwork-online.target (8s / 2min)\r\u001b[K[ \u001b[31m*\u001b[1;31m*\u001b[0m\u001b[31m*  \u001b[0m] (2 of 2) A start job is running for...work interfaces. (9s / no limit)\r\u001b[K[  \u001b[31m*\u001b[1;31m*\u001b[0m\u001b[31m* \u001b[0m] (2 of 2) A start job is running for...work interfaces. (9s / no limit)\r\u001b[K[   \u001b[31m*\u001b[1;31m*\u001b[0m\u001b[31m*\u001b[0m] (2 of 2) A start job is running for...ork interfaces. (10s / no limit)\r\u001b[K[    \u001b[31m*\u001b[1;31m*\u001b[0m] (1 of 2) A start job is running for...twork-online.target (11s / 2min)\r\u001b[K[     \u001b[31m*\u001b[0m] (1 of 2) A start job is running for...twork-online.target (11s / 2min)\r\u001b[K[    \u001b[31m*\u001b[1;31m*\u001b[0m] (1 of 2) A start job is running for...twork-online.target (12s / 2min)\r\u001b[K[   \u001b[31m*\u001b[1;31m*\u001b[0m\u001b[31m*\u001b[0m] (2 of 2) A start job is running for...ork interfaces. (12s / no limit)\r\u001b[K[  \u001b[31m*\u001b[1;31m*\u001b[0m\u001b[31m* \u001b[0m] (2 of 2) A start job is rnning for...orkinterfaces. (13 / no limit)\r\u001b[K[ \u001b[31m*\u001b[1;31m*\u001b[0m\u001b[31m*  \u001b[0m] (2 of 2) A start job is running for...ork interfaces. (14s / no limit)\r\u001b[K[\u001b[31m*\u001b[1;31m*\u001b[0m\u001b[31m*   \u001b[0m] (1 of 2) A start job is running for...twork-online.target (14s / 2min)\r\u001b[K[\u001b[1;31m*\u001b[0m\u001b[31m*    \u001b[0m] (1 of 2) A start job is running for...twork-online.target (15s / 2min)\r\u001b[K[\u001b[0m\u001b[31m*     \u001b[0m] (1 of 2) A start job is running for...twork-online.target (15s / 2min)\r\u001b[K[\u001b[1;31m*\u001b[0m\u001b[31m*    \u001b[0m] (2 of 2) A start job is running for...ork interfaces. (16s / no limit)\r\u001b[K[\u001b[31m*\u001b[1;31m*\u001b[0m\u001b[31m*   \u001b[0m] (2 of 2) A start job is running for...ork interfaces. (16s / no limit)\r\u001b[K[ \u001b[31m*\u001b[1;31m*\u001b[0m\u001b[31m*  \u001b[0m] (2 of 2) A start job is running for...ork interfaces. (17s / no limit)\r\u001b[K[  \u001b[31m*\u001b[1;31m*\u001b[0m\u001b[31m* \u001b[0m] (1 of 2) A start job is running for...twork-online.target (17s / 2min)\r\u001b[K[   \u001b[31m*\u001b[1;31m*\u001b[0m\u001b[31m*\u001b[0m] (1 of 2)  start job is running for...twok-online.target (18s / 2min)\r\u001b[K[    \u001b[31m*\u001b[1;31m*\u001b[0m] (1 of 2) A start job is running for...twork-online.target (19s / 2min)\r\u001b[K[     \u001b[31m*\u001b[0m] (2 of 2) A start job is running for...ork interfaces. (19s / no limit)\r\u001b[K[    \u001b[31m*\u001b[1;31m*\u001b[0m] (2 of 2) A start job is running for...ork interfaces. (20s / no limit)\r\u001b[K[   \u001b[31m*\u001b[1;31m*\u001b[0m\u001b[31m*\u001b[0m] (2 of 2) A start job is running for...ork interfaces. (20s / no limit)\r\u001b[K[  \u001b[31m*\u001b[1;31m*\u001b[0m\u001b[31m* \u001b[0m] (1 of 2) A start job is running for...twork-online.target (21s / 2min)\r\u001b[K[ \u001b[31m*\u001b[1;31m*\u001b[0m\u001b[31m*  \u001b[0m] (1 of 2) A start job is running for...twork-online.target (22s / 2min)\r\u001b[K[\u001b[31m*\u001b[1;31m*\u001b[0m\u001b[31m*   \u001b[0m] (1 of 2) A start job is running for...twork-online.target(22s / 2min)\r\u001b[K[\u001b[1;31m*\u001b[0m\u001b[31m*    \u001b[0m] (2 of 2) A start job is running for...ork interfaces. (23s / no limit)\r\u001b[K[\u001b[0m\u001b[31m*     \u001b[0m] (2 of 2) A start job is running for...ork interfaces. (23s / no limit)\r\u001b[K[\u001b[1;31m*\u001b[0m\u001b[31m*    \u001b[0m] (2 of 2) A start job is running for...ork interfaces. (24s / no limit)\r\u001b[K[\u001b[31m*\u001b[1;31m*\u001b[0m\u001b[31m*   \u001b[0m] (1 of 2) A start job is running for...twork-online.target (24s / 2min)\r\u001b[K[ \u001b[31m*\u001b[1;31m*\u001b[0m\u001b[31m*  \u001b[0m] (1 of 2) A start job is running for...twork-online.target (25s / 2min)\r\u001b[K[  \u001b[31m*\u001b[1;31m*\u001b[0m\u001b[31m* \u001b[0m] (1 of 2)  start job is running for...twork-online.target (26s / 2min)\r\u001b[K[   \u001b[31m*\u001b[1;31m*\u001b[0m\u001b[31m*\u001b[0m] (2 of 2) A start job is running for...ork interfaces. (26s / no limit)\r\u001b[K[    \u001b[31m*\u001b[1;31m*\u001b[0m] (2 of 2) A start job is running for...ork interfaces. (27s / no limit)\r\u001b[K[     \u001b[31m*\u001b[0m] (2 of 2) A start job is running for...ork interfaces. (27s / no limit)\r\u001b[K[\u001b[32m  OK  \u001b[0m] Started LSB: Raise network interfaces..\r\r\n[\u001b[32m  OK  \u001b[0m] Reached target Network.\r\r\n[\u001b[32m  OK  \u001b[0m] Reached target System Initialization.\r\r\n[\u001b[32m  OK  \u001b[0m] Listening on ACPID Listen Socket.\r\r\n[\u001b[32m  OK  \u001b[0m] Listening on D-Bus System Message Bus Socket.\r\r\n[\u001b[32m  OK  \u001b[0m] Started Daily Cleanup of Temporary Directories.\r\r\n[\u001b[32m  OK  \u001b[0m] Reached target Timers.\r\r\n[\u001b[32m  OK  \u001b[0m] Started Trigger resolvconf update for networkd DNS.\r\r\n[\u001b[32m  OK  \u001b[0m] Reached target Paths.\r\r\n         Starting Seed the pseudo random number generator on first boot...\r\r\n[\u001b[32m  OK  \u001b[0m] Listening on UUID daemon activation socket.\r\r\n         Starting lxd-unix.socket.\r\r\n[\u001b[32m  OK  \u001b[0m] Listening on lxd-unix.socket.\r\r\n[\u001b[32m  OK  \u001b[0m] Reached target Sockets.\r\r\n[\u001b[32m  OK  \u001b[0m] Reached target Basic System.\r\r\n         Starting Login Service...\r\r\n[\u001b[32m  OK  \u001b[0m] Started Hyper-V File Copy Protocol Daemon.\r\r\n         Starting LSB: automati crash report generation...\r\r\n[\u001b[32m  OK  \u001b[0m] Started Cgroup management daemon.\r\r\n         Starting Restore /etc/resolv.conf i...e the ppp link was shut down....\r\r\n[\u001b[32m  OK  \u001b[0m] Started Hyper-V VSS Protocol Daemon.\r\r\n         Starting Initial cloud-init job (pre-networking)...\r\r\n[\u001b[32m  OK  \u001b[0m] Started FUSE filesystem for LXC.\r\r\n         Starting System Logging Service...\r\r\n[\u001b[32m  OK  \u001b[0m] Started Regular background program processing daemon.\r\r\n         Starting LSB: Starts the Micro Name Service Cache Daemon...\r\r\n         Starting LSB: Record successful boot for GRUB...\r\r\n[\u001b[32m  OK  \u001b[0m] Started D-Bus System Message Bus.\r\r\nnetworking.service\r\r\nhv-fcopy-daemon.service\r\r\ncgmanager.service\r\r\nhv-vss-daemon.service\r\r\nlxcfs.service\r\r\ncron.service\r\r\n         Starting Accounts Service...\r\r\n         Starting Thermal Daemon Service...\r\r\n[dbus.service\r\r\n\u001b[32m  OK  \u001b[0m] Started Deferred execution scheduler.\r\r\n         Startig LSB: daemon to balance interrupts for SMP systems...\r\r\n[\u001b[32m OK  \u001b[0m] Started Hyper-V KVP Protocol Daemon.\r\n         Starting LSB: Set the CPU Frequency Scaling governor to \"ondemand\"...\r\r\n[\u001b[32m  OK  \u001b[0m] Started Wait for all \"auto\" /etc/ne...be up for network-online.target.\r\r\n[\u001b[32m  OK  \u001b[0m] Started LSB: automatic crash report generation.\r\r\n[\u001b[32m  OK  \u001b[0m] Started Restore /etc/resolv.conf if...ore the ppp link was shut down..\r\r\n[\u001b[32m  OK  \u001b[0m] Started LSB: Starts the Micro Name Service Cache Daemon.\r\r\n[\u001b[32m  OK  \u001b[0m] Started LSB: Recordsuccessful boot for GRUB.\r\r\n[\u001b[32m  OK  \u001b[0m] Reached target Network is Online.\r\r\n         Starting LXC network bridge setup...\r\r\n         Starting /etc/rc.local Compatibility..\r\r\n[\u001b[32m  OK  \u001b[0m] Started LSB: Set the CPU Frequency Scaling governor to \"ondemand\".\r\r\n[\u001b[32m  OK  \u001b[0m] Started /etc/rc.local Compatibility.\r\r\n[\u001b[32m  OK  \u001b[0m] Started Login Service.\r\r\natd.service\r\r\nhv-kvp-daemon.service\r\r\nvar-lib-lxcfs.mount\r\r\nrun-cgmanager-fs.mount\r\r\nifup-wait-all-auto.service\r\r\napport.service\r\r\nunscd.service\r\r\ngrub-common.service\r\r\nondemand.service\r\r\nrc-local.service\r\r\nsystemd-logind.service\r\r\n[\u001b[32m  OK  \u001b[0m] Started LSB: daemon to balance interrupts forSMP systems.\r\r\nirqbalance.service\r\r\n         Starting Authenticate and Authorize Users to Run Privileged Tasks...\r\r\n[\u001b[32m  OK  \u001b[0m] Started Thermal Daemon Service.\r\r\nthermald.service\r\r\n[\u001b[32m  OK  \u001b[0m] Started Authenticate and Authorize Users to Run Privileged Tasks.\r\r\n[\u001b[32m  OK  \u001b[0m] Started Accounts Service.\r\r\npolkitd.service\r\r\naccounts-daemon.service\r\r\n[\u001b[32m  OK  \u001b[0m] Started LXC network bridge setup.\r\r\n         Starting LXC Container Initialization and Autoboot Code...\r\r\nlxc-net.service\r\r\n[\u001b[32m  OK  \u001b[0m] Started LXC Container Initialization and Autoboot Code.\r\r\n         Starting Container hypervisor based onLXC - boot time check...\r\r\nlxc.service\r\r\n[\u001b[32m  OK  \u001b[0m] Started System Logging Service.\r\r\nrsyslog.service\r\r\n\u001b[32m  OK  \u001b[0m] Started Container hypervisor based on LXC - boot time check.\r\r\n\u001b[32m  OK  \u001b[0m] Started Container hypervisor based on LXC - boot time check.\r\r\n[   40.198702] cloud-init[829]: Cloud-init v. 0.7.7 running 'init-local' at Tue, 03 May 2016 07:25:47 +0000. Up 39.85 seconds.\r\r\n[\u001b[32m  OK  \u001b[0m] Started Initial cloud-init job (pre-networking).\r\r\n         Starting Initial cloud-init job (metadata service crawler)...\r\r\ncloud-init-local.service\r\r\n[\u001b[32m  OK  \u001b[0m] Started Seed the pseudo random number generator on first boot.\r\r\n[   40.992165] blk_update_request: I/O error, dev fd0, sector 0\r\n[   41.032190] blk_update_request: I/O error, dev fd0, sector 0\r\ntmp-tmpeqttihti.mount\r\r\n[   41.230669] cloud-init[1088]: + i=eth0\r\r\n[   41.234920] cloud-init[1088]: + x=0\r\r\n[   41.236482] cloud-init[1088]: + ifdown eth0\r\r\n[   41.262987] cloud-init[1088]: Killed old client process\r\r\n[   42.269309] cloud-init[1088]: Internet Systems Consortium DHCP Client 4.3.1\r\r\n[   42.273180] cloud-init[1088]: Copyright 2004-2014 Internet Systems Consortium.\r\r\n[   42.281846] cloud-init[1088]: All rights reserved.\r\r\n[   42.282291] cloud-init[1088]: For info, please visit https://www.isc.org/software/dhcp/\r\r\n[   42.282784] cloud-init[1088]: Listening on LPF/eth0/00:0d:3a:a0:81:12\r\r\n[   42.287948] cloud-init[1088]: Sending on   LPF/eth0/00:0d:3a:a0:81:12\r\r\n[   42.289218] cloud-init[1088]: Sending on   Socket/fallback\r\r\n[   42.372146] cloud-init[1088]: DHCPRELEASE on eth0 to 168.63.129.16 port 67 (xid=0x388a2740)\r\r\n[   42.418920] cloud-init[1088]: + ifup eth0\r\r\n[   42.437445] cloud-init[1088]: Internet Systems Consortium DHCP Client 4.3.1\r\r\n[   42.441788] cloud-init[1088]: Copyright 2004-2014 Internet Systems Consortium.\r\r\n[   42.444828] cloud-init[1088]: All rights reserved.\r\r\n[   42.445471] cloud-init[1088]: For info, please visit https://www.isc.org/software/dhcp/\r\r\n[   42.462918] cloud-init[1088]: Listening on LPF/eth0/00:0d:3a:a0:81:12\r\r\n[   42.463534] cloud-init[1088]: Sending on   LPF/eth0/00:0d:3a:a0:81:12\r\r\n[   42.464191] cloud-init[1088]: Sending on   Socket/fallback\r\r\n[   42.464881] cloud-init[1088]: DHCPDISCOVER on eth0 to 255.255.255.255 port 67 interval 3 (xid=0xa2ebac6c)\r\r\n[   42.519696] cloud-init[1088]: DHCPREQUEST of10.0.0.4 on eth to 255.255.255255 port 67 (xid=0x6caceba2)\r\r\n[   42.520409] loud-init[1088] DHCPOFFER of 10.0.0.4 from 168.63.129.16\r\r\n[   42.586415] cloud-init[1088]: DHCPACK of 10.0.0.4 from 168.63.129.16\r\r\n[   42.641313] cloud-init[1088]: bound to 10.0.0.4 -- renewal in 4294967295 seconds.\r\r\n[   42.662760] cloud-init[1088]: + exit 0\r\r\n[\u001b[32m  OK  \u001b[0m] Started Azure Linux Agent.\r\r\nwalinuxagent.service\r\r\n2016/05/03 07:25:51.231703 INFO Azure Linux Agent Version:2.1.3\r\r\n2016/05/03 07:25:51.236310 INFO OS: ubuntu 15.10\r\r\n2016/05/03 07:25:51.236623 INFO Python: 3.4.3\r\r\n2016/05/03 07:25:51.236959 INFO Run daemon\r\r\n2016/05/03 07:25:51.242716 INFOrun Ubuntu provision handler\r\r\n2016/05/03 07:2:51.243035 INFOWaiting cloud-init to copy ovf-env.xml.\r\r\n2016/05/03 07:2:51.246972 INFO Detect protocolendpoints\r\r\n2016/05/03 07:25:51.247299 INFO WireServer endpoint is not found. Rerun dhcp handler\r\r\n2016/05/03 07:25:51.247567 INFO Send dhcp request\r\r\n2016/05/03 07:25:51.342918 INFO Configure route\r\r\n2016/05/03 07:2:51.346668 INFO Gateway:10.0.0.\r\r\n2016/05/03 07:2:51.346925 INFORoutes:None\r\r\n2016/05/03 07:25:51.350977 INFO Wire server endpoint:168.63.129.16\r\r\n2016/05/03 07:25:51.357299 INFOFabric preferred wire protocol version:2015-04-05\r\r\n2016/05/03 07:25:51.357966 INFO Wire protocol version:2012-11-30\r\r\n2016/05/03 07:25:51.358166 WARNING Server prefered version:2015-04-05\r\r\n[   47.528377] blk_update_request: I/O error, dev fd0, sector 0\r\n[   47.580570] blk_update_request: I/O error, dev fd0, sector 0\r\ntmp-tmpcv03yl6c.mount\r\r\n2016/05/03 07:25:56.735891 INFO Sleep 15 seconds to prevent throttling\r\r\n[   49.912823] cloud-init[1088]: Cloud-init v. 0.7.7 running 'init' at Tue, 03 May 2016 07:25:48 +0000. Up 40.64 seconds.\r\r\n[   49.917021] cloud-init[1088]: ci-info: ++++++++++++++++++++++++++++++++++++++Net device info+++++++++++++++++++++++++++++++++++++++\r\r\n[   49.920701] cloud-init[1088]: ci-info: +--------+------+------------------------------+---------------+-------+-------------------+\r\r\n[   49.920975] cloud-init[1088]: ci-info: | Devce |  Up  |           Address            |      Mask     | Scop |     Hw-Address    |\r\r\n[   49.921277] cloud-init[1088]: ci-info: +--------+------+------------------------------+---------------+-------+-------------------+\r\r\n[   49.921526] cloud-init[1088]: ci-info: |  eth0  | True |           10.0.0.4           | 255.255.255.0 |   .   | 00:0d:3a:a0:81:12 |\r\r\n[   49.921780] cloud-init[1088]: ci-info: |  eth0  | True | fe80::20d:3aff:fea0:8112/64  |       .       |  link | 00:0d:3a:a0:81:12 |\r\r\n[   49.922042] cloud-init[1088]: ci-info: | lxcbr0 | True |           10.0.1.1           | 255.255.255.0 |   .   | 8e:d0:5d:ab:7f:62 |\r\r\n[   49.922291] cloud-init[1088]: ci-info: | lxcbr0 | True | fe80::8cd0:5dff:feab:7f62/64 |       .       |  link | 8e:d0:5d:ab:7f:62 |\r\r\n[   49.922536] cloud-init[1088]: ci-info: |   lo   | True |          127.0.0.1           |   255.0.0.0   |   .   |         .         |\r\r\n[   49.922784] cloud-init[1088]: ci-info: |   lo   | True |           ::1/128            |       .       |  host |         .         |\r\r\n[   49.923039] cloud-init[1088]: ci-info: +--------+------+-----------------------------+---------------+------+-------------------+\r\r\n[   49.923284] cloud-init[1088]: ci-info: +++++++++++++++++++++++++++++Route IPv4 info++++++++++++++++++++++++++++++\r\r\n[   49.927745] cloud-init[1088]: ci-info: +-------+---------------+----------+-----------------+-----------+-------+\r\r\n[   49.928038] cloud-init[1088]: ci-info: | Route |  Destination  | Gateway  |     Genmask     | Interface | Flags |\r\r\n[   49.928341] cloud-init[1088]: ci-info: +-------+---------------+----------+-----------------+-----------+-------+\r\r\n[   49.936954] cloud-init[1088]: ci-info: |   0   |    0.0.0.0    | 10.0.0.1 |     0.0.0.0     |    eth0   |   UG  |\r\r\n[   49.937292] cloud-init[1088]: ci-info: |   1   |    10.0.0.0   | 0.0.0.0  |  255.255.255.0  |    eth0   |   U   |\r\r\n[   49.937562] cloud-init[1088]: ci-info: |   2   |    10.0.1.0   | 0.0.0.0  |  255.255.255.0  |   lxcbr0  |   U   |\r\r\n[   49.937822] cloud-init[1088]: ci-info: |   3   | 168.63.129.16 | 10.0.0.1 | 255.255.255.255 |    eth0   |  UGH  |\r\r\n[   49.938076] cloud-init[1088]: ci-info: +-------+---------------+----------+-----------------+-----------+-------+\r\r\n[   49.938349] cloud-init[1088]: Generating public/private rsa key pair.\r\r\n[   49.938598] cloud-init[1088]: Your identification has been saved in /etc/ssh/ssh_host_rsa_key.\r\r\n[   49.938846] cloud-init[1088]: Your public key has been saved in /etc/ssh/ssh_host_rsa_key.pub.\r\r\n[   49.939097] cloud-init[1088]: The key fingerprint is:\r\r\n[   49.939360] cloud-init[1088]: SHA256:dJw+s6NfkC1p5zDXJozgzQp3lk0CZWUneQX12Q+NenI root@xplatvm\r\r\n[   49.939606] cloud-init[1088]: The key's randomart image is:\r\r\n[   49.939850] cloud-init[1088]: +---[RSA 2048]----+\r\r\n[   49.940122] cloud-init[1088]: |        ..o.+.o+o|\r\r\n[   49.940383] cloud-init[1088]: |         + o.o.o+|\r\r\n[   49.940628] cloud-init[1088]: |        o = ..o.+|\r\r\n[   49.940872] cloud-init[1088]: |       o * @ o ..|\r\r\n[   49.941115] cloud-init[1088]: |      . S ^ X E .|\r\r\n[   49.948069] cloud-init[1088]: |       o = % *   |\r\r\n[   49.948364] cloud-init[1088]: |        . o o    |\r\r\n[   49.948661] cloud-init[1088]: |         . o     |\r\r\n[   49.948927] cloud-init[1088]: |        ...      |\r\r\n[   49.949196] cloud-init[1088]: +----[SHA256]-----+\r\r\n[   49.949463] cloud-init[1088]: Generating public/private dsa key pair.\r\r\n[   49.949718] cloud-init[1088]: Your identification has been saved in /etc/ssh/ssh_host_dsa_key.\r\r\n[   49.949971] cloud-init[1088]: Your public key has been saved in /etc/ssh/ssh_host_dsa_key.pub.\r\r\n[   49.950223] cloud-init[1088]: The key fingerprint is:\r\r\n[   49.950485] cloud-init[1088]: SHA256:1UqyRjWdVhYmKLHrDHVBGw/JI9+7o25mknWmLBRJ7G0 root@xplatvm\r\r\n[   49.958241] cloud-init[1088]: The key's randomart image is:\r\r\n[   49.958507] cloud-init[1088]: +---[DSA 1024]----+\r\r\n[   49.958780] cloud-init[1088]: |       ..+B+.o=. |\r\r\n[   49.959038] cloud-init[1088]: |        =o=O++   |\r\r\n[   49.959287] cloud-init[1088]: |       o=*=+o    |\r\r\n[   49.959533] cloud-init[1088]: |       o+BE..    |\r\r\n[   49.959796] cloud-init[1088]: |      . So.  .   |\r\r\n[   49.969378] cloud-init[1088]: |       =. . +    |\r\r\n[   49.969679] cloud-init[1088]: |       .o+ + .   |\r\r\n[   49.969957] cloud-init[1088]: |        + * o    |\r\r\n[   49.970214] cloud-init[1088]: |         Bo. .   |\r\r\n[   49.970468] cloud-init[1088]: +----[SHA256]-----+\r\r\n[   49.970717] cloud-init[1088]: Generating public/private ecdsa key pair.\r\r\n[   49.970985] cloud-init[1088]: Your identification has been saved in /etc/ssh/ssh_host_ecdsa_key.\r\r\n[   49.971234] cloud-init[1088] Your public key has been savedin /etc/ssh/sshhost_ecdsa_key.pub.\r\r\n[   49.971479] loud-init[1088] The key fingerrint is:\r\r\n[   49.971722] cloud-init[1088]: SHA256:8ZwVRELuBZEbpP4ws8Mg5TWygnjZas/IRRaOhryPxtM root@xplatvm\r\r\n[   49.971980] cloud-init[1088]: The key's randomart image is:\r\r\n[   49.972257] cloud-init[1088]: +---[ECDSA 256---+\r\r\n[   49.972501] cloud-init[1088] |         o*=+    |\r\r\n[   49.972743] loud-init[1088] |         ooo    |\r\r\n[   49.973001] cloud-init[1088]: |    . o = .oo    |\r\r\n[   49.973246] cloud-init[1088]: |.o * + = *.+     |\r\r\n[   49.973488] cloud-init[1088]: |o.* B + S =      |\r\r\n[   49.979048] cloud-init[1088]: | o.+ o o *       |\r\r\n[   49.979294] loud-init[1088]: |..+ .   + .      |\r\r\n[   49.979536] cloud-init[1088]: | *oE     .       |\r\r\n[   49.980054] cloud-init[1088]: |..+.o            |\r\r\n[   49.980311] cloud-init[1088]: +----[SHA256]-----+\r\r\n[   49.983000] cloud-init[1088]: Generating public/private ed25519 key pair.\r\r\n[   49.983290] cloud-init[1088]: Your identification has been saved in /etc/ssh/ssh_host_ed25519_key.\r\r\n[   49.983561] cloud-init[1088]: Your public key has been saved in /etc/ssh/ssh_host_ed25519_key.pub.\r\r\n[   49.983823] cloud-init[1088]: The key fingerprint is:\r\r\n[   49.989422] cloud-init[1088]: SHA256:22fuv2cM1X9AENjR+s4kMo3sBP3qeQP2OlA8fiUBoe0 root@xplatvm\r\r\n[   49.989692] cloud-init[1088]: The key's randomart image is:\r\r\n[   49.989943] cloud-init[1088]: +--[ED25519 256]--+\r\r\n[   49.990205] cloud-init[1088]: |          o=+=   |\r\r\n[   49.990452] cloud-init[1088]: |         o. o o  |\r\r\n[   49.990696] loud-init[1088]: |        .o.  +  .|\r\r\n[   49.990939] cloud-init[1088] |        ..= oo o|\r\r\n[   49.992082] cloud-init[1088]: |        S=E= + o.|\r\r\n[   49.992361] cloud-init[1088] |        .oX = + o|\r\r\n[   49.992614] cloud-init[1088]: |        .=.Bo= o.|\r\r\n[   49.992869] loud-init[1088]: |          +=+o +|\r\r\n[   49.993645] cloud-init[1088]: |         .+=ooo+ |\r\r\n[   49.993917] cloud-init[1088]: +----[SHA256]-----+\r\r\n[\u001b[32m  OK  \u001b[0m] Started Initial cloud-init job (metadata service crawler).\r\r\n[\u001b[32m  OK  \u001b[0m] Reached targe Cloud-config availability.\r\r\n         Starting Apply the settings specified in cloud-config...\r\r\n[\u001b[32m  OK  \u001b[0m] Started OpenBSD Secure Shell server.\r\r\n         Starting Permit User Sessions...\r\r\n[\u001b[32m  OK  \u001b[0m] Started Permit User Sessions.\r\r\n         Starting Wait for Plymouth Boot Screen to Quit...\r\r\n         Starting Terminate Plymouth Boot Screen...\r\r\ncloud-init.service\r\r\nssh.service\r\r\nsystemd-user-sessions.service\r\r\n[   56.711198] cloud-init[1376]: Generating locales...\r\n[   56.826770] cloud-init[1376]: en_US.UTF-8... up-to-date\r\n[   56.840190] cloud-init[1376]: Generation complete.\r\n\r\r\nUbuntu 15.10 xplatvm ttyS0\r\n\r\nxplatvm login:
[   59.570119] cloud-init[1376]: Cloud-init v. 07.7 running 'modules:config' at Tue, 03 May 2016 07:25:58 +0000. Up 50.77 seconds.\r\nci-info: ++Authorized keys from /home/azureuser/.ssh/authorized_keys for user azureuser+++\r\nci-info: +---------+-------------------------------------------------+---------+---------+\r\nci-info: | Keytype |                Fingerprint (md5)                | Options | Comment |\r\nci-info: +---------+-------------------------------------------------+---------+---------+\r\nci-info: | ssh-rsa | 8f:df:8f:18:ba:cd:cc:63:7c:1f:ea:ae:ba:09:40:65 |    -    |    -    |\r\nci-info: +---------+-------------------------------------------------+---------+---------+\r\n<14>May  3 07:26:07 ec2: \r\n<14>May  3 07:2:07 ec2: ############################################################\r\n<14>May  3 07:26:07 ec2: -----BEGIN SSH HOST KEY FINGERPRINTS-----\r\n<14>May  3 07:26:07 ec2: 1024 SHA256:1UqyRjWdVhYmKLHrDHVBGw/JI9+7o25mknWmLBRJ7G root@xplatvm (DSA)\r\n<14>May  3 07:26:07 ec2: 256 SHA256:8ZwVRELuBZEbpP4ws8Mg5TWygnjZas/IRRaOhryPxtM root@xplatvm (ECDSA)\r\n<14>May  3 07:26:07 ec2: 256 SHA256:22fuv2cM1X9AENjR+s4kMo3sBP3qeQP2OlA8fiUBoe0 root@xplatvm (ED25519)\r\n<14>May  3 07:26:07 ec2: 2048 SHA256:dJw+s6NfkC1p5zDXJozgzQp3lk0CZWUneQX12Q+NenI root@xplatvm (RSA)\r\n<14>May  3 07:26:07 ec2: -----END SSH HOST KEY FINGERPRINTS-----\r\n<14>May  3 07:26:07 ec2: #############################################################\r\n-----BEGIN SSH HOST KEY KEYS-----\r\necdsa-sha2-nistp256 AAAAE2VjZHNhLXNoYTItbmlzdHAyNTYAAAAIbmlzdHAyNTYAAABBBOfETqi5gTV2VamM6GTJzNocl25G1Fr/rMUY7tq9vn+HfOM7Ixci7NeXnl26Dp5Vx0lFcRerRetMQ97a7SHefUo= root@xplatvm\r\nssh-ed25519 AAAAC3NzaC1lZDI1NTE5AAAAIHp4t4gkB9mzLETUBRVkmHXwy1gUBoiXwC7wo4Lrxm4V root@xplatvm\r\nssh-rsa AAAAB3NzaC1yc2EAAAADAQABAAABAQDqmZsx68HiA0Rij0kfL6CgXkIKC5AW54op32RYbR+D0DchKC01ye8JDHF3ZnedbMbH33a/Lswu+q3HHUjRI7ezKRN4pmUEwnYVUB1cAiW/UmtWGIxqtrJeyVOpIHGBpc7G7GOUR7XoddlZpi8FdZ4DEl9mutFVt/6BmFxWEYiveDf+xJO23WOtgmuWjbeat1fTHaYRcq8HF0/cLXcsHmAHHvIpe9vTX4QIrPaAsUc4cg5am/kTtODLFd45S3E2JMIcxQtcB68nWv5kX0apuj6daw7hN5a7HYQhPsh5y64wMzI9xW/nKbLSIS9M09BSxYTaA1/aYR4hEnpk6jIpD66B root@xplatvm\r\n-----END SSH HOST KEY KEYS-----\r\n[   60.364507] cloud-init[1484]: Cloud-init v. 0.7.7 running 'moules:final' at ue, 03 May 201607:26:07 +0000. Up 59.99 second.\r\n[   60.396473] cloud-init[1484]: Cloud-init v. 07.7 finished at Tue, 03 May 2016 07:26:07 +0000. Datasource DatSourceAzureNet seed=/dev/sr0].  Up 60.35 seconds\r\n2016/05/03 07:26:11.500378 INFO Wait for ssh host key to be generated.\r\n2016/05/03 07:26:11.512258 INFO Finished provisioning\r\n2016/05/03 07:26:14.262018 INFO Event: name=WALA, op=Provision, message=Provision succeed\r\n2016/05/03 07:26:14.271204 INFO Detect protocol endpoints\r\n2016/05/03 07:26:14.277939 INFO Start env monitor service.\r\n2016/05/03 07:26:14.292486 INFO Configure routes\r\n2016/05/03 07:26:14.308986 INFO Event: name=WALA, op=HeartBeat, message=\r\n2016/05/03 07:26:14.315845 INFO Gateway:10.0.0.1\r\n2016/05/03 07:26:14.331882 INFO Routes:None\r\n2016/05/03 07:26:14.378751 INFOSet block dev tmeout: sda with timeout: 300\r\n2016/05/03 07:2:14.383289 INFO Set block dev tmeout: sdb withtimeout: 300\r\n2016/05/03 07:26:15.305234 INFO Handle new ext handler config\r\n2016/05/03 07:26:15.312403 INFO No ext handler config found\r\n2016/05/03 07:26:15.590879 INFO Successfully reported vm agent status\r\n20///05/03 07:27:58.508352 INFO Handle new ext handler config\r\n2016/05/03 07:27:58.515579 INFO No ext handler config found\r\n2016/05/03 07:27:58.609414 INFO Successfully reported vm agent status\r\n2016/05/03 07:3:32.203162 INFO Handw w w w w w ext handler config\r\n2016/05/03 07:33:32.211202 INFO No ext handler config found\r\n2016/05/03 07:33:32.294129 INFO Successfully reported vm agent status\r\n\u0000\u0000\u0000\u0000\u0000\u0000\u0000\u0000\u0000\u0000\u0000\u0000\u0000\u0000\u0000\u0000\u0000\u0000\u0000\u0000\u0000\u0000\u0000\u0000\u0000", { 'content-length': '64512',
  'content-type': 'text/plain',
  'last-modified': 'Tue, 03 May 2016 07:33:46 GMT',
  'accept-ranges': 'bytes',
  etag: '"0x8D37325434931F4"',
  server: 'Windows-Azure-Blob/1.0 Microsoft-HTTPAPI/2.0',
  'x-ms-request-id': '538dda55-0001-0009-210e-a51b89000000',
  'x-ms-version': '2015-02-21',
  'x-ms-write-protection': 'false',
  'x-ms-lease-status': 'unlocked',
  'x-ms-lease-state': 'available',
  'x-ms-blob-type': 'PageBlob',
  'x-ms-blob-sequence-number': '0',
  date: 'Tue, 03 May 2016 07:34:47 GMT',
  connection: 'close' });
 return result; },
function (nock) { 
var result = 
nock('https://xplatteststorage13620.blob.core.windows.net:443')
  .get('/bootdiagnostics-xplatvm-0770d4e6-ad85-42e9-9814-8056b069e2da/xplatvm.0770d4e6-ad85-42e9-9814-8056b069e2da.serialconsole.log')
