// This file has been autogenerated.

var profile = require('../../../lib/util/profile');

exports.getMockedProfile = function () {
  var newProfile = new profile.Profile();

  newProfile.addSubscription(new profile.Subscription({
    id: 'e33f361b-53c2-4cc7-b829-78906708387b',
    name: 'Microsoft Azure Internal Consumption',
    user: {
      name: 'user@domain.example',
      type: 'servicePrincipal'
    },
    tenantId: '72f988bf-86f1-41af-91ab-2d7cd011db47',
    state: 'Enabled',
    registeredProviders: [],
    isDefault: true
  }, newProfile.environments['AzureCloud']));

  return newProfile;
};

exports.setEnvironment = function() {
  process.env['AZURE_VM_TEST_LOCATION'] = 'southeastasia';
  process.env['SSHCERT'] = 'test/myCert.pem';
};

exports.scopes = [[function (nock) { 
var result = 
nock('http://management.azure.com:443')
  .get('/subscriptions/e33f361b-53c2-4cc7-b829-78906708387b/resourceGroups/xplatTestGVMCreate8239/providers/Microsoft.Compute/virtualMachines/xplattestvm?$expand=instanceView&api-version=2015-06-15')
  .reply(200, "{\r\n  \"properties\": {\r\n    \"vmId\": \"eec1c27b-5c5c-4571-942b-3193025c247f\",\r\n    \"hardwareProfile\": {\r\n      \"vmSize\": \"Standard_A1\"\r\n    },\r\n    \"storageProfile\": {\r\n      \"imageReference\": {\r\n        \"publisher\": \"canonical\",\r\n        \"offer\": \"UbuntuServer\",\r\n        \"sku\": \"15.04\",\r\n        \"version\": \"15.04.201507070\"\r\n      },\r\n      \"osDisk\": {\r\n        \"osType\": \"Linux\",\r\n        \"name\": \"clie64ac8850d9334b9-os-1447347349432\",\r\n        \"createOption\": \"FromImage\",\r\n        \"vhd\": {\r\n          \"uri\": \"https://xplatteststorage14232.blob.core.windows.net/xplatteststoragecnt1101/clie64ac8850d9334b9-os-1447347349432.vhd\"\r\n        },\r\n        \"caching\": \"ReadWrite\"\r\n      },\r\n      \"dataDisks\": []\r\n    },\r\n    \"osProfile\": {\r\n      \"computerName\": \"xplattestvm\",\r\n      \"adminUsername\": \"azureuser\",\r\n      \"linuxConfiguration\": {\r\n        \"disablePasswordAuthentication\": false,\r\n        \"ssh\": {\r\n          \"publicKeys\": [\r\n            {\r\n              \"path\": \"/home/azureuser/.ssh/authorized_keys\",\r\n              \"keyData\": \"MIID/zCCAuegAwIBAgIJAMUAa+XVLvAeMA0GCSqGSIb3DQEBBQUAMIGVMQswCQYD\\r\\nVQQGEwJJbjESMBAGA1UECAwJS2FybmF0YWthMRIwEAYDVQQHDAlCYW5nYWxvcmUx\\r\\nEDAOBgNVBAoMB2JyaWxsaW8xEjAQBgNVBAsMCW1pY3Jvc29mdDEQMA4GA1UEAwwH\\r\\nYnJpbGxpbzEmMCQGCSqGSIb3DQEJARYXc3JlZWthbnRoYnNAeWFob28uY28uaW4w\\r\\nHhcNMTUwMzA1MTE1MzEyWhcNMTYwMzA0MTE1MzEyWjCBlTELMAkGA1UEBhMCSW4x\\r\\nEjAQBgNVBAgMCUthcm5hdGFrYTESMBAGA1UEBwwJQmFuZ2Fsb3JlMRAwDgYDVQQK\\r\\nDAdicmlsbGlvMRIwEAYDVQQLDAltaWNyb3NvZnQxEDAOBgNVBAMMB2JyaWxsaW8x\\r\\nJjAkBgkqhkiG9w0BCQEWF3NyZWVrYW50aGJzQHlhaG9vLmNvLmluMIIBIjANBgkq\\r\\nhkiG9w0BAQEFAAOCAQ8AMIIBCgKCAQEAyUNKaOuT0NK+S8Ck81zy9xJ6hXfZvAC6\\r\\nlhbmf/6s/WVimJ/TX5NMhQJwC9k6ZIF92KfYrojHNvHDufSZ3EtKUVwRFCDjmgMT\\r\\nDL09WkGaZt7gROYFK0iZ4KrYGovUwlwum9fHB24OJiOV4bi0ek62/rHx9fjYZpvp\\r\\naIH2PV/hN8SCZ0x7HJMberD4gVoU/Kv42nNvwjLUW6IZfVx/Gv5OeFDtWHfSvUEF\\r\\ndadHKTPn3Ab20Iu6gZIbLO9Vuf38/IpaYGfnFCouHdzmiTiLieYNe3CUPcOJNSv7\\r\\n1G8KYpx3uNJRkJPab5OsRyJw75Gvzkr9OgaPss9tVD6Gt68u3WQtVQIDAQABo1Aw\\r\\nTjAdBgNVHQ4EFgQUogvhXB+xZ2JJPfLO6cVs4ForzscwHwYDVR0jBBgwFoAUogvh\\r\\nXB+xZ2JJPfLO6cVs4ForzscwDAYDVR0TBAUwAwEB/zANBgkqhkiG9w0BAQUFAAOC\\r\\nAQEAdDj7qUNJ45xlF5cjd+4x5NHvAD1VTjOKu+Xh/uzSSjXqB2F0aOMWA9lx0qaQ\\r\\noJgHkGxj3zz/W7ik/cVGL2O+vRIOKv/y0OPogEmS3Hw+P+O6OGE7x1G6YN0zLVoL\\r\\nu4BN/BEYmjttxM9I7qqL7C5cJoE+K3s/w1/pt/68ohJcr7F9Ohi7cso62xuGY1Rm\\r\\nksAh2EUDsU9JV/P+C9AMpLSrb03JJYzVj4w1RHbrmw2AjFyGXdQYkggyXisg+Ifr\\r\\n5gbNN7HigpHf7b2i3CQBUqp9m23frh5AhnLI2qp3UXgc52U5ieLdi/t6j0TTZqqY\\r\\nHhHqofKrj938HHlBNpC5/LVh3w==\\r\\n\"\r\n            }\r\n          ]\r\n        }\r\n      },\r\n      \"secrets\": []\r\n    },\r\n    \"networkProfile\": {\"networkInterfaces\":[{\"properties\":{},\"id\":\"/subscriptions/e33f361b-53c2-4cc7-b829-78906708387b/resourceGroups/xplatTestGVMCreate8239/providers/Microsoft.Network/networkInterfaces/xplattestnic\"}]},\r\n    \"diagnosticsProfile\": {\r\n      \"bootDiagnostics\": {\r\n        \"enabled\": true,\r\n        \"storageUri\": \"https://xplatteststorage14232.blob.core.windows.net/\"\r\n      }\r\n    },\r\n    \"provisioningState\": \"Succeeded\",\r\n    \"instanceView\": {\r\n      \"vmAgent\": {\r\n        \"vmAgentVersion\": \"WALinuxAgent-2.0.13\",\r\n        \"statuses\": [\r\n          {\r\n            \"code\": \"ProvisioningState/succeeded\",\r\n            \"level\": \"Info\",\r\n            \"displayStatus\": \"Ready\",\r\n            \"message\": \"GuestAgent is running and accepting new configurations.\",\r\n            \"time\": \"2015-11-12T17:09:44+00:00\"\r\n          }\r\n        ],\r\n        \"extensionHandlers\": []\r\n      },\r\n      \"disks\": [\r\n        {\r\n          \"name\": \"clie64ac8850d9334b9-os-1447347349432\",\r\n          \"statuses\": [\r\n            {\r\n              \"code\": \"ProvisioningState/succeeded\",\r\n              \"level\": \"Info\",\r\n              \"displayStatus\": \"Provisioning succeeded\",\r\n              \"time\": \"2015-11-12T16:57:07.0532803+00:00\"\r\n            }\r\n          ]\r\n        }\r\n      ],\r\n      \"bootDiagnostics\": {\r\n        \"consoleScreenshotBlobUri\": \"https://xplatteststorage14232.blob.core.windows.net/bootdiagnostics-xplattest-eec1c27b-5c5c-4571-942b-3193025c247f/xplattestvm.eec1c27b-5c5c-4571-942b-3193025c247f.screenshot.bmp\",\r\n        \"serialConsoleLogBlobUri\": \"https://xplatteststorage14232.blob.core.windows.net/bootdiagnostics-xplattest-eec1c27b-5c5c-4571-942b-3193025c247f/xplattestvm.eec1c27b-5c5c-4571-942b-3193025c247f.serialconsole.log\"\r\n      },\r\n      \"statuses\": [\r\n        {\r\n          \"code\": \"ProvisioningState/succeeded\",\r\n          \"level\": \"Info\",\r\n          \"displayStatus\": \"Provisioning succeeded\",\r\n          \"time\": \"2015-11-12T16:58:50.5694917+00:00\"\r\n        },\r\n        {\r\n          \"code\": \"PowerState/running\",\r\n          \"level\": \"Info\",\r\n          \"displayStatus\": \"VM running\"\r\n        }\r\n      ]\r\n    }\r\n  },\r\n  \"id\": \"/subscriptions/e33f361b-53c2-4cc7-b829-78906708387b/resourceGroups/xplatTestGVMCreate8239/providers/Microsoft.Compute/virtualMachines/xplattestvm\",\r\n  \"name\": \"xplattestvm\",\r\n  \"type\": \"Microsoft.Compute/virtualMachines\",\r\n  \"location\": \"southeastasia\",\r\n  \"tags\": {\r\n    \"a\": \"b\",\r\n    \"b\": \"c\",\r\n    \"d\": \"\"\r\n  }\r\n}", { 'cache-control': 'no-cache',
  pragma: 'no-cache',
  'content-length': '5038',
  'content-type': 'application/json; charset=utf-8',
  expires: '-1',
  'strict-transport-security': 'max-age=31536000; includeSubDomains',
  'x-ms-served-by': 'dce02487-9cda-4782-8138-773eb1573792_130809253298531172',
  'x-ms-request-id': '9f13ddd7-3d77-4434-a9c1-5fe63cc89cdd',
  server: 'Microsoft-HTTPAPI/2.0, Microsoft-HTTPAPI/2.0',
  'x-ms-ratelimit-remaining-subscription-reads': '14994',
  'x-ms-correlation-request-id': 'b4a29e19-e03e-4cf8-a24a-21cd11ba2530',
  'x-ms-routing-request-id': 'WESTUS:20151112T170946Z:b4a29e19-e03e-4cf8-a24a-21cd11ba2530',
  date: 'Thu, 12 Nov 2015 17:09:45 GMT',
  connection: 'close' });
 return result; },
function (nock) { 
var result = 
nock('https://management.azure.com:443')
  .get('/subscriptions/e33f361b-53c2-4cc7-b829-78906708387b/resourceGroups/xplatTestGVMCreate8239/providers/Microsoft.Compute/virtualMachines/xplattestvm?$expand=instanceView&api-version=2015-06-15')
  .reply(200, "{\r\n  \"properties\": {\r\n    \"vmId\": \"eec1c27b-5c5c-4571-942b-3193025c247f\",\r\n    \"hardwareProfile\": {\r\n      \"vmSize\": \"Standard_A1\"\r\n    },\r\n    \"storageProfile\": {\r\n      \"imageReference\": {\r\n        \"publisher\": \"canonical\",\r\n        \"offer\": \"UbuntuServer\",\r\n        \"sku\": \"15.04\",\r\n        \"version\": \"15.04.201507070\"\r\n      },\r\n      \"osDisk\": {\r\n        \"osType\": \"Linux\",\r\n        \"name\": \"clie64ac8850d9334b9-os-1447347349432\",\r\n        \"createOption\": \"FromImage\",\r\n        \"vhd\": {\r\n          \"uri\": \"https://xplatteststorage14232.blob.core.windows.net/xplatteststoragecnt1101/clie64ac8850d9334b9-os-1447347349432.vhd\"\r\n        },\r\n        \"caching\": \"ReadWrite\"\r\n      },\r\n      \"dataDisks\": []\r\n    },\r\n    \"osProfile\": {\r\n      \"computerName\": \"xplattestvm\",\r\n      \"adminUsername\": \"azureuser\",\r\n      \"linuxConfiguration\": {\r\n        \"disablePasswordAuthentication\": false,\r\n        \"ssh\": {\r\n          \"publicKeys\": [\r\n            {\r\n              \"path\": \"/home/azureuser/.ssh/authorized_keys\",\r\n              \"keyData\": \"MIID/zCCAuegAwIBAgIJAMUAa+XVLvAeMA0GCSqGSIb3DQEBBQUAMIGVMQswCQYD\\r\\nVQQGEwJJbjESMBAGA1UECAwJS2FybmF0YWthMRIwEAYDVQQHDAlCYW5nYWxvcmUx\\r\\nEDAOBgNVBAoMB2JyaWxsaW8xEjAQBgNVBAsMCW1pY3Jvc29mdDEQMA4GA1UEAwwH\\r\\nYnJpbGxpbzEmMCQGCSqGSIb3DQEJARYXc3JlZWthbnRoYnNAeWFob28uY28uaW4w\\r\\nHhcNMTUwMzA1MTE1MzEyWhcNMTYwMzA0MTE1MzEyWjCBlTELMAkGA1UEBhMCSW4x\\r\\nEjAQBgNVBAgMCUthcm5hdGFrYTESMBAGA1UEBwwJQmFuZ2Fsb3JlMRAwDgYDVQQK\\r\\nDAdicmlsbGlvMRIwEAYDVQQLDAltaWNyb3NvZnQxEDAOBgNVBAMMB2JyaWxsaW8x\\r\\nJjAkBgkqhkiG9w0BCQEWF3NyZWVrYW50aGJzQHlhaG9vLmNvLmluMIIBIjANBgkq\\r\\nhkiG9w0BAQEFAAOCAQ8AMIIBCgKCAQEAyUNKaOuT0NK+S8Ck81zy9xJ6hXfZvAC6\\r\\nlhbmf/6s/WVimJ/TX5NMhQJwC9k6ZIF92KfYrojHNvHDufSZ3EtKUVwRFCDjmgMT\\r\\nDL09WkGaZt7gROYFK0iZ4KrYGovUwlwum9fHB24OJiOV4bi0ek62/rHx9fjYZpvp\\r\\naIH2PV/hN8SCZ0x7HJMberD4gVoU/Kv42nNvwjLUW6IZfVx/Gv5OeFDtWHfSvUEF\\r\\ndadHKTPn3Ab20Iu6gZIbLO9Vuf38/IpaYGfnFCouHdzmiTiLieYNe3CUPcOJNSv7\\r\\n1G8KYpx3uNJRkJPab5OsRyJw75Gvzkr9OgaPss9tVD6Gt68u3WQtVQIDAQABo1Aw\\r\\nTjAdBgNVHQ4EFgQUogvhXB+xZ2JJPfLO6cVs4ForzscwHwYDVR0jBBgwFoAUogvh\\r\\nXB+xZ2JJPfLO6cVs4ForzscwDAYDVR0TBAUwAwEB/zANBgkqhkiG9w0BAQUFAAOC\\r\\nAQEAdDj7qUNJ45xlF5cjd+4x5NHvAD1VTjOKu+Xh/uzSSjXqB2F0aOMWA9lx0qaQ\\r\\noJgHkGxj3zz/W7ik/cVGL2O+vRIOKv/y0OPogEmS3Hw+P+O6OGE7x1G6YN0zLVoL\\r\\nu4BN/BEYmjttxM9I7qqL7C5cJoE+K3s/w1/pt/68ohJcr7F9Ohi7cso62xuGY1Rm\\r\\nksAh2EUDsU9JV/P+C9AMpLSrb03JJYzVj4w1RHbrmw2AjFyGXdQYkggyXisg+Ifr\\r\\n5gbNN7HigpHf7b2i3CQBUqp9m23frh5AhnLI2qp3UXgc52U5ieLdi/t6j0TTZqqY\\r\\nHhHqofKrj938HHlBNpC5/LVh3w==\\r\\n\"\r\n            }\r\n          ]\r\n        }\r\n      },\r\n      \"secrets\": []\r\n    },\r\n    \"networkProfile\": {\"networkInterfaces\":[{\"properties\":{},\"id\":\"/subscriptions/e33f361b-53c2-4cc7-b829-78906708387b/resourceGroups/xplatTestGVMCreate8239/providers/Microsoft.Network/networkInterfaces/xplattestnic\"}]},\r\n    \"diagnosticsProfile\": {\r\n      \"bootDiagnostics\": {\r\n        \"enabled\": true,\r\n        \"storageUri\": \"https://xplatteststorage14232.blob.core.windows.net/\"\r\n      }\r\n    },\r\n    \"provisioningState\": \"Succeeded\",\r\n    \"instanceView\": {\r\n      \"vmAgent\": {\r\n        \"vmAgentVersion\": \"WALinuxAgent-2.0.13\",\r\n        \"statuses\": [\r\n          {\r\n            \"code\": \"ProvisioningState/succeeded\",\r\n            \"level\": \"Info\",\r\n            \"displayStatus\": \"Ready\",\r\n            \"message\": \"GuestAgent is running and accepting new configurations.\",\r\n            \"time\": \"2015-11-12T17:09:44+00:00\"\r\n          }\r\n        ],\r\n        \"extensionHandlers\": []\r\n      },\r\n      \"disks\": [\r\n        {\r\n          \"name\": \"clie64ac8850d9334b9-os-1447347349432\",\r\n          \"statuses\": [\r\n            {\r\n              \"code\": \"ProvisioningState/succeeded\",\r\n              \"level\": \"Info\",\r\n              \"displayStatus\": \"Provisioning succeeded\",\r\n              \"time\": \"2015-11-12T16:57:07.0532803+00:00\"\r\n            }\r\n          ]\r\n        }\r\n      ],\r\n      \"bootDiagnostics\": {\r\n        \"consoleScreenshotBlobUri\": \"https://xplatteststorage14232.blob.core.windows.net/bootdiagnostics-xplattest-eec1c27b-5c5c-4571-942b-3193025c247f/xplattestvm.eec1c27b-5c5c-4571-942b-3193025c247f.screenshot.bmp\",\r\n        \"serialConsoleLogBlobUri\": \"https://xplatteststorage14232.blob.core.windows.net/bootdiagnostics-xplattest-eec1c27b-5c5c-4571-942b-3193025c247f/xplattestvm.eec1c27b-5c5c-4571-942b-3193025c247f.serialconsole.log\"\r\n      },\r\n      \"statuses\": [\r\n        {\r\n          \"code\": \"ProvisioningState/succeeded\",\r\n          \"level\": \"Info\",\r\n          \"displayStatus\": \"Provisioning succeeded\",\r\n          \"time\": \"2015-11-12T16:58:50.5694917+00:00\"\r\n        },\r\n        {\r\n          \"code\": \"PowerState/running\",\r\n          \"level\": \"Info\",\r\n          \"displayStatus\": \"VM running\"\r\n        }\r\n      ]\r\n    }\r\n  },\r\n  \"id\": \"/subscriptions/e33f361b-53c2-4cc7-b829-78906708387b/resourceGroups/xplatTestGVMCreate8239/providers/Microsoft.Compute/virtualMachines/xplattestvm\",\r\n  \"name\": \"xplattestvm\",\r\n  \"type\": \"Microsoft.Compute/virtualMachines\",\r\n  \"location\": \"southeastasia\",\r\n  \"tags\": {\r\n    \"a\": \"b\",\r\n    \"b\": \"c\",\r\n    \"d\": \"\"\r\n  }\r\n}", { 'cache-control': 'no-cache',
  pragma: 'no-cache',
  'content-length': '5038',
  'content-type': 'application/json; charset=utf-8',
  expires: '-1',
  'strict-transport-security': 'max-age=31536000; includeSubDomains',
  'x-ms-served-by': 'dce02487-9cda-4782-8138-773eb1573792_130809253298531172',
  'x-ms-request-id': '9f13ddd7-3d77-4434-a9c1-5fe63cc89cdd',
  server: 'Microsoft-HTTPAPI/2.0, Microsoft-HTTPAPI/2.0',
  'x-ms-ratelimit-remaining-subscription-reads': '14994',
  'x-ms-correlation-request-id': 'b4a29e19-e03e-4cf8-a24a-21cd11ba2530',
  'x-ms-routing-request-id': 'WESTUS:20151112T170946Z:b4a29e19-e03e-4cf8-a24a-21cd11ba2530',
  date: 'Thu, 12 Nov 2015 17:09:45 GMT',
  connection: 'close' });
 return result; },
function (nock) { 
var result = 
nock('http://management.azure.com:443')
  .post('/subscriptions/e33f361b-53c2-4cc7-b829-78906708387b/resourceGroups/xplatTestGVMCreate8239/providers/Microsoft.Storage/storageAccounts/xplatteststorage14232/listKeys?api-version=2015-06-15')
  .reply(200, "{\"key1\":\"anLruTMlh2lP+q1zmIk4szqzzsWZVdZuTJUhbwSenV3y1P1dJP+tl9VZq6hKPGfB8xCfCeXBC41cFgvcb1kBQA==\",\"key2\":\"vecPJey0cm+y8cza3LlL5vtsNYatQ6WX7KRKEq+TxYnAyrvzjDwH7iaNf/CodZRSMg53iDYmWoiY8qLyKWt1+g==\"}\n", { 'cache-control': 'no-cache',
  pragma: 'no-cache',
  'content-length': '198',
  'content-type': 'application/json',
  expires: '-1',
  'x-ms-request-id': 'de40651c-e564-45fe-aa69-fdb7e00e9236',
  server: 'Microsoft-Azure-Storage-Resource-Provider/1.0, Microsoft-HTTPAPI/2.0',
  'x-ms-ratelimit-remaining-subscription-writes': '1198',
  'x-ms-correlation-request-id': 'de40651c-e564-45fe-aa69-fdb7e00e9236',
  'x-ms-routing-request-id': 'WESTUS:20151112T170946Z:de40651c-e564-45fe-aa69-fdb7e00e9236',
  'strict-transport-security': 'max-age=31536000; includeSubDomains',
  date: 'Thu, 12 Nov 2015 17:09:45 GMT',
  connection: 'close' });
 return result; },
function (nock) { 
var result = 
nock('https://management.azure.com:443')
  .post('/subscriptions/e33f361b-53c2-4cc7-b829-78906708387b/resourceGroups/xplatTestGVMCreate8239/providers/Microsoft.Storage/storageAccounts/xplatteststorage14232/listKeys?api-version=2015-06-15')
  .reply(200, "{\"key1\":\"anLruTMlh2lP+q1zmIk4szqzzsWZVdZuTJUhbwSenV3y1P1dJP+tl9VZq6hKPGfB8xCfCeXBC41cFgvcb1kBQA==\",\"key2\":\"vecPJey0cm+y8cza3LlL5vtsNYatQ6WX7KRKEq+TxYnAyrvzjDwH7iaNf/CodZRSMg53iDYmWoiY8qLyKWt1+g==\"}\n", { 'cache-control': 'no-cache',
  pragma: 'no-cache',
  'content-length': '198',
  'content-type': 'application/json',
  expires: '-1',
  'x-ms-request-id': 'de40651c-e564-45fe-aa69-fdb7e00e9236',
  server: 'Microsoft-Azure-Storage-Resource-Provider/1.0, Microsoft-HTTPAPI/2.0',
  'x-ms-ratelimit-remaining-subscription-writes': '1198',
  'x-ms-correlation-request-id': 'de40651c-e564-45fe-aa69-fdb7e00e9236',
  'x-ms-routing-request-id': 'WESTUS:20151112T170946Z:de40651c-e564-45fe-aa69-fdb7e00e9236',
  'strict-transport-security': 'max-age=31536000; includeSubDomains',
  date: 'Thu, 12 Nov 2015 17:09:45 GMT',
  connection: 'close' });
 return result; },
function (nock) { 
var result = 
nock('http://xplatteststorage14232.blob.core.windows.net:443')
  .head('/bootdiagnostics-xplattest-eec1c27b-5c5c-4571-942b-3193025c247f/xplattestvm.eec1c27b-5c5c-4571-942b-3193025c247f.serialconsole.log')
  .reply(200, "", { 'content-length': '102912',
  'last-modified': 'Thu, 12 Nov 2015 17:09:40 GMT',
  'accept-ranges': 'bytes',
  etag: '"0x8D2EB840D4E0A73"',
  server: 'Windows-Azure-Blob/1.0 Microsoft-HTTPAPI/2.0',
  'x-ms-request-id': '85af8b06-0001-0004-5d6c-1d831d000000',
  'x-ms-version': '2015-02-21',
  'x-ms-lease-status': 'unlocked',
  'x-ms-lease-state': 'available',
  'x-ms-blob-type': 'PageBlob',
  'x-ms-blob-sequence-number': '0',
  date: 'Thu, 12 Nov 2015 17:09:47 GMT',
  connection: 'close' });
 return result; },
function (nock) { 
var result = 
nock('https://xplatteststorage14232.blob.core.windows.net:443')
  .head('/bootdiagnostics-xplattest-eec1c27b-5c5c-4571-942b-3193025c247f/xplattestvm.eec1c27b-5c5c-4571-942b-3193025c247f.serialconsole.log')
  .reply(200, "", { 'content-length': '102912',
  'last-modified': 'Thu, 12 Nov 2015 17:09:40 GMT',
  'accept-ranges': 'bytes',
  etag: '"0x8D2EB840D4E0A73"',
  server: 'Windows-Azure-Blob/1.0 Microsoft-HTTPAPI/2.0',
  'x-ms-request-id': '85af8b06-0001-0004-5d6c-1d831d000000',
  'x-ms-version': '2015-02-21',
  'x-ms-lease-status': 'unlocked',
  'x-ms-lease-state': 'available',
  'x-ms-blob-type': 'PageBlob',
  'x-ms-blob-sequence-number': '0',
  date: 'Thu, 12 Nov 2015 17:09:47 GMT',
  connection: 'close' });
 return result; },
function (nock) { 
var result = 
nock('http://xplatteststorage14232.blob.core.windows.net:443')
  .get('/bootdiagnostics-xplattest-eec1c27b-5c5c-4571-942b-3193025c247f/xplattestvm.eec1c27b-5c5c-4571-942b-3193025c247f.serialconsole.log')
  .reply(200, "\u001b[H\u001b[J\u001b[1;1H[    0.000000] Initializing cgroup subsys cpuset\r\n[    0.000000] Initializing cgroup subsys cpu\r\n[    0.000000] Initializing cgroup subsys cpuacct\r\n[    0.000000] Linux version 3.19.0-22-generic (buildd@allspice) (gcc version 4.9.2 (Ubuntu 4.9.2-10ubuntu13) ) #22-Ubuntu SMP Tue Jun 16 17:15:15 UTC 2015 (Ubuntu 3.19.0-22.22-generic 3.19.8-ckt1)\r\n[    0.000000] Command line: BOOT_IMAGE=/boot/vmlinuz-3.19.0-22-generic root=UUID=86b96bdf-cfdc-4d59-8fcc-539ee2251b7d ro console=tty1 console=ttyS0 earlyprintk=ttyS0 rootdelay=300\r\n[    0.000000] KERNEL supported cpus:\r\n[    0.000000]   Intel GenuineIntel\r\n[    0.000000]   AMD AuthenticAMD\r\n[    0.000000]   Centaur CentaurHauls\r\n[    0.000000] e820: BIOS-provided physical RAM map:\r\n[    0.000000] BIOS-e820: [mem 0x0000000000000000-0x000000000009fbff] usable\r\n[    0.000000] BIOS-e820: [mem 0x000000000009fc00-0x000000000009ffff] reserved\r\n[    0.000000] BIOS-e820: [mem 0x00000000000e0000-0x00000000000fffff] reserved\r\n[    0.000000] BIOS-e820: [mem 0x0000000000100000-0x000000001ffeffff] usable\r\n[    0.000000] BIOS-e820: [mem 0x000000001fff0000-0x000000001fffefff] ACPI data\r\n[    0.000000] BIOS-e820: [mem 0x000000001ffff000-0x000000001fffffff] ACPI NVS\r\n[    0.000000] BIOS-e820: [mem 0x0000000100000000-0x000000014fffffff] usable\r\n[    0.000000] bootconsole [earlyser0] enabled\r\n[    0.000000] NX (Execute Disable) protection: active\r\n[    0.000000] SMBIOS 2.3 present.\r\n[    0.000000] Hypervisor detected: Microsoft HyperV\r\n[    0.000000] HyperV: features 0xe7f, hints 0x2c\r\n[    0.000000] HyperV: LAPIC Timer Frequency: 0xc3500\r\n[    0.000000] AGP: No AGP bridge found\r\n[    0.000000] e820: last_pfn = 0x150000 max_arch_pfn = 0x400000000\r\n[    0.000000] PAT configuration [0-7]: WB  WC  UC- UC  WB  WC  UC- UC  \r\n[    0.000000] e820: last_pfn = 0x1fff0 max_arch_pfn = 0x400000000\r\n[    0.000000] found SMP MP-table at [mem 0x000ff780-0x000ff78f] mapped at [ffff8800000ff780]\r\n[    0.000000] Scanning 1 areas for low memory corruption\r\n[    0.000000] init_memory_mapping: [mem 0x00000000-0x000fffff]\r\n[    0.000000] init_memory_mapping: [mem 0x14fe00000-0x14fffffff]\r\n[    0.000000] init_memory_mapping: [mem 0x140000000-0x14fdfffff]\r\n[    0.000000] init_memory_mapping: [mem 0x120000000-0x13fffffff]\r\n[    0.000000] init_memory_mapping: [mem 0x00100000-0x1ffeffff]\r\n[    0.000000] init_memory_mapping: [mem 0x100000000-0x11fffffff]\r\n[    0.000000] RAMDISK: [mem 0x1dd2d000-0x1f7c3fff]\r\n[    0.000000] ACPI: Early table checksum verification disabled\r\n[    0.000000] ACPI: RSDP 0x00000000000F56F0 000014 (v00 ACPIAM)\r\n[    0.000000] ACPI: RSDT 0x000000001FFF0000 000040 (v01 VRTUAL MICROSFT 05001223 MSFT 00000097)\r\n[    0.000000] ACPI: FACP 0x000000001FFF0200 000081 (v02 VRTUAL MICROSFT 05001223 MSFT 00000097)\r\n[    0.000000] ACPI: DSDT 0x000000001FFF1724 002E78 (v01 MSFTVM MSFTVM02 00000002 INTL 02002026)\r\n[    0.000000] ACPI: FACS 0x000000001FFFF000 000040\r\n[    0.000000] ACPI: WAET 0x000000001FFF1480 000028 (v01 VRTUAL MICROSFT 05001223 MSFT 00000097)\r\n[    0.000000] ACPI: SLIC 0x000000001FFF14C0 000176 (v01 VRTUAL MICROSFT 05001223 MSFT 00000097)\r\n[    0.000000] ACPI: OEM0 0x000000001FFF16C0 000064 (v01 VRTUAL MICROSFT 05001223 MSFT 00000097)\r\n[    0.000000] ACPI: SRAT 0x000000001FFF0600 000090 (v02 VRTUAL MICROSFT 00000001 MSFT 00000001)\r\n[    0.000000] ACPI: APIC 0x000000001FFF0300 00024C (v01 VRTUAL MICROSFT 05001223 MSFT 00000097)\r\n[    0.000000] ACPI: OEMB 0x000000001FFFF040 000064 (v01 VRTUAL MICROSFT 05001223 MSFT 00000097)\r\n[    0.000000] SRAT: PXM 0 -> APIC 0x00 -> Node 0\r\n[    0.000000] SRAT: Node 0 PXM 0 [mem 0x00000000-0x1fffffff]\r\n[    0.000000] SRAT: Node 0 PXM 0 [mem 0x100000000-0x14fffffff]\r\n[    0.000000] NUMA: Node 0 [mem 0x00000000-0x1fffffff] + [mem 0x100000000-0x14fffffff] -> [mem 0x00000000-0x14fffffff]\r\n[    0.000000] NODE_DATA(0) allocated [mem 0x14fffa000-0x14fffefff]\r\n[    0.000000] Zone ranges:\r\n[    0.000000]   DMA      [mem 0x00001000-0x00ffffff]\r\n[    0.000000]   DMA32    [mem 0x01000000-0xffffffff]\r\n[    0.000000]   Normal   [mem 0x100000000-0x14fffffff]\r\n[    0.000000] Movable zone start for each node\r\n[    0.000000] Early memory node ranges\r\n[    0.000000]   node   0: [mem 0x00001000-0x0009efff]\r\n[    0.000000]   node   0: [mem 0x00100000-0x1ffeffff]\r\n[    0.000000]   node   0: [mem 0x100000000-0x14fffffff]\r\n[    0.000000] Initmem setup node 0 [mem 0x00001000-0x14fffffff]\r\n[    0.000000] ACPI: PM-Timer IO Port: 0x408\r\n[    0.000000] ACPI: LAPIC (acpi_id[0x01] lapic_id[0x00] enabled)\r\n[    0.000000] ACPI: LAPIC (acpi_id[0x02] lapic_id[0x01] disabled)\r\n[    0.000000] ACPI: LAPIC (acpi_id[0x03] lapic_id[0x02] disabled)\r\n[    0.000000] ACPI: LAPIC (acpi_id[0x04] lapic_id[0x03] disabled)\r\n[    0.000000] ACPI: LAPIC (acpi_id[0x05] lapic_id[0x04] disabled)\r\n[    0.000000] ACPI: LAPIC (acpi_id[0x06] lapic_id[0x05] disabled)\r\n[    0.000000] ACPI: LAPIC (acpi_id[0x07] lapic_id[0x06] disabled)\r\n[    0.000000] ACPI: LAPIC (acpi_id[0x08] lapic_id[0x07] disabled)\r\n[    0.000000] ACPI: LAPIC (acpi_id[0x09] lapic_id[0x08] disabled)\r\n[    0.000000] ACPI: LAPIC (acpi_id[0x0a] lapic_id[0x09] disabled)\r\n[    0.000000] ACPI: LAPIC (acpi_id[0x0b] lapic_id[0x0a] disabled)\r\n[    0.000000] ACPI: LAPIC (acpi_id[0x0c] lapic_id[0x0b] disabled)\r\n[    0.000000] ACPI: LAPIC (acpi_id[0x0d] lapic_id[0x0c] disabled)\r\n[    0.000000] ACPI: LAPIC (acpi_id[0x0e] lapic_id[0x0d] disabled)\r\n[    0.000000] ACPI: LAPIC (acpi_id[0x0f] lapic_id[0x0e] disabled)\r\n[    0.000000] ACPI: LAPIC (acpi_id[0x10] lapic_id[0x0f] disabled)\r\n[    0.000000] ACPI: LAPIC (acpi_id[0x11] lapic_id[0x10] disabled)\r\n[    0.000000] ACPI: LAPIC (acpi_id[0x12] lapic_id[0x11] disabled)\r\n[    0.000000] ACPI: LAPIC (acpi_id[0x13] lapic_id[0x12] disabled)\r\n[    0.000000] ACPI: LAPIC (acpi_id[0x14] lapic_id[0x13] disabled)\r\n[    0.000000] ACPI: LAPIC (acpi_id[0x15] lapic_id[0x14] disabled)\r\n[    0.000000] ACPI: LAPIC (acpi_id[0x16] lapic_id[0x15] disabled)\r\n[    0.000000] ACPI: LAPIC (acpi_id[0x17] lapic_id[0x16] disabled)\r\n[    0.000000] ACPI: LAPIC (acpi_id[0x18] lapic_id[0x17] disabled)\r\n[    0.000000] ACPI: LAPIC (acpi_id[0x19] lapic_id[0x18] disabled)\r\n[    0.000000] ACPI: LAPIC (acpi_id[0x1a] lapic_id[0x19] disabled)\r\n[    0.000000] ACPI: LAPIC (acpi_id[0x1b] lapic_id[0x1a] disabled)\r\n[    0.000000] ACPI: LAPIC (acpi_id[0x1c] lapic_id[0x1b] disabled)\r\n[    0.000000] ACPI: LAPIC (acpi_id[0x1d] lapic_id[0x1c] disabled)\r\n[    0.000000] ACPI: LAPIC (acpi_id[0x1e] lapic_id[0x1d] disabled)\r\n[    0.000000] ACPI: LAPIC (acpi_id[0x1f] lapic_id[0x1e] disabled)\r\n[    0.000000] ACPI: LAPIC (acpi_id[0x20] lapic_id[0x1f] disabled)\r\n[    0.000000] ACPI: LAPIC (acpi_id[0x21] lapic_id[0x20] disabled)\r\n[    0.000000] ACPI: LAPIC (acpi_id[0x22] lapic_id[0x21] disabled)\r\n[    0.000000] ACPI: LAPIC (acpi_id[0x23] lapic_id[0x22] disabled)\r\n[    0.000000] ACPI: LAPIC (acpi_id[0x24] lapic_id[0x23] disabled)\r\n[    0.000000] ACPI: LAPIC (acpi_id[0x25] lapic_id[0x24] disabled)\r\n[    0.000000] ACPI: LAPIC (acpi_id[0x26] lapic_id[0x25] disabled)\r\n[    0.000000] ACPI: LAPIC (acpi_id[0x27] lapic_id[0x26] disabled)\r\n[    0.000000] ACPI: LAPIC (acpi_id[0x28] lapic_id[0x27] disabled)\r\n[    0.000000] ACPI: LAPIC (acpi_id[0x29] lapic_id[0x28] disabled)\r\n[    0.000000] ACPI: LAPIC (acpi_id[0x2a] lapic_id[0x29] disabled)\r\n[    0.000000] ACPI: LAPIC (acpi_id[0x2b] lapic_id[0x2a] disabled)\r\n[    0.000000] ACPI: LAPIC (acpi_id[0x2c] lapic_id[0x2b] disabled)\r\n[    0.000000] ACPI: LAPIC (acpi_id[0x2d] lapic_id[0x2c] disabled)\r\n[    0.000000] ACPI: LAPIC (acpi_id[0x2e] lapic_id[0x2d] disabled)\r\n[    0.000000] ACPI: LAPIC (acpi_id[0x2f] lapic_id[0x2e] disabled)\r\n[    0.000000] ACPI: LAPIC (acpi_id[0x30] lapic_id[0x2f] disabled)\r\n[    0.000000] ACPI: LAPIC (acpi_id[0x31] lapic_id[0x30] disabled)\r\n[    0.000000] ACPI: LAPIC (acpi_id[0x32] lapic_id[0x31] disabled)\r\n[    0.000000] ACPI: LAPIC (acpi_id[0x33] lapic_id[0x32] disabled)\r\n[    0.000000] ACPI: LAPIC (acpi_id[0x34] lapic_id[0x33] disabled)\r\n[    0.000000] ACPI: LAPIC (acpi_id[0x35] lapic_id[0x34] disabled)\r\n[    0.000000] ACPI: LAPIC (acpi_id[0x36] lapic_id[0x35] disabled)\r\n[    0.000000] ACPI: LAPIC (acpi_id[0x37] lapic_id[0x36] disabled)\r\n[    0.000000] ACPI: LAPIC (acpi_id[0x38] lapic_id[0x37] disabled)\r\n[    0.000000] ACPI: LAPIC (acpi_id[0x39] lapic_id[0x38] disabled)\r\n[    0.000000] ACPI: LAPIC (acpi_id[0x3a] lapic_id[0x39] disabled)\r\n[    0.000000] ACPI: LAPIC (acpi_id[0x3b] lapic_id[0x3a] disabled)\r\n[    0.000000] ACPI: LAPIC (acpi_id[0x3c] lapic_id[0x3b] disabled)\r\n[    0.000000] ACPI: LAPIC (acpi_id[0x3d] lapic_id[0x3c] disabled)\r\n[    0.000000] ACPI: LAPIC (acpi_id[0x3e] lapic_id[0x3d] disabled)\r\n[    0.000000] ACPI: LAPIC (acpi_id[0x3f] lapic_id[0x3e] disabled)\r\n[    0.000000] ACPI: LAPIC (acpi_id[0x40] lapic_id[0x3f] disabled)\r\n[    0.000000] ACPI: IOAPIC (id[0x00] address[0xfec00000] gsi_base[0])\r\n[    0.000000] IOAPIC[0]: apic_id 0, version 17, address 0xfec00000, GSI 0-23\r\n[    0.000000] ACPI: INT_SRC_OVR (bus 0 bus_irq 0 global_irq 2 dfl dfl)\r\n[    0.000000] ACPI: INT_SRC_OVR (bus 0 bus_irq 9 global_irq 9 high level)\r\n[    0.000000] Using ACPI (MADT) for SMP configuration information\r\n[    0.000000] smpboot: Allowing 64 CPUs, 63 hotplug CPUs\r\n[    0.000000] PM: Registered nosave memory: [mem 0x00000000-0x00000fff]\r\n[    0.000000] PM: Registered nosave memory: [mem 0x0009f000-0x0009ffff]\r\n[    0.000000] PM: Registered nosave memory: [mem 0x000a0000-0x000dffff]\r\n[    0.000000] PM: Registered nosave memory: [mem 0x000e0000-0x000fffff]\r\n[    0.000000] PM: Registered nosave memory: [mem 0x1fff0000-0x1fffefff]\r\n[    0.000000] PM: Registered nosave memory: [mem 0x1ffff000-0x1fffffff]\r\n[    0.000000] PM: Registered nosave memory: [mem 0x20000000-0xffffffff]\r\n[    0.000000] e820: [mem 0x20000000-0xffffffff] available for PCI devices\r\n[    0.000000] Booting paravirtualized kernel on bare hardware\r\n[    0.000000] setup_percpu: NR_CPUS:256 nr_cpumask_bits:256 nr_cpu_ids:64 nr_node_ids:1\r\n[    0.000000] PERCPU: Embedded 31 pages/cpu @ffff88014d200000 s87040 r8192 d31744 u131072\r\n[    0.000000] Built 1 zonelists in Node order, mobility grouping on.  Total pages: 451449\r\n[    0.000000] Policy zone: Normal\r\n[    0.000000] Kernel command line: BOOT_IMAGE=/boot/vmlinuz-3.19.0-22-generic root=UUID=86b96bdf-cfdc-4d59-8fcc-539ee2251b7d ro console=tty1 console=ttyS0 earlyprintk=ttyS0 rootdelay=300\r\n[    0.000000] log_buf_len individual max cpu contribution: 4096 bytes\r\n[    0.000000] log_buf_len total cpu_extra contributions: 258048 bytes\r\n[    0.000000] log_buf_len min size: 262144 bytes\r\n[    0.000000] log_buf_len: 524288 bytes\r\n[    0.000000] early log buf free: 248784(94%)\r\n[    0.000000] PID hash table entries: 4096 (order: 3, 32768 bytes)\r\n[    0.000000] AGP: Checking aperture...\r\n[    0.000000] AGP: No AGP bridge found\r\n[    0.000000] Memory: 1687496K/1834552K available (8001K kernel code, 1232K rwdata, 3752K rodata, 1408K init, 1300K bss, 147056K reserved, 0K cma-reserved)\r\n[    0.000000] SLUB: HWalign=64, Order=0-3, MinObjects=0, CPUs=64, Nodes=1\r\n[    0.000000] Hierarchical RCU implementation.\r\n[    0.000000] \tRCU dyntick-idle grace-period acceleration is enabled.\r\n[    0.000000] \tRCU restricting CPUs from NR_CPUS=256 to nr_cpu_ids=64.\r\n[    0.000000] RCU: Adjusting geometry for rcu_fanout_leaf=16, nr_cpu_ids=64\r\n[    0.000000] NR_IRQS:16640 nr_irqs:936 16\r\n[    0.000000] \tOffload RCU callbacks from all CPUs\r\n[    0.000000] \tOffload RCU callbacks from CPUs: 0-63.\r\n[    0.000000] Console: colour VGA+ 80x25\r\n[    0.000000] console [tty1] enabled\r\n[    0.000000] console [ttyS0] enabled\r\n[    0.000000] console [ttyS0] enabled\r\n[    0.000000] bootconsole [earlyser0] disabled\r\n[    0.000000] bootconsole [earlyser0] disabled\r\n[    0.000000] tsc: Fast TSC calibration failed\r\n[    0.000000] tsc: Unable to calibrate against PIT\r\n[    0.000000] tsc: using PMTIMER reference calibration\r\n[    0.000000] tsc: Detected 2094.701 MHz processor\r\n[    0.000000] tsc: Marking TSC unstable due to TSCs unsynchronized\r\n[    0.026039] Calibrating delay loop (skipped), value calculated using timer frequency.. 4189.40 BogoMIPS (lpj=8378804)\r\n[    0.029463] pid_max: default: 65536 minimum: 512\r\n[    0.032043] ACPI: Core revision 20141107\r\n[    0.036432] ACPI: All ACPI Tables successfully acquired\r\n[    0.040111] Security Framework initialized\r\n[    0.041775] AppArmor: AppArmor initialized\r\n[    0.043426] Yama: becoming mindful.\r\n[    0.044233] Dentry cache hash table entries: 262144 (order: 9, 2097152 bytes)\r\n[    0.048113] Inode-cache hash table entries: 131072 (order: 8, 1048576 bytes)\r\n[    0.050595] Mount-cache hash table entries: 4096 (order: 3, 32768 bytes)\r\n[    0.052034] Mountpoint-cache hash table entries: 4096 (order: 3, 32768 bytes)\r\n[    0.054426] Initializing cgroup subsys memory\r\n[    0.056039] Initializing cgroup subsys devices\r\n[    0.057725] Initializing cgroup subsys freezer\r\n[    0.060030] Initializing cgroup subsys net_cls\r\n[    0.061739] Initializing cgroup subsys blkio\r\n[    0.063436] Initializing cgroup subsys perf_event\r\n[    0.065849] Initializing cgroup subsys net_prio\r\n[    0.067557] Initializing cgroup subsys hugetlb\r\n[    0.068246] mce: CPU supports 1 MCE banks\r\n[    0.069914] process: using AMD E400 aware idle routine\r\n[    0.072029] Last level iTLB entries: 4KB 512, 2MB 16, 4MB 8\r\n[    0.072029] Last level dTLB entries: 4KB 512, 2MB 128, 4MB 64, 1GB 0\r\n[    0.096920] ftrace: allocating 30088 entries in 118 pages\r\n[    0.112167] Switched APIC routing to physical flat.\r\n[    0.138765] ..TIMER: vector=0x30 apic1=0 pin1=2 apic2=-1 pin2=-1\r\n[    0.140000] smpboot: CPU0: AMD Opteron(tm) Processor 4171 HE (fam: 10, model: 08, stepping: 01)\r\n[    0.141184] Performance Events: Broken PMU hardware detected, using software events only.\r\n[    0.144000] Failed to access perfctr msr (MSR c0010004 is 0)\r\n[    0.145308] x86: Booted up 1 node, 1 CPUs\r\n[    0.146775] smpboot: Total of 1 processors activated (4189.40 BogoMIPS)\r\n[    0.148024] NMI watchdog: disabled (cpu0): hardware events not enabled\r\n[    0.154446] devtmpfs: initialized\r\n[    0.160343] evm: security.selinux\r\n[    0.161791] evm: security.SMACK64\r\n[    0.163170] evm: security.SMACK64EXEC\r\n[    0.164005] evm: security.SMACK64TRANSMUTE\r\n[    0.165411] evm: security.SMACK64MMAP\r\n[    0.166761] evm: security.ima\r\n[    0.168005] evm: security.capability\r\n[    0.169431] PM: Registering ACPI NVS region [mem 0x1ffff000-0x1fffffff] (4096 bytes)\r\n[    0.172258] pinctrl core: initialized pinctrl subsystem\r\n[    0.174703] RTC time: 16:57:53, date: 11/12/15\r\n[    0.176258] NET: Registered protocol family 16\r\n[    0.177932] cpuidle: using governor ladder\r\n[    0.179340] cpuidle: using governor menu\r\n[    0.182750] ACPI: bus type PCI registered\r\n[    0.184005] acpiphp: ACPI Hot Plug PCI Controller Driver version: 0.5\r\n[    0.186117] PCI: Using configuration type 1 for base access\r\n[    0.188004] PCI: Using configuration type 1 for extended access\r\n[    0.192563] ACPI: Added _OSI(Module Device)\r\n[    0.194032] ACPI: Added _OSI(Processor Device)\r\n[    0.195504] ACPI: Added _OSI(3.0 _SCP Extensions)\r\n[    0.196004] ACPI: Added _OSI(Processor Aggregator Device)\r\n[    0.201762] ACPI: Interpreter enabled\r\n[    0.203041] ACPI Exception: AE_NOT_FOUND, While evaluating Sleep State [\\_S1_] (20141107/hwxface-580)\r\n[    0.206377] ACPI Exception: AE_NOT_FOUND, While evaluating Sleep State [\\_S2_] (20141107/hwxface-580)\r\n[    0.210347] ACPI Exception: AE_NOT_FOUND, While evaluating Sleep State [\\_S3_] (20141107/hwxface-580)\r\n[    0.213123] ACPI Exception: AE_NOT_FOUND, While evaluating Sleep State [\\_S4_] (20141107/hwxface-580)\r\n[    0.217128] ACPI: (supports S0 S5)\r\n[    0.218432] ACPI: Using IOAPIC for interrupt routing\r\n[    0.220042] PCI: Using host bridge windows from ACPI; if necessary, use \"pci=nocrs\" and report a bug\r\n[    0.233477] ACPI: PCI Root Bridge [PCI0] (domain 0000 [bus 00-ff])\r\n[    0.235233] acpi PNP0A03:00: _OSC: OS supports [ExtendedConfig ASPM ClockPM Segments MSI]\r\n[    0.236012] acpi PNP0A03:00: _OSC failed (AE_NOT_FOUND); disabling ASPM\r\n[    0.240539] PCI host bridge to bus 0000:00\r\n[    0.241975] pci_bus 0000:00: root bus resource [bus 00-ff]\r\n[    0.243570] pci_bus 0000:00: root bus resource [mem 0xfe0000000-0xfffefffff]\r\n[    0.244007] pci_bus 0000:00: root bus resource [io  0x0000-0x0cf7]\r\n[    0.245714] pci_bus 0000:00: root bus resource [io  0x0d00-0xffff]\r\n[    0.248007] pci_bus 0000:00: root bus resource [mem 0x000a0000-0x000bffff]\r\n[    0.249797] pci_bus 0000:00: root bus resource [mem 0x20000000-0xfffbffff]\r\n[    0.259788] pci 0000:00:07.1: legacy IDE quirk: reg 0x10: [io  0x01f0-0x01f7]\r\n[    0.260011] pci 0000:00:07.1: legacy IDE quirk: reg 0x14: [io  0x03f6]\r\n[    0.261778] pci 0000:00:07.1: legacy IDE quirk: reg 0x18: [io  0x0170-0x0177]\r\n[    0.264006] pci 0000:00:07.1: legacy IDE quirk: reg 0x1c: [io  0x0376]\r\n[    0.266245] * Found PM-Timer Bug on the chipset. Due to workarounds for a bug,\r\n[    0.266245] * this clock source is slow. Consider trying other clock sources\r\n[    0.272728] pci 0000:00:07.3: quirk: [io  0x0400-0x043f] claimed by PIIX4 ACPI\r\n[    0.285470] ACPI: PCI Interrupt Link [LNKA] (IRQs 3 4 5 7 9 10 *11 12 14 15)\r\n[    0.294994] ACPI: PCI Interrupt Link [LNKB] (IRQs 3 4 5 7 9 10 11 12 14 15) *0, disabled.\r\n[    0.305809] ACPI: PCI Interrupt Link [LNKC] (IRQs 3 4 5 7 9 10 11 12 14 15) *0, disabled.\r\n[    0.318712] ACPI: PCI Interrupt Link [LNKD] (IRQs 3 4 5 7 9 10 11 12 14 15) *0, disabled.\r\n[    0.329775] ACPI: Enabled 1 GPEs in block 00 to 0F\r\n[    0.332186] vgaarb: setting as boot device: PCI:0000:00:08.0\r\n[    0.333855] vgaarb: device added: PCI:0000:00:08.0,decodes=io+mem,owns=io+mem,locks=none\r\n[    0.336004] vgaarb: loaded\r\n[    0.337237] vgaarb: bridge control possible 0000:00:08.0\r\n[    0.340218] SCSI subsystem initialized\r\n[    0.341709] ACPI: bus type USB registered\r\n[    0.343183] usbcore: registered new interface driver usbfs\r\n[    0.344023] usbcore: registered new interface driver hub\r\n[    0.345709] usbcore: registered new device driver usb\r\n[    0.348219] PCI: Using ACPI for IRQ routing\r\n[    0.350199] NetLabel: Initializing\r\n[    0.352005] NetLabel:  domain hash size = 128\r\n[    0.353480] NetLabel:  protocols = UNLABELED CIPSOv4\r\n[    0.355057] NetLabel:  unlabeled traffic allowed by default\r\n[    0.356145] Switched to clocksource hyperv_clocksource\r\n[    0.364013] AppArmor: AppArmor Filesystem Enabled\r\n[    0.366147] pnp: PnP ACPI init\r\n[    0.371963] system 00:06: [io  0x01e0-0x01ef] has been reserved\r\n[    0.373746] system 00:06: [io  0x0160-0x016f] has been reserved\r\n[    0.375480] system 00:06: [io  0x0278-0x027f] has been reserved\r\n[    0.377198] system 00:06: [io  0x0378-0x037f] has been reserved\r\n[    0.379060] system 00:06: [io  0x0678-0x067f] has been reserved\r\n[    0.380963] system 00:06: [io  0x0778-0x077f] has been reserved\r\n[    0.382675] system 00:06: [io  0x04d0-0x04d1] has been reserved\r\n[    0.384606] system 00:07: [io  0x0400-0x043f] has been reserved\r\n[    0.386294] system 00:07: [io  0x0370-0x0371] has been reserved\r\n[    0.387978] system 00:07: [io  0x0440-0x044f] has been reserved\r\n[    0.389695] system 00:07: [mem 0xfec00000-0xfec00fff] could not be reserved\r\n[    0.391558] system 00:07: [mem 0xfee00000-0xfee00fff] has been reserved\r\n[    0.393625] system 00:08: [mem 0x00000000-0x0009ffff] could not be reserved\r\n[    0.395575] system 00:08: [mem 0x000c0000-0x000dffff] could not be reserved\r\n[    0.397407] system 00:08: [mem 0x000e0000-0x000fffff] could not be reserved\r\n[    0.399268] system 00:08: [mem 0x00100000-0x1fffffff] could not be reserved\r\n[    0.401152] system 00:08: [mem 0xfffc0000-0xffffffff] has been reserved\r\n[    0.403326] pnp: PnP ACPI: found 9 devices\r\n[    0.412414] NET: Registered protocol family 2\r\n[    0.414445] TCP established hash table entries: 16384 (order: 5, 131072 bytes)\r\n[    0.416609] TCP bind hash table entries: 16384 (order: 6, 262144 bytes)\r\n[    0.418528] TCP: Hash tables configured (established 16384 bind 16384)\r\n[    0.420513] TCP: reno registered\r\n[    0.421855] UDP hash table entries: 1024 (order: 3, 32768 bytes)\r\n[    0.423576] UDP-Lite hash table entries: 1024 (order: 3, 32768 bytes)\r\n[    0.425597] NET: Registered protocol family 1\r\n[    0.427481] pci 0000:00:00.0: Limiting direct PCI/PCI transfers\r\n[    0.429616] Trying to unpack rootfs image as initramfs...\r\n[    1.064365] Freeing initrd memory: 27228K (ffff88001dd2d000 - ffff88001f7c4000)\r\n[    1.067080] PCI-DMA: Using software bounce buffering for IO (SWIOTLB)\r\n[    1.069180] software IO TLB [mem 0x19d2d000-0x1dd2d000] (64MB) mapped at [ffff880019d2d000-ffff88001dd2cfff]\r\n[    1.072071] microcode: CPU0: patch_level=0xffffffff\r\n[    1.073875] microcode: Microcode Update Driver: v2.00 <tigran@aivazian.fsnet.co.uk>, Peter Oruba\r\n[    1.076586] Scanning for low memory corruption every 60 seconds\r\n[    1.079727] futex hash table entries: 16384 (order: 8, 1048576 bytes)\r\n[    1.082163] Initialise system trusted keyring\r\n[    1.083903] audit: initializing netlink subsys (disabled)\r\n[    1.085753] audit: type=2000 audit(1447347473.084:1): initialized\r\n[    1.088150] HugeTLB registered 2 MB page size, pre-allocated 0 pages\r\n[    1.091893] zpool: loaded\r\n[    1.093967] zbud: loaded\r\n[    1.095595] VFS: Disk quotas dquot_6.5.2\r\n[    1.097350] VFS: Dquot-cache hash table entries: 512 (order 0, 4096 bytes)\r\n[    1.100215] fuse init (API version 7.23)\r\n[    1.102192] Key type big_key registered\r\n[    1.104047] Key type asymmetric registered\r\n[    1.105638] Asymmetric key parser 'x509' registered\r\n[    1.107407] Block layer SCSI generic (bsg) driver version 0.4 loaded (major 252)\r\n[    1.109773] io scheduler noop registered\r\n[    1.111335] io scheduler deadline registered (default)\r\n[    1.113234] io scheduler cfq registered\r\n[    1.114867] pci_hotplug: PCI Hot Plug PCI Core version: 0.5\r\n[    1.116802] pciehp: PCI Express Hot Plug Controller Driver version: 0.4\r\n[    1.118940] input: Power Button as /devices/LNXSYSTM:00/LNXPWRBN:00/input/input0\r\n[    1.121279] ACPI: Power Button [PWRF]\r\n[    1.123053] GHES: HEST is not enabled!\r\n[    1.124699] Serial: 8250/16550 driver, 32 ports, IRQ sharing enabled\r\n[    1.147849] 00:03: ttyS0 at I/O 0x3f8 (irq = 4, base_baud = 115200) is a 16550A\r\n[    1.172019] 00:04: ttyS1 at I/O 0x2f8 (irq = 3, base_baud = 115200) is a 16550A\r\n[    1.175659] Linux agpgart interface v0.103\r\n[    1.178749] brd: module loaded\r\n[    1.180920] loop: module loaded\r\n[    1.182607] ata_piix 0000:00:07.1: Hyper-V Virtual Machine detected, ATA device ignore set\r\n[    1.186980] scsi host0: ata_piix\r\n[    1.188436] scsi host1: ata_piix\r\n[    1.189769] ata1: PATA max UDMA/33 cmd 0x1f0 ctl 0x3f6 bmdma 0xffa0 irq 14\r\n[    1.191663] ata2: PATA max UDMA/33 cmd 0x170 ctl 0x376 bmdma 0xffa8 irq 15\r\n[    1.195555] libphy: Fixed MDIO Bus: probed\r\n[    1.196947] tun: Universal TUN/TAP device driver, 1.6\r\n[    1.198463] tun: (C) 1999-2004 Max Krasnyansky <maxk@qualcomm.com>\r\n[    1.200228] PPP generic driver version 2.4.2\r\n[    1.201728] ehci_hcd: USB 2.0 'Enhanced' Host Controller (EHCI) Driver\r\n[    1.203465] ehci-pci: EHCI PCI platform driver\r\n[    1.204934] ehci-platform: EHCI generic platform driver\r\n[    1.206565] ohci_hcd: USB 1.1 'Open' Host Controller (OHCI) Driver\r\n[    1.208320] ohci-pci: OHCI PCI platform driver\r\n[    1.209781] ohci-platform: OHCI generic platform driver\r\n[    1.211336] uhci_hcd: USB Universal Host Controller Interface driver\r\n[    1.213126] i8042: PNP: PS/2 Controller [PNP0303:PS2K,PNP0f03:PS2M] at 0x60,0x64 irq 1,12\r\n[    1.218494] serio: i8042 KBD port at 0x60,0x64 irq 1\r\n[    1.220057] serio: i8042 AUX port at 0x60,0x64 irq 12\r\n[    1.221690] mousedev: PS/2 mouse device common for all mice\r\n[    1.223598] rtc_cmos 00:00: RTC can wake from S4\r\n[    1.246511] rtc_cmos 00:00: rtc core: registered rtc_cmos as rtc0\r\n[    1.248863] rtc_cmos 00:00: alarms up to one month, 114 bytes nvram\r\n[    1.250586] i2c /dev entries driver\r\n[    1.252005] device-mapper: uevent: version 1.0.3\r\n[    1.253754] device-mapper: ioctl: 4.29.0-ioctl (2014-10-28) initialised: dm-devel@redhat.com\r\n[    1.255986] ledtrig-cpu: registered to indicate activity on CPUs\r\n[    1.257778] PCCT header not found.\r\n[    1.259083] ACPI PCC probe failed.\r\n[    1.260534] TCP: cubic registered\r\n[    1.262026] NET: Registered protocol family 10\r\n[    1.263858] NET: Registered protocol family 17\r\n[    1.265353] Key type dns_resolver registered\r\n[    1.267040] Loading compiled-in X.509 certificates\r\n[    1.270678] input: AT Translated Set 2 keyboard as /devices/platform/i8042/serio0/input/input1\r\n[    1.273038] Loaded X.509 cert 'Magrathea: Glacier signing key: c7d440344c0b3ac2a3cec2aeb9722ecf6cae7391'\r\n[    1.275337] registered taskstats version 1\r\n[    1.279196] Key type trusted registered\r\n[    1.283970] Key type encrypted registered\r\n[    1.285505] AppArmor: AppArmor sha1 policy hashing enabled\r\n[    1.287103] ima: No TPM chip found, activating TPM-bypass!\r\n[    1.288767] evm: HMAC attrs: 0x1\r\n[    1.290426]   Magic number: 7:73:995\r\n[    1.291811] memory memory38: hash matches\r\n[    1.293602] rtc_cmos 00:00: setting system clock to 2015-11-12 16:57:54 UTC (1447347474)\r\n[    1.295788] BIOS EDD facility v0.16 2004-Jun-25, 0 devices found\r\n[    1.297466] EDD information not available.\r\n[    1.351033] ata2.00: ATAPI: Virtual CD, , max MWDMA2\r\n[    1.355266] ata2.00: configured for MWDMA2\r\n[    1.358073] scsi 1:0:0:0: CD-ROM            Msft     Virtual CD/ROM   1.0  PQ: 0 ANSI: 5\r\n[    1.362703] sr 1:0:0:0: [sr0] scsi3-mmc drive: 0x/0x tray\r\n[    1.364315] cdrom: Uniform CD-ROM driver Revision: 3.20\r\n[    1.366983] sr 1:0:0:0: Attached scsi generic sg0 type 5\r\n[    1.369168] Freeing unused kernel memory: 1408K (ffffffff81d36000 - ffffffff81e96000)\r\n[    1.371273] Write protecting the kernel read-only data: 12288k\r\n[    1.373193] Freeing unused kernel memory: 180K (ffff8800017d3000 - ffff880001800000)\r\n[    1.375395] Freeing unused kernel memory: 344K (ffff880001baa000 - ffff880001c00000)\r\nLoading, please wait...\r\nstarting version 219\r\n[    1.397592] random: systemd-udevd urandom read with 2 bits of entropy available\r\n[    1.438354] Floppy drive(s): fd0 is 1.44M\r\n[    1.492696] FDC 0 is an 82078.\r\n[    1.577715] hv_vmbus: Hyper-V Host Build:9600-6.3-17-0.17039; Vmbus version:3.0\r\n[    1.916086] psmouse serio1: trackpoint: failed to get extended button data\r\n[    6.582583] hv_vmbus: registering driver hyperv_fb\r\n[    6.587466] hv_vmbus: registering driver hv_storvsc\r\n[    6.596950] hv_utils: Registering HyperV Utility Driver\r\n[    6.598845] hv_vmbus: registering driver hv_util\r\n[    6.613210] hyperv_fb: Screen resolution: 1152x864, Color depth: 32\r\n[    6.621317] Console: switching to colour frame buffer device 144x54\r\n[    6.634138] hv_vmbus: registering driver hv_netvsc\r\n[    6.635758] scsi host2: storvsc_host_t\r\n[    6.637286] scsi 2:0:0:0: Direct-Access     Msft     Virtual Disk     1.0  PQ: 0 ANSI: 4\r\n[    6.639782] sd 2:0:0:0: Attached scsi generic sg1 type 0\r\n[    6.641539] sd 2:0:0:0: [sda] 61440000 512-byte logical blocks: (31.4 GB/29.2 GiB)\r\n[    6.645183] sd 2:0:0:0: [sda] Write Protect is off\r\n[    6.649755] sd 2:0:0:0: [sda] Write cache: enabled, read cache: enabled, supports DPO and FUA\r\n[    6.651940] hv_netvsc: hv_netvsc channel opened successfully\r\n[    6.670672]  sda: sda1\r\n[    6.672447] sd 2:0:0:0: [sda] Attached SCSI disk\r\n[    6.716082] psmouse serio1: trackpoint: IBM TrackPoint firmware: 0x01, buttons: 0/0\r\n[    6.718387] input: TPPS/2 IBM TrackPoint as /devices/platform/i8042/serio1/input/input3\r\n[    8.326978] hv_netvsc vmbus_0_16: Send section size: 6144, Section count:2560\r\n[    8.329757] hv_netvsc vmbus_0_16: Device MAC 00:0d:3a:a0:23:68 link state up\r\n[    8.334675] scsi host3: storvsc_host_t\r\n[    8.336772] scsi 3:0:1:0: Direct-Access     Msft     Virtual Disk     1.0  PQ: 0 ANSI: 4\r\n[    8.341281] sd 3:0:1:0: Attached scsi generic sg2 type 0\r\n[    8.343278] sd 3:0:1:0: [sdb] 146800640 512-byte logical blocks: (75.1 GB/70.0 GiB)\r\n[    8.345400] sd 3:0:1:0: [sdb] 4096-byte physical blocks\r\n[    8.347879] scsi host4: storvsc_host_t\r\n[    8.349403] scsi 4:0:0:0: scsi scan: INQUIRY result too short (5), using 36\r\n[    8.351101] sd 3:0:1:0: [sdb] Write Protect is off\r\n[    8.352984] sd 3:0:1:0: [sdb] Write cache: enabled, read cache: enabled, doesn't support DPO or FUA\r\n[    8.355391] scsi 4:0:0:1: scsi scan: INQUIRY result too short (5), using 36\r\n[    8.357705] scsi host5: storvsc_host_t\r\n[    8.359637] scsi 4:0:1:0: scsi scan: INQUIRY result too short (5), using 36\r\n[    8.361615] scsi 5:0:0:0: scsi scan: INQUIRY result too short (5), using 36\r\n[    8.363771] scsi 5:0:0:1: scsi scan: INQUIRY result too short (5), using 36\r\n[    8.365833] scsi 4:0:1:1: scsi scan: INQUIRY result too short (5), using 36\r\n[    8.370665] scsi 5:0:1:0: scsi scan: INQUIRY result too short (5), using 36\r\n[    8.374432] scsi 4:1:0:0: scsi scan: INQUIRY result too short (5), using 36\r\n[    8.377595] scsi 5:0:1:1: scsi scan: INQUIRY result too short (5), using 36\r\n[    8.381030] scsi 4:1:0:1: scsi scan: INQUIRY result too short (5), using 36\r\n[    8.384240] scsi 5:1:0:0: scsi scan: INQUIRY result too short (5), using 36\r\n[    8.387506] scsi 4:1:1:0: scsi scan: INQUIRY result too short (5), using 36\r\n[    8.390555] scsi 5:1:0:1: scsi scan: INQUIRY result too short (5), using 36\r\n[    8.393629]  sdb: sdb1\r\n[    8.396454] scsi 4:1:1:1: scsi scan: INQUIRY result too short (5), using 36\r\n[    8.399431] scsi 5:1:1:0: scsi scan: INQUIRY result too short (5), using 36\r\n[    8.402548] scsi 4:2:0:0: scsi scan: INQUIRY result too short (5), using 36\r\n[    8.405436] scsi 5:1:1:1: scsi scan: INQUIRY result too short (5), using 36\r\n[    8.409156] scsi 4:2:0:1: scsi scan: INQUIRY result too short (5), using 36\r\n[    8.411975] scsi 5:2:0:0: scsi scan: INQUIRY result too short (5), using 36\r\n[    8.415115] scsi 4:2:1:0: scsi scan: INQUIRY result too short (5), using 36\r\n[    8.417913] sd 3:0:1:0: [sdb] Attached SCSI disk\r\n[    8.420469] scsi 5:2:0:1: scsi scan: INQUIRY result too short (5), using 36\r\n[    8.423439] scsi 4:2:1:1: scsi scan: INQUIRY result too short (5), using 36\r\n[    8.426155] scsi 5:2:1:0: scsi scan: INQUIRY result too short (5), using 36\r\n[    8.429091] scsi 4:3:0:0: scsi scan: INQUIRY result too short (5), using 36\r\n[    8.431783] scsi 5:2:1:1: scsi scan: INQUIRY result too short (5), using 36\r\n[    8.434617] scsi 4:3:0:1: scsi scan: INQUIRY result too short (5), using 36\r\n[    8.437276] scsi 5:3:0:0: scsi scan: INQUIRY result too short (5), using 36\r\n[    8.440143] scsi 4:3:1:0: scsi scan: INQUIRY result too short (5), using 36\r\n[    8.442766] scsi 5:3:0:1: scsi scan: INQUIRY result too short (5), using 36\r\n[    8.445733] scsi 4:3:1:1: scsi scan: INQUIRY result too short (5), using 36\r\n[    8.450941] scsi 5:3:1:0: scsi scan: INQUIRY result too short (5), using 36\r\n[    8.453744] scsi 5:3:1:1: scsi scan: INQUIRY result too short (5), using 36\r\n[    8.456249] scsi 4:4:0:0: scsi scan: INQUIRY result too short (5), using 36\r\n[    8.458907] scsi 5:4:0:0: scsi scan: INQUIRY result too short (5), using 36\r\n[    8.461686] scsi 4:4:0:1: scsi scan: INQUIRY result too short (5), using 36\r\n[    8.464396] scsi 5:4:0:1: scsi scan: INQUIRY result too short (5), using 36\r\n[    8.466826] scsi 4:4:1:0: scsi scan: INQUIRY result too short (5), using 36\r\n[    8.469430] scsi 5:4:1:0: scsi scan: INQUIRY result too short (5), using 36\r\n[    8.471798] scsi 4:4:1:1: scsi scan: INQUIRY result too short (5), using 36\r\n[    8.474382] scsi 5:4:1:1: scsi scan: INQUIRY result too short (5), using 36\r\n[    8.476818] scsi 4:5:0:0: scsi scan: INQUIRY result too short (5), using 36\r\n[    8.479237] scsi 5:5:0:0: scsi scan: INQUIRY result too short (5), using 36\r\n[    8.481484] scsi 4:5:0:1: scsi scan: INQUIRY result too short (5), using 36\r\n[    8.483870] scsi 5:5:0:1: scsi scan: INQUIRY result too short (5), using 36\r\n[    8.486043] scsi 4:5:1:0: scsi scan: INQUIRY result too short (5), using 36\r\n[    8.488347] scsi 5:5:1:0: scsi scan: INQUIRY result too short (5), using 36\r\n[    8.490536] scsi 4:5:1:1: scsi scan: INQUIRY result too short (5), using 36\r\n[    8.493213] scsi 5:5:1:1: scsi scan: INQUIRY result too short (5), using 36\r\n[    8.495306] scsi 4:6:0:0: scsi scan: INQUIRY result too short (5), using 36\r\n[    8.497506] scsi 5:6:0:0: scsi scan: INQUIRY result too short (5), using 36\r\n[    8.499487] scsi 4:6:0:1: scsi scan: INQUIRY result too short (5), using 36\r\n[    8.501759] scsi 5:6:0:1: scsi scan: INQUIRY result too short (5), using 36\r\n[    8.503716] scsi 4:6:1:0: scsi scan: INQUIRY result too short (5), using 36\r\n[    8.505902] scsi 5:6:1:0: scsi scan: INQUIRY result too short (5), using 36\r\n[    8.507883] scsi 4:6:1:1: scsi scan: INQUIRY result too short (5), using 36\r\n[    8.510117] scsi 5:6:1:1: scsi scan: INQUIRY result too short (5), using 36\r\n[    8.512025] scsi 4:7:0:0: scsi scan: INQUIRY result too short (5), using 36\r\n[    8.514053] scsi 4:7:0:1: scsi scan: INQUIRY result too short (5), using 36\r\n[    8.515968] scsi 5:7:0:0: scsi scan: INQUIRY result too short (5), using 36\r\n[    8.517959] scsi 4:7:1:0: scsi scan: INQUIRY result too short (5), using 36\r\n[    8.519817] scsi 5:7:0:1: scsi scan: INQUIRY result too short (5), using 36\r\n[    8.521902] scsi 4:7:1:1: scsi scan: INQUIRY result too short (5), using 36\r\n[    8.523754] scsi 5:7:1:0: scsi scan: INQUIRY result too short (5), using 36\r\n[    8.525768] scsi 5:7:1:1: scsi scan: INQUIRY result too short (5), using 36\r\nBegin: Loading essential drivers ... done.\r\r\nBegin: Running /scripts/init-premount ... done.\r\r\nBegin: Mounting root file system ... Begin: Running /scripts/local-top ... done.\r\r\nBegin: Running scripts/local-premount ... done.\r\r\n[   10.049235] EXT4-fs (sda1): mounted filesystem with ordered data mode. Opts: (null)\r\nBegin: Running /scripts/local-bottom ... done.\r\r\ndone.\r\r\nBegin: Running /scripts/init-bottom ... done.\r\r\n[   10.981415] random: nonblocking pool is initialized\r\n[   13.167587] systemd[1]: Inserted module 'autofs4'\r\n[   13.565235] systemd[1]: systemd 219 running in system mode. (+PAM +AUDIT +SELINUX +IMA +APPARMOR +SMACK +SYSVINIT +UTMP +LIBCRYPTSETUP +GCRYPT -GNUTLS +ACL +XZ -LZ4 -SECCOMP +BLKID -ELFUTILS +KMOD -IDN)\r\n[   13.568538] systemd[1]: Detected virtualization microsoft.\r\n[   13.569785] systemd[1]: Detected architecture x86-64.\r\n\r\r\nWelcome to \u001b[1mUbuntu 15.04\u001b[0m!\r\r\n\r\r\n[   13.613128] systemd[1]: Set hostname to <ubuntu>.\r\n[   13.614801] systemd[1]: Initializing machine ID from random generator.\r\n[   13.616277] systemd[1]: Installed transient /etc/machine-id file.\r\n-.mount\r\r\netc-machine\\x2did.mount\r\r\n[   15.440006] systemd[1]: Cannot add dependency job for unit sshd-keygen.service, ignoring: Unit sshd-keygen.service failed to load: No such file or directory.\r\n[   15.444378] systemd[1]: Cannot add dependency job for unit sshd-keygen.service, ignoring: Unit sshd-keygen.service failed to load: No such file or directory.\r\n[   15.448548] systemd[1]: Cannot add dependency job for unit display-manager.service, ignoring: Unit display-manager.service failed to load: No such file or directory.\r\n[\u001b[32m  OK  \u001b[0m[   15.457701] systemd[1]: Reached target Encrypted Volumes.\r\n[   15.459614] systemd[1]: Starting Encrypted Volumes.\r\n] Reached target Encrypted Volumes.\r\r\n[   15.466926] systemd[1]: Set up automount Arbitrary Executable File Formats File System Automount Point.\r\n[\u001b[32m  OK  \u001b[0m] Set up automount Arbitrary Executab...ats File System Automount Point.\r[   15.474634] systemd[1]: Starting Arbitrary Executable File Formats File System Automount Point.\r\n[   15.476369] systemd[1]: Started Forward Password Requests to Wall Directory Watch.\r\n[   15.477867] systemd[1]: Starting Forward Password Requests to Wall Directory Watch.\r\n\r\n[[   15.481904] systemd[1]: Reached target Remote File Systems (Pre).\r\n[   15.483184] systemd[1]: Starting Remote File Systems (Pre).\r\n\u001b[32m  OK  \u001b[0m] Reached target Remote File Systems (Pre).\r\r\n[   15.487787] systemd[1]: Created slice Root Slice.\r\n[   15.488843] systemd[1]: Starting Root Slice.\r\n[\u001b[32m  OK  \u001b[0m] Created slice Root Slice.\r\r\n[   15.492515] systemd[1]: Listening on Journal Audit Socket.\r\n[   15.494051] systemd[1]: Starting Journal Audit Socket.\r\n[\u001b[32m  OK  \u001b[0m] Listening on Journal Audit Socket.\r\r\n[[   15.500575] systemd[1]: Listening on udev Kernel Socket.\r\n[   15.501695] systemd[1]: Starting udev Kernel Socket.\r\n[   15.502867] systemd[1]: Listening on Journal Socket (/dev/log).\r\n\u001b[32m  OK  \u001b[0m] Listening on udev Kernel Socket.\r\r\n[\u001b[32m  OK  \u001b[0m] Listening on Journal Socket (/dev/log).\r[   15.509015] systemd[1]: Starting Journal Socket (/dev/log).\r\n[   15.510280] systemd[1]: Listening on /dev/initctl Compatibility Named Pipe.\r\n[   15.511670] systemd[1]: Starting /dev/initctl Compatibility Named Pipe.\r\n\r\n[\u001b[32m  OK  \u001b[0m] Listening on /dev/initctl Compatibility Named Pipe.\r[   15.516766] systemd[1]: Created slice System Slice.\r\n[   15.519912] systemd[1]: Starting System Slice.\r\n\r\n[\u001b[32m  OK  \u001b[0m] Created slice System Slice.\r[   15.529321] systemd[1]: Created slice system-getty.slice.\r\n\r\n[\u001b[32m  OK  \u001b[0m] Created slice system-getty.slice.\r[   15.537820] systemd[1]: Starting system-getty.slice.\r\n[   15.541739] systemd[1]: Starting Increase datagram queue length...\r\n\r\n[   15.549513] systemd[1]: Listening on udev Control Socket.\r\n[   15.549529] systemd[1]: Starting udev Control Socket.\r\n[   15.559088] systemd[1]: Created slice system-serial\\x2dgetty.slice.\r\n         Starting Increase datagram queue length...\r[   15.565309] systemd[1]: Starting system-serial\\x2dgetty.slice.\r\n\r\n[\u001b[32m  OK  \u001b[0m] Listening on udev Control Socket.\r\r\n[   15.572712] systemd[1]: Reached target Swap.\r\n[   15.575697] systemd[1]: Starting Swap.\r\n[\u001b[32m  OK  \u001b[0m] Created slice system-serial\\x2dgetty.slice.\r\r\n[   15.596362] systemd[1]: Listening on Delayed Shutdown Socket.\r\n[   15.599751] systemd[1]: Starting Delayed Shutdown Socket.\r\n[\u001b[32m  OK  \u001b[0m] Reached target Swap.\r\r\n[\u001b[32m  OK  \u001b[0m] Listening on Delayed Shutdown Socket.\r\r\n[   15.608771] systemd[1]: Listening on Journal Socket.\r\n[   15.611742] systemd[1]: Starting Journal Socket.\r\n[\u001b[32m  OK  \u001b[0m] Listening on Journal Socket.\r[   15.621203] systemd[1]: Mounting POSIX Message Queue File System...\r\n\r\n[   15.629310] systemd[1]: Starting Create list of required static device nodes for the current kernel...\r\n         Mounting POSIX Message Queue File System...\r\r\n[   15.643116] systemd[1]: Starting udev Coldplug all Devices...\r\n         Starting Create list of required st... nodes for the current kernel...\r\r\n[   15.653964] systemd[1]: Starting Nameserver information manager...\r\n         Starting udev Coldplug all Devices...\r\r\n         Starting Nameserver information manager...\r\r\n[   15.687319] systemd[1]: Started Set Up Additional Binary Formats.\r\n[   15.691130] systemd[1]: Mounting Huge Pages File System...\r\n         Mounting Huge Pages File System...\r\r\n[   15.704491] systemd[1]: Starting Setup Virtual Console...\r\n        
[   15.710767] systemd[1]: Started Read required files in advance.\r\nStarting Setup Virtual Console...\r\r\n[   15.722170] systemd[1]: Starting Uncomplicated firewall...\r\n         Starting Uncomplicated firewall...\r\r\n[   15.735300] systemd[1]: Mounting Debug File System...\r\n[   15.749904] systemd[1]: Starting Remount Root and Kernel File Systems...\r\n[   15.756233] systemd[1]: Created slice User and Session Slice.\r\n         Mounting Debug File System...\r[   15.798897] systemd[1]: Starting User and Session Slice.\r\n[   15.801991] systemd[1]: Reached target Slices.\r\n[   15.804734] systemd[1]: Starting Slices.\r\n\r\n         Starting Remount Root and Kernel File Systems...\r\r\n[\u001b[32m  OK  \u001b[0m] Created slice User and Session Slice.\r[   15.816074] EXT4-fs (sda1): re-mounted. Opts: discard\r\n\r\n[\u001b[32m  OK  \u001b[0m] Reached target Slices.\r\r\n[   15.840739] systemd[1]: Starting Load Kernel Modules...\r\n         Starting Load Kernel Modules...\r[   15.849599] systemd[1]: Mounted POSIX Message Queue File System.\r\n\r\n[[   15.856645] systemd[1]: Mounted Debug File System.\r\n\u001b[32m  OK  \u001b[0m] Mounted POSIX Message Queue File System.\r[   15.861921] systemd[1]: Mounted Huge Pages File System.\r\n\r\n[\u001b[32m  OK  \u001b[0m] Mounted Debug File System.\r\r\n[[   15.870070] systemd[1]: Started Increase datagram queue length.\r\n\u001b[32m  OK  \u001b[0m] Mounted Huge Pages File System.\r[   15.882346] systemd[1]: Started Create list of required static device nodes for the current kernel.\r\n\r\n[\u001b[32m  OK  \u001b[0m] Started Increase datagram queue length.\r[   15.891976] systemd[1]: Started Setup Virtual Console.\r\n\r\n[   15.906220] systemd[1]: Started Uncomplicated firewall.\r\ndev-mqueue.mount\r\r\n[   15.922277] systemd[1]: Started Remount Root and Kernel File Systems.\r\n[\u001b[32m  OK  \u001b[0m] Started Create list of required sta...ce nodes for the current kernel.\r[   15.933088] systemd[1]: Started Load Kernel Modules.\r\n\r\n[\u001b[32m  OK  \u001b[0m] Started Setup Virtual Console.\r\r\n[   15.941031] systemd[1]: Started udev Coldplug all Devices.\r\n[\u001b[32m  OK  \u001b[0m] Started Uncomplicated firewall.\r\r\n[\u001b[32m  OK  \u001b[0m] Started Remount Root and Kernel File Systems.\r\r\n[   15.961551] systemd[1]: Started Nameserver information manager.\r\nsys-kernel-debug.mount\r\r\n[\u001b[32m  OK  \u001b[0m] Started Load Kernel Modules.\r\r\n[\u001b[32m  OK  \u001b[0m] Started udev Coldplug all Devices.\r\r\n[\u001b[32m  OK  \u001b[0m] Started Nameserver informatio manager.\r\r\ndev-hugepages.mount\r\r\n[   16.031881] systemd[1]: Starting udev Wait for Complete Device Initialization...\r\n[   16.036419] systemd[1]: Mounting FUSE Control File System...\r\n         Starting udev Wait for Complete Device Initialization...\r\r\n        
[   16.049220] systemd[1]: Mounted Configuration File System.\r\nsystemd-setup-dgram-qlen.service[   16.057279] systemd[1]: Starting Apply Kernel Variables...\r\n\r\r\nMounting FUSE Control File System...\r\r\n         Starting Apply Kernel Variables...\r\r\nkmod-static-nodes.service\r\r\nsystemd-vconsole-setup.service\r\r\nufw.service\r\r\nsystemd-remount-fs.service[   16.098248] systemd[1]: Started Rebuild Hardware Database.\r\n\r\r\n[   16.104528] systemd[1]: Starting Load/Save Random Seed...\r\nsystemd-modules-load.service\r\r\nsystemd-udev-trigger.service\r\r\n         Starting Load/Save Random Seed...\r\r\nresolvconf.service\r\r\n[   16.134712] systemd[1]: Starting Various fixups to make systemd work better on Debian...\r\n[   16.142524] systemd[1]: Starting Create Static Device Nodes in /dev...\r\n         Starting Various fixups to make systemd work better on Debian...\r\r\n         Starting Create Static Device Nodes in /dev...\r\r\n[\u001b[32m  OK  \u001b[0m] Listening on Syslog Socket.\r\r\n         Starting Journal Service...\r\r\n[\u001b[32m  OK  \u001b[0m] Mounted FUSE Control File System.\r\r\n[\u001b[32m  OK  \u001b[0m] Started Apply Kernel Variables.\r\r\nsys-fs-fuse-connections.mount\r\r\nsystemd-sysctl.service\r\r\n[\u001b[32m  OK  \u001b[0m] Started Journal Service.\r\r\n         Starting Flush Journal to Persistent Storage...\r\r\nsystemd-journald.service\r\r\n[\u001b[32m  OK  \u001b[0m] Started Load/Save Random Seed.\r\r\nsystemd-random-seed.service\r\r\n[\u001b[32m  OK  \u001b[0m] Started Various fixups to make systemd work better on Debian.\r\r\ndebian-fixup.service\r\r\n[\u001b[32m  OK  \u001b[0m] Started Flush Journal to Persistent Storage.\r\r\nsystemd-journal-flush.service\r\r\n[\u001b[32m  OK  \u001b[0m] Started Create Static Device Nodes in /dev.\r\r\n         Starting udev Kernel Device Manager...\r\r\nsystemd-tmpfiles-setup-dev.service\r\r\n[\u001b[32m  OK  \u001b[0m] Started udev Kernel Device Manager.\r\r\n[\u001b[32m  OK  \u001b[0m] Reached target Paths.\r\r\nsystemd-udevd.service\r\r\n[\u001b[32m  OK  \u001b[0m] Created slice system-ifup.slice.\r\r\n[   18.106618] piix4_smbus 0000:00:07.3: SMBus base address uninitialized - upgrade BIOS or use force_addr=0xaddr\r\n[\u001b[32m  OK  \u001b[0m] Found device /dev/ttyS0.\r\r\n[\u001b[32m  OK  \u001b[0m] Started udev Wait for Complete Device Initialization.\r\r\n[\u001b[32m  OK  \u001b[0m] Reached target Local File Systems (Pre).\r\r\nsystemd-udev-settle.service\r\r\n         Mounting /etc/network/interfaces.dynamic.d...\r\r\n         Starting Copy rules generated while the root was ro...\r\r\n[\u001b[32m  OK  \u001b[0m] Started Copy rules generated while the root was ro.\r\r\n[\u001b[32m  OK  \u001b[0m] Mounted /etc/network/interfaces.dynamic.d.\r\r\n[\u001b[32m  OK  \u001b[0m] Reached target Local File Systems.\r\r\n         Starting Tell Plymouth To Write Out Runtime Data...\r\r\n         Starting LSB: AppArmor initialization...\r\r\n[\u001b[32m  OK  \u001b[0m] Reached target Remote File Systems.\r\r\n         Starting Create Volatile Files and Directories...\r\r\n         Starting Set console keymap...\r\r\n         Starting Wait for all \"auto\" /etc/n... up for network-online.target...\r\r\n         Starting Commit a transient machine-id on disk...\r\r\nudev-finish.service\r\r\n[\u001b[32m  OK  \u001b[0m] Started Create Volatile Files and Directories.\r\r\n[\u001b[32m  OK  \u001b[0m] Started Commit a transient machine-id on disk.\r\r\n         Starting Network Time Synchronization...\r\r\n         Starting Update UTMP about System Boot/Shu\r\n[\u001b[32m  OK  \u001b[0m] Started Update UTMP about System Boot/Shutdown.\r\r\netc-network-interfaces.dynamic.d.mount\r\r\nsystemd-tmpfiles-setup.service\r\r\nsystemd-machine-id-commit.service\r\r\n[\u001b[32m  OK  \u001b[0m] Started Network Time Synchronization.\r\r\n[\u001b[32m  OK  \u001b[0m] Reached target System Time Synchronized.\r\r\n[\u001b[32m  OK  \u001b[0m] Started Set console keymap.\r\r\nsystemd-update-utmp.service\r\r\n[\u001b[32m  OK  \u001b[0m] Started Tell Plymouth To Write Out Runtime Data.\r\r\nsystemd-timesyncd.service\r\r\napparmor.service\r\r\nifup@eth0.service\r\r\n[\u001b[32m  OK  \u001b[0m] Started LSB: AppArmor initialization.\r\r\n[\u001b[32m  OK  \u001b[0m] Started ifup for eth0.\r\r\n         Starting ifup for eth0...\r\r\n         Starting LSB: Raise network interfaces....\r\r\n[\u001b[32m  OK  \u001b[0m] Started LSB: Raise network interfaces..\r\r\n[\u001b[32m  OK  \u001b[0m] Reached target Network.\r\r\n[\u001b[32m  OK  \u001b[0m] Reached target System Initialization.\r\r\n[\u001b[32m  OK  \u001b[0m] Listening on D-Bus System Message Bus Socket.\r\r\n[\u001b[32m  OK  \u001b[0m] Reached target Timers.\r\r\n         Starting Seed the pseudo random number generator on first boot...\r\r\n[\u001b[32m  OK  \u001b[0m] Listening on UUID daemon activation socket.\r\r\n[\u001b[32m  OK  \u001b[0m] Listening on ACPID Listen Socket.\r\r\n[\u001b[32m  OK  \u001b[0m] Reached target Sockets.\r\r\n[\u001b[32m  OK  \u001b[0m] Reached target Basic System.\r\r\n[\u001b[32m  OK  \u001b[0m] Started Hyper-V File Copy Protocol Daemon.\r\r\n         Starting Hyper-V File Copy Protocol Daemon...\r\r\n         Starting Restore /etc/resolv.conf i...e the ppp link was shut down....\r\r\n[\u001b[32m  OK  \u001b[0m] Started Regular background program processing daemon.\r\r\n         Starting Regular background program processing daemon...\r\r\n[\u001b[32m  OK  \u001b[0m] Started Hyper-V KVP Protocol Daemon.\r\r\n         Starting Hyper-V KVP Protocol Daemon...\r\r\n         Starting LSB: Set the CPU Frequency Scaling governor to \"ondemand\"...\r\r\n         Starting LSB: Starts the Micro Name Service Cache Daemon...\r\r\n         Starting Accounts Service...\r\r\n         Starting System Logging Service...\r\r\n[\u001b[32m  OK  \u001b[0m] Started Hyper-V VSS Protocol Daemon.\r\r\n         Starting Hyper-V VSS Protocol Daemon...\r\r\n[\u001b[32m  OK  \u001b[0m] Started Deferred execution scheduler.\r\r\n         Starting Deferred execution scheduler...\r\r\n         Starting LSB: Landscape client daemons...\r\r\n         Starting D-Bus System Message Bus...\r\r\n         Starting /etc/rc.local Compatibility...\r\r\n         Starting LSB: automatic crash report generation...\r\r\n         Starting LSB: daemon to balance interrupts for SMP systems...\r\r\n         Starting LSB: Record successful boot for GRUB...\r\r\nnetworking.service\r\r\n         Starting Initial cloud-init job (pre-networking)...\r\r\n         Starting Login Service...\r\r\n[\u001b[32m  OK  \u001b[0m] Started Restore /etc/resolv.conf if...ore the ppp link was shut down..\r\r\n[\u001b[32m  OK  \u001b[0m] Started LSB: Set the CPU Frequency Scaling governor to \"ondemand\".\r\r\n[\u001b[32m  OK  \u001b[0m] Started LSB: Landscape client daemons.\r\r\n[\u001b[32m  OK  \u001b[0m] Started /etc/rc.local Compatibility.\r\r\n[\u001b[32m  OK  \u001b[0m] Started LSB: automatic crash report generation.\r\r\nhv-fcopy-daemon.service\r\r\ncron.service\r\r\nhv-kvp-daemon.service\r\r\nhv-vss-daemon.service\r\r\n[\u001b[32m  OK  \u001b[0m] Started LSB: Starts the Micro Name Service Cache Daemon.\r\r\natd.service\r\r\nondemand.service\r\r\nlandscape-client.service\r\r\nrc-local.service\r\r\napport.service\r\r\nunscd.service\r\r\n[\u001b[32m  OK  \u001b[0m] Started D-Bus System Message Bus.\r\r\ndbus.service\r\r\n[\u001b[32m  OK  \u001b[0m] Started LSB: daemon to balance interrupts for SMP systems.\r\r\n[\u001b[32m  OK  \u001b[0m] Started LSB: Record successful boot for GRUB.\r\r\n[\u001b[32m  OK  \u001b[0m] Started System Logging Service.\r\r\nirqbalance.service\r\r\n[\u001b[32m  OK  \u001b[0m] Started Login Service.\r\r\ngrub-common.service\r\r\nrsyslog.service\r\r\nsystemd-logind.service\r\r\n[\u001b[32m  OK  \u001b[0m] Started Wait for all \"auto\" /etc/ne...be up for network-online.target.\r\r\n[\u001b[32m  OK  \u001b[0m] Reached target Network is Online.\r\r\n         Starting LSB: Cleans up any mess left by 0dns-up...\r\r\nifup-wait-all-ato.service\r\r\n[\u001b[32m  OK  \u001b[0m] Started LSB: Cleans up any mess left by 0dns-up.\r\r\ndns-clean.service\r\r\n         Starting Authenticate and Authorize Users to Run Privileged Tasks...\r\r\n[\u001b[32m  OK  \u001b[0m] Started Authenticate and Authorize Users to Run Privileged Tasks.\r\r\n[\u001b[32m  OK  \u001b[0m] Started Accounts Service.\r\r\npolkitd.service\r\r\naccounts-daemon.service\r\r\n[   27.700809] cloud-init[594]: Cloud-init v. 0.7.7 running 'init-local' at Thu, 12 Nov 2015 16:58:20 +0000. Up 27.30 seconds.\r\r\n[\u001b[32m  OK  \u001b[0m] Started Initial cloud-init job (pre-networking).\r\r\n         Starting Initial cloud-init job (metadata service crawler)...\r\r\ncloud-init-local.service\r\r\n[   29.048245] blk_update_request: I/O error, dev fd0, sector 0\r\n[   29.172124] blk_update_request: I/O error, dev fd0, sector 0\r\ntmp-tmpo9011440.mount\r\r\n[   29.453926] cloud-init[763]: + i=eth0\r\r\n[   29.459781] cloud-init[763]: + x=0\r\r\n[   29.460308] cloud-init[763]: + ifdown eth0\r\r\n[   29.503548] cloud-init[763]: Killed old client process\r\r\n[   30.515394] cloud-init[763]: Internet Systems Consortium DHCP Client 4.3.1\r\r\n[   30.518146] cloud-init[763]: Copyright 2004-2014 Internet Systems Consortium.\r\r\n[   30.523101] cloud-init[763]: All rights reserved.\r\r\n[   30.523752] cloud-init[763]: For info, please visit https://www.isc.org/software/dhcp/\r\r\n[   30.526095] cloud-init[763]: Listening on LPF/eth0/00:0d:3a:a0:23:68\r\r\n[   30.526385] cloud-init[763]: Sending on   LPF/eth0/00:0d:3a:a0:23:68\r\r\n[   30.526626] cloud-init[763]: Sending on   Socket/fallback\r\r\n[   30.621389] cloud-init[763]: DHCPRELEASE on eth0 to 168.63.129.16 port 67 (xid=0x4d0313d5)\r\r\n[   30.663609] cloud-init[763]: + ifup eth0\r\r\n[   30.690310] cloud-init[763]: Internet Systems Consortium DHCP Client 4.3.1\r\r\n[   30.696553] cloud-init[763]: Copyright 2004-2014 Internet Systems Consortium.\r\r\n[   30.701909] cloud-init[763]: All rights reserved.\r\r\n[   30.702205] cloud-init[763]: For info, please visit https://www.isc.org/software/dhcp/\r\r\n[   30.713629] cloud-init[763]: Listening on LPF/eth0/00:0d:3a:a0:23:68\r\r\n[   30.716116] cloud-init[763]: Sending on   LPF/eth0/00:0d:3a:a0:23:68\r\r\n[   30.719646] cloud-init[763]: Sending on   Socket/fallback\r\r\n[   30.719956] cloud-init[763]: DHCPDISCOVER on eth0 to 255.255.255.255 port 67 interval 3 (xid=0x2ffbdf64)\r\r\n[   30.825258] cloud-init[763]: DHCPREQUEST of 10.0.0.4 on eth0 to 255.255.255.255 port 67 (xid=0x64dffb2f)\r\r\n[   30.825472] cloud-init[763]: DHCPOFFER of 10.0.0.4 from 168.63.129.16\r\r\n[   30.905949] cloud-init[763]: DHCPACK of 10.0.0.4 from 168.63.129.16\r\r\n[   31.004999] cloud-init[763]: bound to 10.0.0.4 -- renewal in 4294967295 seconds.\r\r\n[   31.039472] cloud-init[763]: + exit 0\r\r\n[\u001b[32m  OK  \u001b[0m] Started Windows Azure Linux Agent.\r\r\n         Starting Windows Azure Linux Agent...\r\r\nwalinuxagent.service\r\r\n2015/11/12 16:58:28 Windows Azure Linux Agent Version: WALinuxAgent-2.0.13\r\r\n2015/11/12 16:58:28 Linux Distribution Detected      : Ubuntu\r\r\n2015/11/12 16:58:28 Module /lib/modules/3.19.0-22-generic/kernel/drivers/ata/ata_piix.ko driver for ATAPI CD-ROM does not exist.\r\r\nmnt-cdrom-secure.mount\r\r\n2015/11/12 16:58:28 mount: /dev/sr0 is write-protected, mounting read-only\r\r\n2015/11/12 16:58:28 mount: /dev/sr0 mounted on /mnt/cdrom/secure.\r\r\n2015/11/12 16:58:28 mount succeeded on attempt #1\r\r\n2015/11/12 16:58:28 VMM Init script not found.  Provisioning for Azure\r\r\n2015/11/12 16:58:28 IPv4 address: 10.0.0.4\r\r\n2015/11/12 16:58:28 MAC  address: 00:0D:3A:A0:23:68\r\r\n2015/11/12 16:58:28 Probing for Windows Azure environment.\r\r\n2015/11/12 16:58:29 DoDhcpWork: Setting socket.timeout=10, entering recv\r\r\n2015/11/12 16:58:29 Discovered Windows Azure endpoint: 168.63.129.16\r\r\n2015/11/12 16:58:29 Fabric preferred wire protocol version: 2015-04-05\r\r\n2015/11/12 16:58:29 Negotiated wire protocol version: 2012-11-30\r\r\n2015/11/12 16:58:29 SetBlockDeviceTimeout: Update the device sda with timeout 300\r\r\n2015/11/12 16:58:29 SetBlockDeviceTimeout: Update the device sdb with timeout 300\r\r\n2015/11/12 16:58:30 Retrieved GoalState from Windows Azure Fabric.\r\r\n2015/11/12 16:58:30 ExpectedState: Started\r\r\n2015/11/12 16:58:30 ContainerId: c59ec6ce-0bca-4fa0-96a0-263a0c9ceb25\r\r\n2015/11/12 16:58:30 RoleInstanceId: 0052dae1-984d-4143-9b05-1e7f24207aaa._xplattestvm\r\r\n2015/11/12 16:58:30 Public cert with thumbprint: 1CFC1AB82C3A82A7CF23F392FCC9EF49F2607B0C was retrieved.\r\r\n[   37.204151] blk_update_request: I/O error, dev fd0, sector 0\r\n[   37.320133] blk_update_request: I/O error, dev fd0, sector 0\r\n[   37.348281] blk_update_request: I/O error, dev fd0, sector 0\r\n[   37.376158] blk_update_request: I/O error, dev fd0, sector 0\r\ntmp-tmpsth4jsd7.mount\r\r\n[\u001b[1;31mFAILED\u001b[0m] Failed to start Seed the pseudo random number generator on first boot.\r\r\nSee \"systemctl status pollinate.service\" for details.\r\r\n[   44.043848] cloud-init[763]:
Nov 12 16:58:37 ubuntu pollinate[1096]: ERROR: Network communication failed [60]\\n16:58:36.407332 * Hostname was NOT found in DNS cache\r\r\n[   44.044274] cloud-init[763]: % Total    % Received % Xferd  Average Speed   Time    Time     Time  Current\r\r\n[   44.044539] cloud-init[763]: Dload  Upload   Total   Spent    Left  Speed\r\r\n[   44.044797] cloud-init[763]: 0     0    0     0    0     0      0      0 --:--:-- --:--:-- --:--:--     016:58:36.412047 *   Trying 91.189.94.10...\r\r\n[   44.045044] cloud-init[763]: 16:58:36.716248 * Connected to entropy.ubuntu.com (91.189.94.10) port 443 (#0)\r\r\n[   44.045289] cloud-init[763]: 16:58:36.717312 * successfully set certificate verify locations:\r\r\n[   44.045535] cloud-init[763]: 16:58:36.717365 *   CAfile: /etc/pollinate/entropy.ubuntu.com.pem\r\r\n[   44.045780] cloud-init[763]: CApath: /dev/null\r\r\n[   44.046025] cloud-init[763]: 16:58:36.717516 * SSLv3, TLS handshake, Client hello (1):\r\r\n[   44.046270] cloud-init[763]: 16:58:36.717564 } [data not shown]\r\r\n[   44.046515] cloud-init[763]: 16:58:37.035459 * SSLv3, TLS handshake, Server hello (2):\r\r\n[   44.046759] cloud-init[763]: 16:58:37.035552 { [data not shown]\r\r\n[   44.047007] cloud-init[763]: 16:58:37.035672 * SSLv3, TLS handshake, CERT (11):\r\r\n[   44.047254] cloud-init[763]: 16:58:37.035727 { [data not shown]\r\r\n[   44.047496] cloud-init[763]: 16:58:37.036338 * SSLv3, TLS alert, Server hello (2):\r\r\n[   44.047740] cloud-init[763]: 16:58:37.036398 } [data not shown]\r\r\n[   44.047984] cloud-init[763]: 16:58:37.036548 * SSL certificate problem: unable to get local issuer certificate\r\r\n[   44.057701] cloud-init[763]: 16:58:37.036608 * Closing connection 0\r\r\n[   44.058155] cloud-init[763]: curl: (60) SSL certificate problem: unable to get local issuer certificate\r\r\n[   44.058558] cloud-init[763]: More details here: http://curl.haxx.se/docs/sslcerts.html\r\r\n[   44.059007] cloud-init[763]: curl performs SSL certificate verification by default, using a \"bundle\"\r\r\n[   44.060618] cloud-init[763]: of Certificate Authority (CA) public keys (CA certs). If the default\r\r\n[   44.061070] cloud-init[763]: bundle file isn't adequate, you can specify an alternate file\r\r\n[   44.061470] cloud-init[763]: using the --cacert option.\r\r\n[   44.061853] cloud-init[763]: If this HTTPS server uses a certificate signed by a CA represented in\r\r\n[   44.066409] cloud-init[763]: the bundle, the certificate verification probably failed due to a\r\r\n[   44.066805] cloud-init[763]: problem with the certificate (it might be expired, or the name might\r\r\n[   44.067190] cloud-init[763]: not match the domain name in the URL).\r\r\n[   44.067571] cloud-init[763]: If you'd like to turn off curl's verification of the certificate, use\r\r\n[   44.067957] cloud-init[763]: the -k (or --insecure) option.\r\r\n[   44.070222] cloud-init[763]: Cloud-init v. 0.7.7 running 'init' at Thu, 12 Nov 2015 16:58:22 +0000. Up 28.54 seconds.\r\r\n[   44.070641] cloud-init[763]: ci-info: ++++++++++++++++++++++++++++++++++++++Net device info++++++++++++++++++++++++++++++++++++++\r\r\n[   44.072287] cloud-init[763]: ci-info: +--------+------+-----------------------------+---------------+-------+-------------------+\r\r\n[   44.072759] cloud-init[763]: ci-info: | Device |  Up  |           Address           |      Mask     | Scope |     Hw-Address    |\r\r\n[   44.073158] cloud-init[763]: ci-info: +--------+------+-----------------------------+---------------+-------+-------------------+\r\r\n[   44.073540] cloud-init[763]: ci-info: |  eth0  | True |           10.0.0.4          | 255.255.255.0 |   .   | 00:0d:3a:a0:23:68 |\r\r\n[   44.077174] cloud-init[763]: ci-info: |  eth0  | True | fe80::20d:3aff:fea0:2368/64 |       .       |  link | 00:0d:3a:a0:23:68 |\r\r\n[   44.077679] cloud-init[763]: ci-info: |   lo   | True |          127.0.0.1          |   255.0.0.0   |   .   |         .         |\r\r\n[   44.078088] cloud-init[763]: ci-info: |   lo   | True |           ::1/128           |       .       |  host |         .         |\r\r\n[   44.078471] cloud-init[763]: ci-info: +--------+------+-----------------------------+---------------+-------+-------------------+\r\r\n[   44.078848] cloud-init[763]: ci-info: +++++++++++++++++++++++++++++Route IPv4 info++++++++++++++++++++++++++++++\r\r\n[   44.079227] cloud-init[763]: ci-info: +-------+---------------+----------+-----------------+-----------+-------+\r\r\n[   44.079603] cloud-init[763]: ci-info: | Route |  Destination  | Gateway  |     Genmask     | Interface | Flags |\r\r\n[   44.079979] cloud-init[763]: ci-info: +-------+---------------+----------+-----------------+-----------+-------+\r\r\n[   44.080410] cloud-init[763]: ci-info: |   0   |    0.0.0.0    | 10.0.0.1 |     0.0.0.0     |    eth0   |   UG  |\r\r\n[   44.080795] cloud-init[763]: ci-info: |   1   |    10.0.0.0   | 0.0.0.0  |  255.255.255.0  |    eth0   |   U   |\r\r\n[   44.087709] cloud-init[763]: ci-info: |   2   | 168.63.129.16 | 10.0.0.1 | 255.255.255.255 |    eth0   |  UGH  |\r\r\n[   44.088537] cloud-init[763]: ci-info: +-------+---------------+----------+-----------------+-----------+-------+\r\r\n[   44.089294] cloud-init[763]: 2015-11-12 16:58:37,579 - util.py[WARNING]: Running module seed_random (<module 'cloudinit.config.cc_seed_random' from '/usr/lib/python3/dist-packages/cloudinit/config/cc_seed_random.py'>) failed\r\r\n\u0000\u0000\u0000\u0000\u0000\u0000\u0000\u0000\u0000\u0000\u0000\u0000\u0000\u0000\u0000\u0000\u0000\u0000\u0000\u0000\u0000\u0000\u0000\u0000\u0000\u0000\u0000\u0000\u0000\u0000\u0000\u0000\u0000\u0000\u0000\u0000\u0000\u0000\u0000\u0000\u0000\u0000\u0000\u0000\u0000\u0000\u0000\u0000\u0000\u0000\u0000\u0000\u0000\u0000\u0000\u0000\u0000\u0000\u0000\u0000\u0000\u0000\u0000\u0000\u0000\u0000\u0000\u0000\u0000\u0000\u0000\u0000\u0000\u0000\u0000\u0000\u0000\u0000\u0000\u0000\u0000\u0000\u0000\u0000\u0000\u0000\u0000\u0000\u0000\u0000\u0000\u0000\u0000\u0000\u0000\u0000\u0000\u0000\u0000\u0000\u0000\u0000\u0000\u0000\u0000\u0000\u0000\u0000\u0000\u0000\u0000\u0000\u0000\u0000\u0000\u0000\u0000\u0000\u0000\u0000\u0000\u0000\u0000\u0000\u0000\u0000\u0000\u0000\u0000\u0000\u0000\u0000\u0000\u0000\u0000\u0000\u0000\u0000\u0000\u0000\u0000\u0000\u0000\u0000\u0000\u0000\u0000\u0000\u0000\u0000\u0000\u0000\u0000\u0000\u0000\u0000\u0000\u0000\u0000\u0000\u0000\u0000\u0000\u0000\u0000\u0000\u0000\u0000\u0000\u0000\u0000\u0000\u0000\u0000\u0000\u0000\u0000\u0000\u0000\u0000\u0000\u0000\u0000\u0000\u0000\u0000\u0000\u0000\u0000\u0000\u0000\u0000\u0000\u0000\u0000\u0000\u0000\u0000\u0000\u0000\u0000\u0000\u0000\u0000\u0000\u0000\u0000\u0000\u0000\u0000\u0000\u0000\u0000\u0000\u0000\u0000\u0000\u0000\u0000\u0000\u0000\u0000\u0000\u0000\u0000\u0000\u0000\u0000\u0000\u0000\u0000\u0000\u0000\u0000\u0000\u0000\u0000\u0000\u0000\u0000\u0000\u0000\u0000\u0000\u0000\u0000\u0000\u0000\u0000\u0000\u0000\u0000\u0000\u0000\u0000\u0000\u0000\u0000\u0000\u0000\u0000\u0000\u0000\u0000\u0000\u0000\u0000\u0000\u0000\u0000\u0000\u0000\u0000\u0000\u0000\u0000\u0000\u0000\u0000\u0000\u0000\u0000\u0000\u0000\u0000\u0000\u0000\u0000\u0000\u0000\u0000\u0000\u0000\u0000\u0000\u0000\u0000\u0000\u0000\u0000\u0000\u0000\u0000\u0000\u0000\u0000\u0000\u0000\u0000\u0000\u0000\u0000\u0000\u0000\u0000\u0000\u0000\u0000\u0000\u0000\u0000\u0000\u0000\u0000\u0000\u0000\u0000\u0000\u0000\u0000\u0000\u0000\u0000\u0000\u0000\u0000\u0000\u0000\u0000\u0000\u0000\u0000\u0000\u0000\u0000\u0000\u0000\u0000\u0000\u0000\u0000\u0000\u0000\u0000\u0000\u0000\u0000\u0000\u0000\u0000\u0000\u0000\u0000\u0000\u0000\u0000\u0000\u0000\u0000\u0000\u0000\u0000\u0000\u0000\u0000\u0000\u0000\u0000\u0000\u0000\u0000\u0000\u0000\u0000\u0000\u0000\u0000\u0000\u0000\u0000\u0000\u0000\u0000\u0000\u0000\u0000\u0000\u0000\u0000\u0000\u0000\u0000\u0000\u0000\u0000\u0000\u0000\u0000\u0000\u0000\u0000\u0000\u0000\u0000\u0000\u0000\u0000\u0000\u0000\u0000\u0000\u0000\u0000\u0000\u0000\u0000\u0000\u0000\u0000\u0000\u0000\u0000\u0000\u0000\u0000\u0000\u0000\u0000\u0000\u0000\u0000\u0000\u0000\u0000\u0000\u0000\u0000015/11/12 16:58:40 ERROR:Can't find host key: /etc/ssh/ssh_host_rsa_key.pub\r\r\n[   47.891504] cloud-init[763]: Generating public/private rsa key pair.\r\r\n[   47.891809] cloud-init[763]: Your identification has been saved in /etc/ssh/ssh_host_rsa_key.\r\r\n[   47.892027] cloud-init[763]: Your public key has been saved in /etc/ssh/ssh_host_rsa_key.pub.\r\r\n[   47.892212] cloud-init[763]: The key fingerprint is:\r\r\n[   47.892389] cloud-init[763]: fc:be:7a:57:17:8e:f8:31:58:cb:7a:47:e1:ad:07:90 root@xplattestvm\r\r\n[   47.892566] cloud-init[763]: The key's randomart image is:\r\r\n[   47.892741] cloud-init[763]: +---[RSA 2048]----+\r\r\n[   47.892918] cloud-init[763]: |                 |\r\r\n[   47.893092] cloud-init[763]: |                 |\r\r\n[   47.893271] cloud-init[763]: |             .   |\r\r\n[   47.893447] cloud-init[763]: |       .    E. o |\r\r\n[   47.893636] cloud-init[763]: |        S   =.= +|\r\r\n[   47.893812] cloud-init[763]: |         . o *o+o|\r\r\n[   47.894000] cloud-init[763]: |          . o.++ |\r\r\n[   47.894185] cloud-init[763]: |         ....o...|\r\r\n[   47.894365] cloud-init[763]: |        .ooo. .. |\r\r\n[   47.894543] cloud-init[763]: +-----------------+\r\r\n[   48.080309] cloud-init[763]: Generating public/private dsa key pair.\r\r\n[   48.080990] cloud-init[763]: Your identification has been saved in /etc/ssh/ssh_host_dsa_key.\r\r\n[   48.081195] cloud-init[763]: Your public key has been saved in /etc/ssh/ssh_host_dsa_key.pub.\r\r\n[   48.081382] cloud-init[763]: The key fingerprint is:\r\r\n[   48.081559] cloud-init[763]: f4:b7:31:0d:9e:0f:fa:8d:a8:0e:2e:8e:18:64:1d:af root@xplattestvm\r\r\n[   48.081736] cloud-init[763]: The key's randomart image is:\r\r\n[   48.081911] cloud-init[763]: +---[DSA 1024]----+\r\r\n[   48.082086] cloud-init[763]: |                 |\r\r\n[   48.082262] cloud-init[763]: |                 |\r\r\n[   48.082436] cloud-init[763]: |   .    .   .    |\r\r\n[   48.082618] cloud-init[763]: |  . o  . . . +   |\r\r\n[   48.082797] cloud-init[763]: | o . .  S . B .  |\r\r\n[   48.082971] cloud-init[763]: |o   .      o *   |\r\r\n[   48.083148] cloud-init[763]: |.  E  .   . . .  |\r\r\n[   48.083324] cloud-init[763]: | o ... .   o o   |\r\r\n[   48.083498] cloud-init[763]: |. ......o.. o .  |\r\r\n[   48.083672] cloud-init[763]: +-----------------+\r\r\n[   48.096953] cloud-init[763]: Generating public/private ecdsa key pair.\r\r\n[   48.099481] cloud-init[763]: Your identification has been saved in /etc/ssh/ssh_host_ecdsa_key.\r\r\n[   48.099675] cloud-init[763]: Your public key has been saved in /etc/ssh/ssh_host_ecdsa_key.pub.\r\r\n[   48.099854] cloud-init[763]: The key fingerprint is:\r\r\n[   48.100063] loud-init[763]: a4:33:be:bf:11:f9:7a:46:ed:59:f3:4d:05:15:b6:b6 root@xplattestvm\r\r\n[   48.100241] cloud-init[763]: The key's randomart image is:\r\r\n[   48.100415] cloud-init[763]: +---[ECDSA 256]---+\r\r\n[   48.100588] cloud-init[763]: |               +o|\r\r\n[   48.100762] cloud-init[763]: |              o .|\r\r\n[   48.101250] cloud-init[763]: |        .      + |\r\r\n[   48.101541] cloud-init[763]: |       o .    . o|\r\r\n[   48.101820] cloud-init[763]: |      + S  .   E.|\r\r\n[   48.102094] cloud-init[763]: |     . o o. . o .|\r\r\n[   48.102367] cloud-init[763]: |      . .... o +.|\r\r\n[   48.102639] cloud-init[763]: |       . oo o   o|\r\r\n[   48.104103] cloud-init[763]: |      ..++       |\r\r\n[   48.109774] cloud-init[763]: +-----------------+\r\r\n[\u001b[1;31mFAILED\u001b[0m] Failed to start Initial cloud-init job (metadata service crawler).\r\r\nSee \"systemctl status cloud-init.service\" for details.\r\r\n[\u001b[32m  OK  \u001b[0m] Started OpenBSD Secure Shell server.\r\r\n         Starting OpenBSD Secure Shell server...\r\r\n[\u001b[32m  OK  \u001b[0m] Reached target Cloud-config availability.\r\r\n         Starting Apply the settings specified in cloud-config...\r\r\n         Starting Permit User Sessions...\r\r\n[\u001b[32m  OK  \u001b[0m] Started Permit User Sessions.\r\r\n         Starting Wait for Plymouth Boot Screen to Quit...\r\r\n         Starting Terminate Plymouth Boot Screen...\r\r\nssh.service\r\r\nsystemd-user-sessions.service\r\r\n[\u001b[32m  OK  \u001b[0m] Started Terminate Plymouth Boot Screen.\r\n[\u001b[32m  OK  \u001b[0m] Started Wait for Plymouth Boot Scree015/11/12 16:58:40 ERROR:Can't find host key: /etc/ssh/ssh_host_rsa_key.pub\r\r\n[   47.891504] cloud-init[763]: Generating public/private rsa key pair.\r\r\n[   47.891809] cloud-init[763]: Your identification has been saved in /etc/ssh/ssh_host_rsa_key.\r\r\n[   47.892027] cloud-init[763]: Your public key has been saved in /etc/ssh/ssh_host_rsa_key.pub.\r\r\n[   47.892212] cloud-init[763]: The key fingerprint is:\r\r\n[   47.892389] cloud-init[763]: fc:be:7a:57:17:8e:f8:31:58:cb:7a:47:e1:ad:07:90 root@xplattestvm\r\r\n[   47.892566] cloud-init[763]: The key's randomart image is:\r\r\n[   47.892741] cloud-init[763]: +---[RSA 2048]----+\r\r\n[   47.892918] cloud-init[763]: |                 |\r\r\n[   47.893092] cloud-init[763]: |                 |\r\r\n[   47.893271] cloud-init[763]: |             .   |\r\r\n[   47.893447] cloud-init[763]: |       .    E. o |\r\r\n[   47.893636] cloud-init[763]: |        S   =.= +|\r\r\n[   47.893812] cloud-init[763]: |         . o *o+o|\r\r\n[   47.894000] cloud-init[763]: |          . o.++ |\r\r\n[   47.894185] cloud-init[763]: |         ....o...|\r\r\n[   47.894365] cloud-init[763]: |        .ooo. .. |\r\r\n[   47.894543] cloud-init[763]: +-----------------+\r\r\n[   48.080309] cloud-init[763]: Generating public/private dsa key pair.\r\r\n[   48.080990] cloud-init[763]: Your identification has been saved in /etc/ssh/ssh_host_dsa_key.\r\r\n[   48.081195] cloud-init[763]: Your public key has been saved in /etc/ssh/ssh_host_dsa_key.pub.\r\r\n[   48.081382] cloud-init[763]: The key fingerprint is:\r\r\n[   48.081559] cloud-init[763]: f4:b7:31:0d:9e:0f:fa:8d:a8:0e:2e:8e:18:64:1d:af root@xplattestvm\r\r\n[   48.081736] cloud-init[763]: The key's randomart image is:\r\r\n[   48.081911] cloud-init[763]: +---[DSA 1024]----+\r\r\n[   48.082086] cloud-init[763]: |                 |\r\r\n[   48.082262] cloud-init[763]: |                 |\r\r\n[   48.082436] cloud-init[763]: |   .    .   .    |\r\r\n[   48.082618] cloud-init[763]: |  . o  . . . +   |\r\r\n[   48.082797] cloud-init[763]: | o . .  S . B .  |\r\r\n[   48.082971] cloud-init[763]: |o   .      o *   |\r\r\n[   48.083148] cloud-init[763]: |.  E  .   . . .  |\r\r\n[   48.083324] cloud-init[763]: | o ... .   o o   |\r\r\n[   48.083498] cloud-init[763]: |. ......o.. o .  |\r\r\n[   48.083672] cloud-init[763]: +-----------------+\r\r\n[   48.096953] cloud-init[763]: Generating public/private ecdsa key pair.\r\r\n[   48.099481] cloud-init[763]: Your identification has been saved in /etc/ssh/ssh_host_ecdsa_key.\r\r\n[   48.099675] cloud-init[763]: Your public key has been saved in /etc/ssh/ssh_host_ecdsa_key.pub.\r\r\n[   48.099854] cloud-init[763]: The key fingerprint is:\r\r\n[   48.100063] loud-init[763]: a4:33:be:bf:11:f9:7a:46:ed:59:f3:4d:05:15:b6:b6 root@xplattestvm\r\r\n[   48.100241] cloud-init[763]: The key's randomart image is:\r\r\n[   48.100415] cloud-init[763]: +---[ECDSA 256]---+\r\r\n[   48.100588] cloud-init[763]: |               +o|\r\r\n[   48.100762] cloud-init[763]: |              o .|\r\r\n[   48.101250] cloud-init[763]: |        .      + |\r\r\n[   48.101541] cloud-init[763]: |       o .    . o|\r\r\n[   48.101820] cloud-init[763]: |      + S  .   E.|\r\r\n[   48.102094] cloud-init[763]: |     . o o. . o .|\r\r\n[   48.102367] cloud-init[763]: |      . .... o +.|\r\r\n[   48.102639] cloud-init[763]: |       . oo o   o|\r\r\n[   48.104103] cloud-init[763]: |      ..++       |\r\r\n[   48.109774] cloud-init[763]: +-----------------+\r\r\n[\u001b[1;31mFAILED\u001b[0m] Failed to start Initial cloud-init job (metadata service crawler).\r\r\nSee \"systemctl status cloud-init.service\" for details.\r\r\n[\u001b[32m  OK  \u001b[0m] Started OpenBSD Secure Shell server.\r\r\n         Starting OpenBSD Secure Shell server...\r\r\n[\u001b[32m  OK  \u001b[0m] Reached target Cloud-config availability.\r\r\n         Starting Apply the settings specified in cloud-config...\r\r\n         Starting Permit User Sessions...\r\r\n[\u001b[32m  OK  \u001b[0m] Started Permit User Sessions.\r\r\n         Starting Wait for Plymouth Boot Screen to Quit...\r\r\n         Starting Terminate Plymouth Boot Screen...\r\r\nssh.service\r\r\nsystemd-user-sessions.service\r\r\n[\u001b[32m  OK  \u001b[0m] Started Terminate Plymouth Boot Screen.\r\n[\u001b[32m  OK  \u001b[0m] Started Wait for Plymouth Boot Screen to Quit.\r\n[\u001b[32m  OK  \u001b[0m] Started Getty on tty1.\r\n         Starting Getty on tty1...\r\n[\u001b[32m  OK  \u001b[0m] Started Serial Getty on ttyS0.\r\n         Starting SerialGetty on ttyS0...\r\n[\u001b[32m  OK  \u001b[0m] Reached target Login Prompts.\r\n2015/11/12 16:58:44 Finished processing ExtensionsConfig.xml\r\n2015/11/12 16:58:44 ERROR:CalledProcessError.  Error Code is 1\r\n2015/11/12 16:58:44 ERROR:CalledProcessError.  Command string was pidof  dhclient\r\n2015/11/12 16:58:44 ERROR:CalledProcessError.  Command result was \r\n[   52.644682] cloud-init[1178]: Generating locales...\r\n[   52.791110] cloud-init[1178]: en_US.UTF-8... up-to-date\r\n[   52.814440] cloud-init[1178]: Generation complete.\r\n         Stopping OpenBSD Secure Shell server...\r\n[\u001b[32m  OK  \u001b[0m] Stopped OpenBSD Secure Shell server.\r\n[\u001b[32m  OK  \u001b[0m] Started OpenBSD Secure Shell server.\r\n         Starting OpenBSD Secure Shell server...\r\n\r\r\nUbuntu 15.04 xplattestvm ttyS0\r\n\r\nxplattestvm login:
[   55.560795] cloud-init[1178]: Cloud-init v. 0.7.7 running 'modules:config' at Thu, 12 Nov 2015 16:58:42 +0000. Up 48.92 seconds.\r\n2015/11/12 16:58:49 ERROR:CalledProcessError.  Error Code is 1\r\n2015/11/12 16:58:49 ERROR:CalledProcessError.  Command string was pidof  dhclient\r\n2015/11/12 16:58:49 ERROR:CalledProcessError.  Command result was \r\nci-info: ++Authorized keys from /home/azureuser/.ssh/authorized_keys for user azureuser+++\r\nci-info: +---------+-------------------------------------------------+---------+---------+\r\nci-info: | Keytype |                Fingerprint (md5)                | Options | Comment |\r\nci-info: +---------+-------------------------------------------------+---------+---------+\r\nci-info: | ssh-rsa | 8f:df:8f:18:ba:cd:cc:63:7c:1f:ea:ae:ba:09:40:65 |    -    |    -    |\r\nci-info: +---------+-------------------------------------------------+---------+---------+\r\nec2: \r\nec2: #############################################################\r\nec2: -----BEGIN SSH HOST KEY FINGERPRINTS-----\r\nec2: 1024 f4:b7:31:0d:9e:0f:fa:8d:a8:0e:2e:8e:18:64:1d:af /etc/ssh/ssh_host_dsa_key.pub (DSA)\r\nec2: 256 a4:33:be:bf:11:f9:7a:46:ed:59:f3:4d:05:15:b6:b6 /etc/ssh/ssh_host_ecdsa_key.pub (ECDSA)\r\nec2: 2048 fc:be:7a:57:17:8e:f8:31:58:cb:7a:47:e1:ad:07:90 /etc/ssh/ssh_host_rsa_key.pub (RSA)\r\nec2: -----END SSH HOST KEY FINGERPRINTS-----\r\nec2: #############################################################\r\n-----BEGIN SSH HOST KEY KEYS-----\r\necdsa-sha2-nistp256 AAAAE2VjZHNhLXNoYTItbmlzdHAyNTYAAAAIbmlzdHAyNTYAAABBBEbezDxoDqL/zYN5ZPdXhChXzZBdJLo9Tf/pbKeq1akbhOP07WuPZLtAGQRJqd+sywiJTl1SaSXUhDAUcZLd7jU= root@xplattestvm\r\nssh-rsa AAAAB3NzaC1yc2EAAAADAQABAAABAQC+L2dSLr8/0SS+i1inITr7WNQ4ldWEqIXhaW3OGvk5QtDxpyy0YqFgUIJo3LdlnMV1F0yNg9OBcBBGAL569b+mROcPE81141/EOOe2QMwhCB7y6CpPJIBEx8f5Rc20XQVzfKOzoTOFLM+qSdtclIsoBAfrXRPWJqYariynYXWywrPUEkM/b9Jna14G7CkJm2EmxUpb+/ANpjngfoBix9boanMOEbF5HKXlAy9dwztG56gUrQwC+HoLV31gVqtNm6lmnYjgB4wl/Jc06kWCS2k8LiEHCfD/JaRu67oevmOcz2BjtFti4MdbpbTI4Y4+eK0I/EG1Ymo9x4DSkZm7arGr root@xplattestvm\r\n-----END SSH HOST KEY KEYS-----\r\n[   56.427062] cloud-init[1321]: Cloud-init v. 0.7.7 running 'modules:final' at Thu, 12 Nov 2015 16:58:49 +0000. Up 56.06 seconds.\r\n[   56.442516] cloud-init[1321]: Cloud-init v. 0.7.7 finished at Thu, 12 Nov 2015 16:58:50 +0000. Datasource DataSourceAzureNet [seed=/dev/sr0].  Up 56.41 seconds\r\n2015/11/12 16:58:54 ERROR:CalledProcessError.  Error Code is 1\r\n2015/11/12 16:58:54 ERROR:CalledProcessError.  Command string was pidof  dhclient\r\n2015/11/12 16:58:54 ERROR:CalledProcessError.  Command result was \r\n2015/11/12 16:58:59 ERROR:CalledProcessError.  Error Code is 1\r\n2015/11/12 16:59:00 ERROR:CalledProcessError.  Command string was pidof  dhclient\r\n2015/11/12 16:59:00 ERROR:CalledProcessError.  Command result was \r\n2015/11/12 16:59:05 ERROR:CalledProcessError.  Error Code is 1\r\n2015/11/12 16:59:05 ERROR:CalledProcessError.  Command string was pidof  dhclient\r\n2015/11/12 16:59:05 ERROR:CalledProcessError.  Command result was \r\n2015/11/12 16:59:10 ERROR:CalledProcessError.  Error Code is 1\r\n2015/11/12 16:59:10 ERROR:CalledProcessError.  Command string was pidof  dhclient\r\n2015/11/12 16:59:10 ERROR:CalledProcessError.  Command result was \r\n2015/11/12 16:59:15 ERROR:CalledProcessError.  Error Code is 1\r\n2015/11/12 16:59:15 ERROR:CalledProcessError.  Command string was pidof  dhclient\r\n2015/11/12 16:59:15 ERROR:CalledProcessError.  Command result was \r\n2015/11/12 16:59:21 ERROR:CalledProcessError.  Error Code is 1\r\n2015/11/12 16:59:21 ERROR:CalledProcessError.  Command string was pidof  dhclient\r\n2015/11/12 16:59:21 ERROR:CalledProcessError.  Command result was \r\n2015/11/12 16:59:26 ERROR:CalledProcessError.  Error Code is 1\r\n2015/11/12 16:59:26 ERROR:CalledProcessError.  Command string was pidof  dhclient\r\n2015/11/12 16:59:26 ERROR:CalledProcessError.  Command result was \r\n2015/11/12 16:59:31 ERROR:CalledProcessError.  Error Code is 1\r\n2015/11/12 16:59:31 ERROR:CalledProcessError.  Command string was pidof  dhclient\r\n2015/11/12 16:59:31 ERROR:CalledProcessError.  Command result was \r\n2015/11/12 16:59:36 ERROR:CalledProcessError.  Error Code is 1\r\n2015/11/12 16:59:36 ERROR:CalledProcessError.  Command string was pidof  dhclient\r\n2015/11/12 16:59:36 ERROR:CalledProcessError.  Command result was \r\n\u0000\u0000\u0000\u0000\u0000\u0000\u0000\u0000\u0000\u0000\u0000\u0000\u0000\u0000\u0000\u0000\u0000\u0000\u0000\u0000\u0000\u0000\u0000\u0000\u0000\u0000\u0000\u0000\u0000\u0000\u0000\u0000\u0000\u0000\u0000\u0000\u0000\u0000\u0000\u0000\u0000\u0000\u0000\u0000\u0000\u0000\u0000\u0000\u0000\u0000\u0000\u0000\u0000\u0000\u0000\u0000\u0000\u0000\u0000\u0000\u0000\u0000\u0000\u0000\u0000\u0000\u0000\u0000\u0000\u0000\u0000\u0000\u0000\u0000\u0000\u0000\u0000\u0000\u0000\u0000\u0000\u0000\u0000\u0000\u0000\u0000\u0000\u0000\u0000\u0000\u0000\u0000\u0000\u0000\u0000\u0000\u0000\u0000\u0000\u0000\u0000\u0000\u0000\u0000\u0000\u0000\u0000\u0000\u0000\u0000\u0000\u0000\u0000\u0000\u0000\u0000\u0000\u0000\u0000\u0000\u0000\u0000\u0000\u0000\u0000\u0000\u0000\u0000\u0000\u0000\u0000\u0000\u0000\u0000\u0000\u0000\u0000\u0000\u0000\u0000\u0000\u0000\u0000\u0000\u0000\u0000\u0000\u0000\u0000\u0000\u0000\u0000\u0000\u0000\u0000\u0000\u0000\u0000\u0000\u0000\u0000\u0000\u0000\u0000\u0000\u0000\u0000\u0000\u0000\u0000\u0000\u0000\u0000\u0000\u0000\u0000\u0000\u0000\u0000\u0000\u0000\u0000\u0000\u0000\u0000\u0000\u0000\u0000\u0000\u0000\u0000\u0000\u0000\u0000\u0000\u0000\u0000\u0000\u0000\u0000\u0000\u0000\u0000\u0000\u0000\u0000\u0000\u0000\u0000\u0000\u0000\u0000\u0000\u0000\u0000\u0000\u0000\u0000\u0000\u0000\u0000\u0000\u0000\u0000\u0000\u0000\u0000\u0000\u0000\u0000\u0000\u0000\u0000\u0000\u0000\u0000\u0000\u0000\u0000\u0000\u0000\u0000\u0000\u0000\u0000\u0000\u0000\u0000\u0000\u0000\u0000\u0000\u0000\u0000\u0000\u0000\u0000\u0000\u0000\u0000\u0000\u0000\u0000\u0000\u0000\u0000\u0000\u0000\u0000\u0000\u0000\u0000\u0000\u0000\u0000\u0000\u0000\u0000\u0000\u0000\u0000\u0000\u0000\u0000\u0000\u0000\u0000\u0000\u0000\u0000\u0000\u0000\u0000\u0000\u0000\u0000\u0000\u0000\u0000\u0000\u0000\u0000\u0000\u0000\u0000\u0000\u0000\u0000\u0000\u0000\u0000\u0000\u0000\u0000\u0000\u0000\u0000\u0000\u0000\u0000\u0000\u0000\u0000\u0000\u0000\u0000\u0000\u0000\u0000\u0000\u0000\u0000\u0000\u0000\u0000\u0000\u0000\u0000\u0000\u0000\u0000\u0000\u0000\u0000\u0000\u0000\u0000\u0000\u0000\u0000\u0000\u0000\u0000\u0000\u0000\u0000\u0000\u0000\u0000\u0000\u0000\u0000\u0000\u0000\u0000\u0000\u0000\u0000\u0000\u0000\u0000\u0000\u0000\u0000\u0000\u0000\u0000\u0000\u0000\u0000\u0000\u0000015/11/12 16:59:41 ERROR:CalledProcessError.  Error Code is 1\r\n2015/11/12 16:59:41 ERROR:CalledProcessError.  Command string was pidof  dhclient\r\n2015/11/12 16:59:41 ERROR:CalledProcessError.  Command result was \r\n015/11/12 16:59:41 ERROR:CalledProcessError.  Error Code is 1\r\n2015/11/12 16:59:41 ERROR:CalledProcessError.  Command string was pidof  dhclient\r\n2015/11/12 16:59:41 ERROR:CalledProcessError.  Command result was \r\n2015/11/12 16:59:46 ERROR:CalledProcessError.  Error Code is 1\r\n2015/11/12 16:59:46 ERROR:CalledProcessError.  Command string was pidof  dhclient\r\n2015/11/12 16:59:46 ERROR:CalledProcessError.  Command result was \r\n2015/11/12 16:59:52 ERROR:CalledProcessError.  Error Code is 1\r\n2015/11/12 16:59:52 ERROR:CalledProcessError.  Command string was pidof  dhclient\r\n2015/11/12 16:59:52 ERROR:CalledProcessError.  Command result was \r\n2015/11/12 16:59:57 ERROR:CalledProcessError.  Error Code