// This file has been autogenerated.

var profile = require('../../../lib/util/profile');

exports.getMockedProfile = function () {
  var newProfile = new profile.Profile();

  newProfile.addSubscription(new profile.Subscription({
    id: '2c224e7e-3ef5-431d-a57b-e71f4662e3a6',
    name: 'Node CLI Test',
    user: {
      name: 'user@domain.example',
      type: 'user'
    },
    tenantId: '72f988bf-86f1-41af-91ab-2d7cd011db47',
    state: 'Enabled',
    registeredProviders: [],
    _eventsCount: '1',
    isDefault: true
  }, newProfile.environments['AzureCloud']));

  return newProfile;
};

exports.setEnvironment = function() {
  process.env['AZURE_VM_TEST_LOCATION'] = 'southeastasia';
  process.env['SSHCERT'] = 'test/myCert.pem';
};

exports.scopes = [[function (nock) { 
var result = 
nock('http://management.azure.com:443')
  .get('/subscriptions/2c224e7e-3ef5-431d-a57b-e71f4662e3a6/resourceGroups/xplatTestGVMCreate5176/providers/Microsoft.Compute/virtualMachines/xplatvm?$expand=instanceView&api-version=2016-03-30')
  .reply(200, "{\r\n  \"properties\": {\r\n    \"vmId\": \"642a746d-1044-48a1-9364-cc1bf0f87e90\",\r\n    \"availabilitySet\": {\r\n      \"id\": \"/subscriptions/2c224e7e-3ef5-431d-a57b-e71f4662e3a6/resourceGroups/xplatTestGVMCreate5176/providers/Microsoft.Compute/availabilitySets/XPLATTESTAAVAIL5541\"\r\n    },\r\n    \"hardwareProfile\": {\r\n      \"vmSize\": \"Standard_DS1\"\r\n    },\r\n    \"storageProfile\": {\r\n      \"imageReference\": {\r\n        \"publisher\": \"canonical\",\r\n        \"offer\": \"UbuntuServer\",\r\n        \"sku\": \"15.10\",\r\n        \"version\": \"latest\"\r\n      },\r\n      \"osDisk\": {\r\n        \"osType\": \"Linux\",\r\n        \"name\": \"cli4b27fb4b3611f8f0-os-1463500356566\",\r\n        \"createOption\": \"FromImage\",\r\n        \"vhd\": {\r\n          \"uri\": \"https://xplatteststorage15289.blob.core.windows.net/xplatteststoragecnt13225/cli4b27fb4b3611f8f0-os-1463500356566.vhd\"\r\n        },\r\n        \"caching\": \"ReadWrite\"\r\n      },\r\n      \"dataDisks\": []\r\n    },\r\n    \"osProfile\": {\r\n      \"computerName\": \"xplatvm\",\r\n      \"adminUsername\": \"azureuser\",\r\n      \"linuxConfiguration\": {\r\n        \"disablePasswordAuthentication\": false,\r\n        \"ssh\": {\r\n          \"publicKeys\": [\r\n            {\r\n              \"path\": \"/home/azureuser/.ssh/authorized_keys\",\r\n              \"keyData\": \"MIID/zCCAuegAwIBAgIJAMUAa+XVLvAeMA0GCSqGSIb3DQEBBQUAMIGVMQswCQYD\\r\\nVQQGEwJJbjESMBAGA1UECAwJS2FybmF0YWthMRIwEAYDVQQHDAlCYW5nYWxvcmUx\\r\\nEDAOBgNVBAoMB2JyaWxsaW8xEjAQBgNVBAsMCW1pY3Jvc29mdDEQMA4GA1UEAwwH\\r\\nYnJpbGxpbzEmMCQGCSqGSIb3DQEJARYXc3JlZWthbnRoYnNAeWFob28uY28uaW4w\\r\\nHhcNMTUwMzA1MTE1MzEyWhcNMTYwMzA0MTE1MzEyWjCBlTELMAkGA1UEBhMCSW4x\\r\\nEjAQBgNVBAgMCUthcm5hdGFrYTESMBAGA1UEBwwJQmFuZ2Fsb3JlMRAwDgYDVQQK\\r\\nDAdicmlsbGlvMRIwEAYDVQQLDAltaWNyb3NvZnQxEDAOBgNVBAMMB2JyaWxsaW8x\\r\\nJjAkBgkqhkiG9w0BCQEWF3NyZWVrYW50aGJzQHlhaG9vLmNvLmluMIIBIjANBgkq\\r\\nhkiG9w0BAQEFAAOCAQ8AMIIBCgKCAQEAyUNKaOuT0NK+S8Ck81zy9xJ6hXfZvAC6\\r\\nlhbmf/6s/WVimJ/TX5NMhQJwC9k6ZIF92KfYrojHNvHDufSZ3EtKUVwRFCDjmgMT\\r\\nDL09WkGaZt7gROYFK0iZ4KrYGovUwlwum9fHB24OJiOV4bi0ek62/rHx9fjYZpvp\\r\\naIH2PV/hN8SCZ0x7HJMberD4gVoU/Kv42nNvwjLUW6IZfVx/Gv5OeFDtWHfSvUEF\\r\\ndadHKTPn3Ab20Iu6gZIbLO9Vuf38/IpaYGfnFCouHdzmiTiLieYNe3CUPcOJNSv7\\r\\n1G8KYpx3uNJRkJPab5OsRyJw75Gvzkr9OgaPss9tVD6Gt68u3WQtVQIDAQABo1Aw\\r\\nTjAdBgNVHQ4EFgQUogvhXB+xZ2JJPfLO6cVs4ForzscwHwYDVR0jBBgwFoAUogvh\\r\\nXB+xZ2JJPfLO6cVs4ForzscwDAYDVR0TBAUwAwEB/zANBgkqhkiG9w0BAQUFAAOC\\r\\nAQEAdDj7qUNJ45xlF5cjd+4x5NHvAD1VTjOKu+Xh/uzSSjXqB2F0aOMWA9lx0qaQ\\r\\noJgHkGxj3zz/W7ik/cVGL2O+vRIOKv/y0OPogEmS3Hw+P+O6OGE7x1G6YN0zLVoL\\r\\nu4BN/BEYmjttxM9I7qqL7C5cJoE+K3s/w1/pt/68ohJcr7F9Ohi7cso62xuGY1Rm\\r\\nksAh2EUDsU9JV/P+C9AMpLSrb03JJYzVj4w1RHbrmw2AjFyGXdQYkggyXisg+Ifr\\r\\n5gbNN7HigpHf7b2i3CQBUqp9m23frh5AhnLI2qp3UXgc52U5ieLdi/t6j0TTZqqY\\r\\nHhHqofKrj938HHlBNpC5/LVh3w==\\r\\n\"\r\n            }\r\n          ]\r\n        }\r\n      },\r\n      \"secrets\": []\r\n    },\r\n    \"networkProfile\": {\"networkInterfaces\":[{\"id\":\"/subscriptions/2c224e7e-3ef5-431d-a57b-e71f4662e3a6/resourceGroups/xplatTestGVMCreate5176/providers/Microsoft.Network/networkInterfaces/xplattestnic\"}]},\r\n    \"diagnosticsProfile\": {\r\n      \"bootDiagnostics\": {\r\n        \"enabled\": true,\r\n        \"storageUri\": \"https://xplatteststorage15289.blob.core.windows.net/\"\r\n      }\r\n    },\r\n    \"provisioningState\": \"Succeeded\",\r\n    \"instanceView\": {\r\n      \"platformUpdateDomain\": 0,\r\n      \"platformFaultDomain\": 0,\r\n      \"vmAgent\": {\r\n        \"vmAgentVersion\": \"2.1.3\",\r\n        \"statuses\": [\r\n          {\r\n            \"code\": \"ProvisioningState/succeeded\",\r\n            \"level\": \"Info\",\r\n            \"displayStatus\": \"Ready\",\r\n            \"message\": \"Guest Agent is running\",\r\n            \"time\": \"2016-05-17T16:05:01+00:00\"\r\n          }\r\n        ],\r\n        \"extensionHandlers\": []\r\n      },\r\n      \"disks\": [\r\n        {\r\n          \"name\": \"cli4b27fb4b3611f8f0-os-1463500356566\",\r\n          \"statuses\": [\r\n            {\r\n              \"code\": \"ProvisioningState/succeeded\",\r\n              \"level\": \"Info\",\r\n              \"displayStatus\": \"Provisioning succeeded\",\r\n              \"time\": \"2016-05-17T15:53:34.0454818+00:00\"\r\n            }\r\n          ]\r\n        }\r\n      ],\r\n      \"bootDiagnostics\": {\r\n        \"consoleScreenshotBlobUri\": \"https://xplatteststorage15289.blob.core.windows.net/bootdiagnostics-xplatvm-642a746d-1044-48a1-9364-cc1bf0f87e90/xplatvm.642a746d-1044-48a1-9364-cc1bf0f87e90.screenshot.bmp\",\r\n        \"serialConsoleLogBlobUri\": \"https://xplatteststorage15289.blob.core.windows.net/bootdiagnostics-xplatvm-642a746d-1044-48a1-9364-cc1bf0f87e90/xplatvm.642a746d-1044-48a1-9364-cc1bf0f87e90.serialconsole.log\"\r\n      },\r\n      \"statuses\": [\r\n        {\r\n          \"code\": \"ProvisioningState/succeeded\",\r\n          \"level\": \"Info\",\r\n          \"displayStatus\": \"Provisioning succeeded\",\r\n          \"time\": \"2016-05-17T15:55:08.8635392+00:00\"\r\n        },\r\n        {\r\n          \"code\": \"PowerState/running\",\r\n          \"level\": \"Info\",\r\n          \"displayStatus\": \"VM running\"\r\n        }\r\n      ]\r\n    }\r\n  },\r\n  \"id\": \"/subscriptions/2c224e7e-3ef5-431d-a57b-e71f4662e3a6/resourceGroups/xplatTestGVMCreate5176/providers/Microsoft.Compute/virtualMachines/xplatvm\",\r\n  \"name\": \"xplatvm\",\r\n  \"type\": \"Microsoft.Compute/virtualMachines\",\r\n  \"location\": \"southeastasia\",\r\n  \"tags\": {\r\n    \"a\": \"b\",\r\n    \"b\": \"c\",\r\n    \"d\": \"\"\r\n  }\r\n}", { 'cache-control': 'no-cache',
  pragma: 'no-cache',
  'content-length': '5215',
  'content-type': 'application/json; charset=utf-8',
  expires: '-1',
  'strict-transport-security': 'max-age=31536000; includeSubDomains',
  'x-ms-served-by': '9bcaa9de-92b1-485f-8528-dfb04fe7611e_131079500134483096',
  'x-ms-request-id': 'fff8bc38-df65-4bcb-a75f-e5bb745eecd4',
  server: 'Microsoft-HTTPAPI/2.0, Microsoft-HTTPAPI/2.0',
  'x-ms-ratelimit-remaining-subscription-reads': '14997',
  'x-ms-correlation-request-id': '2b9c0086-9b0e-4212-8dcb-f2612c283477',
  'x-ms-routing-request-id': 'WESTEUROPE:20160517T160503Z:2b9c0086-9b0e-4212-8dcb-f2612c283477',
  date: 'Tue, 17 May 2016 16:05:03 GMT',
  connection: 'close' });
 return result; },
function (nock) { 
var result = 
nock('https://management.azure.com:443')
  .get('/subscriptions/2c224e7e-3ef5-431d-a57b-e71f4662e3a6/resourceGroups/xplatTestGVMCreate5176/providers/Microsoft.Compute/virtualMachines/xplatvm?$expand=instanceView&api-version=2016-03-30')
  .reply(200, "{\r\n  \"properties\": {\r\n    \"vmId\": \"642a746d-1044-48a1-9364-cc1bf0f87e90\",\r\n    \"availabilitySet\": {\r\n      \"id\": \"/subscriptions/2c224e7e-3ef5-431d-a57b-e71f4662e3a6/resourceGroups/xplatTestGVMCreate5176/providers/Microsoft.Compute/availabilitySets/XPLATTESTAAVAIL5541\"\r\n    },\r\n    \"hardwareProfile\": {\r\n      \"vmSize\": \"Standard_DS1\"\r\n    },\r\n    \"storageProfile\": {\r\n      \"imageReference\": {\r\n        \"publisher\": \"canonical\",\r\n        \"offer\": \"UbuntuServer\",\r\n        \"sku\": \"15.10\",\r\n        \"version\": \"latest\"\r\n      },\r\n      \"osDisk\": {\r\n        \"osType\": \"Linux\",\r\n        \"name\": \"cli4b27fb4b3611f8f0-os-1463500356566\",\r\n        \"createOption\": \"FromImage\",\r\n        \"vhd\": {\r\n          \"uri\": \"https://xplatteststorage15289.blob.core.windows.net/xplatteststoragecnt13225/cli4b27fb4b3611f8f0-os-1463500356566.vhd\"\r\n        },\r\n        \"caching\": \"ReadWrite\"\r\n      },\r\n      \"dataDisks\": []\r\n    },\r\n    \"osProfile\": {\r\n      \"computerName\": \"xplatvm\",\r\n      \"adminUsername\": \"azureuser\",\r\n      \"linuxConfiguration\": {\r\n        \"disablePasswordAuthentication\": false,\r\n        \"ssh\": {\r\n          \"publicKeys\": [\r\n            {\r\n              \"path\": \"/home/azureuser/.ssh/authorized_keys\",\r\n              \"keyData\": \"MIID/zCCAuegAwIBAgIJAMUAa+XVLvAeMA0GCSqGSIb3DQEBBQUAMIGVMQswCQYD\\r\\nVQQGEwJJbjESMBAGA1UECAwJS2FybmF0YWthMRIwEAYDVQQHDAlCYW5nYWxvcmUx\\r\\nEDAOBgNVBAoMB2JyaWxsaW8xEjAQBgNVBAsMCW1pY3Jvc29mdDEQMA4GA1UEAwwH\\r\\nYnJpbGxpbzEmMCQGCSqGSIb3DQEJARYXc3JlZWthbnRoYnNAeWFob28uY28uaW4w\\r\\nHhcNMTUwMzA1MTE1MzEyWhcNMTYwMzA0MTE1MzEyWjCBlTELMAkGA1UEBhMCSW4x\\r\\nEjAQBgNVBAgMCUthcm5hdGFrYTESMBAGA1UEBwwJQmFuZ2Fsb3JlMRAwDgYDVQQK\\r\\nDAdicmlsbGlvMRIwEAYDVQQLDAltaWNyb3NvZnQxEDAOBgNVBAMMB2JyaWxsaW8x\\r\\nJjAkBgkqhkiG9w0BCQEWF3NyZWVrYW50aGJzQHlhaG9vLmNvLmluMIIBIjANBgkq\\r\\nhkiG9w0BAQEFAAOCAQ8AMIIBCgKCAQEAyUNKaOuT0NK+S8Ck81zy9xJ6hXfZvAC6\\r\\nlhbmf/6s/WVimJ/TX5NMhQJwC9k6ZIF92KfYrojHNvHDufSZ3EtKUVwRFCDjmgMT\\r\\nDL09WkGaZt7gROYFK0iZ4KrYGovUwlwum9fHB24OJiOV4bi0ek62/rHx9fjYZpvp\\r\\naIH2PV/hN8SCZ0x7HJMberD4gVoU/Kv42nNvwjLUW6IZfVx/Gv5OeFDtWHfSvUEF\\r\\ndadHKTPn3Ab20Iu6gZIbLO9Vuf38/IpaYGfnFCouHdzmiTiLieYNe3CUPcOJNSv7\\r\\n1G8KYpx3uNJRkJPab5OsRyJw75Gvzkr9OgaPss9tVD6Gt68u3WQtVQIDAQABo1Aw\\r\\nTjAdBgNVHQ4EFgQUogvhXB+xZ2JJPfLO6cVs4ForzscwHwYDVR0jBBgwFoAUogvh\\r\\nXB+xZ2JJPfLO6cVs4ForzscwDAYDVR0TBAUwAwEB/zANBgkqhkiG9w0BAQUFAAOC\\r\\nAQEAdDj7qUNJ45xlF5cjd+4x5NHvAD1VTjOKu+Xh/uzSSjXqB2F0aOMWA9lx0qaQ\\r\\noJgHkGxj3zz/W7ik/cVGL2O+vRIOKv/y0OPogEmS3Hw+P+O6OGE7x1G6YN0zLVoL\\r\\nu4BN/BEYmjttxM9I7qqL7C5cJoE+K3s/w1/pt/68ohJcr7F9Ohi7cso62xuGY1Rm\\r\\nksAh2EUDsU9JV/P+C9AMpLSrb03JJYzVj4w1RHbrmw2AjFyGXdQYkggyXisg+Ifr\\r\\n5gbNN7HigpHf7b2i3CQBUqp9m23frh5AhnLI2qp3UXgc52U5ieLdi/t6j0TTZqqY\\r\\nHhHqofKrj938HHlBNpC5/LVh3w==\\r\\n\"\r\n            }\r\n          ]\r\n        }\r\n      },\r\n      \"secrets\": []\r\n    },\r\n    \"networkProfile\": {\"networkInterfaces\":[{\"id\":\"/subscriptions/2c224e7e-3ef5-431d-a57b-e71f4662e3a6/resourceGroups/xplatTestGVMCreate5176/providers/Microsoft.Network/networkInterfaces/xplattestnic\"}]},\r\n    \"diagnosticsProfile\": {\r\n      \"bootDiagnostics\": {\r\n        \"enabled\": true,\r\n        \"storageUri\": \"https://xplatteststorage15289.blob.core.windows.net/\"\r\n      }\r\n    },\r\n    \"provisioningState\": \"Succeeded\",\r\n    \"instanceView\": {\r\n      \"platformUpdateDomain\": 0,\r\n      \"platformFaultDomain\": 0,\r\n      \"vmAgent\": {\r\n        \"vmAgentVersion\": \"2.1.3\",\r\n        \"statuses\": [\r\n          {\r\n            \"code\": \"ProvisioningState/succeeded\",\r\n            \"level\": \"Info\",\r\n            \"displayStatus\": \"Ready\",\r\n            \"message\": \"Guest Agent is running\",\r\n            \"time\": \"2016-05-17T16:05:01+00:00\"\r\n          }\r\n        ],\r\n        \"extensionHandlers\": []\r\n      },\r\n      \"disks\": [\r\n        {\r\n          \"name\": \"cli4b27fb4b3611f8f0-os-1463500356566\",\r\n          \"statuses\": [\r\n            {\r\n              \"code\": \"ProvisioningState/succeeded\",\r\n              \"level\": \"Info\",\r\n              \"displayStatus\": \"Provisioning succeeded\",\r\n              \"time\": \"2016-05-17T15:53:34.0454818+00:00\"\r\n            }\r\n          ]\r\n        }\r\n      ],\r\n      \"bootDiagnostics\": {\r\n        \"consoleScreenshotBlobUri\": \"https://xplatteststorage15289.blob.core.windows.net/bootdiagnostics-xplatvm-642a746d-1044-48a1-9364-cc1bf0f87e90/xplatvm.642a746d-1044-48a1-9364-cc1bf0f87e90.screenshot.bmp\",\r\n        \"serialConsoleLogBlobUri\": \"https://xplatteststorage15289.blob.core.windows.net/bootdiagnostics-xplatvm-642a746d-1044-48a1-9364-cc1bf0f87e90/xplatvm.642a746d-1044-48a1-9364-cc1bf0f87e90.serialconsole.log\"\r\n      },\r\n      \"statuses\": [\r\n        {\r\n          \"code\": \"ProvisioningState/succeeded\",\r\n          \"level\": \"Info\",\r\n          \"displayStatus\": \"Provisioning succeeded\",\r\n          \"time\": \"2016-05-17T15:55:08.8635392+00:00\"\r\n        },\r\n        {\r\n          \"code\": \"PowerState/running\",\r\n          \"level\": \"Info\",\r\n          \"displayStatus\": \"VM running\"\r\n        }\r\n      ]\r\n    }\r\n  },\r\n  \"id\": \"/subscriptions/2c224e7e-3ef5-431d-a57b-e71f4662e3a6/resourceGroups/xplatTestGVMCreate5176/providers/Microsoft.Compute/virtualMachines/xplatvm\",\r\n  \"name\": \"xplatvm\",\r\n  \"type\": \"Microsoft.Compute/virtualMachines\",\r\n  \"location\": \"southeastasia\",\r\n  \"tags\": {\r\n    \"a\": \"b\",\r\n    \"b\": \"c\",\r\n    \"d\": \"\"\r\n  }\r\n}", { 'cache-control': 'no-cache',
  pragma: 'no-cache',
  'content-length': '5215',
  'content-type': 'application/json; charset=utf-8',
  expires: '-1',
  'strict-transport-security': 'max-age=31536000; includeSubDomains',
  'x-ms-served-by': '9bcaa9de-92b1-485f-8528-dfb04fe7611e_131079500134483096',
  'x-ms-request-id': 'fff8bc38-df65-4bcb-a75f-e5bb745eecd4',
  server: 'Microsoft-HTTPAPI/2.0, Microsoft-HTTPAPI/2.0',
  'x-ms-ratelimit-remaining-subscription-reads': '14997',
  'x-ms-correlation-request-id': '2b9c0086-9b0e-4212-8dcb-f2612c283477',
  'x-ms-routing-request-id': 'WESTEUROPE:20160517T160503Z:2b9c0086-9b0e-4212-8dcb-f2612c283477',
  date: 'Tue, 17 May 2016 16:05:03 GMT',
  connection: 'close' });
 return result; },
function (nock) { 
var result = 
nock('http://management.azure.com:443')
  .post('/subscriptions/2c224e7e-3ef5-431d-a57b-e71f4662e3a6/resourceGroups/xplatTestGVMCreate5176/providers/Microsoft.Storage/storageAccounts/xplatteststorage15289/listKeys?api-version=2016-01-01')
  .reply(200, "{\"keys\":[{\"keyName\":\"key1\",\"permissions\":\"Full\",\"value\":\"UWwH/H8TnNBG4gf1V03x2nJSNx6YHipozHx4JKVGNOzRXhjdfmnoryJYTl5TwSwL6T6JMOwL1RG+7wHXlHgDvw==\"},{\"keyName\":\"key2\",\"permissions\":\"Full\",\"value\":\"WJBeBcEIFIiUbUE4TdDqGgtfObCny0ReKdyrZsppYWIvegKNjYvOwo5wwEqh8C7EfQZQJMJZNvC1f31Hqpp/EQ==\"}]}\n", { 'cache-control': 'no-cache',
  pragma: 'no-cache',
  'content-length': '289',
  'content-type': 'application/json',
  expires: '-1',
  'x-ms-request-id': 'c9be531b-fe10-40e9-b966-e0c81b9fc97d',
  server: 'Microsoft-Azure-Storage-Resource-Provider/1.0, Microsoft-HTTPAPI/2.0',
  'x-ms-ratelimit-remaining-subscription-writes': '1199',
  'x-ms-correlation-request-id': 'c9be531b-fe10-40e9-b966-e0c81b9fc97d',
  'x-ms-routing-request-id': 'WESTEUROPE:20160517T160504Z:c9be531b-fe10-40e9-b966-e0c81b9fc97d',
  'strict-transport-security': 'max-age=31536000; includeSubDomains',
  date: 'Tue, 17 May 2016 16:05:04 GMT',
  connection: 'close' });
 return result; },
function (nock) { 
var result = 
nock('https://management.azure.com:443')
  .post('/subscriptions/2c224e7e-3ef5-431d-a57b-e71f4662e3a6/resourceGroups/xplatTestGVMCreate5176/providers/Microsoft.Storage/storageAccounts/xplatteststorage15289/listKeys?api-version=2016-01-01')
  .reply(200, "{\"keys\":[{\"keyName\":\"key1\",\"permissions\":\"Full\",\"value\":\"UWwH/H8TnNBG4gf1V03x2nJSNx6YHipozHx4JKVGNOzRXhjdfmnoryJYTl5TwSwL6T6JMOwL1RG+7wHXlHgDvw==\"},{\"keyName\":\"key2\",\"permissions\":\"Full\",\"value\":\"WJBeBcEIFIiUbUE4TdDqGgtfObCny0ReKdyrZsppYWIvegKNjYvOwo5wwEqh8C7EfQZQJMJZNvC1f31Hqpp/EQ==\"}]}\n", { 'cache-control': 'no-cache',
  pragma: 'no-cache',
  'content-length': '289',
  'content-type': 'application/json',
  expires: '-1',
  'x-ms-request-id': 'c9be531b-fe10-40e9-b966-e0c81b9fc97d',
  server: 'Microsoft-Azure-Storage-Resource-Provider/1.0, Microsoft-HTTPAPI/2.0',
  'x-ms-ratelimit-remaining-subscription-writes': '1199',
  'x-ms-correlation-request-id': 'c9be531b-fe10-40e9-b966-e0c81b9fc97d',
  'x-ms-routing-request-id': 'WESTEUROPE:20160517T160504Z:c9be531b-fe10-40e9-b966-e0c81b9fc97d',
  'strict-transport-security': 'max-age=31536000; includeSubDomains',
  date: 'Tue, 17 May 2016 16:05:04 GMT',
  connection: 'close' });
 return result; },
function (nock) { 
var result = 
nock('http://xplatteststorage15289.blob.core.windows.net:443')
  .head('/bootdiagnostics-xplatvm-642a746d-1044-48a1-9364-cc1bf0f87e90/xplatvm.642a746d-1044-48a1-9364-cc1bf0f87e90.serialconsole.log')
  .reply(200, "", { 'content-length': '61440',
  'content-type': 'text/plain',
  'last-modified': 'Tue, 17 May 2016 16:02:57 GMT',
  'accept-ranges': 'bytes',
  etag: '"0x8D37E6CB6E67048"',
  server: 'Windows-Azure-Blob/1.0 Microsoft-HTTPAPI/2.0',
  'x-ms-request-id': '940c22d2-0001-001f-5155-b0ad8f000000',
  'x-ms-version': '2015-02-21',
  'x-ms-write-protection': 'false',
  'x-ms-lease-status': 'unlocked',
  'x-ms-lease-state': 'available',
  'x-ms-blob-type': 'PageBlob',
  'x-ms-blob-sequence-number': '0',
  date: 'Tue, 17 May 2016 16:05:05 GMT',
  connection: 'close' });
 return result; },
function (nock) { 
var result = 
nock('https://xplatteststorage15289.blob.core.windows.net:443')
  .head('/bootdiagnostics-xplatvm-642a746d-1044-48a1-9364-cc1bf0f87e90/xplatvm.642a746d-1044-48a1-9364-cc1bf0f87e90.serialconsole.log')
  .reply(200, "", { 'content-length': '61440',
  'content-type': 'text/plain',
  'last-modified': 'Tue, 17 May 2016 16:02:57 GMT',
  'accept-ranges': 'bytes',
  etag: '"0x8D37E6CB6E67048"',
  server: 'Windows-Azure-Blob/1.0 Microsoft-HTTPAPI/2.0',
  'x-ms-request-id': '940c22d2-0001-001f-5155-b0ad8f000000',
  'x-ms-version': '2015-02-21',
  'x-ms-write-protection': 'false',
  'x-ms-lease-status': 'unlocked',
  'x-ms-lease-state': 'available',
  'x-ms-blob-type': 'PageBlob',
  'x-ms-blob-sequence-number': '0',
  date: 'Tue, 17 May 2016 16:05:05 GMT',
  connection: 'close' });
 return result; },
function (nock) { 
var result = 
nock('http://xplatteststorage15289.blob.core.windows.net:443')
  .get('/bootdiagnostics-xplatvm-642a746d-1044-48a1-9364-cc1bf0f87e90/xplatvm.642a746d-1044-48a1-9364-cc1bf0f87e90.serialconsole.log')
  .reply(200, "\u001b[H\u001b[J\u001b[1;1H[    0.000000] Initializing cgroup subsys cpuset\r\n[    0.000000] Initializing cgroup subsys cpu\r\n[    0.000000] Initializing cgroup subsys cpuacct\r\n[    0.000000] Linux version 4.2.0-36-generic (buildd@lgw01-42) (gcc version 5.2.1 20151010 (Ubuntu 5.2.1-22ubuntu2) ) #42-Ubuntu SMP Thu May 12 22:05:35 UTC 2016 (Ubuntu 4.2.0-36.42-generic 4.2.8-ckt8)\r\n[    0.000000] Command line: BOOT_IMAGE=/boot/vmlinuz-4.2.0-36-generic root=UUID=35363d62-901d-453f-b6d4-49e047247b73 ro console=tty1 console=ttyS0 earlyprintk=ttyS0 rootdelay=300\r\n[    0.000000] KERNEL supported cpus:\r\n[    0.000000]   Intel GenuineIntel\r\n[    0.000000]   AMD AuthenticAMD\r\n[    0.000000]   Centaur CentaurHauls\r\n[    0.000000] x86/fpu: xstate_offset[2]: 0240, xstate_sizes[2]: 0100\r\n[    0.000000] x86/fpu: Supporting XSAVE feature 0x01: 'x87 floating point registers'\r\n[    0.000000] x86/fpu: Supporting XSAVE feature 0x02: 'SSE registers'\r\n[    0.000000] x86/fpu: Supporting XSAVE feature 0x04: 'AVX registers'\r\n[    0.000000] x86/fpu: Enabled xstate features 0x7, context size is 0x340 bytes, using 'standard' format.\r\n[    0.000000] x86/fpu: Using 'eager' FPU context switches.\r\n[    0.000000] e820: BIOS-provided physical RAM map:\r\n[    0.000000] BIOS-e820: [mem 0x0000000000000000-0x000000000009fbff] usable\r\n[    0.000000] BIOS-e820: [mem 0x000000000009fc00-0x000000000009ffff] reserved\r\n[    0.000000] BIOS-e820: [mem 0x00000000000e0000-0x00000000000fffff] reserved\r\n[    0.000000] BIOS-e820: [mem 0x0000000000100000-0x000000001ffeffff] usable\r\n[    0.000000] BIOS-e820: [mem 0x000000001fff0000-0x000000001fffefff] ACPI data\r\n[    0.000000] BIOS-e820: [mem 0x000000001ffff000-0x000000001fffffff] ACPI NVS\r\n[    0.000000] BIOS-e820: [mem 0x0000000100000000-0x00000001bfffffff] usable\r\n[    0.000000] bootconsole [earlyser0] enabled\r\n[    0.000000] NX (Execute Disable) protection: active\r\n[    0.000000] SMBIOS 2.3 present.\r\n[    0.000000] Hypervisor detected: Microsoft HyperV\r\n[    0.000000] HyperV: features 0xe7f, hints 0x2c\r\n[    0.000000] HyperV: LAPIC Timer Frequency: 0xc3500\r\n[    0.000000] clocksource: hyperv_clocksource: mask: 0xffffffffffffffff max_cycles: 0x24e6a1710, max_idle_ns: 440795202120 ns\r\n[    0.000000] tsc: Marking TSC unstable due to running on Hyper-V\r\n[    0.000000] e820: last_pfn = 0x1c0000 max_arch_pfn = 0x400000000\r\n[    0.000000] x86/PAT: Configuration [0-7]: WB  WC  UC- UC  WB  WC  UC- WT  \r\n[    0.000000] e820: last_pfn = 0x1fff0 max_arch_pfn = 0x400000000\r\n[    0.000000] found SMP MP-table at [mem 0x000ff780-0x000ff78f] mapped at [ffff8800000ff780]\r\n[    0.000000] Scanning 1 areas for low memory corruption\r\n[    0.000000] init_memory_mapping: [mem 0x00000000-0x000fffff]\r\n[    0.000000] init_memory_mapping: [mem 0x1bfe00000-0x1bfffffff]\r\n[    0.000000] init_memory_mapping: [mem 0x1a0000000-0x1bfdfffff]\r\n[    0.000000] init_memory_mapping: [mem 0x00100000-0x1ffeffff]\r\n[    0.000000] init_memory_mapping: [mem 0x100000000-0x19fffffff]\r\n[    0.000000] RAMDISK: [mem 0x1d9c0000-0x1f78ffff]\r\n[    0.000000] ACPI: Early table checksum verification disabled\r\n[    0.000000] ACPI: RSDP 0x00000000000F56F0 000014 (v00 ACPIAM)\r\n[    0.000000] ACPI: RSDT 0x000000001FFF0000 000040 (v01 VRTUAL MICROSFT 05001223 MSFT 00000097)\r\n[    0.000000] ACPI: FACP 0x000000001FFF0200 000081 (v02 VRTUAL MICROSFT 05001223 MSFT 00000097)\r\n[    0.000000] ACPI: DSDT 0x000000001FFF1724 002E78 (v01 MSFTVM MSFTVM02 00000002 INTL 02002026)\r\n[    0.000000] ACPI: FACS 0x000000001FFFF000 000040\r\n[    0.000000] ACPI: WAET 0x000000001FFF1480 000028 (v01 VRTUAL MICROSFT 05001223 MSFT 00000097)\r\n[    0.000000] ACPI: SLIC 0x000000001FFF14C0 000176 (v01 VRTUAL MICROSFT 05001223 MSFT 00000097)\r\n[    0.000000] ACPI: OEM0 0x000000001FFF16C0 000064 (v01 VRTUAL MICROSFT 05001223 MSFT 00000097)\r\n[    0.000000] ACPI: SRAT 0x000000001FFF0600 000090 (v02 VRTUAL MICROSFT 00000001 MSFT 00000001)\r\n[    0.000000] ACPI: APIC 0x000000001FFF0300 00024C (v01 VRTUAL MICROSFT 05001223 MSFT 00000097)\r\n[    0.000000] ACPI: OEMB 0x000000001FFFF040 000064 (v01 VRTUAL MICROSFT 05001223 MSFT 00000097)\r\n[    0.000000] SRAT: PXM 0 -> APIC 0x00 -> Node 0\r\n[    0.000000] SRAT: Node 0 PXM 0 [mem 0x00000000-0x1fffffff]\r\n[    0.000000] SRAT: Node 0 PXM 0 [mem 0x100000000-0x1bfffffff]\r\n[    0.000000] NUMA: Node 0 [mem 0x00000000-0x1fffffff] + [mem 0x100000000-0x1bfffffff] -> [mem 0x00000000-0x1bfffffff]\r\n[    0.000000] NODE_DATA(0) allocated [mem 0x1bfffa000-0x1bfffefff]\r\n[    0.000000] Zone ranges:\r\n[    0.000000]   DMA      [mem 0x0000000000001000-0x0000000000ffffff]\r\n[    0.000000]   DMA32    [mem 0x0000000001000000-0x00000000ffffffff]\r\n[    0.000000]   Normal   [mem 0x0000000100000000-0x00000001bfffffff]\r\n[    0.000000] Movable zone start for each node\r\n[    0.000000] Early memory node ranges\r\n[    0.000000]   node   0: [mem 0x0000000000001000-0x000000000009efff]\r\n[    0.000000]   node   0: [mem 0x0000000000100000-0x000000001ffeffff]\r\n[    0.000000]   node   0: [mem 0x0000000100000000-0x00000001bfffffff]\r\n[    0.000000] Initmem setup node 0 [mem 0x0000000000001000-0x00000001bfffffff]\r\n[    0.000000] ACPI: PM-Timer IO Port: 0x408\r\n[    0.000000] IOAPIC[0]: apic_id 0, version 17, address 0xfec00000, GSI 0-23\r\n[    0.000000] ACPI: INT_SRC_OVR (bus 0 bus_irq 0 global_irq 2 dfl dfl)\r\n[    0.000000] ACPI: INT_SRC_OVR (bus 0 bus_irq 9 global_irq 9 high level)\r\n[    0.000000] Using ACPI (MADT) for SMP configuration information\r\n[    0.000000] smpboot: Allowing 64 CPUs, 63 hotplug CPUs\r\n[    0.000000] PM: Registered nosave memory: [mem 0x00000000-0x00000fff]\r\n[    0.000000] PM: Registered nosave memory: [mem 0x0009f000-0x0009ffff]\r\n[    0.000000] PM: Registered nosave memory: [mem 0x000a0000-0x000dffff]\r\n[    0.000000] PM: Registered nosave memory: [mem 0x000e0000-0x000fffff]\r\n[    0.000000] PM: Registered nosave memory: [mem 0x1fff0000-0x1fffefff]\r\n[    0.000000] PM: Registered nosave memory: [mem 0x1ffff000-0x1fffffff]\r\n[    0.000000] PM: Registered nosave memory: [mem 0x20000000-0xffffffff]\r\n[    0.000000] e820: [mem 0x20000000-0xffffffff] available for PCI devices\r\n[    0.000000] Booting paravirtualized kernel on bare hardware\r\n[    0.000000] clocksource: refined-jiffies: mask: 0xffffffff max_cycles: 0xffffffff, max_idle_ns: 7645519600211568 ns\r\n[    0.000000] setup_percpu: NR_CPUS:256 nr_cpumask_bits:256 nr_cpu_ids:64 nr_node_ids:1\r\n[    0.000000] PERCPU: Embedded 33 pages/cpu @ffff8801bae00000 s96728 r8192 d30248 u262144\r\n[    0.000000] Built 1 zonelists in Node order, mobility grouping on.  Total pages: 903033\r\n[    0.000000] Policy zone: Normal\r\n[    0.000000] Kernel command line: BOOT_IMAGE=/boot/vmlinuz-4.2.0-36-generic root=UUID=35363d62-901d-453f-b6d4-49e047247b73 ro console=tty1 console=ttyS0 earlyprintk=ttyS0 rootdelay=300\r\n[    0.000000] log_buf_len individual max cpu contribution: 4096 bytes\r\n[    0.000000] log_buf_len total cpu_extra contributions: 258048 bytes\r\n[    0.000000] log_buf_len min size: 262144 bytes\r\n[    0.000000] log_buf_len: 524288 bytes\r\n[    0.000000] early log buf free: 252360(96%)\r\n[    0.000000] PID hash table entries: 4096 (order: 3, 32768 bytes)\r\n[    0.000000] Memory: 3487924K/3669560K available (8183K kernel code, 1239K rwdata, 3808K rodata, 1464K init, 1292K bss, 181636K reserved, 0K cma-reserved)\r\n[    0.000000] SLUB: HWalign=64, Order=0-3, MinObjects=0, CPUs=64, Nodes=1\r\n[    0.000000] Hierarchical RCU implementation.\r\n[    0.000000] \tBuild-time adjustment of leaf fanout to 64.\r\n[    0.000000] \tRCU restricting CPUs from NR_CPUS=256 to nr_cpu_ids=64.\r\n[    0.000000] RCU: Adjusting geometry for rcu_fanout_leaf=64, nr_cpu_ids=64\r\n[    0.000000] NR_IRQS:16640 nr_irqs:936 16\r\n[    0.000000] \tOffload RCU callbacks from all CPUs\r\n[    0.000000] \tOffload RCU callbacks from CPUs: 0-63.\r\n[    0.000000] Console: colour VGA+ 80x25\r\n[    0.000000] console [tty1] enabled\r\n[    0.000000] console [ttyS0] enabled\r\n[    0.000000] console [ttyS0] enabled\r\n[    0.000000] bootconsole [earlyser0] disabled\r\n[    0.000000] bootconsole [earlyser0] disabled\r\n[    0.000000] tsc: Fast TSC calibration failed\r\n[    0.000000] tsc: Unable to calibrate against PIT\r\n[    0.000000] tsc: using PMTIMER reference calibration\r\n[    0.000000] tsc: Detected 2194.433 MHz processor\r\n[    0.016043] Calibrating delay loop (skipped), value calculated using timer frequency.. 4388.86 BogoMIPS (lpj=8777732)\r\n[    0.021296] pid_max: default: 65536 minimum: 512\r\n[    0.024029] ACPI: Core revision 20150619\r\n[    0.027405] ACPI: All ACPI Tables successfully acquired\r\n[    0.030270] Security Framework initialized\r\n[    0.032064] AppArmor: AppArmor initialized\r\n[    0.033462] Yama: becoming mindful.\r\n[    0.035387] Dentry cache hash table entries: 524288 (order: 10, 4194304 bytes)\r\n[    0.037012] Inode-cache hash table entries: 262144 (order: 9, 2097152 bytes)\r\n[    0.040457] Mount-cache hash table entries: 8192 (order: 4, 65536 bytes)\r\n[    0.042186] Mountpoint-cache hash table entries: 8192 (order: 4, 65536 bytes)\r\n[    0.044319] Initializing cgroup subsys blkio\r\n[    0.045802] Initializing cgroup subsys memory\r\n[    0.048042] Initializing cgroup subsys devices\r\n[    0.049502] Initializing cgroup subsys freezer\r\n[    0.050938] Initializing cgroup subsys net_cls\r\n[    0.052021] Initializing cgroup subsys perf_event\r\n[    0.053508] Initializing cgroup subsys net_prio\r\n[    0.055013] Initializing cgroup subsys hugetlb\r\n[    0.056111] mce: CPU supports 1 MCE banks\r\n[    0.057576] Last level iTLB entries: 4KB 512, 2MB 8, 4MB 8\r\n[    0.060023] Last level dTLB entries: 4KB 512, 2MB 32, 4MB 32, 1GB 0\r\n[    0.087617] ftrace: allocating 30950 entries in 121 pages\r\n[    0.100131] Switched APIC routing to physical flat.\r\n[    0.120000] ..TIMER: vector=0x30 apic1=0 pin1=2 apic2=-1 pin2=-1\r\n[    0.120150] smpboot: CPU0: Intel(R) Xeon(R) CPU E5-2660 0 @ 2.20GHz (fam: 06, model: 2d, stepping: 07)\r\n[    0.124036] Performance Events: unsupported p6 CPU model 45 no PMU driver, software events only.\r\n[    0.129335] x86: Booted up 1 node, 1 CPUs\r\n[    0.130889] smpboot: Total of 1 processors activated (4388.86 BogoMIPS)\r\n[    0.132013] NMI watchdog: disabled (cpu0): hardware events not enabled\r\n[    0.133740] NMI watchdog: Shutting down hard lockup detector on all cpus\r\n[    0.140792] devtmpfs: initialized\r\n[    0.144828] evm: security.selinux\r\n[    0.146385] evm: security.SMACK64\r\n[    0.147809] evm: security.SMACK64EXEC\r\n[    0.148011] evm: security.SMACK64TRANSMUTE\r\n[    0.149814] evm: security.SMACK64MMAP\r\n[    0.152007] evm: security.ima\r\n[    0.153435] evm: security.capability\r\n[    0.155023] PM: Registering ACPI NVS region [mem 0x1ffff000-0x1fffffff] (4096 bytes)\r\n[    0.156111] clocksource: jiffies: mask: 0xffffffff max_cycles: 0xffffffff, max_idle_ns: 7645041785100000 ns\r\n[    0.160161] pinctrl core: initialized pinctrl subsystem\r\n[    0.162413] RTC time: 15:54:22, date: 05/17/16\r\n[    0.164165] NET: Registered protocol family 16\r\n[    0.165616] cpuidle: using governor ladder\r\n[    0.166842] cpuidle: using governor menu\r\n[    0.168128] ACPI: bus type PCI registered\r\n[    0.169327] acpiphp: ACPI Hot Plug PCI Controller Driver version: 0.5\r\n[    0.171077] PCI: Using configuration type 1 for base access\r\n[    0.173685] ACPI: Added _OSI(Module Device)\r\n[    0.174946] ACPI: Added _OSI(Processor Device)\r\n[    0.176003] ACPI: Added _OSI(3.0 _SCP Extensions)\r\n[    0.177212] ACPI: Added _OSI(Processor Aggregator Device)\r\n[    0.182283] ACPI: Interpreter enabled\r\n[    0.183454] ACPI Exception: AE_NOT_FOUND, While evaluating Sleep State [\\_S1_] (20150619/hwxface-580)\r\n[    0.186089] ACPI Exception: AE_NOT_FOUND, While evaluating Sleep State [\\_S2_] (20150619/hwxface-580)\r\n[    0.189033] ACPI Exception: AE_NOT_FOUND, While evaluating Sleep State [\\_S3_] (20150619/hwxface-580)\r\n[    0.192006] ACPI Exception: AE_NOT_FOUND, While evaluating Sleep State [\\_S4_] (20150619/hwxface-580)\r\n[    0.195030] ACPI: (supports S0 S5)\r\n[    0.196003] ACPI: Using IOAPIC for interrupt routing\r\n[    0.197272] PCI: Using host bridge windows from ACPI; if necessary, use \"pci=nocrs\" and report a bug\r\n[    0.209563] ACPI: PCI Root Bridge [PCI0] (domain 0000 [bus 00-ff])\r\n[    0.210897] acpi PNP0A03:00: _OSC: OS supports [ASPM ClockPM Segments MSI]\r\n[    0.212008] acpi PNP0A03:00: _OSC failed (AE_NOT_FOUND); disabling ASPM\r\n[    0.213831] acpi PNP0A03:00: fail to add MMCONFIG information, can't access extended PCI configuration space under this bridge.\r\n[    0.216097] PCI host bridge to bus 0000:00\r\n[    0.217618] pci_bus 0000:00: root bus resource [bus 00-ff]\r\n[    0.218871] pci_bus 0000:00: root bus resource [mem 0xfe0000000-0xfffefffff window]\r\n[    0.220004] pci_bus 0000:00: root bus resource [io  0x0000-0x0cf7 window]\r\n[    0.221378] pci_bus 0000:00: root bus resource [io  0x0d00-0xffff window]\r\n[    0.222769] pci_bus 0000:00: root bus resource [mem 0x000a0000-0x000bffff window]\r\n[    0.224006] pci_bus 0000:00: root bus resource [mem 0x20000000-0xfffbffff window]\r\n[    0.232298] pci 0000:00:07.1: legacy IDE quirk: reg 0x10: [io  0x01f0-0x01f7]\r\n[    0.233714] pci 0000:00:07.1: legacy IDE quirk: reg 0x14: [io  0x03f6]\r\n[    0.235075] pci 0000:00:07.1: legacy IDE quirk: reg 0x18: [io  0x0170-0x0177]\r\n[    0.236003] pci 0000:00:07.1: legacy IDE quirk: reg 0x1c: [io  0x0376]\r\n[    0.237853] * Found PM-Timer Bug on the chipset. Due to workarounds for a bug,\r\n[    0.237853] * this clock source is slow. Consider trying other clock sources\r\n[    0.241673] pci 0000:00:07.3: quirk: [io  0x0400-0x043f] claimed by PIIX4 ACPI\r\n[    0.252917] ACPI: PCI Interrupt Link [LNKA] (IRQs 3 4 5 7 9 10 *11 12 14 15)\r\n[    0.261693] ACPI: PCI Interrupt Link [LNKB] (IRQs 3 4 5 7 9 10 11 12 14 15) *0, disabled.\r\n[    0.273041] ACPI: PCI Interrupt Link [LNKC] (IRQs 3 4 5 7 9 10 11 12 14 15) *0, disabled.\r\n[    0.284114] ACPI: PCI Interrupt Link [LNKD] (IRQs 3 4 5 7 9 10 11 12 14 15) *0, disabled.\r\n[    0.294563] ACPI: Enabled 1 GPEs in block 00 to 0F\r\n[    0.296162] vgaarb: setting as boot device: PCI:0000:00:08.0\r\n[    0.297463] vgaarb: device added: PCI:0000:00:08.0,decodes=io+mem,owns=io+mem,locks=none\r\n[    0.300002] vgaarb: loaded\r\n[    0.301047] vgaarb: bridge control possible 0000:00:08.0\r\n[    0.302552] SCSI subsystem initialized\r\n[    0.304107] ACPI: bus type USB registered\r\n[    0.305302] usbcore: registered new interface driver usbfs\r\n[    0.306620] usbcore: registered new interface driver hub\r\n[    0.308044] usbcore: registered new device driver usb\r\n[    0.309465] PCI: Using ACPI for IRQ routing\r\n[    0.311120] NetLabel: Initializing\r\n[    0.312012] NetLabel:  domain hash size = 128\r\n[    0.313207] NetLabel:  protocols = UNLABELED CIPSOv4\r\n[    0.314475] NetLabel:  unlabeled traffic allowed by default\r\n[    0.316121] clocksource: Switched to clocksource hyperv_clocksource\r\n[    0.324651] AppArmor: AppArmor Filesystem Enabled\r\n[    0.327219] pnp: PnP ACPI init\r\n[    0.330557] system 00:06: [io  0x01e0-0x01ef] has been reserved\r\n[    0.331872] system 00:06: [io  0x0160-0x016f] has been reserved\r\n[    0.333207] system 00:06: [io  0x0278-0x027f] has been reserved\r\n[    0.334568] system 00:06: [io  0x0378-0x037f] has been reserved\r\n[    0.336103] system 00:06: [io  0x0678-0x067f] has been reserved\r\n[    0.337453] system 00:06: [io  0x0778-0x077f] has been reserved\r\n[    0.338805] system 00:06: [io  0x04d0-0x04d1] has been reserved\r\n[    0.340304] system 00:07: [io  0x0400-0x043f] has been reserved\r\n[    0.342011] system 00:07: [io  0x0370-0x0371] has been reserved\r\n[    0.343345] system 00:07: [io  0x0440-0x044f] has been reserved\r\n[    0.344693] system 00:07: [mem 0xfec00000-0xfec00fff] could not be reserved\r\n[    0.346076] system 00:07: [mem 0xfee00000-0xfee00fff] has been reserved\r\n[    0.347595] system 00:08: [mem 0x00000000-0x0009ffff] could not be reserved\r\n[    0.348989] system 00:08: [mem 0x000c0000-0x000dffff] could not be reserved\r\n[    0.350411] system 00:08: [mem 0x000e0000-0x000fffff] could not be reserved\r\n[    0.351822] system 00:08: [mem 0x00100000-0x1fffffff] could not be reserved\r\n[    0.353246] system 00:08: [mem 0xfffc0000-0xffffffff] has been reserved\r\n[    0.354826] pnp: PnP ACPI: found 9 devices\r\n[    0.362136] clocksource: acpi_pm: mask: 0xffffff max_cycles: 0xffffff, max_idle_ns: 2085701024 ns\r\n[    0.365124] NET: Registered protocol family 2\r\n[    0.367355] TCP established hash table entries: 32768 (order: 6, 262144 bytes)\r\n[    0.369025] TCP bind hash table entries: 32768 (order: 7, 524288 bytes)\r\n[    0.370488] TCP: Hash tables configured (established 32768 bind 32768)\r\n[    0.371913] UDP hash table entries: 2048 (order: 4, 65536 bytes)\r\n[    0.373476] UDP-Lite hash table entries: 2048 (order: 4, 65536 bytes)\r\n[    0.375073] NET: Registered protocol family 1\r\n[    0.376322] pci 0000:00:00.0: Limiting direct PCI/PCI transfers\r\n[    0.377888] Trying to unpack rootfs image as initramfs...\r\n[    0.953701] Freeing initrd memory: 30528K (ffff88001d9c0000 - ffff88001f790000)\r\n[    0.956300] PCI-DMA: Using software bounce buffering for IO (SWIOTLB)\r\n[    0.958494] software IO TLB [mem 0x199c0000-0x1d9c0000] (64MB) mapped at [ffff8800199c0000-ffff88001d9bffff]\r\n[    0.961108] clocksource: tsc: mask: 0xffffffffffffffff max_cycles: 0x1fa1a822bbd, max_idle_ns: 440795299006 ns\r\n[    0.963782] RAPL PMU detected, API unit is 2^-32 Joules, 3 fixed counters 10737418240 ms ovfl timer\r\n[    0.966615] hw unit of domain pp0-core 2^-0 Joules\r\n[    0.968539] hw unit of domain package 2^-0 Joules\r\n[    0.970525] hw unit of domain dram 2^-0 Joules\r\n[    0.972514] microcode: CPU0 sig=0x206d7, pf=0x1, revision=0xffffffff\r\n[    0.974654] microcode: Microcode Update Driver: v2.00 <tigran@aivazian.fsnet.co.uk>, Peter Oruba\r\n[    0.977223] Scanning for low memory corruption every 60 seconds\r\n[    0.980573] futex hash table entries: 16384 (order: 8, 1048576 bytes)\r\n[    0.982794] Initialise system trusted keyring\r\n[    0.984747] audit: initializing netlink subsys (disabled)\r\n[    0.986716] audit: type=2000 audit(1463500462.984:1): initialized\r\n[    0.989385] HugeTLB registered 2 MB page size, pre-allocated 0 pages\r\n[    0.993214] zpool: loaded\r\n[    0.994845] zbud: loaded\r\n[    0.996703] VFS: Disk quotas dquot_6.6.0\r\n[    0.998592] VFS: Dquot-cache hash table entries: 512 (order 0, 4096 bytes)\r\n[    1.001545] fuse init (API version 7.23)\r\n[    1.003670] Key type big_key registered\r\n[    1.006360] Key type asymmetric registered\r\n[    1.007776] Asymmetric key parser 'x509' registered\r\n[    1.009287] Block layer SCSI generic (bsg) driver version 0.4 loaded (major 249)\r\n[    1.011138] io scheduler noop registered\r\n[    1.012516] io scheduler deadline registered (default)\r\n[    1.014064] io scheduler cfq registered\r\n[    1.015705] pci_hotplug: PCI Hot Plug PCI Core version: 0.5\r\n[    1.017279] pciehp: PCI Express Hot Plug Controller Driver version: 0.4\r\n[    1.018998] input: Power Button as /devices/LNXSYSTM:00/LNXPWRBN:00/input/input0\r\n[    1.020859] ACPI: Power Button [PWRF]\r\n[    1.022492] GHES: HEST is not enabled!\r\n[    1.024019] Serial: 8250/16550 driver, 32 ports, IRQ sharing enabled\r\n[    1.047245] 00:03: ttyS0 at I/O 0x3f8 (irq = 4, base_baud = 115200) is a 16550A\r\n[    1.072596] 00:04: ttyS1 at I/O 0x2f8 (irq = 3, base_baud = 115200) is a 16550A\r\n[    1.076354] Linux agpgart interface v0.103\r\n[    1.081424] brd: module loaded\r\n[    1.084285] loop: module loaded\r\n[    1.086240] ata_piix 0000:00:07.1: Hyper-V Virtual Machine detected, ATA device ignore set\r\n[    1.090227] scsi host0: ata_piix\r\n[    1.091826] scsi host1: ata_piix\r\n[    1.104381] ata1: PATA max UDMA/33 cmd 0x1f0 ctl 0x3f6 bmdma 0xffa0 irq 14\r\n[    1.106283] ata2: PATA max UDMA/33 cmd 0x170 ctl 0x376 bmdma 0xffa8 irq 15\r\n[    1.108755] libphy: Fixed MDIO Bus: probed\r\n[    1.109975] tun: Universal TUN/TAP device driver, 1.6\r\n[    1.111230] tun: (C) 1999-2004 Max Krasnyansky <maxk@qualcomm.com>\r\n[    1.113645] PPP generic driver version 2.4.2\r\n[    1.115109] ehci_hcd: USB 2.0 'Enhanced' Host Controller (EHCI) Driver\r\n[    1.116641] ehci-pci: EHCI PCI platform driver\r\n[    1.117946] ehci-platform: EHCI generic platform driver\r\n[    1.119385] ohci_hcd: USB 1.1 'Open' Host Controller (OHCI) Driver\r\n[    1.120866] ohci-pci: OHCI PCI platform driver\r\n[    1.122070] ohci-platform: OHCI generic platform driver\r\n[    1.123351] uhci_hcd: USB Universal Host Controller Interface driver\r\n[    1.124814] i8042: PNP: PS/2 Controller [PNP0303:PS2K,PNP0f03:PS2M] at 0x60,0x64 irq 1,12\r\n[    1.130181] serio: i8042 KBD port at 0x60,0x64 irq 1\r\n[    1.131489] serio: i8042 AUX port at 0x60,0x64 irq 12\r\n[    1.132952] mousedev: PS/2 mouse device common for all mice\r\n[    1.135401] rtc_cmos 00:00: RTC can wake from S4\r\n[    1.158052] input: AT Translated Set 2 keyboard as /devices/platform/i8042/serio0/input/input1\r\n[    1.161248] rtc_cmos 00:00: rtc core: registered rtc_cmos as rtc0\r\n[    1.163189] rtc_cmos 00:00: alarms up to one month, 114 bytes nvram\r\n[    1.164630] i2c /dev entries driver\r\n[    1.165955] device-mapper: uevent: version 1.0.3\r\n[    1.167691] device-mapper: ioctl: 4.33.0-ioctl (2015-8-18) initialised: dm-devel@redhat.com\r\n[    1.169465] ledtrig-cpu: registered to indicate activity on CPUs\r\n[    1.171722] PCCT header not found.\r\n[    1.173204] NET: Registered protocol family 10\r\n[    1.174813] NET: Registered protocol family 17\r\n[    1.176083] Key type dns_resolver registered\r\n[    1.177522] Loading compiled-in X.509 certificates\r\n[    1.180199] Loaded X.509 cert 'Build time autogenerated kernel key: b8e38522515dfe48cdc9ba8d8c2f75cf0057650b'\r\n[    1.182039] registered taskstats version 1\r\n[    1.183236] zswap: loading zswap\r\n[    1.184443] zswap: using zbud pool\r\n[    1.185551] zswap: using lzo compressor\r\n[    1.188874] Key type trusted registered\r\n[    1.195736] Key type encrypted registered\r\n[    1.197816] AppArmor: AppArmor sha1 policy hashing enabled\r\n[    1.201718] ima: No TPM chip found, activating TPM-bypass!\r\n[    1.203927] evm: HMAC attrs: 0x1\r\n[    1.206124]   Magic number: 0:752:942\r\n[    1.207689] rtc_cmos 00:00: setting system clock to 2016-05-17 15:54:23 UTC (1463500463)\r\n[    1.209585] BIOS EDD facility v0.16 2004-Jun-25, 0 devices found\r\n[    1.212056] EDD information not available.\r\n[    1.274296] ata2.00: ATAPI: Virtual CD, , max MWDMA2\r\n[    1.280442] ata2.00: configured for MWDMA2\r\n[    1.283855] scsi 1:0:0:0: CD-ROM            Msft     Virtual CD/ROM   1.0  PQ: 0 ANSI: 5\r\n[    1.288662] sr 1:0:0:0: [sr0] scsi3-mmc drive: 0x/0x tray\r\n[    1.290081] cdrom: Uniform CD-ROM driver Revision: 3.20\r\n[    1.293104] sr 1:0:0:0: Attached scsi generic sg0 type 5\r\n[    1.295125] Freeing unused kernel memory: 1464K (ffffffff81f37000 - ffffffff820a5000)\r\n[    1.297455] Write protecting the kernel read-only data: 14336k\r\n[    1.300086] Freeing unused kernel memory: 2044K (ffff880001801000 - ffff880001a00000)\r\n[    1.302416] Freeing unused kernel memory: 288K (ffff880001db8000 - ffff880001e00000)\r\nLoading, please wait...\r\nstarting version 225\r\n[    1.326205] random: udevadm urandom read with 2 bits of entropy available\r\n[    1.390022] clocksource: hyperv_clocksource_tsc_page: mask: 0xffffffffffffffff max_cycles: 0x24e6a1710, max_idle_ns: 440795202120 ns\r\n[    1.401839] Floppy drive(s): fd0 is 1.44M\r\n[    1.419557] clocksource: Switched to clocksource hyperv_clocksource_tsc_page\r\n[    1.459445] FDC 0 is an 82078.\r\n[    1.504748] hv_vmbus: Hyper-V Host Build:9600-6.3-18-0.18190; Vmbus version:3.0\r\n[    1.521325] AVX version of gcm_enc/dec engaged.\r\n[    1.523563] AES CTR mode by8 optimization enabled\r\n[    1.573051] hv_vmbus: registering driver hv_storvsc\r\n[    1.584339] hv_utils: Registering HyperV Utility Driver\r\n[    1.585775] hv_vmbus: registering driver hv_util\r\n[    1.590688] hidraw: raw HID events driver (C) Jiri Kosina\r\n[    1.597999] hv_vmbus: registering driver hv_netvsc\r\n[    1.601035] scsi host2: storvsc_host_t\r\n[    1.602771] hv_vmbus: registering driver hid_hyperv\r\n[    1.604088] scsi 2:0:0:0: Direct-Access     Msft     Virtual Disk     1.0  PQ: 0 ANSI: 4\r\n[    1.610798] sd 2:0:0:0: Attached scsi generic sg1 type 0\r\n[    1.612153] sd 2:0:0:0: [sda] 61440000 512-byte logical blocks: (31.4 GB/29.2 GiB)\r\n[    1.614709] sd 2:0:0:0: [sda] 4096-byte physical blocks\r\n[    1.618316] sd 2:0:0:0: [sda] Write Protect is off\r\n[    1.620988] hv_netvsc: hv_netvsc channel opened successfully\r\n[    1.622411] sd 2:0:0:0: [sda] Write cache: enabled, read cache: enabled, supports DPO and FUA\r\n[    1.630161]  sda: sda1\r\n[    1.637871] sd 2:0:0:0: [sda] Attached SCSI disk\r\n[    1.766176] hv_netvsc vmbus_14: Send section size: 6144, Section count:2560\r\n[    1.769508] hv_netvsc vmbus_14: Device MAC 00:0d:3a:a0:ae:17 link state up\r\n[    1.772686] input: Microsoft Vmbus HID-compliant Mouse as /devices/0006:045E:0621.0001/input/input4\r\n[    1.774971] hid 0006:045E:0621.0001: input: <UNKNOWN> HID v0.01 Mouse [Microsoft Vmbus HID-compliant Mouse] on \r\n[    1.793534] scsi host3: storvsc_host_t\r\n[    1.796066] scsi 3:0:1:0: Direct-Access     Msft     Virtual Disk     1.0  PQ: 0 ANSI: 4\r\n[    1.801544] sd 3:0:1:0: Attached scsi generic sg2 type 0\r\n[    1.804262] sd 3:0:1:0: [sdb] 14680064 512-byte logical blocks: (7.51 GB/7.00 GiB)\r\n[    1.806045] sd 3:0:1:0: [sdb] 4096-byte physical blocks\r\n[    1.809510] sd 3:0:1:0: [sdb] Write Protect is off\r\n[    1.811434] sd 3:0:1:0: [sdb] Write cache: enabled, read cache: enabled, supports DPO and FUA\r\n[    1.816122]  sdb: sdb1\r\n[    1.819661] sd 3:0:1:0: [sdb] Attached SCSI disk\r\n[    1.821544] scsi host4: storvsc_host_t\r\n[    1.823691] scsi 4:0:0:0: scsi scan: INQUIRY result too short (5), using 36\r\n[    1.827480] scsi 4:0:0:1: scsi scan: INQUIRY result too short (5), using 36\r\n[    1.829576] scsi 4:0:1:0: scsi scan: INQUIRY result too short (5), using 36\r\n[    1.831306] scsi 4:0:1:1: scsi scan: INQUIRY result too short (5), using 36\r\n[    1.833048] scsi 4:1:0:0: scsi scan: INQUIRY result too short (5), using 36\r\n[    1.834623] scsi host5: storvsc_host_t\r\n[    1.836519] scsi 5:0:0:0: scsi scan: INQUIRY result too short (5), using 36\r\n[    1.838270] scsi 4:1:0:1: scsi scan: INQUIRY result too short (5), using 36\r\n[    1.839904] scsi 5:0:0:1: scsi scan: INQUIRY result too short (5), using 36\r\n[    1.841830] psmouse serio1: trackpoint: failed to get extended button data\r\n[    1.843824] scsi 5:0:1:0: scsi scan: INQUIRY result too short (5), using 36\r\n[    1.845442] scsi 4:1:1:0: scsi scan: INQUIRY result too short (5), using 36\r\n[    1.847227] scsi 5:0:1:1: scsi scan: INQUIRY result too short (5), using 36\r\n[    1.848826] scsi 4:1:1:1: scsi scan: INQUIRY result too short (5), using 36\r\n[    1.850678] scsi 5:1:0:0: scsi scan: INQUIRY result too short (5), using 36\r\n[    1.852376] scsi 4:2:0:0: scsi scan: INQUIRY result too short (5), using 36\r\n[    1.854205] scsi 5:1:0:1: scsi scan: INQUIRY result too short (5), using 36\r\n[    1.855852] scsi 4:2:0:1: scsi scan: INQUIRY result too short (5), using 36\r\n[    1.857624] scsi 5:1:1:0: scsi scan: INQUIRY result too short (5), using 36\r\n[    1.859288] scsi 4:2:1:0: scsi scan: INQUIRY result too short (5), using 36\r\n[    1.861058] scsi 5:1:1:1: scsi scan: INQUIRY result too short (5), using 36\r\n[    1.862693] scsi 4:2:1:1: scsi scan: INQUIRY result too short (5), using 36\r\n[    1.864496] scsi 5:2:0:0: scsi scan: INQUIRY result too short (5), using 36\r\n[    1.866119] scsi 4:3:0:0: scsi scan: INQUIRY result too short (5), using 36\r\n[    1.867815] scsi 4:3:0:1: scsi scan: INQUIRY result too short (5), using 36\r\n[    1.869282] scsi 5:2:0:1: scsi scan: INQUIRY result too short (5), using 36\r\n[    1.871067] scsi 5:2:1:0: scsi scan: INQUIRY result too short (5), using 36\r\n[    1.872534] scsi 4:3:1:0: scsi scan: INQUIRY result too short (5), using 36\r\n[    1.874148] scsi 5:2:1:1: scsi scan: INQUIRY result too short (5), using 36\r\n[    1.875611] scsi 4:3:1:1: scsi scan: INQUIRY result too short (5), using 36\r\n[    1.877213] scsi 5:3:0:0: scsi scan: INQUIRY result too short (5), using 36\r\n[    1.878685] scsi 4:4:0:0: scsi scan: INQUIRY result too short (5), using 36\r\n[    1.880333] scsi 5:3:0:1: scsi scan: INQUIRY result too short (5), using 36\r\n[    1.881785] scsi 4:4:0:1: scsi scan: INQUIRY result too short (5), using 36\r\n[    1.883413] scsi 5:3:1:0: scsi scan: INQUIRY result too short (5), using 36\r\n[    1.884891] scsi 4:4:1:0: scsi scan: INQUIRY result too short (5), using 36\r\n[    1.886537] scsi 5:3:1:1: scsi scan: INQUIRY result too short (5), using 36\r\n[    1.888065] scsi 4:4:1:1: scsi scan: INQUIRY result too short (5), using 36\r\n[    1.889720] scsi 5:4:0:0: scsi scan: INQUIRY result too short (5), using 36\r\n[    1.891173] scsi 4:5:0:0: scsi scan: INQUIRY result too short (5), using 36\r\n[    1.892774] scsi 5:4:0:1: scsi scan: INQUIRY result too short (5), using 36\r\n[    1.894229] scsi 4:5:0:1: scsi scan: INQUIRY result too short (5), using 36\r\n[    1.895819] scsi 5:4:1:0: scsi scan: INQUIRY result too short (5), using 36\r\n[    1.897267] scsi 4:5:1:0: scsi scan: INQUIRY result too short (5), using 36\r\n[    1.898858] scsi 5:4:1:1: scsi scan: INQUIRY result too short (5), using 36\r\n[    1.900567] scsi 4:5:1:1: scsi scan: INQUIRY result too short (5), using 36\r\n[    1.902208] scsi 5:5:0:0: scsi scan: INQUIRY result too short (5), using 36\r\n[    1.903670] scsi 4:6:0:0: scsi scan: INQUIRY result too short (5), using 36\r\n[    1.905557] scsi 5:5:0:1: scsi scan: INQUIRY result too short (5), using 36\r\n[    1.907036] scsi 4:6:0:1: scsi scan: INQUIRY result too short (5), using 36\r\n[    1.908699] scsi 5:5:1:0: scsi scan: INQUIRY result too short (5), using 36\r\n[    1.910158] scsi 4:6:1:0: scsi scan: INQUIRY result too short (5), using 36\r\n[    1.911758] scsi 5:5:1:1: scsi scan: INQUIRY result too short (5), using 36\r\n[    1.913240] scsi 4:6:1:1: scsi scan: INQUIRY result too short (5), using 36\r\n[    1.914842] scsi 5:6:0:0: scsi scan: INQUIRY result too short (5), using 36\r\n[    1.916350] scsi 4:7:0:0: scsi scan: INQUIRY result too short (5), using 36\r\n[    1.918071] scsi 5:6:0:1: scsi scan: INQUIRY result too short (5), using 36\r\n[    1.919532] scsi 4:7:0:1: scsi scan: INQUIRY result too short (5), using 36\r\n[    1.921183] scsi 5:6:1:0: scsi scan: INQUIRY result too short (5), using 36\r\n[    1.922644] scsi 4:7:1:0: scsi scan: INQUIRY result too short (5), using 36\r\n[    1.924259] scsi 5:6:1:1: scsi scan: INQUIRY result too short (5), using 36\r\n[    1.926121] scsi 4:7:1:1: scsi scan: INQUIRY result too short (5), using 36\r\n[    1.927996] scsi 5:7:0:0: scsi scan: INQUIRY result too short (5), using 36\r\n[    1.929641] scsi 5:7:0:1: scsi scan: INQUIRY result too short (5), using 36\r\n[    1.931238] scsi 5:7:1:0: scsi scan: INQUIRY result too short (5), using 36\r\n[    1.932835] scsi 5:7:1:1: scsi scan: INQUIRY result too short (5), using 36\r\nBegin: Loading essential drivers ... done.\r\r\nBegin: Running /scripts/init-premount ... done.\r\r\nBegin: Mounting root file system ... Begin: Running /scripts/local-top ... done.\r\r\nBegin: Running /scripts/local-premount ... done.\r\r\nBegin: Checking root file system ... fsck from util-linux 2.26.2\r\r\ncloudimg-rootfs: clean, 73675/25504 files, 353568/524032 blocks\r\r\ndone.\r\r\n[    3.704127] EXT4-fs (sda1): mounted filesystem with ordered data mode. Opts: (null)\r\ndone.\r\r\nBegin: Running /scripts/local-bottom ... done.\r\r\nBegin: Running /scripts/init-bottom ... Warning: overlayroot: debug is busted\r\r\ndone.\r\r\n[    4.513718] random: nonblocking pool is initialized\r\n[    5.330932] systemd[1]: Failed to insert module 'kdbus': Function not implemented\r\n[    5.477198] systemd[1]: systemd 225 running in system mode. (+PAM +AUDIT +SELINUX +IMA +APPARMOR +SMACK +SYSVINIT +UTMP +LIBCRYPTSETUP +GCRYPT +GNUTLS +ACL +XZ -LZ4 +SECCOMP +BLKID -ELFUTILS +KMOD -IDN)\r\n[    5.489723] systemd[1]: Detected virtualization microsoft.\r\n[    5.491361] systemd[1]: Detected architecture x86-64.\r\n\r\r\nWelcome to \u001b[1mUbuntu 15.10\u001b[0m!\r\r\n\r\r\n[    5.576310] systemd[1]: Set hostname to <ubuntu>.\r\n[    5.585199] systemd[1]: Initializing machine ID from random generator.\r\n[    5.586852] systemd[1]: Installed transient /etc/machine-id file.\r\netc-machine\\x2did.mount[    6.275475] systemd[1]: sshd-keygen.service: Cannot add dependency job, ignoring: Unit sshd-keygen.service failed to load: No such file or directory.\r\n\r[    6.281664] systemd[1]: sshd-keygen.service: Cannot add dependency job, ignoring: Unit sshd-keygen.service failed to load: No such file or directory.\r\n\r\n[    6.328068] systemd[1]: display-manager.service: Cannot add dependency job, ignoring: Unit display-manager.service failed to load: No such file or directory.\r\n[    6.330791] systemd[1]: Reached target Remote File Systems (Pre).\r\n[    6.332348] systemd[1]: Reached target Swap.\r\n[    6.333377] systemd[1]: Reached target User and Group Name Lookups.\r\n[    6.334788] systemd[1]: Set up automount Arbitrary Executable File Formats File System Automount Point.\r\n[    6.336663] systemd[1]: Created slice Root Slice.\r\n[    6.337892] systemd[1]: Listening on Journal Socket (/dev/log).\r\n[    6.340420] systemd[1]: Listening on udev Kernel Socket.\r\n[    6.341947] systemd[1]: Listening on udev Control Socket.\r\n[    6.343822] systemd[1]: Listening on /dev/initctl Compatibility Named Pipe.\r\n[    6.366881] systemd[1]: Reached target Encrypted Volumes.\r\n[\u001b[32m  OK  \u001b[0m] Reached target Remote File Systems (Pre).\r\r\n[    6.410706] systemd[1]: Listening on Journal Audit Socket.\r\n[    6.417523] systemd[1]: Started Forward Password Requests to Wall Directory Watch.\r\n[\u001b[32m  OK  \u001b[0m] Reached target Swap.\r\r\n[\u001b[32m  OK  \u001b[0m] Reached target User and Group Name Lookups.\r\r\n[\u001b[32m  OK  \u001b[0m] Set up automount Arbitrary Executab...ats File System Automount Point.\r\r\n[\u001b[32m  OK  \u001b[0m] Created slice Root Slice.\r\r\n[\u001b[32m  OK  \u001b[0m] Listening on Journal Socket (/dev/log).\r\r\n[\u001b[32m  OK  \u001b[0m] Listening on udev Kernel Socket.\r\r\n[\u001b[32m  OK  \u001b[0m] Listening on udev Control Socket.\r[    6.449087] systemd[1]: Listening on Journal Socket.\r\n[    6.451250] systemd[1]: Created slice System Slice.\r\n\r\n[    6.484513] systemd[1]: Created slice system-serial\\x2dgetty.slice.\r\n[    6.491997] systemd[1]: Created slice system-getty.slice.\r\n[\u001b[32m  OK  \u001b[0m] Listening on /dev/initctl Compatibility Named Pipe.\r\r\n[    6.570687] systemd[1]: Starting Create list of required static device nodes for the current kernel...\r\n[    6.665622] systemd[1]: Starting Load Kernel Modules...\r\n[    6.683390] psmouse serio1: trackpoint: IBM TrackPoint firmware: 0x01, buttons: 0/0\r\n[    6.685839] input: TPPS/2 IBM TrackPoint as /devices/platform/i8042/serio1/input/input3\r\n[    6.696041] systemd[1]: Starting udev Coldplug all Devices...\r\n[    6.732325] systemd[1]: Mounting Huge Pages File System...\r\n[\u001b[32m  OK  \u001b[0m] Reached targe Encrypted Volumes.\r[    6.742464] systemd[1]: Starting Increase datagram queue length...\r\n\r\n[    6.761333] systemd[1]: Starting Uncomplicated firewall...\r\n[    6.764117] systemd[1]: Mounting POSIX Message Queue File System...\r\n[    6.766336] systemd[1]: Starting Remount Root and Kernel File Systems...\r\n[    6.770498] systemd[1]: Starting Setup Virtual Console...\r\n[\u001b[32m  OK  \u001b[0m] Listening on Journal Audit Socket.\r[    6.774629] systemd[1]: Mounting Debug File System...\r\n\r\n[    6.835106] systemd[1]: Created slice User and Session Slice.\r\n[    6.854656] EXT4-fs (sda1): re-mounted. Opts: discard\r\n[    6.860842] systemd[1]: Reached target Slices.\r\n[    6.869042] systemd[1]: Mounted Debug File System.\r\n[    6.871756] systemd[1]: Mounted POSIX Message Queue File System.\r\n[\u001b[32m  OK  \u001b[0m] Started Forward Password Requests to Wall Directory Watch.\r\r\n[\u001b[32m  OK  \u001b[0m] Listening on Journal Socket.\r\r\n[    6.897223] systemd[1]: Mounted Huge Pages File System.\r\n[\u001b[32m  OK  \u001b[0m] Created slice System Slice.\r\r\n[    6.904975] systemd[1]: Started Create list of required static device nodes for the current kernel.\r\n[\u001b[32m  OK  \u001b[0m] Created slice system-serial\\x2dgetty.slice.\r\r\n[\u001b[32m  OK  \u001b[0m] Created slice system-getty.slice.\r\r\n         Starting Create list of required st... nodes for the current kernel...\r[    6.916927] systemd[1]: Started Load Kernel Modules.\r\n[    6.919418] systemd[1]: Started Increase datagram queue length.\r\n\r\n         Starting Load Kernel Modules...\r\r\n         Starting udev Coldplug all Devices...\r\r\n[    6.944554] systemd[1]: Started Uncomplicated firewall.\r\n-.mount[    6.969425] systemd[1]: Started Remount Root and Kernel File Systems.\r\n[    6.975541] systemd[1]: Started Setup Virtual Console.\r\n\r[    6.998684] systemd[1]: Time has been changed\r\n\r\n         Mounting Huge Pages File System...\r\r\n         Starting Increase datagram queue length...\r\r\n         Starting Uncomplicated firewall...\r[    7.040368] systemd[1]: Started udev Coldplug all Devices.\r\n\r\n         Mounting POSIX MessageQueue File System...\r\r\n         Starting Remount Root and Kernel File Systems...\r\r\n         Starting Setup Virtual Console...\r\r\n[    7.074444] systemd[1]: Starting Ensure /etc/mtab is a symlink to /proc/mounts...\r\n         Mounting Debug File System...\r\r\n[\u001b[32m  OK  \u001b[0m] Created slice User and Session Slice.\r[    7.090087] systemd[1]: Starting Load/Save Random Seed...\r\n\r\n[\u001b[32m  OK  \u001b[0m] Reached target Slices.\r\r\n[\u001b[32m  OK  \u001b[0m] Mounted Debug File System.\r[    7.104016] systemd[1]: Listening on Syslog Socket.\r\n[    7.106381] systemd[1]: Starting Journal Service...\r\n\r\n[    7.109318] systemd[1]: Mounting FUSE Control File System...\r\n[\u001b[32m  OK  \u001b[0m] Mounted POSIXMessage Queue File System.\r\r\n[\u001b[32m  OK  \u001b[0m] Mounted Huge Pages File System.\r[    7.119956] systemd[1]: Starting Apply Kernel Variables...\r\n\r\n[    7.125358] systemd[1]: Starting Create Static Device Nodes in /dev...\r\n[\u001b[32m  OK  \u001b[0m] Started Create list of required sta...ce nodes for the current kernel.\r\r\n[\u001b[32m  OK  \u001b[0m] Started Load Kernel Modules.\r\r\n[\u001b[32m  OK  \u001b[0m] Started Increase datagram queue length.\r\r\n[    7.140066] systemd[1]: Mounted FUSE Control File System.\r\n[\u001b[32m  OK  \u001b[0m] Started Uncomplicated firewall.\r\r\n[\u001b[32m  OK  \u001b[0m] Started Remount Root and Kernel File Systems.\r\r\n[\u001b[32m  OK  \u001b[0m] Started Setup Virtual Console.\r[    7.153527] systemd[1]: Started Load/Save Random Seed.\r\n\r\n[\u001b[32m  OK  \u001b[0m] Started udev Coldplug all Devices.\r\r\n[    7.172567] systemd[1]: Started Ensure /etc/mtab is a symlink to /proc/mounts.\r\n         Starting Ensure /etc/mtab is a symlink to /proc/mounts...\r\r\n         Startig Load/Save Random Seed...\r\r\n[\u001b[32m  OK  \u001b[0m] Listening on Syslog Socket.\r\r\n         Startig Journal Servie...\r\r\n         Mounting FUSE Control File System...\r\r\n         Starting Apply Kernel Variables...\r\r\n         Starting Create Static Device Nodes in /dev...\r\r\n[\u001b[32m  OK  \u001b[0m] Mounted FUSE Control File System.\r\r\n[\u001b[32m  OK  \u001b[0m] Started Load/Save Random Seed.\r\r\nsys-kernel-debug.mount\r\r\n[\u001b[32m  OK  \u001b[0] Started Ensur /etc/mtab is asymlink to /proc/mounts.\r\r\n[\u001b[32m  OK  \u001b[0m] Started Apply Kernel Variables.\r\r\ndev-mqueue.mount\r\r\ndev-hugepages.mount\r\r\nkmod-static-nodes.service\r\r\nsystemd-modules-load.service\r\r\nsystemd-setup-dgram-qlen.service\r\r\nufw.service\r\r\nsystemd-remount-fs.service\r\r\nsystemd-vconsole-setup.service\r\r\nsystemd-udev-trigger.service\r\r\nsys-fs-fuse-conections.mount\r\r\nsystemd-random-seed.service\r\r\n[\u001b[32m  OK  \u001b[0] Started Journl Service.\r\r\n         Startig Flush Journal to Persistent Storage...\r\r\ndebian-fixup.sevice\r\r\nsystemd-sysctl.service\r\r\nsystemd-journald.service\r\r\n[\u001b[32m  OK  \u001b[0m] Started Flush Journal to Persistent Storage.\r\r\nsystemd-journal-flush.service\r\r\n[\u001b[32m  OK  \u001b[0m] Started Create Static Device odes in /dev.\r\r\n         Starting udev Kernel Device Manager...\r\r\nsystemd-tmpfiles-setup-dev.service\r\r\n[\u001b[32m  OK  \u001b[0m] Started udev Kernel Device Manager.\r\r\n[\u001b[32m  OK  \u001b[0m] Reached target Local File Systems (Pre).\r\r\n         Mounting /etc/network/interfaces.dynamic.d...\r\r\n[\u001b[32m  OK  \u001b[0m] Mounted /etc/etwork/interfaces.dynamic.d.\r\r\n[\u001b[32m  OK  \u001b[0m] Reached target Local File Systems.\r\r\n[\u001b[32m  OK  \u001b[0] Reached target Remote File Systems.\r\r\n         Starting LSB: AppArmor initialization...\r\r\n         Starting Set console keymap...\r\r\n         Starting Create Volatile Files and Directories...\r\r\n         Starting Commit a transient machine-id on disk...\r\r\n         Starting Tell Plymouth To Write Out Runtime Data...\r\r\nsystemd-udevd.service\r\r\n         Starting Clean up any mess left by 0dn-up...\r\r\n         Starting Wait for all \"auto\" /etc/n... up for network-online.target...\r\r\n[\u001b[32m  OK  \u001b[0m] Started Create Volatile Files and Directories\r\r\n         Starting Network Time Synchronization...\r\r\n         Starting Update UTMP about System Boot/Shutdown...\r\r\n[\u001b[32m  OK  \u001b[0m] Started Update UTMP about System Boot/Shutdown.\r\r\netc-network-interfaces.dynamic.d.mount\r\r\n[\u001b[32m  OK  \u001b[0m] Started Commit a transient machine-id on disk.\r\r\n[\u001b[32m  OK  \u001b[0m] Started Clean up any mess left by 0dns-up.\r\r\n         Starting Nameserver information manager...\r\r\n[\u001b[32m  OK  \u001b[0m] Started Nameserver information manager.\r\r\n[\u001b[32m  OK  \u001b[0m] Started Network Time Synchronization.\r\r\n[\u001b[32m  OK  \u001b[0m] Reached target System Time Synchronized.\r\r\nsystemd-tmpfiles-setup.service\r\r\nsystemd-update-utmp.service\r\r\nsystemd-machine-id-commit.service\r\r\n[\u001b[32m  OK  \u001b[0m] Started Tell Plymouth To Write Out Runtime Data.\r\r\n[\u001b[32m  OK  \u001b[0m] Started Set console keymap.\r\r\nresolvconf.service\r\r\nsystemd-timesyncd.service\r\r\n[\u001b[32m  OK  \u001b[0m] Found device /dev/ttyS0.\r\r\n[    8.473008] piix4_smbus 0000:00:07.3: SMBus base address uninitialized - upgrade BIOS or use force_addr=0xaddr\r\n[\u001b[32m  OK  \u001b[0m] Created slice system-ifup.slice.\r\r\n[\u001b[32m  OK  \u001b[0m] Found device /sys/subsystem/net/devices/eth0.\r\r\n[    8.641847] intel_rapl: no valid rapl domains found in package 0\r\n[\u001b[32m  OK  \u001b[0] Started LSB: AppArmor initialzation.\r\r\n         Starting LSB: Raise nework interfaces...\r\r\n[\u001b[32m  OK  \u001b[0m] Started ifup or eth0.\r\r\napparmor.service\r\r\nifup@eth0.service\r\r\n[\u001b[32m  OK  \u001b[0m] Started LSB: Raise network inerfaces..\r\r\n[\u001b[32m  OK  \u001b[0m] Reached target Network.\r\r\n[\u001b[32m  OK  \u001b[0m] Reached target System Initialization.\r\r\n[\u001b[32m  OK  \u001b[0m] Started Triggr resolvconf update for networkd DNS.\r\r\n[\u001b[32m  OK  \u001b[0m] Reached target Paths.\r\r\n[\u001b[32m  OK  \u001b[0m] Listening on UUID daemon activation socket.\r\r\n[\u001b[32m  OK  \u001b[0m] Started Daily Cleanup of Temporary Directories.\r\r\n[\u001b[32m  OK  \u001b[0m] Reached target Timers.\r\r\n[\u001b[32m  OK  \u001b[0m] Listening on D-Bus System Message Bus Socket.\r\r\n         Starting lxd-unix.socket.\r\r\n         Starting Seed the pseudo random number generator on first boot...\r\r\n[\u001b[32m  OK  \u001b[0m] Listening on ACPID Listen Socket.\r\r\n[\u001b[32m  OK  \u001b[0m] Listening on lxd-unix.socket.\r\r\n[\u001b[32m  OK  \u001b[0m] Reached target Sockets.\r\r\n[\u001b[32m  OK  \u001b[0m] Reached target Basic System.\r\r\n[\u001b[32m  OK  \u001b[0m] Started D-Bus System Message Bus.\r\r\nnetworking.service\r\r\n[\u001b[32m  OK  \u001b[0m] Started Hyper-V KVP Protocol Daemon.\r\r\n         dbus.service\r\r\nStarting System Logging Service..\r\r\n         Starting LSB: Starts the Micro Name Service Cache Daemon...\r\r\n         Starting LSB: Record successful boot for GRUB...\r\r\n         Starting Initial cloud-init job (pre-networking)...\r\r\n         Starting Restore /etc/resolv.conf i...e the ppp link was shut down....\r\r\n         Starting Thermal Daemon Service...\r\r\n         Starting LSB: daemon to balance interrupts for SMP systems...\r\r\n         Starting LSB: Set the CPU Frequency Scaling governor to \"ondemand\"...\r\r\n         Starting Login Service...\r\r\n[\u001b[32m  OK  \u001b[0m] Started Regular background program processing daemon.\r\r\n         Starting Accounts Service...\r\r\n[\u001b[32m  OK  \u001b[0m] Started Cgroup management daemon.\r\r\n[hv-kvp-daemon.service\r\r\n\u001b[32m  OK  \u001b[0m] Started FUSE filesystem for LXC.\r\r\n[\u001b[32m  OK  \u001b[0m] Started Deferred execution scheduler.\r\r\n[\u001b[32m  OK  \u001b[0m] Started Hyper-V VSS Protocol Daemon.\r\r\n[\u001b[32m  OK  \u001b[0m] Started Hyper-V File Copy Protocol Daemon.\r\r\n         Starting LSB: automatic crash report generation...\r\r\n[\u001b[32m  OK  \u001b[0m] Started Wait for all \"auto\" /etc/ne...be up for network-online.target.\r\r\n[\u001b[32m  OK  \u001b[0m] Started Restore /etc/resolv.conf if...ore the ppp link was shut down..\r\r\n[\u001b[32m  OK  \u001b[0m] Reached target Network is Online.\r\r\n         Starting /etc/rc.local Compatibility...\r\r\n         Starting LXC network bridge setup...\r\r\n[\u001b[32m  OK  \u001b[0m] Started /etc/rc.local Compatibility.\r\r\n[\u001b[32m  OK  \u001b[0m] Started Login Service.\r\r\n[\u001b[32m  OK  \u001b[0m] Started LSB: Set the CPU Frequency Scaling governor to \"ondemand\".\r\r\n[\u001b[32m  OK  \u001b[0m] Started LSB: automatic crash report generation.\r\r\ncron.service\r\r\n[\u001b[32m  OK  \u001b[0m] Started LSB: Starts the Micro Name Service Cache Daemon.\r\r\ncgmanager.service\r\r\nlxcfs.service\r\r\natd.service\r\r\nhv-vss-daemon.service\r\r\nhv-fcopy-daemon.service\r\r\nifup-wait-all-auto.service\r\r\nrc-local.service\r\r\nsystemd-logind.service\r\r\nondemand.service\r\r\n[\u001b[32m  OK  \u001b[0m] Started LSB: Record successful boot for GRUB.\r\r\n[\u001b[32m  OK  \u001b[0m] Started LSB: daemon to balance interrupts for SMP systems.\r\r\napport.service\r\r\nunscd.service\r\r\nrun-cgmanager-fs.mount\r\r\nvar-lib-lxcfs.mount\r\r\ngrub-common.service\r\r\nirqbalance.service\r\r\n[\u001b[32m  OK  \u001b[0] Started Thermal Daemon Service.\r\r\nthermald.service\r\r\n         Starting Authenticate and Authorize Users to Run Privileged Tasks...\r\r\n[\u001b[32m  OK  \u001b[0m] Started Authenticate and Authorize Users to Run Privileged Tasks.\r\r\n[\u001b[32m  OK  \u001b[0m] Started Accounts Service.\r\r\npolkitd.service\r\r\naccounts-daemon.service\r\r\n[\u001b[32m  OK  \u001b[0] Started LXC network bridge seup.\r\r\n         Starting LXC Container Initialization nd Autoboot Code...\r\r\nlxc-net.service\r\r\n[\u001b[32m  OK  \u001b[0m] Started LXC Container Initialization and Autoboot Code.\r\r\n         Starting Container hypervisor based on LXC - boot time check...\r\r\nlxc.service\r\r\n[\u001b[32m  OK  \u001b[0m] Started Syste Logging Servic.\r\r\nrsyslog.service\r\r\n[\u001b[32m  OK  \u001b[0m] Started Container hypervisor based on LXC - boot time check.\r\r\n[\u001b[32m  OK  \u001b[0m] Started Seed the pseudo random number generator on first boot.\r\r\n[   17.465676] cloud-init[690]: Cloud-init v. 0.7.7 running 'init-local' at Tue, 17 May 2016 15:54:39 +0000. Up 17.03 seconds.\r\r\n[\u001b[32m  OK  \u001b[0m] Started Initial cloud-init job (pre-networking).\r\r\n         Starting Initial cloud-init job (metadata service crawler)...\r\r\ncloud-init-local.service\r\r\n[   18.220360] blk_update_request: I/O error, dev fd0, sector 0\r\n[   18.260306] blk_update_request: I/O error, dev fd0, sector 0\r\ntmp-tmpo3zokg_7.mount\r\r\n[   18.422039] cloud-init[953]: + i=eth0\r\n[   18.426537] cloud-init[953]: + x=0\r\r\n[   18.428729] cloud-init[953]: + ifdown eth0\r\r\n[   18.460963] cloud-init[953]: Killed old client process\r\r\n[   19.465540] cloud-init[953]: Internet Systems Consortium DHCP Client 4.3.1\r\r\n[   19.466155] cloud-init[953]: Copyright 2004-2014 Internet Systems Consortium.\r\r\n[   19.466769] cloud-init[953]: All rights reserved.\r\r\n[   19.473418] cloud-init[953]: For info, please visit https://www.isc.org/software/dhcp/\r\r\n[   19.475821] cloud-init[953]: Listening on LPF/eth0/00:0d:3a:a0:ae:17\r\r\n[   19.476464] cloud-init[953]: Sending on   LPF/eth0/00:0d:3a:a0:ae:17\r\r\n[   19.477112] cloud-init[953]: Sending on   Soket/fallback\r\r\n[   19.544120] loud-init[953]: DHCPRELEASE on th0 to 168.63.129.16 port 67 (xd=0x3c24293f)\r\r\n[   19.590894] cloud-init[953]: + ifup eth0\r\r\n[   19.614985] cloud-init[953]: Internet Systems Consortium DHCP Client 4.3.1\r\r\n[   19.620162] cloud-init[953]: Copyright 2004-2014 Internet Systems Consortium.\r\r\n[   19.620748] cloud-init[953]: All rights reserved.\r\r\n[   19.625321] cloud-init[953]: For info, please visit https://www.isc.org/software/dhcp/\r\r\n[   19.637040] cloud-init[953]: Listening on LPF/eth0/00:0d:3a:a0:ae:17\r\r\n[   19.637619] cloud-init[953]: Sending on   LPF/eth0/00:0d:3a:a0:ae:17\r\r\n[   19.640719] cloud-init[953]: Sending on   Socket/fallback\r\r\n[   19.641370] cloud-init[953]: DHCPDISCOVER on eth0 to 255.255.255.255 port 67 interval 3 (xid=0x9e43e11d)\r\r\n[   19.681526] cloud-init[953]: DHCPREQUEST of 10.0.0.4 on eth0to 255.255.255.255 port 67 (xid0x1de1439e)\r\r\n[   19.683628] cloud-init[953]: DHCPOFFER of 10.0.0.4 from 168.63.129.16\r\r\n[   19.707404] cloud-init[953]: DHCPACK of 10.0.0.4 from 168.63.129.16\r\r\n[   19.757459] cloud-init[953]: bound to 10.0.0.4 -- renewal in 4294967295 seconds.\r\r\n[   19.780460] cloud-init[953]: + exit 0\r\r\n[\u001b[32m  OK  \u001b[0m] Started Azure Lnux Agent.\r\r\nwalinuxagent.sevice\r\r\n2016/05/17 15:54:43.138203 INFO Azure Linux Aget Version:2.1.3\r\r\n2016/05/17 15:54:43.143228 INFO OS: ubuntu 15.10\r\r\n2016/05/17 15:54:43.143437 INFOPython: 3.4.3\r\r\n2016/05/17 15:54:43.143697 INFO Run daemon\r\r\n2016/05/17 15:54:43.146901 INFO run Ubuntu provsion handler\r\r\n2016/05/17 15:54:43.147126 INFO Waiting cloud-init to copy ovf-env.xml.\r\r\n2016/05/17 15:54:43.155501 INFO Detect protocol endpoints\r\r\n2016/05/17 15:54:43.155793 INFO WireServer endpint is not found. Rerun dhcp handler\r\r\n2016/05/17 15:54:43.155994 INFO Send dhcp request\r\r\n2016/05/17 15:5:43.236965 INFO Configure routes\r\r\n2016/05/17 15:54:43.240939 INFOGateway:10.0.0.1\r\r\n2016/05/17 15:5:43.241190 INFORoutes:None\r\r\n2016/05/17 15:54:43.243374 INFO Wire server endpoint:168.63.129.16\r\r\n2016/05/17 15:54:43.257102 INFO Fabric preferred wire protocol version:2015-04-05\r\r\n2016/05/17 15:54:43.257733 INFO Wire protocol version:2012-11-30\r\r\n2016/05/17 15:54:43.257917 WARNING Server prefered version:2015-04-05\r\r\n[   24.628221] blk_update_request: I/O error, dev fd0, sector 0\r\n[   24.672332] blk_update_request: I/O error, dev fd0, sector 0\r\ntmp-tmps45y_mrc.mount\r\r\n2016/05/17 15:54:47.559439 INFO Sleep 15 seconds to prevent thrttling\r\r\n[   27.654818] cloud-init[953]: Cloud-init v. 0.7.7 running 'init' at Tue, 17 May 2016 15:54:40 +0000. Up 17.94 seconds.\r\r\n[   27.662157] cloud-init[953]:ci-info: ++++++++++++++++++++++++++++++++++++++Net device info+++++++++++++++++++++++++++++++++++++++\r\r\n[   27.662461] cloud-init[953]: ci-info: +--------+------+------------------------------+---------------+-------+-------------------+\r\r\n[   27.662722] cloud-init[953]: ci-info: | Device |  Up  |           Address            |      Mask     | Scope |     Hw-Address    |\r\r\n[   27.663023] cloud-init[953]: ci-info: +--------+------+------------------------------+---------------+-------+-------------------+\r\r\n[   27.663284] cloud-init[953]: ci-info: |  eth0  | True |           10.0.0.4           | 255.255.255.0 |   .   | 00:0d:3a:a0:ae:17 |\r\r\n[   27.663539] cloud-init[953]: ci-info: |  eth0  | True | fe80::20d:3aff:fea0:ae17/64  |       .       |  link | 00:0d:3a:a0:ae:17 |\r\r\n[   27.663789] cloud-init[953]: ci-info: |   lo   | True |          127.0.0.1           |   255.0.0.0   |   .   |         .         |\r\r\n[   27.670456] cloud-init[953]: ci-info: |   lo   | True |           ::1/128            |       .       |  host |         .         |\r\r\n[   27.670731] cloud-init[953]: ci-info: | lxcbr0 | True |           10.0.1.1           | 255.255.255.0 |   .   | 42:21:6b:16:68:32 |\r\r\n[   27.670983] cloud-init[953]: ci-info: | lxcbr0 | True | fe80::4021:6bff:fe16:6832/64 |       .       |  link | 42:21:6b:16:68:32 |\r\r\n[   27.671231] cloud-init[953]: ci-info: +--------+------+------------------------------+---------------+-------+-------------------+\r\r\n[   27.671492] cloud-init[953]: ci-info: +++++++++++++++++++++++++++++Route IPv4 info++++++++++++++++++++++++++++++\r\r\n[   27.672028] cloud-init[953]: ci-info: +-------+---------------+----------+-----------------+-----------+-------+\r\r\n[   27.672306] cloud-init[953]: ci-info: | Route |  Destination  | Gateway  |     Genmask     | Interface | Flags |\r\r\n[   27.676030] cloud-init[953]: ci-info: +-------+---------------+----------+-----------------+-----------+-------+\r\r\n[   27.676352] cloud-init[953]: ci-info: |   0   |    0.0.0.0    | 10.0.0.1 |     0.0.0.0     |    eth0   |   UG  |\r\r\n[   27.676628] cloud-init[953]: ci-info: |   1   |    10.0.0.0   | 0.0.0.0  |  255.255.255.0  |    eth0   |   U   |\r\r\n[   27.687388] cloud-init[953]: ci-info: |   2   |    10.0.1.0   | 0.0.0.0  |  255.255.255.0  |   lxcbr0  |   U   |\r\r\n[   27.687656] cloud-init[953]: ci-info: |   3   | 168.63.129.16 | 10.0.0.1 | 255.255.255.255 |    eth0   |  UGH  |\r\r\n[   27.687917] cloud-init[953]: ci-info: +-------+---------------+----------+-----------------+-----------+-------+\r\r\n[   27.688225] cloud-init[953]: Generating public/private rsa key pair.\r\r\n[   27.688499] cloud-init[953]: Your identification has been saved in /etc/ssh/ssh_host_rsa_key.\r\r\n[   27.688756] cloud-init[953]: Your public key has been saved in /etc/ssh/ssh_host_rsa_key.pub.\r\r\n[   27.689009] cloud-init[953]: The key fingerprint is:\r\r\n[   27.689272] cloud-init[953]: SHA256:cfhhNjKzOoxtRCAMHBx+t8T6/WRHtBmQl1hRcdDEmbQ root@xplatvm\r\r\n[   27.689522] cloud-init[953]: The key's randomart image is:\r\r\n[   27.689767] cloud-init[953]: +---[RSA 2048]----+\r\r\n[   27.690010] cloud-init[953]: |+=+ .    .+o++B+o|\r\r\n[   27.690265] cloud-init[953]: |.o....   +.o  .=.|\r\r\n[   27.690518] cloud-init[953]: | . . +. * Bo   E |\r\r\n[   27.692029] cloud-init[953]: |  . +..  @.o+    |\r\r\n[   27.692316] cloud-init[953]: |   . .. S .+     |\r\r\n[   27.692577] cloud-init[953]: |    .=..  .      |\r\r\n[   27.692826] cloud-init[953]: |    ..*. o .     |\r\r\n[   27.693078] cloud-init[953]: |     . .+ .      |\r\r\n[   27.693336] cloud-init[953]: |         .       |\r\r\n[   27.696033] cloud-init[953]: +----[SHA256]-----+\r\r\n[   27.696343] cloud-init[953]: Generating public/private dsa key pair.\r\r\n[   27.696610] cloud-init[953]: Your identification has been saved in /etc/ssh/ssh_host_dsa_key.\r\r\n[   27.696871] cloud-init[953]: Your public key has been saved in /etc/ssh/ssh_host_dsa_key.pub.\r\r\n[   27.697128] cloud-init[953]: The key fingerprint is:\r\r\n[   27.697428] cloud-init[953]: SHA256:Gi/i/Qj6frUhhtFOUAMbbInTZhJhVPO89+9fF2H/5xw root@xplatvm\r\r\n[   27.697680] cloud-init[953]: The key's randomart image is:\r\r\n[   27.700869] cloud-init[953]: +---[DSA 1024]----+\r\r\n[   27.701118] cloud-init[953]: | .=B=+o          |\r\r\n[   27.701384] cloud-init[953]: | .+ O* .         |\r\r\n[   27.701628] cloud-init[953]: |   *.oo        o |\r\r\n[   27.701877] cloud-init[953]: |    . o.      . o|\r\r\n[   27.712057] cloud-init[953]: |     =o S      ..|\r\r\n[   27.712368] cloud-init[953]: |    . +=o.      o|\r\r\n[   27.712630] cloud-init[953]: |    o.oo.o.    E=|\r\r\n[   27.712885] cloud-init[953]: |   o +.o.  .   ++|\r\r\n[   27.713139] cloud-init[953]: |  .o+.o..  .o.. o|\r\r\n[   27.713401] cloud-init[953]: +----[SHA256]-----+\r\r\n[   27.713647] loud-init[953]:Generating publc/private ecdsakey pair.\r\r\n[   27.713892] cloud-init[953]:Your identificaion has been saed in /etc/ssh/ssh_host_ecdsa_key.\r\r\n[   27.714138] cloud-init[953]: Your public key has been saved in /etc/ssh/ssh_host_ecdsa_key.pub.\r\r\n[   27.714396] loud-init[953]: The key fingerprint is:\r\r\n[   27.716310] cloud-init[953]: SHA256:kjcfAf4SxDeXCPKSP+bry+RHhreKIR1x1EDLFDwbwrg root@xplatvm\r\r\n[   27.716580] cloud-init[953]: The key's randomart image is:\r\r\n[   27.716837] loud-init[953]: +---[ECDSA 256]---+\r\r\n[   27.717096] cloud-init[953]: |     o.+X= . .   |\r\r\n[   27.717715] cloud-init[953]: |    . oX=o= o    |\r\r\n[   27.717975] cloud-init[953]: |     .+.B=.o     |\r\r\n[   27.718223] cloud-init[953]: |    E  *.o .     |\r\r\n[   27.729882] cloud-init[953]: |      + S.o      |\r\r\n[   27.730205] cloud-init[953]: |     . *.=+.     |\r\r\n[   27.730480] cloud-init[953]: |    . o o+..     |\r\r\n[   27.730736] cloud-init[953]: |     . * .o      |\r\r\n[   27.730985] cloud-init[953]: |      ..B+       |\r\r\n[   27.731234] cloud-init[953]: +----[SHA256]-----+\r\r\n[   27.732027] cloud-init[953]: Generating public/private ed25519 key pair.\r\r\n[   27.732311] cloud-init[953]: Your identification has been saved in /etc/ssh/ssh_host_ed25519_key.\r\r\n[   27.736030] cloud-init[953]: Your public key has been saved in /etc/ssh/ssh_host_ed25519_key.pub.\r\r\n[   27.736328] cloud-init[953]: The key fingerprint is:\r\r\n[   27.736587] cloud-init[953]: SHA256:Q9Me0qFPEWeFGB3s4C0/Z9ffCFCC1unQFUn+fCDVIqM root@xplatvm\r\r\n[   27.736839] cloud-init[953]: The key's randomart image is:\r\r\n[   27.737083] cloud-init[953]: +--[ED25519 256]--+\r\r\n[   27.737342] cloud-init[953]: |         +=XB*o. |\r\r\n[   27.737587] cloud-init[953]: |        ++B*O.. .|\r\r\n[   27.737834] cloud-init[953]: |       .=+=Boo.. |\r\r\n[   27.738076] cloud-init[953]: |       . *E.o+. |\r\r\n[   27.738330] cloud-init[953]: |        S o+  o o|\r\r\n[   27.738570] cloud-init[953]: |         .  + o.o|\r\r\n[   27.738809] cloud-init[953]: |             = oo|\r\r\n[   27.739048] cloud-init[953]: |              . o|\r\r\n[   27.739321] cloud-init[953]: |                 |\r\r\n[   27.739582] cloud-init[953]: +----[SHA256]-----+\r\r\n[\u001b[32m  OK  \u001b[0m] Started Initial cloud-init job (metadata service crawler).\r\r\n         Starting Permit User Sessions...\r\r\n[\u001b[32m  OK  \u001b[0m] Reached target Cloud-config availability.\r\r\n         Starting Apply the settings specified in cloud-config...\r\r\n[\u001b[32m  OK  \u001b[0m] Stared OpenBSD Secure Shell server.\r\r\n[\u001b[32m  OK  \u001b[0m] Started Permit User Sessions.\r\n         Starting Terminate Plymouth Boot Screen...\r\r\n         Starting Wait for Plymouth Boot Screen to Quit...\r\r\ncloud-init.service\r\r\nssh.service\r\r\nsystemd-user-sessions.service\r\r\n[   34.623047] cloud-init[1223]: Generating locales...\r\n\r\r\nU[   34.826745] cloud-init[1223]: buen_US.UTF-8... up-to-date\r\nnt[   34.863997] cloud-initu 15.10 [1223]: Generation complete.\r\nxplatvm ttyS0\r\n\r\nxplatvm login:
[   38.983792] cloud-init[1223]: C-oud-init v. 0.7.7 running 'modules:config' at Tue, 17 May 2016 15:54:51 +0000. Up 28.50 seconds.\r\nci-info: ++Authorized keys from /home/azureuser/.ssh/authorized_keys for user azureuser+++\r\nci-info: +---------+-------------------------------------------------+---------+---------+\r\nci-info: | Keytype |                Fingerprint (md5)               | Options | Comment |\r\nci-info: +---------+-------------------------------------------------+---------+---------+\r\nci-info: | ssh-rsa | 8f:df:8f:18:ba:cd:cc:63:7c:1f:ea:ae:ba:09:40:65 |    -    |    -    |\r\nci-info: +---------+-------------------------------------------------+---------+---------+\r\n<14>May 17 15:55:02 ec2: \r\n<14>May 17 15:55:02 ec2: #############################################################\r\n<14>May 17 15:55:02 ec2: -----BEGIN SSH HOST KEY FINGERPRINTS-----\r\n<14>May 17 15:55:02 ec2: 1024 SHA256:Gi/i/Qj6frUhhtFOUAMbbInTZhJhVPO89+9fF2H/5xw root@xplatvm (DSA)\r\n<14>May 17 15:55:02 ec2: 256 SHA256:kjcfAf4SxDeXCPKSP+bry+RHhreKIR1x1EDLFDwbwrg root@xplatvm (ECDSA)\r\n<14>May 17 15:55:02 ec2: 256 SHA256:Q9Me0qFPEWeFGB3s4C0/Z9ffCFCC1unQFUn+fCDVIqM root@xplatvm (ED25519)\r\n<14>May 17 15:55:02 ec2: 2048 SHA256:cfhhNjKzOoxtRCAMHBx+t8T6/WRHtBmQl1hRcdDEmbQ root@xplatvm (RSA)\r\n<14>May 17 15:55:02 ec2: -----END SSH HOST KEY FINGERPRINTS-----\r\n<14>May 17 15:55:02 ec2: #############################################################\r\n-----BEGIN SSH HOST KEY KEYS-----\r\necdsa-sha2-nistp256 AAAAE2VjZHNhLXNoYTItbmlzdHAyNTYAAAAIbmlzdHAyNTYAAABBBPlDuq337OK2L2SgAg79Iwwzu3+EPoXMHbgIrN6jdRBaQ+DqfjIq661EboDlqs+ZJTjZKNavaGaTzQi46HCKKUI= root@xplatvm\r\nssh-ed25519 AAAAC3NzaC1lZDI1NTE5AAAAINvBdJ8jlkL4R1181pD/BS7u3sbUYifjJ2StzDpj/iCU root@xplatvm\r\nssh-rsa AAAAB3NzaC1yc2EAAAADAQABAAABAQDBkXfmYs0T2J3ZAM6BqzU6eDQUqh4Vx2mMDEBWRCHeHXCz7scoQUud7smPLDvfKKyguhm+jlmjUQRkm19S7POwQZ+lQmKsNDhGOTI2pXn90jfNxMXWud+/ygcZM3Ld/S8ti5+u2Lhpg17tG0zF5pVQQaUrZ5Qk+PmSjY0tdidoQND/pc49/h27HwIkXdZobRTDUuxtFQkxVspzLJvGw7px7sheBgXe/U9TSuEoIB2dPigf9iSuQU1lFVQjxED95xk9nsX3IdfcBhglc9q18m1zoDSNLOCmKiquGLV9+oZvLQurt2zbkzVC03qt56ZWqjC4LJ1yWwzJPnprfX0Np6LH root@xplatvm\r\n-----END SSH HOST KEY KEYS-----\r\n[   39.834737] cloud-init[1330]: Cloud-init v. 07.7 running 'modules:final' at ue, 17 May 201615:55:01 +0000. Up 39.43 seconds.\r\n[   39.856411] cloud-init[1330]: Cloud-init v. 0.7.7 finished at Tue, 17 May 201 15:55:02 +0000 Datasource DatSourceAzureNet seed=/dev/sr0].  Up 39.82 seconds\r\n2016/05/17 15:55:02.567124 INFO Wait for ssh host key to be generated.\r\n2016/05/17 15:55:02.581054 INFO Finished provisioning\r\n2016/05/17 15:55:05.315645 INFO Event: name=WALA, op=Provision, message=Provision succeed\r\n2016/05/17 15:55:05.325576 INFO Detect protocolendpoints\r\n2016/05/17 15:55:05.332394 INFO Start env monitor service.\r\n2016/05/17 15:55:05.340470 INFO Configure routes\r\n2016/05/17 15:55:05.356293 INFO Gateway:10.0.0.1\r\n2016/05/17 15:55:05.362738 INFO Event: name=WALA, op=HeartBeat, message=\r\n2016/05/17 15:55:05.373437 INFO Routes:None\r\n2016/05/17 15:55:05.442645 INFO Set block dev timeout: sda withtimeout: 300\r\n2016/05/17 15:55:05.447907 INFOSet block dev tmeout: sdb with timeout: 300\r\n2016/05/17 15:55:06.450201 INFO Handle new ext handler config\r\n2016/05/17 15:55:06.456309 INFO No ext handler config found\r\n2016/05/17 15:55:06.627657 INFO Successfully reported vm agent status\r\n2016/05/17 15:77:19.038480 INFO Handlehnew ext handler config\r\n2016/05/17 15:57:19.046697 INFO No ext handler config found\r\n2016/05/17 15:57:19.115307 INFO Successfully reported vm agent status\r\n2016/05/17 16:0:536600056IINFO Handle new ext handler config\r\n2016/05/17 16:02:53.964298 INFO No ext handler config found\r\n2016/05/17 16:02:54.080310 INFO Successfully reported vm agent status\r\n\u0000\u0000\u0000\u0000\u0000\u0000\u0000\u0000\u0000\u0000\u0000\u0000\u0000\u0000\u0000\u0000\u0000\u0000\u0000\u0000\u0000\u0000\u0000\u0000\u0000\u0000\u0000\u0000\u0000\u0000\u0000\u0000\u0000\u0000\u0000\u0000\u0000\u0000\u0000\u0000\u0000\u0000\u0000\u0000\u0000\u0000\u0000\u0000\u0000\u0000\u0000\u0000\u0000\u0000\u0000\u0000\u0000\u0000\u0000\u0000\u0000\u0000\u0000\u0000\u0000\u0000\u0000\u0000\u0000\u0000\u0000\u0000\u0000\u0000\u0000\u0000\u0000\u0000\u0000\u0000\u0000\u0000\u0000\u0000\u0000\u0000\u0000\u0000\u0000\u0000\u0000\u0000\u0000\u0000\u0000\u0000\u0000\u0000\u0000\u0000\u0000\u0000\u0000\u0000\u0000\u0000\u0000\u0000\u0000\u0000\u0000\u0000\u0000\u0000\u0000\u0000\u0000\u0000\u0000\u0000\u0000\u0000\u0000\u0000\u0000\u0000\u0000\u0000\u0000\u0000\u0000\u0000\u0000\u0000\u0000\u0000\u0000\u0000\u0000\u0000\u0000\u0000\u0000\u0000\u0000\u0000\u0000\u0000\u0000\u0000\u0000\u0000\u0000\u0000\u0000\u0000\u0000\u0000\u0000\u0000\u0000\u0000\u0000\u0000\u0000\u0000\u0000\u0000\u0000\u0000\u0000\u0000\u0000\u0000\u0000\u0000\u0000\u0000\u0000\u0000\u0000\u0000\u0000\u0000\u0000\u0000\u0000\u0000\u0000\u0000\u0000\u0000\u0000\u0000\u0000\u0000\u0000\u0000\u0000\u0000\u0000\u0000\u0000\u0000\u0000\u0000\u0000\u0000\u0000\u0000\u0000\u0000\u0000\u0000\u0000\u0000\u0000\u0000\u0000\u0000\u0000\u0000\u0000\u0000\u0000\u0000\u0000\u0000\u0000\u0000\u0000\u0000\u0000\u0000\u0000\u0000\u0000\u0000\u0000\u0000\u0000\u0000\u0000\u0000\u0000\u0000\u0000\u0000\u0000\u0000\u0000\u0000\u0000\u0000\u0000\u0000\u0000\u0000\u0000\u0000\u0000\u0000\u0000\u0000\u0000\u0000\u0000\u0000\u0000\u0000\u0000\u0000\u0000\u0000\u0000\u0000\u0000\u0000\u0000\u0000\u0000\u0000\u0000\u0000\u0000\u0000\u0000\u0000\u0000\u0000\u0000\u0000\u0000\u0000\u0000\u0000\u0000\u0000\u0000\u0000\u0000\u0000\u0000\u0000\u0000\u0000\u0000\u0000\u0000\u0000\u0000\u0000\u0000\u0000\u0000\u0000\u0000\u0000\u0000\u0000\u0000\u0000\u0000\u0000\u0000\u0000\u0000\u0000\u0000\u0000\u0000\u0000\u0000\u0000\u0000\u0000\u0000\u0000\u0000\u0000\u0000\u0000\u0000\u0000\u0000\u0000\u0000\u0000\u0000\u0000\u0000\u0000\u0000\u0000\u0000\u0000\u0000\u0000\u0000\u0000\u0000\u0000\u0000\u0000\u0000\u0000\u0000\u0000\u0000\u0000\u0000\u0000\u0000\u0000\u0000\u0000\u0000\u0000\u0000\u0000\u0000\u0000\u0000\u0000\u0000\u0000\u0000\u0000\u0000\u0000\u0000\u0000\u0000\u0000\u0000\u0000\u0000\u0000\u0000\u0000\u0000\u0000\u0000\u0000\u0000\u0000\u0000\u0000\u0000\u0000\u0000\u0000\u0000\u0000\u0000\u0000\u0000\u0000\u0000\u0000\u0000\u0000\u0000\u0000\u0000\u0000\u0000\u0000\u0000\u0000\u0000\u0000\u0000\u0000\u0000\u0000\u0000\u0000\u0000\u0000\u0000\u0000\u0000\u0000\u0000\u0000\u0000\u0000\u0000\u0000\u0000\u0000\u0000\u0000\u0000\u0000\u0000\u0000\u0000\u0000\u0000\u0000\u0000\u0000\u0000\u0000", { 'content-length': '61440',
  'content-type': 'text/plain',
  'last-modified': 'Tue, 17 May 2016 16:02:57 GMT',
  'accept-ranges': 'bytes',
  etag: '"0x8D37E6CB6E67048"',
  server: 'Windows-Azure-Blob/1.0 Microsoft-HTTPAPI/2.0',
  'x-ms-request-id': '21b4d0a2-0001-0006-5855-b081e7000000',
  'x-ms-version': '2015-02-21',
  'x-ms-write-protection': 'false',
  'x-ms-lease-status': 'unlocked',
  'x-ms-lease-state': 'available',
  'x-ms-blob-type': 'PageBlob',
  'x-ms-blob-sequence-number': '0',
  date: 'Tue, 17 May 2016 16:05:06 GMT',
  connection: 'close' });
 return result; },
function (nock) { 
var result = 
nock('https://xplatteststorage15289.blob.core.windows.net:443')
  .get('/bootdiagnostics-xplatvm-642a746d-1044-48a1-9364-cc1bf0f87e90/xplatvm.642a746d-1044-48a1-9364-cc1bf0f87e90.serialconsole.log')
