// This file has been autogenerated.

var profile = require('../../../lib/util/profile');

exports.getMockedProfile = function () {
  var newProfile = new profile.Profile();

  newProfile.addSubscription(new profile.Subscription({
    id: 'e33f361b-53c2-4cc7-b829-78906708387b',
    managementCertificate: {
      key: 'mockedKey',
      cert: 'mockedCert'
    },
    name: 'Microsoft Azure Internal Consumption',
    user: {
      name: 'user@domain.example',
      type: 'servicePrincipal'
    },
    tenantId: '72f988bf-86f1-41af-91ab-2d7cd011db47',
    state: 'Enabled',
    registeredProviders: [],
    isDefault: true
  }, newProfile.environments['AzureCloud']));

  return newProfile;
};

exports.setEnvironment = function() {
  process.env['AZURE_VM_TEST_LOCATION'] = 'centralus';
  process.env['SSHCERT'] = 'test/myCert.pem';
};

exports.scopes = [[function (nock) { 
var result = 
nock('http://management.azure.com:443')
  .get('/subscriptions/e33f361b-53c2-4cc7-b829-78906708387b/resourceGroups/xplatTestGVMCreate8149/providers/Microsoft.Compute/virtualMachines/xplatvm?$expand=instanceView&api-version=2015-06-15')
  .reply(200, "{\r\n  \"properties\": {\r\n    \"vmId\": \"ceaca1aa-93d2-4b7a-88f0-b2e2ff122b1e\",\r\n    \"availabilitySet\": {\r\n      \"id\": \"/subscriptions/e33f361b-53c2-4cc7-b829-78906708387b/resourceGroups/xplatTestGVMCreate8149/providers/Microsoft.Compute/availabilitySets/XPLATTESTAAVAIL5373\"\r\n    },\r\n    \"hardwareProfile\": {\r\n      \"vmSize\": \"Standard_A1\"\r\n    },\r\n    \"storageProfile\": {\r\n      \"osDisk\": {\r\n        \"osType\": \"Linux\",\r\n        \"name\": \"cli84b961a3faf4ce75-os-1454709862912\",\r\n        \"createOption\": \"FromImage\",\r\n        \"image\": {\r\n          \"uri\": \"https://xplatteststorage17303.blob.core.windows.net/system/Microsoft.Compute/Images/vhds/xplatvm3-osDisk.b162627e-7df5-40b2-9a80-7ff1673bac12.vhd\"\r\n        },\r\n        \"vhd\": {\r\n          \"uri\": \"https://xplatteststorage17303.blob.core.windows.net/xplatteststoragecnt1535/cli84b961a3faf4ce75-os-1454709862912.vhd\"\r\n        },\r\n        \"caching\": \"ReadWrite\"\r\n      },\r\n      \"dataDisks\": []\r\n    },\r\n    \"osProfile\": {\r\n      \"computerName\": \"xplatvm\",\r\n      \"adminUsername\": \"azureuser\",\r\n      \"linuxConfiguration\": {\r\n        \"disablePasswordAuthentication\": false,\r\n        \"ssh\": {\r\n          \"publicKeys\": [\r\n            {\r\n              \"path\": \"/home/azureuser/.ssh/authorized_keys\",\r\n              \"keyData\": \"MIID/zCCAuegAwIBAgIJAMUAa+XVLvAeMA0GCSqGSIb3DQEBBQUAMIGVMQswCQYD\\r\\nVQQGEwJJbjESMBAGA1UECAwJS2FybmF0YWthMRIwEAYDVQQHDAlCYW5nYWxvcmUx\\r\\nEDAOBgNVBAoMB2JyaWxsaW8xEjAQBgNVBAsMCW1pY3Jvc29mdDEQMA4GA1UEAwwH\\r\\nYnJpbGxpbzEmMCQGCSqGSIb3DQEJARYXc3JlZWthbnRoYnNAeWFob28uY28uaW4w\\r\\nHhcNMTUwMzA1MTE1MzEyWhcNMTYwMzA0MTE1MzEyWjCBlTELMAkGA1UEBhMCSW4x\\r\\nEjAQBgNVBAgMCUthcm5hdGFrYTESMBAGA1UEBwwJQmFuZ2Fsb3JlMRAwDgYDVQQK\\r\\nDAdicmlsbGlvMRIwEAYDVQQLDAltaWNyb3NvZnQxEDAOBgNVBAMMB2JyaWxsaW8x\\r\\nJjAkBgkqhkiG9w0BCQEWF3NyZWVrYW50aGJzQHlhaG9vLmNvLmluMIIBIjANBgkq\\r\\nhkiG9w0BAQEFAAOCAQ8AMIIBCgKCAQEAyUNKaOuT0NK+S8Ck81zy9xJ6hXfZvAC6\\r\\nlhbmf/6s/WVimJ/TX5NMhQJwC9k6ZIF92KfYrojHNvHDufSZ3EtKUVwRFCDjmgMT\\r\\nDL09WkGaZt7gROYFK0iZ4KrYGovUwlwum9fHB24OJiOV4bi0ek62/rHx9fjYZpvp\\r\\naIH2PV/hN8SCZ0x7HJMberD4gVoU/Kv42nNvwjLUW6IZfVx/Gv5OeFDtWHfSvUEF\\r\\ndadHKTPn3Ab20Iu6gZIbLO9Vuf38/IpaYGfnFCouHdzmiTiLieYNe3CUPcOJNSv7\\r\\n1G8KYpx3uNJRkJPab5OsRyJw75Gvzkr9OgaPss9tVD6Gt68u3WQtVQIDAQABo1Aw\\r\\nTjAdBgNVHQ4EFgQUogvhXB+xZ2JJPfLO6cVs4ForzscwHwYDVR0jBBgwFoAUogvh\\r\\nXB+xZ2JJPfLO6cVs4ForzscwDAYDVR0TBAUwAwEB/zANBgkqhkiG9w0BAQUFAAOC\\r\\nAQEAdDj7qUNJ45xlF5cjd+4x5NHvAD1VTjOKu+Xh/uzSSjXqB2F0aOMWA9lx0qaQ\\r\\noJgHkGxj3zz/W7ik/cVGL2O+vRIOKv/y0OPogEmS3Hw+P+O6OGE7x1G6YN0zLVoL\\r\\nu4BN/BEYmjttxM9I7qqL7C5cJoE+K3s/w1/pt/68ohJcr7F9Ohi7cso62xuGY1Rm\\r\\nksAh2EUDsU9JV/P+C9AMpLSrb03JJYzVj4w1RHbrmw2AjFyGXdQYkggyXisg+Ifr\\r\\n5gbNN7HigpHf7b2i3CQBUqp9m23frh5AhnLI2qp3UXgc52U5ieLdi/t6j0TTZqqY\\r\\nHhHqofKrj938HHlBNpC5/LVh3w==\\r\\n\"\r\n            }\r\n          ]\r\n        }\r\n      },\r\n      \"secrets\": []\r\n    },\r\n    \"networkProfile\": {\"networkInterfaces\":[{\"id\":\"/subscriptions/e33f361b-53c2-4cc7-b829-78906708387b/resourceGroups/xplatTestGVMCreate8149/providers/Microsoft.Network/networkInterfaces/xplattestnic\"}]},\r\n    \"diagnosticsProfile\": {\r\n      \"bootDiagnostics\": {\r\n        \"enabled\": true,\r\n        \"storageUri\": \"https://xplatteststorage17303.blob.core.windows.net/\"\r\n      }\r\n    },\r\n    \"provisioningState\": \"Succeeded\",\r\n    \"instanceView\": {\r\n      \"platformUpdateDomain\": 0,\r\n      \"platformFaultDomain\": 0,\r\n      \"vmAgent\": {\r\n        \"vmAgentVersion\": \"WALinuxAgent-2.0.14\",\r\n        \"statuses\": [\r\n          {\r\n            \"code\": \"ProvisioningState/succeeded\",\r\n            \"level\": \"Info\",\r\n            \"displayStatus\": \"Ready\",\r\n            \"message\": \"GuestAgent is running and accepting new configurations.\",\r\n            \"time\": \"2016-02-05T22:18:56+00:00\"\r\n          }\r\n        ],\r\n        \"extensionHandlers\": []\r\n      },\r\n      \"disks\": [\r\n        {\r\n          \"name\": \"cli84b961a3faf4ce75-os-1454709862912\",\r\n          \"statuses\": [\r\n            {\r\n              \"code\": \"ProvisioningState/succeeded\",\r\n              \"level\": \"Info\",\r\n              \"displayStatus\": \"Provisioning succeeded\",\r\n              \"time\": \"2016-02-05T22:04:30.3959674+00:00\"\r\n            }\r\n          ]\r\n        }\r\n      ],\r\n      \"bootDiagnostics\": {\r\n        \"consoleScreenshotBlobUri\": \"https://xplatteststorage17303.blob.core.windows.net/bootdiagnostics-xplatvm-ceaca1aa-93d2-4b7a-88f0-b2e2ff122b1e/xplatvm.ceaca1aa-93d2-4b7a-88f0-b2e2ff122b1e.screenshot.bmp\",\r\n        \"serialConsoleLogBlobUri\": \"https://xplatteststorage17303.blob.core.windows.net/bootdiagnostics-xplatvm-ceaca1aa-93d2-4b7a-88f0-b2e2ff122b1e/xplatvm.ceaca1aa-93d2-4b7a-88f0-b2e2ff122b1e.serialconsole.log\"\r\n      },\r\n      \"statuses\": [\r\n        {\r\n          \"code\": \"ProvisioningState/succeeded\",\r\n          \"level\": \"Info\",\r\n          \"displayStatus\": \"Provisioning succeeded\",\r\n          \"time\": \"2016-02-05T22:06:17.1969424+00:00\"\r\n        },\r\n        {\r\n          \"code\": \"PowerState/running\",\r\n          \"level\": \"Info\",\r\n          \"displayStatus\": \"VM running\"\r\n        }\r\n      ]\r\n    }\r\n  },\r\n  \"id\": \"/subscriptions/e33f361b-53c2-4cc7-b829-78906708387b/resourceGroups/xplatTestGVMCreate8149/providers/Microsoft.Compute/virtualMachines/xplatvm\",\r\n  \"name\": \"xplatvm\",\r\n  \"type\": \"Microsoft.Compute/virtualMachines\",\r\n  \"location\": \"centralus\",\r\n  \"tags\": {\r\n    \"a\": \"b\",\r\n    \"b\": \"c\",\r\n    \"d\": \"\"\r\n  }\r\n}", { 'cache-control': 'no-cache',
  pragma: 'no-cache',
  'content-length': '5294',
  'content-type': 'application/json; charset=utf-8',
  expires: '-1',
  'strict-transport-security': 'max-age=31536000; includeSubDomains',
  'x-ms-served-by': '8b389b8b-027e-46fa-beac-7bb15adb1e3b_130987250828290207',
  'x-ms-request-id': '939962f7-5f75-4170-ad0f-c2eb9daf833e',
  server: 'Microsoft-HTTPAPI/2.0, Microsoft-HTTPAPI/2.0',
  'x-ms-ratelimit-remaining-subscription-reads': '14993',
  'x-ms-correlation-request-id': '011d1504-cfec-45b2-9953-f61755bdcddb',
  'x-ms-routing-request-id': 'WESTUS:20160205T221905Z:011d1504-cfec-45b2-9953-f61755bdcddb',
  date: 'Fri, 05 Feb 2016 22:19:04 GMT',
  connection: 'close' });
 return result; },
function (nock) { 
var result = 
nock('https://management.azure.com:443')
  .get('/subscriptions/e33f361b-53c2-4cc7-b829-78906708387b/resourceGroups/xplatTestGVMCreate8149/providers/Microsoft.Compute/virtualMachines/xplatvm?$expand=instanceView&api-version=2015-06-15')
  .reply(200, "{\r\n  \"properties\": {\r\n    \"vmId\": \"ceaca1aa-93d2-4b7a-88f0-b2e2ff122b1e\",\r\n    \"availabilitySet\": {\r\n      \"id\": \"/subscriptions/e33f361b-53c2-4cc7-b829-78906708387b/resourceGroups/xplatTestGVMCreate8149/providers/Microsoft.Compute/availabilitySets/XPLATTESTAAVAIL5373\"\r\n    },\r\n    \"hardwareProfile\": {\r\n      \"vmSize\": \"Standard_A1\"\r\n    },\r\n    \"storageProfile\": {\r\n      \"osDisk\": {\r\n        \"osType\": \"Linux\",\r\n        \"name\": \"cli84b961a3faf4ce75-os-1454709862912\",\r\n        \"createOption\": \"FromImage\",\r\n        \"image\": {\r\n          \"uri\": \"https://xplatteststorage17303.blob.core.windows.net/system/Microsoft.Compute/Images/vhds/xplatvm3-osDisk.b162627e-7df5-40b2-9a80-7ff1673bac12.vhd\"\r\n        },\r\n        \"vhd\": {\r\n          \"uri\": \"https://xplatteststorage17303.blob.core.windows.net/xplatteststoragecnt1535/cli84b961a3faf4ce75-os-1454709862912.vhd\"\r\n        },\r\n        \"caching\": \"ReadWrite\"\r\n      },\r\n      \"dataDisks\": []\r\n    },\r\n    \"osProfile\": {\r\n      \"computerName\": \"xplatvm\",\r\n      \"adminUsername\": \"azureuser\",\r\n      \"linuxConfiguration\": {\r\n        \"disablePasswordAuthentication\": false,\r\n        \"ssh\": {\r\n          \"publicKeys\": [\r\n            {\r\n              \"path\": \"/home/azureuser/.ssh/authorized_keys\",\r\n              \"keyData\": \"MIID/zCCAuegAwIBAgIJAMUAa+XVLvAeMA0GCSqGSIb3DQEBBQUAMIGVMQswCQYD\\r\\nVQQGEwJJbjESMBAGA1UECAwJS2FybmF0YWthMRIwEAYDVQQHDAlCYW5nYWxvcmUx\\r\\nEDAOBgNVBAoMB2JyaWxsaW8xEjAQBgNVBAsMCW1pY3Jvc29mdDEQMA4GA1UEAwwH\\r\\nYnJpbGxpbzEmMCQGCSqGSIb3DQEJARYXc3JlZWthbnRoYnNAeWFob28uY28uaW4w\\r\\nHhcNMTUwMzA1MTE1MzEyWhcNMTYwMzA0MTE1MzEyWjCBlTELMAkGA1UEBhMCSW4x\\r\\nEjAQBgNVBAgMCUthcm5hdGFrYTESMBAGA1UEBwwJQmFuZ2Fsb3JlMRAwDgYDVQQK\\r\\nDAdicmlsbGlvMRIwEAYDVQQLDAltaWNyb3NvZnQxEDAOBgNVBAMMB2JyaWxsaW8x\\r\\nJjAkBgkqhkiG9w0BCQEWF3NyZWVrYW50aGJzQHlhaG9vLmNvLmluMIIBIjANBgkq\\r\\nhkiG9w0BAQEFAAOCAQ8AMIIBCgKCAQEAyUNKaOuT0NK+S8Ck81zy9xJ6hXfZvAC6\\r\\nlhbmf/6s/WVimJ/TX5NMhQJwC9k6ZIF92KfYrojHNvHDufSZ3EtKUVwRFCDjmgMT\\r\\nDL09WkGaZt7gROYFK0iZ4KrYGovUwlwum9fHB24OJiOV4bi0ek62/rHx9fjYZpvp\\r\\naIH2PV/hN8SCZ0x7HJMberD4gVoU/Kv42nNvwjLUW6IZfVx/Gv5OeFDtWHfSvUEF\\r\\ndadHKTPn3Ab20Iu6gZIbLO9Vuf38/IpaYGfnFCouHdzmiTiLieYNe3CUPcOJNSv7\\r\\n1G8KYpx3uNJRkJPab5OsRyJw75Gvzkr9OgaPss9tVD6Gt68u3WQtVQIDAQABo1Aw\\r\\nTjAdBgNVHQ4EFgQUogvhXB+xZ2JJPfLO6cVs4ForzscwHwYDVR0jBBgwFoAUogvh\\r\\nXB+xZ2JJPfLO6cVs4ForzscwDAYDVR0TBAUwAwEB/zANBgkqhkiG9w0BAQUFAAOC\\r\\nAQEAdDj7qUNJ45xlF5cjd+4x5NHvAD1VTjOKu+Xh/uzSSjXqB2F0aOMWA9lx0qaQ\\r\\noJgHkGxj3zz/W7ik/cVGL2O+vRIOKv/y0OPogEmS3Hw+P+O6OGE7x1G6YN0zLVoL\\r\\nu4BN/BEYmjttxM9I7qqL7C5cJoE+K3s/w1/pt/68ohJcr7F9Ohi7cso62xuGY1Rm\\r\\nksAh2EUDsU9JV/P+C9AMpLSrb03JJYzVj4w1RHbrmw2AjFyGXdQYkggyXisg+Ifr\\r\\n5gbNN7HigpHf7b2i3CQBUqp9m23frh5AhnLI2qp3UXgc52U5ieLdi/t6j0TTZqqY\\r\\nHhHqofKrj938HHlBNpC5/LVh3w==\\r\\n\"\r\n            }\r\n          ]\r\n        }\r\n      },\r\n      \"secrets\": []\r\n    },\r\n    \"networkProfile\": {\"networkInterfaces\":[{\"id\":\"/subscriptions/e33f361b-53c2-4cc7-b829-78906708387b/resourceGroups/xplatTestGVMCreate8149/providers/Microsoft.Network/networkInterfaces/xplattestnic\"}]},\r\n    \"diagnosticsProfile\": {\r\n      \"bootDiagnostics\": {\r\n        \"enabled\": true,\r\n        \"storageUri\": \"https://xplatteststorage17303.blob.core.windows.net/\"\r\n      }\r\n    },\r\n    \"provisioningState\": \"Succeeded\",\r\n    \"instanceView\": {\r\n      \"platformUpdateDomain\": 0,\r\n      \"platformFaultDomain\": 0,\r\n      \"vmAgent\": {\r\n        \"vmAgentVersion\": \"WALinuxAgent-2.0.14\",\r\n        \"statuses\": [\r\n          {\r\n            \"code\": \"ProvisioningState/succeeded\",\r\n            \"level\": \"Info\",\r\n            \"displayStatus\": \"Ready\",\r\n            \"message\": \"GuestAgent is running and accepting new configurations.\",\r\n            \"time\": \"2016-02-05T22:18:56+00:00\"\r\n          }\r\n        ],\r\n        \"extensionHandlers\": []\r\n      },\r\n      \"disks\": [\r\n        {\r\n          \"name\": \"cli84b961a3faf4ce75-os-1454709862912\",\r\n          \"statuses\": [\r\n            {\r\n              \"code\": \"ProvisioningState/succeeded\",\r\n              \"level\": \"Info\",\r\n              \"displayStatus\": \"Provisioning succeeded\",\r\n              \"time\": \"2016-02-05T22:04:30.3959674+00:00\"\r\n            }\r\n          ]\r\n        }\r\n      ],\r\n      \"bootDiagnostics\": {\r\n        \"consoleScreenshotBlobUri\": \"https://xplatteststorage17303.blob.core.windows.net/bootdiagnostics-xplatvm-ceaca1aa-93d2-4b7a-88f0-b2e2ff122b1e/xplatvm.ceaca1aa-93d2-4b7a-88f0-b2e2ff122b1e.screenshot.bmp\",\r\n        \"serialConsoleLogBlobUri\": \"https://xplatteststorage17303.blob.core.windows.net/bootdiagnostics-xplatvm-ceaca1aa-93d2-4b7a-88f0-b2e2ff122b1e/xplatvm.ceaca1aa-93d2-4b7a-88f0-b2e2ff122b1e.serialconsole.log\"\r\n      },\r\n      \"statuses\": [\r\n        {\r\n          \"code\": \"ProvisioningState/succeeded\",\r\n          \"level\": \"Info\",\r\n          \"displayStatus\": \"Provisioning succeeded\",\r\n          \"time\": \"2016-02-05T22:06:17.1969424+00:00\"\r\n        },\r\n        {\r\n          \"code\": \"PowerState/running\",\r\n          \"level\": \"Info\",\r\n          \"displayStatus\": \"VM running\"\r\n        }\r\n      ]\r\n    }\r\n  },\r\n  \"id\": \"/subscriptions/e33f361b-53c2-4cc7-b829-78906708387b/resourceGroups/xplatTestGVMCreate8149/providers/Microsoft.Compute/virtualMachines/xplatvm\",\r\n  \"name\": \"xplatvm\",\r\n  \"type\": \"Microsoft.Compute/virtualMachines\",\r\n  \"location\": \"centralus\",\r\n  \"tags\": {\r\n    \"a\": \"b\",\r\n    \"b\": \"c\",\r\n    \"d\": \"\"\r\n  }\r\n}", { 'cache-control': 'no-cache',
  pragma: 'no-cache',
  'content-length': '5294',
  'content-type': 'application/json; charset=utf-8',
  expires: '-1',
  'strict-transport-security': 'max-age=31536000; includeSubDomains',
  'x-ms-served-by': '8b389b8b-027e-46fa-beac-7bb15adb1e3b_130987250828290207',
  'x-ms-request-id': '939962f7-5f75-4170-ad0f-c2eb9daf833e',
  server: 'Microsoft-HTTPAPI/2.0, Microsoft-HTTPAPI/2.0',
  'x-ms-ratelimit-remaining-subscription-reads': '14993',
  'x-ms-correlation-request-id': '011d1504-cfec-45b2-9953-f61755bdcddb',
  'x-ms-routing-request-id': 'WESTUS:20160205T221905Z:011d1504-cfec-45b2-9953-f61755bdcddb',
  date: 'Fri, 05 Feb 2016 22:19:04 GMT',
  connection: 'close' });
 return result; },
function (nock) { 
var result = 
nock('http://management.azure.com:443')
  .post('/subscriptions/e33f361b-53c2-4cc7-b829-78906708387b/resourceGroups/xplatTestGVMCreate8149/providers/Microsoft.Storage/storageAccounts/xplatteststorage17303/listKeys?api-version=2015-06-15')
  .reply(200, "{\"key1\":\"FDOy2bGaKne5IBPF0P8mSf7cza4ywD1RUC8290d5qZBwPHFOysvye7mAtILsEtAI4TqURBDlwiCekYUxCQjMFA==\",\"key2\":\"5K36O9R2pXMQDqcF9VB3JnlRx2MaKl4SSdr8UROw53PbJTUn5QwvDRj0QzpX+PSA+YJFAi4GraU2Knc2MvWHaQ==\"}\n", { 'cache-control': 'no-cache',
  pragma: 'no-cache',
  'content-length': '198',
  'content-type': 'application/json',
  expires: '-1',
  'x-ms-request-id': '42b00de3-c8dd-4305-9e3d-658da6aa027e',
  server: 'Microsoft-Azure-Storage-Resource-Provider/1.0, Microsoft-HTTPAPI/2.0',
  'x-ms-ratelimit-remaining-subscription-writes': '1198',
  'x-ms-correlation-request-id': '42b00de3-c8dd-4305-9e3d-658da6aa027e',
  'x-ms-routing-request-id': 'WESTUS:20160205T221905Z:42b00de3-c8dd-4305-9e3d-658da6aa027e',
  'strict-transport-security': 'max-age=31536000; includeSubDomains',
  date: 'Fri, 05 Feb 2016 22:19:05 GMT',
  connection: 'close' });
 return result; },
function (nock) { 
var result = 
nock('https://management.azure.com:443')
  .post('/subscriptions/e33f361b-53c2-4cc7-b829-78906708387b/resourceGroups/xplatTestGVMCreate8149/providers/Microsoft.Storage/storageAccounts/xplatteststorage17303/listKeys?api-version=2015-06-15')
  .reply(200, "{\"key1\":\"FDOy2bGaKne5IBPF0P8mSf7cza4ywD1RUC8290d5qZBwPHFOysvye7mAtILsEtAI4TqURBDlwiCekYUxCQjMFA==\",\"key2\":\"5K36O9R2pXMQDqcF9VB3JnlRx2MaKl4SSdr8UROw53PbJTUn5QwvDRj0QzpX+PSA+YJFAi4GraU2Knc2MvWHaQ==\"}\n", { 'cache-control': 'no-cache',
  pragma: 'no-cache',
  'content-length': '198',
  'content-type': 'application/json',
  expires: '-1',
  'x-ms-request-id': '42b00de3-c8dd-4305-9e3d-658da6aa027e',
  server: 'Microsoft-Azure-Storage-Resource-Provider/1.0, Microsoft-HTTPAPI/2.0',
  'x-ms-ratelimit-remaining-subscription-writes': '1198',
  'x-ms-correlation-request-id': '42b00de3-c8dd-4305-9e3d-658da6aa027e',
  'x-ms-routing-request-id': 'WESTUS:20160205T221905Z:42b00de3-c8dd-4305-9e3d-658da6aa027e',
  'strict-transport-security': 'max-age=31536000; includeSubDomains',
  date: 'Fri, 05 Feb 2016 22:19:05 GMT',
  connection: 'close' });
 return result; },
function (nock) { 
var result = 
nock('http://xplatteststorage17303.blob.core.windows.net:443')
  .head('/bootdiagnostics-xplatvm-ceaca1aa-93d2-4b7a-88f0-b2e2ff122b1e/xplatvm.ceaca1aa-93d2-4b7a-88f0-b2e2ff122b1e.serialconsole.log')
  .reply(200, "", { 'content-length': '66048',
  'last-modified': 'Fri, 05 Feb 2016 22:16:18 GMT',
  'accept-ranges': 'bytes',
  etag: '"0x8D32E79F8A9FC7B"',
  server: 'Windows-Azure-Blob/1.0 Microsoft-HTTPAPI/2.0',
  'x-ms-request-id': '2f956000-0001-00cd-2063-60945e000000',
  'x-ms-version': '2015-02-21',
  'x-ms-lease-status': 'unlocked',
  'x-ms-lease-state': 'available',
  'x-ms-blob-type': 'PageBlob',
  'x-ms-blob-sequence-number': '0',
  date: 'Fri, 05 Feb 2016 22:19:05 GMT',
  connection: 'close' });
 return result; },
function (nock) { 
var result = 
nock('https://xplatteststorage17303.blob.core.windows.net:443')
  .head('/bootdiagnostics-xplatvm-ceaca1aa-93d2-4b7a-88f0-b2e2ff122b1e/xplatvm.ceaca1aa-93d2-4b7a-88f0-b2e2ff122b1e.serialconsole.log')
  .reply(200, "", { 'content-length': '66048',
  'last-modified': 'Fri, 05 Feb 2016 22:16:18 GMT',
  'accept-ranges': 'bytes',
  etag: '"0x8D32E79F8A9FC7B"',
  server: 'Windows-Azure-Blob/1.0 Microsoft-HTTPAPI/2.0',
  'x-ms-request-id': '2f956000-0001-00cd-2063-60945e000000',
  'x-ms-version': '2015-02-21',
  'x-ms-lease-status': 'unlocked',
  'x-ms-lease-state': 'available',
  'x-ms-blob-type': 'PageBlob',
  'x-ms-blob-sequence-number': '0',
  date: 'Fri, 05 Feb 2016 22:19:05 GMT',
  connection: 'close' });
 return result; },
function (nock) { 
var result = 
nock('http://xplatteststorage17303.blob.core.windows.net:443')
  .get('/bootdiagnostics-xplatvm-ceaca1aa-93d2-4b7a-88f0-b2e2ff122b1e/xplatvm.ceaca1aa-93d2-4b7a-88f0-b2e2ff122b1e.serialconsole.log')
  .reply(200, "\u001b[H\u001b[J\u001b[1;1H[    0.000000] Initializing cgroup subsys cpuset\r\n[    0.000000] Initializing cgroup subsys cpu\r\n[    0.000000] Initializing cgroup subsys cpuacct\r\n[    0.000000] Linux version 3.19.0-49-generic (buildd@lgw01-24) (gcc version 4.9.2 (Ubuntu 4.9.2-10ubuntu13) ) #55-Ubuntu SMP Fri Jan 22 02:10:24 UTC 2016 (Ubuntu 3.19.0-49.55-generic 3.19.8-ckt12)\r\n[    0.000000] Command line: BOOT_IMAGE=/boot/vmlinuz-3.19.0-49-generic root=UUID=08bbed81-5eaa-415b-8580-5e11e23de0bf ro console=tty1 console=ttyS0 earlyprintk=ttyS0 rootdelay=300 net.ifnames=0\r\n[    0.000000] KERNEL supported cpus:\r\n[    0.000000]   Intel GenuineIntel\r\n[    0.000000]   AMD AuthenticAMD\r\n[    0.000000]   Centaur CentaurHauls\r\n[    0.000000] e820: BIOS-provided physical RAM map:\r\n[    0.000000] BIOS-e820: [mem 0x0000000000000000-0x000000000009fbff] usable\r\n[    0.000000] BIOS-e820: [mem 0x000000000009fc00-0x000000000009ffff] reserved\r\n[    0.000000] BIOS-e820: [mem 0x00000000000e0000-0x00000000000fffff] reserved\r\n[    0.000000] BIOS-e820: [mem 0x0000000000100000-0x000000001ffeffff] usable\r\n[    0.000000] BIOS-e820: [mem 0x000000001fff0000-0x000000001fffefff] ACPI data\r\n[    0.000000] BIOS-e820: [mem 0x000000001ffff000-0x000000001fffffff] ACPI NVS\r\n[    0.000000] BIOS-e820: [mem 0x0000000100000000-0x000000014fffffff] usable\r\n[    0.000000] bootconsole [earlyser0] enabled\r\n[    0.000000] NX (Execute Disable) protection: active\r\n[    0.000000] SMBIOS 2.3 present.\r\n[    0.000000] Hypervisor detected: Microsoft HyperV\r\n[    0.000000] HyperV: features 0xe7f, hints 0x2c\r\n[    0.000000] HyperV: LAPIC Timer Frequency: 0xc3500\r\n[    0.000000] tsc: Marking TSC unstable due to running on Hyper-V\r\n[    0.000000] AGP: No AGP bridge found\r\n[    0.000000] e820: last_pfn = 0x150000 max_arch_pfn = 0x400000000\r\n[    0.000000] PAT configuration [0-7]: WB  WC  UC- UC  WB  WC  UC- UC  \r\n[    0.000000] e820: last_pfn = 0x1fff0 max_arch_pfn = 0x400000000\r\n[    0.000000] found SMP MP-table at [mem 0x000ff780-0x000ff78f] mapped at [ffff8800000ff780]\r\n[    0.000000] Scanning 1 areas for low memory corruption\r\n[    0.000000] init_memory_mapping: [mem 0x00000000-0x000fffff]\r\n[    0.000000] init_memory_mapping: [mem 0x14fe00000-0x14fffffff]\r\n[    0.000000] init_memory_mapping: [mem 0x140000000-0x14fdfffff]\r\n[    0.000000] init_memory_mapping: [mem 0x120000000-0x13fffffff]\r\n[    0.000000] init_memory_mapping: [mem 0x00100000-0x1ffeffff]\r\n[    0.000000] init_memory_mapping: [mem 0x100000000-0x11fffffff]\r\n[    0.000000] RAMDISK: [mem 0x1dd1d000-0x1f7b8fff]\r\n[    0.000000] ACPI: Early table checksum verification disabled\r\n[    0.000000] ACPI: RSDP 0x00000000000F56F0 000014 (v00 ACPIAM)\r\n[    0.000000] ACPI: RSDT 0x000000001FFF0000 000040 (v01 VRTUAL MICROSFT 05001223 MSFT 00000097)\r\n[    0.000000] ACPI: FACP 0x000000001FFF0200 000081 (v02 VRTUAL MICROSFT 05001223 MSFT 00000097)\r\n[    0.000000] ACPI: DSDT 0x000000001FFF1724 002E78 (v01 MSFTVM MSFTVM02 00000002 INTL 02002026)\r\n[    0.000000] ACPI: FACS 0x000000001FFFF000 000040\r\n[    0.000000] ACPI: WAET 0x000000001FFF1480 000028 (v01 VRTUAL MICROSFT 05001223 MSFT 00000097)\r\n[    0.000000] ACPI: SLIC 0x000000001FFF14C0 000176 (v01 VRTUAL MICROSFT 05001223 MSFT 00000097)\r\n[    0.000000] ACPI: OEM0 0x000000001FFF16C0 000064 (v01 VRTUAL MICROSFT 05001223 MSFT 00000097)\r\n[    0.000000] ACPI: SRAT 0x000000001FFF0600 000090 (v02 VRTUAL MICROSFT 00000001 MSFT 00000001)\r\n[    0.000000] ACPI: APIC 0x000000001FFF0300 00024C (v01 VRTUAL MICROSFT 05001223 MSFT 00000097)\r\n[    0.000000] ACPI: OEMB 0x000000001FFFF040 000064 (v01 VRTUAL MICROSFT 05001223 MSFT 00000097)\r\n[    0.000000] SRAT: PXM 0 -> APIC 0x00 -> Node 0\r\n[    0.000000] SRAT: Node 0 PXM 0 [mem 0x00000000-0x1fffffff]\r\n[    0.000000] SRAT: Node 0 PXM 0 [mem 0x100000000-0x14fffffff]\r\n[    0.000000] NUMA: Node 0 [mem 0x00000000-0x1fffffff] + [mem 0x100000000-0x14fffffff] -> [mem 0x00000000-0x14fffffff]\r\n[    0.000000] NODE_DATA(0) allocated [mem 0x14fffa000-0x14fffefff]\r\n[    0.000000] Zone ranges:\r\n[    0.000000]   DMA      [mem 0x00001000-0x00ffffff]\r\n[    0.000000]   DMA32    [mem 0x01000000-0xffffffff]\r\n[    0.000000]   Normal   [mem 0x100000000-0x14fffffff]\r\n[    0.000000] Movable zone start for each node\r\n[    0.000000] Early memory node ranges\r\n[    0.000000]   node   0: [mem 0x00001000-0x0009efff]\r\n[    0.000000]   node   0: [mem 0x00100000-0x1ffeffff]\r\n[    0.000000]   node   0: [mem 0x100000000-0x14fffffff]\r\n[    0.000000] Initmem setup node 0 [mem 0x00001000-0x14fffffff]\r\n[    0.000000] ACPI: PM-Timer IO Port: 0x408\r\n[    0.000000] ACPI: LAPIC (acpi_id[0x01] lapic_id[0x00] enabled)\r\n[    0.000000] ACPI: LAPIC (acpi_id[0x02] lapic_id[0x01] disabled)\r\n[    0.000000] ACPI: LAPIC (acpi_id[0x03] lapic_id[0x02] disabled)\r\n[    0.000000] ACPI: LAPIC (acpi_id[0x04] lapic_id[0x03] disabled)\r\n[    0.000000] ACPI: LAPIC (acpi_id[0x05] lapic_id[0x04] disabled)\r\n[    0.000000] ACPI: LAPIC (acpi_id[0x06] lapic_id[0x05] disabled)\r\n[    0.000000] ACPI: LAPIC (acpi_id[0x07] lapic_id[0x06] disabled)\r\n[    0.000000] ACPI: LAPIC (acpi_id[0x08] lapic_id[0x07] disabled)\r\n[    0.000000] ACPI: LAPIC (acpi_id[0x09] lapic_id[0x08] disabled)\r\n[    0.000000] ACPI: LAPIC (acpi_id[0x0a] lapic_id[0x09] disabled)\r\n[    0.000000] ACPI: LAPIC (acpi_id[0x0b] lapic_id[0x0a] disabled)\r\n[    0.000000] ACPI: LAPIC (acpi_id[0x0c] lapic_id[0x0b] disabled)\r\n[    0.000000] ACPI: LAPIC (acpi_id[0x0d] lapic_id[0x0c] disabled)\r\n[    0.000000] ACPI: LAPIC (acpi_id[0x0e] lapic_id[0x0d] disabled)\r\n[    0.000000] ACPI: LAPIC (acpi_id[0x0f] lapic_id[0x0e] disabled)\r\n[    0.000000] ACPI: LAPIC (acpi_id[0x10] lapic_id[0x0f] disabled)\r\n[    0.000000] ACPI: LAPIC (acpi_id[0x11] lapic_id[0x10] disabled)\r\n[    0.000000] ACPI: LAPIC (acpi_id[0x12] lapic_id[0x11] disabled)\r\n[    0.000000] ACPI: LAPIC (acpi_id[0x13] lapic_id[0x12] disabled)\r\n[    0.000000] ACPI: LAPIC (acpi_id[0x14] lapic_id[0x13] disabled)\r\n[    0.000000] ACPI: LAPIC (acpi_id[0x15] lapic_id[0x14] disabled)\r\n[    0.000000] ACPI: LAPIC (acpi_id[0x16] lapic_id[0x15] disabled)\r\n[    0.000000] ACPI: LAPIC (acpi_id[0x17] lapic_id[0x16] disabled)\r\n[    0.000000] ACPI: LAPIC (acpi_id[0x18] lapic_id[0x17] disabled)\r\n[    0.000000] ACPI: LAPIC (acpi_id[0x19] lapic_id[0x18] disabled)\r\n[    0.000000] ACPI: LAPIC (acpi_id[0x1a] lapic_id[0x19] disabled)\r\n[    0.000000] ACPI: LAPIC (acpi_id[0x1b] lapic_id[0x1a] disabled)\r\n[    0.000000] ACPI: LAPIC (acpi_id[0x1c] lapic_id[0x1b] disabled)\r\n[    0.000000] ACPI: LAPIC (acpi_id[0x1d] lapic_id[0x1c] disabled)\r\n[    0.000000] ACPI: LAPIC (acpi_id[0x1e] lapic_id[0x1d] disabled)\r\n[    0.000000] ACPI: LAPIC (acpi_id[0x1f] lapic_id[0x1e] disabled)\r\n[    0.000000] ACPI: LAPIC (acpi_id[0x20] lapic_id[0x1f] disabled)\r\n[    0.000000] ACPI: LAPIC (acpi_id[0x21] lapic_id[0x20] disabled)\r\n[    0.000000] ACPI: LAPIC (acpi_id[0x22] lapic_id[0x21] disabled)\r\n[    0.000000] ACPI: LAPIC (acpi_id[0x23] lapic_id[0x22] disabled)\r\n[    0.000000] ACPI: LAPIC (acpi_id[0x24] lapic_id[0x23] disabled)\r\n[    0.000000] ACPI: LAPIC (acpi_id[0x25] lapic_id[0x24] disabled)\r\n[    0.000000] ACPI: LAPIC (acpi_id[0x26] lapic_id[0x25] disabled)\r\n[    0.000000] ACPI: LAPIC (acpi_id[0x27] lapic_id[0x26] disabled)\r\n[    0.000000] ACPI: LAPIC (acpi_id[0x28] lapic_id[0x27] disabled)\r\n[    0.000000] ACPI: LAPIC (acpi_id[0x29] lapic_id[0x28] disabled)\r\n[    0.000000] ACPI: LAPIC (acpi_id[0x2a] lapic_id[0x29] disabled)\r\n[    0.000000] ACPI: LAPIC (acpi_id[0x2b] lapic_id[0x2a] disabled)\r\n[    0.000000] ACPI: LAPIC (acpi_id[0x2c] lapic_id[0x2b] disabled)\r\n[    0.000000] ACPI: LAPIC (acpi_id[0x2d] lapic_id[0x2c] disabled)\r\n[    0.000000] ACPI: LAPIC (acpi_id[0x2e] lapic_id[0x2d] disabled)\r\n[    0.000000] ACPI: LAPIC (acpi_id[0x2f] lapic_id[0x2e] disabled)\r\n[    0.000000] ACPI: LAPIC (acpi_id[0x30] lapic_id[0x2f] disabled)\r\n[    0.000000] ACPI: LAPIC (acpi_id[0x31] lapic_id[0x30] disabled)\r\n[    0.000000] ACPI: LAPIC (acpi_id[0x32] lapic_id[0x31] disabled)\r\n[    0.000000] ACPI: LAPIC (acpi_id[0x33] lapic_id[0x32] disabled)\r\n[    0.000000] ACPI: LAPIC (acpi_id[0x34] lapic_id[0x33] disabled)\r\n[    0.000000] ACPI: LAPIC (acpi_id[0x35] lapic_id[0x34] disabled)\r\n[    0.000000] ACPI: LAPIC (acpi_id[0x36] lapic_id[0x35] disabled)\r\n[    0.000000] ACPI: LAPIC (acpi_id[0x37] lapic_id[0x36] disabled)\r\n[    0.000000] ACPI: LAPIC (acpi_id[0x38] lapic_id[0x37] disabled)\r\n[    0.000000] ACPI: LAPIC (acpi_id[0x39] lapic_id[0x38] disabled)\r\n[    0.000000] ACPI: LAPIC (acpi_id[0x3a] lapic_id[0x39] disabled)\r\n[    0.000000] ACPI: LAPIC (acpi_id[0x3b] lapic_id[0x3a] disabled)\r\n[    0.000000] ACPI: LAPIC (acpi_id[0x3c] lapic_id[0x3b] disabled)\r\n[    0.000000] ACPI: LAPIC (acpi_id[0x3d] lapic_id[0x3c] disabled)\r\n[    0.000000] ACPI: LAPIC (acpi_id[0x3e] lapic_id[0x3d] disabled)\r\n[    0.000000] ACPI: LAPIC (acpi_id[0x3f] lapic_id[0x3e] disabled)\r\n[    0.000000] ACPI: LAPIC (acpi_id[0x40] lapic_id[0x3f] disabled)\r\n[    0.000000] ACPI: IOAPIC (id[0x00] address[0xfec00000] gsi_base[0])\r\n[    0.000000] IOAPIC[0]: apic_id 0, version 17, address 0xfec00000, GSI 0-23\r\n[    0.000000] ACPI: INT_SRC_OVR (bus 0 bus_irq 0 global_irq 2 dfl dfl)\r\n[    0.000000] ACPI: INT_SRC_OVR (bus 0 bus_irq 9 global_irq 9 high level)\r\n[    0.000000] Using ACPI (MADT) for SMP configuration information\r\n[    0.000000] smpboot: Allowing 64 CPUs, 63 hotplug CPUs\r\n[    0.000000] PM: Registered nosave memory: [mem 0x00000000-0x00000fff]\r\n[    0.000000] PM: Registered nosave memory: [mem 0x0009f000-0x0009ffff]\r\n[    0.000000] PM: Registered nosave memory: [mem 0x000a0000-0x000dffff]\r\n[    0.000000] PM: Registered nosave memory: [mem 0x000e0000-0x000fffff]\r\n[    0.000000] PM: Registered nosave memory: [mem 0x1fff0000-0x1fffefff]\r\n[    0.000000] PM: Registered nosave memory: [mem 0x1ffff000-0x1fffffff]\r\n[    0.000000] PM: Registered nosave memory: [mem 0x20000000-0xffffffff]\r\n[    0.000000] e820: [mem 0x20000000-0xffffffff] available for PCI devices\r\n[    0.000000] Booting paravirtualized kernel on bare hardware\r\n[    0.000000] setup_percpu: NR_CPUS:256 nr_cpumask_bits:256 nr_cpu_ids:64 nr_node_ids:1\r\n[    0.000000] PERCPU: Embedded 31 pages/cpu @ffff88014d200000 s87104 r8192 d31680 u131072\r\n[    0.000000] Built 1 zonelists in Node order, mobility grouping on.  Total pages: 451449\r\n[    0.000000] Policy zone: Normal\r\n[    0.000000] Kernel command line: BOOT_IMAGE=/boot/vmlinuz-3.19.0-49-generic root=UUID=08bbed81-5eaa-415b-8580-5e11e23de0bf ro console=tty1 console=ttyS0 earlyprintk=ttyS0 rootdelay=300 net.ifnames=0\r\n[    0.000000] log_buf_len individual max cpu contribution: 4096 bytes\r\n[    0.000000] log_buf_len total cpu_extra contributions: 258048 bytes\r\n[    0.000000] log_buf_len min size: 262144 bytes\r\n[    0.000000] log_buf_len: 524288 bytes\r\n[    0.000000] early log buf free: 248640(94%)\r\n[    0.000000] PID hash table entries: 4096 (order: 3, 32768 bytes)\r\n[    0.000000] xsave: enabled xstate_bv 0x7, cntxt size 0x340 using standard form\r\n[    0.000000] AGP: Checking aperture...\r\n[    0.000000] AGP: No AGP bridge found\r\n[    0.000000] Memory: 1687476K/1834552K available (8009K kernel code, 1234K rwdata, 3768K rodata, 1408K init, 1300K bss, 147076K reserved, 0K cma-reserved)\r\n[    0.000000] SLUB: HWalign=64, Order=0-3, MinObjects=0, CPUs=64, Nodes=1\r\n[    0.000000] Hierarchical RCU implementation.\r\n[    0.000000] \tRCU dyntick-idle grace-period acceleration is enabled.\r\n[    0.000000] \tRCU restricting CPUs from NR_CPUS=256 to nr_cpu_ids=64.\r\n[    0.000000] RCU: Adjusting geometry for rcu_fanout_leaf=16, nr_cpu_ids=64\r\n[    0.000000] NR_IRQS:16640 nr_irqs:936 16\r\n[    0.000000] \tOffload RCU callbacks from all CPUs\r\n[    0.000000] \tOffload RCU callbacks from CPUs: 0-63.\r\n[    0.000000] Console: colour VGA+ 80x25\r\n[    0.000000] console [tty1] enabled\r\n[    0.000000] console [ttyS0] enabled\r\n[    0.000000] console [ttyS0] enabled\r\n[    0.000000] bootconsole [earlyser0] disabled\r\n[    0.000000] bootconsole [earlyser0] disabled\r\n[    0.000000] tsc: Fast TSC calibration failed\r\n[    0.000000] tsc: Unable to calibrate against PIT\r\n[    0.000000] tsc: using PMTIMER reference calibration\r\n[    0.000000] tsc: Detected 2397.208 MHz processor\r\n[    0.016028] Calibrating delay loop (skipped), value calculated using timer frequency.. 4794.41 BogoMIPS (lpj=9588832)\r\n[    0.020613] pid_max: default: 65536 minimum: 512\r\n[    0.021616] ACPI: Core revision 20141107\r\n[    0.024426] ACPI: All ACPI Tables successfully acquired\r\n[    0.027155] Security Framework initialized\r\n[    0.028062] AppArmor: AppArmor initialized\r\n[    0.028756] Yama: becoming mindful.\r\n[    0.029514] Dentry cache hash table entries: 262144 (order: 9, 2097152 bytes)\r\n[    0.030772] Inode-cache hash table entries: 131072 (order: 8, 1048576 bytes)\r\n[    0.032124] Mount-cache hash table entries: 4096 (order: 3, 32768 bytes)\r\n[    0.032943] Mountpoint-cache hash table entries: 4096 (order: 3, 32768 bytes)\r\n[    0.034108] Initializing cgroup subsys memory\r\n[    0.034840] Initializing cgroup subsys devices\r\n[    0.035515] Initializing cgroup subsys freezer\r\n[    0.036017] Initializing cgroup subsys net_cls\r\n[    0.036704] Initializing cgroup subsys blkio\r\n[    0.037383] Initializing cgroup subsys perf_event\r\n[    0.038072] Initializing cgroup subsys net_prio\r\n[    0.040019] Initializing cgroup subsys hugetlb\r\n[    0.041568] mce: CPU supports 1 MCE banks\r\n[    0.044040] Last level iTLB entries: 4KB 1024, 2MB 1024, 4MB 1024\r\n[    0.044040] Last level dTLB entries: 4KB 1024, 2MB 1024, 4MB 1024, 1GB 4\r\n[    0.064669] ftrace: allocating 30133 entries in 118 pages\r\n[    0.080146] Switched APIC routing to physical flat.\r\n[    0.101939] ..TIMER: vector=0x30 apic1=0 pin1=2 apic2=-1 pin2=-1\r\n[    0.104003] smpboot: CPU0: Intel(R) Xeon(R) CPU E5-2673 v3 @ 2.40GHz (fam: 06, model: 3f, stepping: 02)\r\n[    0.120121] Performance Events: unsupported p6 CPU model 63 no PMU driver, software events only.\r\n[    0.133504] x86: Booted up 1 node, 1 CPUs\r\n[    0.136007] smpboot: Total of 1 processors activated (4794.41 BogoMIPS)\r\n[    0.144007] NMI watchdog: disabled (cpu0): hardware events not enabled\r\n[    0.149866] devtmpfs: initialized\r\n[    0.153691] evm: security.selinux\r\n[    0.156003] evm: security.SMACK64\r\n[    0.160004] evm: security.SMACK64EXEC\r\n[    0.164003] evm: security.SMACK64TRANSMUTE\r\n[    0.168003] evm: security.SMACK64MMAP\r\n[    0.172002] evm: security.ima\r\n[    0.176002] evm: security.capability\r\n[    0.180106] PM: Registering ACPI NVS region [mem 0x1ffff000-0x1fffffff] (4096 bytes)\r\n[    0.188061] pinctrl core: initialized pinctrl subsystem\r\n[    0.192346] RTC time: 22:05:33, date: 02/05/16\r\n[    0.196159] NET: Registered protocol family 16\r\n[    0.200375] cpuidle: using governor ladder\r\n[    0.204005] cpuidle: using governor menu\r\n[    0.208094] ACPI: bus type PCI registered\r\n[    0.212004] acpiphp: ACPI Hot Plug PCI Controller Driver version: 0.5\r\n[    0.220080] PCI: Using configuration type 1 for base access\r\n[    0.225457] ACPI: Added _OSI(Module Device)\r\n[    0.228003] ACPI: Added _OSI(Processor Device)\r\n[    0.232004] ACPI: Added _OSI(3.0 _SCP Extensions)\r\n[    0.236003] ACPI: Added _OSI(Processor Aggregator Device)\r\n[    0.245347] ACPI: Interpreter enabled\r\n[    0.248007] ACPI Exception: AE_NOT_FOUND, While evaluating Sleep State [\\_S1_] (20141107/hwxface-580)\r\n[    0.260006] ACPI Exception: AE_NOT_FOUND, While evaluating Sleep State [\\_S2_] (20141107/hwxface-580)\r\n[    0.272005] ACPI Exception: AE_NOT_FOUND, While evaluating Sleep State [\\_S3_] (20141107/hwxface-580)\r\n[    0.283490] ACPI Exception: AE_NOT_FOUND, While evaluating Sleep State [\\_S4_] (20141107/hwxface-580)\r\n[    0.292016] ACPI: (supports S0 S5)\r\n[    0.296001] ACPI: Using IOAPIC for interrupt routing\r\n[    0.300051] PCI: Using host bridge windows from ACPI; if necessary, use \"pci=nocrs\" and report a bug\r\n[    0.312616] ACPI: PCI Root Bridge [PCI0] (domain 0000 [bus 00-ff])\r\n[    0.316007] acpi PNP0A03:00: _OSC: OS supports [ASPM ClockPM Segments MSI]\r\n[    0.320011] acpi PNP0A03:00: _OSC failed (AE_NOT_FOUND); disabling ASPM\r\n[    0.324741] acpi PNP0A03:00: fail to add MMCONFIG information, can't access extended PCI configuration space under this bridge.\r\n[    0.328111] PCI host bridge to bus 0000:00\r\n[    0.332004] pci_bus 0000:00: root bus resource [bus 00-ff]\r\n[    0.336003] pci_bus 0000:00: root bus resource [mem 0xfe0000000-0xfffefffff]\r\n[    0.340003] pci_bus 0000:00: root bus resource [io  0x0000-0x0cf7]\r\n[    0.344003] pci_bus 0000:00: root bus resource [io  0x0d00-0xffff]\r\n[    0.348007] pci_bus 0000:00: root bus resource [mem 0x000a0000-0x000bffff]\r\n[    0.352002] pci_bus 0000:00: root bus resource [mem 0x20000000-0xfffbffff]\r\n[    0.363231] pci 0000:00:07.1: legacy IDE quirk: reg 0x10: [io  0x01f0-0x01f7]\r\n[    0.364004] pci 0000:00:07.1: legacy IDE quirk: reg 0x14: [io  0x03f6]\r\n[    0.368002] pci 0000:00:07.1: legacy IDE quirk: reg 0x18: [io  0x0170-0x0177]\r\n[    0.372008] pci 0000:00:07.1: legacy IDE quirk: reg 0x1c: [io  0x0376]\r\n[    0.376369] * Found PM-Timer Bug on the chipset. Due to workarounds for a bug,\r\n[    0.376369] * this clock source is slow. Consider trying other clock sources\r\n[    0.381441] pci 0000:00:07.3: quirk: [io  0x0400-0x043f] claimed by PIIX4 ACPI\r\n[    0.392157] ACPI: PCI Interrupt Link [LNKA] (IRQs 3 4 5 7 9 10 *11 12 14 15)\r\n[    0.416185] ACPI: PCI Interrupt Link [LNKB] (IRQs 3 4 5 7 9 10 11 12 14 15) *0, disabled.\r\n[    0.439699] ACPI: PCI Interrupt Link [LNKC] (IRQs 3 4 5 7 9 10 11 12 14 15) *0, disabled.\r\n[    0.461449] ACPI: PCI Interrupt Link [LNKD] (IRQs 3 4 5 7 9 10 11 12 14 15) *0, disabled.\r\n[    0.485463] ACPI: Enabled 1 GPEs in block 00 to 0F\r\n[    0.488159] vgaarb: setting as boot device: PCI:0000:00:08.0\r\n[    0.492000] vgaarb: device added: PCI:0000:00:08.0,decodes=io+mem,owns=io+mem,locks=none\r\n[    0.492003] vgaarb: loaded\r\n[    0.496003] vgaarb: bridge control possible 0000:00:08.0\r\n[    0.500224] SCSI subsystem initialized\r\n[    0.504116] ACPI: bus type USB registered\r\n[    0.508024] usbcore: registered new interface driver usbfs\r\n[    0.516027] usbcore: registered new interface driver hub\r\n[    0.520047] usbcore: registered new device driver usb\r\n[    0.524171] PCI: Using ACPI for IRQ routing\r\n[    0.528395] NetLabel: Initializing\r\n[    0.532003] NetLabel:  domain hash size = 128\r\n[    0.536006] NetLabel:  protocols = UNLABELED CIPSOv4\r\n[    0.540020] NetLabel:  unlabeled traffic allowed by default\r\n[    0.544116] Switched to clocksource hyperv_clocksource\r\n[    0.556890] AppArmor: AppArmor Filesystem Enabled\r\n[    0.569410] pnp: PnP ACPI init\r\n[    0.576388] system 00:06: [io  0x01e0-0x01ef] has been reserved\r\n[    0.585493] system 00:06: [io  0x0160-0x016f] has been reserved\r\n[    0.594903] system 00:06: [io  0x0278-0x027f] has been reserved\r\n[    0.603929] system 00:06: [io  0x0378-0x037f] has been reserved\r\n[    0.613660] system 00:06: [io  0x0678-0x067f] has been reserved\r\n[    0.623886] system 00:06: [io  0x0778-0x077f] has been reserved\r\n[    0.632887] system 00:06: [io  0x04d0-0x04d1] has been reserved\r\n[    0.642183] system 00:07: [io  0x0400-0x043f] has been reserved\r\n[    0.651249] system 00:07: [io  0x0370-0x0371] has been reserved\r\n[    0.661038] system 00:07: [io  0x0440-0x044f] has been reserved\r\n[    0.670836] system 00:07: [mem 0xfec00000-0xfec00fff] could not be reserved\r\n[    0.681124] system 00:07: [mem 0xfee00000-0xfee00fff] has been reserved\r\n[    0.692030] system 00:08: [mem 0x00000000-0x0009ffff] could not be reserved\r\n[    0.702098] system 00:08: [mem 0x000c0000-0x000dffff] could not be reserved\r\n[    0.712441] system 00:08: [mem 0x000e0000-0x000fffff] could not be reserved\r\n[    0.722701] system 00:08: [mem 0x00100000-0x1fffffff] could not be reserved\r\n[    0.733031] system 00:08: [mem 0xfffc0000-0xffffffff] has been reserved\r\n[    0.742780] pnp: PnP ACPI: found 9 devices\r\n[    0.760608] NET: Registered protocol family 2\r\n[    0.767231] TCP established hash table entries: 16384 (order: 5, 131072 bytes)\r\n[    0.777879] TCP bind hash table entries: 16384 (order: 6, 262144 bytes)\r\n[    0.787460] TCP: Hash tables configured (established 16384 bind 16384)\r\n[    0.797227] TCP: reno registered\r\n[    0.802496] UDP hash table entries: 1024 (order: 3, 32768 bytes)\r\n[    0.811630] UDP-Lite hash table entries: 1024 (order: 3, 32768 bytes)\r\n[    0.821350] NET: Registered protocol family 1\r\n[    0.829305] pci 0000:00:00.0: Limiting direct PCI/PCI transfers\r\n[    0.839662] Trying to unpack rootfs image as initramfs...\r\n[    1.796894] Freeing initrd memory: 27248K (ffff88001dd1d000 - ffff88001f7b9000)\r\n[    1.812899] PCI-DMA: Using software bounce buffering for IO (SWIOTLB)\r\n[    1.822365] software IO TLB [mem 0x19d1d000-0x1dd1d000] (64MB) mapped at [ffff880019d1d000-ffff88001dd1cfff]\r\n[    1.837086] microcode: CPU0 sig=0x306f2, pf=0x1, revision=0xffffffff\r\n[    1.846059] microcode: Microcode Update Driver: v2.00 <tigran@aivazian.fsnet.co.uk>, Peter Oruba\r\n[    1.857119] Scanning for low memory corruption every 60 seconds\r\n[    1.865781] futex hash table entries: 16384 (order: 8, 1048576 bytes)\r\n[    1.874380] Initialise system trusted keyring\r\n[    1.887276] audit: initializing netlink subsys (disabled)\r\n[    1.895134] audit: type=2000 audit(1454709933.892:1): initialized\r\n[    1.904708] HugeTLB registered 2 MB page size, pre-allocated 0 pages\r\n[    1.915154] zpool: loaded\r\n[    1.919075] zbud: loaded\r\n[    1.923333] VFS: Disk quotas dquot_6.5.2\r\n[    1.931599] VFS: Dquot-cache hash table entries: 512 (order 0, 4096 bytes)\r\n[    1.942601] fuse init (API version 7.23)\r\n[    1.948687] Key type big_key registered\r\n[    1.954790] Key type asymmetric registered\r\n[    1.960923] Asymmetric key parser 'x509' registered\r\n[    1.968070] Block layer SCSI generic (bsg) driver version 0.4 loaded (major 252)\r\n[    1.979343] io scheduler noop registered\r\n[    1.985964] io scheduler deadline registered (default)\r\n[    1.993649] io scheduler cfq registered\r\n[    2.001853] pci_hotplug: PCI Hot Plug PCI Core version: 0.5\r\n[    2.012040] pciehp: PCI Express Hot Plug Controller Driver version: 0.4\r\n[    2.021931] input: Power Button as /devices/LNXSYSTM:00/LNXPWRBN:00/input/input0\r\n[    2.032511] ACPI: Power Button [PWRF]\r\n[    2.038960] GHES: HEST is not enabled!\r\n[    2.045495] Serial: 8250/16550 driver, 32 ports, IRQ sharing enabled\r\n[    2.111474] 00:03: ttyS0 at I/O 0x3f8 (irq = 4, base_baud = 115200) is a 16550A\r\n[    2.174178] 00:04: ttyS1 at I/O 0x2f8 (irq = 3, base_baud = 115200) is a 16550A\r\n[    2.194548] Linux agpgart interface v0.103\r\n[    2.202533] brd: module loaded\r\n[    2.208178] loop: module loaded\r\n[    2.213505] ata_piix 0000:00:07.1: Hyper-V Virtual Machine detected, ATA device ignore set\r\n[    2.228920] scsi host0: ata_piix\r\n[    2.234558] scsi host1: ata_piix\r\n[    2.241968] ata1: PATA max UDMA/33 cmd 0x1f0 ctl 0x3f6 bmdma 0xffa0 irq 14\r\n[    2.252760] ata2: PATA max UDMA/33 cmd 0x170 ctl 0x376 bmdma 0xffa8 irq 15\r\n[    2.263891] libphy: Fixed MDIO Bus: probed\r\n[    2.272900] tun: Universal TUN/TAP device driver, 1.6\r\n[    2.281300] tun: (C) 1999-2004 Max Krasnyansky <maxk@qualcomm.com>\r\n[    2.290971] PPP generic driver version 2.4.2\r\n[    2.298275] ehci_hcd: USB 2.0 'Enhanced' Host Controller (EHCI) Driver\r\n[    2.312593] ehci-pci: EHCI PCI platform driver\r\n[    2.320775] ehci-platform: EHCI generic platform driver\r\n[    2.328343] ohci_hcd: USB 1.1 'Open' Host Controller (OHCI) Driver\r\n[    2.337473] ohci-pci: OHCI PCI platform driver\r\n[    2.344668] ohci-platform: OHCI generic platform driver\r\n[    2.352432] uhci_hcd: USB Universal Host Controller Interface driver\r\n[    2.361452] i8042: PNP: PS/2 Controller [PNP0303:PS2K,PNP0f03:PS2M] at 0x60,0x64 irq 1,12\r\n[    2.374813] serio: i8042 KBD port at 0x60,0x64 irq 1\r\n[    2.382204] serio: i8042 AUX port at 0x60,0x64 irq 12\r\n[    2.389771] mousedev: PS/2 mouse device common for all mice\r\n[    2.400337] rtc_cmos 00:00: RTC can wake from S4\r\n[    2.450371] input: AT Translated Set 2 keyboard as /devices/platform/i8042/serio0/input/input1\r\n[    2.463287] rtc_cmos 00:00: rtc core: registered rtc_cmos as rtc0\r\n[    2.473446] rtc_cmos 00:00: alarms up to one month, 114 bytes nvram\r\n[    2.481888] ata2.00: ATAPI: Virtual CD, , max MWDMA2\r\n[    2.492982] ata2.00: configured for MWDMA2\r\n[    2.499397] i2c /dev entries driver\r\n[    2.504668] device-mapper: uevent: version 1.0.3\r\n[    2.512164] scsi 1:0:0:0: CD-ROM            Msft     Virtual CD/ROM   1.0  PQ: 0 ANSI: 5\r\n[    2.522954] device-mapper: ioctl: 4.29.0-ioctl (2014-10-28) initialised: dm-devel@redhat.com\r\n[    2.536291] sr 1:0:0:0: [sr0] scsi3-mmc drive: 0x/0x tray\r\n[    2.543976] cdrom: Uniform CD-ROM driver Revision: 3.20\r\n[    2.552194] ledtrig-cpu: registered to indicate activity on CPUs\r\n[    2.562681] sr 1:0:0:0: Attached scsi generic sg0 type 5\r\n[    2.570192] PCCT header not found.\r\n[    2.575221] TCP: cubic registered\r\n[    2.580360] NET: Registered protocol family 10\r\n[    2.586836] NET: Registered protocol family 17\r\n[    2.593251] Key type dns_resolver registered\r\n[    2.599842] Loading compiled-in X.509 certificates\r\n[    2.607449] Loaded X.509 cert 'Magrathea: Glacier signing key: a1b1352daf054f11bbdc99fefef2fa96b4fbcfbf'\r\n[    2.620222] registered taskstats version 1\r\n[    2.627913] Key type trusted registered\r\n[    2.635898] Key type encrypted registered\r\n[    2.644124] AppArmor: AppArmor sha1 policy hashing enabled\r\n[    2.652890] ima: No TPM chip found, activating TPM-bypass!\r\n[    2.661124] evm: HMAC attrs: 0x1\r\n[    2.668177]   Magic number: 4:198:97\r\n[    2.674317] rtc_cmos 00:00: setting system clock to 2016-02-05 22:05:35 UTC (1454709935)\r\n[    2.686181] BIOS EDD facility v0.16 2004-Jun-25, 0 devices found\r\n[    2.694649] EDD information not available.\r\n[    2.704084] Freeing unused kernel memory: 1408K (ffffffff81d36000 - ffffffff81e96000)\r\n[    2.715019] Write protecting the kernel read-only data: 12288k\r\n[    2.728245] Freeing unused kernel memory: 172K (ffff8800017d5000 - ffff880001800000)\r\n[    2.739475] Freeing unused kernel memory: 328K (ffff880001bae000 - ffff880001c00000)\r\nLoading, please wait...\r\nstarting version 219\r\n[    2.782096] random: systemd-udevd urandom read with 3 bits of entropy available\r\n[    2.847974] hv_vmbus: Hyper-V Host Build:9600-6.3-18-0.18190; Vmbus version:3.0\r\n[    2.860215] hv_vmbus: CPU offlining is not supported by hypervisor\r\n[    2.894258] Floppy drive(s): fd0 is 1.44M\r\n[    2.937333] FDC 0 is an 82078.\r\n[    3.003050] AVX2 version of gcm_enc/dec engaged.\r\n[    3.014018] AES CTR mode by8 optimization enabled\r\n[    3.320085] psmouse serio1: trackpoint: failed to get extended button data\r\n[    7.929381] hv_vmbus: registering driver hyperv_fb\r\n[    7.938864] hv_vmbus: registering driver hv_storvsc\r\n[    7.949360] hv_utils: Registering HyperV Utility Driver\r\n[    7.957599] hv_vmbus: registering driver hv_util\r\n[    7.974050] hyperv_fb: Screen resolution: 1152x864, Color depth: 32\r\n[    7.991899] Console: switching to colour frame buffer device 144x54\r\n[    8.005193] hv_vmbus: registering driver hv_netvsc\r\n[    8.116625] scsi host2: storvsc_host_t\r\n[    8.122766] scsi 2:0:0:0: Direct-Access     Msft     Virtual Disk     1.0  PQ: 0 ANSI: 4\r\n[    8.135270] sd 2:0:0:0: Attached scsi generic sg1 type 0\r\n[    8.144242] psmouse serio1: trackpoint: IBM TrackPoint firmware: 0x01, buttons: 0/0\r\n[    8.155155] sd 2:0:0:0: [sda] 61440000 512-byte logical blocks: (31.4 GB/29.2 GiB)\r\n[    8.166837] hv_netvsc: hv_netvsc channel opened successfully\r\n[    8.175004] input: TPPS/2 IBM TrackPoint as /devices/platform/i8042/serio1/input/input3\r\n[    8.203789] sd 2:0:0:0: [sda] Write Protect is off\r\n[    8.210013] sd 2:0:0:0: [sda] Write cache: enabled, read cache: enabled, supports DPO and FUA\r\n[    8.225275]  sda: sda1\r\n[    8.230031] sd 2:0:0:0: [sda] Attached SCSI disk\r\n[    9.877106] hv_netvsc vmbus_0_16: Send section size: 6144, Section count:2560\r\n[    9.888450] hv_netvsc vmbus_0_16: Device MAC 00:0d:3a:90:ee:d1 link state up\r\n[   10.007742] scsi host3: storvsc_host_t\r\n[   10.022489] scsi 3:0:1:0: Direct-Access     Msft     Virtual Disk     1.0  PQ: 0 ANSI: 4\r\n[   10.035777] sd 3:0:1:0: Attached scsi generic sg2 type 0\r\n[   10.043647] sd 3:0:1:0: [sdb] 146800640 512-byte logical blocks: (75.1 GB/70.0 GiB)\r\n[   10.055655] sd 3:0:1:0: [sdb] Write Protect is off\r\n[   10.063166] sd 3:0:1:0: [sdb] Write cache: enabled, read cache: enabled, supports DPO and FUA\r\n[   10.078623]  sdb: sdb1\r\n[   10.082972] sd 3:0:1:0: [sdb] Attached SCSI disk\r\n[   10.159329] scsi host4: storvsc_host_t\r\n[   10.166040] scsi 4:0:0:0: scsi scan: INQUIRY result too short (5), using 36\r\n[   10.176766] scsi 4:0:0:1: scsi scan: INQUIRY result too short (5), using 36\r\n[   10.186318] scsi 4:0:1:0: scsi scan: INQUIRY result too short (5), using 36\r\n[   10.196925] scsi 4:0:1:1: scsi scan: INQUIRY result too short (5), using 36\r\n[   10.214673] scsi 4:1:0:0: scsi scan: INQUIRY result too short (5), using 36\r\n[   10.224220] scsi 4:1:0:1: scsi scan: INQUIRY result too short (5), using 36\r\n[   10.234142] scsi 4:1:1:0: scsi scan: INQUIRY result too short (5), using 36\r\n[   10.245462] scsi 4:1:1:1: scsi scan: INQUIRY result too short (5), using 36\r\n[   10.255842] scsi 4:2:0:0: scsi scan: INQUIRY result too short (5), using 36\r\n[   10.265765] scsi 4:2:0:1: scsi scan: INQUIRY result too short (5), using 36\r\n[   10.275478] scsi 4:2:1:0: scsi scan: INQUIRY result too short (5), using 36\r\n[   10.288926] scsi 4:2:1:1: scsi scan: INQUIRY result too short (5), using 36\r\n[   10.298490] scsi 4:3:0:0: scsi scan: INQUIRY result too short (5), using 36\r\n[   10.310060] scsi host5: storvsc_host_t\r\n[   10.315330] scsi 4:3:0:1: scsi scan: INQUIRY result too short (5), using 36\r\n[   10.324554] scsi 5:0:0:0: scsi scan: INQUIRY result too short (5), using 36\r\n[   10.333736] scsi 5:0:0:1: scsi scan: INQUIRY result too short (5), using 36\r\n[   10.342593] scsi 4:3:1:0: scsi scan: INQUIRY result too short (5), using 36\r\n[   10.351973] scsi 5:0:1:0: scsi scan: INQUIRY result too short (5), using 36\r\n[   10.376773] scsi 4:3:1:1: scsi scan: INQUIRY result too short (5), using 36\r\n[   10.405790] scsi 5:0:1:1: scsi scan: INQUIRY result too short (5), using 36\r\n[   10.415206] scsi 4:4:0:0: scsi scan: INQUIRY result too short (5), using 36\r\n[   10.423848] scsi 5:1:0:0: scsi scan: INQUIRY result too short (5), using 36\r\n[   10.433119] scsi 4:4:0:1: scsi scan: INQUIRY result too short (5), using 36\r\n[   10.442016] scsi 5:1:0:1: scsi scan: INQUIRY result too short (5), using 36\r\n[   10.451185] scsi 4:4:1:0: scsi scan: INQUIRY result too short (5), using 36\r\n[   10.459996] scsi 5:1:1:0: scsi scan: INQUIRY result too short (5), using 36\r\n[   10.469570] scsi 4:4:1:1: scsi scan: INQUIRY result too short (5), using 36\r\n[   10.479147] scsi 5:1:1:1: scsi scan: INQUIRY result too short (5), using 36\r\n[   10.488746] scsi 4:5:0:0: scsi scan: INQUIRY result too short (5), using 36\r\n[   10.497896] scsi 5:2:0:0: scsi scan: INQUIRY result too short (5), using 36\r\n[   10.508486] scsi 4:5:0:1: scsi scan: INQUIRY result too short (5), using 36\r\n[   10.517442] scsi 5:2:0:1: scsi scan: INQUIRY result too short (5), using 36\r\n[   10.535610] scsi 4:5:1:0: scsi scan: INQUIRY result too short (5), using 36\r\n[   10.548169] scsi 5:2:1:0: scsi scan: INQUIRY result too short (5), using 36\r\n[   10.557663] scsi 5:2:1:1: scsi scan: INQUIRY result too short (5), using 36\r\n[   10.566713] scsi 4:5:1:1: scsi scan: INQUIRY result too short (5), using 36\r\n[   10.576169] scsi 5:3:0:0: scsi scan: INQUIRY result too short (5), using 36\r\n[   10.611714] scsi 4:6:0:0: scsi scan: INQUIRY result too short (5), using 36\r\n[   10.621976] scsi 4:6:0:1: scsi scan: INQUIRY result too short (5), using 36\r\n[   10.631065] scsi 5:3:0:1: scsi scan: INQUIRY result too short (5), using 36\r\n[   10.640324] scsi 4:6:1:0: scsi scan: INQUIRY result too short (5), using 36\r\n[   10.649238] scsi 5:3:1:0: scsi scan: INQUIRY result too short (5), using 36\r\n[   10.658396] scsi 4:6:1:1: scsi scan: INQUIRY result too short (5), using 36\r\n[   10.667383] scsi 5:3:1:1: scsi scan: INQUIRY result too short (5), using 36\r\n[   10.676839] scsi 4:7:0:0: scsi scan: INQUIRY result too short (5), using 36\r\n[   10.686142] scsi 5:4:0:0: scsi scan: INQUIRY result too short (5), using 36\r\n[   10.695104] scsi 4:7:0:1: scsi scan: INQUIRY result too short (5), using 36\r\n[   10.707906] scsi 5:4:0:1: scsi scan: INQUIRY result too short (5), using 36\r\n[   10.716783] scsi 4:7:1:0: scsi scan: INQUIRY result too short (5), using 36\r\n[   10.725975] scsi 5:4:1:0: scsi scan: INQUIRY result too short (5), using 36\r\n[   10.737794] scsi 4:7:1:1: scsi scan: INQUIRY result too short (5), using 36\r\n[   10.747011] scsi 5:4:1:1: scsi scan: INQUIRY result too short (5), using 36\r\n[   10.755905] scsi 5:5:0:0: scsi scan: INQUIRY result too short (5), using 36\r\n[   10.764814] scsi 5:5:0:1: scsi scan: INQUIRY result too short (5), using 36\r\n[   10.774079] scsi 5:5:1:0: scsi scan: INQUIRY result too short (5), using 36\r\n[   10.783538] scsi 5:5:1:1: scsi scan: INQUIRY result too short (5), using 36\r\n[   10.795374] scsi 5:6:0:0: scsi scan: INQUIRY result too short (5), using 36\r\n[   10.804387] scsi 5:6:0:1: scsi scan: INQUIRY result too short (5), using 36\r\n[   10.813356] scsi 5:6:1:0: scsi scan: INQUIRY result too short (5), using 36\r\n[   10.822367] scsi 5:6:1:1: scsi scan: INQUIRY result too short (5), using 36\r\n[   10.831121] scsi 5:7:0:0: scsi scan: INQUIRY result too short (5), using 36\r\n[   10.841029] scsi 5:7:0:1: scsi scan: INQUIRY result too short (5), using 36\r\n[   10.849740] scsi 5:7:1:0: scsi scan: INQUIRY result too short (5), using 36\r\n[   10.858851] scsi 5:7:1:1: scsi scan: INQUIRY result too short (5), using 36\r\nBegin: Loading essential drivers ... done.\r\r\nBegin: Running /scripts/init-premount ... done.\r\r\nBegin: Mounting root file system ... Begin: Running /scripts/local-top ... done.\r\r\nBegin: Running /scripts/local-premount ... done.\r\r\n[   12.266667] EXT4-fs (sda1): mounted filesystem with ordered data mode. Opts: (null)\r\nBegin: Running /scripts/local-bottom ... done.\r\r\ndone.\r\r\nBegin: Running /scripts/init-bottom ... done.\r\r\n[   13.724118] random: nonblocking pool is initialized\r\n[   14.869184] systemd[1]: Inserted module 'autofs4'\r\n[   15.298878] systemd[1]: systemd 219 running in system mode. (+PAM +AUDIT +SELINUX +IMA +APPARMOR +SMACK +SYSVINIT +UTMP +LIBCRYPTSETUP +GCRYPT -GNUTLS +ACL +XZ -LZ4 -SECCOMP +BLKID -ELFUTILS +KMOD -IDN)\r\n[   15.325192] systemd[1]: Detected virtualization microsoft.\r\n[   15.332676] systemd[1]: Detected architecture x86-64.\r\n\r\r\nWelcome to \u001b[1mUbuntu 15.04\u001b[0m!\r[   15.352479] systemd[1]: Set hostname to <xplatvm3>.\r\n\r\n\r\r\n-.mount\r\r\n[   16.367376] systemd[1]: Cannot add dependency job for unit sshd-keygen.service, ignoring: Unit sshd-keygen.service failed to load: No such file or directory.\r\n[   16.391809] systemd[1]: Cannot add dependency job for unit sshd-keygen.service, ignoring: Unit sshd-keygen.service failed to load: No such file or directory.\r\n[   16.412837] systemd[1]: Cannot add dependency job for unit display-manager.service, ignoring: Unit display-manager.service failed to load: No such file or directory.\r\n[\u001b[32m  OK  \u001b[0m]
[   16.439370] systemd[1]: Set up automount Arbitrary Executable File Formats File System Automount Point.\r\nSet up automount Arbitrary Executab...ats File System Automount Point.\r\r\n[   16.459074] systemd[1]: Starting Arbitrary Executable File Formats File System Automount Point.\r\n[\u001b[32m  OK  \u001b[0m]
[   16.476155] systemd[1]: Created slice Root Slice.\r\nCreated slice Root Slice.\r\r\n[   16.510572] systemd[1]: Starting Root Slice.\r\n[\u001b[32m  OK  \u001b[0m]
[   16.519345] systemd[1]: Listening on udev Control Socket.\r\nListening on udev Control Socket.\r\r\n[   16.530611] systemd[1]: Starting udev Control Socket.\r\n[\u001b[32m  OK  \u001b[0m] Listening on udev Kernel Socket.[   16.543621] systemd[1]: Listening on udev Kernel Socket.\r\n\r\r\n[   16.551402] systemd[1]: Starting udev Kernel Socket.\r\n[\u001b[32m  OK  \u001b[0m]
[   16.560732] systemd[1]: Listening on Delayed Shutdown Socket.\r\nListening on Delayed Shutdown Socket.\r\r\n[   16.575043] systemd[1]: Starting Delayed Shutdown Socket.\r\n[\u001b[32m  OK  \u001b[0m[   16.584892] systemd[1]: Listening on fsck to fsckd communication Socket.\r\n] Listening on fsck to fsckd communication Socket.\r\r\n[   16.603684] systemd[1]: Starting fsck to fsckd communication Socket.\r\n[\u001b[32m  OK  \u001b[0m]
[   16.615306] systemd[1]: Reached target Remote File Systems (Pre).\r\nReached target Remote File Systems (Pre).\r\r\n[   16.627928] systemd[1]: Starting Remote File Systems (Pre).\r\n[   16.635326] systemd[1]: Started Forward Password Requests to Wall Directory Watch.\r\n[   16.645244] systemd[1]: Starting Forward Password Requests to Wall Directory Watch.\r\n[\u001b[32m  OK  \u001b[0m] Created slice User and Session Slice.[   16.661647] systemd[1]: Created slice User and Session Slice.\r\n\r\r\n[   16.670528] systemd[1]: Starting User and Session Slice.\r\n[\u001b[32m  OK  \u001b[0m]
[   16.682669] systemd[1]: Reached target Swap.\r\nReached target Swap.\r\r\n[   16.690493] systemd[1]: Starting Swap.\r\n[\u001b[32m  OK  \u001b[0m]
[   16.699557] systemd[1]: Listening on Journal Socket (/dev/log).\r\nListening on Journal Socket (/dev/log).\r\r\n[   16.712221] systemd[1]: Starting Journal Socket (/dev/log).\r\n[\u001b[32m  OK  \u001b[0m]
[   16.722872] systemd[1]: Reached target Encrypted Volumes.\r\nReached target Encrypted Volumes.\r\r\n[   16.735105] systemd[1]: Starting Encrypted Volumes.\r\n[\u001b[32m  OK  \u001b[0m]
[   16.745117] systemd[1]: Listening on Journal Audit Socket.\r\nListening on Journal Audit Socket.\r\r\n[   16.758199] systemd[1]: Starting Journal Audit Socket.\r\n[\u001b[32m  OK  \u001b[0m]
[   16.770238] systemd[1]: Created slice System Slice.\r\nCreated slice System Slice.\r\r\n[   16.782264] systemd[1]: Starting System Slice.\r\n[\u001b[32m  OK  \u001b[0m]
[   16.793434] systemd[1]: Created slice system-serial\\x2dgetty.slice.\r\nCreated slice system-serial\\x2dgetty.slice.\r\r\n[   16.808716] systemd[1]: Starting system-serial\\x2dgetty.slice.\r\n[\u001b[32m  OK  \u001b[0m]
[   16.820945] systemd[1]: Created slice system-systemd\\x2dfsck.slice.\r\nCreated slice system-systemd\\x2dfsck.slice.\r\r\n[   16.836138] systemd[1]: Starting system-systemd\\x2dfsck.slice.\r\n[\u001b[32m  OK  \u001b[0m]
[   16.848824] systemd[1]: Created slice system-getty.slice.\r\nCreated slice system-getty.slice.\r\r\n[   16.876560] systemd[1]: Starting system-getty.slice.\r\n[\u001b[32m  OK  \u001b[0m]
[   16.887499] systemd[1]: Reached target Slices.\r\nReached target Slices.\r\r\n[   16.898092] systemd[1]: Starting Slices.\r\n[   16.904573] systemd[1]: Starting Increase datagram queue length...\r\n         Starting Increase datagram queue length...[   16.919496] systemd[1]: Listening on /dev/initctl Compatibility Named Pipe.\r\n\r\r\n[\u001b[32m  OK  \u001b[0m] Listening on /dev/initctl Compatibility Named Pipe.\r\r\n[   16.939656] systemd[1]: Starting /dev/initctl Compatibility Named Pipe.\r\n[\u001b[32m  OK  \u001b[0m]
[   16.952533] systemd[1]: Listening on Journal Socket.\r\nListening on Journal Socket.\r\r\n[   16.964746] systemd[1]: Starting Journal Socket.\r\n[   16.973864] systemd[1]: Starting Uncomplicated firewall...\r\n         Starting Uncomplicated firewall...[   16.988297] systemd[1]: Mounting Debug File System...\r\n\r\r\n         Mounting Debug File System...[   17.003199] systemd[1]: Mounting Huge Pages File System...\r\n\r\r\n         Mounting Huge Pages File System...\r\r\n[   17.050151] systemd[1]: Started Set Up Additional Binary Formats.\r\n[   17.059300] systemd[1]: Mounting POSIX Message Queue File System...\r\n         Mounting POSIX Message Queue File System...[   17.078105] systemd[1]: Starting udev Coldplug all Devices...\r\n\r\r\n         Starting udev Coldplug all Devices...\r\r\n[   17.101934] systemd[1]: Starting Load Kernel Modules...\r\n         Starting Load Kernel Modules...[   17.115208] systemd[1]: Starting Remount Root and Kernel File Systems...\r\n\r\r\n         Starting Remount Root and Kernel File Systems...[   17.137002] systemd[1]: Starting Create list of required static device nodes for the current kernel...\r\n\r\r\n         Starting Create list of required st... nodes for the current kernel...[   17.162349] systemd[1]: Started Read required files in advance.\r\n\r\r\n[   17.174988] systemd[1]: Starting Nameserver information manager...\r\n         Starting Nameserver information manager...[   17.192564] systemd[1]: Starting Setup Virtual Console...\r\n\r\r\n         Starting Setup Virtual Console...\r\r\n[\u001b[32m  OK  \u001b[0m]
[   17.228660] systemd[1]: Started Uncomplicated firewall.\r\nStarted Uncomplicated firewall.\r\r\nufw.service\r\r\n[   17.252837] systemd[1]: Started Load Kernel Modules.\r\n[   17.264149] systemd[1]: Mounting FUSE Control File System...\r\n[   17.290406] systemd[1]: Starting Apply Kernel Variables...\r\n[   17.308430] systemd[1]: Mounted Configuration File System.\r\n[\u001b[32m  OK  \u001b[0m] Started Load Kernel Modules.\r\r\n         Mounting FUSE Control File System...\r[   17.326296] systemd[1]: Started Setup Virtual Console.\r\n\r\n         Starting Apply Kernel Variables...\r\r\n[\u001b[32m  OK  \u001b[0m] Started Setup Virtual Console.\r[   17.347378] systemd[1]: Started udev Coldplug all Devices.\r\n\r\nsystemd-modules-load.service[   17.363391] systemd[1]: Starting udev Wait for Complete Device Initialization...\r\n\r\r\n[\u001b[32m  OK  \u001b[0m] Started udev Coldplug all Devices.\r\r\nsystemd-vconsole-setup.service\r\r\nsystemd-udev-trigger.service\r\r\n         Starting udev Wait for Complete Device Initialization...\r\r\n[   17.462172] systemd[1]: Mounted POSIX Message Queue File System.\r\n[   17.473436] EXT4-fs (sda1): re-mounted. Opts: discard\r\n[\u001b[32m  OK  \u001b[0m] Mounted POSIX Message Queue File System.\r\r\ndev-mqueue.mount[   17.496206] systemd[1]: Mounted Debug File System.\r\n\r\r\n[\u001b[32m  OK  \u001b[0m] Mounted Debug File System.\r[   17.509900] systemd[1]: Mounted Huge Pages File System.\r\n\r\n[\u001b[32m  OK  \u001b[0m] Mounted Huge Pages File System.\r\r\nsys-kernel-debug.mount[   17.529039] systemd[1]: Mounted FUSE Control File System.\r\n\r\r\n[\u001b[32m  OK  \u001b[0m] Mounted FUSE Control File System.\r\r\ndev-hugepages.mount\r\r\n[\u001b[32m  OK  \u001b[0m] Started Increase datagram queue length.\r\r\n[\u001b[32m  OK  \u001b[0m] Started Remount Root and Kernel File Systems.\r\r\n[\u001b[32m  OK  \u001b[0m] Started Apply Kernel Variables.\r\r\n[\u001b[32m  OK  \u001b[0m] Started Nameserver information manager.\r\r\nsys-fs-fuse-connections.mount\r\r\n         Starting Load/Save Random Seed...\r\r\n[\u001b[32m  OK  \u001b[0m] Listening on Syslog Socket.\r\r\n         Starting Journal Service...\r\r\nsystemd-setup-dgram-qlen.service\r\r\n[\u001b[32m  OK  \u001b[0m] Started Load/Save Random Seed.\r\r\nsystemd-remount-fs.service\r\r\n[\u001b[32m  OK  \u001b[0m] Started Create list of required sta...ce nodes for the current kernel.\r\r\nsystemd-sysctl.service\r\r\n         Starting Create Static Device Nodes in /dev...\r\r\nresolvconf.service\r\r\nsystemd-random-seed.service\r\r\nkmod-static-nodes.service\r\r\n[\u001b[32m  OK  \u001b[0m] Started Journal Service.\r\r\nsystemd-journald.service\r\r\n         Starting Flush Journal to Persistent Storage...\r\r\n[\u001b[32m  OK  \u001b[0m] Started Flush Journal to Persistent Storage.\r\r\nsystemd-journal-flush.service\r\r\n[\u001b[32m  OK  \u001b[0m] Started Create Static Device Nodes in /dev.\r\r\n         Starting udev Kernel Device Manager...\r\r\nsystemd-tmpfiles-setup-dev.service\r\r\n[\u001b[32m  OK  \u001b[0m] Started udev Kernel Device Manager.\r\r\n[\u001b[32m  OK  \u001b[0m] Reached target Paths.\r\r\nsystemd-udevd.service\r\r\n[[   19.051224] piix4_smbus 0000:00:07.3: SMBus base address uninitialized - upgrade BIOS or use force_addr=0xaddr\r\n\u001b[32m  OK  \u001b[0m] Found device /dev/ttyS0.\r\r\n[\u001b[32m  OK  \u001b[0m] Created slice system-ifup.slice.\r\r\n[   19.532233] intel_rapl: no valid rapl domains found in package 0\r\n[\u001b[32m  OK  \u001b[0m] Found device Virtual_Disk Temporary_Storage.\r\r\n[\u001b[32m  OK  \u001b[0m] Started udev Wait for Complete Device Initialization.\r\r\n         Starting Copy rules generated while the root was ro...\r\r\n[\u001b[32m  OK  \u001b[0m] Reached target Local File Systems (Pre).\r\r\nsystemd-udev-settle.service\r\r\n         Mounting /etc/network/interfaces.dynamic.d...\r\r\n         Starting File System Check on /dev/disk/azure/resource-part1...\r\r\n[\u001b[32m  OK  \u001b[0m] Started Copy rules generated while the root was ro.\r\r\n[\u001b[32m  OK  \u001b[0m] Mounted /etc/network/interfaces.dynamic.d.\r\r\n[\u001b[32m  OK  \u001b[0m] Reached target Local File Systems.\r\r\n         Starting Create Volatile Files and Directories...\r\r\n         Starting Tell Plymouth To Write Out Runtime Data...\r\r\n         Starting LSB: AppArmor initialization...\r\r\n         Starting Wait for all \"auto\" /etc/n... up for network-online.target...\r\r\n[\u001b[32m  OK  \u001b[0m] Reached target Remote File Systems.\r\r\n         Starting Set console keymap...\r\r\nudev-finish.service\r\r\n[\u001b[32m  OK  \u001b[0m] Started File System Check on /dev/disk/azure/resource-part1.\r\r\n         Mounting /mnt...\r\r\netc-network-interfaces.dynamic.d.mount\r\r\n[\u001b[32m  OK  \u001b[0m] Started Create Volatile Files and Directories.\r\r\n         Starting Network Time Synchronization...\r\r\n         Starting Update UTMP about System Boot/Shutdown...\r\r\nsystemd-fsck@dev-disk-azure-resource\\x2dpart1.service\r\r\n[\u001b[32m  OK  \u001b[0m] Started Update UTMP about System Boot/Shutdown.\r\r\n[\u001b[32m  OK  \u001b[0m] Started Tell Plymouth To Write Out Runtime Data.\r\r\nsystemd-tmpfiles-setup.service\r\r\nsystemd-update-utmp.service\r\r\n[\u001b[32m  OK  \u001b[0m] Mounted /mnt.\r\r\nmnt.mount\r\r\n[\u001b[32m  OK  \u001b[0m] Started Network Time Synchronization.\r\r\n[\u001b[32m  OK  \u001b[0m] Reached target System Time Synchronized.\r\r\nsystemd-timesyncd.service\r\r\n[\u001b[32m  OK  \u001b[0m] Started Set console keymap.\r\r\n[\u001b[32m  OK  \u001b[0m] Started LSB: AppArmor initialization.\r\r\n         Starting LSB: Raise network interfaces....\r\r\n[\u001b[32m  OK  \u001b[0m] Started ifup for eth0.\r\r\n         Starting ifup for eth0...\r\r\napparmor.service\r\r\nifup@eth0.service\r\r\n[\u001b[32m  OK  \u001b[0m] Started LSB: Raise network interfaces..\r\r\n[\u001b[32m  OK  \u001b[0m] Reached target System Initialization.\r\r\n[\u001b[32m  OK  \u001b[0m] Listening on UUID daemon activation socket.\r\r\n         Starting Seed the pseudo random number generator on first boot...\r\r\n[\u001b[32m  OK  \u001b[0m] Listening on ACPID Listen Socket.\r\r\n[\u001b[32m  OK  \u001b[0m] Reached target Timers.\r\r\n[\u001b[32m  OK  \u001b[0m] Listening on D-Bus System Message Bus Socket.\r\r\n[\u001b[32m  OK  \u001b[0m] Reached target Sockets.\r\r\n[\u001b[32m  OK  \u001b[0m] Reached target Basic System.\r\r\n         Starting Accounts Service...\r\r\n         Starting LSB: automatic crash report generation...\r\r\n         Starting LSB: Landscape client daemons...\r\r\n[\u001b[32m  OK  \u001b[0m] Started Regular background program processing daemon.\r\r\n         Starting Regular background program processing daemon...\r\r\n         Starting Thermal Daemon Service...\r\r\n         Starting LSB: Starts the Micro Name Service Cache Daemon...\r\r\n[\u001b[32m  OK  \u001b[0m] Started Hyper-V File Copy Protocol Daemon.\r\r\n         Starting Hyper-V File Copy Protocol Daemon...\r\r\n         Starting LSB: Set the CPU Frequency Scaling governor to \"ondemand\"...\r\r\n         Starting LSB: Record successful boot for GRUB...\r\r\n         Starting Login Service...\r\r\n[\u001b[32m  OK  \u001b[0m] Started Hyper-V KVP Protocol Daemon.\r\r\n         Starting Hyper-V KVP Protocol Daemon...\r\r\n         Starting Restore /etc/resolv.conf i...e the ppp link was shut down....\r\r\n[\u001b[32m  OK  \u001b[0m] Started Hyper-V VSS Protocol Daemon.\r\r\n         Starting Hyper-V VSS Protocol Daemon...\r\r\n         Starting Initial cloud-init job (pre-networking)...\r\r\n         Starting System Logging Service...\r\r\n[\u001b[32m  OK  \u001b[0m] Started Deferred execution scheduler.\r\r\n         Starting Deferred execution scheduler...\r\r\n         Starting LSB: daemon to balance interrupts for SMP systems...\r\r\n         Starting D-Bus System Message Bus...\r\r\n[\u001b[32m  OK  \u001b[0m] Reached target Network.\r\r\n         Starting /etc/rc.local Compatibility...\r\r\n[\u001b[32m  OK  \u001b[0m] Started Seed the pseudo random number generator on first boot.\r\r\n[\u001b[32m  OK  \u001b[0m] Started LSB: Landscape client daemons.\r\r\n[\u001b[32m  OK  \u001b[0m] Started LSB: Starts the Micro Name Service Cache Daemon.\r\r\n[\u001b[32m  OK  \u001b[0m] Started LSB: Set the CPU Frequency Scaling governor to \"ondemand\".\r\r\n[\u001b[32m  OK  \u001b[0m] Started Restore /etc/resolv.conf if...ore the ppp link was shut down..\r\r\n[\u001b[32m  OK  \u001b[0m] Started /etc/rc.local Compatibility.\r\r\nnetworking.service\r\r\n[\u001b[32m  OK  \u001b[0m] Started LSB: automatic crash report generation.\r\r\n[\u001b[32m  OK  \u001b[0m] Started D-Bus System Message Bus.\r\r\ncron.service\r\r\nhv-fcopy-daemon.service\r\r\nhv-kvp-daemon.service\r\r\nhv-vss-daemon.service\r\r\natd.service\r\r\nlandscape-client.service\r\r\nunscd.service\r\r\nondemand.service\r\r\nrc-local.service\r\r\napport.service\r\r\ndbus.service\r\r\n[\u001b[32m  OK  \u001b[0m] Started LSB: Record successful boot for GRUB.\r\r\n[\u001b[32m  OK  \u001b[0m] Started Wait for all \"auto\" /etc/ne...be up for network-online.target.\r\r\n[\u001b[32m  OK  \u001b[0m] Started LSB: daemon to balance interrupts for SMP systems.\r\r\n[\u001b[32m  OK  \u001b[0m] Started System Logging Service.\r\r\ngrub-common.service\r\r\n         Starting Authenticate and Authorize Users to Run Privileged Tasks...\r\r\n[\u001b[32m  OK  \u001b[0m] Reached target Network is Online.\r\r\n         Starting LSB: Cleans up any mess left by 0dns-up...\r\r\n[\u001b[32m  OK  \u001b[0m] Started Login Service.\r\r\nifup-wait-all-auto.service\r\r\nirqbalance.service\r\r\nrsyslog.service\r\r\nsystemd-logind.service\r\r\n[\u001b[32m  OK  \u001b[0m] Started LSB: Cleans up any mess left by 0dns-up.\r\r\ndns-clean.service\r\r\n[\u001b[32m  OK  \u001b[0m] Started Thermal Daemon Service.\r\r\nthermald.service\r\r\n[\u001b[32m  OK  \u001b[0m] Started Authenticate and Authorize Users to Run Privileged Tasks.\r\r\n[\u001b[32m  OK  \u001b[0m] Started Accounts Service.\r\r\npolkitd.service\r\r\naccounts-daemon.service\r\r\n[   31.912782] cloud-init[640]: Cloud-init v. 0.7.7 running 'init-local' at Fri, 05 Feb 2016 22:06:03 +0000. Up 29.51 seconds.\r\r\n[\u001b[32m  OK  \u001b[0m] Started Initial cloud-init job (pre-networking).\r\r\n         Starting Initial cloud-init job (metadata service crawler)...\r\r\ncloud-init-local.service\r\r\n[   32.944075] blk_update_request: I/O error, dev fd0, sector 0\r\n[   32.992114] blk_update_request: I/O error, dev fd0, sector 0\r\ntmp-tmpc_drlbh6.mount\r\r\n[   33.213116] cloud-init[848]: + i=eth0\r\r\n[   33.217211] cloud-init[848]: + x=0\r\r\n[   33.229378] cloud-init[848]: + ifdown eth0\r\r\n[   33.270279] cloud-init[848]: Killed old client process\r\r\n[   34.277210] cloud-init[848]: Internet Systems Consortium DHCP Client 4.3.1\r\r\n[   34.277348] cloud-init[848]: Copyright 2004-2014 Internet Systems Consortium.\r\r\n[   34.277444] cloud-init[848]: All rights reserved.\r\r\n[   34.277537] cloud-init[848]: For info, please visit https://www.isc.org/software/dhcp/\r\r\n[   34.278060] cloud-init[848]: Listening on LPF/eth0/00:0d:3a:90:ee:d1\r\r\n[   34.278180] cloud-init[848]: Sending on   LPF/eth0/00:0d:3a:90:ee:d1\r\r\n[   34.278290] cloud-init[848]: Sending on   Socket/fallback\r\r\n[   34.338437] cloud-init[848]: DHCPRELEASE on eth0 to 168.63.129.16 port 67 (xid=0xf63617d)\r\r\n[   34.406157] cloud-init[848]: + ifup eth0\r\r\n[   34.431409] cloud-init[848]: Internet Systems Consortium DHCP Client 4.3.1\r\r\n[   34.443613] cloud-init[848]: Copyright 2004-2014 Internet Systems Consortium.\r\r\n[   34.444051] cloud-init[848]: All rights reserved.\r\r\n[   34.444440] cloud-init[848]: For info, please visit https://www.isc.org/software/dhcp/\r\r\n[   34.452886] cloud-init[848]: Listening on LPF/eth0/00:0d:3a:90:ee:d1\r\r\n[   34.453474] cloud-init[848]: Sending on   LPF/eth0/00:0d:3a:90:ee:d1\r\r\n[   34.453585] cloud-init[848]: Sending on   Socket/fallback\r\r\n[   34.465406] cloud-init[848]: DHCPDISCOVER on eth0 to 255.255.255.255 port 67 interval 3 (xid=0xf26f15)\r\r\n[   34.510234] cloud-init[848]: DHCPREQUEST of 10.0.0.4 on eth0 to 255.255.255.255 port 67 (xid=0x156ff200)\r\r\n[   34.511023] cloud-init[848]: DHCPOFFER of 10.0.0.4 from 168.63.129.16\r\r\n[   34.553100] cloud-init[848]: DHCPACK of 10.0.0.4 from 168.63.129.16\r\r\n[   35.053594] cloud-init[848]: bound to 10.0.0.4 -- renewal in 4294967295 seconds.\r\r\n[   35.086601] cloud-init[848]: + exit 0\r\r\n[\u001b[32m  OK  \u001b[0m] Started Windows Azure Linux Agent.\r\r\n         Starting Windows Azure Linux Agent...\r\r\nwalinuxagent.service\r\r\n2016/02/05 22:06:12 Windows Azure Linux Agent Version: WALinuxAgent-2.0.14\r\r\n2016/02/05 22:06:12 Linux Distribution Detected      : Ubuntu\r\r\n2016/02/05 22:06:12 Module /lib/modules/3.19.0-49-generic/kernel/drivers/ata/ata_piix.ko driver for ATAPI CD-ROM does not exist.\r\r\nmnt-cdrom-secur.mount\r\r\n2016/02/05 22:06:12 mount: /dev/sr0 is write-protected, mounting read-only\r\r\n2016/02/05 22:06:12 mount: /dev/sr0 mounted on /mnt/cdrom/secure.\r\r\n2016/02/05 22:06:12 mount succeeded on attempt #1\r\r\n2016/02/05 22:06:12 VMM Init script not found.  Provisioning for Azure\r\r\n2016/02/05 22:06:12 IPv4 address: 10.0.0.4\r\r\n2016/02/05 22:06:12 MAC  address: 00:0D:3A:90:EE:D1\r\r\n2016/02/05 22:06:12 Probing for Windows Azure environment.\r\r\n2016/02/05 22:06:12 DoDhcpWork: Setting socket.timeout=10, entering recv\r\r\n2016/02/05 22:06:12 Discovered Windows Azure endpoint: 168.63.129.16\r\r\n2016/02/05 22:06:13 Fabric preferred wire protocol version: 2015-04-05\r\r\n2016/02/05 22:06:13 Negotiated wire protocol version: 2012-11-30\r\r\n2016/02/05 22:06:13 SetBlockDeviceTimeout: Update the device sda with timeout 300\r\r\n2016/02/05 22:06:13 SetBlockDeviceTimeout: Update the device sdb with timeout 300\r\r\n2016/02/05 22:06:13 Retrieved GoalState from Windows Azure Fabric.\r\r\n2016/02/05 22:06:13 ExpectedState: Started\r\r\n2016/02/05 22:06:13 ContainerId: 19a0fa52-26a9-4d90-9102-17e2fa0e4ac4\r\r\n2016/02/05 22:06:13 RoleInstanceId: 40493076-ac35-4b98-ad72-c55abced3fb2._xplatvm\r\r\n2016/02/05 22:06:13 Public cert with thumbprint: 1CFC1AB82C3A82A7CF23F392FCC9EF49F2607B0C was retrieved.\r\r\n2016/02/05 22:06:13 Posted Role Properties. CertificateThumbprint=92e5d5d62a11eba5f3e27c1be218a11c\r\r\n[   40.208106] blk_update_request: I/O error, dev fd0, sector 0\r\n[   40.244121] blk_update_request: I/O error, dev fd0, sector 0\r\n[   42.276581] cloud-init[848]: Cloud-init v. 0.7.7 running 'init' at Fri, 05 Feb 2016 22:06:06 +0000. Up 32.55 seconds.\r\r\n[   42.305408] cloud-init[848]: ci-info: ++++++++++++++++++++++++++++++++++++++Net device info++++++++++++++++++++++++++++++++++++++\r\r\n[   42.305592] cloud-init[848]: ci-info: +--------+------+-----------------------------+---------------+-------+-------------------+\r\r\n[   42.305773] cloud-init[848]: ci-info: | Device |  Up  |           Address           |      Mask     | Scope |     Hw-Address    |\r\r\n[   42.305953] cloud-init[848]: ci-info: +--------+------+-----------------------------+---------------+-------+-------------------+\r\r\n[   42.306103] cloud-init[848]: ci-info: |   lo   | True |          127.0.0.1          |   255.0.0.0   |   .   |         .         |\r\r\n[   42.306273] cloud-init[848]: ci-info: |   lo   | True |           ::1/128           |       .       |  host |         .         |\r\r\n[   42.306433] cloud-init[848]: ci-info: |  eth0  | True |           10.0.0.4          | 255.255.255.0 |   .   | 00:0d:3a:90:ee:d1 |\r\r\n[   42.306594] cloud-init[848]: ci-info: |  eth0  | True | fe80::20d:3aff:fe90:eed1/64 |       .       |  link | 00:0d:3a:90:ee:d1 |\r\r\n[   42.306753] cloud-init[848]: ci-info: +--------+------+-----------------------------+---------------+-------+-------------------+\r\r\n[   42.306908] cloud-init[848]: ci-info: +++++++++++++++++++++++++++++Route IPv4 info++++++++++++++++++++++++++++++\r\r\n[   42.307109] cloud-init[848]: ci-info: +-------+---------------+----------+-----------------+-----------+-------+\r\r\n[   42.307272] cloud-init[848]: ci-info: | Route |  Destination  | Gateway  |     Genmask     | Interface | Flags |\r\r\n[   42.307424] cloud-init[848]: ci-info: +-------+---------------+----------+-----------------+-----------+-------+\r\r\n[   42.307575] cloud-init[848]: ci-info: |   0   |    0.0.0.0    | 10.0.0.1 |     0.0.0.0     |    eth0   |   UG  |\r\r\n[   42.307725] cloud-init[848]: ci-info: |   1   |    10.0.0.0   | 0.0.0.0  |  255.255.255.0  |    eth0   |   U   |\r\r\n[   42.307874] cloud-init[848]: ci-info: |   2   | 168.63.129.16 | 10.0.0.1 | 255.255.255.255 |    eth0   |  UGH  |\r\r\n[   42.308042] cloud-init[848]: ci-info: +-------+---------------+----------+-----------------+-----------+-------+\r\r\n[   42.308205] cloud-init[848]: Generating public/private rsa key pair.\r\r\n[   42.308356] cloud-init[848]: Your identification has been saved in /etc/ssh/ssh_host_rsa_key.\r\r\n[   42.308507] cloud-init[848]: Your public key has been saved in /etc/ssh/ssh_host_rsa_key.pub.\r\r\n[   42.308713] cloud-init[848]: The key fingerprint is:\r\r\n[   42.309141] cloud-init[848]: 74:ae:ab:03:8c:4d:e6:e8:24:61:39:31:20:33:00:54 root@xplatvm\r\r\n[   42.329087] cloud-init[848]: The key's randomart image is:\r\r\n[   42.332023] cloud-init[848]: +---[RSA 2048]----+\r\r\n[   42.332279] cloud-init[848]: |%..E             |\r\r\n[   42.332481] cloud-init[848]: |.=               |\r\r\n[   42.332644] cloud-init[848]: |  +     . .      |\r\r\n[   42.332804] cloud-init[848]: |.+  o  . o       |\r\r\n[   42.332958] cloud-init[848]: |...O    S .      |\r\r\n[   42.333113] cloud-init[848]: |. + =    .       |\r\r\n[   42.333267] cloud-init[848]: | +   .  .        |\r\r\n[   42.333417] cloud-init[848]: |  .   .  .       |\r\r\n[   42.333567] cloud-init[848]: |      .o.        |\r\r\n[   42.333716] cloud-init[848]: +-----------------+\r\r\n[   42.333865] cloud-init[848]: Generating public/private dsa key pair.\r\r\n[   42.334013] cloud-init[848]: Your identification has been saved in /etc/ssh/ssh_host_dsa_key.\r\r\n[   42.349219] cloud-init[848]: Your public key has been saved in /etc/ssh/ssh_host_dsa_key.pub.\r\r\n[   42.349416] cloud-init[848]: The key fingerprint is:\r\r\n[   42.349580] cloud-init[848]: 27:12:c0:22:c0:94:84:ad:f9:86:bf:d4:85:63:ee:00 root@xplatvm\r\r\n[   42.349736] cloud-init[848]: The key's randomart image is:\r\r\n[   42.349911] cloud-init[848]: +---[DSA 1024]----+\r\r\n[   42.350063] cloud-init[848]: |B+...            |\r\r\n[   42.350212] cloud-init[848]: |ooo ..           |\r\r\n[   42.350363] cloud-init[848]: | + .  .          |\r\r\n[   42.350513] cloud-init[848]: |o    . .         |\r\r\n[   42.350668] cloud-init[848]: |Eo  + o S .      |\r\r\n[   42.350816] cloud-init[848]: |..o+ o . o       |\r\r\n[   42.350965] cloud-init[848]: | oo o            |\r\r\n[   42.351114] cloud-init[848]: | ..o             |\r\r\n[   42.351262] cloud-init[848]: |  ...            |\r\r\n[   42.351414] cloud-init[848]: +-----------------+\r\r\n[   42.351562] cloud-init[848]: Generating public/private ecdsa key pair.\r\r\n[   42.351782] cloud-init[848]: Your identification has been saved in /etc/ssh/ssh_host_ecdsa_key.\r\r\n[   42.351941] cloud-init[848]: Your public key has been saved in /etc/ssh/ssh_host_ecdsa_key.pub.\r\r\n[   42.352117] cloud-init[848]: The key fingerprint is:\r\r\n[   42.352267] cloud-init[848]: 82:f8:f5:6e:50:0e:f1:93:99:b7:d6:5d:f5:55:4b:35 root@xplatvm\r\r\n[   42.352417] cloud-init[848]: The key's randomart image is:\r\r\n[   42.352565] cloud-init[848]: +---[ECDSA 256]---+\r\r\n[   42.352713] cloud-init[848]: |               E=|\r\r\n[   42.352862] cloud-init[848]: |      .       . =|\r\r\n[   42.393837] cloud-init[848]: |       o +     .+|\r\r\n[   42.394172] cloud-init[848]: |   . .. B .     o|\r\r\n[   42.394413] cloud-init[848]: |  . . o+So o . . |\r\r\n[   42.394607] cloud-init[848]: |   . ..o. o . .  |\r\r\n[   42.394766] cloud-init[848]: |    .  ...       |\r\r\n[   42.394921] cloud-init[848]: |       ..        |\r\r\n[   42.395045] cloud-init[848]: |       ..        |\r\r\n[   42.395181] cloud-init[848]: +-----------------+\r\r\n[   42.395316] cloud-init[848]: Generating public/private ed25519 key pair.\r\r\n[   42.396019] cloud-init[848]: Your identification has been saved in /etc/ssh/ssh_host_ed25519_key.\r\r\n[   42.396212] cloud-init[848]: Your public key has been saved in /etc/ssh/ssh_host_ed25519_key.pub.\r\r\n[   42.396384] cloud-init[848]: The key fingerprint is:\r\r\n[   42.396562] cloud-init[848]: 11:7f:11:e6:aa:f3:ec:ec:60:ca:58:09:0b:b6:dd:ae root@xplatvm\r\r\n[   42.404553] cloud-init[848]: The key's randomart image is:\r\r\n[   42.404797] cloud-init[848]: +--[ED25519 256]--+\r\r\n[   42.404972] cloud-init[848]: |        .   +.   |\r\r\n[   42.405146] cloud-init[848]: |         o o .   |\r\r\n[   42.405318] cloud-init[848]: |        . . o    |\r\r\n[   42.405566] cloud-init[848]: |         . o     |\r\r\n[   42.405727] cloud-init[848]: |  o .   S .      |\r\r\n[   42.405911] cloud-init[848]: | . + + . .       |\r\r\n[   42.406058] cloud-init[848]: |  . o + =        |\r\r\n[   42.406253] cloud-init[848]: |     = o *       |\r\r\n[   42.406407] cloud-init[848]: |    E.+  o*      |\r\r\n[   42.406558] cloud-init[848]: +-----------------+\r\r\n[\u001b[32m  OK  \u001b[0m] Started Initial cloud-init job (metadata service crawler).\r\r\n         Starting Permit User Sessions...\r\r\n[\u001b[32m  OK  \u001b[0m] Reached target Cloud-config availability.\r\r\n         Starting Apply the settings specified in cloud-config...\r\r\n[\u001b[32m  OK  \u001b[0m] Started OpenBSD Secure Shell server.\r\r\n         Starting OpenBSD Secure Shell server...\r\r\n[\u001b[32m  OK  \u001b[0m] Started Permit User Sessions.\r\r\n         Starting Wait for Plymouth Boot Screen to Quit...\r\r\n         Starting Terminate Plymouth Boot Screen...\r\r\n2016/02/05 22:06:17 Finished processing ExtensionsConfig.xml\r\r\ncloud-init.service\r\r\nssh.service\r\r\nsystemd-user-sessions.service\r\r\n[\u001b[32m  OK  \u001b[0m] Stopped File System Check on /dev/disk/azure/resource-part1.\r\n         Stopping File System Check on /dev/disk/azure/resource-part1...\r\n         Starting File System Check on /dev/disk/azure/resource-part1...\r\n[\u001b[32m  OK  \u001b[0m] Started File System Check on /dev/disk/azure/resource-part1.\r\n         Mounting /mnt...\r\n[\u001b[1;31mFAILED\u001b[0m] Failed to mount /mnt.\r\nSee \"systemctl status mnt.mount\" for details.\r\n\u0000\u0000\u0000\u0000\u0000\u0000\u0000\u0000\u0000\u0000\u0000\u0000\u0000\u0000\u0000\u0000\u0000\u0000\u0000\u0000\u0000\u0000\u0000\u0000\u0000\u0000\u0000\u0000\u0000\u0000\u0000\u0000\u0000\u0000\u0000\u0000\u0000\u0000\u0000\u0000\u0000\u0000\u0000\u0000\u0000\u0000\u0000\u0000\u0000\u0000\u0000\u0000\u0000\u0000\u0000\u0000\u0000\u0000\u0000\u0000\u0000\u0000\u0000\u0000\u0000\u0000\u0000\u0000\u0000\u0000\u0000\u0000\u0000\u0000\u0000\u0000\u0000\u0000\u0000\u0000\u0000\u0000\u0000\u0000\u0000\u0000\u0000\u0000\u0000\u0000\u0000\u0000\u0000\u0000\u0000\u0000\u0000\u0000\u0000\u0000\u0000\u0000\u0000\u0000\u0000\u0000\u0000\u0000\u0000\u0000\u0000\u0000\u0000\u0000\u0000\u0000\u0000\u0000\u0000\u0000\u0000\u0000\u0000\u0000\u0000\u0000\u0000\u0000\u0000\u0000\u0000\u0000\u0000\u0000\u0000\u0000\u0000\u0000\u0000\u0000\u0000\u0000\u0000\u0000\u0000\u0000\u0000\u0000\u0000\u0000\u0000\u0000\u0000\u0000\u0000\u0000\u0000\u0000\u0000\u0000\u0000\u0000\u0000\u0000\u0000\u0000\u0000\u0000\u0000\u0000\u0000\u0000\u0000\u0000\u0000\u0000\u0000\u0000\u0000\u0000\u0000\u0000\u0000\u0000\u0000\u0000\u0000\u0000\u0000\u0000\u0000\u0000\u0000\u0000\u0000\u0000\u0000\u0000\u0000\u0000\u0000\u0000\u0000\u0000\u0000\u0000\u0000\u0000\u0000\u0000\u0000\u0000\u0000\u0000\u0000\u0000\u0000\u0000\u0000\u0000[   49.420655] cloud-init[1140]: Generating locales...\r\n[   49.494795] cloud-init[1140]: en_US.UTF-8... up-to-date\r\n[   49.516377] cloud-init[1140]: Generation complete.\r\n\r\r\nUbuntu 15.04 xplatvm ttyS0\r\n\r\nxplatvm login:
[   55.190968] cloud-init[1140]: Cloud-init v. 0.7.7 running 'modules:config' at Fri, 05 Feb 2016 22:06:17 +0000. Up 43.38 seconds.\r\nci-info: ++Authorized keys from /home/azureuser/.ssh/authorized_keys for user azureuser+++\r\nci-info: +---------+-------------------------------------------------+---------+---------+\r\nci-info: | Keytype |                Fingerprint (md5)                | Options | Comment |\r\nci-info: +---------+-------------------------------------------------+---------+---------+\r\nci-info: | ssh-rsa | 8f:df:8f:18:ba:cd:cc:63:7c:1f:ea:ae:ba:09:40:65 |    -    |    -    |\r\nci-info: +---------+-------------------------------------------------+---------+---------+\r\nec2: \r\nec2: #############################################################\r\nec2: -----BEGIN SSH HOST KEY FINGERPRINTS-----\r\nec2: 1024 27:12:c0:22:c0:94:84:ad:f9:86:bf:d4:85:63:ee:00 /etc/ssh/ssh_host_dsa_key.pub (DSA)\r\nec2: 256 82:f8:f5:6e:50:0e:f1:93:99:b7:d6:5d:f5:55:4b:35 /etc/ssh/ssh_host_ecdsa_key.pub (ECDSA)\r\nec2: 256 11:7f:11:e6:aa:f3:ec:ec:60:ca:58:09:0b:b6:dd:ae /etc/ssh/ssh_host_ed25519_key.pub (ED25519)\r\nec2: 2048 74:ae:ab:03:8c:4d:e6:e8:24:61:39:31:20:33:00:54 /etc/ssh/ssh_host_rsa_key.pub (RSA)\r\nec2: -----END SSH HOST KEY FINGERPRINTS-----\r\nec2: #############################################################\r\n-----BEGIN SSH HOST KEY KEYS-----\r\necdsa-sha2-nistp256 AAAAE2VjZHNhLXNoYTItbmlzdHAyNTYAAAAIbmlzdHAyNTYAAABBBFQQDRkgMTL5G7EohiReaZyS9mS299xdXkVa8zQv+VCfbCd+h5fgrGPYmHO1fdVK+waZ/MUmI+K+oSyaLaN35L0= root@xplatvm\r\nssh-ed25519 AAAAC3NzaC1lZDI1NTE5AAAAIKnOcse7GJ6zHniYsEzd0aKmzlUHR9Nh1FSfhE1IOySO root@xplatvm\r\nssh-rsa AAAAB3NzaC1yc2EAAAADAQABAAABAQCez+QDtItVLY/WzoOJCaG6rx4zT7AHZ/QAtx6uQrJN901JapeQhlJjMdC8zVWLLvCcFYWFmCCYF14r4TeRREm0in4hcA5hy3q3oLIsBhpzrCDIcGGeZOm39B1+IMQYpy4PxXzhIn4ltWD13H4gT5BE/ywTQHyLfs/dJkPCs1nJiU6AbmQ/jAi+6aj7zuaQ0cQhYkmn0C3Pm2Eqhc7nOnaZS9TJ1zCGUfBAuCHwgh9S0fXfHcP+xC3xhIqurTYXh3n1yloQqX5RpbBShPKAGtb8yFzI8K/ggSZ/S2t/QnD79nD44EjZ7jyUDhrJFuE6pKjgoI3ZR/HyLXBCup2Ej4PL root@xplatvm\r\n-----END SSH HOST KEY KEYS-----\r\n[   56.273556] cloud-init[1282]: Cloud-init v. 0.7.7 running 'modules:final' at Fri, 05 Feb 2016 22:06:29 +0000. Up 55.78 seconds.\r\n[   56.309711] cloud-init[1282]: Cloud-init v. 0.7.7 finished at Fri, 05 Feb 2016 22:06:30 +0000. Datasource DataSourceAzureNet [seed=/dev/sr0].  Up 56.25 seconds\r\n2016/02/05 22:07:56 Retrieved GoalState from Windows Azure Fabric.\r\n2016/02/05 22:07:56 ExpectedState: Started\r\n2016/02/05 22:07:56 ContainerId: 19a0fa52-26a9-4d90-9102-17e2fa0e4ac4\r\n2016/02/05 22:07:56 RoleInstanceId: 40493076-ac35-4b98-ad72-c55abced3fb2._xplatvm\r\n2016/02/05 22:07:56 Public cert with thumbprint: 1CFC1AB82C3A82A7CF23F392FCC9EF49F2607B0C was retrieved.\r\n2016/02/05 22:07:56 Posted Role Properties. CertificateThumbprint=74aeab038c4de6e82461393120330054\r\n2016/02/05 22:08000 Finished processing ExtensionsConfig.xml\r\n\u0000\u0000\u0000\u0000\u0000\u0000\u0000\u0000\u0000\u0000\u0000\u0000\u0000\u0000\u0000\u0000\u0000\u0000\u0000\u0000\u0000\u0000\u0000\u0000\u0000\u0000\u0000\u0000\u0000\u0000\u0000\u0000\u0000\u0000\u0000\u0000\u0000\u0000\u0000\u0000\u0000\u0000\u0000\u0000\u0000\u0000\u0000\u0000\u0000\u0000\u0000\u0000\u0000\u0000\u0000\u0000\u0000\u0000\u0000\u0000\u0000\u0000\u0000\u0000\u0000\u0000\u0000\u0000\u0000\u0000\u0000\u0000\u0000\u0000\u0000\u0000\u0000\u0000\u0000\u0000\u0000\u0000\u0000\u0000\u0000\u0000\u0000\u0000\u0000\u0000\u0000\u0000\u0000\u0000\u0000\u0000\u0000\u0000\u0000\u0000\u0000\u0000\u0000\u0000\u0000\u0000\u0000\u0000\u0000\u0000\u0000\u0000\u0000\u0000\u0000\u0000\u0000\u0000\u0000\u0000\u0000\u0000\u0000\u0000\u0000\u0000\u0000\u0000\u0000\u0000\u0000\u0000\u0000\u0000\u0000\u0000\u0000\u0000\u0000\u0000\u0000\u0000\u0000\u0000\u0000\u0000\u0000\u0000\u0000\u0000\u0000\u0000\u0000\u0000\u0000\u0000\u0000\u0000\u0000\u0000\u0000\u0000\u0000\u0000\u0000\u0000\u0000\u0000\u0000\u0000\u0000\u0000\u0000\u0000\u0000\u0000\u0000\u0000\u0000\u0000\u0000\u0000\u0000\u0000\u0000\u0000\u0000\u0000\u0000\u0000\u0000\u0000\u0000\u0000\u0000\u0000\u0000\u0000\u0000\u0000\u0000\u0000\u0000\u0000\u0000\u0000\u0000\u0000\u0000\u0000\u0000\u0000\u0000\u0000\u0000\u0000\u0000\u0000\u0000\u0000\u0000\u0000\u0000\u0000\u0000\u0000\u0000\u0000\u0000\u0000\u0000\u0000\u0000\u0000\u0000\u0000\u0000\u0000\u0000\u0000\u0000\u0000\u0000\u0000\u0000\u0000\u0000\u0000\u0000\u0000\u0000\u0000\u0000\u0000\u0000\u0000\u0000\u0000\u0000\u0000\u0000\u0000\u0000\u0000\u0000\u0000\u0000\u0000\u0000\u0000\u0000\u0000\u0000\u0000\u0000\u0000\u0000\u0000\u0000\u0000\u0000\u0000\u0000\u0000\u0000\u0000\u0000\u0000\u0000\u0000\u0000\u0000\u0000\u0000\u0000\u0000\u0000\u0000\u0000\u0000\u0000\u0000\u0000\u0000\u0000\u0000\u0000\u0000\u0000\u0000\u0000\u0000\u0000\u0000\u0000\u0000\u0000\u0000\u0000\u0000\u0000\u0000\u0000\u0000\u0000\u0000\u0000\u0000\u0000\u0000\u0000\u0000\u0000\u0000\u0000\u0000\u0000\u0000\u0000\u0000\u0000\u0000\u0000\u0000\u0000\u0000\u0000\u0000\u0000\u0000\u0000\u0000\u0000\u0000\u0000\u0000\u0000\u0000\u0000\u0000\u0000\u0000\u0000\u0000\u0000\u0000\u0000\u0000\u0000\u0000\u0000\u0000\u0000\u0000\u0000\u0000\u0000\u0000\u0000\u0000\u0000\u0000\u0000\u0000\u0000\u0000\u0000\u0000\u0000\u0000\u0000\u0000\u0000\u0000\u0000\u0000\u0000\u0000\u0000\u0000\u0000\u0000\u0000\u0000\u0000\u0000\u0000\u0000\u0000\u0000\u0000\u0000\u0000\u0000\u0000\u0000\u0000\u0000\u0000\u0000\u0000\u0000\u0000\u0000\u0000\u0000\u0000\u0000\u0000\u0000\u0000\u0000\u0000\u0000\u0000\u0000\u0000\u0000\u0000\u0000\u0000\u0000\u0000\u0000\u0000\u0000\u0000\u0000\u0000\u0000\u0000\u0000\u0000\u0000\u0000\u0000\u0000\u0000\u0000\u0000\u0000\u0000\u0000\u0000\u0000\u0000\u0000\u0000\u0000\u0000\u0000\u0000\u0000\u0000\u0000\u0000\u0000\u0000\u0000\u0000\u0000\u0000\u0000\u0000\u0000\u0000\u0000\u0000\u0000\u00002016/02/05 22:15:56 Retrieved GoalState from Windows Azure Fabric.\r\n2016/02/05 22:15:56 ExpectedState: Started\r\n2016/02/05 22:15:56 ContainerId: 19a0fa52-26a9-4d90-9102-17e2fa0e4ac4\r\n2016/02/05 22:15:56 RoleInstanceId: 40493076-ac35-4b98-ad72-c55abced3fb2._xplatvm\r\n2016/02/05 22:15:57 Public cert with thumbprint: 1CFC1AB82C3A82A7CF23F392FCC9EF49F2607B0C was retrieved.\r\n2016/02/05 22:15:57 Posted Role Properties. CertificateThumbprint=74aeab038c4de6e82461393120330054\r\n2016/02/05 22:16:00 Finished processing ExtensionsConfig.xml\r\n\u0000\u0000\u0000\u0000\u0000\u0000\u0000\u0000\u0000\u0000\u0000\u0000\u0000\u0000\u0000\u0000\u0000\u0000\u0000\u0000\u0000\u0000\u0000\u0000\u0000\u0000\u0000\u0000\u0000\u0000\u0000\u0000\u0000\u0000\u0000\u0000\u0000\u0000\u0000\u0000\u0000\u0000\u0000\u0000\u0000\u0000\u0000\u0000\u0000\u0000\u0000\u0000\u0000\u0000\u0000\u0000\u0000\u0000\u0000\u0000\u0000\u0000\u0000\u0000\u0000\u0000\u0000\u0000\u0000\u0000\u0000\u0000\u0000\u0000\u0000\u0000\u0000\u0000\u0000\u0000\u0000\u0000\u0000\u0000\u0000\u0000\u0000\u0000\u0000\u0000\u0000\u0000\u0000\u0000\u0000\u0000\u0000\u0000\u0000\u0000\u0000\u0000\u0000\u0000\u0000\u0000\u0000\u0000\u0000\u0000\u0000\u0000\u0000\u0000\u0000\u0000\u0000\u0000\u0000\u0000\u0000\u0000\u0000\u0000\u0000\u0000\u0000\u0000\u0000\u0000\u0000\u0000\u0000\u0000\u0000\u0000\u0000\u0000\u0000\u0000\u0000\u0000\u0000\u0000\u0000\u0000\u0000\u0000\u0000\u0000\u0000\u0000\u0000\u0000\u0000\u0000\u0000\u0000\u0000\u0000\u0000\u0000\u0000\u0000\u0000\u0000\u0000\u0000\u0000\u0000\u0000\u0000\u0000\u0000\u0000\u0000\u0000\u0000\u0000\u0000\u0000\u0000\u0000\u0000\u0000\u0000\u0000\u0000\u0000\u0000\u0000\u0000\u0000\u0000\u0000\u0000\u0000\u0000\u0000\u0000\u0000\u0000\u0000\u0000\u0000\u0000\u0000\u0000\u0000\u0000\u0000\u0000\u0000\u0000\u0000\u0000\u0000\u0000\u0000\u0000\u0000\u0000\u0000\u0000\u0000\u0000\u0000\u0000\u0000\u0000\u0000\u0000\u0000\u0000\u0000\u0000\u0000\u0000\u0000\u0000\u0000\u0000\u0000\u0000\u0000\u0000\u0000\u0000\u0000\u0000\u0000\u0000\u0000\u0000\u0000\u0000\u0000\u0000\u0000\u0000\u0000\u0000\u0000\u0000\u0000\u0000\u0000\u0000\u0000\u0000\u0000\u0000\u0000\u0000\u0000\u0000\u0000\u0000\u0000\u0000\u0000\u0000\u0000\u0000\u0000\u0000\u0000\u0000\u0000\u0000\u0000\u0000\u0000\u0000\u0000\u0000\u0000\u0000\u0000\u0000\u0000\u0000\u0000\u0000\u0000\u0000\u0000\u0000\u0000\u0000\u0000\u0000\u0000\u0000\u0000\u0000\u0000\u0000\u0000\u0000\u0000\u0000\u0000\u0000\u0000\u0000\u0000\u0000\u0000\u0000\u0000\u0000\u0000\u0000\u0000\u0000\u0000\u0000\u0000\u0000\u0000\u0000\u0000\u0000\u0000\u0000\u0000\u0000\u0000\u0000\u0000\u0000\u0000\u0000\u0000\u0000\u0000\u0000\u0000\u0000\u0000\u0000\u0000\u0000\u0000\u0000\u0000\u0000\u0000\u0000\u0000\u0000\u0000\u0000\u0000\u0000\u0000\u0000\u0000\u0000\u0000\u0000\u0000\u0000\u0000\u0000\u0000\u0000\u0000\u0000\u0000\u0000\u0000\u0000\u0000\u0000\u0000\u0000\u0000\u0000\u0000\u0000\u0000\u0000\u0000\u0000\u0000\u0000\u0000\u0000\u0000\u0000\u0000\u0000\u0000\u0000\u0000\u0000\u0000\u0000\u0000\u0000\u0000\u0000\u0000\u0000\u0000\u0000\u0000\u0000\u0000\u0000\u0000\u0000\u0000\u0000\u0000\u0000\u0000\u0000\u0000\u0000\u0000\u0000\u0000\u0000\u0000\u0000\u0000\u0000\u0000\u0000\u0000\u0000\u0000\u0000\u0000\u0000\u0000\u0000\u0000\u0000\u0000\u0000\u0000\u0000\u0000\u0000\u0000\u0000\u0000\u0000\u0000\u0000\u0000\u0000\u0000\u0000\u0000\u0000\u0000\u0000\u0000\u0000\u0000\u0000\u0000\u0000\u0000\u0000", { 'content-length': '66048',
  'last-modified': 'Fri, 05 Feb 2016 22:16:18 GMT',
  'accept-ranges': 'bytes',
  etag: '"0x8D32E79F8A9FC7B"',
  server: 'Windows-Azure-Blob/1.0 Microsoft-HTTPAPI/2.0',
  'x-ms-request-id': '6912e569-0001-00da-5b63-60543d000000',
  'x-ms-version': '2015-02-21',
  'x-ms-lease-status': 'unlocked',
  'x-ms-lease-state': 'available',
  'x-ms-blob-type': 'PageBlob',
  'x-ms-blob-sequence-number': '0',
  date: 'Fri, 05 Feb 2016 22:19:05 GMT',
  connection: 'close' });
 return result; },
function (nock) { 
var result = 
nock('https://xplatteststorage17303.blob.core.windows.net:443')
  .get('/bootdiagnostics-xplatvm-ceaca1aa-93d2-4b7a-88f0-b2e2ff122b1e/xplatvm.ceaca1aa-93d2-4b7a-88f0-b2e2ff122b1e.serialconsole.log')
