// This file has been autogenerated.

var profile = require('../../../lib/util/profile');

exports.getMockedProfile = function () {
  var newProfile = new profile.Profile();

  newProfile.addSubscription(new profile.Subscription({
    id: 'e33f361b-53c2-4cc7-b829-78906708387b',
    managementCertificate: {
      key: 'mockedKey',
      cert: 'mockedCert'
    },
    name: 'Microsoft Azure Internal Consumption',
    user: {
      name: 'user@domain.example',
      type: 'servicePrincipal'
    },
    tenantId: '72f988bf-86f1-41af-91ab-2d7cd011db47',
    state: 'Enabled',
    registeredProviders: [],
    isDefault: true
  }, newProfile.environments['AzureCloud']));

  return newProfile;
};

exports.setEnvironment = function() {
  process.env['AZURE_VM_TEST_LOCATION'] = 'centralus';
  process.env['SSHCERT'] = 'test/myCert.pem';
};

exports.scopes = [[function (nock) { 
var result = 
nock('http://management.azure.com:443')
  .get('/subscriptions/e33f361b-53c2-4cc7-b829-78906708387b/resourceGroups/xplatTestGVMCreate8941/providers/Microsoft.Compute/virtualMachines/xplatvm?$expand=instanceView&api-version=2015-06-15')
  .reply(200, "{\r\n  \"properties\": {\r\n    \"vmId\": \"f64cfa3b-3a5a-4382-94a9-05d134e06f87\",\r\n    \"availabilitySet\": {\r\n      \"id\": \"/subscriptions/e33f361b-53c2-4cc7-b829-78906708387b/resourceGroups/xplatTestGVMCreate8941/providers/Microsoft.Compute/availabilitySets/XPLATTESTAAVAIL2488\"\r\n    },\r\n    \"hardwareProfile\": {\r\n      \"vmSize\": \"Standard_A1\"\r\n    },\r\n    \"storageProfile\": {\r\n      \"imageReference\": {\r\n        \"publisher\": \"canonical\",\r\n        \"offer\": \"UbuntuServer\",\r\n        \"sku\": \"15.10\",\r\n        \"version\": \"latest\"\r\n      },\r\n      \"osDisk\": {\r\n        \"osType\": \"Linux\",\r\n        \"name\": \"cli99fa033d6588df4b-os-1454956957778\",\r\n        \"createOption\": \"FromImage\",\r\n        \"vhd\": {\r\n          \"uri\": \"https://xplatteststorage15875.blob.core.windows.net/xplatteststoragecnt16241/cli99fa033d6588df4b-os-1454956957778.vhd\"\r\n        },\r\n        \"caching\": \"ReadWrite\"\r\n      },\r\n      \"dataDisks\": []\r\n    },\r\n    \"osProfile\": {\r\n      \"computerName\": \"xplatvm\",\r\n      \"adminUsername\": \"azureuser\",\r\n      \"linuxConfiguration\": {\r\n        \"disablePasswordAuthentication\": false,\r\n        \"ssh\": {\r\n          \"publicKeys\": [\r\n            {\r\n              \"path\": \"/home/azureuser/.ssh/authorized_keys\",\r\n              \"keyData\": \"MIID/zCCAuegAwIBAgIJAMUAa+XVLvAeMA0GCSqGSIb3DQEBBQUAMIGVMQswCQYD\\r\\nVQQGEwJJbjESMBAGA1UECAwJS2FybmF0YWthMRIwEAYDVQQHDAlCYW5nYWxvcmUx\\r\\nEDAOBgNVBAoMB2JyaWxsaW8xEjAQBgNVBAsMCW1pY3Jvc29mdDEQMA4GA1UEAwwH\\r\\nYnJpbGxpbzEmMCQGCSqGSIb3DQEJARYXc3JlZWthbnRoYnNAeWFob28uY28uaW4w\\r\\nHhcNMTUwMzA1MTE1MzEyWhcNMTYwMzA0MTE1MzEyWjCBlTELMAkGA1UEBhMCSW4x\\r\\nEjAQBgNVBAgMCUthcm5hdGFrYTESMBAGA1UEBwwJQmFuZ2Fsb3JlMRAwDgYDVQQK\\r\\nDAdicmlsbGlvMRIwEAYDVQQLDAltaWNyb3NvZnQxEDAOBgNVBAMMB2JyaWxsaW8x\\r\\nJjAkBgkqhkiG9w0BCQEWF3NyZWVrYW50aGJzQHlhaG9vLmNvLmluMIIBIjANBgkq\\r\\nhkiG9w0BAQEFAAOCAQ8AMIIBCgKCAQEAyUNKaOuT0NK+S8Ck81zy9xJ6hXfZvAC6\\r\\nlhbmf/6s/WVimJ/TX5NMhQJwC9k6ZIF92KfYrojHNvHDufSZ3EtKUVwRFCDjmgMT\\r\\nDL09WkGaZt7gROYFK0iZ4KrYGovUwlwum9fHB24OJiOV4bi0ek62/rHx9fjYZpvp\\r\\naIH2PV/hN8SCZ0x7HJMberD4gVoU/Kv42nNvwjLUW6IZfVx/Gv5OeFDtWHfSvUEF\\r\\ndadHKTPn3Ab20Iu6gZIbLO9Vuf38/IpaYGfnFCouHdzmiTiLieYNe3CUPcOJNSv7\\r\\n1G8KYpx3uNJRkJPab5OsRyJw75Gvzkr9OgaPss9tVD6Gt68u3WQtVQIDAQABo1Aw\\r\\nTjAdBgNVHQ4EFgQUogvhXB+xZ2JJPfLO6cVs4ForzscwHwYDVR0jBBgwFoAUogvh\\r\\nXB+xZ2JJPfLO6cVs4ForzscwDAYDVR0TBAUwAwEB/zANBgkqhkiG9w0BAQUFAAOC\\r\\nAQEAdDj7qUNJ45xlF5cjd+4x5NHvAD1VTjOKu+Xh/uzSSjXqB2F0aOMWA9lx0qaQ\\r\\noJgHkGxj3zz/W7ik/cVGL2O+vRIOKv/y0OPogEmS3Hw+P+O6OGE7x1G6YN0zLVoL\\r\\nu4BN/BEYmjttxM9I7qqL7C5cJoE+K3s/w1/pt/68ohJcr7F9Ohi7cso62xuGY1Rm\\r\\nksAh2EUDsU9JV/P+C9AMpLSrb03JJYzVj4w1RHbrmw2AjFyGXdQYkggyXisg+Ifr\\r\\n5gbNN7HigpHf7b2i3CQBUqp9m23frh5AhnLI2qp3UXgc52U5ieLdi/t6j0TTZqqY\\r\\nHhHqofKrj938HHlBNpC5/LVh3w==\\r\\n\"\r\n            }\r\n          ]\r\n        }\r\n      },\r\n      \"secrets\": []\r\n    },\r\n    \"networkProfile\": {\"networkInterfaces\":[{\"id\":\"/subscriptions/e33f361b-53c2-4cc7-b829-78906708387b/resourceGroups/xplatTestGVMCreate8941/providers/Microsoft.Network/networkInterfaces/xplattestnic\"}]},\r\n    \"diagnosticsProfile\": {\r\n      \"bootDiagnostics\": {\r\n        \"enabled\": true,\r\n        \"storageUri\": \"https://xplatteststorage15875.blob.core.windows.net/\"\r\n      }\r\n    },\r\n    \"provisioningState\": \"Succeeded\",\r\n    \"instanceView\": {\r\n      \"platformUpdateDomain\": 0,\r\n      \"platformFaultDomain\": 0,\r\n      \"vmAgent\": {\r\n        \"vmAgentVersion\": \"2.1.2\",\r\n        \"statuses\": [\r\n          {\r\n            \"code\": \"ProvisioningState/succeeded\",\r\n            \"level\": \"Info\",\r\n            \"displayStatus\": \"Ready\",\r\n            \"message\": \"Guest Agent is running\",\r\n            \"time\": \"2016-02-08T19:01:35+00:00\"\r\n          }\r\n        ],\r\n        \"extensionHandlers\": []\r\n      },\r\n      \"disks\": [\r\n        {\r\n          \"name\": \"cli99fa033d6588df4b-os-1454956957778\",\r\n          \"statuses\": [\r\n            {\r\n              \"code\": \"ProvisioningState/succeeded\",\r\n              \"level\": \"Info\",\r\n              \"displayStatus\": \"Provisioning succeeded\",\r\n              \"time\": \"2016-02-08T18:42:47.0347146+00:00\"\r\n            }\r\n          ]\r\n        }\r\n      ],\r\n      \"bootDiagnostics\": {\r\n        \"consoleScreenshotBlobUri\": \"https://xplatteststorage15875.blob.core.windows.net/bootdiagnostics-xplatvm-f64cfa3b-3a5a-4382-94a9-05d134e06f87/xplatvm.f64cfa3b-3a5a-4382-94a9-05d134e06f87.screenshot.bmp\",\r\n        \"serialConsoleLogBlobUri\": \"https://xplatteststorage15875.blob.core.windows.net/bootdiagnostics-xplatvm-f64cfa3b-3a5a-4382-94a9-05d134e06f87/xplatvm.f64cfa3b-3a5a-4382-94a9-05d134e06f87.serialconsole.log\"\r\n      },\r\n      \"statuses\": [\r\n        {\r\n          \"code\": \"ProvisioningState/succeeded\",\r\n          \"level\": \"Info\",\r\n          \"displayStatus\": \"Provisioning succeeded\",\r\n          \"time\": \"2016-02-08T18:47:29.3821304+00:00\"\r\n        },\r\n        {\r\n          \"code\": \"PowerState/running\",\r\n          \"level\": \"Info\",\r\n          \"displayStatus\": \"VM running\"\r\n        }\r\n      ]\r\n    }\r\n  },\r\n  \"id\": \"/subscriptions/e33f361b-53c2-4cc7-b829-78906708387b/resourceGroups/xplatTestGVMCreate8941/providers/Microsoft.Compute/virtualMachines/xplatvm\",\r\n  \"name\": \"xplatvm\",\r\n  \"type\": \"Microsoft.Compute/virtualMachines\",\r\n  \"location\": \"centralus\",\r\n  \"tags\": {\r\n    \"a\": \"b\",\r\n    \"b\": \"c\",\r\n    \"d\": \"\"\r\n  }\r\n}", { 'cache-control': 'no-cache',
  pragma: 'no-cache',
  'content-length': '5210',
  'content-type': 'application/json; charset=utf-8',
  expires: '-1',
  'strict-transport-security': 'max-age=31536000; includeSubDomains',
  'x-ms-served-by': '8b389b8b-027e-46fa-beac-7bb15adb1e3b_130987250828290207',
  'x-ms-request-id': '3611a59d-1e42-459c-9a4a-8e9897a1b9c0',
  server: 'Microsoft-HTTPAPI/2.0, Microsoft-HTTPAPI/2.0',
  'x-ms-ratelimit-remaining-subscription-reads': '14998',
  'x-ms-correlation-request-id': '4beb95ff-d8a9-4f83-a224-e36c0bf74b5e',
  'x-ms-routing-request-id': 'CENTRALUS:20160208T190146Z:4beb95ff-d8a9-4f83-a224-e36c0bf74b5e',
  date: 'Mon, 08 Feb 2016 19:01:46 GMT',
  connection: 'close' });
 return result; },
function (nock) { 
var result = 
nock('https://management.azure.com:443')
  .get('/subscriptions/e33f361b-53c2-4cc7-b829-78906708387b/resourceGroups/xplatTestGVMCreate8941/providers/Microsoft.Compute/virtualMachines/xplatvm?$expand=instanceView&api-version=2015-06-15')
  .reply(200, "{\r\n  \"properties\": {\r\n    \"vmId\": \"f64cfa3b-3a5a-4382-94a9-05d134e06f87\",\r\n    \"availabilitySet\": {\r\n      \"id\": \"/subscriptions/e33f361b-53c2-4cc7-b829-78906708387b/resourceGroups/xplatTestGVMCreate8941/providers/Microsoft.Compute/availabilitySets/XPLATTESTAAVAIL2488\"\r\n    },\r\n    \"hardwareProfile\": {\r\n      \"vmSize\": \"Standard_A1\"\r\n    },\r\n    \"storageProfile\": {\r\n      \"imageReference\": {\r\n        \"publisher\": \"canonical\",\r\n        \"offer\": \"UbuntuServer\",\r\n        \"sku\": \"15.10\",\r\n        \"version\": \"latest\"\r\n      },\r\n      \"osDisk\": {\r\n        \"osType\": \"Linux\",\r\n        \"name\": \"cli99fa033d6588df4b-os-1454956957778\",\r\n        \"createOption\": \"FromImage\",\r\n        \"vhd\": {\r\n          \"uri\": \"https://xplatteststorage15875.blob.core.windows.net/xplatteststoragecnt16241/cli99fa033d6588df4b-os-1454956957778.vhd\"\r\n        },\r\n        \"caching\": \"ReadWrite\"\r\n      },\r\n      \"dataDisks\": []\r\n    },\r\n    \"osProfile\": {\r\n      \"computerName\": \"xplatvm\",\r\n      \"adminUsername\": \"azureuser\",\r\n      \"linuxConfiguration\": {\r\n        \"disablePasswordAuthentication\": false,\r\n        \"ssh\": {\r\n          \"publicKeys\": [\r\n            {\r\n              \"path\": \"/home/azureuser/.ssh/authorized_keys\",\r\n              \"keyData\": \"MIID/zCCAuegAwIBAgIJAMUAa+XVLvAeMA0GCSqGSIb3DQEBBQUAMIGVMQswCQYD\\r\\nVQQGEwJJbjESMBAGA1UECAwJS2FybmF0YWthMRIwEAYDVQQHDAlCYW5nYWxvcmUx\\r\\nEDAOBgNVBAoMB2JyaWxsaW8xEjAQBgNVBAsMCW1pY3Jvc29mdDEQMA4GA1UEAwwH\\r\\nYnJpbGxpbzEmMCQGCSqGSIb3DQEJARYXc3JlZWthbnRoYnNAeWFob28uY28uaW4w\\r\\nHhcNMTUwMzA1MTE1MzEyWhcNMTYwMzA0MTE1MzEyWjCBlTELMAkGA1UEBhMCSW4x\\r\\nEjAQBgNVBAgMCUthcm5hdGFrYTESMBAGA1UEBwwJQmFuZ2Fsb3JlMRAwDgYDVQQK\\r\\nDAdicmlsbGlvMRIwEAYDVQQLDAltaWNyb3NvZnQxEDAOBgNVBAMMB2JyaWxsaW8x\\r\\nJjAkBgkqhkiG9w0BCQEWF3NyZWVrYW50aGJzQHlhaG9vLmNvLmluMIIBIjANBgkq\\r\\nhkiG9w0BAQEFAAOCAQ8AMIIBCgKCAQEAyUNKaOuT0NK+S8Ck81zy9xJ6hXfZvAC6\\r\\nlhbmf/6s/WVimJ/TX5NMhQJwC9k6ZIF92KfYrojHNvHDufSZ3EtKUVwRFCDjmgMT\\r\\nDL09WkGaZt7gROYFK0iZ4KrYGovUwlwum9fHB24OJiOV4bi0ek62/rHx9fjYZpvp\\r\\naIH2PV/hN8SCZ0x7HJMberD4gVoU/Kv42nNvwjLUW6IZfVx/Gv5OeFDtWHfSvUEF\\r\\ndadHKTPn3Ab20Iu6gZIbLO9Vuf38/IpaYGfnFCouHdzmiTiLieYNe3CUPcOJNSv7\\r\\n1G8KYpx3uNJRkJPab5OsRyJw75Gvzkr9OgaPss9tVD6Gt68u3WQtVQIDAQABo1Aw\\r\\nTjAdBgNVHQ4EFgQUogvhXB+xZ2JJPfLO6cVs4ForzscwHwYDVR0jBBgwFoAUogvh\\r\\nXB+xZ2JJPfLO6cVs4ForzscwDAYDVR0TBAUwAwEB/zANBgkqhkiG9w0BAQUFAAOC\\r\\nAQEAdDj7qUNJ45xlF5cjd+4x5NHvAD1VTjOKu+Xh/uzSSjXqB2F0aOMWA9lx0qaQ\\r\\noJgHkGxj3zz/W7ik/cVGL2O+vRIOKv/y0OPogEmS3Hw+P+O6OGE7x1G6YN0zLVoL\\r\\nu4BN/BEYmjttxM9I7qqL7C5cJoE+K3s/w1/pt/68ohJcr7F9Ohi7cso62xuGY1Rm\\r\\nksAh2EUDsU9JV/P+C9AMpLSrb03JJYzVj4w1RHbrmw2AjFyGXdQYkggyXisg+Ifr\\r\\n5gbNN7HigpHf7b2i3CQBUqp9m23frh5AhnLI2qp3UXgc52U5ieLdi/t6j0TTZqqY\\r\\nHhHqofKrj938HHlBNpC5/LVh3w==\\r\\n\"\r\n            }\r\n          ]\r\n        }\r\n      },\r\n      \"secrets\": []\r\n    },\r\n    \"networkProfile\": {\"networkInterfaces\":[{\"id\":\"/subscriptions/e33f361b-53c2-4cc7-b829-78906708387b/resourceGroups/xplatTestGVMCreate8941/providers/Microsoft.Network/networkInterfaces/xplattestnic\"}]},\r\n    \"diagnosticsProfile\": {\r\n      \"bootDiagnostics\": {\r\n        \"enabled\": true,\r\n        \"storageUri\": \"https://xplatteststorage15875.blob.core.windows.net/\"\r\n      }\r\n    },\r\n    \"provisioningState\": \"Succeeded\",\r\n    \"instanceView\": {\r\n      \"platformUpdateDomain\": 0,\r\n      \"platformFaultDomain\": 0,\r\n      \"vmAgent\": {\r\n        \"vmAgentVersion\": \"2.1.2\",\r\n        \"statuses\": [\r\n          {\r\n            \"code\": \"ProvisioningState/succeeded\",\r\n            \"level\": \"Info\",\r\n            \"displayStatus\": \"Ready\",\r\n            \"message\": \"Guest Agent is running\",\r\n            \"time\": \"2016-02-08T19:01:35+00:00\"\r\n          }\r\n        ],\r\n        \"extensionHandlers\": []\r\n      },\r\n      \"disks\": [\r\n        {\r\n          \"name\": \"cli99fa033d6588df4b-os-1454956957778\",\r\n          \"statuses\": [\r\n            {\r\n              \"code\": \"ProvisioningState/succeeded\",\r\n              \"level\": \"Info\",\r\n              \"displayStatus\": \"Provisioning succeeded\",\r\n              \"time\": \"2016-02-08T18:42:47.0347146+00:00\"\r\n            }\r\n          ]\r\n        }\r\n      ],\r\n      \"bootDiagnostics\": {\r\n        \"consoleScreenshotBlobUri\": \"https://xplatteststorage15875.blob.core.windows.net/bootdiagnostics-xplatvm-f64cfa3b-3a5a-4382-94a9-05d134e06f87/xplatvm.f64cfa3b-3a5a-4382-94a9-05d134e06f87.screenshot.bmp\",\r\n        \"serialConsoleLogBlobUri\": \"https://xplatteststorage15875.blob.core.windows.net/bootdiagnostics-xplatvm-f64cfa3b-3a5a-4382-94a9-05d134e06f87/xplatvm.f64cfa3b-3a5a-4382-94a9-05d134e06f87.serialconsole.log\"\r\n      },\r\n      \"statuses\": [\r\n        {\r\n          \"code\": \"ProvisioningState/succeeded\",\r\n          \"level\": \"Info\",\r\n          \"displayStatus\": \"Provisioning succeeded\",\r\n          \"time\": \"2016-02-08T18:47:29.3821304+00:00\"\r\n        },\r\n        {\r\n          \"code\": \"PowerState/running\",\r\n          \"level\": \"Info\",\r\n          \"displayStatus\": \"VM running\"\r\n        }\r\n      ]\r\n    }\r\n  },\r\n  \"id\": \"/subscriptions/e33f361b-53c2-4cc7-b829-78906708387b/resourceGroups/xplatTestGVMCreate8941/providers/Microsoft.Compute/virtualMachines/xplatvm\",\r\n  \"name\": \"xplatvm\",\r\n  \"type\": \"Microsoft.Compute/virtualMachines\",\r\n  \"location\": \"centralus\",\r\n  \"tags\": {\r\n    \"a\": \"b\",\r\n    \"b\": \"c\",\r\n    \"d\": \"\"\r\n  }\r\n}", { 'cache-control': 'no-cache',
  pragma: 'no-cache',
  'content-length': '5210',
  'content-type': 'application/json; charset=utf-8',
  expires: '-1',
  'strict-transport-security': 'max-age=31536000; includeSubDomains',
  'x-ms-served-by': '8b389b8b-027e-46fa-beac-7bb15adb1e3b_130987250828290207',
  'x-ms-request-id': '3611a59d-1e42-459c-9a4a-8e9897a1b9c0',
  server: 'Microsoft-HTTPAPI/2.0, Microsoft-HTTPAPI/2.0',
  'x-ms-ratelimit-remaining-subscription-reads': '14998',
  'x-ms-correlation-request-id': '4beb95ff-d8a9-4f83-a224-e36c0bf74b5e',
  'x-ms-routing-request-id': 'CENTRALUS:20160208T190146Z:4beb95ff-d8a9-4f83-a224-e36c0bf74b5e',
  date: 'Mon, 08 Feb 2016 19:01:46 GMT',
  connection: 'close' });
 return result; },
function (nock) { 
var result = 
nock('http://management.azure.com:443')
  .post('/subscriptions/e33f361b-53c2-4cc7-b829-78906708387b/resourceGroups/xplatTestGVMCreate8941/providers/Microsoft.Storage/storageAccounts/xplatteststorage15875/listKeys?api-version=2015-06-15')
  .reply(200, "{\"key1\":\"2RDcwvvd4uQi6m9AsQCAqL3wbPG7i0HrpSE8iCmA/DH7DOvHE+UXFwlqZ4BF6VkvFkFnCtCq4h/N01prqyzcEA==\",\"key2\":\"AM6e2Tqu+TWFc8jxJwCxn09BAsx21FS7oKCjsJ6jD/7ex9MgN7c/KBy5GccnXljOmPjT9JtgnPR39e2D82MW0g==\"}\n", { 'cache-control': 'no-cache',
  pragma: 'no-cache',
  'content-length': '198',
  'content-type': 'application/json',
  expires: '-1',
  'x-ms-request-id': 'e31aca25-048d-407d-9cf7-0428df897ca3',
  server: 'Microsoft-Azure-Storage-Resource-Provider/1.0, Microsoft-HTTPAPI/2.0',
  'x-ms-ratelimit-remaining-subscription-writes': '1199',
  'x-ms-correlation-request-id': 'e31aca25-048d-407d-9cf7-0428df897ca3',
  'x-ms-routing-request-id': 'CENTRALUS:20160208T190147Z:e31aca25-048d-407d-9cf7-0428df897ca3',
  'strict-transport-security': 'max-age=31536000; includeSubDomains',
  date: 'Mon, 08 Feb 2016 19:01:47 GMT',
  connection: 'close' });
 return result; },
function (nock) { 
var result = 
nock('https://management.azure.com:443')
  .post('/subscriptions/e33f361b-53c2-4cc7-b829-78906708387b/resourceGroups/xplatTestGVMCreate8941/providers/Microsoft.Storage/storageAccounts/xplatteststorage15875/listKeys?api-version=2015-06-15')
  .reply(200, "{\"key1\":\"2RDcwvvd4uQi6m9AsQCAqL3wbPG7i0HrpSE8iCmA/DH7DOvHE+UXFwlqZ4BF6VkvFkFnCtCq4h/N01prqyzcEA==\",\"key2\":\"AM6e2Tqu+TWFc8jxJwCxn09BAsx21FS7oKCjsJ6jD/7ex9MgN7c/KBy5GccnXljOmPjT9JtgnPR39e2D82MW0g==\"}\n", { 'cache-control': 'no-cache',
  pragma: 'no-cache',
  'content-length': '198',
  'content-type': 'application/json',
  expires: '-1',
  'x-ms-request-id': 'e31aca25-048d-407d-9cf7-0428df897ca3',
  server: 'Microsoft-Azure-Storage-Resource-Provider/1.0, Microsoft-HTTPAPI/2.0',
  'x-ms-ratelimit-remaining-subscription-writes': '1199',
  'x-ms-correlation-request-id': 'e31aca25-048d-407d-9cf7-0428df897ca3',
  'x-ms-routing-request-id': 'CENTRALUS:20160208T190147Z:e31aca25-048d-407d-9cf7-0428df897ca3',
  'strict-transport-security': 'max-age=31536000; includeSubDomains',
  date: 'Mon, 08 Feb 2016 19:01:47 GMT',
  connection: 'close' });
 return result; },
function (nock) { 
var result = 
nock('http://xplatteststorage15875.blob.core.windows.net:443')
  .head('/bootdiagnostics-xplatvm-f64cfa3b-3a5a-4382-94a9-05d134e06f87/xplatvm.f64cfa3b-3a5a-4382-94a9-05d134e06f87.serialconsole.log')
  .reply(200, "", { 'content-length': '66048',
  'last-modified': 'Mon, 08 Feb 2016 19:00:30 GMT',
  'accept-ranges': 'bytes',
  etag: '"0x8D330BA1D4D462C"',
  server: 'Windows-Azure-Blob/1.0 Microsoft-HTTPAPI/2.0',
  'x-ms-request-id': 'fe65ec87-0001-00f5-01a3-62d507000000',
  'x-ms-version': '2015-02-21',
  'x-ms-lease-status': 'unlocked',
  'x-ms-lease-state': 'available',
  'x-ms-blob-type': 'PageBlob',
  'x-ms-blob-sequence-number': '0',
  date: 'Mon, 08 Feb 2016 19:01:47 GMT',
  connection: 'close' });
 return result; },
function (nock) { 
var result = 
nock('https://xplatteststorage15875.blob.core.windows.net:443')
  .head('/bootdiagnostics-xplatvm-f64cfa3b-3a5a-4382-94a9-05d134e06f87/xplatvm.f64cfa3b-3a5a-4382-94a9-05d134e06f87.serialconsole.log')
  .reply(200, "", { 'content-length': '66048',
  'last-modified': 'Mon, 08 Feb 2016 19:00:30 GMT',
  'accept-ranges': 'bytes',
  etag: '"0x8D330BA1D4D462C"',
  server: 'Windows-Azure-Blob/1.0 Microsoft-HTTPAPI/2.0',
  'x-ms-request-id': 'fe65ec87-0001-00f5-01a3-62d507000000',
  'x-ms-version': '2015-02-21',
  'x-ms-lease-status': 'unlocked',
  'x-ms-lease-state': 'available',
  'x-ms-blob-type': 'PageBlob',
  'x-ms-blob-sequence-number': '0',
  date: 'Mon, 08 Feb 2016 19:01:47 GMT',
  connection: 'close' });
 return result; },
function (nock) { 
var result = 
nock('http://xplatteststorage15875.blob.core.windows.net:443')
  .get('/bootdiagnostics-xplatvm-f64cfa3b-3a5a-4382-94a9-05d134e06f87/xplatvm.f64cfa3b-3a5a-4382-94a9-05d134e06f87.serialconsole.log')
  .reply(200, "[H\u001b[J\u001b[1;1H[H\u001b[J\u001b[1;1H[    0.000000] Initializing cgroup subsys cpuset\r\n[    0.000000] Initializing cgroup subsys cpu\r\n[    0.000000] Initializing cgroup subsys cpuacct\r\n[    0.000000] Linux version 4.2.0-27-generic (buildd@lgw01-12) (gcc version 5.2.1 20151010 (Ubuntu 5.2.1-22ubuntu2) ) #32-Ubuntu SMP Fri Jan 22 04:49:08 UTC 2016 (Ubuntu 4.2.0-27.32-generic 4.2.8-ckt1)\r\n[    0.000000] Command line: BOOT_IMAGE=/boot/vmlinuz-4.2.0-27-generic root=UUID=00dbac90-0d84-46e7-b813-31837bb7b225 ro console=tty1 console=ttyS0 earlyprintk=ttyS0 rootdelay=300\r\n[    0.000000] KERNEL supported cpus:\r\n[    0.000000]   Intel GenuineIntel\r\n[    0.000000]   AMD AuthenticAMD\r\n[    0.000000]   Centaur CentaurHauls\r\n[    0.000000] x86/fpu: xstate_offset[2]: 0240, xstate_sizes[2]: 0100\r\n[    0.000000] x86/fpu: Supporting XSAVE feature 0x01: 'x87 floating point registers'\r\n[    0.000000] x86/fpu: Supporting XSAVE feature 0x02: 'SSE registers'\r\n[    0.000000] x86/fpu: Supporting XSAVE feature 0x04: 'AVX registers'\r\n[    0.000000] x86/fpu: Enabled xstate features 0x7, context size is 0x340 bytes, using 'standard' format.\r\n[    0.000000] x86/fpu: Using 'eager' FPU context switches.\r\n[    0.000000] e820: BIOS-provided physical RAM map:\r\n[    0.000000] BIOS-e820: [mem 0x0000000000000000-0x000000000009fbff] usable\r\n[    0.000000] BIOS-e820: [mem 0x000000000009fc00-0x000000000009ffff] reserved\r\n[    0.000000] BIOS-e820: [mem 0x00000000000e0000-0x00000000000fffff] reserved\r\n[    0.000000] BIOS-e820: [mem 0x0000000000100000-0x000000001ffeffff] usable\r\n[    0.000000] BIOS-e820: [mem 0x000000001fff0000-0x000000001fffefff] ACPI data\r\n[    0.000000] BIOS-e820: [mem 0x000000001ffff000-0x000000001fffffff] ACPI NVS\r\n[    0.000000] BIOS-e820: [mem 0x0000000100000000-0x000000014fffffff] usable\r\n[    0.000000] bootconsole [earlyser0] enabled\r\n[    0.000000] NX (Execute Disable) protection: active\r\n[    0.000000] SMBIOS 2.3 present.\r\n[    0.000000] Hypervisor detected: Microsoft HyperV\r\n[    0.000000] HyperV: features 0xe7f, hints 0x2c\r\n[    0.000000] HyperV: LAPIC Timer Frequency: 0xc3500\r\n[    0.000000] clocksource: hyperv_clocksource: mask: 0xffffffffffffffff max_cycles: 0x24e6a1710, max_idle_ns: 440795202120 ns\r\n[    0.000000] tsc: Marking TSC unstable due to running on Hyper-V\r\n[    0.000000] e820: last_pfn = 0x150000 max_arch_pfn = 0x400000000\r\n[    0.000000] x86/PAT: Configuration [0-7]: WB  WC  UC- UC  WB  WC  UC- WT  \r\n[    0.000000] e820: last_pfn = 0x1fff0 max_arch_pfn = 0x400000000\r\n[    0.000000] found SMP MP-table at [mem 0x000ff780-0x000ff78f] mapped at [ffff8800000ff780]\r\n[    0.000000] Scanning 1 areas for low memory corruption\r\n[    0.000000] init_memory_mapping: [mem 0x00000000-0x000fffff]\r\n[    0.000000] init_memory_mapping: [mem 0x14fe00000-0x14fffffff]\r\n[    0.000000] init_memory_mapping: [mem 0x140000000-0x14fdfffff]\r\n[    0.000000] init_memory_mapping: [mem 0x120000000-0x13fffffff]\r\n[    0.000000] init_memory_mapping: [mem 0x00100000-0x1ffeffff]\r\n[    0.000000] init_memory_mapping: [mem 0x100000000-0x11fffffff]\r\n[    0.000000] RAMDISK: [mem 0x1d9ee000-0x1f7b1fff]\r\n[    0.000000] ACPI: Early table checksum verification disabled\r\n[    0.000000] ACPI: RSDP 0x00000000000F56F0 000014 (v00 ACPIAM)\r\n[    0.000000] ACPI: RSDT 0x000000001FFF0000 000040 (v01 VRTUAL MICROSFT 05001223 MSFT 00000097)\r\n[    0.000000] ACPI: FACP 0x000000001FFF0200 000081 (v02 VRTUAL MICROSFT 05001223 MSFT 00000097)\r\n[    0.000000] ACPI: DSDT 0x000000001FFF1724 002E78 (v01 MSFTVM MSFTVM02 00000002 INTL 02002026)\r\n[    0.000000] ACPI: FACS 0x000000001FFFF000 000040\r\n[    0.000000] ACPI: WAET 0x000000001FFF1480 000028 (v01 VRTUAL MICROSFT 05001223 MSFT 00000097)\r\n[    0.000000] ACPI: SLIC 0x000000001FFF14C0 000176 (v01 VRTUAL MICROSFT 05001223 MSFT 00000097)\r\n[    0.000000] ACPI: OEM0 0x000000001FFF16C0 000064 (v01 VRTUAL MICROSFT 05001223 MSFT 00000097)\r\n[    0.000000] ACPI: SRAT 0x000000001FFF0600 000090 (v02 VRTUAL MICROSFT 00000001 MSFT 00000001)\r\n[    0.000000] ACPI: APIC 0x000000001FFF0300 00024C (v01 VRTUAL MICROSFT 05001223 MSFT 00000097)\r\n[    0.000000] ACPI: OEMB 0x000000001FFFF040 000064 (v01 VRTUAL MICROSFT 05001223 MSFT 00000097)\r\n[    0.000000] SRAT: PXM 0 -> APIC 0x00 -> Node 0\r\n[    0.000000] SRAT: Node 0 PXM 0 [mem 0x00000000-0x1fffffff]\r\n[    0.000000] SRAT: Node 0 PXM 0 [mem 0x100000000-0x14fffffff]\r\n[    0.000000] NUMA: Node 0 [mem 0x00000000-0x1fffffff] + [mem 0x100000000-0x14fffffff] -> [mem 0x00000000-0x14fffffff]\r\n[    0.000000] NODE_DATA(0) allocated [mem 0x14fffa000-0x14fffefff]\r\n[    0.000000] Zone ranges:\r\n[    0.000000]   DMA      [mem 0x0000000000001000-0x0000000000ffffff]\r\n[    0.000000]   DMA32    [mem 0x0000000001000000-0x00000000ffffffff]\r\n[    0.000000]   Normal   [mem 0x0000000100000000-0x000000014fffffff]\r\n[    0.000000] Movable zone start for each node\r\n[    0.000000] Early memory node ranges\r\n[    0.000000]   node   0: [mem 0x0000000000001000-0x000000000009efff]\r\n[    0.000000]   node   0: [mem 0x0000000000100000-0x000000001ffeffff]\r\n[    0.000000]   node   0: [mem 0x0000000100000000-0x000000014fffffff]\r\n[    0.000000] Initmem setup node 0 [mem 0x0000000000001000-0x000000014fffffff]\r\n[    0.000000] ACPI: PM-Timer IO Port: 0x408\r\n[    0.000000] IOAPIC[0]: apic_id 0, version 17, address 0xfec00000, GSI 0-23\r\n[    0.000000] ACPI: INT_SRC_OVR (bus 0 bus_irq 0 global_irq 2 dfl dfl)\r\n[    0.000000] ACPI: INT_SRC_OVR (bus 0 bus_irq 9 global_irq 9 high level)\r\n[    0.000000] Using ACPI (MADT) for SMP configuration information\r\n[    0.000000] smpboot: Allowing 64 CPUs, 63 hotplug CPUs\r\n[    0.000000] PM: Registered nosave memory: [mem 0x00000000-0x00000fff]\r\n[    0.000000] PM: Registered nosave memory: [mem 0x0009f000-0x0009ffff]\r\n[    0.000000] PM: Registered nosave memory: [mem 0x000a0000-0x000dffff]\r\n[    0.000000] PM: Registered nosave memory: [mem 0x000e0000-0x000fffff]\r\n[    0.000000] PM: Registered nosave memory: [mem 0x1fff0000-0x1fffefff]\r\n[    0.000000] PM: Registered nosave memory: [mem 0x1ffff000-0x1fffffff]\r\n[    0.000000] PM: Registered nosave memory: [mem 0x20000000-0xffffffff]\r\n[    0.000000] e820: [mem 0x20000000-0xffffffff] available for PCI devices\r\n[    0.000000] Booting paravirtualized kernel on bare hardware\r\n[    0.000000] clocksource: refined-jiffies: mask: 0xffffffff max_cycles: 0xffffffff, max_idle_ns: 7645519600211568 ns\r\n[    0.000000] setup_percpu: NR_CPUS:256 nr_cpumask_bits:256 nr_cpu_ids:64 nr_node_ids:1\r\n[    0.000000] PERCPU: Embedded 33 pages/cpu @ffff88014ca00000 s96728 r8192 d30248 u262144\r\n[    0.000000] Built 1 zonelists in Node order, mobility grouping on.  Total pages: 451449\r\n[    0.000000] Policy zone: Normal\r\n[    0.000000] Kernel command line: BOOT_IMAGE=/boot/vmlinuz-4.2.0-27-generic root=UUID=00dbac90-0d84-46e7-b813-31837bb7b225 ro console=tty1 console=ttyS0 earlyprintk=ttyS0 rootdelay=300\r\n[    0.000000] log_buf_len individual max cpu contribution: 4096 bytes\r\n[    0.000000] log_buf_len total cpu_extra contributions: 258048 bytes\r\n[    0.000000] log_buf_len min size: 262144 bytes\r\n[    0.000000] log_buf_len: 524288 bytes\r\n[    0.000000] early log buf free: 252288(96%)\r\n[    0.000000] PID hash table entries: 4096 (order: 3, 32768 bytes)\r\n[    0.000000] Memory: 1683688K/1834552K available (8154K kernel code, 1238K rwdata, 3804K rodata, 1460K init, 1292K bss, 150864K reserved, 0K cma-reserved)\r\n[    0.000000] SLUB: HWalign=64, Order=0-3, MinObjects=0, CPUs=64, Nodes=1\r\n[    0.000000] Hierarchical RCU implementation.\r\n[    0.000000] \tBuild-time adjustment of leaf fanout to 64.\r\n[    0.000000] \tRCU restricting CPUs from NR_CPUS=256 to nr_cpu_ids=64.\r\n[    0.000000] RCU: Adjusting geometry for rcu_fanout_leaf=64, nr_cpu_ids=64\r\n[    0.000000] NR_IRQS:16640 nr_irqs:936 16\r\n[    0.000000] \tOffload RCU callbacks from all CPUs\r\n[    0.000000] \tOffload RCU callbacks from CPUs: 0-63.\r\n[    0.000000] Console: colour VGA+ 80x25\r\n[    0.000000] console [tty1] enabled\r\n[    0.000000] console [ttyS0] enabled\r\n[    0.000000] console [ttyS0] enabled\r\n[    0.000000] bootconsole [earlyser0] disabled\r\n[    0.000000] bootconsole [earlyser0] disabled\r\n[    0.000000] tsc: Unable to calibrate against PIT\r\n[    0.000000] tsc: using PMTIMER reference calibration\r\n[    0.000000] tsc: Detected 2397.184 MHz processor\r\n[    0.016026] Calibrating delay loop (skipped), value calculated using timer frequency.. 4794.36 BogoMIPS (lpj=9588736)\r\n[    0.018214] pid_max: default: 65536 minimum: 512\r\n[    0.019299] ACPI: Core revision 20150619\r\n[    0.021371] ACPI: All ACPI Tables successfully acquired\r\n[    0.024088] Security Framework initialized\r\n[    0.025197] AppArmor: AppArmor initialized\r\n[    0.026242] Yama: becoming mindful.\r\n[    0.027451] Dentry cache hash table entries: 262144 (order: 9, 2097152 bytes)\r\n[    0.028355] Inode-cache hash table entries: 131072 (order: 8, 1048576 bytes)\r\n[    0.029796] Mount-cache hash table entries: 4096 (order: 3, 32768 bytes)\r\n[    0.032019] Mountpoint-cache hash table entries: 4096 (order: 3, 32768 bytes)\r\n[    0.033483] Initializing cgroup subsys blkio\r\n[    0.036017] Initializing cgroup subsys memory\r\n[    0.037011] Initializing cgroup subsys devices\r\n[    0.038016] Initializing cgroup subsys freezer\r\n[    0.039188] Initializing cgroup subsys net_cls\r\n[    0.040016] Initializing cgroup subsys perf_event\r\n[    0.041070] Initializing cgroup subsys net_prio\r\n[    0.044016] Initializing cgroup subsys hugetlb\r\n[    0.046067] mce: CPU supports 1 MCE banks\r\n[    0.047171] Last level iTLB entries: 4KB 1024, 2MB 1024, 4MB 1024\r\n[    0.048013] Last level dTLB entries: 4KB 1024, 2MB 1024, 4MB 1024, 1GB 4\r\n[    0.076252] ftrace: allocating 30933 entries in 121 pages\r\n[    0.092128] Switched APIC routing to physical flat.\r\n[    0.102510] ..TIMER: vector=0x30 apic1=0 pin1=2 apic2=-1 pin2=-1\r\n[    0.104075] smpboot: CPU0: Intel(R) Xeon(R) CPU E5-2673 v3 @ 2.40GHz (fam: 06, model: 3f, stepping: 02)\r\n[    0.120029] Performance Events: unsupported p6 CPU model 63 no PMU driver, software events only.\r\n[    0.136729] x86: Booted up 1 node, 1 CPUs\r\n[    0.140003] smpboot: Total of 1 processors activated (4794.36 BogoMIPS)\r\n[    0.144007] NMI watchdog: disabled (cpu0): hardware events not enabled\r\n[    0.148009] NMI watchdog: Shutting down hard lockup detector on all cpus\r\n[    0.156372] devtmpfs: initialized\r\n[    0.161972] evm: security.selinux\r\n[    0.164003] evm: security.SMACK64\r\n[    0.168002] evm: security.SMACK64EXEC\r\n[    0.172002] evm: security.SMACK64TRANSMUTE\r\n[    0.176002] evm: security.SMACK64MMAP\r\n[    0.180005] evm: security.ima\r\n[    0.184001] evm: security.capability\r\n[    0.188103] PM: Registering ACPI NVS region [mem 0x1ffff000-0x1fffffff] (4096 bytes)\r\n[    0.192111] clocksource: jiffies: mask: 0xffffffff max_cycles: 0xffffffff, max_idle_ns: 7645041785100000 ns\r\n[    0.196186] pinctrl core: initialized pinctrl subsystem\r\n[    0.200337] RTC time: 18:46:43, date: 02/08/16\r\n[    0.204153] NET: Registered protocol family 16\r\n[    0.212061] cpuidle: using governor ladder\r\n[    0.216005] cpuidle: using governor menu\r\n[    0.220104] ACPI: bus type PCI registered\r\n[    0.224003] acpiphp: ACPI Hot Plug PCI Controller Driver version: 0.5\r\n[    0.228259] PCI: Using configuration type 1 for base access\r\n[    0.236606] ACPI: Added _OSI(Module Device)\r\n[    0.240002] ACPI: Added _OSI(Processor Device)\r\n[    0.244017] ACPI: Added _OSI(3.0 _SCP Extensions)\r\n[    0.248001] ACPI: Added _OSI(Processor Aggregator Device)\r\n[    0.253774] ACPI: Interpreter enabled\r\n[    0.256006] ACPI Exception: AE_NOT_FOUND, While evaluating Sleep State [\\_S1_] (20150619/hwxface-580)\r\n[    0.268002] ACPI Exception: AE_NOT_FOUND, While evaluating Sleep State [\\_S2_] (20150619/hwxface-580)\r\n[    0.279573] ACPI Exception: AE_NOT_FOUND, While evaluating Sleep State [\\_S3_] (20150619/hwxface-580)\r\n[    0.288004] ACPI Exception: AE_NOT_FOUND, While evaluating Sleep State [\\_S4_] (20150619/hwxface-580)\r\n[    0.300021] ACPI: (supports S0 S5)\r\n[    0.304001] ACPI: Using IOAPIC for interrupt routing\r\n[    0.308044] PCI: Using host bridge windows from ACPI; if necessary, use \"pci=nocrs\" and report a bug\r\n[    0.319509] ACPI: PCI Root Bridge [PCI0] (domain 0000 [bus 00-ff])\r\n[    0.320006] acpi PNP0A03:00: _OSC: OS supports [ASPM ClockPM Segments MSI]\r\n[    0.324007] acpi PNP0A03:00: _OSC failed (AE_NOT_FOUND); disabling ASPM\r\n[    0.328325] acpi PNP0A03:00: fail to add MMCONFIG information, can't access extended PCI configuration space under this bridge.\r\n[    0.332108] PCI host bridge to bus 0000:00\r\n[    0.336003] pci_bus 0000:00: root bus resource [bus 00-ff]\r\n[    0.340008] pci_bus 0000:00: root bus resource [mem 0xfe0000000-0xfffefffff window]\r\n[    0.344006] pci_bus 0000:00: root bus resource [io  0x0000-0x0cf7 window]\r\n[    0.348004] pci_bus 0000:00: root bus resource [io  0x0d00-0xffff window]\r\n[    0.352002] pci_bus 0000:00: root bus resource [mem 0x000a0000-0x000bffff window]\r\n[    0.356004] pci_bus 0000:00: root bus resource [mem 0x20000000-0xfffbffff window]\r\n[    0.366719] pci 0000:00:07.1: legacy IDE quirk: reg 0x10: [io  0x01f0-0x01f7]\r\n[    0.368003] pci 0000:00:07.1: legacy IDE quirk: reg 0x14: [io  0x03f6]\r\n[    0.372006] pci 0000:00:07.1: legacy IDE quirk: reg 0x18: [io  0x0170-0x0177]\r\n[    0.376004] pci 0000:00:07.1: legacy IDE quirk: reg 0x1c: [io  0x0376]\r\n[    0.384025] * Found PM-Timer Bug on the chipset. Due to workarounds for a bug,\r\n[    0.384025] * this clock source is slow. Consider trying other clock sources\r\n[    0.392109] pci 0000:00:07.3: quirk: [io  0x0400-0x043f] claimed by PIIX4 ACPI\r\n[    0.404954] ACPI: PCI Interrupt Link [LNKA] (IRQs 3 4 5 7 9 10 *11 12 14 15)\r\n[    0.426355] ACPI: PCI Interrupt Link [LNKB] (IRQs 3 4 5 7 9 10 11 12 14 15) *0, disabled.\r\n[    0.445701] ACPI: PCI Interrupt Link [LNKC] (IRQs 3 4 5 7 9 10 11 12 14 15) *0, disabled.\r\n[    0.465311] ACPI: PCI Interrupt Link [LNKD] (IRQs 3 4 5 7 9 10 11 12 14 15) *0, disabled.\r\n[    0.485362] ACPI: Enabled 1 GPEs in block 00 to 0F\r\n[    0.488139] vgaarb: setting as boot device: PCI:0000:00:08.0\r\n[    0.492000] vgaarb: device added: PCI:0000:00:08.0,decodes=io+mem,owns=io+mem,locks=none\r\n[    0.492002] vgaarb: loaded\r\n[    0.496001] vgaarb: bridge control possible 0000:00:08.0\r\n[    0.500186] SCSI subsystem initialized\r\n[    0.504087] ACPI: bus type USB registered\r\n[    0.508025] usbcore: registered new interface driver usbfs\r\n[    0.512010] usbcore: registered new interface driver hub\r\n[    0.516034] usbcore: registered new device driver usb\r\n[    0.520166] PCI: Using ACPI for IRQ routing\r\n[    0.524357] NetLabel: Initializing\r\n[    0.528001] NetLabel:  domain hash size = 128\r\n[    0.532000] NetLabel:  protocols = UNLABELED CIPSOv4\r\n[    0.536012] NetLabel:  unlabeled traffic allowed by default\r\n[    0.540104] clocksource: Switched to clocksource hyperv_clocksource\r\n[    0.552779] AppArmor: AppArmor Filesystem Enabled\r\n[    0.558902] pnp: PnP ACPI init\r\n[    0.565306] system 00:06: [io  0x01e0-0x01ef] has been reserved\r\n[    0.572764] system 00:06: [io  0x0160-0x016f] has been reserved\r\n[    0.580102] system 00:06: [io  0x0278-0x027f] has been reserved\r\n[    0.587462] system 00:06: [io  0x0378-0x037f] has been reserved\r\n[    0.594800] system 00:06: [io  0x0678-0x067f] has been reserved\r\n[    0.602452] system 00:06: [io  0x0778-0x077f] has been reserved\r\n[    0.609831] system 00:06: [io  0x04d0-0x04d1] has been reserved\r\n[    0.617313] system 00:07: [io  0x0400-0x043f] has been reserved\r\n[    0.624677] system 00:07: [io  0x0370-0x0371] has been reserved\r\n[    0.632143] system 00:07: [io  0x0440-0x044f] has been reserved\r\n[    0.639969] system 00:07: [mem 0xfec00000-0xfec00fff] could not be reserved\r\n[    0.648443] system 00:07: [mem 0xfee00000-0xfee00fff] has been reserved\r\n[    0.656810] system 00:08: [mem 0x00000000-0x0009ffff] could not be reserved\r\n[    0.667367] system 00:08: [mem 0x000c0000-0x000dffff] could not be reserved\r\n[    0.676020] system 00:08: [mem 0x000e0000-0x000fffff] could not be reserved\r\n[    0.684833] system 00:08: [mem 0x00100000-0x1fffffff] could not be reserved\r\n[    0.693312] system 00:08: [mem 0xfffc0000-0xffffffff] has been reserved\r\n[    0.705808] pnp: PnP ACPI: found 9 devices\r\n[    0.722222] clocksource: acpi_pm: mask: 0xffffff max_cycles: 0xffffff, max_idle_ns: 2085701024 ns\r\n[    0.733215] NET: Registered protocol family 2\r\n[    0.739278] TCP established hash table entries: 16384 (order: 5, 131072 bytes)\r\n[    0.748302] TCP bind hash table entries: 16384 (order: 6, 262144 bytes)\r\n[    0.756435] TCP: Hash tables configured (established 16384 bind 16384)\r\n[    0.764750] UDP hash table entries: 1024 (order: 3, 32768 bytes)\r\n[    0.772768] UDP-Lite hash table entries: 1024 (order: 3, 32768 bytes)\r\n[    0.780911] NET: Registered protocol family 1\r\n[    0.786503] pci 0000:00:00.0: Limiting direct PCI/PCI transfers\r\n[    0.793967] Trying to unpack rootfs image as initramfs...\r\n[    1.804963] Freeing initrd memory: 30480K (ffff88001d9ee000 - ffff88001f7b2000)\r\n[    1.821465] PCI-DMA: Using software bounce buffering for IO (SWIOTLB)\r\n[    1.831326] software IO TLB [mem 0x199ee000-0x1d9ee000] (64MB) mapped at [ffff8800199ee000-ffff88001d9edfff]\r\n[    1.845323] clocksource: tsc: mask: 0xffffffffffffffff max_cycles: 0x228dd3a05e7, max_idle_ns: 440795327083 ns\r\n[    1.859692] RAPL PMU detected, API unit is 2^-32 Joules, 3 fixed counters 10737418240 ms ovfl timer\r\n[    1.872564] hw unit of domain pp0-core 2^-0 Joules\r\n[    1.879977] hw unit of domain package 2^-0 Joules\r\n[    1.887881] hw unit of domain dram 2^-16 Joules\r\n[    1.894844] microcode: CPU0 sig=0x306f2, pf=0x1, revision=0xffffffff\r\n[    1.904564] microcode: Microcode Update Driver: v2.00 <tigran@aivazian.fsnet.co.uk>, Peter Oruba\r\n[    1.916735] Scanning for low memory corruption every 60 seconds\r\n[    1.926421] futex hash table entries: 16384 (order: 8, 1048576 bytes)\r\n[    1.936205] Initialise system trusted keyring\r\n[    1.943073] audit: initializing netlink subsys (disabled)\r\n[    1.951547] audit: type=2000 audit(1454957203.948:1): initialized\r\n[    1.965537] HugeTLB registered 2 MB page size, pre-allocated 0 pages\r\n[    1.976220] zpool: loaded\r\n[    1.980836] zbud: loaded\r\n[    1.985386] VFS: Disk quotas dquot_6.6.0\r\n[    1.992486] VFS: Dquot-cache hash table entries: 512 (order 0, 4096 bytes)\r\n[    2.003711] fuse init (API version 7.23)\r\n[    2.010156] Key type big_key registered\r\n[    2.016741] Key type asymmetric registered\r\n[    2.023166] Asymmetric key parser 'x509' registered\r\n[    2.030583] Block layer SCSI generic (bsg) driver version 0.4 loaded (major 249)\r\n[    2.041312] io scheduler noop registered\r\n[    2.047435] io scheduler deadline registered (default)\r\n[    2.055307] io scheduler cfq registered\r\n[    2.061569] pci_hotplug: PCI Hot Plug PCI Core version: 0.5\r\n[    2.069875] pciehp: PCI Express Hot Plug Controller Driver version: 0.4\r\n[    2.079728] input: Power Button as /devices/LNXSYSTM:00/LNXPWRBN:00/input/input0\r\n[    2.089865] ACPI: Power Button [PWRF]\r\n[    2.095577] GHES: HEST is not enabled!\r\n[    2.100976] Serial: 8250/16550 driver, 32 ports, IRQ sharing enabled\r\n[    2.164937] 00:03: ttyS0 at I/O 0x3f8 (irq = 4, base_baud = 115200) is a 16550A\r\n[    2.235944] 00:04: ttyS1 at I/O 0x2f8 (irq = 3, base_baud = 115200) is a 16550A\r\n[    2.247754] Linux agpgart interface v0.103\r\n[    2.256130] brd: module loaded\r\n[    2.262725] loop: module loaded\r\n[    2.268509] ata_piix 0000:00:07.1: Hyper-V Virtual Machine detected, ATA device ignore set\r\n[    2.282374] scsi host0: ata_piix\r\n[    2.287883] scsi host1: ata_piix\r\n[    2.294078] ata1: PATA max UDMA/33 cmd 0x1f0 ctl 0x3f6 bmdma 0xffa0 irq 14\r\n[    2.304269] ata2: PATA max UDMA/33 cmd 0x170 ctl 0x376 bmdma 0xffa8 irq 15\r\n[    2.315032] libphy: Fixed MDIO Bus: probed\r\n[    2.321840] tun: Universal TUN/TAP device driver, 1.6\r\n[    2.329462] tun: (C) 1999-2004 Max Krasnyansky <maxk@qualcomm.com>\r\n[    2.338319] PPP generic driver version 2.4.2\r\n[    2.344674] ehci_hcd: USB 2.0 'Enhanced' Host Controller (EHCI) Driver\r\n[    2.353673] ehci-pci: EHCI PCI platform driver\r\n[    2.360084] ehci-platform: EHCI generic platform driver\r\n[    2.367510] ohci_hcd: USB 1.1 'Open' Host Controller (OHCI) Driver\r\n[    2.375775] ohci-pci: OHCI PCI platform driver\r\n[    2.381999] ohci-platform: OHCI generic platform driver\r\n[    2.394296] uhci_hcd: USB Universal Host Controller Interface driver\r\n[    2.403301] i8042: PNP: PS/2 Controller [PNP0303:PS2K,PNP0f03:PS2M] at 0x60,0x64 irq 1,12\r\n[    2.416201] serio: i8042 KBD port at 0x60,0x64 irq 1\r\n[    2.425150] serio: i8042 AUX port at 0x60,0x64 irq 12\r\n[    2.432689] mousedev: PS/2 mouse device common for all mice\r\n[    2.442248] rtc_cmos 00:00: RTC can wake from S4\r\n[    2.491898] input: AT Translated Set 2 keyboard as /devices/platform/i8042/serio0/input/input1\r\n[    2.506075] ata2.00: ATAPI: Virtual CD, , max MWDMA2\r\n[    2.515280] ata2.00: configured for MWDMA2\r\n[    2.522572] scsi 1:0:0:0: CD-ROM            Msft     Virtual CD/ROM   1.0  PQ: 0 ANSI: 5\r\n[    2.535213] rtc_cmos 00:00: rtc core: registered rtc_cmos as rtc0\r\n[    2.546141] sr 1:0:0:0: [sr0] scsi3-mmc drive: 0x/0x tray\r\n[    2.554235] cdrom: Uniform CD-ROM driver Revision: 3.20\r\n[    2.562470] rtc_cmos 00:00: alarms up to one month, 114 bytes nvram\r\n[    2.571572] i2c /dev entries driver\r\n[    2.577973] sr 1:0:0:0: Attached scsi generic sg0 type 5\r\n[    2.585783] device-mapper: uevent: version 1.0.3\r\n[    2.592198] device-mapper: ioctl: 4.33.0-ioctl (2015-8-18) initialised: dm-devel@redhat.com\r\n[    2.604124] ledtrig-cpu: registered to indicate activity on CPUs\r\n[    2.612304] PCCT header not found.\r\n[    2.617666] NET: Registered protocol family 10\r\n[    2.624340] NET: Registered protocol family 17\r\n[    2.630540] Key type dns_resolver registered\r\n[    2.636993] Loading compiled-in X.509 certificates\r\n[    2.644289] Loaded X.509 cert 'Build time autogenerated kernel key: 9421ce78f7dd6932d7a71d3bab89bb036afa29eb'\r\n[    2.658083] registered taskstats version 1\r\n[    2.664175] zswap: loading zswap\r\n[    2.669362] zswap: using zbud pool\r\n[    2.674410] zswap: using lzo compressor\r\n[    2.681298] Key type trusted registered\r\n[    2.695063] Key type encrypted registered\r\n[    2.702963] AppArmor: AppArmor sha1 policy hashing enabled\r\n[    2.710233] ima: No TPM chip found, activating TPM-bypass!\r\n[    2.717370] evm: HMAC attrs: 0x1\r\n[    2.722129]   Magic number: 4:720:796\r\n[    2.727465] rtc_cmos 00:00: setting system clock to 2016-02-08 18:46:45 UTC (1454957205)\r\n[    2.737398] BIOS EDD facility v0.16 2004-Jun-25, 0 devices found\r\n[    2.744782] EDD information not available.\r\n[    2.752810] Freeing unused kernel memory: 1460K (ffffffff81d37000 - ffffffff81ea4000)\r\n[    2.762623] Write protecting the kernel read-only data: 12288k\r\n[    2.770032] Freeing unused kernel memory: 24K (ffff8800017fa000 - ffff880001800000)\r\n[    2.779498] Freeing unused kernel memory: 292K (ffff880001bb7000 - ffff880001c00000)\r\nLoading, please wait...\r\nstarting version 225\r\n[    2.816571] random: systemd-udevd urandom read with 3 bits of entropy available\r\n[    2.952262] clocksource: hyperv_clocksource_tsc_page: mask: 0xffffffffffffffff max_cycles: 0x24e6a1710, max_idle_ns: 440795202120 ns\r\n[    2.970509] Floppy drive(s): fd0 is 1.44M\r\n[    3.006872] clocksource: Switched to clocksource hyperv_clocksource_tsc_page\r\n[    3.018055] FDC 0 is an 82078.\r\n[    3.082556] hv_vmbus: Hyper-V Host Build:9600-6.3-18-0.18190; Vmbus version:3.0\r\n[    3.143609] AVX2 version of gcm_enc/dec engaged.\r\n[    3.150477] AES CTR mode by8 optimization enabled\r\n[    3.203951] hv_vmbus: registering driver hv_storvsc\r\n[    3.215208] hidraw: raw HID events driver (C) Jiri Kosina\r\n[    3.224476] hv_utils: Registering HyperV Utility Driver\r\n[    3.231998] hv_vmbus: registering driver hv_util\r\n[    3.251988] hv_vmbus: registering driver hid_hyperv\r\n[    3.275571] scsi host2: storvsc_host_t\r\n[    3.281657] scsi 2:0:0:0: Direct-Access     Msft     Virtual Disk     1.0  PQ: 0 ANSI: 4\r\n[    3.293508] sd 2:0:0:0: [sda] 61440000 512-byte logical blocks: (31.4 GB/29.2 GiB)\r\n[    3.305542] sd 2:0:0:0: Attached scsi generic sg1 type 0\r\n[    3.314698] input: Microsoft Vmbus HID-compliant Mouse as /devices/0006:045E:0621.0001/input/input4\r\n[    3.327610] sd 2:0:0:0: [sda] Write Protect is off\r\n[    3.334629] hid 0006:045E:0621.0001: input: <UNKNOWN> HID v0.01 Mouse [Microsoft Vmbus HID-compliant Mouse] on \r\n[    3.348070] sd 2:0:0:0: [sda] Write cache: enabled, read cache: enabled, supports DPO and FUA\r\n[    3.361134] hv_vmbus: registering driver hv_netvsc\r\n[    3.369563]  sda: sda1\r\n[    3.373836] psmouse serio1: trackpoint: failed to get extended button data\r\n[    3.384603] scsi host3: storvsc_host_t\r\n[    3.391091] scsi 3:0:1:0: Direct-Access     Msft     Virtual Disk     1.0  PQ: 0 ANSI: 4\r\n[    3.402162] sd 2:0:0:0: [sda] Attached SCSI disk\r\n[    3.409505] sd 3:0:1:0: Attached scsi generic sg2 type 0\r\n[    3.417873] sd 3:0:1:0: [sdb] 146800640 512-byte logical blocks: (75.1 GB/70.0 GiB)\r\n[    3.430575] hv_netvsc: hv_netvsc channel opened successfully\r\n[    3.438429] sd 3:0:1:0: [sdb] Write Protect is off\r\n[    3.446163] sd 3:0:1:0: [sdb] Write cache: enabled, read cache: enabled, supports DPO and FUA\r\n[    3.466887]  sdb: sdb1\r\n[    3.477546] sd 3:0:1:0: [sdb] Attached SCSI disk\r\n[    3.605270] hv_netvsc vmbus_16: Send section size: 6144, Section count:2560\r\n[    3.615890] hv_netvsc vmbus_16: Device MAC 00:0d:3a:90:65:cf link state up\r\n[    3.632477] scsi host4: storvsc_host_t\r\n[    3.639368] scsi 4:0:0:0: scsi scan: INQUIRY result too short (5), using 36\r\n[    3.649139] scsi 4:0:0:1: scsi scan: INQUIRY result too short (5), using 36\r\n[    3.659235] scsi 4:0:1:0: scsi scan: INQUIRY result too short (5), using 36\r\n[    3.668912] scsi 4:0:1:1: scsi scan: INQUIRY result too short (5), using 36\r\n[    3.678412] scsi host5: storvsc_host_t\r\n[    3.683970] scsi 4:1:0:0: scsi scan: INQUIRY result too short (5), using 36\r\n[    3.694093] scsi 5:0:0:0: scsi scan: INQUIRY result too short (5), using 36\r\n[    3.703606] scsi 4:1:0:1: scsi scan: INQUIRY result too short (5), using 36\r\n[    3.713079] scsi 5:0:0:1: scsi scan: INQUIRY result too short (5), using 36\r\n[    3.725090] scsi 4:1:1:0: scsi scan: INQUIRY result too short (5), using 36\r\n[    3.734928] scsi 5:0:1:0: scsi scan: INQUIRY result too short (5), using 36\r\n[    3.744251] scsi 4:1:1:1: scsi scan: INQUIRY result too short (5), using 36\r\n[    3.754030] scsi 5:0:1:1: scsi scan: INQUIRY result too short (5), using 36\r\n[    3.763252] scsi 4:2:0:0: scsi scan: INQUIRY result too short (5), using 36\r\n[    3.771984] scsi 5:1:0:0: scsi scan: INQUIRY result too short (5), using 36\r\n[    3.781071] scsi 4:2:0:1: scsi scan: INQUIRY result too short (5), using 36\r\n[    3.789698] scsi 5:1:0:1: scsi scan: INQUIRY result too short (5), using 36\r\n[    3.798357] scsi 4:2:1:0: scsi scan: INQUIRY result too short (5), using 36\r\n[    3.807667] scsi 5:1:1:0: scsi scan: INQUIRY result too short (5), using 36\r\n[    3.816560] scsi 4:2:1:1: scsi scan: INQUIRY result too short (5), using 36\r\n[    3.826166] scsi 5:1:1:1: scsi scan: INQUIRY result too short (5), using 36\r\n[    3.834795] scsi 4:3:0:0: scsi scan: INQUIRY result too short (5), using 36\r\n[    3.843631] scsi 5:2:0:0: scsi scan: INQUIRY result too short (5), using 36\r\n[    3.852172] scsi 4:3:0:1: scsi scan: INQUIRY result too short (5), using 36\r\n[    3.861010] scsi 5:2:0:1: scsi scan: INQUIRY result too short (5), using 36\r\n[    3.869635] scsi 4:3:1:0: scsi scan: INQUIRY result too short (5), using 36\r\n[    3.878696] scsi 5:2:1:0: scsi scan: INQUIRY result too short (5), using 36\r\n[    3.887599] scsi 4:3:1:1: scsi scan: INQUIRY result too short (5), using 36\r\n[    3.896630] scsi 5:2:1:1: scsi scan: INQUIRY result too short (5), using 36\r\n[    3.905361] scsi 4:4:0:0: scsi scan: INQUIRY result too short (5), using 36\r\n[    3.914244] scsi 5:3:0:0: scsi scan: INQUIRY result too short (5), using 36\r\n[    3.923529] scsi 4:4:0:1: scsi scan: INQUIRY result too short (5), using 36\r\n[    3.932125] scsi 5:3:0:1: scsi scan: INQUIRY result too short (5), using 36\r\n[    3.941258] scsi 4:4:1:0: scsi scan: INQUIRY result too short (5), using 36\r\n[    3.949844] scsi 5:3:1:0: scsi scan: INQUIRY result too short (5), using 36\r\n[    3.958868] scsi 4:4:1:1: scsi scan: INQUIRY result too short (5), using 36\r\n[    3.967626] scsi 5:3:1:1: scsi scan: INQUIRY result too short (5), using 36\r\n[    3.979548] scsi 4:5:0:0: scsi scan: INQUIRY result too short (5), using 36\r\n[    3.988662] scsi 4:5:0:1: scsi scan: INQUIRY result too short (5), using 36\r\n[    3.997315] scsi 5:4:0:0: scsi scan: INQUIRY result too short (5), using 36\r\n[    4.007134] scsi 4:5:1:0: scsi scan: INQUIRY result too short (5), using 36\r\n[    4.020497] scsi 5:4:0:1: scsi scan: INQUIRY result too short (5), using 36\r\n[    4.030072] scsi 5:4:1:0: scsi scan: INQUIRY result too short (5), using 36\r\n[    4.038672] scsi 4:5:1:1: scsi scan: INQUIRY result too short (5), using 36\r\n[    4.047432] scsi 5:4:1:1: scsi scan: INQUIRY result too short (5), using 36\r\n[    4.060153] scsi 4:6:0:0: scsi scan: INQUIRY result too short (5), using 36\r\n[    4.069069] scsi 4:6:0:1: scsi scan: INQUIRY result too short (5), using 36\r\n[    4.077576] scsi 5:5:0:0: scsi scan: INQUIRY result too short (5), using 36\r\n[    4.090188] scsi 4:6:1:0: scsi scan: INQUIRY result too short (5), using 36\r\n[    4.098579] scsi 5:5:0:1: scsi scan: INQUIRY result too short (5), using 36\r\n[    4.109687] scsi 4:6:1:1: scsi scan: INQUIRY result too short (5), using 36\r\n[    4.118399] scsi 5:5:1:0: scsi scan: INQUIRY result too short (5), using 36\r\n[    4.129522] scsi 4:7:0:0: scsi scan: INQUIRY result too short (5), using 36\r\n[    4.138474] scsi 5:5:1:1: scsi scan: INQUIRY result too short (5), using 36\r\n[    4.150749] scsi 4:7:0:1: scsi scan: INQUIRY result too short (5), using 36\r\n[    4.159318] scsi 5:6:0:0: scsi scan: INQUIRY result too short (5), using 36\r\n[    4.167802] scsi 4:7:1:0: scsi scan: INQUIRY result too short (5), using 36\r\n[    4.176337] scsi 5:6:0:1: scsi scan: INQUIRY result too short (5), using 36\r\n[    4.185171] scsi 4:7:1:1: scsi scan: INQUIRY result too short (5), using 36\r\n[    4.193891] scsi 5:6:1:0: scsi scan: INQUIRY result too short (5), using 36\r\n[    4.203430] scsi 5:6:1:1: scsi scan: INQUIRY result too short (5), using 36\r\n[    4.213097] scsi 5:7:0:0: scsi scan: INQUIRY result too short (5), using 36\r\n[    4.222321] scsi 5:7:0:1: scsi scan: INQUIRY result too short (5), using 36\r\n[    4.231582] scsi 5:7:1:0: scsi scan: INQUIRY result too short (5), using 36\r\n[    4.240672] scsi 5:7:1:1: scsi scan: INQUIRY result too short (5), using 36\r\nBegin: Loading essential drivers ... done.\r\r\nBegin: Running /scripts/init-premount ... done.\r\r\nBegin: Mounting root file system ... Begin: Running /scripts/local-top ... done.\r\r\nBegin: Running /scripts/local-premount ... done.\r\r\nBegin: Checking root file system ... fsck from util-linux 2.26.2\r\r\ncloudimg-rootfs: clean, 73595/244736 files, 351302/524032 blocks\r\r\ndone.\r\r\n[    6.252032] EXT4-fs (sda1): mounted filesystem with ordered data mode. Opts: (null)\r\ndone.\r\r\nBegin: Running /scripts/local-bottom ... done.\r\r\nBegin: Running /scripts/init-bottom ... Warning: overlayroot: debug is busted\r\r\ndone.\r\r\n[    6.895048] random: nonblocking pool is initialized\r\n[    8.220075] psmouse serio1: trackpoint: IBM TrackPoint firmware: 0x01, buttons: 0/0\r\n[    8.230845] input: TPPS/2 IBM TrackPoint as /devices/platform/i8042/serio1/input/input3\r\n[    8.419473] systemd[1]: Failed to insert module 'kdbus': Function not implemented\r\n[    9.122125] systemd[1]: systemd 225 running in system mode. (+PAM +AUDIT +SELINUX +IMA +APPARMOR +SMACK +SYSVINIT +UTMP +LIBCRYPTSETUP +GCRYPT +GNUTLS +ACL +XZ -LZ4 +SECCOMP +BLKID -ELFUTILS +KMOD -IDN)\r\n[    9.146706] systemd[1]: Detected virtualization microsoft.\r\n[    9.155056] systemd[1]: Detected architecture x86-64.\r\n\r\r\nWelcome to \u001b[1mUbuntu 15.10\u001b[0m!\r\r\n\r\r\n[    9.223942] systemd[1]: Set hostname to <ubuntu>.\r\n[    9.230817] systemd[1]: Initializing machine ID from random generator.\r\n[    9.240119] systemd[1]: Installed transient /etc/machine-id file.\r\n-.mount\r\r\netc-machine\\x2did.mount[   10.127162] systemd[1]: sshd-keygen.service: Cannot add dependency job, ignoring: Unit sshd-keygen.service failed to load: No such file or directory.\r\n\r\r\n[   10.147933] systemd[1]: sshd-keygen.service: Cannot add dependency job, ignoring: Unit sshd-keygen.service failed to load: No such file or directory.\r\n[   10.165709] systemd[1]: display-manager.service: Cannot add dependency job, ignoring: Unit display-manager.service failed to load: No such file or directory.\r\n[   10.185068] systemd[1]: Reached target Swap.\r\n[\u001b[32m  OK  \u001b[0m]
[   10.195258] systemd[1]: Reached target User and Group Name Lookups.\r\nReached target Swap.\r\r\n[\u001b[32m  OK  \u001b[0m]
[   10.210433] systemd[1]: Started Forward Password Requests to Wall Directory Watch.\r\nReached target User and Group Name Lookups.\r\r\n[\u001b[32m  OK  \u001b[0m[   10.228727] systemd[1]: Reached target Encrypted Volumes.\r\n] Started Forward Password Requests to Wall Directory Watch.\r\r\n[[   10.243069] systemd[1]: Reached target Remote File Systems (Pre).\r\n\u001b[32m  OK  \u001b[0m] Reached target Encrypted Volumes.\r\r\n[\u001b[32m  OK  \u001b[0m[   10.259295] systemd[1]: Created slice Root Slice.\r\n] Reached target Remote File Systems (Pre).\r\r\n[[   10.271590] systemd[1]: Listening on Journal Socket (/dev/log).\r\n\u001b[32m  OK  \u001b[0m] Created slice Root Slice.\r\r\n[\u001b[32m  OK  \u001b[0m[   10.287617] systemd[1]: Created slice User and Session Slice.\r\n] Listening on Journal Socket (/dev/log).\r\r\n[\u001b[32m  OK  \u001b[0m[   10.302687] systemd[1]: Listening on Journal Socket.\r\n] Created slice User and Session Slice.\r\r\n[[   10.315205] systemd[1]: Created slice System Slice.\r\n\u001b[32m  OK  \u001b[0m] Listening on Journal Socket.\r\r\n[[   10.329118] systemd[1]: Starting Remount Root and Kernel File Systems...\r\n\u001b[32m  OK  \u001b[0m] Created slice System Slice.\r\r\n         Starting Remount Root and Kernel File Systems...[   10.350081] systemd[1]: Mounting Debug File System...\r\n\r\r\n         Mounting Debug File System...[   10.363901] systemd[1]: Mounting POSIX Message Queue File System...\r\n\r\r\n         Mounting POSIX Message Queue File System...[   10.380422] systemd[1]: Starting Uncomplicated firewall...\r\n\r\r\n         Starting Uncomplicated firewall...[   10.394976] systemd[1]: Created slice system-serial\\x2dgetty.slice.\r\n\r\r\n[\u001b[32m  OK  \u001b[0m]
[   10.408714] systemd[1]: Starting Setup Virtual Console...\r\nCreated slice system-serial\\x2dgetty.slice.\r\r\n         Starting Setup Virtual Console...\r\r\n[   10.447795] systemd[1]: Starting Load Kernel Modules...\r\n         Starting Load Kernel Modules...[   10.462364] systemd[1]: Mounting Huge Pages File System...\r\n\r\r\n         Mounting Huge Pages File System...[   10.479201] systemd[1]: Set up automount Arbitrary Executable File Formats File System Automount Point.\r\n\r\r\n[\u001b[32m  OK  \u001b[0m]
[   10.499000] systemd[1]: Created slice system-getty.slice.\r\nSet up automount Arbitrary Executab...ats File System Automount Point.\r[   10.512944] systemd[1]: Listening on udev Kernel Socket.\r\n\r\n[\u001b[32m  OK  \u001b[0m] Created slice system-getty.slice.\r\r\n[\u001b[32m  OK  \u001b[0m] Listening on udev Kernel Socket.\r\r\n[   10.550259] systemd[1]: Listening on Journal Audit Socket.\r\n[\u001b[32m  OK  \u001b[0m]
[   10.561738] systemd[1]: Listening on /dev/initctl Compatibility Named Pipe.\r\nListening on Journal Audit Socket.\r\r\n[\u001b[32m  OK  \u001b[0m]
[   10.580360] systemd[1]: Starting Create list of required static device nodes for the current kernel...\r\nListening on /dev/initctl Compatibility Named Pipe.\r\r\n         Starting Create list of required st... nodes for the current kernel...[   10.607999] systemd[1]: Listening on udev Control Socket.\r\n\r\r\n[[   10.618145] systemd[1]: Starting udev Coldplug all Devices...\r\n\u001b[32m  OK  \u001b[0m] Listening on udev Control Socket.\r\r\n         Starting udev Coldplug all Devices...[   10.639220] systemd[1]: Starting Increase datagram queue length...\r\n\r\r\n         Starting Increase datagram queue length...[   10.655089] systemd[1]: Reached target Slices.\r\n\r\r\n[\u001b[32m  OK  \u001b[0m[   10.666695] systemd[1]: Started Setup Virtual Console.\r\n] Reached target Slices.\r\r\n[\u001b[32m  OK  \u001b[0m] Started Setup Virtual Console.\r\r\nsystemd-vconsole-setup.service\r\r\n[   10.701440] systemd[1]: Started Uncomplicated firewall.\r\n[\u001b[32m  OK  \u001b[0m]
[   10.723900] systemd[1]: Mounted Debug File System.\r\nStarted Uncomplicated firewall.\r\r\nufw.service\r\r\n[   10.738499] systemd[1]: Mounted POSIX Message Queue File System.\r\n[   10.745605] EXT4-fs (sda1): re-mounted. Opts: discard\r\n[\u001b[32m  OK  \u001b[0m] Mounted Debug File System.\r\r\nsys-kernel-debug.mount[   10.760999] systemd[1]: Started Remount Root and Kernel File Systems.\r\n\r\r\n[\u001b[32m  OK  \u001b[0m] Mounted POSIX Message Queue File System.\r\r\n[   10.776587] systemd[1]: Started Load Kernel Modules.\r\n[\u001b[32m  OK  \u001b[0m] Started Remount Root and Kernel File Systems.\r\r\ndev-mqueue.mount\r\r\n[   10.792261] systemd[1]: Mounted Huge Pages File System.\r\n[\u001b[32m  OK  \u001b[0m] Started Load Kernel Modules.\r[   10.804324] systemd[1]: Started Create list of required static device nodes for the current kernel.\r\n\r\nsystemd-remount-fs.service\r\r\n[\u001b[32m  OK  \u001b[0m] Mounted Huge Pages File System.\r\r\nsystemd-modules-load.service[   10.838680] systemd[1]: Started Increase datagram queue length.\r\n\r\r\n[\u001b[32m  OK  \u001b[0m] Started Create list of required sta...ce nodes for the current kernel.\r\r\ndev-hugepages.mount\r\r\n[\u001b[32m  OK  \u001b[0m] Started Increase datagram queue length.\r\r\nkmod-static-nodes.service\r\r\nsystemd-setup-dgram-qlen.service\r\r\n[   10.944224] systemd[1]: Listening on Syslog Socket.\r\n[\u001b[32m  OK  \u001b[0m]
[   10.963124] systemd[1]: Starting Journal Service...\r\nListening on Syslog Socket.\r\r\n         Starting Journal Service...[   10.990967] systemd[1]: Starting Create Static Device Nodes in /dev...\r\n\r\r\n         Starting Create Static Device Nodes in /dev...[   11.021079] systemd[1]: Starting Apply Kernel Variables...\r\n[   11.029427] systemd[1]: Mounting FUSE Control File System...\r\n\r\r\n         Starting Apply Kernel Variables...\r\r\n         Mounting FUSE Control File System...[   11.054868] systemd[1]: Starting Ensure /etc/mtab is a symlink to /proc/mounts...\r\n\r\r\n         Starting Ensure /etc/mtab is a symlink to /proc/mounts...[   11.076249] systemd[1]: Starting Load/Save Random Seed...\r\n\r\r\n         Starting Load/Save Random Seed...[   11.092498] systemd[1]: Mounted FUSE Control File System.\r\n\r\r\n[\u001b[32m  OK  \u001b[0m]
[   11.106146] systemd[1]: Started udev Coldplug all Devices.\r\nMounted FUSE Control File System.\r\r\nsys-fs-fuse-connections.mount[   11.122053] systemd[1]: Started Ensure /etc/mtab is a symlink to /proc/mounts.\r\n\r\r\n[\u001b[32m  OK  \u001b[0m] Started udev Coldplug all Devices.\r\r\nsystemd-udev-trigger.service[   11.146310] systemd[1]: Started Load/Save Random Seed.\r\n\r\r\n[\u001b[32m  OK  \u001b[0m] Started Ensure /etc/mtab is a symlink to /proc/mounts.\r\r\ndebian-fixup.service\r\r\n[\u001b[32m  OK  \u001b[0m] Started Load/Save Random Seed.\r\r\n[\u001b[32m  OK  \u001b[0m] Started Journal Service.\r\r\n[\u001b[32m  OK  \u001b[0m] Started Apply Kernel Variables.\r\r\nsystemd-random-seed.service\r\r\n         Starting Flush Journal to Persistent Storage...\r\r\nsystemd-journald.service\r\r\nsystemd-sysctl.service\r\r\n[\u001b[32m  OK  \u001b[0m] Started Create Static Device Nodes in /dev.\r\r\n         Starting udev Kernel Device Manager...\r\r\n[\u001b[32m  OK  \u001b[0m] Started Flush Journal to Persistent Storage.\r\r\nsystemd-tmpfiles-setup-dev.service\r\r\nsystemd-journal-flush.service\r\r\n[\u001b[32m  OK  \u001b[0m] Started udev Kernel Device Manager.\r\r\n[\u001b[32m  OK  \u001b[0m] Reached target Local File Systems (Pre).\r\r\n         Mounting /etc/network/interfaces.dynamic.d...\r\r\n[\u001b[32m  OK  \u001b[0m] Mounted /etc/network/interfaces.dynamic.d.\r\r\n[\u001b[32m  OK  \u001b[0m] Reached target Local File Systems.\r\r\n         Starting Set console keymap...\r\r\n         Starting LSB: AppArmor initialization...\r\r\n         Starting Wait for all \"auto\" /etc/n... up for network-online.target...\r\r\n[\u001b[32m  OK  \u001b[0m] Reached target Remote File Systems.\r\r\n         Starting Clean up any mess left by 0dns-up...\r\r\n         Starting Commit a transient machine-id on disk...\r\r\n         Starting Tell Plymouth To Write Out Runtime Data...\r\r\n         Starting Create Volatile Files and Directories...\r\r\nsystemd-udevd.service\r\r\n[\u001b[32m  OK  \u001b[0m] Started Commit a transient machine-id on disk.\r\r\n[\u001b[32m  OK  \u001b[0m] Started Create Volatile Files and Directories.\r\r\n         Starting Network Time Synchronization...\r\r\n         Starting Update UTMP about System Boot/Shutdown...\r\r\n[\u001b[32m  OK  \u001b[0m] Started Update UTMP about System Boot/Shutdown.\r\r\netc-network-interfaces.dynamic.d.mount\r\r\nsystemd-machine-id-commit.service\r\r\nsystemd-tmpfiles-setup.service\r\r\nsystemd-update-utmp.service\r\r\n[\u001b[32m  OK  \u001b[0m] Started Tell Plymouth To Write Out Runtime Data.\r\r\n[\u001b[32m  OK  \u001b[0m] Started Network Time Synchronization.\r\r\n[\u001b[32m  OK  \u001b[0m] Reached target System Time Synchronized.\r\r\nsystemd-timesyncd.service\r\r\n[   12.326587] piix4_smbus 0000:00:07.3: SMBus base address uninitialized - upgrade BIOS or use force_addr=0xaddr\r\n[\u001b[32m  OK  \u001b[0m] Found device /dev/ttyS0.\r\r\n[\u001b[32m  OK  \u001b[0m] Started Clean up any mess left by 0dns-up.\r\r\n         Starting Nameserver information manager...\r\r\n[\u001b[32m  OK  \u001b[0m] Started Nameserver information manager.\r[   12.810732] intel_rapl: no valid rapl domains found in package 0\r\n\r\nresolvconf.service\r\r\n[\u001b[32m  OK  \u001b[0m] Started Set console keymap.\r\r\n[\u001b[32m  OK  \u001b[0m] Created slice system-ifup.slice.\r\r\n[\u001b[32m  OK  \u001b[0m] Found device /sys/subsystem/net/devices/eth0.\r\r\n[\u001b[32m  OK  \u001b[0m] Started LSB: AppArmor initialization.\r\r\n         Starting LSB: Raise network interfaces....\r\r\n[\u001b[32m  OK  \u001b[0m] Started ifup for eth0.\r\r\napparmor.service\r\r\nifup@eth0.service\r\r\n[\u001b[32m  OK  \u001b[0m] Started LSB: Raise network interfaces..\r\r\n[\u001b[32m  OK  \u001b[0m] Reached target System Initialization.\r\r\n[\u001b[32m  OK  \u001b[0m] Started Daily Cleanup of Temporary Directories.\r\r\n[\u001b[32m  OK  \u001b[0m] Reached target Timers.\r\r\n         Starting lxd-unix.socket.\r\r\n         Starting Seed the pseudo random number generator on first boot...\r\r\n[\u001b[32m  OK  \u001b[0m] Listening on ACPID Listen Socket.\r\r\n[\u001b[32m  OK  \u001b[0m] Listening on D-Bus System Message Bus Socket.\r\r\n[\u001b[32m  OK  \u001b[0m] Listening on UUID daemon activation socket.\r\r\n[\u001b[32m  OK  \u001b[0m] Started Trigger resolvconf update for networkd DNS.\r\r\n[\u001b[32m  OK  \u001b[0m] Reached target Paths.\r\r\n[\u001b[32m  OK  \u001b[0m] Reached target Network.\r\r\n[\u001b[32m  OK  \u001b[0m] Started Wait for all \"auto\" /etc/ne...be up for network-online.target.\r\r\n[\u001b[32m  OK  \u001b[0m] Listening on lxd-unix.socket.\r\r\n[\u001b[32m  OK  \u001b[0m] Reached target Sockets.\r\r\n[\u001b[32m  OK  \u001b[0m] Reached target Basic System.\r\r\n[\u001b[32m  OK  \u001b[0m] Started D-Bus System Message Bus.\r\r\nnetworking.service\r\r\nifup-wait-all-auto.service\r\r\ndbus.service\r\r\n[\u001b[32m  OK  \u001b[0m] Started Regular background program processing daemon.\r\r\n         Starting Accounts Service...\r\r\n[\u001b[32m  OK  \u001b[0m] Started Cgroup management daemon.\r\r\n         Starting Restore /etc/resolv.conf i...e the ppp link was shut down....\r\r\n[\u001b[32m  OK  \u001b[0m] Started Hyper-V File Copy Protocol Daemon.\r\r\n         Starting Thermal Daemon Service...\r\r\n         Starting System Logging Service...\r\r\n         Starting Login Service...\r\r\n[\u001b[32m  OK  \u001b[0m] Started Hyper-V KVP Protocol Daemon.\r\r\n         Starting LSB: daemon to balance interrupts for SMP systems...\r\r\n         Starting LSB: Set the CPU Frequency Scaling governor to \"ondemand\"...\r\r\n         Starting Initial cloud-init job (pre-networking)...\r\r\ncron.service\r\r\n         Starting LSB: Record successful boot for GRUB...\r\r\n         Starting LSB: automatic crash report generation...\r\r\n[\u001b[32m  OK  \u001b[0m] Started FUSE filesystem for LXC.\r\r\n[\u001b[32m  OK  \u001b[0m] Started Hyper-V VSS Protocol Daemon.\r\r\n         Starting LSB: Starts the Micro Name Service Cache Daemon...\r\r\n[\u001b[32m  OK  \u001b[0m] Started Deferred execution scheduler.\r\r\n[\u001b[32m  OK  \u001b[0m] Reached target Network is Online.\r\r\n         Starting LXC network bridge setup...\r\r\n         Starting /etc/rc.local Compatibility...\r\r\n[\u001b[32m  OK  \u001b[0m] Started /etc/rc.local Compatibility.\r\r\n[\u001b[32m  OK  \u001b[0m] Started Restore /etc/resolv.conf if...ore the ppp link was shut down..\r\r\n[\u001b[32m  OK  \u001b[0m] Started Login Service.\r\r\n[\u001b[32m  OK  \u001b[0m] Started LSB: automatic crash report generation.\r\r\ncgmanager.service\r\r\nhv-fcopy-daemon.service\r\r\nhv-kvp-daemon.service\r\r\nlxcfs.service\r\r\nhv-vss-daemon.service\r\r\natd.service\r\r\nrc-local.service\r\r\nsystemd-logind.service\r\r\nrun-cgmanager-fs.mount\r\r\napport.service\r\r\nvar-lib-lxcfs.mount\r\r\n[\u001b[32m  OK  \u001b[0m] Started Thermal Daemon Service.\r\r\n[\u001b[32m  OK  \u001b[0m] Started LSB: Record successful boot for GRUB.\r\r\nthermald.service\r\r\n[\u001b[32m  OK  \u001b[0m] Started System Logging Service.\r\r\n[\u001b[32m  OK  \u001b[0m] Started LSB: Set the CPU Frequency Scaling governor to \"ondemand\".\r\r\ngrub-common.service\r\r\nrsyslog.service\r\r\nondemand.service\r\r\n[\u001b[32m  OK  \u001b[0m] Started LSB: Starts the Micro Name Service Cache Daemon.\r\r\nunscd.service\r\r\n[\u001b[32m  OK  \u001b[0m] Started LSB: daemon to balance interrupts for SMP systems.\r\r\nirqbalance.service\r\r\n         Starting Authenticate and Authorize Users to Run Privileged Tasks...\r\r\n[\u001b[32m  OK  \u001b[0m] Started LXC network bridge setup.\r\r\n         Starting LXC Container Initialization and Autoboot Code...\r\r\nlxc-net.service\r\r\n[\u001b[32m  OK  \u001b[0m] Started Authenticate and Authorize Users to Run Privileged Tasks.\r\r\n[\u001b[32m  OK  \u001b[0m] Started Accounts Service.\r\r\npolkitd.service\r\r\naccounts-daemon.service\r\r\n[\u001b[32m  OK  \u001b[0m] Started LXC Container Initialization and Autoboot Code.\r\r\n         Starg Container hypervisor based on LXC - boot time check...\r\r\nlxc.service\r\r\n[\u001b[32m  OK  \u001b[0m] Started Seed the pseudo random number generator on first boot.\r\r\n[   23.549970] cloud-init[685]: Cloud-init v. 0.7.7 running 'init-local' at Mon, 08 Feb 2016 18:47:06 +0000. Up 23.26 seconds.\r\r\n[\u001b[32m  OK  \u001b[0m] Started Initial cloud-init job (pre-networking).\r\r\n         Starting Initial cloud-init job (metadata service crawler)...\r\r\ncloud-init-local.service\r\r\n[\u001b[32m  OK  \u001b[0m] Started Container hypervisor based on LXC - boot time check.\r\r\n[   24.584087] blk_update_request: I/O error, dev fd0, sector 0\r\n[   24.800158] blk_update_request: I/O error, dev fd0, sector 0\r\ntmp-tmp5uwq8m9e.mount\r\r\n[   24.994638] cloud-init[928]: + i=eth0\r\r\n[   24.998269] cloud-init[928]: + x=0\r\r\n[   25.000258] cloud-init[928]: + ifdown eth0\r\r\n[   25.043297] cloud-init[928]: Killed old client process\r\r\n[   26.048817] cloud-init[928]: Internet Systems Consortium DHCP Client 4.3.1\r\r\n[   26.049198] cloud-init[928]: Copyright 2004-2014 Internet Systems Consortium.\r\r\n[   26.049548] cloud-init[928]: All rights reserved.\r\r\n[   26.049920] cloud-init[928]: For info, please visit https://www.isc.org/software/dhcp/\r\r\n[   26.061616] cloud-init[928]: Listening on LPF/eth0/00:0d:3a:90:65:cf\r\r\n[   26.062226] cloud-init[928]: Sending on   LPF/eth0/00:0d:3a:90:65:cf\r\r\n[   26.062604] cloud-init[928]: Sending on   Socket/fallback\r\r\n[   26.090620] cloud-init[928]: DHCPRELEASE on eth0 to 168.63.129.16 port 67 (xid=0x14ab755b)\r\r\n[   26.182541] cloud-init[928]: + ifup eth0\r\r\n[   26.209636] cloud-init[928]: Internet Systems Consortium DHCP Client 4.3.1\r\r\n[   26.217716] cloud-init[928]: Copyright 2004-2014 Internet Systems Consortium.\r\r\n[   26.218132] cloud-init[928]: All rights reserved.\r\r\n[   26.218501] cloud-init[928]: For info, please visit https://www.isc.org/software/dhcp/\r\r\n[   26.235838] cloud-init[928]: Listening on LPF/eth0/00:00:65:cf\r\r\n[   26.243517] cloud-init[928]: Sending on   LPF/eth0/00:0d:3a:90:65:cf\r\r\n[   26.243920] cloud-init[928]: Sending on   Socket/fallback\r\r\n[   26.244163] cloud-init[928]: DHCPDISCOVER on eth0 to 255.255.255.255 port 67 interval 3 (xid=0xa411ba08)\r\r\n[   26.294066] cloud-init[928]: DHCPREQUEST of 10.0.0.4 on eth0 to 255.255.255.255 port 67 (xid=0x8ba11a4)\r\r\n[   26.295101] cloud-init[928]: DHCPOFFER of 10.0.0.4 from 168.63.129.16\r\r\n[   26.331452] cloud-init[928]: DHCPACK of 10.0.0.4 from 168.63.129.16\r\r\n[   26.400044] cloud-init[928]: bound to 10.0.0.4 -- renewal in 4294967295 seconds.\r\r\n[   26.432887] cloud-init[928]: + exit 0\r\r\n[\u001b[32m  OK  \u001b[0m] Started Azure Linux Agent.\r\r\nwalinuxagent.service\r\r\n2016/02/08 18:47:10.524393 INFO Azure Linux Agent Version:2.1.2\r\r\n2016/02/08 18:47:10.532960 INFO OS: ubuntu 15.10\r\r\n2016/02/08 18:47:10.533118 INFO Python: 3.4.3\r\r\n2016/02/08 18:47:10.533277 INFO Send dhcp request\r\r\n2016/02/08 18:47:10.625632 INFO Wire server endpoint:168.63.129.16\r\r\n2016/02/08 18:47:10.632222 INFO Gateway:10.0.0.1\r\r\n2016/02/08 18:47:10.632367 INFO Routes:None\r\r\n2016/02/08 18:47:10.632565 INFO Configure routes\r\r\n2016/02/08 18:47:10.634264 INFO Detect default protocol.\r\r\n2016/02/08 18:47:10.927960 INFO Fabric preferred wire protocol version:2015-04-05\r\r\n2016/02/08 18:47:10.936188 INFO Wire protocol version:2012-11-30\r\r\n2016/02/08 18:47:10.936325 WARNING Server prefered version:2015-04-05\r\r\n2016/02/08 18:47:10.936456 INFO Last request issued less than 1 second ago\r\r\n2016/02/08 18:47:10.936571 INFO Sleep 1 second to avoid throttling.\r\r\n2016/02/08 18:47:11.944634 INFO Sleep 1 second to avoid throttling.\r\r\n2016/02/08 18:47:12.954766 INFO Last request issued less than 1 second ago\r\r\n2016/02/08 18:47:12.962091 INFO Sleep 1 second to avoid throttling.\r\r\n2016/02/08 18:47:14.010380 INFO Sleep 1 second to avoid throttling.\r\r\n2016/02/08 18:47:15.167566 INFO Protocol V1 found.\r\r\n2016/02/08 18:47:15.167766 INFO Protocol V2 found.\r\r\n2016/02/08 18:47:15.168664 INFO run Ubuntu provision handler\r\r\n2016/02/08 18:47:15.169125 INFO Waiting cloud-init to finish provisioning.\r\r\n2016/02/08 18:47:15.169423 INFO Wait for ssh host key to be generated.\r\r\n2016/02/08 18:47:15.175717 INFO Wait for ssh host key be generated: /etc/ssh/ssh_host_rsa_key\r[   31.835965] blk_update_request: I/O error, dev fd0, sector 0\r\n\r\n2016/02/08 18:47:15.191454 INFO Event: name=WALA, op=HeartBeat, message=\r\r\n[   31.900119] blk_update_request: I/O error, dev fd0, sector 0\r\ntmp-tmp2xrel6r_.mount\r\r\n2016/02/08 18:47:20.190662 INFO Wait for ssh host key be generated: /etc/ssh/ssh_host_rsa_key\r\r\n[   39.574143] cloud-init[928]: Cloud-init v. 0.7.7 running 'init' at Mon, 08 Feb 2016 18:47:07 +0000. Up 24.24 seconds.\r\r\n[   39.578084] cloud-init[928]: ci-info: ++++++++++++++++++++++++++++++++++++++Net device info+++++++++++++++++++++++++++++++++++++++\r\r\n[   39.578252] cloud-init[928]: ci-info: +--------+------+------------------------------+---------------+-------+-------------------+\r\r\n[   39.578418] cloud-init[928]: ci-info: | Device |  Up  |           Address            |      Mask     | Scope |     Hw-Address    |\r\r\n[   39.578562] cloud-init[928]: ci-info: +--------+------+------------------------------+---------------+-------+-------------------+\r\r\n[   39.578704] cloud-init[928]: ci-info: |  eth0  | True |           10.0.0.4           | 255.255.255.0 |   .   | 00:0d:3a:90:65:cf |\r\r\n[   39.587760] cloud-init[928]: ci-info: |  eth0  | True | fe80::20d:3aff:fe90:65cf/64  |       .       |  link | 00:0d:3a:90:65:cf |\r\r\n[   39.587922] cloud-init[928]: ci-info: |   lo   | True |          127.0.0.1           |   255.0.0.0   |   .   |         .         |\r\r\n[   39.588102] cloud-init[928]: ci-info: |   lo   | True |           ::1/128            |       .       |  host |         .         |\r\r\n[   39.588253] cloud-init[928]: ci-info: | lxcbr0 | True |           10.0.1.1           | 255.255.255.0 |   .   | fa:22:36:11:f2:20 |\r\r\n[   39.588402] cloud-init[928]: ci-info: | lxcbr0 | True | fe80::f822:36ff:fe11:f220/64 |       .       |  link | fa:22:36:11:f2:20 |\r\r\n[   39.588554] cloud-init[928]: ci-info: +--------+------+------------------------------+---------------+-------+-------------------+\r\r\n[   39.588701] cloud-init[928]: ci-info: +++++++++++++++++++++++++++++Route IPv4 info++++++++++++++++++++++++++++++\r\r\n[   39.588850] cloud-init[928]: ci-info: +-------+---------------+----------+-----------------+-----------+-------+\r\r\n[   39.588998] cloud-init[928]: ci-info: | Route |  Destination  | Gateway  |     Genmask     | Interface | Flags |\r\r\n[   39.589153] cloud-init[928]: ci-info: +-------+---------------+----------+-----------------+-----------+-------+\r\r\n[   39.589301] cloud-init[928]: ci-info: |   0   |    0.0.0.0    | 10.0.0.1 |     0.0.0.0     |    eth0   |   UG  |\r\r\n[   39.589449] cloud-init[928]: ci-info: |   1   |    10.0.0.0   | 0.0.0.0  |  255.255.255.0  |    eth0   |   U   |\r\r\n[   39.589599] cloud-init[928]: ci-info: |   2   |    10.0.1.0   | 0.0.0.0  |  255.255.255.0  |   lxcbr0  |   U   |\r\r\n[   39.589747] cloud-init[928]: ci-info: |   3   | 168.63.129.16 | 10.0.0.1 | 255.255.255.255 |    eth0   |  UGH  |\r\r\n[   39.589894] cloud-init[928]: ci-info: +-------+---------------+----------+-----------------+-----------+-------+\r\r\n[   39.590040] cloud-init[928]: Generating public/private rsa key pair.\r\r\n[   39.590196] cloud-init[928]: Your identification has been saved in /etc/ssh/ssh_host_rsa_key.\r\r\n[   39.590344] cloud-init[928]: Your public key has been saved in /etc/ssh/ssh_host_rsa_key.pub.\r\r\n[   39.590493] cloud-init[928]: The key fingerprint is:\r\r\n[   39.590642] cloud-init[928]: SHA256:pl7Wc/Wh5T3cCMwPvUYtOiz13AhFZPwWVANiEPQ5tXg root@xplatvm\r\r\n[   39.590789] cloud-init[928]: The key's randomart image is:\r\r\n[   39.590959] cloud-init[928]: +---[RSA 2048]----+\r\r\n[   39.591107] cloud-init[928]: |        .+oo =*oo|\r\r\n[   39.591256] cloud-init[928]: |          o =oo..|\r\r\n[   39.591402] cloud-init[928]: |           = E...|\r\r\n[   39.591549] cloud-init[928]: |           ooo .o|\r\r\n[   39.610224] cloud-init[928]: |        S   B =+.|\r\r\n[   39.610403] cloud-init[928]: |       o . o @=B+|\r\r\n[   39.610527] cloud-init[928]: |      . o + =.O+=|\r\r\n[   39.610643] cloud-init[928]: |     . o   + o  .|\r\r\n[   39.610748] cloud-init[928]: |      .          |\r\r\n[   39.610854] cloud-init[928]: +----[SHA256]-----+\r\r\n[   39.610965] cloud-init[928]: Generating public/private dsa key pair.\r\r\n[   39.611063] cloud-init[928]: Your identification has been saved in /etc/ssh/ssh_host_dsa_key.\r\r\n[   39.611160] cloud-init[928]: Your public key has been saved in /etc/ssh/ssh_host_dsa_key.pub.\r\r\n[   39.611256] cloud-init[928]: The key fingerprint is:\r\r\n[   39.611354] cloud-init[928]: SHA256:T9rodo7FYwZMmknU7Ne2SwQa7K+hDuRD+glkEYESxDU root@xplatvm\r\r\n[   39.611489] cloud-init[928]: The key's randomart image is:\r\r\n[   39.611596] cloud-init[928]: +---[DSA 1024]----+\r\r\n[   39.611704] cloud-init[928]: |+++E  .+         |\r\r\n[   39.611821] cloud-init[928]: |o. ...  = .      |\r\r\n[   39.611942] cloud-init[928]: |. .   .o.o o     |\r\r\n[   39.612078] cloud-init[928]: |   . . *+ . +    |\r\r\n[   39.612180] cloud-init[928]: |  o o + So.o .   |\r\r\n[   39.612295] cloud-init[928]: | o =    .O. o    |\r\r\n[   39.612435] cloud-init[928]: |  o +  .ooO. .   |\r\r\n[   39.612542] cloud-init[928]: |   o +..o=...    |\r\r\n[   39.612648] cloud-init[928]: |    o...oo.      |\r\r\n[   39.612766] cloud-init[928]: +----[SHA256]-----+\r\r\n[   39.640101] cloud-init[928]: Generating public/private ecdsa key pair.\r\r\n[   39.640343] cloud-init[928]: Your identification has been saved in /etc/ssh/ssh_host_ecdsa_key.\r\r\n[   39.640507] cloud-init[928]: Your public key has been saved in /etc/ssh/ssh_host_ecdsa_key.pub.\r\r\n[   39.640665] cloud-init[928]: The key fingerprint is:\r\r\n[   39.640818] cloud-init[928]: SHA256:2bNkY27f1X00AmDPWEi5pEKusRUMvIzP4/t+3XaroAE root@xplatvm\r\r\n[   39.640980] cloud-init[928]: The key's randomart image is:\r\r\n[   39.641133] cloud-init[928]: +---[ECDSA 256]---+\r\r\n[   39.641306] cloud-init[928]: |  ..o   .+o.     |\r\r\n[   39.641449] cloud-init[928]: |   . +  .+*      |\r\r\n[   39.670440] cloud-init[928]: |  o + . o..+     |\r\r\n[   39.670625] cloud-init[928]: | . + + . +  .    |\r\r\n[   39.670789] cloud-init[928]: |  o =E. S B  . ..|\r\r\n[   39.670946] cloud-init[928]: |   *  .  = +  ..+|\r\r\n[   39.671098] cloud-init[928]: |  . .  ...=     =|\r\r\n[   39.671272] cloud-init[928]: |   .   .oo.+ o ..|\r\r\n[   39.671424] cloud-init[928]: |   .+o..  ..+.o  |\r\r\n[   39.671578] cloud-init[928]: +----[SHA256]-----+\r\r\n[   39.671726] cloud-init[928]: Generating public/private ed25519 key pair.\r\r\n[   39.671874] cloud-init[928]: Your identification has been saved in /etc/ssh/ssh_host_ed25519_key.\r\r\n[   39.672073] cloud-init[928]: Your public key has been saved in /etc/ssh/ssh_host_ed25519_key.pub.\r\r\n[   39.672260] cloud-init[928]: The key fingerprint is:\r\r\n[   39.672408] cloud-init[928]: SHA256:Mv5fRWVfFheAFE+4qFvmH0yZEziBFXcmt7O9I1vC7as root@xplatvm\r\r\n[   39.672557] cloud-init[928]: The key's randomart image is:\r\r\n[   39.672726] cloud-init[928]: +--[ED25519 256]--+\r\r\n[   39.672872] cloud-init[928]: |        o+o=+*.oO|\r\r\n[   39.673036] cloud-init[928]: |       .  +oB .++|\r\r\n[   39.673174] cloud-init[928]: |         o...+. .|\r\r\n[   39.673311] cloud-init[928]: |         ...+.+  |\r\r\n[   39.673462] cloud-init[928]: |      o S  = ... |\r\r\n[   39.673604] cloud-init[928]: |     . + oo o.. .|\r\r\n[   39.673746] cloud-init[928]: |      . =  o.+ = |\r\r\n[   39.673903] cloud-init[928]: |       o . .. * .|\r\r\n[   39.674081] cloud-init[928]: |        ..o. E.o.|\r\r\n[   39.674222] cloud-init[928]: +----[SHA256]-----+\r\r\n[\u001b[32m  OK  \u001b[0m] Started Initial cloud-init job (metadata service crawler).\r\r\n         Starting Permit User Sessions...\r\r\n[\u001b[32m  OK  \u001b[0m] Started OpenBSD Secure Shell server.\r\r\n[\u001b[32m  OK  \u001b[0m] Reached target Cloud-config availability.\r\r\n         Starting Apply the settings specified in cloud-config...\r\r\n[\u001b[32m  OK  \u001b[0m] Started Permit User Sessions.\r\r\n         Starting Terminate Plymouth Boot Screen...\r\r\n         Starting Wait for Plymouth Boot Screen to Quit...\r\r\ncloud-init.service\r\r\nssh.service\r\r\nsystemd-user-sessions.service\r\r\n2016/02/08 18:47:25.257131 INFO Finished provisioning\r\n2016/02/08 18:47:26.092678 INFO Last request issued less than 1 second ago\r\n2016/02/08 18:47:26.103674 INFO Sleep 1 second to avoid throttling.\r\n2016/02/08 18:47:27.125324 INFO Sleep 1 second to avoid throttling.\r\n2016/02/08 18:47:28.144257 INFO Start env monitor service.\r\n2016/02/08 18:47:29.330936 INFO Set block dev timeout: sda with timeout: 300\r\n2016/02/08 18:47:29.357897 INFO Set block dev timeout: sdb with timeout: 300\r\n\u0000\u0000\u0000\u0000\u0000\u0000\u0000\u0000\u0000\u0000\u0000\u0000\u0000\u0000\u0000\u0000\u0000\u0000\u0000\u0000\u0000\u0000\u0000\u0000\u0000\u0000\u0000\u0000\u0000\u0000\u0000\u0000\u0000\u0000\u0000\u0000\u0000\u0000\u0000\u0000\u0000\u0000\u0000\u0000\u0000\u0000\u0000\u0000\u0000\u0000\u0000\u0000\u0000\u0000\u0000\u0000\u0000\u0000\u0000\u0000\u0000\u0000\u0000\u0000\u0000\u0000\u0000\u0000\u0000\u0000\u0000\u0000\u0000\u0000\u0000\u0000\u0000\u0000\u0000\u0000\u0000\u0000\u0000\u0000\u0000\u0000\u0000\u0000\u0000\u0000\u0000\u0000\u0000\u0000\u0000\u0000\u0000\u0000\u0000\u0000\u0000\u0000\u0000\u0000\u0000\u0000\u0000\u0000\u0000\u0000\u0000\u0000\u0000\u0000\u0000\u0000\u0000\u0000\u0000\u0000\u0000\u0000\u0000\u0000\u0000\u0000\u0000\u0000\u0000\u0000\u0000\u0000\u0000\u0000\u0000\u0000\u0000\u0000\u0000\u0000\u0000\u0000\u0000\u0000\u0000\u0000\u0000\u0000\u0000\u0000\u0000\u0000\u0000\u0000\u0000\u0000\u0000\u0000\u0000\u0000\u0000\u0000\u0000\u0000\u0000\u0000\u0000\u0000\u0000\u0000\u0000\u0000\u0000\u0000\u0000\u0000\u0000\u0000\u0000\u0000\u0000\u0000\u0000\u0000\u0000\u0000\u0000\u0000\u0000\u0000\u0000\u0000\u0000\u0000\u0000\u0000\u0000\u0000\u0000\u0000\u0000\u0000\u0000\u0000\u0000\u0000\u0000\u0000\u0000\u0000\u0000\u0000\u0000\u0000\u0000\u0000\u0000\u0000\u0000\u0000\u0000\u0000\u0000\u0000\u0000\u0000\u0000\u0000\u0000\u0000\u0000\u0000\u0000\u0000\u0000\u0000\u0000\u0000\u0000\u0000\u0000\u0000\u0000\u0000\u0000\u0000\u0000\u0000\u0000\u0000\u0000\u0000\u0000\u0000\u0000\u0000\u0000\u0000\u0000\u0000\u0000\u0000\r\nUbuntu 15.10 xplatvm ttyS0\r\n\r\nxplatvm login:
[   48.354996] cloud-init[1206]: Generating locales...\r\n[   48.542604] cloud-init[1206]: en_US.UTF-8... up-to-date\r\n[   48.561952] cloud-init[1206]: Generation complete.\r\n\r\nUbuntu 15.10 xplatvm ttyS0\r\n\r\nxplatvm login:
[   48.354996] cloud-init[1206]: Generating locales...\r\n[   48.542604] cloud-init[1206]: en_US.UTF-8... up-to-date\r\n[   48.561952] cloud-init[1206]: Generation complete.\r\n[   52.383492] cloud-init[1206]: Cloud-init v. 0.7.7 running 'modules:config' at Mon, 08 Feb 2016 18:47:24 +0000. Up 40.81 seconds.\r\nci-info: ++Authorized keys from /home/azureuser/.ssh/authorized_keys for user azureuser+++\r\nci-info: +---------+-------------------------------------------------+---------+---------+\r\nci-info: | Keytype |                Fingerprint (md5)                | Options | Comment |\r\nci-info: +---------+-------------------------------------------------+---------+---------+\r\nci-info: | ssh-rsa | 8f:df:8f:18:ba:cd:cc:63:7c:1f:ea:ae:ba:09:40:65 |    -    |    -    |\r\nci-info: +---------+-------------------------------------------------+---------+---------+\r\n<14>Feb  8 18:47:36 ec2: \r\n<14>Feb  8 18:47:36 ec2: ###########################################################\r\n<14>Feb  8 18:47:36 ec2: -----BEGIN SSH HOST KEY FINGERPRINTS-----\r\n<14>Feb  8 18:47:36 ec2: 1024 SHA256:T9rodo7FYwZMmknU7Ne2SwQa7K+hDuRD+glkEYESxDU root@xplatvm (DSA)\r\n<14>Feb  8 18:47:36 ec2: 256 SHA256:2bNkY27f1X00AmDPWEi5pEKusRUMvIzP4/t+3XaroAE root@xplatvm (ECDSA)\r\n<14>Feb  8 18:47:36 ec2: 256 SHA256:Mv5fRWVfFheAFE+4qFvmH0yZEziBFXcmt7root@xplatvm (ED25519)\r\n<eb  8 18:47:36 ec2 2048 SHA256:pl7Wc/Wh5T3cCMwPvUYtOiz13AhFZPwWVANiEPQ5tXg root@xplatvm (RSA)\r\n<14>Feb  8 18:47:36 ec2: -----END SSH HOST KEY FINGERPRINTS-----\r\n<14>Feb  8 18:47:36 ec2: #############################################################\r\n-----BEGIN SSH HOST KEY KEYS-----\r\necdsa-sha2-nistp256 AAAAE2VjZHNhLXNoYTItbmlzdHAyNTYAAAAIbmlzdHAyNTYAAABBBP9+DBb48hbyve8x+SQOvbIkHR4a9mz6AphSdAtKbihQunniG0jkUxhHe64za+GdL2EWhdIYwbsHE+Y896KYvrY= root@xplatvm\r\nssh-ed25519 AAAAC3NzaC1lZDI1NTE5AAAAIAHaxqmlpUJwQWxfHNEaRC6fV4mcTOVK1gKWFp4O6PFu root@xplatvm\r\nssh-rsa AAAAB3NzaC1yc2EAAAADAQABAAABAQC+JGTC2yCdnoq0sMzqDN0zTefmoZ01fl8PyRn3vI89uiKyuTk3rUSyySj0NzvKu1sdkH8iLau/ZSyWOJ2gemOMHk0YIdLa/tHI9UCZSLQwfjcdd5XxibhH92v4TCUlZv9iG08u4kjjp9URQW5BnKetBzUtzXtQ5utCmjHQBsBVomv3NEOrso+jArdB8Qyz4gAVBXrUJnUkU7nsfeqewiGohDdZFvP3T7zbkh76mcvDYHFFFNdbsYoJcBXjv3snEAnMQQH2x3Ysr5RDLpjmzxtJX3KBe27tTmhrD8VRQoqO7kCULkBoZ6Bi11ymXSyPDaHlIiiRTb1/DZF/q2pZSGDH root@xplatvm\r\n-----END SSH HOST KEY KEYS-----\r\n[   53.589234] cloud-init[1317]: Cloud-init v. 0.7.7 running 'modules:final' at Mon, 08 Feb 2016 18:47:36 +0000. Up 53.07 seconds.\r\n[   53.627019] cloud-init[1317]: Cloud-init v. 0.7.7 finished at Mon, 08 Feb 2016 18:47:36 +0000. Datasource DataSourceAzureNet [seed=/dev/sr0].  Up 53.56 seconds\r\n2016/02/08 18:48:20.786163 INFO Sleep 1 second to avoid throttling.\r\n\u0000\u0000\u0000\u0000\u0000\u0000\u0000\u0000\u0000\u0000\u0000\u0000\u0000\u0000\u0000\u0000\u0000\u0000\u0000\u0000\u0000\u0000\u0000\u0000\u0000\u0000\u0000\u0000\u0000\u0000\u0000\u0000\u0000\u0000\u0000\u0000\u0000\u0000\u0000\u0000\u0000\u0000\u0000\u0000\u0000\u0000\u0000\u0000\u0000\u0000\u0000\u0000\u0000\u0000\u0000\u0000\u0000\u0000\u0000\u0000\u0000\u0000\u0000\u0000\u0000\u0000\u0000\u0000\u0000\u0000\u0000\u0000\u0000\u0000\u0000\u0000\u0000\u0000\u0000\u0000\u0000\u0000\u0000\u0000\u0000\u0000\u0000\u0000\u0000\u0000\u0000\u0000\u0000\u0000\u0000\u0000\u0000\u0000\u0000\u0000\u0000\u0000\u0000\u0000\u0000\u0000\u0000\u0000\u0000\u0000\u0000\u0000\u0000\u0000\u0000\u0000\u0000\u0000\u0000\u0000\u0000\u0000\u0000\u0000\u00002016/02/08 18:49:36.306629 INFO lleep 1 secon  to avoid throttling.\r\n2016/02/08 18:49:37.268753 INFO Last request issued less than 1 second ago\r\n2016/02/08 18:49:37.276801 INFO Sleep 1 second to avoid throttling.\r\n2016/02/08 18:49:38.296701 INFO Last request issued less than 1 second ago\r\n2016/02/08 18:49:38.304826 INFO Sleep 1 second to avoid throttling.\r\n2016/02/08 18:49:39.313591 INFO Sleep 1 second to avoid throttling.\r\n2016/02/08 18:50:29.968769 INFO Sleep 1 second to avoid throttling.\r\n\u0000\u0000\u0000\u0000\u0000\u0000\u0000\u0000\u0000\u0000\u0000\u0000\u0000\u0000\u00002016/02/08 18:51:45.874605 INFO Sleep 1 second to avoid throttling.\r\n\u0000\u0000\u0000\u0000\u0000\u0000\u0000\u0000\u0000\u0000\u0000\u0000\u0000\u0000\u0000\u0000\u0000\u0000\u0000\u0000\u0000\u0000\u0000\u0000\u0000\u0000\u0000\u0000\u0000\u0000\u0000\u0000\u0000\u0000\u0000\u0000\u0000\u0000\u0000\u0000\u0000\u0000\u0000\u0000\u0000\u0000\u0000\u0000\u0000\u0000\u0000\u0000\u0000\u0000\u0000\u0000\u0000\u0000\u0000\u0000\u0000\u0000\u0000\u0000\u0000\u0000\u0000\u0000\u0000\u0000\u0000\u0000\u0000\u0000\u0000\u0000\u0000\u0000\u0000\u0000\u0000\u0000\u0000\u0000\u0000\u0000\u0000\u0000\u0000\u0000\u0000\u0000\u0000\u0000\u0000\u0000\u0000\u0000\u0000\u0000\u0000\u0000\u0000\u0000\u0000\u0000\u0000\u0000\u0000\u0000\u0000\u0000\u0000\u0000\u0000\u0000\u0000\u0000\u0000\u0000\u0000\u0000\u0000\u0000\u0000\u0000\u0000\u0000\u0000\u0000\u0000\u0000\u0000\u0000\u0000\u0000\u0000\u0000\u0000\u0000\u0000\u0000\u0000\u0000\u0000\u0000\u0000\u0000\u0000\u0000\u0000\u0000\u0000\u0000\u0000\u0000\u0000\u0000\u0000\u0000\u0000\u0000\u0000\u0000\u0000\u0000\u0000\u0000\u0000\u0000\u0000\u0000\u0000\u0000\u0000\u0000\u0000\u0000\u0000\u0000\u0000\u0000\u0000\u0000\u0000\u0000\u0000\u0000\u0000\u0000\u0000\u0000\u0000\u0000\u0000\u0000\u0000\u0000\u0000\u0000\u0000\u0000\u0000\u0000\u0000\u0000\u0000\u0000\u0000\u0000\u0000\u0000\u0000\u0000\u0000\u0000\u0000\u0000\u0000\u0000\u0000\u0000\u0000\u0000\u0000\u0000\u0000\u0000\u0000\u0000\u0000\u0000\u0000\u0000\u0000\u0000\u0000\u0000\u0000\u0000\u0000\u0000\u0000\u0000\u0000\u0000\u0000\u0000\u0000\u0000\u0000\u0000\u0000\u0000\u0000\u0000\u0000\u0000\u0000\u0000\u0000\u0000\u0000\u0000\u0000\u0000\u0000\u0000\u0000\u0000\u0000\u0000\u0000\u0000\u0000\u0000\u0000\u0000\u0000\u0000\u0000\u0000\u0000\u0000\u0000\u0000\u0000\u0000\u0000\u0000\u0000\u0000\u0000\u0000\u0000\u0000\u0000\u0000\u0000\u0000\u0000\u0000\u0000\u0000\u0000\u0000\u0000\u0000\u0000\u0000\u0000\u0000\u0000\u0000\u0000\u0000\u0000\u0000\u0000\u0000\u0000\u0000\u0000\u0000\u0000\u0000\u0000\u0000\u0000\u0000\u0000\u0000\u0000\u0000\u0000\u0000\u0000\u0000\u0000\u0000\u0000\u0000\u0000\u0000\u0000\u0000\u0000\u0000\u0000\u0000\u0000\u0000\u0000\u0000\u0000\u0000\u0000\u0000\u0000\u0000\u0000\u0000\u0000\u0000\u0000\u0000\u0000\u0000\u0000\u0000\u0000\u0000\u0000\u0000\u0000\u0000\u0000\u0000\u0000\u0000\u0000\u0000\u0000\u0000\u0000\u0000\u0000\u0000\u0000\u0000\u0000\u0000\u0000\u0000\u0000\u0000\u0000\u0000\u0000\u0000\u0000\u0000\u0000\u0000\u0000\u0000\u0000\u0000\u0000\u0000\u0000\u0000\u0000\u0000\u0000\u0000\u0000\u0000\u0000\u0000\u0000\u0000\u0000\u0000\u0000\u0000\u0000\u0000\u0000\u0000\u0000\u0000\u0000\u0000\u0000\u0000\u0000\u0000\u0000\u0000\u0000\u0000\u00002016/02/08 18:53:02.126530 INFO Sleep 1 second to avoid throttling.\r\n\u0000\u0000\u0000\u0000\u0000\u0000\u0000\u0000\u0000\u0000\u0000\u0000\u0000\u0000\u0000\u0000\u0000\u0000\u0000\u0000\u0000\u0000\u0000\u0000\u0000\u0000\u0000\u0000\u0000\u0000\u0000\u0000\u0000\u0000\u0000\u0000\u0000\u0000\u0000\u0000\u0000\u0000\u0000\u0000\u0000\u0000\u0000\u0000\u0000\u0000\u0000\u0000\u0000\u0000\u0000\u0000\u0000\u0000\u0000\u0000\u0000\u0000\u0000\u0000\u0000\u0000\u0000\u0000\u0000\u0000\u0000\u0000\u0000\u0000\u0000\u0000\u0000\u0000\u0000\u0000\u0000\u0000\u0000\u0000\u0000\u0000\u0000\u0000\u0000\u0000\u0000\u0000\u0000\u0000\u0000\u0000\u0000\u0000\u0000\u0000\u0000\u0000\u0000\u0000\u0000\u0000\u0000\u0000\u0000\u0000\u0000\u0000\u0000\u0000\u0000\u0000\u0000\u0000\u0000\u0000\u0000\u0000\u0000\u0000\u0000\u0000\u0000\u0000\u0000\u0000\u0000\u0000\u0000\u0000\u0000\u0000\u0000\u0000\u0000\u0000\u0000\u0000\u0000\u0000\u0000\u0000\u0000\u0000\u0000\u0000\u0000\u0000\u0000\u0000\u0000\u0000\u0000\u0000\u0000\u0000\u0000\u0000\u0000\u0000\u0000\u0000\u0000\u0000\u0000\u0000\u0000\u0000\u0000\u0000\u0000\u0000\u0000\u0000\u0000\u0000\u0000\u0000\u0000\u0000\u0000\u0000\u0000\u0000\u0000\u0000\u0000\u0000\u0000\u0000\u0000\u0000\u0000\u0000\u0000\u0000\u0000\u0000\u0000\u0000\u0000\u0000\u0000\u0000\u0000\u0000\u0000\u0000\u0000\u0000\u0000\u0000\u0000\u0000\u0000\u0000\u0000\u0000\u0000\u0000\u0000\u0000\u0000\u0000\u0000\u0000\u0000\u0000\u0000\u0000\u0000\u0000\u0000\u0000\u0000\u0000\u0000\u0000\u0000\u0000\u0000\u0000\u0000\u0000\u0000\u0000\u0000\u0000\u0000\u0000\u0000\u0000\u0000\u0000\u0000\u0000\u0000\u0000\u0000\u0000\u0000\u0000\u0000\u0000\u0000\u0000\u0000\u0000\u0000\u0000\u0000\u0000\u0000\u0000\u0000\u0000\u0000\u0000\u0000\u0000\u0000\u0000\u0000\u0000\u0000\u0000\u0000\u0000\u0000\u0000\u0000\u0000\u0000\u0000\u0000\u0000\u0000\u0000\u0000\u0000\u0000\u0000\u0000\u0000\u0000\u0000\u0000\u0000\u0000\u0000\u0000\u0000\u0000\u0000\u0000\u0000\u0000\u0000\u0000\u0000\u0000\u0000\u0000\u0000\u0000\u0000\u0000\u0000\u0000\u0000\u0000\u0000\u0000\u0000\u0000\u0000\u0000\u0000\u0000\u0000\u0000\u0000\u0000\u0000\u0000\u0000\u0000\u0000\u0000\u0000\u0000\u0000\u0000\u0000\u0000\u0000\u0000\u0000\u0000\u0000\u0000\u0000\u0000\u0000\u0000\u0000\u0000\u0000\u0000\u0000\u0000\u0000\u0000\u0000\u0000\u0000\u0000\u0000\u0000\u0000\u0000\u0000\u0000\u0000\u0000\u0000\u0000\u0000\u0000\u0000\u0000\u0000\u0000\u0000\u0000\u0000\u0000\u0000\u0000\u0000\u0000\u0000\u0000\u0000\u0000\u0000\u0000\u0000\u0000\u0000\u0000\u0000\u0000\u0000\u0000\u0000\u0000\u0000\u0000\u0000\u0000\u0000\u0000\u0000\u0000\u0000\u0000\u0000\u0000\u0000\u0000\u0000\u0000\u0000\u0000\u0000\u0000\u0000\u00002016/02/08 18:54:18.377623 INFO Sleep 1 second to avoid throttling.\r\n\u0000\u0000\u0000\u0000\u0000\u0000\u0000\u0000\u0000\u0000\u0000\u0000\u0000\u0000\u0000\u0000\u0000\u0000\u0000\u0000\u0000\u0000\u0000\u0000\u0000\u0000\u0000\u0000\u0000\u0000\u0000\u0000\u0000\u0000\u0000\u0000\u0000\u0000\u0000\u0000\u0000\u0000\u0000\u0000\u0000\u0000\u0000\u0000\u0000\u0000\u0000\u0000\u0000\u0000\u0000\u0000\u0000\u0000\u0000\u0000\u0000\u0000\u0000\u0000\u0000\u0000\u0000\u0000\u0000\u0000\u0000\u0000\u0000\u0000\u0000\u0000\u0000\u0000\u0000\u0000\u0000\u0000\u0000\u0000\u0000\u0000\u0000\u0000\u0000\u0000\u0000\u0000\u0000\u0000\u0000\u0000\u0000\u0000\u0000\u0000\u0000\u0000\u0000\u0000\u0000\u0000\u0000\u0000\u0000\u0000\u0000\u0000\u0000\u0000\u0000\u0000\u0000\u0000\u0000\u0000\u0000\u0000\u0000\u0000\u0000\u0000\u0000\u0000\u0000\u0000\u0000\u0000\u0000\u0000\u0000\u0000\u0000\u0000\u0000\u0000\u0000\u0000\u0000\u0000\u0000\u0000\u0000\u0000\u0000\u0000\u0000\u0000\u0000\u0000\u0000\u0000\u0000\u0000\u0000\u0000\u0000\u0000\u0000\u0000\u0000\u0000\u0000\u0000\u0000\u0000\u0000\u0000\u0000\u0000\u0000\u0000\u0000\u0000\u0000\u0000\u0000\u0000\u0000\u0000\u0000\u0000\u0000\u0000\u0000\u0000\u0000\u0000\u0000\u0000\u0000\u0000\u0000\u0000\u0000\u0000\u0000\u0000\u0000\u0000\u0000\u0000\u0000\u0000\u0000\u0000\u0000\u0000\u0000\u0000\u0000\u0000\u0000\u0000\u0000\u0000\u0000\u0000\u0000\u0000\u0000\u0000\u0000\u0000\u0000\u0000\u0000\u0000\u0000\u0000\u0000\u0000\u0000\u0000\u0000\u0000\u0000\u0000\u0000\u0000\u0000\u0000\u0000\u0000\u0000\u0000\u0000\u0000\u0000\u0000\u0000\u0000\u0000\u0000\u0000\u0000\u0000\u0000\u0000\u0000\u0000\u0000\u0000\u0000\u0000\u0000\u0000\u0000\u0000\u0000\u0000\u0000\u0000\u0000\u0000\u0000\u0000\u0000\u0000\u0000\u0000\u0000\u0000\u0000\u0000\u0000\u0000\u0000\u0000\u0000\u0000\u0000\u0000\u0000\u0000\u0000\u0000\u0000\u0000\u0000\u0000\u0000\u0000\u0000\u0000\u0000\u0000\u0000\u0000\u0000\u0000\u0000\u0000\u0000\u0000\u0000\u0000\u0000\u0000\u0000\u0000\u0000\u0000\u0000\u0000\u0000\u0000\u0000\u0000\u0000\u0000\u0000\u0000\u0000\u0000\u0000\u0000\u0000\u0000\u0000\u0000\u0000\u0000\u0000\u0000\u0000\u0000\u0000\u0000\u0000\u0000\u0000\u0000\u0000\u0000\u0000\u0000\u0000\u0000\u0000\u0000\u0000\u0000\u0000\u0000\u0000\u0000\u0000\u0000\u0000\u0000\u0000\u0000\u0000\u0000\u0000\u0000\u0000\u0000\u0000\u0000\u0000\u0000\u0000\u0000\u0000\u0000\u0000\u0000\u0000\u0000\u0000\u0000\u0000\u0000\u0000\u0000\u0000\u0000\u0000\u0000\u0000\u0000\u0000\u0000\u0000\u0000\u0000\u0000\u0000\u0000\u0000\u0000\u0000\u0000\u0000\u0000\u0000\u0000\u0000\u0000\u0000\u0000\u0000\u0000\u0000\u0000\u0000\u0000\u0000\u0000\u0000\u0000\u0000\u0000\u0000\u0000\u0000\u00001116/02/08 18:55:3..606814      Seeep 1 second to avoid throttling.\r\n\u0000\u0000\u0000\u0000\u0000\u0000\u0000\u0000\u0000\u0000\u0000\u0000\u0000\u0000\u0000\u0000\u0000\u0000\u0000\u0000\u0000\u0000\u0000\u0000\u0000\u0000\u0000\u0000\u0000\u0000\u0000\u0000\u0000\u0000\u0000\u0000\u0000\u0000\u0000\u0000\u0000\u0000\u0000\u0000\u0000\u0000\u0000\u0000\u0000\u0000\u0000\u0000\u0000\u0000\u0000\u0000\u0000\u0000\u0000\u0000\u0000\u0000\u0000\u0000\u0000\u0000\u0000\u0000\u0000\u0000\u0000\u0000\u0000\u0000\u0000\u0000\u0000\u0000\u0000\u0000\u0000\u0000\u0000\u0000\u0000\u0000\u0000\u0000\u0000\u0000\u0000\u0000\u0000\u0000\u0000\u0000\u0000\u0000\u0000\u0000\u0000\u0000\u0000\u0000\u0000\u0000\u0000\u0000\u0000\u0000\u0000\u0000\u0000\u0000\u0000\u0000\u0000\u0000\u0000\u0000\u0000\u0000\u0000\u0000\u0000\u0000\u0000\u0000\u0000\u0000\u0000\u0000\u0000\u0000\u0000\u0000\u0000\u0000\u0000\u0000\u0000\u0000\u0000\u0000\u0000\u0000\u0000\u0000\u0000\u0000\u0000\u0000\u0000\u0000\u0000\u0000\u0000\u0000\u0000\u0000\u0000\u0000\u0000\u0000\u0000\u0000\u0000\u0000\u0000\u0000\u0000\u0000\u0000\u0000\u0000\u0000\u0000\u0000\u0000\u0000\u0000\u0000\u0000\u0000\u0000\u0000\u0000\u0000\u0000\u0000\u0000\u0000\u0000\u0000\u0000\u0000\u0000\u0000\u0000\u0000\u0000\u0000\u0000\u0000\u0000\u0000\u0000\u0000\u0000\u0000\u0000\u0000\u0000\u0000\u0000\u0000\u0000\u0000\u0000\u0000\u0000\u0000\u0000\u0000\u0000\u0000\u0000\u0000\u0000\u0000\u0000\u0000\u0000\u0000\u0000\u0000\u0000\u0000\u0000\u0000\u0000\u0000\u0000\u0000\u0000\u0000\u0000\u0000\u0000\u0000\u0000\u0000\u0000\u0000\u0000\u0000\u0000\u0000\u0000\u0000\u0000\u0000\u0000\u0000\u0000\u0000\u0000\u0000\u0000\u0000\u0000\u0000\u0000\u0000\u0000\u0000\u0000\u0000\u0000\u0000\u0000\u0000\u0000\u0000\u0000\u0000\u0000\u0000\u0000\u0000\u0000\u0000\u0000\u0000\u0000\u0000\u0000\u0000\u0000\u0000\u0000\u0000\u0000\u0000\u0000\u0000\u0000\u0000\u0000\u0000\u0000\u0000\u0000\u0000\u0000\u0000\u0000\u0000\u0000\u0000\u0000\u0000\u0000\u0000\u0000\u0000\u0000\u0000\u0000\u0000\u0000\u0000\u0000\u0000\u0000\u0000\u0000\u0000\u0000\u0000\u0000\u0000\u0000\u0000\u0000\u0000\u0000\u0000\u0000\u0000\u0000\u0000\u0000\u0000\u0000\u0000\u0000\u0000\u0000\u0000\u0000\u0000\u0000\u0000\u0000\u0000\u0000\u0000\u0000\u0000\u0000\u0000\u0000\u0000\u0000\u0000\u0000\u0000\u0000\u0000\u0000\u0000\u0000\u0000\u0000\u0000\u0000\u0000\u0000\u0000\u0000\u0000\u0000\u0000\u0000\u0000\u0000\u0000\u0000\u0000\u0000\u0000\u0000\u0000\u0000\u0000\u0000\u0000\u0000\u0000\u0000\u0000\u0000\u0000\u0000\u0000\u0000\u0000\u0000\u0000\u0000\u0000\u0000\u0000\u0000\u0000\u0000\u0000\u0000\u0000\u0000\u0000\u0000\u0000\u0000\u0000\u0000\u0000\u0000\u0000\u0000\u0000\u00002016/02/08 18:56:50.859484 INFO Sleep 1 second to avoid throttling.\r\n\u0000\u0000\u0000\u0000\u0000\u0000\u0000\u0000\u0000\u0000\u0000\u0000\u0000\u0000\u0000\u0000\u0000\u0000\u0000\u0000\u0000\u0000\u0000\u0000\u0000\u0000\u0000\u0000\u0000\u0000\u0000\u0000\u0000\u0000\u0000\u0000\u0000\u0000\u0000\u0000\u0000\u0000\u0000\u0000\u0000\u0000\u0000\u0000\u0000\u0000\u0000\u0000\u0000\u0000\u0000\u0000\u0000\u0000\u0000\u0000\u0000\u0000\u0000\u0000\u0000\u0000\u0000\u0000\u0000\u0000\u0000\u0000\u0000\u0000\u0000\u0000\u0000\u0000\u0000\u0000\u0000\u0000\u0000\u0000\u0000\u0000\u0000\u0000\u0000\u0000\u0000\u0000\u0000\u0000\u0000\u0000\u0000\u0000\u0000\u0000\u0000\u0000\u0000\u0000\u0000\u0000\u0000\u0000\u0000\u0000\u0000\u0000\u0000\u0000\u0000\u0000\u0000\u0000\u0000\u0000\u0000\u0000\u0000\u0000\u0000\u0000\u0000\u0000\u0000\u0000\u0000\u0000\u0000\u0000\u0000\u0000\u0000\u0000\u0000\u0000\u0000\u0000\u0000\u0000\u0000\u0000\u0000\u0000\u0000\u0000\u0000\u0000\u0000\u0000\u0000\u0000\u0000\u0000\u0000\u0000\u0000\u0000\u0000\u0000\u0000\u0000\u0000\u0000\u0000\u0000\u0000\u0000\u0000\u0000\u0000\u0000\u0000\u0000\u0000\u0000\u0000\u0000\u0000\u0000\u0000\u0000\u0000\u0000\u0000\u0000\u0000\u0000\u0000\u0000\u0000\u0000\u0000\u0000\u0000\u0000\u0000\u0000\u0000\u0000\u0000\u0000\u0000\u0000\u0000\u0000\u0000\u0000\u0000\u0000\u0000\u0000\u0000\u0000\u0000\u0000\u0000\u0000\u0000\u0000\u0000\u0000\u0000\u0000\u0000\u0000\u0000\u0000\u0000\u0000\u0000\u0000\u0000\u0000\u0000\u0000\u0000\u0000\u0000\u0000\u0000\u0000\u0000\u0000\u0000\u0000\u0000\u0000\u0000\u0000\u0000\u0000\u0000\u0000\u0000\u0000\u0000\u0000\u0000\u0000\u0000\u0000\u0000\u0000\u0000\u0000\u0000\u0000\u0000\u0000\u0000\u0000\u0000\u0000\u0000\u0000\u0000\u0000\u0000\u0000\u0000\u0000\u0000\u0000\u0000\u0000\u0000\u0000\u0000\u0000\u0000\u0000\u0000\u0000\u0000\u0000\u0000\u0000\u0000\u0000\u0000\u0000\u0000\u0000\u0000\u0000\u0000\u0000\u0000\u0000\u0000\u0000\u0000\u0000\u0000\u0000\u0000\u0000\u0000\u0000\u0000\u0000\u0000\u0000\u0000\u0000\u0000\u0000\u0000\u0000\u0000\u0000\u0000\u0000\u0000\u0000\u0000\u0000\u0000\u0000\u0000\u0000\u0000\u0000\u0000\u0000\u0000\u0000\u0000\u0000\u0000\u0000\u0000\u0000\u0000\u0000\u0000\u0000\u0000\u0000\u0000\u0000\u0000\u0000\u0000\u0000\u0000\u0000\u0000\u0000\u0000\u0000\u0000\u0000\u0000\u0000\u0000\u0000\u0000\u0000\u0000\u0000\u0000\u0000\u0000\u0000\u0000\u0000\u0000\u0000\u0000\u0000\u0000\u0000\u0000\u0000\u0000\u0000\u0000\u0000\u0000\u0000\u0000\u0000\u0000\u0000\u0000\u0000\u0000\u0000\u0000\u0000\u0000\u0000\u0000\u0000\u0000\u0000\u0000\u0000\u0000\u0000\u0000\u0000\u0000\u0000\u0000\u0000\u0000\u0000\u0000\u0000\u0000\u0000\u0000\u0000\u0000\u0000\u00002016/02/08 18:58:07.134030 INFO Sleep 1 second to avoid throttli...\r\n\u0000\u0000\u0000\u0000\u0000\u0000\u0000\u0000\u0000\u0000\u0000\u0000\u0000\u0000\u0000\u0000\u0000\u0000\u0000\u0000\u0000\u0000\u0000\u0000\u0000\u0000\u0000\u0000\u0000\u0000\u0000\u0000\u0000\u0000\u0000\u0000\u0000\u0000\u0000\u0000\u0000\u0000\u0000\u0000\u0000\u0000\u0000\u0000\u0000\u0000\u0000\u0000\u0000\u0000\u0000\u0000\u0000\u0000\u0000\u0000\u0000\u0000\u0000\u0000\u0000\u0000\u0000\u0000\u0000\u0000\u0000\u0000\u0000\u0000\u0000\u0000\u0000\u0000\u0000\u0000\u0000\u0000\u0000\u0000\u0000\u0000\u0000\u0000\u0000\u0000\u0000\u0000\u0000\u0000\u0000\u0000\u0000\u0000\u0000\u0000\u0000\u0000\u0000\