// This file has been autogenerated.

var profile = require('../../../lib/util/profile');

exports.getMockedProfile = function () {
  var newProfile = new profile.Profile();

  newProfile.addSubscription(new profile.Subscription({
    id: 'e33f361b-53c2-4cc7-b829-78906708387b',
    name: 'Microsoft Azure Internal Consumption',
    user: {
      name: 'user@domain.example',
      type: 'servicePrincipal'
    },
    tenantId: '72f988bf-86f1-41af-91ab-2d7cd011db47',
    state: 'Enabled',
    registeredProviders: [],
    isDefault: true
  }, newProfile.environments['AzureCloud']));

  return newProfile;
};

exports.setEnvironment = function() {
  process.env['AZURE_VM_TEST_LOCATION'] = 'eastus';
  process.env['SSHCERT'] = 'test/myCert.pem';
};

exports.scopes = [[function (nock) { 
var result = 
nock('http://management.azure.com:443')
  .get('/subscriptions/e33f361b-53c2-4cc7-b829-78906708387b/resourceGroups/xplatTestGVMCreate8954/providers/Microsoft.Compute/virtualMachines/xplatvm?$expand=instanceView&api-version=2015-06-15')
  .reply(200, "{\r\n  \"properties\": {\r\n    \"vmId\": \"036956c3-f107-41fd-81a2-e71b97bef18e\",\r\n    \"hardwareProfile\": {\r\n      \"vmSize\": \"Standard_A1\"\r\n    },\r\n    \"storageProfile\": {\r\n      \"osDisk\": {\r\n        \"osType\": \"Linux\",\r\n        \"name\": \"cli82df2ec1f811ed20-os-1453869344528\",\r\n        \"createOption\": \"FromImage\",\r\n        \"image\": {\r\n          \"uri\": \"https://xplatteststorage14187.blob.core.windows.net/system/Microsoft.Compute/Images/vhds/xplatvm3-osDisk.b3c4529a-da17-49e6-a30e-8ca01b908560.vhd\"\r\n        },\r\n        \"vhd\": {\r\n          \"uri\": \"https://xplatteststorage14187.blob.core.windows.net/xplatteststoragecnt14550/cli82df2ec1f811ed20-os-1453869344528.vhd\"\r\n        },\r\n        \"caching\": \"ReadWrite\"\r\n      },\r\n      \"dataDisks\": []\r\n    },\r\n    \"osProfile\": {\r\n      \"computerName\": \"xplatvm\",\r\n      \"adminUsername\": \"azureuser\",\r\n      \"linuxConfiguration\": {\r\n        \"disablePasswordAuthentication\": false\r\n      },\r\n      \"secrets\": []\r\n    },\r\n    \"networkProfile\": {\"networkInterfaces\":[{\"id\":\"/subscriptions/e33f361b-53c2-4cc7-b829-78906708387b/resourceGroups/xplatTestGVMCreate8954/providers/Microsoft.Network/networkInterfaces/xplattestnic\"}]},\r\n    \"diagnosticsProfile\": {\r\n      \"bootDiagnostics\": {\r\n        \"enabled\": true,\r\n        \"storageUri\": \"https://xplatteststorage14187.blob.core.windows.net/\"\r\n      }\r\n    },\r\n    \"provisioningState\": \"Succeeded\",\r\n    \"instanceView\": {\r\n      \"vmAgent\": {\r\n        \"vmAgentVersion\": \"WALinuxAgent-2.0.14\",\r\n        \"statuses\": [\r\n          {\r\n            \"code\": \"ProvisioningState/succeeded\",\r\n            \"level\": \"Info\",\r\n            \"displayStatus\": \"Ready\",\r\n            \"message\": \"GuestAgent is running and accepting new configurations.\",\r\n            \"time\": \"2016-01-27T04:48:21+00:00\"\r\n          }\r\n        ],\r\n        \"extensionHandlers\": []\r\n      },\r\n      \"disks\": [\r\n        {\r\n          \"name\": \"cli82df2ec1f811ed20-os-1453869344528\",\r\n          \"statuses\": [\r\n            {\r\n              \"code\": \"ProvisioningState/succeeded\",\r\n              \"level\": \"Info\",\r\n              \"displayStatus\": \"Provisioning succeeded\",\r\n              \"time\": \"2016-01-27T04:36:16.6602831+00:00\"\r\n            }\r\n          ]\r\n        }\r\n      ],\r\n      \"bootDiagnostics\": {\r\n        \"consoleScreenshotBlobUri\": \"https://xplatteststorage14187.blob.core.windows.net/bootdiagnostics-xplatvm-036956c3-f107-41fd-81a2-e71b97bef18e/xplatvm.036956c3-f107-41fd-81a2-e71b97bef18e.screenshot.bmp\",\r\n        \"serialConsoleLogBlobUri\": \"https://xplatteststorage14187.blob.core.windows.net/bootdiagnostics-xplatvm-036956c3-f107-41fd-81a2-e71b97bef18e/xplatvm.036956c3-f107-41fd-81a2-e71b97bef18e.serialconsole.log\"\r\n      },\r\n      \"statuses\": [\r\n        {\r\n          \"code\": \"ProvisioningState/succeeded\",\r\n          \"level\": \"Info\",\r\n          \"displayStatus\": \"Provisioning succeeded\",\r\n          \"time\": \"2016-01-27T04:37:25.8155777+00:00\"\r\n        },\r\n        {\r\n          \"code\": \"PowerState/running\",\r\n          \"level\": \"Info\",\r\n          \"displayStatus\": \"VM running\"\r\n        }\r\n      ]\r\n    }\r\n  },\r\n  \"id\": \"/subscriptions/e33f361b-53c2-4cc7-b829-78906708387b/resourceGroups/xplatTestGVMCreate8954/providers/Microsoft.Compute/virtualMachines/xplatvm\",\r\n  \"name\": \"xplatvm\",\r\n  \"type\": \"Microsoft.Compute/virtualMachines\",\r\n  \"location\": \"eastus\",\r\n  \"tags\": {\r\n    \"a\": \"b\",\r\n    \"b\": \"c\",\r\n    \"d\": \"\"\r\n  }\r\n}", { 'cache-control': 'no-cache',
  pragma: 'no-cache',
  'content-length': '3369',
  'content-type': 'application/json; charset=utf-8',
  expires: '-1',
  'strict-transport-security': 'max-age=31536000; includeSubDomains',
  'x-ms-served-by': 'db2c81f2-c6fa-41a7-b70e-bc4bed3c3b56_130983411051883160',
  'x-ms-request-id': '390732e8-6d0c-42ab-9ced-db9a11f54c10',
  server: 'Microsoft-HTTPAPI/2.0, Microsoft-HTTPAPI/2.0',
  'x-ms-ratelimit-remaining-subscription-reads': '14967',
  'x-ms-correlation-request-id': '6b0e58b4-6585-45fd-95e5-df2787a22120',
  'x-ms-routing-request-id': 'CENTRALUS:20160127T044833Z:6b0e58b4-6585-45fd-95e5-df2787a22120',
  date: 'Wed, 27 Jan 2016 04:48:32 GMT',
  connection: 'close' });
 return result; },
function (nock) { 
var result = 
nock('https://management.azure.com:443')
  .get('/subscriptions/e33f361b-53c2-4cc7-b829-78906708387b/resourceGroups/xplatTestGVMCreate8954/providers/Microsoft.Compute/virtualMachines/xplatvm?$expand=instanceView&api-version=2015-06-15')
  .reply(200, "{\r\n  \"properties\": {\r\n    \"vmId\": \"036956c3-f107-41fd-81a2-e71b97bef18e\",\r\n    \"hardwareProfile\": {\r\n      \"vmSize\": \"Standard_A1\"\r\n    },\r\n    \"storageProfile\": {\r\n      \"osDisk\": {\r\n        \"osType\": \"Linux\",\r\n        \"name\": \"cli82df2ec1f811ed20-os-1453869344528\",\r\n        \"createOption\": \"FromImage\",\r\n        \"image\": {\r\n          \"uri\": \"https://xplatteststorage14187.blob.core.windows.net/system/Microsoft.Compute/Images/vhds/xplatvm3-osDisk.b3c4529a-da17-49e6-a30e-8ca01b908560.vhd\"\r\n        },\r\n        \"vhd\": {\r\n          \"uri\": \"https://xplatteststorage14187.blob.core.windows.net/xplatteststoragecnt14550/cli82df2ec1f811ed20-os-1453869344528.vhd\"\r\n        },\r\n        \"caching\": \"ReadWrite\"\r\n      },\r\n      \"dataDisks\": []\r\n    },\r\n    \"osProfile\": {\r\n      \"computerName\": \"xplatvm\",\r\n      \"adminUsername\": \"azureuser\",\r\n      \"linuxConfiguration\": {\r\n        \"disablePasswordAuthentication\": false\r\n      },\r\n      \"secrets\": []\r\n    },\r\n    \"networkProfile\": {\"networkInterfaces\":[{\"id\":\"/subscriptions/e33f361b-53c2-4cc7-b829-78906708387b/resourceGroups/xplatTestGVMCreate8954/providers/Microsoft.Network/networkInterfaces/xplattestnic\"}]},\r\n    \"diagnosticsProfile\": {\r\n      \"bootDiagnostics\": {\r\n        \"enabled\": true,\r\n        \"storageUri\": \"https://xplatteststorage14187.blob.core.windows.net/\"\r\n      }\r\n    },\r\n    \"provisioningState\": \"Succeeded\",\r\n    \"instanceView\": {\r\n      \"vmAgent\": {\r\n        \"vmAgentVersion\": \"WALinuxAgent-2.0.14\",\r\n        \"statuses\": [\r\n          {\r\n            \"code\": \"ProvisioningState/succeeded\",\r\n            \"level\": \"Info\",\r\n            \"displayStatus\": \"Ready\",\r\n            \"message\": \"GuestAgent is running and accepting new configurations.\",\r\n            \"time\": \"2016-01-27T04:48:21+00:00\"\r\n          }\r\n        ],\r\n        \"extensionHandlers\": []\r\n      },\r\n      \"disks\": [\r\n        {\r\n          \"name\": \"cli82df2ec1f811ed20-os-1453869344528\",\r\n          \"statuses\": [\r\n            {\r\n              \"code\": \"ProvisioningState/succeeded\",\r\n              \"level\": \"Info\",\r\n              \"displayStatus\": \"Provisioning succeeded\",\r\n              \"time\": \"2016-01-27T04:36:16.6602831+00:00\"\r\n            }\r\n          ]\r\n        }\r\n      ],\r\n      \"bootDiagnostics\": {\r\n        \"consoleScreenshotBlobUri\": \"https://xplatteststorage14187.blob.core.windows.net/bootdiagnostics-xplatvm-036956c3-f107-41fd-81a2-e71b97bef18e/xplatvm.036956c3-f107-41fd-81a2-e71b97bef18e.screenshot.bmp\",\r\n        \"serialConsoleLogBlobUri\": \"https://xplatteststorage14187.blob.core.windows.net/bootdiagnostics-xplatvm-036956c3-f107-41fd-81a2-e71b97bef18e/xplatvm.036956c3-f107-41fd-81a2-e71b97bef18e.serialconsole.log\"\r\n      },\r\n      \"statuses\": [\r\n        {\r\n          \"code\": \"ProvisioningState/succeeded\",\r\n          \"level\": \"Info\",\r\n          \"displayStatus\": \"Provisioning succeeded\",\r\n          \"time\": \"2016-01-27T04:37:25.8155777+00:00\"\r\n        },\r\n        {\r\n          \"code\": \"PowerState/running\",\r\n          \"level\": \"Info\",\r\n          \"displayStatus\": \"VM running\"\r\n        }\r\n      ]\r\n    }\r\n  },\r\n  \"id\": \"/subscriptions/e33f361b-53c2-4cc7-b829-78906708387b/resourceGroups/xplatTestGVMCreate8954/providers/Microsoft.Compute/virtualMachines/xplatvm\",\r\n  \"name\": \"xplatvm\",\r\n  \"type\": \"Microsoft.Compute/virtualMachines\",\r\n  \"location\": \"eastus\",\r\n  \"tags\": {\r\n    \"a\": \"b\",\r\n    \"b\": \"c\",\r\n    \"d\": \"\"\r\n  }\r\n}", { 'cache-control': 'no-cache',
  pragma: 'no-cache',
  'content-length': '3369',
  'content-type': 'application/json; charset=utf-8',
  expires: '-1',
  'strict-transport-security': 'max-age=31536000; includeSubDomains',
  'x-ms-served-by': 'db2c81f2-c6fa-41a7-b70e-bc4bed3c3b56_130983411051883160',
  'x-ms-request-id': '390732e8-6d0c-42ab-9ced-db9a11f54c10',
  server: 'Microsoft-HTTPAPI/2.0, Microsoft-HTTPAPI/2.0',
  'x-ms-ratelimit-remaining-subscription-reads': '14967',
  'x-ms-correlation-request-id': '6b0e58b4-6585-45fd-95e5-df2787a22120',
  'x-ms-routing-request-id': 'CENTRALUS:20160127T044833Z:6b0e58b4-6585-45fd-95e5-df2787a22120',
  date: 'Wed, 27 Jan 2016 04:48:32 GMT',
  connection: 'close' });
 return result; },
function (nock) { 
var result = 
nock('http://management.azure.com:443')
  .post('/subscriptions/e33f361b-53c2-4cc7-b829-78906708387b/resourceGroups/xplatTestGVMCreate8954/providers/Microsoft.Storage/storageAccounts/xplatteststorage14187/listKeys?api-version=2015-06-15')
  .reply(200, "{\"key1\":\"eW8K3lddLD/+CiHVstmdv2vFTsYQTfKAlt5a/JXZ3OZ2SopTHCjMnt1/zGthPS+GeybZpnk/iSPq1NErMsrkBA==\",\"key2\":\"xnAIedHhM9kUSrXsZoPGWA3ehR/ChjRp/soBi0/VmSdlDCVgdI2g4ENmKmvvP3xI3sXwro2perzcGc4IldPqFw==\"}\n", { 'cache-control': 'no-cache',
  pragma: 'no-cache',
  'content-length': '198',
  'content-type': 'application/json',
  expires: '-1',
  'x-ms-request-id': '48e93120-4172-4f91-bd69-038403e9fcca',
  server: 'Microsoft-Azure-Storage-Resource-Provider/1.0, Microsoft-HTTPAPI/2.0',
  'x-ms-ratelimit-remaining-subscription-writes': '1197',
  'x-ms-correlation-request-id': '48e93120-4172-4f91-bd69-038403e9fcca',
  'x-ms-routing-request-id': 'CENTRALUS:20160127T044833Z:48e93120-4172-4f91-bd69-038403e9fcca',
  'strict-transport-security': 'max-age=31536000; includeSubDomains',
  date: 'Wed, 27 Jan 2016 04:48:33 GMT',
  connection: 'close' });
 return result; },
function (nock) { 
var result = 
nock('https://management.azure.com:443')
  .post('/subscriptions/e33f361b-53c2-4cc7-b829-78906708387b/resourceGroups/xplatTestGVMCreate8954/providers/Microsoft.Storage/storageAccounts/xplatteststorage14187/listKeys?api-version=2015-06-15')
  .reply(200, "{\"key1\":\"eW8K3lddLD/+CiHVstmdv2vFTsYQTfKAlt5a/JXZ3OZ2SopTHCjMnt1/zGthPS+GeybZpnk/iSPq1NErMsrkBA==\",\"key2\":\"xnAIedHhM9kUSrXsZoPGWA3ehR/ChjRp/soBi0/VmSdlDCVgdI2g4ENmKmvvP3xI3sXwro2perzcGc4IldPqFw==\"}\n", { 'cache-control': 'no-cache',
  pragma: 'no-cache',
  'content-length': '198',
  'content-type': 'application/json',
  expires: '-1',
  'x-ms-request-id': '48e93120-4172-4f91-bd69-038403e9fcca',
  server: 'Microsoft-Azure-Storage-Resource-Provider/1.0, Microsoft-HTTPAPI/2.0',
  'x-ms-ratelimit-remaining-subscription-writes': '1197',
  'x-ms-correlation-request-id': '48e93120-4172-4f91-bd69-038403e9fcca',
  'x-ms-routing-request-id': 'CENTRALUS:20160127T044833Z:48e93120-4172-4f91-bd69-038403e9fcca',
  'strict-transport-security': 'max-age=31536000; includeSubDomains',
  date: 'Wed, 27 Jan 2016 04:48:33 GMT',
  connection: 'close' });
 return result; },
function (nock) { 
var result = 
nock('http://xplatteststorage14187.blob.core.windows.net:443')
  .head('/bootdiagnostics-xplatvm-036956c3-f107-41fd-81a2-e71b97bef18e/xplatvm.036956c3-f107-41fd-81a2-e71b97bef18e.serialconsole.log')
  .reply(200, "", { 'content-length': '64512',
  'last-modified': 'Wed, 27 Jan 2016 04:38:31 GMT',
  'accept-ranges': 'bytes',
  etag: '"0x8D326D3B589C042"',
  server: 'Windows-Azure-Blob/1.0 Microsoft-HTTPAPI/2.0',
  'x-ms-request-id': '62ea2976-0001-0075-38bd-584ff4000000',
  'x-ms-version': '2015-02-21',
  'x-ms-lease-status': 'unlocked',
  'x-ms-lease-state': 'available',
  'x-ms-blob-type': 'PageBlob',
  'x-ms-blob-sequence-number': '0',
  date: 'Wed, 27 Jan 2016 04:48:33 GMT',
  connection: 'close' });
 return result; },
function (nock) { 
var result = 
nock('https://xplatteststorage14187.blob.core.windows.net:443')
  .head('/bootdiagnostics-xplatvm-036956c3-f107-41fd-81a2-e71b97bef18e/xplatvm.036956c3-f107-41fd-81a2-e71b97bef18e.serialconsole.log')
  .reply(200, "", { 'content-length': '64512',
  'last-modified': 'Wed, 27 Jan 2016 04:38:31 GMT',
  'accept-ranges': 'bytes',
  etag: '"0x8D326D3B589C042"',
  server: 'Windows-Azure-Blob/1.0 Microsoft-HTTPAPI/2.0',
  'x-ms-request-id': '62ea2976-0001-0075-38bd-584ff4000000',
  'x-ms-version': '2015-02-21',
  'x-ms-lease-status': 'unlocked',
  'x-ms-lease-state': 'available',
  'x-ms-blob-type': 'PageBlob',
  'x-ms-blob-sequence-number': '0',
  date: 'Wed, 27 Jan 2016 04:48:33 GMT',
  connection: 'close' });
 return result; },
function (nock) { 
var result = 
nock('http://xplatteststorage14187.blob.core.windows.net:443')
  .get('/bootdiagnostics-xplatvm-036956c3-f107-41fd-81a2-e71b97bef18e/xplatvm.036956c3-f107-41fd-81a2-e71b97bef18e.serialconsole.log')
  .reply(200, "\u001b[H\u001b[J\u001b[1;1H[    0.000000] Initializing cgroup subsys cpuset\r\n[    0.000000] Initializing cgroup subsys cpu\r\n[    0.000000] Initializing cgroup subsys cpuacct\r\n[    0.000000] Linux version 3.19.0-47-generic (buildd@lgw01-56) (gcc version 4.9.2 (Ubuntu 4.9.2-10ubuntu13) ) #53-Ubuntu SMP Mon Jan 18 14:02:48 UTC 2016 (Ubuntu 3.19.0-47.53-generic 3.19.8-ckt10)\r\n[    0.000000] Command line: BOOT_IMAGE=/boot/vmlinuz-3.19.0-47-generic root=UUID=39dbc619-b3fa-4d08-8b49-5c548c9259f7 ro console=tty1 console=ttyS0 earlyprintk=ttyS0 rootdelay=300\r\n[    0.000000] KERNEL supported cpus:\r\n[    0.000000]   Intel GenuineIntel\r\n[    0.000000]   AMD AuthenticAMD\r\n[    0.000000]   Centaur CentaurHauls\r\n[    0.000000] e820: BIOS-provided physical RAM map:\r\n[    0.000000] BIOS-e820: [mem 0x0000000000000000-0x000000000009fbff] usable\r\n[    0.000000] BIOS-e820: [mem 0x000000000009fc00-0x000000000009ffff] reserved\r\n[    0.000000] BIOS-e820: [mem 0x00000000000e0000-0x00000000000fffff] reserved\r\n[    0.000000] BIOS-e820: [mem 0x0000000000100000-0x000000001ffeffff] usable\r\n[    0.000000] BIOS-e820: [mem 0x000000001fff0000-0x000000001fffefff] ACPI data\r\n[    0.000000] BIOS-e820: [mem 0x000000001ffff000-0x000000001fffffff] ACPI NVS\r\n[    0.000000] BIOS-e820: [mem 0x0000000100000000-0x000000014fffffff] usable\r\n[    0.000000] bootconsole [earlyser0] enabled\r\n[    0.000000] NX (Execute Disable) protection: active\r\n[    0.000000] SMBIOS 2.3 present.\r\n[    0.000000] Hypervisor detected: Microsoft HyperV\r\n[    0.000000] HyperV: features 0xe7f, hints 0x2c\r\n[    0.000000] HyperV: LAPIC Timer Frequency: 0xc3500\r\n[    0.000000] tsc: Marking TSC unstable due to running on Hyper-V\r\n[    0.000000] AGP: No AGP bridge found\r\n[    0.000000] e820: last_pfn = 0x150000 max_arch_pfn = 0x400000000\r\n[    0.000000] PAT configuration [0-7]: WB  WC  UC- UC  WB  WC  UC- UC  \r\n[    0.000000] e820: last_pfn = 0x1fff0 max_arch_pfn = 0x400000000\r\n[    0.000000] found SMP MP-table at [mem 0x000ff780-0x000ff78f] mapped at [ffff8800000ff780]\r\n[    0.000000] Scanning 1 areas for low memory corruption\r\n[    0.000000] init_memory_mapping: [mem 0x00000000-0x000fffff]\r\n[    0.000000] init_memory_mapping: [mem 0x14fe00000-0x14fffffff]\r\n[    0.000000] init_memory_mapping: [mem 0x140000000-0x14fdfffff]\r\n[    0.000000] init_memory_mapping: [mem 0x120000000-0x13fffffff]\r\n[    0.000000] init_memory_mapping: [mem 0x00100000-0x1ffeffff]\r\n[    0.000000] init_memory_mapping: [mem 0x100000000-0x11fffffff]\r\n[    0.000000] RAMDISK: [mem 0x1dd1d000-0x1f7b7fff]\r\n[    0.000000] ACPI: Early table checksum verification disabled\r\n[    0.000000] ACPI: RSDP 0x00000000000F56F0 000014 (v00 ACPIAM)\r\n[    0.000000] ACPI: RSDT 0x000000001FFF0000 000040 (v01 VRTUAL MICROSFT 05001223 MSFT 00000097)\r\n[    0.000000] ACPI: FACP 0x000000001FFF0200 000081 (v02 VRTUAL MICROSFT 05001223 MSFT 00000097)\r\n[    0.000000] ACPI: DSDT 0x000000001FFF1724 002E78 (v01 MSFTVM MSFTVM02 00000002 INTL 02002026)\r\n[    0.000000] ACPI: FACS 0x000000001FFFF000 000040\r\n[    0.000000] ACPI: WAET 0x000000001FFF1480 000028 (v01 VRTUAL MICROSFT 05001223 MSFT 00000097)\r\n[    0.000000] ACPI: SLIC 0x000000001FFF14C0 000176 (v01 VRTUAL MICROSFT 05001223 MSFT 00000097)\r\n[    0.000000] ACPI: OEM0 0x000000001FFF16C0 000064 (v01 VRTUAL MICROSFT 05001223 MSFT 00000097)\r\n[    0.000000] ACPI: SRAT 0x000000001FFF0600 000090 (v02 VRTUAL MICROSFT 00000001 MSFT 00000001)\r\n[    0.000000] ACPI: APIC 0x000000001FFF0300 00024C (v01 VRTUAL MICROSFT 05001223 MSFT 00000097)\r\n[    0.000000] ACPI: OEMB 0x000000001FFFF040 000064 (v01 VRTUAL MICROSFT 05001223 MSFT 00000097)\r\n[    0.000000] SRAT: PXM 0 -> APIC 0x00 -> Node 0\r\n[    0.000000] SRAT: Node 0 PXM 0 [mem 0x00000000-0x1fffffff]\r\n[    0.000000] SRAT: Node 0 PXM 0 [mem 0x100000000-0x14fffffff]\r\n[    0.000000] NUMA: Node 0 [mem 0x00000000-0x1fffffff] + [mem 0x100000000-0x14fffffff] -> [mem 0x00000000-0x14fffffff]\r\n[    0.000000] NODE_DATA(0) allocated [mem 0x14fffa000-0x14fffefff]\r\n[    0.000000] Zone ranges:\r\n[    0.000000]   DMA      [mem 0x00001000-0x00ffffff]\r\n[    0.000000]   DMA32    [mem 0x01000000-0xffffffff]\r\n[    0.000000]   Normal   [mem 0x100000000-0x14fffffff]\r\n[    0.000000] Movable zone start for each node\r\n[    0.000000] Early memory node ranges\r\n[    0.000000]   node   0: [mem 0x00001000-0x0009efff]\r\n[    0.000000]   node   0: [mem 0x00100000-0x1ffeffff]\r\n[    0.000000]   node   0: [mem 0x100000000-0x14fffffff]\r\n[    0.000000] Initmem setup node 0 [mem 0x00001000-0x14fffffff]\r\n[    0.000000] ACPI: PM-Timer IO Port: 0x408\r\n[    0.000000] ACPI: LAPIC (acpi_id[0x01] lapic_id[0x00] enabled)\r\n[    0.000000] ACPI: LAPIC (acpi_id[0x02] lapic_id[0x01] disabled)\r\n[    0.000000] ACPI: LAPIC (acpi_id[0x03] lapic_id[0x02] disabled)\r\n[    0.000000] ACPI: LAPIC (acpi_id[0x04] lapic_id[0x03] disabled)\r\n[    0.000000] ACPI: LAPIC (acpi_id[0x05] lapic_id[0x04] disabled)\r\n[    0.000000] ACPI: LAPIC (acpi_id[0x06] lapic_id[0x05] disabled)\r\n[    0.000000] ACPI: LAPIC (acpi_id[0x07] lapic_id[0x06] disabled)\r\n[    0.000000] ACPI: LAPIC (acpi_id[0x08] lapic_id[0x07] disabled)\r\n[    0.000000] ACPI: LAPIC (acpi_id[0x09] lapic_id[0x08] disabled)\r\n[    0.000000] ACPI: LAPIC (acpi_id[0x0a] lapic_id[0x09] disabled)\r\n[    0.000000] ACPI: LAPIC (acpi_id[0x0b] lapic_id[0x0a] disabled)\r\n[    0.000000] ACPI: LAPIC (acpi_id[0x0c] lapic_id[0x0b] disabled)\r\n[    0.000000] ACPI: LAPIC (acpi_id[0x0d] lapic_id[0x0c] disabled)\r\n[    0.000000] ACPI: LAPIC (acpi_id[0x0e] lapic_id[0x0d] disabled)\r\n[    0.000000] ACPI: LAPIC (acpi_id[0x0f] lapic_id[0x0e] disabled)\r\n[    0.000000] ACPI: LAPIC (acpi_id[0x10] lapic_id[0x0f] disabled)\r\n[    0.000000] ACPI: LAPIC (acpi_id[0x11] lapic_id[0x10] disabled)\r\n[    0.000000] ACPI: LAPIC (acpi_id[0x12] lapic_id[0x11] disabled)\r\n[    0.000000] ACPI: LAPIC (acpi_id[0x13] lapic_id[0x12] disabled)\r\n[    0.000000] ACPI: LAPIC (acpi_id[0x14] lapic_id[0x13] disabled)\r\n[    0.000000] ACPI: LAPIC (acpi_id[0x15] lapic_id[0x14] disabled)\r\n[    0.000000] ACPI: LAPIC (acpi_id[0x16] lapic_id[0x15] disabled)\r\n[    0.000000] ACPI: LAPIC (acpi_id[0x17] lapic_id[0x16] disabled)\r\n[    0.000000] ACPI: LAPIC (acpi_id[0x18] lapic_id[0x17] disabled)\r\n[    0.000000] ACPI: LAPIC (acpi_id[0x19] lapic_id[0x18] disabled)\r\n[    0.000000] ACPI: LAPIC (acpi_id[0x1a] lapic_id[0x19] disabled)\r\n[    0.000000] ACPI: LAPIC (acpi_id[0x1b] lapic_id[0x1a] disabled)\r\n[    0.000000] ACPI: LAPIC (acpi_id[0x1c] lapic_id[0x1b] disabled)\r\n[    0.000000] ACPI: LAPIC (acpi_id[0x1d] lapic_id[0x1c] disabled)\r\n[    0.000000] ACPI: LAPIC (acpi_id[0x1e] lapic_id[0x1d] disabled)\r\n[    0.000000] ACPI: LAPIC (acpi_id[0x1f] lapic_id[0x1e] disabled)\r\n[    0.000000] ACPI: LAPIC (acpi_id[0x20] lapic_id[0x1f] disabled)\r\n[    0.000000] ACPI: LAPIC (acpi_id[0x21] lapic_id[0x20] disabled)\r\n[    0.000000] ACPI: LAPIC (acpi_id[0x22] lapic_id[0x21] disabled)\r\n[    0.000000] ACPI: LAPIC (acpi_id[0x23] lapic_id[0x22] disabled)\r\n[    0.000000] ACPI: LAPIC (acpi_id[0x24] lapic_id[0x23] disabled)\r\n[    0.000000] ACPI: LAPIC (acpi_id[0x25] lapic_id[0x24] disabled)\r\n[    0.000000] ACPI: LAPIC (acpi_id[0x26] lapic_id[0x25] disabled)\r\n[    0.000000] ACPI: LAPIC (acpi_id[0x27] lapic_id[0x26] disabled)\r\n[    0.000000] ACPI: LAPIC (acpi_id[0x28] lapic_id[0x27] disabled)\r\n[    0.000000] ACPI: LAPIC (acpi_id[0x29] lapic_id[0x28] disabled)\r\n[    0.000000] ACPI: LAPIC (acpi_id[0x2a] lapic_id[0x29] disabled)\r\n[    0.000000] ACPI: LAPIC (acpi_id[0x2b] lapic_id[0x2a] disabled)\r\n[    0.000000] ACPI: LAPIC (acpi_id[0x2c] lapic_id[0x2b] disabled)\r\n[    0.000000] ACPI: LAPIC (acpi_id[0x2d] lapic_id[0x2c] disabled)\r\n[    0.000000] ACPI: LAPIC (acpi_id[0x2e] lapic_id[0x2d] disabled)\r\n[    0.000000] ACPI: LAPIC (acpi_id[0x2f] lapic_id[0x2e] disabled)\r\n[    0.000000] ACPI: LAPIC (acpi_id[0x30] lapic_id[0x2f] disabled)\r\n[    0.000000] ACPI: LAPIC (acpi_id[0x31] lapic_id[0x30] disabled)\r\n[    0.000000] ACPI: LAPIC (acpi_id[0x32] lapic_id[0x31] disabled)\r\n[    0.000000] ACPI: LAPIC (acpi_id[0x33] lapic_id[0x32] disabled)\r\n[    0.000000] ACPI: LAPIC (acpi_id[0x34] lapic_id[0x33] disabled)\r\n[    0.000000] ACPI: LAPIC (acpi_id[0x35] lapic_id[0x34] disabled)\r\n[    0.000000] ACPI: LAPIC (acpi_id[0x36] lapic_id[0x35] disabled)\r\n[    0.000000] ACPI: LAPIC (acpi_id[0x37] lapic_id[0x36] disabled)\r\n[    0.000000] ACPI: LAPIC (acpi_id[0x38] lapic_id[0x37] disabled)\r\n[    0.000000] ACPI: LAPIC (acpi_id[0x39] lapic_id[0x38] disabled)\r\n[    0.000000] ACPI: LAPIC (acpi_id[0x3a] lapic_id[0x39] disabled)\r\n[    0.000000] ACPI: LAPIC (acpi_id[0x3b] lapic_id[0x3a] disabled)\r\n[    0.000000] ACPI: LAPIC (acpi_id[0x3c] lapic_id[0x3b] disabled)\r\n[    0.000000] ACPI: LAPIC (acpi_id[0x3d] lapic_id[0x3c] disabled)\r\n[    0.000000] ACPI: LAPIC (acpi_id[0x3e] lapic_id[0x3d] disabled)\r\n[    0.000000] ACPI: LAPIC (acpi_id[0x3f] lapic_id[0x3e] disabled)\r\n[    0.000000] ACPI: LAPIC (acpi_id[0x40] lapic_id[0x3f] disabled)\r\n[    0.000000] ACPI: IOAPIC (id[0x00] address[0xfec00000] gsi_base[0])\r\n[    0.000000] IOAPIC[0]: apic_id 0, version 17, address 0xfec00000, GSI 0-23\r\n[    0.000000] ACPI: INT_SRC_OVR (bus 0 bus_irq 0 global_irq 2 dfl dfl)\r\n[    0.000000] ACPI: INT_SRC_OVR (bus 0 bus_irq 9 global_irq 9 high level)\r\n[    0.000000] Using ACPI (MADT) for SMP configuration information\r\n[    0.000000] smpboot: Allowing 64 CPUs, 63 hotplug CPUs\r\n[    0.000000] PM: Registered nosave memory: [mem 0x00000000-0x00000fff]\r\n[    0.000000] PM: Registered nosave memory: [mem 0x0009f000-0x0009ffff]\r\n[    0.000000] PM: Registered nosave memory: [mem 0x000a0000-0x000dffff]\r\n[    0.000000] PM: Registered nosave memory: [mem 0x000e0000-0x000fffff]\r\n[    0.000000] PM: Registered nosave memory: [mem 0x1fff0000-0x1fffefff]\r\n[    0.000000] PM: Registered nosave memory: [mem 0x1ffff000-0x1fffffff]\r\n[    0.000000] PM: Registered nosave memory: [mem 0x20000000-0xffffffff]\r\n[    0.000000] e820: [mem 0x20000000-0xffffffff] available for PCI devices\r\n[    0.000000] Booting paravirtualized kernel on bare hardware\r\n[    0.000000] setup_percpu: NR_CPUS:256 nr_cpumask_bits:256 nr_cpu_ids:64 nr_node_ids:1\r\n[    0.000000] PERCPU: Embedded 31 pages/cpu @ffff88014d200000 s87104 r8192 d31680 u131072\r\n[    0.000000] Built 1 zonelists in Node order, mobility grouping on.  Total pages: 451449\r\n[    0.000000] Policy zone: Normal\r\n[    0.000000] Kernel command line: BOOT_IMAGE=/boot/vmlinuz-3.19.0-47-generic root=UUID=39dbc619-b3fa-4d08-8b49-5c548c9259f7 ro console=tty1 console=ttyS0 earlyprintk=ttyS0 rootdelay=300\r\n[    0.000000] log_buf_len individual max cpu contribution: 4096 bytes\r\n[    0.000000] log_buf_len total cpu_extra contributions: 258048 bytes\r\n[    0.000000] log_buf_len min size: 262144 bytes\r\n[    0.000000] log_buf_len: 524288 bytes\r\n[    0.000000] early log buf free: 248668(94%)\r\n[    0.000000] PID hash table entries: 4096 (order: 3, 32768 bytes)\r\n[    0.000000] xsave: enabled xstate_bv 0x7, cntxt size 0x340 using standard form\r\n[    0.000000] AGP: Checking aperture...\r\n[    0.000000] AGP: No AGP bridge found\r\n[    0.000000] Memory: 1687480K/1834552K available (8007K kernel code, 1234K rwdata, 3764K rodata, 1408K init, 1300K bss, 147072K reserved, 0K cma-reserved)\r\n[    0.000000] SLUB: HWalign=64, Order=0-3, MinObjects=0, CPUs=64, Nodes=1\r\n[    0.000000] Hierarchical RCU implementation.\r\n[    0.000000] \tRCU dyntick-idle grace-period acceleration is enabled.\r\n[    0.000000] \tRCU restricting CPUs from NR_CPUS=256 to nr_cpu_ids=64.\r\n[    0.000000] RCU: Adjusting geometry for rcu_fanout_leaf=16, nr_cpu_ids=64\r\n[    0.000000] NR_IRQS:16640 nr_irqs:936 16\r\n[    0.000000] \tOffload RCU callbacks from all CPUs\r\n[    0.000000] \tOffload RCU callbacks from CPUs: 0-63.\r\n[    0.000000] Console: colour VGA+ 80x25\r\n[    0.000000] console [tty1] enabled\r\n[    0.000000] console [ttyS0] enabled\r\n[    0.000000] console [ttyS0] enabled\r\n[    0.000000] bootconsole [earlyser0] disabled\r\n[    0.000000] bootconsole [earlyser0] disabled\r\n[    0.000000] tsc: Fast TSC calibration failed\r\n[    0.000000] tsc: Unable to calibrate against PIT\r\n[    0.000000] tsc: using PMTIMER reference calibration\r\n[    0.000000] tsc: Detected 2394.448 MHz processor\r\n[    0.012025] Calibrating delay loop (skipped), value calculated using timer frequency.. 4788.89 BogoMIPS (lpj=9577792)\r\n[    0.013418] pid_max: default: 65536 minimum: 512\r\n[    0.016041] ACPI: Core revision 20141107\r\n[    0.020456] ACPI: All ACPI Tables successfully acquired\r\n[    0.022185] Security Framework initialized\r\n[    0.022905] AppArmor: AppArmor initialized\r\n[    0.023609] Yama: becoming mindful.\r\n[    0.024148] Dentry cache hash table entries: 262144 (order: 9, 2097152 bytes)\r\n[    0.025250] Inode-cache hash table entries: 131072 (order: 8, 1048576 bytes)\r\n[    0.026189] Mount-cache hash table entries: 4096 (order: 3, 32768 bytes)\r\n[    0.028021] Mountpoint-cache hash table entries: 4096 (order: 3, 32768 bytes)\r\n[    0.029296] Initializing cgroup subsys memory\r\n[    0.030002] Initializing cgroup subsys devices\r\n[    0.030685] Initializing cgroup subsys freezer\r\n[    0.032015] Initializing cgroup subsys net_cls\r\n[    0.032698] Initializing cgroup subsys blkio\r\n[    0.033251] Initializing cgroup subsys perf_event\r\n[    0.033882] Initializing cgroup subsys net_prio\r\n[    0.034426] Initializing cgroup subsys hugetlb\r\n[    0.036217] mce: CPU supports 1 MCE banks\r\n[    0.036924] Last level iTLB entries: 4KB 1024, 2MB 1024, 4MB 1024\r\n[    0.036924] Last level dTLB entries: 4KB 1024, 2MB 1024, 4MB 1024, 1GB 4\r\n[    0.061070] ftrace: allocating 30124 entries in 118 pages\r\n[    0.076118] Switched APIC routing to physical flat.\r\n[    0.098160] ..TIMER: vector=0x30 apic1=0 pin1=2 apic2=-1 pin2=-1\r\n[    0.104001] smpboot: CPU0: Intel(R) Xeon(R) CPU E5-2673 v3 @ 2.40GHz (fam: 06, model: 3f, stepping: 02)\r\n[    0.120125] Performance Events: unsupported p6 CPU model 63 no PMU driver, software events only.\r\n[    0.136884] x86: Booted up 1 node, 1 CPUs\r\n[    0.140004] smpboot: Total of 1 processors activated (4788.89 BogoMIPS)\r\n[    0.144007] NMI watchdog: disabled (cpu0): hardware events not enabled\r\n[    0.153867] devtmpfs: initialized\r\n[    0.161689] evm: security.selinux\r\n[    0.164004] evm: security.SMACK64\r\n[    0.168000] evm: security.SMACK64EXEC\r\n[    0.172001] evm: security.SMACK64TRANSMUTE\r\n[    0.176000] evm: security.SMACK64MMAP\r\n[    0.180001] evm: security.ima\r\n[    0.184000] evm: security.capability\r\n[    0.188064] PM: Registering ACPI NVS region [mem 0x1ffff000-0x1fffffff] (4096 bytes)\r\n[    0.192250] pinctrl core: initialized pinctrl subsystem\r\n[    0.196308] RTC time:  4:36:50, date: 01/27/16\r\n[    0.200135] NET: Registered protocol family 16\r\n[    0.204165] cpuidle: using governor ladder\r\n[    0.208004] cpuidle: using governor menu\r\n[    0.212054] ACPI: bus type PCI registered\r\n[    0.216003] acpiphp: ACPI Hot Plug PCI Controller Driver version: 0.5\r\n[    0.220263] PCI: Using configuration type 1 for base access\r\n[    0.225216] ACPI: Added _OSI(Module Device)\r\n[    0.228002] ACPI: Added _OSI(Processor Device)\r\n[    0.232002] ACPI: Added _OSI(3.0 _SCP Extensions)\r\n[    0.236001] ACPI: Added _OSI(Processor Aggregator Device)\r\n[    0.245323] ACPI: Interpreter enabled\r\n[    0.248005] ACPI Exception: AE_NOT_FOUND, While evaluating Sleep State [\\_S1_] (20141107/hwxface-580)\r\n[    0.260002] ACPI Exception: AE_NOT_FOUND, While evaluating Sleep State [\\_S2_] (20141107/hwxface-580)\r\n[    0.272001] ACPI Exception: AE_NOT_FOUND, While evaluating Sleep State [\\_S3_] (20141107/hwxface-580)\r\n[    0.284002] ACPI Exception: AE_NOT_FOUND, While evaluating Sleep State [\\_S4_] (20141107/hwxface-580)\r\n[    0.296005] ACPI: (supports S0 S5)\r\n[    0.300004] ACPI: Using IOAPIC for interrupt routing\r\n[    0.304023] PCI: Using host bridge windows from ACPI; if necessary, use \"pci=nocrs\" and report a bug\r\n[    0.316443] ACPI: PCI Root Bridge [PCI0] (domain 0000 [bus 00-ff])\r\n[    0.320005] acpi PNP0A03:00: _OSC: OS supports [ASPM ClockPM Segments MSI]\r\n[    0.324005] acpi PNP0A03:00: _OSC failed (AE_NOT_FOUND); disabling ASPM\r\n[    0.328688] acpi PNP0A03:00: fail to add MMCONFIG information, can't access extended PCI configuration space under this bridge.\r\n[    0.332090] PCI host bridge to bus 0000:00\r\n[    0.336002] pci_bus 0000:00: root bus resource [bus 00-ff]\r\n[    0.340002] pci_bus 0000:00: root bus resource [mem 0xfe0000000-0xfffefffff]\r\n[    0.344001] pci_bus 0000:00: root bus resource [io  0x0000-0x0cf7]\r\n[    0.348004] pci_bus 0000:00: root bus resource [io  0x0d00-0xffff]\r\n[    0.352002] pci_bus 0000:00: root bus resource [mem 0x000a0000-0x000bffff]\r\n[    0.356001] pci_bus 0000:00: root bus resource [mem 0x20000000-0xfffbffff]\r\n[    0.368382] pci 0000:00:07.1: legacy IDE quirk: reg 0x10: [io  0x01f0-0x01f7]\r\n[    0.372002] pci 0000:00:07.1: legacy IDE quirk: reg 0x14: [io  0x03f6]\r\n[    0.376004] pci 0000:00:07.1: legacy IDE quirk: reg 0x18: [io  0x0170-0x0177]\r\n[    0.380001] pci 0000:00:07.1: legacy IDE quirk: reg 0x1c: [io  0x0376]\r\n[    0.384353] * Found PM-Timer Bug on the chipset. Due to workarounds for a bug,\r\n[    0.384353] * this clock source is slow. Consider trying other clock sources\r\n[    0.392786] pci 0000:00:07.3: quirk: [io  0x0400-0x043f] claimed by PIIX4 ACPI\r\n[    0.407440] ACPI: PCI Interrupt Link [LNKA] (IRQs 3 4 5 7 9 10 *11 12 14 15)\r\n[    0.425414] ACPI: PCI Interrupt Link [LNKB] (IRQs 3 4 5 7 9 10 11 12 14 15) *0, disabled.\r\n[    0.447781] ACPI: PCI Interrupt Link [LNKC] (IRQs 3 4 5 7 9 10 11 12 14 15) *0, disabled.\r\n[    0.469435] ACPI: PCI Interrupt Link [LNKD] (IRQs 3 4 5 7 9 10 11 12 14 15) *0, disabled.\r\n[    0.489358] ACPI: Enabled 1 GPEs in block 00 to 0F\r\n[    0.492132] vgaarb: setting as boot device: PCI:0000:00:08.0\r\n[    0.496000] vgaarb: device added: PCI:0000:00:08.0,decodes=io+mem,owns=io+mem,locks=none\r\n[    0.496001] vgaarb: loaded\r\n[    0.500001] vgaarb: bridge control possible 0000:00:08.0\r\n[    0.504199] SCSI subsystem initialized\r\n[    0.508084] ACPI: bus type USB registered\r\n[    0.512023] usbcore: registered new interface driver usbfs\r\n[    0.516010] usbcore: registered new interface driver hub\r\n[    0.520032] usbcore: registered new device driver usb\r\n[    0.524146] PCI: Using ACPI for IRQ routing\r\n[    0.528400] NetLabel: Initializing\r\n[    0.532002] NetLabel:  domain hash size = 128\r\n[    0.536001] NetLabel:  protocols = UNLABELED CIPSOv4\r\n[    0.540015] NetLabel:  unlabeled traffic allowed by default\r\n[    0.544085] Switched to clocksource hyperv_clocksource\r\n[    0.561889] AppArmor: AppArmor Filesystem Enabled\r\n[    0.569816] pnp: PnP ACPI init\r\n[    0.577254] system 00:06: [io  0x01e0-0x01ef] has been reserved\r\n[    0.586498] system 00:06: [io  0x0160-0x016f] has been reserved\r\n[    0.595640] system 00:06: [io  0x0278-0x027f] has been reserved\r\n[    0.604969] system 00:06: [io  0x0378-0x037f] has been reserved\r\n[    0.614653] system 00:06: [io  0x0678-0x067f] has been reserved\r\n[    0.624417] system 00:06: [io  0x0778-0x077f] has been reserved\r\n[    0.633734] system 00:06: [io  0x04d0-0x04d1] has been reserved\r\n[    0.642990] system 00:07: [io  0x0400-0x043f] has been reserved\r\n[    0.652340] system 00:07: [io  0x0370-0x0371] has been reserved\r\n[    0.661529] system 00:07: [io  0x0440-0x044f] has been reserved\r\n[    0.670592] system 00:07: [mem 0xfec00000-0xfec00fff] could not be reserved\r\n[    0.681124] system 00:07: [mem 0xfee00000-0xfee00fff] has been reserved\r\n[    0.691333] system 00:08: [mem 0x00000000-0x0009ffff] could not be reserved\r\n[    0.701982] system 00:08: [mem 0x000c0000-0x000dffff] could not be reserved\r\n[    0.713919] system 00:08: [mem 0x000e0000-0x000fffff] could not be reserved\r\n[    0.724737] system 00:08: [mem 0x00100000-0x1fffffff] could not be reserved\r\n[    0.736321] system 00:08: [mem 0xfffc0000-0xffffffff] has been reserved\r\n[    0.747227] pnp: PnP ACPI: found 9 devices\r\n[    0.764864] NET: Registered protocol family 2\r\n[    0.772375] TCP established hash table entries: 16384 (order: 5, 131072 bytes)\r\n[    0.783622] TCP bind hash table entries: 16384 (order: 6, 262144 bytes)\r\n[    0.793996] TCP: Hash tables configured (established 16384 bind 16384)\r\n[    0.804643] TCP: reno registered\r\n[    0.810227] UDP hash table entries: 1024 (order: 3, 32768 bytes)\r\n[    0.819543] UDP-Lite hash table entries: 1024 (order: 3, 32768 bytes)\r\n[    0.829624] NET: Registered protocol family 1\r\n[    0.836733] pci 0000:00:00.0: Limiting direct PCI/PCI transfers\r\n[    0.846732] Trying to unpack rootfs image as initramfs...\r\n[    1.787402] Freeing initrd memory: 27244K (ffff88001dd1d000 - ffff88001f7b8000)\r\n[    1.802273] PCI-DMA: Using software bounce buffering for IO (SWIOTLB)\r\n[    1.815243] software IO TLB [mem 0x19d1d000-0x1dd1d000] (64MB) mapped at [ffff880019d1d000-ffff88001dd1cfff]\r\n[    1.834399] microcode: CPU0 sig=0x306f2, pf=0x1, revision=0xffffffff\r\n[    1.846260] microcode: Microcode Update Driver: v2.00 <tigran@aivazian.fsnet.co.uk>, Peter Oruba\r\n[    1.861720] Scanning for low memory corruption every 60 seconds\r\n[    1.873358] futex hash table entries: 16384 (order: 8, 1048576 bytes)\r\n[    1.885016] Initialise system trusted keyring\r\n[    1.893183] audit: initializing netlink subsys (disabled)\r\n[    1.902977] audit: type=2000 audit(1453869410.900:1): initialized\r\n[    1.913808] HugeTLB registered 2 MB page size, pre-allocated 0 pages\r\n[    1.926346] zpool: loaded\r\n[    1.931794] zbud: loaded\r\n[    1.937121] VFS: Disk quotas dquot_6.5.2\r\n[    1.944455] VFS: Dquot-cache hash table entries: 512 (order 0, 4096 bytes)\r\n[    1.956754] fuse init (API version 7.23)\r\n[    1.964380] Key type big_key registered\r\n[    1.972210] Key type asymmetric registered\r\n[    1.980155] Asymmetric key parser 'x509' registered\r\n[    1.989081] Block layer SCSI generic (bsg) driver version 0.4 loaded (major 252)\r\n[    2.002722] io scheduler noop registered\r\n[    2.010219] io scheduler deadline registered (default)\r\n[    2.020046] io scheduler cfq registered\r\n[    2.028078] pci_hotplug: PCI Hot Plug PCI Core version: 0.5\r\n[    2.038388] pciehp: PCI Express Hot Plug Controller Driver version: 0.4\r\n[    2.051076] input: Power Button as /devices/LNXSYSTM:00/LNXPWRBN:00/input/input0\r\n[    2.064103] ACPI: Power Button [PWRF]\r\n[    2.071425] GHES: HEST is not enabled!\r\n[    2.081048] Serial: 8250/16550 driver, 32 ports, IRQ sharing enabled\r\n[    2.152958] 00:03: ttyS0 at I/O 0x3f8 (irq = 4, base_baud = 115200) is a 16550A\r\n[    2.224906] 00:04: ttyS1 at I/O 0x2f8 (irq = 3, base_baud = 115200) is a 16550A\r\n[    2.239308] Linux agpgart interface v0.103\r\n[    2.248608] brd: module loaded\r\n[    2.255263] loop: module loaded\r\n[    2.265654] ata_piix 0000:00:07.1: Hyper-V Virtual Machine detected, ATA device ignore set\r\n[    2.280019] scsi host0: ata_piix\r\n[    2.287032] scsi host1: ata_piix\r\n[    2.293014] ata1: PATA max UDMA/33 cmd 0x1f0 ctl 0x3f6 bmdma 0xffa0 irq 14\r\n[    2.303946] ata2: PATA max UDMA/33 cmd 0x170 ctl 0x376 bmdma 0xffa8 irq 15\r\n[    2.317495] libphy: Fixed MDIO Bus: probed\r\n[    2.325316] tun: Universal TUN/TAP device driver, 1.6\r\n[    2.333376] tun: (C) 1999-2004 Max Krasnyansky <maxk@qualcomm.com>\r\n[    2.343553] PPP generic driver version 2.4.2\r\n[    2.350411] ehci_hcd: USB 2.0 'Enhanced' Host Controller (EHCI) Driver\r\n[    2.362484] ehci-pci: EHCI PCI platform driver\r\n[    2.371007] ehci-platform: EHCI generic platform driver\r\n[    2.381181] ohci_hcd: USB 1.1 'Open' Host Controller (OHCI) Driver\r\n[    2.391859] ohci-pci: OHCI PCI platform driver\r\n[    2.403989] ohci-platform: OHCI generic platform driver\r\n[    2.413274] uhci_hcd: USB Universal Host Controller Interface driver\r\n[    2.424254] i8042: PNP: PS/2 Controller [PNP0303:PS2K,PNP0f03:PS2M] at 0x60,0x64 irq 1,12\r\n[    2.442532] serio: i8042 KBD port at 0x60,0x64 irq 1\r\n[    2.451236] serio: i8042 AUX port at 0x60,0x64 irq 12\r\n[    2.460569] mousedev: PS/2 mouse device common for all mice\r\n[    2.472087] rtc_cmos 00:00: RTC can wake from S4\r\n[    2.525171] input: AT Translated Set 2 keyboard as /devices/platform/i8042/serio0/input/input1\r\n[    2.541000] ata2.00: ATAPI: Virtual CD, , max MWDMA2\r\n[    2.550859] rtc_cmos 00:00: rtc core: registered rtc_cmos as rtc0\r\n[    2.565594] ata2.00: configured for MWDMA2\r\n[    2.573327] rtc_cmos 00:00: alarms up to one month, 114 bytes nvram\r\n[    2.585920] scsi 1:0:0:0: CD-ROM            Msft     Virtual CD/ROM   1.0  PQ: 0 ANSI: 5\r\n[    2.601551] i2c /dev entries driver\r\n[    2.609644] sr 1:0:0:0: [sr0] scsi3-mmc drive: 0x/0x tray\r\n[    2.620644] cdrom: Uniform CD-ROM driver Revision: 3.20\r\n[    2.629579] device-mapper: uevent: version 1.0.3\r\n[    2.637420] device-mapper: ioctl: 4.29.0-ioctl (2014-10-28) initialised: dm-devel@redhat.com\r\n[    2.653130] sr 1:0:0:0: Attached scsi generic sg0 type 5\r\n[    2.662537] ledtrig-cpu: registered to indicate activity on CPUs\r\n[    2.672868] PCCT header not found.\r\n[    2.679385] ACPI PCC probe failed.\r\n[    2.684992] TCP: cubic registered\r\n[    2.692779] NET: Registered protocol family 10\r\n[    2.705910] NET: Registered protocol family 17\r\n[    2.714660] Key type dns_resolver registered\r\n[    2.722711] Loading compiled-in X.509 certificates\r\n[    2.731026] Loaded X.509 cert 'Magrathea: Glacier signing key: dee080572bdea47be7dd7e14645f81df4d9a7411'\r\n[    2.745788] registered taskstats version 1\r\n[    2.755275] Key type trusted registered\r\n[    2.765193] Key type encrypted registered\r\n[    2.773140] AppArmor: AppArmor sha1 policy hashing enabled\r\n[    2.782120] ima: No TPM chip found, activating TPM-bypass!\r\n[    2.790856] evm: HMAC attrs: 0x1\r\n[    2.796654]   Magic number: 0:2:617\r\n[    2.803147] rtc_cmos 00:00: setting system clock to 2016-01-27 04:36:53 UTC (1453869413)\r\n[    2.815316] BIOS EDD facility v0.16 2004-Jun-25, 0 devices found\r\n[    2.827210] EDD information not available.\r\n[    2.838581] Freeing unused kernel memory: 1408K (ffffffff81d36000 - ffffffff81e96000)\r\n[    2.851436] Write protecting the kernel read-only data: 12288k\r\n[    2.861630] Freeing unused kernel memory: 172K (ffff8800017d5000 - ffff880001800000)\r\n[    2.877670] Freeing unused kernel memory: 332K (ffff880001bad000 - ffff880001c00000)\r\nLoading, please wait...\r\nstarting version 219\r\n[    2.919666] random: systemd-udevd urandom read with 3 bits of entropy available\r\n[    2.993117] hv_vmbus: Hyper-V Host Build:9600-6.3-18-0.18190; Vmbus version:3.0\r\n[    3.046685] Floppy drive(s): fd0 is 1.44M\r\n[    3.099117] FDC 0 is an 82078.\r\n[    3.138936] AVX2 version of gcm_enc/dec engaged.\r\n[    3.147073] AES CTR mode by8 optimization enabled\r\n[    3.464116] psmouse serio1: trackpoint: failed to get extended button data\r\n[    8.109376] hv_vmbus: registering driver hyperv_fb\r\n[    8.125632] hv_utils: Registering HyperV Utility Driver\r\n[    8.142439] hv_vmbus: registering driver hv_util\r\n[    8.154653] hv_vmbus: registering driver hv_storvsc\r\n[    8.183650] hyperv_fb: Screen resolution: 1152x864, Color depth: 32\r\n[    8.199367] Console: switching to colour frame buffer device 144x54\r\n[    8.221011] hv_vmbus: registering driver hv_netvsc\r\n[    8.276069] psmouse serio1: trackpoint: IBM TrackPoint firmware: 0x01, buttons: 0/0\r\n[    8.291915] input: TPPS/2 IBM TrackPoint as /devices/platform/i8042/serio1/input/input3\r\n[    8.334443] scsi host2: storvsc_host_t\r\n[    8.341066] scsi 2:0:0:0: Direct-Access     Msft     Virtual Disk     1.0  PQ: 0 ANSI: 4\r\n[    8.361595] sd 2:0:0:0: Attached scsi generic sg1 type 0\r\n[    8.370224] sd 2:0:0:0: [sda] 61440000 512-byte logical blocks: (31.4 GB/29.2 GiB)\r\n[    8.385179] sd 2:0:0:0: [sda] Write Protect is off\r\n[    8.393566] sd 2:0:0:0: [sda] Write cache: enabled, read cache: enabled, supports DPO and FUA\r\n[    8.408858] hv_netvsc: hv_netvsc channel opened successfully\r\n[    8.420597]  sda: sda1\r\n[    8.430617] sd 2:0:0:0: [sda] Attached SCSI disk\r\n[   10.093639] hv_netvsc vmbus_0_16: Send section size: 6144, Section count:2560\r\n[   10.118101] hv_netvsc vmbus_0_16: Device MAC 00:0d:3a:11:85:b1 link state up\r\n[   10.241107] scsi host3: storvsc_host_t\r\n[   10.248490] scsi 3:0:1:0: Direct-Access     Msft     Virtual Disk     1.0  PQ: 0 ANSI: 4\r\n[   10.265384] sd 3:0:1:0: Attached scsi generic sg2 type 0\r\n[   10.275793] sd 3:0:1:0: [sdb] 146800640 512-byte logical blocks: (75.1 GB/70.0 GiB)\r\n[   10.292270] sd 3:0:1:0: [sdb] Write Protect is off\r\n[   10.302895] sd 3:0:1:0: [sdb] Write cache: enabled, read cache: enabled, supports DPO and FUA\r\n[   10.322781]  sdb: sdb1\r\n[   10.336965] sd 3:0:1:0: [sdb] Attached SCSI disk\r\n[   10.378278] scsi host4: storvsc_host_t\r\n[   10.388118] scsi 4:0:0:0: scsi scan: INQUIRY result too short (5), using 36\r\n[   10.404072] scsi 4:0:0:1: scsi scan: INQUIRY result too short (5), using 36\r\n[   10.416654] scsi 4:0:1:0: scsi scan: INQUIRY result too short (5), using 36\r\n[   10.431081] scsi 4:0:1:1: scsi scan: INQUIRY result too short (5), using 36\r\n[   10.448517] scsi 4:1:0:0: scsi scan: INQUIRY result too short (5), using 36\r\n[   10.460021] scsi 4:1:0:1: scsi scan: INQUIRY result too short (5), using 36\r\n[   10.473453] scsi 4:1:1:0: scsi scan: INQUIRY result too short (5), using 36\r\n[   10.487073] scsi 4:1:1:1: scsi scan: INQUIRY result too short (5), using 36\r\n[   10.501655] scsi 4:2:0:0: scsi scan: INQUIRY result too short (5), using 36\r\n[   10.514043] scsi 4:2:0:1: scsi scan: INQUIRY result too short (5), using 36\r\n[   10.526210] scsi 4:2:1:0: scsi scan: INQUIRY result too short (5), using 36\r\n[   10.538964] scsi 4:2:1:1: scsi scan: INQUIRY result too short (5), using 36\r\n[   10.551522] scsi host5: storvsc_host_t\r\n[   10.558845] scsi 4:3:0:0: scsi scan: INQUIRY result too short (5), using 36\r\n[   10.571261] scsi 5:0:0:0: scsi scan: INQUIRY result too short (5), using 36\r\n[   10.584245] scsi 5:0:0:1: scsi scan: INQUIRY result too short (5), using 36\r\n[   10.596574] scsi 4:3:0:1: scsi scan: INQUIRY result too short (5), using 36\r\n[   10.608787] scsi 4:3:1:0: scsi scan: INQUIRY result too short (5), using 36\r\n[   10.621198] scsi 5:0:1:0: scsi scan: INQUIRY result too short (5), using 36\r\n[   10.633473] scsi 5:0:1:1: scsi scan: INQUIRY result too short (5), using 36\r\n[   10.645527] scsi 4:3:1:1: scsi scan: INQUIRY result too short (5), using 36\r\n[   10.657674] scsi 5:1:0:0: scsi scan: INQUIRY result too short (5), using 36\r\n[   10.672906] scsi 4:4:0:0: scsi scan: INQUIRY result too short (5), using 36\r\n[   10.684844] scsi 5:1:0:1: scsi scan: INQUIRY result too short (5), using 36\r\n[   10.695608] scsi 4:4:0:1: scsi scan: INQUIRY result too short (5), using 36\r\n[   10.708106] scsi 5:1:1:0: scsi scan: INQUIRY result too short (5), using 36\r\n[   10.718896] scsi 4:4:1:0: scsi scan: INQUIRY result too short (5), using 36\r\n[   10.729552] scsi 4:4:1:1: scsi scan: INQUIRY result too short (5), using 36\r\n[   10.741061] scsi 5:1:1:1: scsi scan: INQUIRY result too short (5), using 36\r\n[   10.756338] scsi 4:5:0:0: scsi scan: INQUIRY result too short (5), using 36\r\n[   10.767570] scsi 5:2:0:0: scsi scan: INQUIRY result too short (5), using 36\r\n[   10.783834] scsi 4:5:0:1: scsi scan: INQUIRY result too short (5), using 36\r\n[   10.794821] scsi 5:2:0:1: scsi scan: INQUIRY result too short (5), using 36\r\n[   10.806572] scsi 4:5:1:0: scsi scan: INQUIRY result too short (5), using 36\r\n[   10.817615] scsi 5:2:1:0: scsi scan: INQUIRY result too short (5), using 36\r\n[   10.829880] scsi 4:5:1:1: scsi scan: INQUIRY result too short (5), using 36\r\n[   10.841840] scsi 5:2:1:1: scsi scan: INQUIRY result too short (5), using 36\r\n[   10.853191] scsi 4:6:0:0: scsi scan: INQUIRY result too short (5), using 36\r\n[   10.863912] scsi 5:3:0:0: scsi scan: INQUIRY result too short (5), using 36\r\n[   10.875822] scsi 4:6:0:1: scsi scan: INQUIRY result too short (5), using 36\r\n[   10.886642] scsi 5:3:0:1: scsi scan: INQUIRY result too short (5), using 36\r\n[   10.897515] scsi 4:6:1:0: scsi scan: INQUIRY result too short (5), using 36\r\n[   10.908286] scsi 5:3:1:0: scsi scan: INQUIRY result too short (5), using 36\r\n[   10.920353] scsi 4:6:1:1: scsi scan: INQUIRY result too short (5), using 36\r\n[   10.931029] scsi 5:3:1:1: scsi scan: INQUIRY result too short (5), using 36\r\n[   10.941483] scsi 4:7:0:0: scsi scan: INQUIRY result too short (5), using 36\r\n[   10.952046] scsi 5:4:0:0: scsi scan: INQUIRY result too short (5), using 36\r\n[   10.962872] scsi 4:7:0:1: scsi scan: INQUIRY result too short (5), using 36\r\n[   10.975739] scsi 5:4:0:1: scsi scan: INQUIRY result too short (5), using 36\r\n[   10.986939] scsi 4:7:1:0: scsi scan: INQUIRY result too short (5), using 36\r\n[   10.997526] scsi 5:4:1:0: scsi scan: INQUIRY result too short (5), using 36\r\n[   11.008049] scsi 4:7:1:1: scsi scan: INQUIRY result too short (5), using 36\r\n[   11.019534] scsi 5:4:1:1: scsi scan: INQUIRY result too short (5), using 36\r\n[   11.030394] scsi 5:5:0:0: scsi scan: INQUIRY result too short (5), using 36\r\n[   11.042244] scsi 5:5:0:1: scsi scan: INQUIRY result too short (5), using 36\r\n[   11.052545] scsi 5:5:1:0: scsi scan: INQUIRY result too short (5), using 36\r\n[   11.062815] scsi 5:5:1:1: scsi scan: INQUIRY result too short (5), using 36\r\n[   11.073630] scsi 5:6:0:0: scsi scan: INQUIRY result too short (5), using 36\r\n[   11.084039] scsi 5:6:0:1: scsi scan: INQUIRY result too short (5), using 36\r\n[   11.095103] scsi 5:6:1:0: scsi scan: INQUIRY result too short (5), using 36\r\n[   11.105119] scsi 5:6:1:1: scsi scan: INQUIRY result too short (5), using 36\r\n[   11.115344] scsi 5:7:0:0: scsi scan: INQUIRY result too short (5), using 36\r\n[   11.125542] scsi 5:7:0:1: scsi scan: INQUIRY result too short (5), using 36\r\n[   11.135562] scsi 5:7:1:0: scsi scan: INQUIRY result too short (5), using 36\r\n[   11.145920] scsi 5:7:1:1: scsi scan: INQUIRY result too short (5), using 36\r\nBegin: Loading essential drivers ... done.\r\r\nBegin: Running /scripts/init-premount ... done.\r\r\nBegin: Mounting root file system ... Begin: Running /scripts/local-top ... done.\r\r\nBegin: Running /scripts/local-premount ... done.\r\r\n[   12.606238] EXT4-fs (sda1): mounted filesystem with ordered data mode. Opts: (null)\r\nBegin: Running /scripts/local-bottom ... done.\r\r\ndone.\r\r\nBegin: Running /scripts/init-bottom ... done.\r\r\n[   13.798976] random: nonblocking pool is initialized\r\n[   14.329724] systemd[1]: Inserted module 'autofs4'\r\n[   14.596399] systemd[1]: systemd 219 running in system mode. (+PAM +AUDIT +SELINUX +IMA +APPARMOR +SMACK +SYSVINIT +UTMP +LIBCRYPTSETUP +GCRYPT -GNUTLS +ACL +XZ -LZ4 -SECCOMP +BLKID -ELFUTILS +KMOD -IDN)\r\n[   14.623782] systemd[1]: Detected virtualization microsoft.\r\n[   14.631688] systemd[1]: Detected architecture x86-64.\r\n\r\r\nWelcome to \u001b[1mUbuntu 15.04\u001b[0m!\r[   14.646313] systemd[1]: Set hostname to <xplatvm3>.\r\n\r\n\r\r\n-.mount\r\r\n[   15.904930] systemd[1]: Cannot add dependency job for unit sshd-keygen.service, ignoring: Unit sshd-keygen.service failed to load: No such file or directory.\r\n[   15.945573] systemd[1]: Cannot add dependency job for unit sshd-keygen.service, ignoring: Unit sshd-keygen.service failed to load: No such file or directory.\r\n[   15.981114] systemd[1]: Cannot add dependency job for unit display-manager.service, ignoring: Unit display-manager.service failed to load: No such file or directory.\r\n[\u001b[32m  OK  \u001b[0m[   16.021969] systemd[1]: Reached target Swap.\r\n] Reached target Swap.\r\r\n[   16.037468] systemd[1]: Starting Swap.\r\n[\u001b[32m  OK  \u001b[0m[   16.050940] systemd[1]: Reached target Encrypted Volumes.\r\n] Reached target Encrypted Volumes.\r\r\n[   16.070798] systemd[1]: Starting Encrypted Volumes.\r\n[\u001b[32m  OK  \u001b[0m[   16.086159] systemd[1]: Created slice Root Slice.\r\n] Created slice Root Slice.\r\r\n[   16.104960] systemd[1]: Starting Root Slice.\r\n[\u001b[32m  OK  \u001b[0m[   16.119820] systemd[1]: Created slice System Slice.\r\n] Created slice System Slice.\r\r\n[   16.142838] systemd[1]: Starting System Slice.\r\n[\u001b[32m  OK  \u001b[0m[   16.158149] systemd[1]: Created slice system-getty.slice.\r\n] Created slice system-getty.slice.\r\r\n[   16.178105] systemd[1]: Starting system-getty.slice.\r\n[   16.187455] systemd[1]: Starting Increase datagram queue length...\r\n         Starting Increase datagram queue length...[   16.205498] systemd[1]: Created slice system-serial\\x2dgetty.slice.\r\n\r\r\n[\u001b[32m  OK  \u001b[0m] Created slice system-serial\\x2dgetty.slice.\r\r\n[   16.226137] systemd[1]: Starting system-serial\\x2dgetty.slice.\r\n[\u001b[32m  OK  \u001b[0m[   16.239184] systemd[1]: Listening on udev Control Socket.\r\n] Listening on udev Control Socket.\r\r\n[   16.253244] systemd[1]: Starting udev Control Socket.\r\n[\u001b[32m  OK  \u001b[0m[   16.266243] systemd[1]: Listening on Delayed Shutdown Socket.\r\n] Listening on Delayed Shutdown Socket.\r\r\n[   16.281748] systemd[1]: Starting Delayed Shutdown Socket.\r\n[\u001b[32m  OK  \u001b[0m[   16.295840] systemd[1]: Listening on udev Kernel Socket.\r\n] Listening on udev Kernel Socket.\r\r\n[   16.316236] systemd[1]: Starting udev Kernel Socket.\r\n[\u001b[32m  OK  \u001b[0m[   16.339950] systemd[1]: Listening on /dev/initctl Compatibility Named Pipe.\r\n] Listening on /dev/initctl Compatibility Named Pipe.\r[   16.364166] systemd[1]: Starting /dev/initctl Compatibility Named Pipe.\r\n\r\n[\u001b[32m  OK  \u001b[0m[   16.383921] systemd[1]: Reached target Remote File Systems (Pre).\r\n] Reached target Remote File Systems (Pre).\r\r\n[   16.402072] systemd[1]: Starting Remote File Systems (Pre).\r\n[\u001b[32m  OK  \u001b[0m[   16.415363] systemd[1]: Listening on Journal Socket.\r\n] Listening on Journal Socket.\r\r\n[   16.429804] systemd[1]: Starting Journal Socket.\r\n[   16.439584] systemd[1]: Mounting POSIX Message Queue File System...\r\n         Mounting POSIX Message Queue File System...[   16.459155] systemd[1]: Starting Uncomplicated firewall...\r\n\r\r\n         Starting Uncomplicated firewall...[   16.479189] systemd[1]: Starting Remount Root and Kernel File Systems...\r\n\r\r\n         Starting Remount Root and Kernel File Systems...[   16.502452] systemd[1]: Starting udev Coldplug all Devices...\r\n\r\r\n         Starting udev Coldplug all Devices...[   16.524681] systemd[1]: Mounting Debug File System...\r\n\r\r\n         Mounting Debug File System...[   16.544593] systemd[1]: Starting Create list of required static device nodes for the current kernel...\r\n\r\r\n         Starting Create list of required st... nodes for the current kernel...[   16.574360] systemd[1]: Listening on Journal Socket (/dev/log).\r\n\r\r\n[   16.590800] EXT4-fs (sda1): re-mounted. Opts: discard\r\n[\u001b[32m  OK  \u001b[0m] Listening on Journal Socket (/dev/log).\r[   16.616720] systemd[1]: Starting Journal Socket (/dev/log).\r\n\r\n[   16.631580] systemd[1]: Started Forward Password Requests to Wall Directory Watch.\r\n[   16.651140] systemd[1]: Starting Forward Password Requests to Wall Directory Watch.\r\n[   16.671623] systemd[1]: Started Read required files in advance.\r\n[   16.683141] systemd[1]: Starting Nameserver information manager...\r\n         Starting Nameserver information manager...[   16.702262] systemd[1]: Created slice User and Session Slice.\r\n\r\r\n[\u001b[32m  OK  \u001b[0m] Created slice User and Session Slice.\r[   16.720050] systemd[1]: Starting User and Session Slice.\r\n\r\n[\u001b[32m  OK  \u001b[0m[   16.735700] systemd[1]: Reached target Slices.\r\n] Reached target Slices.\r\r\n[   16.749633] systemd[1]: Starting Slices.\r\n[\u001b[32m  OK  \u001b[0m]
[   16.761470] systemd[1]: Listening on fsck to fsckd communication Socket.\r\nListening on fsck to fsckd communication Socket.\r\r\n[   16.781056] systemd[1]: Starting fsck to fsckd communication Socket.\r\n[   16.793222] systemd[1]: Mounting Huge Pages File System...\r\n         Mounting Huge Pages File System...[   16.811168] systemd[1]: Listening on Journal Audit Socket.\r\n\r\r\n[\u001b[32m  OK  \u001b[0m] Listening on Journal Audit Socket.\r\r\n[   16.831531] systemd[1]: Starting Journal Audit Socket.\r\n[\u001b[32m  OK  \u001b[0m[   16.844698] systemd[1]: Set up automount Arbitrary Executable File Formats File System Automount Point.\r\n] Set up automount Arbitrary Executab...ats File System Automount Point.\r\r\n[   16.871540] systemd[1]: Starting Arbitrary Executable File Formats File System Automount Point.\r\n[   16.903313] systemd[1]: Started Set Up Additional Binary Formats.\r\n[   16.916830] systemd[1]: Starting Load Kernel Modules...\r\n         Starting Load Kernel Modules...[   16.933325] systemd[1]: Created slice system-systemd\\x2dfsck.slice.\r\n\r\r\n[\u001b[32m  OK  \u001b[0m] Created slice system-systemd\\x2dfsck.slice.\r\r\n[   16.953951] systemd[1]: Starting system-systemd\\x2dfsck.slice.\r\n[   16.964293] systemd[1]: Starting Setup Virtual Console...\r\n         Starting Setup Virtual Console...[   16.980607] systemd[1]: Mounted Debug File System.\r\n\r\r\n[\u001b[32m  OK  \u001b[0m] Mounted Debug File System.\r\r\n[   16.998071] systemd[1]: Mounted POSIX Message Queue File System.\r\n[\u001b[32m  OK  \u001b[0m] Mounted POSIX Message Queue File System.\r\r\nsys-kernel-debug.mount[   17.018323] systemd[1]: Mounted Huge Pages File System.\r\n\r\r\n[\u001b[32m  OK  \u001b[0m] Mounted Huge Pages File System.\r[   17.035960] systemd[1]: Started Increase datagram queue length.\r\n\r\n[\u001b[32m  OK  \u001b[0m] Started Increase datagram queue length.\r\r\ndev-mqueue.mount[   17.058692] systemd[1]: Started Uncomplicated firewall.\r\n\r\r\n[\u001b[32m  OK  \u001b[0m] Started Uncomplicated firewall.\r\r\ndev-hugepages.mount[   17.082019] systemd[1]: Started Remount Root and Kernel File Systems.\r\n\r\r\n[\u001b[32m  OK  \u001b[0m] Started Remount Root and Kernel File Systems.\r\r\nsystemd-setup-dgram-qlen.service[   17.106841] systemd[1]: Started Create list of required static device nodes for the current kernel.\r\n\r\r\n[\u001b[32m  OK  \u001b[0m] Started Create list of required sta...ce nodes for the current kernel.\r[   17.144173] systemd[1]: Started Load Kernel Modules.\r\n\r\nufw.service\r\r\n[\u001b[32m  OK  \u001b[0m] Started Load Kernel Modules.\r[   17.165424] systemd[1]: Started Setup Virtual Console.\r\n\r\nsystemd-remount-fs.service\r\r\n[\u001b[32m  OK  \u001b[0m] Started Setup Virtual Console.\r[   17.189333] systemd[1]: Started udev Coldplug all Devices.\r\n\r\nkmod-static-nodes.service\r\r\n[   17.204915] systemd[1]: Started Nameserver information manager.\r\n[\u001b[32m  OK  \u001b[0m] Started udev Coldplug all Devices.\r\r\n[\u001b[32m  OK  \u001b[0m] Started Nameserver information manager.\r\r\nsystemd-modules-load.service\r\r\nsystemd-vconsole-setup.service\r\r\nsystemd-udev-trigger.service\r\r\n[   17.301844] systemd[1]: Starting udev Wait for Complete Device Initialization...\r\n[   17.320590] systemd[1]: Starting Apply Kernel Variables...\r\nresolvconf.service\r\r\n         Starting udev Wait for Complete Device Initialization...\r[   17.342751] systemd[1]: Mounting FUSE Control File System...\r\n\r\n         Starting Apply Kernel Variables...\r[   17.359401] systemd[1]: Mounted Configuration File System.\r\n\r\n         Mounting FUSE Control File System...\r\r\n[   17.377537] systemd[1]: Starting Create Static Device Nodes in /dev...\r\n         Starting Create Static Device Nodes in /dev...[   17.395354] systemd[1]: Starting Load/Save Random Seed...\r\n\r\r\n         Starting Load/Save Random Seed...[   17.413682] systemd[1]: Started Various fixups to make systemd work better on Debian.\r\n\r\r\n[   17.482335] systemd[1]: Started Rebuild Hardware Database.\r\n[\u001b[32m  OK  \u001b[0m[   17.506748] systemd[1]: Listening on Syslog Socket.\r\n] Listening on Syslog Socket.\r\r\n[   17.520690] systemd[1]: Starting Syslog Socket.\r\n[   17.529785] systemd[1]: Starting Journal Service...\r\n         Starting Journal Service...[   17.546163] systemd[1]: Mounted FUSE Control File System.\r\n\r\r\n[\u001b[32m  OK  \u001b[0m] Mounted FUSE Control File System.\r[   17.565540] systemd[1]: Started Load/Save Random Seed.\r\n\r\n[\u001b[32m  OK  \u001b[0m] Started Load/Save Random Seed.\r\r\nsys-fs-fuse-connections.mount\r\r\nsystemd-random-seed.service\r\r\n[\u001b[32m  OK  \u001b[0m] Started Apply Kernel Variables.\r\r\nsystemd-sysctl.service\r\r\n[\u001b[32m  OK  \u001b[0m] Started Journal Service.\r\r\n         Starting Flush Journal to Persistent Storage...\r\r\nsystemd-journald.service\r\r\n[\u001b[32m  OK  \u001b[0m] Started Flush Journal to Persistent Storage.\r\r\nsystemd-journal-flush.service\r\r\n[\u001b[32m  OK  \u001b[0m] Started Create Static Device Nodes in /dev.\r\r\n         Starting udev Kernel Device Manager...\r\r\nsystemd-tmpfiles-setup-dev.service\r\r\n[\u001b[32m  OK  \u001b[0m] Started udev Kernel Device Manager.\r\r\n[\u001b[32m  OK  \u001b[0m] Reached target Paths.\r\r\nsystemd-udevd.service\r\r\n[\u001b[32m  OK  \u001b[0m] Created slice system-ifup.slice.\r\r\n[   18.653969] piix4_smbus 0000:00:07.3: SMBus base address uninitialized - upgrade BIOS or use force_addr=0xaddr\r\n[\u001b[32m  OK  \u001b[0m] Found device /dev/ttyS0.\r\r\n[   19.030811] intel_rapl: no valid rapl domains found in package 0\r\n[\u001b[32m  OK  \u001b[0m] Found device Virtual_Disk Temporary_Storage.\r\r\n[\u001b[32m  OK  \u001b[0m] Started udev Wait for Complete Device Initialization.\r\r\n         Starting Copy rules generated while the root was ro...\r\r\n[\u001b[32m  OK  \u001b[0m] Reached target Local File Systems (Pre).\r\r\n         Mounting /etc/network/interfaces.dynamic.d...\r\r\n         Starting File System Check on /dev/disk/azure/resource-part1...\r\r\n[\u001b[32m  OK  \u001b[0m] Started Copy rules generated while the root was ro.\r\r\n[\u001b[32m  OK  \u001b[0m] Mounted /etc/network/interfaces.dynamic.d.\r\r\n[\u001b[32m  OK  \u001b[0m] Reached target Local File Systems.\r\r\n         Starting Create Volatile Files and Directories...\r\r\n         Starting Tell Plymouth To Write Out Runtime Data...\r\r\n[\u001b[32m  OK  \u001b[0m] Reached target Remote File Systems.\r\r\n         Starting Wait for all \"auto\" /etc/n... up for network-online.target...\r\r\nsystemd-udev-settle.service\r\r\n         Starting LSB: AppArmor initialization...\r\r\n         Starting Set console keymap...\r\r\n[\u001b[32m  OK  \u001b[0m] Started File System Check on /dev/disk/azure/resource-part1.\r\r\n         Mounting /mnt...\r\r\nudev-finish.service\r\r\netc-network-interfaces.dynamic.d.mount\r\r\nsystemd-fsck@dev-disk-azure-resource\\x2dpart1.service\r\r\n[\u001b[32m  OK  \u001b[0m] Started Tell Plymouth To Write Out Runtime Data.\r\r\n[\u001b[32m  OK  \u001b[0m] Started Create Volatile Files and Directories.\r\r\n         Starting Network Time Synchronization...\r\r\n         Starting Update UTMP about System Boot/Shutdown...\r\r\n[\u001b[32m  OK  \u001b[0m] Started Update UTMP about System Boot/Shutdown.\r\r\nsystemd-tmpfiles-setup.service\r\r\n[\u001b[32m  OK  \u001b[0m] Mounted /mnt.\r\r\n[\u001b[32m  OK  \u001b[0m] Started Network Time Synchronization.\r\r\n[\u001b[32m  OK  \u001b[0m] Reached target System Time Synchronized.\r\r\nsystemd-update-utmp.service\r\r\n[\u001b[32m  OK  \u001b[0m] Started Set console keymap.\r\r\nmnt.mount\r\r\nsystemd-timesyncd.service\r\r\n[\u001b[32m  OK  \u001b[0m] Started LSB: AppArmor initialization.\r\r\n         Starting LSB: Raise network interfaces....\r\r\n[\u001b[32m  OK  \u001b[0m] Started ifup for eth0.\r\r\n         Starting ifup for eth0...\r\r\napparmor.service\r\r\nifup@eth0.service\r\r\n[\u001b[32m  OK  \u001b[0m] Started LSB: Raise network interfaces..\r\r\n[\u001b[32m  OK  \u001b[0m] Reached target Network.\r\r\n[\u001b[32m  OK  \u001b[0m] Reached target System Initialization.\r\r\n[\u001b[32m  OK  \u001b[0m] Listening on ACPID Listen Socket.\r\r\n         Starting Seed the pseudo random number generator on first boot...\r\r\n[\u001b[32m  OK  \u001b[0m] Listening on UUID daemon activation socket.\r\r\n[\u001b[32m  OK  \u001b[0m] Listening on D-Bus System Message Bus Socket.\r\r\n[\u001b[32m  OK  \u001b[0m] Reached target Sockets.\r\r\n[\u001b[32m  OK  \u001b[0m] Reached target Basic System.\r\r\n         Starting /etc/rc.local Compatibility...\r\r\n         Starting Thermal Daemon Service...\r\r\n[\u001b[32m  OK  \u001b[0m] Started Hyper-V VSS Protocol Daemon.\r\r\n         Starting Hyper-V VSS Protocol Daemon...\r\r\n         Starting Accounts Service...\r\r\n         Starting LSB: automatic crash report generation...\r\r\n         Starting LSB: Record successful boot for GRUB...\r\r\n[\u001b[32m  OK  \u001b[0m] Started Hyper-V KVP Protocol Daemon.\r\r\n         Starting Hyper-V KVP Protocol Daemon...\r\r\n         Starting LSB: Landscape client daemons...\r\r\n         Starting Initial cloud-init job (pre-networking)...\r\r\n         Starting LSB: Starts the Micro Name Service Cache Daemon...\r\r\n[\u001b[32m  OK  \u001b[0m] Started Deferred execution scheduler.\r\r\n         Starting Deferred execution scheduler...\r\r\n         Starting Restore /etc/resolv.conf i...e the ppp link was shut down....\r\r\n[\u001b[32m  OK  \u001b[0m] Started Hyper-V File Copy Protocol Daemon.\r\r\n         Starting Hyper-V File Copy Protocol Daemon...\r\r\n         Starting D-Bus System Message Bus...\r\r\n         Starting System Logging Service...\r\r\n         Starting LSB: daemon to balance interrupts for SMP systems...\r\r\n         Starting Login Service...\r\r\n         Starting LSB: Set the CPU Frequency Scaling governor to \"ondemand\"...\r\r\nnetworking.service\r\r\n[\u001b[32m  OK  \u001b[0m] Started Regular background program processing daemon.\r\r\n         Starting Regular background program processing daemon...\r\r\n[\u001b[32m  OK  \u001b[0m] Reached target Timers.\r\r\n[\u001b[32m  OK  \u001b[0m] Started /etc/rc.local Compatibility.\r\r\n[\u001b[32m  OK  \u001b[0m] Started LSB: Landscape client daemons.\r\r\n[\u001b[32m  OK  \u001b[0m] Started Restore /etc/resolv.conf if...ore the ppp link was shut down..\r\r\n[\u001b[32m  OK  \u001b[0m] Started D-Bus System Message Bus.\r\r\nhv-vss-daemon.service\r\r\nhv-kvp-daemon.service\r\r\natd.service\r\r\nhv-fcopy-daemon.service\r\r\ncron.service\r\r\nrc-local.service\r\r\nlandscape-client.service\r\r\n[dbus.service\r\r\n\u001b[32m  OK  \u001b[0m] Started Seed the pseudo random number generator on first boot.\r\r\n[\u001b[32m  OK  \u001b[0m] Started LSB: automatic crash report generation.\r\r\n[\u001b[32m  OK  \u001b[0m] Started LSB: Record successful boot for GRUB.\r\r\n[\u001b[32m  OK  \u001b[0m] Started LSB: Starts the Micro Name Service Cache Daemon.\r\r\n[\u001b[32m  OK  \u001b[0m] Started LSB: daemon to balance interrupts for SMP systems.\r\r\n[\u001b[32m  OK  \u001b[0m] Started LSB: Set the CPU Frequency Scaling governor to \"ondemand\".\r\r\n[\u001b[32m  OK  \u001b[0m] Started System Logging Service.\r\r\n[\u001b[32m  OK  \u001b[0m] Started Login Service.\r\r\n         Starting Authenticate and Authorize Users to Run Privileged Tasks...\r\r\n[\u001b[32m  OK  \u001b[0m] Started Thermal Daemon Service.\r\r\napport.service\r\r\ngrub-common.service\r\r\nunscd.service\r\r\nirqbalance.service\r\r\nondemand.service\r\r\nrsyslog.service\r\r\n[\u001b[32m  OK  \u001b[0m] Started Authenticate and Authorize Users to Run Privileged Tasks.\r\r\n[\u001b[32m  OK  \u001b[0m] Started Accounts Service.\r\r\nsystemd-logind.service\r\r\nthermald.service\r\r\npolkitd.service\r\r\naccounts-daemon.service\r\r\n[\u001b[32m  OK  \u001b[0m] Started Wait for all \"auto\" /etc/ne...be up for network-online.target.\r\r\n[\u001b[32m  OK  \u001b[0m] Reached target Network is Online.\r\r\n         Starting LSB: Cleans up any mess left by 0dns-up...\r\r\n[\u001b[32m  OK  \u001b[0m] Started LSB: Cleans up any mess left by 0dns-up.\r\r\nifup-wait-all-auto.service\r\r\ndns-clean.service\r\r\n[   24.451307] cloud-init[606]: Cloud-init v. 0.7.7 running 'init-local' at Wed, 27 Jan 2016 04:37:15 +0000. Up 24.24 seconds.\r\r\n[\u001b[32m  OK  \u001b[0m] Started Initial cloud-init job (pre-networking).\r\r\n         Starting Initial cloud-init job (metadata service crawler)...\r\r\ncloud-init-local.service\r\r\n[   25.576118] blk_update_request: I/O error, dev fd0, sector 0\r\n[   25.624195] blk_update_request: I/O error, dev fd0, sector 0\r\ntmp-tmpm8g7vliy.mount\r\r\n[   25.826091] cloud-init[800]: + i=eth0\r\r\n[   25.831194] cloud-init[800]: + x=0\r\r\n[   25.831473] cloud-init[800]: + ifdown eth0\r\r\n[   25.879850] cloud-init[800]: Killed old client process\r\r\n[   27.052280] cloud-init[800]: Internet Systems Consortium DHCP Client 4.3.1\r\r\n[   27.052516] cloud-init[800]: Copyright 2004-2014 Internet Systems Consortium.\r\r\n[   27.052720] cloud-init[800]: All rights reserved.\r\r\n[   27.052952] cloud-init[800]: For info, please visit https://www.isc.org/software/dhcp/\r\r\n[   27.053153] cloud-init[800]: Listening on LPF/eth0/00:0d:3a:11:85:b1\r\r\n[   27.053352] cloud-init[800]: Sending on   LPF/eth0/00:0d:3a:11:85:b1\r\r\n[   27.053548] cloud-init[800]: Sending on   Socket/fallback\r\r\n[   27.192858] cloud-init[800]: DHCPRELEASE on eth0 to 168.63.129.16 port 67 (xid=0x535bb6cf)\r\r\n[   27.245827] cloud-init[800]: + ifup eth0\r\r\n[   27.272967] cloud-init[800]: Internet Systems Consortium DHCP Client 4.3.1\r\r\n[   27.281579] cloud-init[800]: Copyright 2004-2014 Internet Systems Consortium.\r\r\n[   27.281965] cloud-init[800]: All rights reserved.\r\r\n[   27.282335] cloud-init[800]: For info, please visit https://www.isc.org/software/dhcp/\r\r\n[   27.287375] cloud-init[800]: Listening on LPF/eth0/00:0d:3a:11:85:b1\r\r\n[   27.302427] cloud-init[800]: Sending on   LPF/eth0/00:0d:3a:11:85:b1\r\r\n[   27.302612] cloud-init[800]: Sending on   Socket/fallback\r\r\n[   27.302782] cloud-init[800]: DHCPDISCOVER on eth0 to 255.255.255.255 port 67 interval 3 (xid=0x13b7af18)\r\r\n[   27.419395] cloud-init[800]: DHCPREQUEST of 10.0.0.4 on eth0 to 255.255.255.255 port 67 (xid=0x18afb713)\r\r\n[   27.419544] cloud-init[800]: DHCPOFFER of 10.0.0.4 from 168.63.129.16\r\r\n[   27.435470] cloud-init[800]: DHCPACK of 10.0.0.4 from 168.63.129.16\r\r\n[   27.532969] cloud-init[800]: bound to 10.0.0.4 -- renewal in 4294967295 seconds.\r\r\n[   27.569071] cloud-init[800]: + exit 0\r\r\n[\u001b[32m  OK  \u001b[0m] Started Windows Azure Linux Agent.\r\r\n         Starting Windows Azure Linux Agent...\r\r\nwalinuxagent.service\r\r\n2016/01/27 04:37:20 Windows Azure Linux Agent Version: WALinuxAgent-2.0.14\r\r\n2016/01/27 04:37:20 Linux Distribution Detected      : Ubuntu\r\r\n2016/01/27 04:37:20 Module /lib/modules/3.19.0-47-generic/kernel/drivers/ata/ata_piix.ko driver for ATAPI CD-ROM does not exist.\r\r\nmnt-cdrom-secure.mount\r\r\n2016/01/27 04:37:20 mount: /dev/sr0 is write-protected, mounting read-only\r\r\n2016/01/27 04:37:20 mount: /dev/sr0 mounted on /mnt/cdrom/secure.\r\r\n2016/01/27 04:37:20 mount succeeded on attempt #1\r\r\n2016/01/27 04:37:20 VMM Init script not found.  Provisioning for Azure\r\r\n2016/01/27 04:37:20 IPv4 address: 10.0.0.4\r\r\n2016/01/27 04:37:20 MAC  address: 00:0D:3A:11:85:B1\r\r\n2016/01/27 04:37:20 Probing for Windows Azure environment.\r\r\n2016/01/27 04:37:20 DoDhcpWork: Setting socket.timeout=10, entering recv\r\r\n2016/01/27 04:37:20 Discovered Windows Azure endpoint: 168.63.129.16\r\r\n2016/01/27 04:37:20 Fabric preferred wire protocol version: 2015-04-05\r\r\n2016/01/27 04:37:20 Negotiated wire protocol version: 2012-11-30\r\r\n2016/01/27 04:37:20 SetBlockDeviceTimeout: Update the device sda with timeout 300\r\r\n2016/01/27 04:37:20 SetBlockDeviceTimeout: Update the device sdb with timeout 300\r\r\n2016/01/27 04:37:20 Retrieved GoalState from Windows Azure Fabric.\r\r\n2016/01/27 04:37:20 ExpectedState: Started\r\r\n2016/01/27 04:37:20 ContainerId: 32a831b9-b67e-446a-a5f5-f5874ce29706\r\r\n2016/01/27 04:37:20 RoleInstanceId: b6ffe384-140f-4ea2-9076-90ec78a4bfd1._xplatvm\r\r\n2016/01/27 04:37:21 Posted Role Properties. CertificateThumbprint=a9c2f7b1c67adde6d4f895b205c217c4\r\r\n[   30.652110] blk_update_request: I/O error, dev fd0, sector 0\r\n[   30.688233] blk_update_request: I/O error, dev fd0, sector 0\r\n[   32.117962] cloud-init[800]: Cloud-init v. 0.7.7 running 'init' at Wed, 27 Jan 2016 04:37:15 +0000. Up 25.07 seconds.\r\r\n[   32.118114] cloud-init[800]: ci-info: ++++++++++++++++++++++++++++++++++++++Net device info++++++++++++++++++++++++++++++++++++++\r\r\n[   32.118235] cloud-init[800]: ci-info: +--------+------+-----------------------------+---------------+-------+-------------------+\r\r\n[   32.118350] cloud-init[800]: ci-info: | Device |  Up  |           Address           |      Mask     | Scope |     Hw-Address    |\r\r\n[   32.118463] cloud-init[800]: ci-info: +--------+------+--------------------------+---------------+-------+-------------------+\r\r\n[   32.118574] cloud-init[800]: ci-info: |   lo   | True |          127.0.0.1          |   255.0.0.0   |   .   |         .         |\r\r\n[   32.118685] cloud-init[800]: ci-info: |   lo   | True |           ::1/128           |       .       |  host |         .         |\r\r\n[   32.118798] cloud-init[800]: ci-info: |  eth0  | True |           10.0.0.4          | 255.255.255.0 |   .   | 00:0d:3a:11:85:b1 |\r\r\n[   32.118910] cloud-init[800]: ci-info: |  eth0  | True | fe80::20d:3aff:fe11:85b1/64 |       .       |  link | 00:0d:3a:11:85:b1 |\r\r\n[   32.119020] cloud-init[800]: ci-info: +--------+------+-----------------------------+---------------+-------+-------------------+\r\r\n[   32.119130] cloud-init[800]: ci-info: +++++++++++++++++++++++++++++Route IPv4 info++++++++++++++++++++++++++++++\r\r\n[   32.119240] cloud-init[800]: ci-info: +-------+---------------+----------+-----------------+-----------+-------+\r\r\n[   32.119350] cloud-init[800]: ci-info: | Route |  Destination  | Gateway  |     Genmask     | Interface | Flags |\r\r\n[   32.119556] cloud-init[800]: ci-info: +-------+---------------+----------+-----------------+-----------+-------+\r\r\n[   32.119721] cloud-init[800]: ci-info: |   0   |    0.0.0.0    | 10.0.0.1 |     0.0.0.0     |    eth0   |   UG  |\r\r\n[   32.119837] cloud-init[800]: ci-info: |   1   |    10.0.0.0   | 0.0.0.0  |  255.255.255.0  |    eth0   |   U   |\r\r\n[   32.119949] cloud-init[800]: ci-info: |   2   | 168.63.129.16 | 10.0.0.1 | 255.255.255.255 |    eth0   |  UGH  |\r\r\n[   32.136562] cloud-init[800]: ci-info: +-------+---------------+----------+-----------------+-----------+-------+\r\r\n[   32.145620] cloud-init[800]: Generating public/private rsa key pair.\r\r\n[   32.145860] cloud-init[800]: Your identification has been saved in /etc/ssh/ssh_host_rsa_key.\r\r\n[   32.145998] cloud-init[800]: Your public key has been saved in /etc/ssh/ssh_host_rsa_key.pub.\r\r\n[   32.146128] cloud-init[800]: The key fingerprint is:\r\r\n[   32.146257] cloud-init[800]: 41:16:08:63:23:6b:4f:24:4a:6b:1e:a9:ce:65:19:7a root@xplatvm\r\r\n[   32.146388] cloud-init[800]: The key's randomart image is:\r\r\n[   32.146514] cloud-init[800]: +---[RSA 2048]----+\r\r\n[   32.146639] cloud-init[800]: | .o *. .+.       |\r\r\n[   32.146763] cloud-init[800]: |..o* o.o         |\r\r\n[   32.146944] cloud-init[800]: |.=o..   .        |\r\r\n[   32.147072] cloud-init[800]: |+.ooo    .       |\r\r\n[   32.147196] cloud-init[800]: |.o E.   S        |\r\r\n[   32.147320] cloud-init[800]: |o +              |\r\r\n[   32.147449] cloud-init[800]: | o               |\r\r\n[   32.147576] cloud-init[800]: |                 |\r\r\n[   32.147700] cloud-init[800]: |                 |\r\r\n[   32.147823] cloud-init[800]: +-----------------+\r\r\n[   32.147949] cloud-init[800]: Generating public/private dsa key pair.\r\r\n[   32.148110] cloud-init[800]: Your identification has been saved in /etc/ssh/ssh_host_dsa_key.\r\r\n[   32.148239] cloud-init[800]: Your public key has been saved in /etc/ssh/ssh_host_dsa_key.pub.\r\r\n[   32.148365] cloud-init[800]: The key fingerprint is:\r\r\n[   32.148490] cloud-init[800]: 42:ce:8a:48:21:76:87:0e:a1:1f:73:a7:9e:71:95:32 root@xplatvm\r\r\n[   32.148620] cloud-init[800]: The key's randomart image is:\r\r\n[   32.148748] cloud-init[800]: +---[DSA 1024]----+\r\r\n[   32.148945] cloud-init[800]: | .               |\r\r\n[   32.155255] cloud-init[800]: |. . .    .       |\r\r\n[   32.155399] cloud-init[800]: |o+oo..E o        |\r\r\n[   32.155531] cloud-init[800]: |o.=+.* +         |\r\r\n[   32.155664] cloud-init[800]: | ...o = S        |\r\r\n[   32.155816] cloud-init[800]: |.. o = .         |\r\r\n[   32.155943] cloud-init[800]: |. . +            |\r\r\n[   32.156088] cloud-init[800]: |                 |\r\r\n[   32.156223] cloud-init[800]: |                 |\r\r\n[   32.156368] cloud-init[800]: +-----------------+\r\r\n[   32.156517] cloud-init[800]: Generating public/private ecdsa key pair.\r\r\n[   32.156644] cloud-init[800]: Your identification has been saved in /etc/ssh/ssh_host_ecdsa_key.\r\r\n[   32.156770] cloud-init[800]: Your public key has been saved in /etc/ssh/ssh_host_ecdsa_key.pub.\r\r\n[   32.156901] cloud-init[800]: The key fingerprint is:\r\r\n[   32.157027] cloud-init[800]: 56:5e:0c:88:2d:71:0e:2c:cc:d9:88:51:66:3f:a2:dd root@xplatvm\r\r\n[   32.157402] cloud-init[800]: The key's randomart image is:\r\r\n[   32.157536] cloud-init[800]: +---[ECDSA 256]---+\r\r\n[   32.157663] cloud-init[800]: |  .*+=o+...      |\r\r\n[   32.157788] cloud-init[800]: |  .o*.=+o  o     |\r\r\n[   32.157914] cloud-init[800]: |    ..o.. . o    |\r\r\n[   32.158040] cloud-init[800]: |   o o . o .     |\r\r\n[   32.158164] cloud-init[800]: |  . . E S .      |\r\r\n[   32.158289] cloud-init[800]: |       .         |\r\r\n[   32.159046] cloud-init[800]: |                 |\r\r\n[   32.159179] cloud-init[800]: |                 |\r\r\n[   32.159310] cloud-init[800]: |                 |\r\r\n[   32.168321] cloud-init[800]: +-----------------+\r\r\n[   32.174469] cloud-init[800]: Generating public/private ed25519 key pair.\r\r\n[   32.174700] cloud-init[800]: Your identification has been saved in /etc/ssh/ssh_host_ed25519_key.\r\r\n[   32.174899] cloud-800]: Your public key has been saved in /etc/ssh/ssh_host_ed25519_key.pub.\r\r\n[   32.175161] cloud-init[800]: The key fingerprint is:\r\r\n[   32.175349] cloud-init[800]: 92:d0:6d:b7:26:85:8a:92:ac:f7:dc:89:b7:f1:7c:2a root@xplatvm\r\r\n[   32.175535] cloud-init[800]: The key's randomart image is:\r\r\n[   32.175716] cloud-init[800]: +--[ED25519 256]--+\r\r\n[   32.175898] cloud-init[800]: |                 |\r\r\n[   32.176106] cloud-init[800]: |     . . .       |\r\r\n[   32.176290] cloud-init[800]: |    . . + o      |\r\r\n[   32.176474] cloud-init[800]: | . . o + o .     |\r\r\n[   32.176654] cloud-init[800]: |  + . + S o      |\r\r\n[   32.196888] cloud-init[800]: | . .   . o       |\r\r\n[   32.197128] cloud-init[800]: |. .   .          |\r\r\n[   32.197323] cloud-init[800]: | . o oE=  .      |\r\r\n[   32.197516] cloud-init[800]: |    +.+o+o       |\r\r\n[   32.197710] cloud-init[800]: +-----------------+\r\r\n[\u001b[32m  OK  \u001b[0m] Started Initial cloud-init job (metadata service crawler).\r\r\n[\u001b[32m  OK  \u001b[0m] Reached target Cloud-config availability.\r\r\n         Starting Apply the settings specified in cloud-config...\r\r\n[\u001b[32m  OK  \u001b[0m] Started OpenBSD Secure Shell server.\r\r\n         Starting OpenBSD Secure Shell server...\r\r\n         Starting Permit User Sessions...\r\r\n[\u001b[32m  OK  \u001b[0m] Started Permit User Sessions.\r\r\n         Starting Terminate Plymouth Boot Screen...\r\r\n         Starting Wait for Plymouth Boot Screen to Quit...\r\r\ncloud-init.service\r\r\n2016/01/27 04:37:24 Finished processing ExtensionsConfig.xml\r\r\n[\u001b[32m  OK  \u001b[0m] Stopped File System Check on /dev/disk/azure/resource-part1.\r\r\n         Stopping File System Check on /dev/disk/azure/resource-part1...\r\r\nssh.service\r\r\nsystemd-user-sessions.service\r\r\n[\u001b[32m  OK  \u001b[0m] Started Terminate Plymouth Boot Screen.\r\n[\u001b[32m  OK  \u001b[0m] Started Wait for Plymouth Boot Screen to Quit.\r\n[\u001b[32m  OK  \u001b[0m] Started Getty on tty1.\r\n         Starting Getty on tty1...\r\n[\u001b[32m  OK  \u001b[0m] Started Serial Getty on ttyS0.\r\n         Starting Serial Getty on ttyS0...\r\n[\u001b[32m  OK  \u001b[0m] Reached target Login Prompts.\r\n         Starting File System Check on /dev/disk/azure/resource-part1...\r\n[\u001b[32m  OK  \u001b[0m] Started File System Check on /dev/disk/azure/resource-part1.\r\n         Mounting /mnt...\r\n[\u001b[1;31mFAILED\u001b[0m] Failed to mount /mnt.\r\nSee \"systemctl status mnt.mount\" for details.\r\n[   39.268716] cloud-init[1034]: Generating locales...\r\n[   39.342821] cloud-init[1034]: en_US.UTF-8... up-to-date\r\n[   39.367678] cloud-init[1034]: Generation complete.\r\n\r\r\nUbuntu 15.04 xplatvm ttyS0\r\n\r\nxplatvm login: \u0000\u0000\u0000\u0000\u0000\u0000\u0000\u0000\u0000\u0000\u0000\u0000\u0000\u0000\u0000\u0000\u0000\u0000\u0000\u0000\u0000\u0000[   42.448415] cloud-init[1034]: Cloud-init v. 0.7.7 running 'modules:config' at Wed, 27 Jan 2016 04:37:24 +0000. Up 33.24 seconds.\r\nci-info: no authorized ssh keys fingerprints found for user azureuser.\r\nec2: \r\nec2: #############################################################\r\nec2: -----BEGIN SSH HOST KEY FINGERPRINTS-----\r\nec2: 1024 42:ce:8a:48:21:76:87:0e:a1:1f:73:a7:9e:71:95:32 /etc/ssh/ssh_host_dsa_key.pub (DSA)\r\nec2: 256 56:5e:0c:88:2d:71:0e:2c:cc:d9:88:51:66:3f:a2:dd /etc/ssh/ssh_host_ecdsa_key.pub (ECDSA)\r\nec2: 256 92:d0:6d:b7:26:85:8a:92:ac:f7:dc:89:b7:f1:7c:2a /etc/ssh/ssh_host_ed25519_key.pub (ED25519)\r\nec2: 2048 41:16:08:63:23:6b:4f:24:4a:6b:1e:a9:ce:65:19:7a /etc/ssh/ssh_host_rsa_key.pub (RSA)\r\nec2: -----END SSH HOST KEY FINGERPRINTS-----\r\nec2: #############################################################\r\n-----BEGIN SSH HOST KEY KEYS-----\r\necdsa-sha2-nistp256 AAAAE2VjZHNhLXNoYTItbmlzdHAyNTYAAAAIbmlzdHAyNTYAAABBBDT/9R2QXUms2Ugb8gpMDVkY1joZyu8l7o1Y5x7dQP/KyFJmjW8HLjQm3D4p9O2c7Z5gZAKhlFPlslGZgylKvtM= root@xplatvm\r\nssh-ed25519 AAAAC3NzaC1lZDI1NTE5AAAAIDjflV3ltpT+MpmCZvm7DgkWpf8cVfvjdpdViuq5MNWh root@xplatvm\r\nssh-rsa AAAAB3NzaC1yc2EAAAADAQABAAABAQC6OxK80PzLN/EcgrbynK7tFKJ6puzSEQzMQ/VFvdElhVqhgV0LYx69xoWSzNd3jwh0rX9YvdEttxRoN46SST2s9ALl9+KH7jYlEh+OIIeCjfOmJWDaTRWKkQ3JzovQ/1B74qZpZpf4fx3qDsPJ2wrXQhKac/D9jpIe6hTeOE1gCedkfXEGCc4Qz4sI51Z2RbTIyC26wNP52zBbzgmM/FonmWFh8+TC8CanjqWbXAlQE3FxDecx1oZ7EYGcHAJzNOggugr08EIbOY1e7pkRbdWajg+MHkd1BmOTdk17BYFddTGYnn7pzLfxYXUlnaz/8Idg+PHOJGHx1PF3uU49tx3b root@xplatvm\r\n-----END SSH HOST KEY KEYS-----\r\n[   43.506895] cloud-init[1221]: Cloud-init v. 0.7.7 running 'modules:final' at Wed, 27 Jan 2016 04:37:33 +0000. Up 43.05 seconds.\r\n[   43.554392] cloud-init[1221]: ci-info: no authorized ssh keys fingerprints found for user azureuser.\r\n[   43.601707] cloud-init[1221]: Cloud-init v. 0.7.7 finished at Wed, 27 Jan 2016 04:37:34 +0000. Datasource DataSourceAzureNet [seed=/dev/sr0].  Up 43.49 seconds\r\n\u0000\u0000\u0000\u0000\u0000\u0000\u0000\u0000\u0000\u0000\u0000\u0000\u0000\u0000\u0000\u0000\u0000\u0000\u0000\u0000\u0000\u0000\u0000\u0000\u0000\u0000\u0000\u0000\u0000\u0000\u0000\u0000\u0000\u0000\u0000\u0000\u0000\u0000\u0000\u0000\u0000\u0000\u0000\u0000\u0000\u0000\u0000\u0000\u0000\u0000\u0000\u0000\u0000\u0000\u0000\u0000\u0000\u0000\u0000\u0000\u0000\u0000\u0000\u0000\u0000\u0000\u0000\u0000\u0000\u0000\u0000\u0000\u0000\u0000\u0000\u0000\u0000\u0000\u0000\u0000\u0000\u0000", { 'content-length': '64512',
  'last-modified': 'Wed, 27 Jan 2016 04:38:31 GMT',
  'accept-ranges': 'bytes',
  etag: '"0x8D326D3B589C042"',
  server: 'Windows-Azure-Blob/1.0 Microsoft-HTTPAPI/2.0',
  'x-ms-request-id': 'a527786e-0001-0007-2abd-583eca000000',
  'x-ms-version': '2015-02-21',
  'x-ms-lease-status': 'unlocked',
  'x-ms-lease-state': 'available',
  'x-ms-blob-type': 'PageBlob',
  'x-ms-blob-sequence-number': '0',
  date: 'Wed, 27 Jan 2016 04:48:34 GMT',
  connection: 'close' });
 return result; },
function (nock) { 
var result = 
nock('https://xplatteststorage14187.blob.core.windows.net:443')
  .get('/bootdiagnostics-xplatvm-036956c3-f107-41fd-81a2-e71b97bef18e/xplatvm.036956c3-f107-41fd-81a2-e71b97bef18e.serialconsole.log')
