// This file has been autogenerated.

var profile = require('../../../lib/util/profile');

exports.getMockedProfile = function () {
  var newProfile = new profile.Profile();

  newProfile.addSubscription(new profile.Subscription({
    id: 'e33f361b-53c2-4cc7-b829-78906708387b',
    name: 'Microsoft Azure Internal Consumption',
    user: {
      name: 'user@domain.example',
      type: 'servicePrincipal'
    },
    tenantId: '72f988bf-86f1-41af-91ab-2d7cd011db47',
    state: 'Enabled',
    registeredProviders: [],
    isDefault: true
  }, newProfile.environments['AzureCloud']));

  return newProfile;
};

exports.setEnvironment = function() {
  process.env['AZURE_VM_TEST_LOCATION'] = 'eastus';
  process.env['SSHCERT'] = 'test/myCert.pem';
};

exports.scopes = [[function (nock) { 
var result = 
nock('http://management.azure.com:443')
  .get('/subscriptions/e33f361b-53c2-4cc7-b829-78906708387b/resourceGroups/xplatTestGVMCreate7755/providers/Microsoft.Compute/virtualMachines/xplatvm?$expand=instanceView&api-version=2015-06-15')
  .reply(200, "{\r\n  \"properties\": {\r\n    \"vmId\": \"1c6b1ff5-144f-4b0c-b119-9ffeb437a6a0\",\r\n    \"hardwareProfile\": {\r\n      \"vmSize\": \"Standard_A1\"\r\n    },\r\n    \"storageProfile\": {\r\n      \"imageReference\": {\r\n        \"publisher\": \"canonical\",\r\n        \"offer\": \"UbuntuServer\",\r\n        \"sku\": \"15.04\",\r\n        \"version\": \"15.04.201507070\"\r\n      },\r\n      \"osDisk\": {\r\n        \"osType\": \"Linux\",\r\n        \"name\": \"cli1efbd04130ff6300-os-1447359387685\",\r\n        \"createOption\": \"FromImage\",\r\n        \"vhd\": {\r\n          \"uri\": \"https://xplatteststorage19050.blob.core.windows.net/xplatteststoragecnt12319/cli1efbd04130ff6300-os-1447359387685.vhd\"\r\n        },\r\n        \"caching\": \"ReadWrite\"\r\n      },\r\n      \"dataDisks\": []\r\n    },\r\n    \"osProfile\": {\r\n      \"computerName\": \"xplatvm\",\r\n      \"adminUsername\": \"azureuser\",\r\n      \"linuxConfiguration\": {\r\n        \"disablePasswordAuthentication\": false,\r\n        \"ssh\": {\r\n          \"publicKeys\": [\r\n            {\r\n              \"path\": \"/home/azureuser/.ssh/authorized_keys\",\r\n              \"keyData\": \"MIID/zCCAuegAwIBAgIJAMUAa+XVLvAeMA0GCSqGSIb3DQEBBQUAMIGVMQswCQYD\\r\\nVQQGEwJJbjESMBAGA1UECAwJS2FybmF0YWthMRIwEAYDVQQHDAlCYW5nYWxvcmUx\\r\\nEDAOBgNVBAoMB2JyaWxsaW8xEjAQBgNVBAsMCW1pY3Jvc29mdDEQMA4GA1UEAwwH\\r\\nYnJpbGxpbzEmMCQGCSqGSIb3DQEJARYXc3JlZWthbnRoYnNAeWFob28uY28uaW4w\\r\\nHhcNMTUwMzA1MTE1MzEyWhcNMTYwMzA0MTE1MzEyWjCBlTELMAkGA1UEBhMCSW4x\\r\\nEjAQBgNVBAgMCUthcm5hdGFrYTESMBAGA1UEBwwJQmFuZ2Fsb3JlMRAwDgYDVQQK\\r\\nDAdicmlsbGlvMRIwEAYDVQQLDAltaWNyb3NvZnQxEDAOBgNVBAMMB2JyaWxsaW8x\\r\\nJjAkBgkqhkiG9w0BCQEWF3NyZWVrYW50aGJzQHlhaG9vLmNvLmluMIIBIjANBgkq\\r\\nhkiG9w0BAQEFAAOCAQ8AMIIBCgKCAQEAyUNKaOuT0NK+S8Ck81zy9xJ6hXfZvAC6\\r\\nlhbmf/6s/WVimJ/TX5NMhQJwC9k6ZIF92KfYrojHNvHDufSZ3EtKUVwRFCDjmgMT\\r\\nDL09WkGaZt7gROYFK0iZ4KrYGovUwlwum9fHB24OJiOV4bi0ek62/rHx9fjYZpvp\\r\\naIH2PV/hN8SCZ0x7HJMberD4gVoU/Kv42nNvwjLUW6IZfVx/Gv5OeFDtWHfSvUEF\\r\\ndadHKTPn3Ab20Iu6gZIbLO9Vuf38/IpaYGfnFCouHdzmiTiLieYNe3CUPcOJNSv7\\r\\n1G8KYpx3uNJRkJPab5OsRyJw75Gvzkr9OgaPss9tVD6Gt68u3WQtVQIDAQABo1Aw\\r\\nTjAdBgNVHQ4EFgQUogvhXB+xZ2JJPfLO6cVs4ForzscwHwYDVR0jBBgwFoAUogvh\\r\\nXB+xZ2JJPfLO6cVs4ForzscwDAYDVR0TBAUwAwEB/zANBgkqhkiG9w0BAQUFAAOC\\r\\nAQEAdDj7qUNJ45xlF5cjd+4x5NHvAD1VTjOKu+Xh/uzSSjXqB2F0aOMWA9lx0qaQ\\r\\noJgHkGxj3zz/W7ik/cVGL2O+vRIOKv/y0OPogEmS3Hw+P+O6OGE7x1G6YN0zLVoL\\r\\nu4BN/BEYmjttxM9I7qqL7C5cJoE+K3s/w1/pt/68ohJcr7F9Ohi7cso62xuGY1Rm\\r\\nksAh2EUDsU9JV/P+C9AMpLSrb03JJYzVj4w1RHbrmw2AjFyGXdQYkggyXisg+Ifr\\r\\n5gbNN7HigpHf7b2i3CQBUqp9m23frh5AhnLI2qp3UXgc52U5ieLdi/t6j0TTZqqY\\r\\nHhHqofKrj938HHlBNpC5/LVh3w==\\r\\n\"\r\n            }\r\n          ]\r\n        }\r\n      },\r\n      \"secrets\": []\r\n    },\r\n    \"networkProfile\": {\"networkInterfaces\":[{\"properties\":{},\"id\":\"/subscriptions/e33f361b-53c2-4cc7-b829-78906708387b/resourceGroups/xplatTestGVMCreate7755/providers/Microsoft.Network/networkInterfaces/xplattestnic\"}]},\r\n    \"diagnosticsProfile\": {\r\n      \"bootDiagnostics\": {\r\n        \"enabled\": true,\r\n        \"storageUri\": \"https://xplatteststorage19050.blob.core.windows.net/\"\r\n      }\r\n    },\r\n    \"provisioningState\": \"Succeeded\",\r\n    \"instanceView\": {\r\n      \"vmAgent\": {\r\n        \"vmAgentVersion\": \"WALinuxAgent-2.0.13\",\r\n        \"statuses\": [\r\n          {\r\n            \"code\": \"ProvisioningState/succeeded\",\r\n            \"level\": \"Info\",\r\n            \"displayStatus\": \"Ready\",\r\n            \"message\": \"GuestAgent is running and accepting new configurations.\",\r\n            \"time\": \"2015-11-12T20:29:50+00:00\"\r\n          }\r\n        ],\r\n        \"extensionHandlers\": []\r\n      },\r\n      \"disks\": [\r\n        {\r\n          \"name\": \"cli1efbd04130ff6300-os-1447359387685\",\r\n          \"statuses\": [\r\n            {\r\n              \"code\": \"ProvisioningState/succeeded\",\r\n              \"level\": \"Info\",\r\n              \"displayStatus\": \"Provisioning succeeded\",\r\n              \"time\": \"2015-11-12T20:17:28.7473123+00:00\"\r\n            }\r\n          ]\r\n        }\r\n      ],\r\n      \"bootDiagnostics\": {\r\n        \"consoleScreenshotBlobUri\": \"https://xplatteststorage19050.blob.core.windows.net/bootdiagnostics-xplatvm-1c6b1ff5-144f-4b0c-b119-9ffeb437a6a0/xplatvm.1c6b1ff5-144f-4b0c-b119-9ffeb437a6a0.screenshot.bmp\",\r\n        \"serialConsoleLogBlobUri\": \"https://xplatteststorage19050.blob.core.windows.net/bootdiagnostics-xplatvm-1c6b1ff5-144f-4b0c-b119-9ffeb437a6a0/xplatvm.1c6b1ff5-144f-4b0c-b119-9ffeb437a6a0.serialconsole.log\"\r\n      },\r\n      \"statuses\": [\r\n        {\r\n          \"code\": \"ProvisioningState/succeeded\",\r\n          \"level\": \"Info\",\r\n          \"displayStatus\": \"Provisioning succeeded\",\r\n          \"time\": \"2015-11-12T20:19:01.3423278+00:00\"\r\n        },\r\n        {\r\n          \"code\": \"PowerState/running\",\r\n          \"level\": \"Info\",\r\n          \"displayStatus\": \"VM running\"\r\n        }\r\n      ]\r\n    }\r\n  },\r\n  \"id\": \"/subscriptions/e33f361b-53c2-4cc7-b829-78906708387b/resourceGroups/xplatTestGVMCreate7755/providers/Microsoft.Compute/virtualMachines/xplatvm\",\r\n  \"name\": \"xplatvm\",\r\n  \"type\": \"Microsoft.Compute/virtualMachines\",\r\n  \"location\": \"eastus\",\r\n  \"tags\": {\r\n    \"a\": \"b\",\r\n    \"b\": \"c\",\r\n    \"d\": \"\"\r\n  }\r\n}", { 'cache-control': 'no-cache',
  pragma: 'no-cache',
  'content-length': '5008',
  'content-type': 'application/json; charset=utf-8',
  expires: '-1',
  'strict-transport-security': 'max-age=31536000; includeSubDomains',
  'x-ms-served-by': 'db2c81f2-c6fa-41a7-b70e-bc4bed3c3b56_130914447230866138',
  'x-ms-request-id': 'd5a9424b-1a85-4025-9c47-21da3a1844ed',
  server: 'Microsoft-HTTPAPI/2.0, Microsoft-HTTPAPI/2.0',
  'x-ms-ratelimit-remaining-subscription-reads': '14978',
  'x-ms-correlation-request-id': 'bf0f15ba-a768-4e7c-bb74-07d3376dabcf',
  'x-ms-routing-request-id': 'WESTUS:20151112T203006Z:bf0f15ba-a768-4e7c-bb74-07d3376dabcf',
  date: 'Thu, 12 Nov 2015 20:30:06 GMT',
  connection: 'close' });
 return result; },
function (nock) { 
var result = 
nock('https://management.azure.com:443')
  .get('/subscriptions/e33f361b-53c2-4cc7-b829-78906708387b/resourceGroups/xplatTestGVMCreate7755/providers/Microsoft.Compute/virtualMachines/xplatvm?$expand=instanceView&api-version=2015-06-15')
  .reply(200, "{\r\n  \"properties\": {\r\n    \"vmId\": \"1c6b1ff5-144f-4b0c-b119-9ffeb437a6a0\",\r\n    \"hardwareProfile\": {\r\n      \"vmSize\": \"Standard_A1\"\r\n    },\r\n    \"storageProfile\": {\r\n      \"imageReference\": {\r\n        \"publisher\": \"canonical\",\r\n        \"offer\": \"UbuntuServer\",\r\n        \"sku\": \"15.04\",\r\n        \"version\": \"15.04.201507070\"\r\n      },\r\n      \"osDisk\": {\r\n        \"osType\": \"Linux\",\r\n        \"name\": \"cli1efbd04130ff6300-os-1447359387685\",\r\n        \"createOption\": \"FromImage\",\r\n        \"vhd\": {\r\n          \"uri\": \"https://xplatteststorage19050.blob.core.windows.net/xplatteststoragecnt12319/cli1efbd04130ff6300-os-1447359387685.vhd\"\r\n        },\r\n        \"caching\": \"ReadWrite\"\r\n      },\r\n      \"dataDisks\": []\r\n    },\r\n    \"osProfile\": {\r\n      \"computerName\": \"xplatvm\",\r\n      \"adminUsername\": \"azureuser\",\r\n      \"linuxConfiguration\": {\r\n        \"disablePasswordAuthentication\": false,\r\n        \"ssh\": {\r\n          \"publicKeys\": [\r\n            {\r\n              \"path\": \"/home/azureuser/.ssh/authorized_keys\",\r\n              \"keyData\": \"MIID/zCCAuegAwIBAgIJAMUAa+XVLvAeMA0GCSqGSIb3DQEBBQUAMIGVMQswCQYD\\r\\nVQQGEwJJbjESMBAGA1UECAwJS2FybmF0YWthMRIwEAYDVQQHDAlCYW5nYWxvcmUx\\r\\nEDAOBgNVBAoMB2JyaWxsaW8xEjAQBgNVBAsMCW1pY3Jvc29mdDEQMA4GA1UEAwwH\\r\\nYnJpbGxpbzEmMCQGCSqGSIb3DQEJARYXc3JlZWthbnRoYnNAeWFob28uY28uaW4w\\r\\nHhcNMTUwMzA1MTE1MzEyWhcNMTYwMzA0MTE1MzEyWjCBlTELMAkGA1UEBhMCSW4x\\r\\nEjAQBgNVBAgMCUthcm5hdGFrYTESMBAGA1UEBwwJQmFuZ2Fsb3JlMRAwDgYDVQQK\\r\\nDAdicmlsbGlvMRIwEAYDVQQLDAltaWNyb3NvZnQxEDAOBgNVBAMMB2JyaWxsaW8x\\r\\nJjAkBgkqhkiG9w0BCQEWF3NyZWVrYW50aGJzQHlhaG9vLmNvLmluMIIBIjANBgkq\\r\\nhkiG9w0BAQEFAAOCAQ8AMIIBCgKCAQEAyUNKaOuT0NK+S8Ck81zy9xJ6hXfZvAC6\\r\\nlhbmf/6s/WVimJ/TX5NMhQJwC9k6ZIF92KfYrojHNvHDufSZ3EtKUVwRFCDjmgMT\\r\\nDL09WkGaZt7gROYFK0iZ4KrYGovUwlwum9fHB24OJiOV4bi0ek62/rHx9fjYZpvp\\r\\naIH2PV/hN8SCZ0x7HJMberD4gVoU/Kv42nNvwjLUW6IZfVx/Gv5OeFDtWHfSvUEF\\r\\ndadHKTPn3Ab20Iu6gZIbLO9Vuf38/IpaYGfnFCouHdzmiTiLieYNe3CUPcOJNSv7\\r\\n1G8KYpx3uNJRkJPab5OsRyJw75Gvzkr9OgaPss9tVD6Gt68u3WQtVQIDAQABo1Aw\\r\\nTjAdBgNVHQ4EFgQUogvhXB+xZ2JJPfLO6cVs4ForzscwHwYDVR0jBBgwFoAUogvh\\r\\nXB+xZ2JJPfLO6cVs4ForzscwDAYDVR0TBAUwAwEB/zANBgkqhkiG9w0BAQUFAAOC\\r\\nAQEAdDj7qUNJ45xlF5cjd+4x5NHvAD1VTjOKu+Xh/uzSSjXqB2F0aOMWA9lx0qaQ\\r\\noJgHkGxj3zz/W7ik/cVGL2O+vRIOKv/y0OPogEmS3Hw+P+O6OGE7x1G6YN0zLVoL\\r\\nu4BN/BEYmjttxM9I7qqL7C5cJoE+K3s/w1/pt/68ohJcr7F9Ohi7cso62xuGY1Rm\\r\\nksAh2EUDsU9JV/P+C9AMpLSrb03JJYzVj4w1RHbrmw2AjFyGXdQYkggyXisg+Ifr\\r\\n5gbNN7HigpHf7b2i3CQBUqp9m23frh5AhnLI2qp3UXgc52U5ieLdi/t6j0TTZqqY\\r\\nHhHqofKrj938HHlBNpC5/LVh3w==\\r\\n\"\r\n            }\r\n          ]\r\n        }\r\n      },\r\n      \"secrets\": []\r\n    },\r\n    \"networkProfile\": {\"networkInterfaces\":[{\"properties\":{},\"id\":\"/subscriptions/e33f361b-53c2-4cc7-b829-78906708387b/resourceGroups/xplatTestGVMCreate7755/providers/Microsoft.Network/networkInterfaces/xplattestnic\"}]},\r\n    \"diagnosticsProfile\": {\r\n      \"bootDiagnostics\": {\r\n        \"enabled\": true,\r\n        \"storageUri\": \"https://xplatteststorage19050.blob.core.windows.net/\"\r\n      }\r\n    },\r\n    \"provisioningState\": \"Succeeded\",\r\n    \"instanceView\": {\r\n      \"vmAgent\": {\r\n        \"vmAgentVersion\": \"WALinuxAgent-2.0.13\",\r\n        \"statuses\": [\r\n          {\r\n            \"code\": \"ProvisioningState/succeeded\",\r\n            \"level\": \"Info\",\r\n            \"displayStatus\": \"Ready\",\r\n            \"message\": \"GuestAgent is running and accepting new configurations.\",\r\n            \"time\": \"2015-11-12T20:29:50+00:00\"\r\n          }\r\n        ],\r\n        \"extensionHandlers\": []\r\n      },\r\n      \"disks\": [\r\n        {\r\n          \"name\": \"cli1efbd04130ff6300-os-1447359387685\",\r\n          \"statuses\": [\r\n            {\r\n              \"code\": \"ProvisioningState/succeeded\",\r\n              \"level\": \"Info\",\r\n              \"displayStatus\": \"Provisioning succeeded\",\r\n              \"time\": \"2015-11-12T20:17:28.7473123+00:00\"\r\n            }\r\n          ]\r\n        }\r\n      ],\r\n      \"bootDiagnostics\": {\r\n        \"consoleScreenshotBlobUri\": \"https://xplatteststorage19050.blob.core.windows.net/bootdiagnostics-xplatvm-1c6b1ff5-144f-4b0c-b119-9ffeb437a6a0/xplatvm.1c6b1ff5-144f-4b0c-b119-9ffeb437a6a0.screenshot.bmp\",\r\n        \"serialConsoleLogBlobUri\": \"https://xplatteststorage19050.blob.core.windows.net/bootdiagnostics-xplatvm-1c6b1ff5-144f-4b0c-b119-9ffeb437a6a0/xplatvm.1c6b1ff5-144f-4b0c-b119-9ffeb437a6a0.serialconsole.log\"\r\n      },\r\n      \"statuses\": [\r\n        {\r\n          \"code\": \"ProvisioningState/succeeded\",\r\n          \"level\": \"Info\",\r\n          \"displayStatus\": \"Provisioning succeeded\",\r\n          \"time\": \"2015-11-12T20:19:01.3423278+00:00\"\r\n        },\r\n        {\r\n          \"code\": \"PowerState/running\",\r\n          \"level\": \"Info\",\r\n          \"displayStatus\": \"VM running\"\r\n        }\r\n      ]\r\n    }\r\n  },\r\n  \"id\": \"/subscriptions/e33f361b-53c2-4cc7-b829-78906708387b/resourceGroups/xplatTestGVMCreate7755/providers/Microsoft.Compute/virtualMachines/xplatvm\",\r\n  \"name\": \"xplatvm\",\r\n  \"type\": \"Microsoft.Compute/virtualMachines\",\r\n  \"location\": \"eastus\",\r\n  \"tags\": {\r\n    \"a\": \"b\",\r\n    \"b\": \"c\",\r\n    \"d\": \"\"\r\n  }\r\n}", { 'cache-control': 'no-cache',
  pragma: 'no-cache',
  'content-length': '5008',
  'content-type': 'application/json; charset=utf-8',
  expires: '-1',
  'strict-transport-security': 'max-age=31536000; includeSubDomains',
  'x-ms-served-by': 'db2c81f2-c6fa-41a7-b70e-bc4bed3c3b56_130914447230866138',
  'x-ms-request-id': 'd5a9424b-1a85-4025-9c47-21da3a1844ed',
  server: 'Microsoft-HTTPAPI/2.0, Microsoft-HTTPAPI/2.0',
  'x-ms-ratelimit-remaining-subscription-reads': '14978',
  'x-ms-correlation-request-id': 'bf0f15ba-a768-4e7c-bb74-07d3376dabcf',
  'x-ms-routing-request-id': 'WESTUS:20151112T203006Z:bf0f15ba-a768-4e7c-bb74-07d3376dabcf',
  date: 'Thu, 12 Nov 2015 20:30:06 GMT',
  connection: 'close' });
 return result; },
function (nock) { 
var result = 
nock('http://management.azure.com:443')
  .post('/subscriptions/e33f361b-53c2-4cc7-b829-78906708387b/resourceGroups/xplatTestGVMCreate7755/providers/Microsoft.Storage/storageAccounts/xplatteststorage19050/listKeys?api-version=2015-06-15')
  .reply(200, "{\"key1\":\"yiHYUSVCfa2MkEEZ2EihSePV/q3DEyjiJ32VvdftsV3GVFf6fzY3pFXRCZKbyge/TfRLPeBBfBusvDk6F5lsEg==\",\"key2\":\"veBWiyWGKSL6QfbAbIVqTX9Aav5OMXAPpZb9H2j4KNRjkmoexiT9cCI7VC22TQS6ABC5v8rntXn+bp88Q/l90Q==\"}\n", { 'cache-control': 'no-cache',
  pragma: 'no-cache',
  'content-length': '198',
  'content-type': 'application/json',
  expires: '-1',
  'x-ms-request-id': 'ca1068a5-684e-40b0-af12-f0c9aad6203a',
  server: 'Microsoft-Azure-Storage-Resource-Provider/1.0, Microsoft-HTTPAPI/2.0',
  'x-ms-ratelimit-remaining-subscription-writes': '1196',
  'x-ms-correlation-request-id': 'ca1068a5-684e-40b0-af12-f0c9aad6203a',
  'x-ms-routing-request-id': 'WESTUS:20151112T203006Z:ca1068a5-684e-40b0-af12-f0c9aad6203a',
  'strict-transport-security': 'max-age=31536000; includeSubDomains',
  date: 'Thu, 12 Nov 2015 20:30:06 GMT',
  connection: 'close' });
 return result; },
function (nock) { 
var result = 
nock('https://management.azure.com:443')
  .post('/subscriptions/e33f361b-53c2-4cc7-b829-78906708387b/resourceGroups/xplatTestGVMCreate7755/providers/Microsoft.Storage/storageAccounts/xplatteststorage19050/listKeys?api-version=2015-06-15')
  .reply(200, "{\"key1\":\"yiHYUSVCfa2MkEEZ2EihSePV/q3DEyjiJ32VvdftsV3GVFf6fzY3pFXRCZKbyge/TfRLPeBBfBusvDk6F5lsEg==\",\"key2\":\"veBWiyWGKSL6QfbAbIVqTX9Aav5OMXAPpZb9H2j4KNRjkmoexiT9cCI7VC22TQS6ABC5v8rntXn+bp88Q/l90Q==\"}\n", { 'cache-control': 'no-cache',
  pragma: 'no-cache',
  'content-length': '198',
  'content-type': 'application/json',
  expires: '-1',
  'x-ms-request-id': 'ca1068a5-684e-40b0-af12-f0c9aad6203a',
  server: 'Microsoft-Azure-Storage-Resource-Provider/1.0, Microsoft-HTTPAPI/2.0',
  'x-ms-ratelimit-remaining-subscription-writes': '1196',
  'x-ms-correlation-request-id': 'ca1068a5-684e-40b0-af12-f0c9aad6203a',
  'x-ms-routing-request-id': 'WESTUS:20151112T203006Z:ca1068a5-684e-40b0-af12-f0c9aad6203a',
  'strict-transport-security': 'max-age=31536000; includeSubDomains',
  date: 'Thu, 12 Nov 2015 20:30:06 GMT',
  connection: 'close' });
 return result; },
function (nock) { 
var result = 
nock('http://xplatteststorage19050.blob.core.windows.net:443')
  .head('/bootdiagnostics-xplatvm-1c6b1ff5-144f-4b0c-b119-9ffeb437a6a0/xplatvm.1c6b1ff5-144f-4b0c-b119-9ffeb437a6a0.serialconsole.log')
  .reply(200, "", { 'content-length': '99840',
  'last-modified': 'Thu, 12 Nov 2015 20:30:02 GMT',
  'accept-ranges': 'bytes',
  etag: '"0x8D2EBA00B35C681"',
  server: 'Windows-Azure-Blob/1.0 Microsoft-HTTPAPI/2.0',
  'x-ms-request-id': 'c27274d2-0001-0107-6788-1d4ace000000',
  'x-ms-version': '2015-02-21',
  'x-ms-lease-status': 'unlocked',
  'x-ms-lease-state': 'available',
  'x-ms-blob-type': 'PageBlob',
  'x-ms-blob-sequence-number': '0',
  date: 'Thu, 12 Nov 2015 20:30:06 GMT',
  connection: 'close' });
 return result; },
function (nock) { 
var result = 
nock('https://xplatteststorage19050.blob.core.windows.net:443')
  .head('/bootdiagnostics-xplatvm-1c6b1ff5-144f-4b0c-b119-9ffeb437a6a0/xplatvm.1c6b1ff5-144f-4b0c-b119-9ffeb437a6a0.serialconsole.log')
  .reply(200, "", { 'content-length': '99840',
  'last-modified': 'Thu, 12 Nov 2015 20:30:02 GMT',
  'accept-ranges': 'bytes',
  etag: '"0x8D2EBA00B35C681"',
  server: 'Windows-Azure-Blob/1.0 Microsoft-HTTPAPI/2.0',
  'x-ms-request-id': 'c27274d2-0001-0107-6788-1d4ace000000',
  'x-ms-version': '2015-02-21',
  'x-ms-lease-status': 'unlocked',
  'x-ms-lease-state': 'available',
  'x-ms-blob-type': 'PageBlob',
  'x-ms-blob-sequence-number': '0',
  date: 'Thu, 12 Nov 2015 20:30:06 GMT',
  connection: 'close' });
 return result; },
function (nock) { 
var result = 
nock('http://xplatteststorage19050.blob.core.windows.net:443')
  .get('/bootdiagnostics-xplatvm-1c6b1ff5-144f-4b0c-b119-9ffeb437a6a0/xplatvm.1c6b1ff5-144f-4b0c-b119-9ffeb437a6a0.serialconsole.log')
  .reply(200, "\u001b[H\u001b[J\u001b[1;1H[    0.000000] Initializing cgroup subsys cpuset\r\n[    0.000000] Initializing cgroup subsys cpu\r\n[    0.000000] Initializing cgroup subsys cpuacct\r\n[    0.000000] Linux version 3.19.0-22-generic (buildd@allspice) (gcc version 4.9.2 (Ubuntu 4.9.2-10ubuntu13) ) #22-Ubuntu SMP Tue Jun 16 17:15:15 UTC 2015 (Ubuntu 3.19.0-22.22-generic 3.19.8-ckt1)\r\n[    0.000000] Command line: BOOT_IMAGE=/boot/vmlinuz-3.19.0-22-generic root=UUID=86b96bdf-cfdc-4d59-8fcc-539ee2251b7d ro console=tty1 console=ttyS0 earlyprintk=ttyS0 rootdelay=300\r\n[    0.000000] KERNEL supported cpus:\r\n[    0.000000]   Intel GenuineIntel\r\n[    0.000000]   AMD AuthenticAMD\r\n[    0.000000]   Centaur CentaurHauls\r\n[    0.000000] e820: BIOS-provided physical RAM map:\r\n[    0.000000] BIOS-e820: [mem 0x0000000000000000-0x000000000009fbff] usable\r\n[    0.000000] BIOS-e820: [mem 0x000000000009fc00-0x000000000009ffff] reserved\r\n[    0.000000] BIOS-e820: [mem 0x00000000000e0000-0x00000000000fffff] reserved\r\n[    0.000000] BIOS-e820: [mem 0x0000000000100000-0x000000001ffeffff] usable\r\n[    0.000000] BIOS-e820: [mem 0x000000001fff0000-0x000000001fffefff] ACPI data\r\n[    0.000000] BIOS-e820: [mem 0x000000001ffff000-0x000000001fffffff] ACPI NVS\r\n[    0.000000] BIOS-e820: [mem 0x0000000100000000-0x000000014fffffff] usable\r\n[    0.000000] bootconsole [earlyser0] enabled\r\n[    0.000000] NX (Execute Disable) protection: active\r\n[    0.000000] SMBIOS 2.3 present.\r\n[    0.000000] Hypervisor detected: Microsoft HyperV\r\n[    0.000000] HyperV: features 0xe7f, hints 0x2c\r\n[    0.000000] HyperV: LAPIC Timer Frequency: 0xc3500\r\n[    0.000000] AGP: No AGP bridge found\r\n[    0.000000] e820: last_pfn = 0x150000 max_arch_pfn = 0x400000000\r\n[    0.000000] PAT configuration [0-7]: WB  WC  UC- UC  WB  WC  UC- UC  \r\n[    0.000000] e820: last_pfn = 0x1fff0 max_arch_pfn = 0x400000000\r\n[    0.000000] found SMP MP-table at [mem 0x000ff780-0x000ff78f] mapped at [ffff8800000ff780]\r\n[    0.000000] Scanning 1 areas for low memory corruption\r\n[    0.000000] init_memory_mapping: [mem 0x00000000-0x000fffff]\r\n[    0.000000] init_memory_mapping: [mem 0x14fe00000-0x14fffffff]\r\n[    0.000000] init_memory_mapping: [mem 0x140000000-0x14fdfffff]\r\n[    0.000000] init_memory_mapping: [mem 0x120000000-0x13fffffff]\r\n[    0.000000] init_memory_mapping: [mem 0x00100000-0x1ffeffff]\r\n[    0.000000] init_memory_mapping: [mem 0x100000000-0x11fffffff]\r\n[    0.000000] RAMDISK: [mem 0x1dd2d000-0x1f7c3fff]\r\n[    0.000000] ACPI: Early table checksum verification disabled\r\n[    0.000000] ACPI: RSDP 0x00000000000F56F0 000014 (v00 ACPIAM)\r\n[    0.000000] ACPI: RSDT 0x000000001FFF0000 000040 (v01 VRTUAL MICROSFT 05001223 MSFT 00000097)\r\n[    0.000000] ACPI: FACP 0x000000001FFF0200 000081 (v02 VRTUAL MICROSFT 05001223 MSFT 00000097)\r\n[    0.000000] ACPI: DSDT 0x000000001FFF1724 002E78 (v01 MSFTVM MSFTVM02 00000002 INTL 02002026)\r\n[    0.000000] ACPI: FACS 0x000000001FFFF000 000040\r\n[    0.000000] ACPI: WAET 0x000000001FFF1480 000028 (v01 VRTUAL MICROSFT 05001223 MSFT 00000097)\r\n[    0.000000] ACPI: SLIC 0x000000001FFF14C0 000176 (v01 VRTUAL MICROSFT 05001223 MSFT 00000097)\r\n[    0.000000] ACPI: OEM0 0x000000001FFF16C0 000064 (v01 VRTUAL MICROSFT 05001223 MSFT 00000097)\r\n[    0.000000] ACPI: SRAT 0x000000001FFF0600 000090 (v02 VRTUAL MICROSFT 00000001 MSFT 00000001)\r\n[    0.000000] ACPI: APIC 0x000000001FFF0300 00024C (v01 VRTUAL MICROSFT 05001223 MSFT 00000097)\r\n[    0.000000] ACPI: OEMB 0x000000001FFFF040 000064 (v01 VRTUAL MICROSFT 05001223 MSFT 00000097)\r\n[    0.000000] SRAT: PXM 0 -> APIC 0x00 -> Node 0\r\n[    0.000000] SRAT: Node 0 PXM 0 [mem 0x00000000-0x1fffffff]\r\n[    0.000000] SRAT: Node 0 PXM 0 [mem 0x100000000-0x14fffffff]\r\n[    0.000000] NUMA: Node 0 [mem 0x00000000-0x1fffffff] + [mem 0x100000000-0x14fffffff] -> [mem 0x00000000-0x14fffffff]\r\n[    0.000000] NODE_DATA(0) allocated [mem 0x14fffa000-0x14fffefff]\r\n[    0.000000] Zone ranges:\r\n[    0.000000]   DMA      [mem 0x00001000-0x00ffffff]\r\n[    0.000000]   DMA32    [mem 0x01000000-0xffffffff]\r\n[    0.000000]   Normal   [mem 0x100000000-0x14fffffff]\r\n[    0.000000] Movable zone start for each node\r\n[    0.000000] Early memory node ranges\r\n[    0.000000]   node   0: [mem 0x00001000-0x0009efff]\r\n[    0.000000]   node   0: [mem 0x00100000-0x1ffeffff]\r\n[    0.000000]   node   0: [mem 0x100000000-0x14fffffff]\r\n[    0.000000] Initmem setup node 0 [mem 0x00001000-0x14fffffff]\r\n[    0.000000] ACPI: PM-Timer IO Port: 0x408\r\n[    0.000000] ACPI: LAPIC (acpi_id[0x01] lapic_id[0x00] enabled)\r\n[    0.000000] ACPI: LAPIC (acpi_id[0x02] lapic_id[0x01] disabled)\r\n[    0.000000] ACPI: LAPIC (acpi_id[0x03] lapic_id[0x02] disabled)\r\n[    0.000000] ACPI: LAPIC (acpi_id[0x04] lapic_id[0x03] disabled)\r\n[    0.000000] ACPI: LAPIC (acpi_id[0x05] lapic_id[0x04] disabled)\r\n[    0.000000] ACPI: LAPIC (acpi_id[0x06] lapic_id[0x05] disabled)\r\n[    0.000000] ACPI: LAPIC (acpi_id[0x07] lapic_id[0x06] disabled)\r\n[    0.000000] ACPI: LAPIC (acpi_id[0x08] lapic_id[0x07] disabled)\r\n[    0.000000] ACPI: LAPIC (acpi_id[0x09] lapic_id[0x08] disabled)\r\n[    0.000000] ACPI: LAPIC (acpi_id[0x0a] lapic_id[0x09] disabled)\r\n[    0.000000] ACPI: LAPIC (acpi_id[0x0b] lapic_id[0x0a] disabled)\r\n[    0.000000] ACPI: LAPIC (acpi_id[0x0c] lapic_id[0x0b] disabled)\r\n[    0.000000] ACPI: LAPIC (acpi_id[0x0d] lapic_id[0x0c] disabled)\r\n[    0.000000] ACPI: LAPIC (acpi_id[0x0e] lapic_id[0x0d] disabled)\r\n[    0.000000] ACPI: LAPIC (acpi_id[0x0f] lapic_id[0x0e] disabled)\r\n[    0.000000] ACPI: LAPIC (acpi_id[0x10] lapic_id[0x0f] disabled)\r\n[    0.000000] ACPI: LAPIC (acpi_id[0x11] lapic_id[0x10] disabled)\r\n[    0.000000] ACPI: LAPIC (acpi_id[0x12] lapic_id[0x11] disabled)\r\n[    0.000000] ACPI: LAPIC (acpi_id[0x13] lapic_id[0x12] disabled)\r\n[    0.000000] ACPI: LAPIC (acpi_id[0x14] lapic_id[0x13] disabled)\r\n[    0.000000] ACPI: LAPIC (acpi_id[0x15] lapic_id[0x14] disabled)\r\n[    0.000000] ACPI: LAPIC (acpi_id[0x16] lapic_id[0x15] disabled)\r\n[    0.000000] ACPI: LAPIC (acpi_id[0x17] lapic_id[0x16] disabled)\r\n[    0.000000] ACPI: LAPIC (acpi_id[0x18] lapic_id[0x17] disabled)\r\n[    0.000000] ACPI: LAPIC (acpi_id[0x19] lapic_id[0x18] disabled)\r\n[    0.000000] ACPI: LAPIC (acpi_id[0x1a] lapic_id[0x19] disabled)\r\n[    0.000000] ACPI: LAPIC (acpi_id[0x1b] lapic_id[0x1a] disabled)\r\n[    0.000000] ACPI: LAPIC (acpi_id[0x1c] lapic_id[0x1b] disabled)\r\n[    0.000000] ACPI: LAPIC (acpi_id[0x1d] lapic_id[0x1c] disabled)\r\n[    0.000000] ACPI: LAPIC (acpi_id[0x1e] lapic_id[0x1d] disabled)\r\n[    0.000000] ACPI: LAPIC (acpi_id[0x1f] lapic_id[0x1e] disabled)\r\n[    0.000000] ACPI: LAPIC (acpi_id[0x20] lapic_id[0x1f] disabled)\r\n[    0.000000] ACPI: LAPIC (acpi_id[0x21] lapic_id[0x20] disabled)\r\n[    0.000000] ACPI: LAPIC (acpi_id[0x22] lapic_id[0x21] disabled)\r\n[    0.000000] ACPI: LAPIC (acpi_id[0x23] lapic_id[0x22] disabled)\r\n[    0.000000] ACPI: LAPIC (acpi_id[0x24] lapic_id[0x23] disabled)\r\n[    0.000000] ACPI: LAPIC (acpi_id[0x25] lapic_id[0x24] disabled)\r\n[    0.000000] ACPI: LAPIC (acpi_id[0x26] lapic_id[0x25] disabled)\r\n[    0.000000] ACPI: LAPIC (acpi_id[0x27] lapic_id[0x26] disabled)\r\n[    0.000000] ACPI: LAPIC (acpi_id[0x28] lapic_id[0x27] disabled)\r\n[    0.000000] ACPI: LAPIC (acpi_id[0x29] lapic_id[0x28] disabled)\r\n[    0.000000] ACPI: LAPIC (acpi_id[0x2a] lapic_id[0x29] disabled)\r\n[    0.000000] ACPI: LAPIC (acpi_id[0x2b] lapic_id[0x2a] disabled)\r\n[    0.000000] ACPI: LAPIC (acpi_id[0x2c] lapic_id[0x2b] disabled)\r\n[    0.000000] ACPI: LAPIC (acpi_id[0x2d] lapic_id[0x2c] disabled)\r\n[    0.000000] ACPI: LAPIC (acpi_id[0x2e] lapic_id[0x2d] disabled)\r\n[    0.000000] ACPI: LAPIC (acpi_id[0x2f] lapic_id[0x2e] disabled)\r\n[    0.000000] ACPI: LAPIC (acpi_id[0x30] lapic_id[0x2f] disabled)\r\n[    0.000000] ACPI: LAPIC (acpi_id[0x31] lapic_id[0x30] disabled)\r\n[    0.000000] ACPI: LAPIC (acpi_id[0x32] lapic_id[0x31] disabled)\r\n[    0.000000] ACPI: LAPIC (acpi_id[0x33] lapic_id[0x32] disabled)\r\n[    0.000000] ACPI: LAPIC (acpi_id[0x34] lapic_id[0x33] disabled)\r\n[    0.000000] ACPI: LAPIC (acpi_id[0x35] lapic_id[0x34] disabled)\r\n[    0.000000] ACPI: LAPIC (acpi_id[0x36] lapic_id[0x35] disabled)\r\n[    0.000000] ACPI: LAPIC (acpi_id[0x37] lapic_id[0x36] disabled)\r\n[    0.000000] ACPI: LAPIC (acpi_id[0x38] lapic_id[0x37] disabled)\r\n[    0.000000] ACPI: LAPIC (acpi_id[0x39] lapic_id[0x38] disabled)\r\n[    0.000000] ACPI: LAPIC (acpi_id[0x3a] lapic_id[0x39] disabled)\r\n[    0.000000] ACPI: LAPIC (acpi_id[0x3b] lapic_id[0x3a] disabled)\r\n[    0.000000] ACPI: LAPIC (acpi_id[0x3c] lapic_id[0x3b] disabled)\r\n[    0.000000] ACPI: LAPIC (acpi_id[0x3d] lapic_id[0x3c] disabled)\r\n[    0.000000] ACPI: LAPIC (acpi_id[0x3e] lapic_id[0x3d] disabled)\r\n[    0.000000] ACPI: LAPIC (acpi_id[0x3f] lapic_id[0x3e] disabled)\r\n[    0.000000] ACPI: LAPIC (acpi_id[0x40] lapic_id[0x3f] disabled)\r\n[    0.000000] ACPI: IOAPIC (id[0x00] address[0xfec00000] gsi_base[0])\r\n[    0.000000] IOAPIC[0]: apic_id 0, version 17, address 0xfec00000, GSI 0-23\r\n[    0.000000] ACPI: INT_SRC_OVR (bus 0 bus_irq 0 global_irq 2 dfl dfl)\r\n[    0.000000] ACPI: INT_SRC_OVR (bus 0 bus_irq 9 global_irq 9 high level)\r\n[    0.000000] Using ACPI (MADT) for SMP configuration information\r\n[    0.000000] smpboot: Allowing 64 CPUs, 63 hotplug CPUs\r\n[    0.000000] PM: Registered nosave memory: [mem 0x00000000-0x00000fff]\r\n[    0.000000] PM: Registered nosave memory: [mem 0x0009f000-0x0009ffff]\r\n[    0.000000] PM: Registered nosave memory: [mem 0x000a0000-0x000dffff]\r\n[    0.000000] PM: Registered nosave memory: [mem 0x000e0000-0x000fffff]\r\n[    0.000000] PM: Registered nosave memory: [mem 0x1fff0000-0x1fffefff]\r\n[    0.000000] PM: Registered nosave memory: [mem 0x1ffff000-0x1fffffff]\r\n[    0.000000] PM: Registered nosave memory: [mem 0x20000000-0xffffffff]\r\n[    0.000000] e820: [mem 0x20000000-0xffffffff] available for PCI devices\r\n[    0.000000] Booting paravirtualized kernel on bare hardware\r\n[    0.000000] setup_percpu: NR_CPUS:256 nr_cpumask_bits:256 nr_cpu_ids:64 nr_node_ids:1\r\n[    0.000000] PERCPU: Embedded 31 pages/cpu @ffff88014d200000 s87040 r8192 d31744 u131072\r\n[    0.000000] Built 1 zonelists in Node order, mobility grouping on.  Total pages: 451449\r\n[    0.000000] Policy zone: Normal\r\n[    0.000000] Kernel command line: BOOT_IMAGE=/boot/vmlinuz-3.19.0-22-generic root=UUID=86b96bdf-cfdc-4d59-8fcc-539ee2251b7d ro console=tty1 console=ttyS0 earlyprintk=ttyS0 rootdelay=300\r\n[    0.000000] log_buf_len individual max cpu contribution: 4096 bytes\r\n[    0.000000] log_buf_len total cpu_extra contributions: 258048 bytes\r\n[    0.000000] log_buf_len min size: 262144 bytes\r\n[    0.000000] log_buf_len: 524288 bytes\r\n[    0.000000] early log buf free: 248784(94%)\r\n[    0.000000] PID hash table entries: 4096 (order: 3, 32768 bytes)\r\n[    0.000000] AGP: Checking aperture...\r\n[    0.000000] AGP: No AGP bridge found\r\n[    0.000000] Memory: 1687496K/1834552K available (8001K kernel code, 1232K rwdata, 3752K rodata, 1408K init, 1300K bss, 147056K reserved, 0K cma-reserved)\r\n[    0.000000] SLUB: HWalign=64, Order=0-3, MinObjects=0, CPUs=64, Nodes=1\r\n[    0.000000] Hierarchical RCU implementation.\r\n[    0.000000] \tRCU dyntick-idle grace-period acceleration is enabled.\r\n[    0.000000] \tRCU restricting CPUs from NR_CPUS=256 to nr_cpu_ids=64.\r\n[    0.000000] RCU: Adjusting geometry for rcu_fanout_leaf=16, nr_cpu_ids=64\r\n[    0.000000] NR_IRQS:16640 nr_irqs:936 16\r\n[    0.000000] \tOffload RCU callbacks from all CPUs\r\n[    0.000000] \tOffload RCU callbacks from CPUs: 0-63.\r\n[    0.000000] Console: colour VGA+ 80x25\r\n[    0.000000] console [tty1] enabled\r\n[    0.000000] console [ttyS0] enabled\r\n[    0.000000] console [ttyS0] enabled\r\n[    0.000000] bootconsole [earlyser0] disabled\r\n[    0.000000] bootconsole [earlyser0] disabled\r\n[    0.000000] tsc: Fast TSC calibration failed\r\n[    0.000000] tsc: Unable to calibrate against PIT\r\n[    0.000000] tsc: using PMTIMER reference calibration\r\n[    0.000000] tsc: Detected 2094.694 MHz processor\r\n[    0.000000] tsc: Marking TSC unstable due to TSCs unsynchronized\r\n[    0.021891] Calibrating delay loop (skipped), value calculated using timer frequency.. 4189.38 BogoMIPS (lpj=8378776)\r\n[    0.025435] pid_max: default: 65536 minimum: 512\r\n[    0.028048] ACPI: Core revision 20141107\r\n[    0.032419] ACPI: All ACPI Tables successfully acquired\r\n[    0.036183] Security Framework initialized\r\n[    0.037844] AppArmor: AppArmor initialized\r\n[    0.039472] Yama: becoming mindful.\r\n[    0.040268] Dentry cache hash table entries: 262144 (order: 9, 2097152 bytes)\r\n[    0.044115] Inode-cache hash table entries: 131072 (order: 8, 1048576 bytes)\r\n[    0.046783] Mount-cache hash table entries: 4096 (order: 3, 32768 bytes)\r\n[    0.048035] Mountpoint-cache hash table entries: 4096 (order: 3, 32768 bytes)\r\n[    0.050527] Initializing cgroup subsys memory\r\n[    0.052040] Initializing cgroup subsys devices\r\n[    0.053637] Initializing cgroup subsys freezer\r\n[    0.056045] Initializing cgroup subsys net_cls\r\n[    0.057737] Initializing cgroup subsys blkio\r\n[    0.060031] Initializing cgroup subsys perf_event\r\n[    0.061838] Initializing cgroup subsys net_prio\r\n[    0.064031] Initializing cgroup subsys hugetlb\r\n[    0.066036] mce: CPU supports 1 MCE banks\r\n[    0.068047] process: using AMD E400 aware idle routine\r\n[    0.069825] Last level iTLB entries: 4KB 512, 2MB 16, 4MB 8\r\n[    0.069825] Last level dTLB entries: 4KB 512, 2MB 128, 4MB 64, 1GB 0\r\n[    0.097880] ftrace: allocating 30088 entries in 118 pages\r\n[    0.112182] Switched APIC routing to physical flat.\r\n[    0.139007] ..TIMER: vector=0x30 apic1=0 pin1=2 apic2=-1 pin2=-1\r\n[    0.140000] smpboot: CPU0: AMD Opteron(tm) Processor 4171 HE (fam: 10, model: 08, stepping: 01)\r\n[    0.143204] Performance Events: Broken PMU hardware detected, using software events only.\r\n[    0.144000] Failed to access perfctr msr (MSR c0010004 is 0)\r\n[    0.145265] x86: Booted up 1 node, 1 CPUs\r\n[    0.146743] smpboot: Total of 1 processors activated (4189.38 BogoMIPS)\r\n[    0.148020] NMI watchdog: disabled (cpu0): hardware events not enabled\r\n[    0.154174] devtmpfs: initialized\r\n[    0.160056] evm: security.selinux\r\n[    0.161369] evm: security.SMACK64\r\n[    0.162706] evm: security.SMACK64EXEC\r\n[    0.164005] evm: security.SMACK64TRANSMUTE\r\n[    0.165449] evm: security.SMACK64MMAP\r\n[    0.166741] evm: security.ima\r\n[    0.168005] evm: security.capability\r\n[    0.169488] PM: Registering ACPI NVS region [mem 0x1ffff000-0x1fffffff] (4096 bytes)\r\n[    0.171830] pinctrl core: initialized pinctrl subsystem\r\n[    0.172425] RTC time: 20:18:14, date: 11/12/15\r\n[    0.174021] NET: Registered protocol family 16\r\n[    0.176301] cpuidle: using governor ladder\r\n[    0.177705] cpuidle: using governor menu\r\n[    0.182794] ACPI: bus type PCI registered\r\n[    0.184011] acpiphp: ACPI Hot Plug PCI Controller Driver version: 0.5\r\n[    0.186091] PCI: Using configuration type 1 for base access\r\n[    0.188004] PCI: Using configuration type 1 for extended access\r\n[    0.191509] ACPI: Added _OSI(Module Device)\r\n[    0.192005] ACPI: Added _OSI(Processor Device)\r\n[    0.193447] ACPI: Added _OSI(3.0 _SCP Extensions)\r\n[    0.196005] ACPI: Added _OSI(Processor Aggregator Device)\r\n[    0.201027] ACPI: Interpreter enabled\r\n[    0.202453] ACPI Exception: AE_NOT_FOUND, While evaluating Sleep State [\\_S1_] (20141107/hwxface-580)\r\n[    0.205090] ACPI Exception: AE_NOT_FOUND, While evaluating Sleep State [\\_S2_] (20141107/hwxface-580)\r\n[    0.209580] ACPI Exception: AE_NOT_FOUND, While evaluating Sleep State [\\_S3_] (20141107/hwxface-580)\r\n[    0.213094] ACPI Exception: AE_NOT_FOUND, While evaluating Sleep State [\\_S4_] (20141107/hwxface-580)\r\n[    0.216013] ACPI: (supports S0 S5)\r\n[    0.217305] ACPI: Using IOAPIC for interrupt routing\r\n[    0.218874] PCI: Using host bridge windows from ACPI; if necessary, use \"pci=nocrs\" and report a bug\r\n[    0.233263] ACPI: PCI Root Bridge [PCI0] (domain 0000 [bus 00-ff])\r\n[    0.235099] acpi PNP0A03:00: _OSC: OS supports [ExtendedConfig ASPM ClockPM Segments MSI]\r\n[    0.236017] acpi PNP0A03:00: _OSC failed (AE_NOT_FOUND); disabling ASPM\r\n[    0.240354] PCI host bridge to bus 0000:00\r\n[    0.241811] pci_bus 0000:00: root bus resource [bus 00-ff]\r\n[    0.243309] pci_bus 0000:00: root bus resource [mem 0xfe0000000-0xfffefffff]\r\n[    0.244007] pci_bus 0000:00: root bus resource [io  0x0000-0x0cf7]\r\n[    0.245680] pci_bus 0000:00: root bus resource [io  0x0d00-0xffff]\r\n[    0.248007] pci_bus 0000:00: root bus resource [mem 0x000a0000-0x000bffff]\r\n[    0.249763] pci_bus 0000:00: root bus resource [mem 0x20000000-0xfffbffff]\r\n[    0.259583] pci 0000:00:07.1: legacy IDE quirk: reg 0x10: [io  0x01f0-0x01f7]\r\n[    0.260007] pci 0000:00:07.1: legacy IDE quirk: reg 0x14: [io  0x03f6]\r\n[    0.261651] pci 0000:00:07.1: legacy IDE quirk: reg 0x18: [io  0x0170-0x0177]\r\n[    0.264007] pci 0000:00:07.1: legacy IDE quirk: reg 0x1c: [io  0x0376]\r\n[    0.266168] * Found PM-Timer Bug on the chipset. Due to workarounds for a bug,\r\n[    0.266168] * this clock source is slow. Consider trying other clock sources\r\n[    0.272082] pci 0000:00:07.3: quirk: [io  0x0400-0x043f] claimed by PIIX4 ACPI\r\n[    0.284617] ACPI: PCI Interrupt Link [LNKA] (IRQs 3 4 5 7 9 10 *11 12 14 15)\r\n[    0.293610] ACPI: PCI Interrupt Link [LNKB] (IRQs 3 4 5 7 9 10 11 12 14 15) *0, disabled.\r\n[    0.305006] ACPI: PCI Interrupt Link [LNKC] (IRQs 3 4 5 7 9 10 11 12 14 15) *0, disabled.\r\n[    0.316222] ACPI: PCI Interrupt Link [LNKD] (IRQs 3 4 5 7 9 10 11 12 14 15) *0, disabled.\r\n[    0.327226] ACPI: Enabled 1 GPEs in block 00 to 0F\r\n[    0.328182] vgaarb: setting as boot device: PCI:0000:00:08.0\r\n[    0.329842] vgaarb: device added: PCI:0000:00:08.0,decodes=io+mem,owns=io+mem,locks=none\r\n[    0.332004] vgaarb: loaded\r\n[    0.333211] vgaarb: bridge control possible 0000:00:08.0\r\n[    0.336311] SCSI subsystem initialized\r\n[    0.337776] ACPI: bus type USB registered\r\n[    0.339181] usbcore: registered new interface driver usbfs\r\n[    0.340022] usbcore: registered new interface driver hub\r\n[    0.341650] usbcore: registered new device driver usb\r\n[    0.344212] PCI: Using ACPI for IRQ routing\r\n[    0.346143] NetLabel: Initializing\r\n[    0.348009] NetLabel:  domain hash size = 128\r\n[    0.349485] NetLabel:  protocols = UNLABELED CIPSOv4\r\n[    0.351023] NetLabel:  unlabeled traffic allowed by default\r\n[    0.352144] Switched to clocksource hyperv_clocksource\r\n[    0.360238] AppArmor: AppArmor Filesystem Enabled\r\n[    0.361965] pnp: PnP ACPI init\r\n[    0.366732] system 00:06: [io  0x01e0-0x01ef] has been reserved\r\n[    0.368488] system 00:06: [io  0x0160-0x016f] has been reserved\r\n[    0.370150] system 00:06: [io  0x0278-0x027f] has been reserved\r\n[    0.371776] system 00:06: [io  0x0378-0x037f] has been reserved\r\n[    0.373699] system 00:06: [io  0x0678-0x067f] has been reserved\r\n[    0.375335] system 00:06: [io  0x0778-0x077f] has been reserved\r\n[    0.377042] system 00:06: [io  0x04d0-0x04d1] has been reserved\r\n[    0.378962] system 00:07: [io  0x0400-0x043f] has been reserved\r\n[    0.381013] system 00:07: [io  0x0370-0x0371] has been reserved\r\n[    0.382670] system 00:07: [io  0x0440-0x044f] has been reserved\r\n[    0.384323] system 00:07: [mem 0xfec00000-0xfec00fff] could not be reserved\r\n[    0.386129] system 00:07: [mem 0xfee00000-0xfee00fff] has been reserved\r\n[    0.388061] system 00:08: [mem 0x00000000-0x0009ffff] could not be reserved\r\n[    0.389886] system 00:08: [mem 0x000c0000-0x000dffff] could not be reserved\r\n[    0.391641] system 00:08: [mem 0x000e0000-0x000fffff] could not be reserved\r\n[    0.393381] system 00:08: [mem 0x00100000-0x1fffffff] could not be reserved\r\n[    0.395186] system 00:08: [mem 0xfffc0000-0xffffffff] has been reserved\r\n[    0.397254] pnp: PnP ACPI: found 9 devices\r\n[    0.404883] NET: Registered protocol family 2\r\n[    0.406748] TCP established hash table entries: 16384 (order: 5, 131072 bytes)\r\n[    0.408789] TCP bind hash table entries: 16384 (order: 6, 262144 bytes)\r\n[    0.410586] TCP: Hash tables configured (established 16384 bind 16384)\r\n[    0.412496] TCP: reno registered\r\n[    0.413830] UDP hash table entries: 1024 (order: 3, 32768 bytes)\r\n[    0.415491] UDP-Lite hash table entries: 1024 (order: 3, 32768 bytes)\r\n[    0.417454] NET: Registered protocol family 1\r\n[    0.418882] pci 0000:00:00.0: Limiting direct PCI/PCI transfers\r\n[    0.420917] Trying to unpack rootfs image as initramfs...\r\n[    1.119304] Freeing initrd memory: 27228K (ffff88001dd2d000 - ffff88001f7c4000)\r\n[    1.121809] PCI-DMA: Using software bounce buffering for IO (SWIOTLB)\r\n[    1.123540] software IO TLB [mem 0x19d2d000-0x1dd2d000] (64MB) mapped at [ffff880019d2d000-ffff88001dd2cfff]\r\n[    1.126038] microcode: CPU0: patch_level=0xffffffff\r\n[    1.127572] microcode: Microcode Update Driver: v2.00 <tigran@aivazian.fsnet.co.uk>, Peter Oruba\r\n[    1.130452] Scanning for low memory corruption every 60 seconds\r\n[    1.133317] futex hash table entries: 16384 (order: 8, 1048576 bytes)\r\n[    1.135299] Initialise system trusted keyring\r\n[    1.136760] audit: initializing netlink subsys (disabled)\r\n[    1.138352] audit: type=2000 audit(1447359495.136:1): initialized\r\n[    1.140404] HugeTLB registered 2 MB page size, pre-allocated 0 pages\r\n[    1.143881] zpool: loaded\r\n[    1.146707] zbud: loaded\r\n[    1.148248] VFS: Disk quotas dquot_6.5.2\r\n[    1.149623] VFS: Dquot-cache hash table entries: 512 (order 0, 4096 bytes)\r\n[    1.152115] fuse init (API version 7.23)\r\n[    1.153744] Key type big_key registered\r\n[    1.155293] Key type asymmetric registered\r\n[    1.156683] Asymmetric key parser 'x509' registered\r\n[    1.158222] Block layer SCSI generic (bsg) driver version 0.4 loaded (major 252)\r\n[    1.160230] io scheduler noop registered\r\n[    1.161804] io scheduler deadline registered (default)\r\n[    1.163355] io scheduler cfq registered\r\n[    1.164793] pci_hotplug: PCI Hot Plug PCI Core version: 0.5\r\n[    1.166415] pciehp: PCI Express Hot Plug Controller Driver version: 0.4\r\n[    1.168296] input: Power Button as /devices/LNXSYSTM:00/LNXPWRBN:00/input/input0\r\n[    1.170272] ACPI: Power Button [PWRF]\r\n[    1.171848] GHES: HEST is not enabled!\r\n[    1.173376] Serial: 8250/16550 driver, 32 ports, IRQ sharing enabled\r\n[    1.196136] 00:03: ttyS0 at I/O 0x3f8 (irq = 4, base_baud = 115200) is a 16550A\r\n[    1.220940] 00:04: ttyS1 at I/O 0x2f8 (irq = 3, base_baud = 115200) is a 16550A\r\n[    1.224615] Linux agpgart interface v0.103\r\n[    1.227728] brd: module loaded\r\n[    1.229962] loop: module loaded\r\n[    1.231421] ata_piix 0000:00:07.1: Hyper-V Virtual Machine detected, ATA device ignore set\r\n[    1.235886] scsi host0: ata_piix\r\n[    1.237328] scsi host1: ata_piix\r\n[    1.238616] ata1: PATA max UDMA/33 cmd 0x1f0 ctl 0x3f6 bmdma 0xffa0 irq 14\r\n[    1.240416] ata2: PATA max UDMA/33 cmd 0x170 ctl 0x376 bmdma 0xffa8 irq 15\r\n[    1.244255] libphy: Fixed MDIO Bus: probed\r\n[    1.245545] tun: Universal TUN/TAP device driver, 1.6\r\n[    1.247035] tun: (C) 1999-2004 Max Krasnyansky <maxk@qualcomm.com>\r\n[    1.248722] PPP generic driver version 2.4.2\r\n[    1.250212] ehci_hcd: USB 2.0 'Enhanced' Host Controller (EHCI) Driver\r\n[    1.251934] ehci-pci: EHCI PCI platform driver\r\n[    1.253421] ehci-platform: EHCI generic platform driver\r\n[    1.255507] ohci_hcd: USB 1.1 'Open' Host Controller (OHCI) Driver\r\n[    1.257210] ohci-pci: OHCI PCI platform driver\r\n[    1.258634] ohci-platform: OHCI generic platform driver\r\n[    1.260179] uhci_hcd: USB Universal Host Controller Interface driver\r\n[    1.264068] i8042: PNP: PS/2 Controller [PNP0303:PS2K,PNP0f03:PS2M] at 0x60,0x64 irq 1,12\r\n[    1.269620] serio: i8042 KBD port at 0x60,0x64 irq 1\r\n[    1.271203] serio: i8042 AUX port at 0x60,0x64 irq 12\r\n[    1.273045] mousedev: PS/2 mouse device common for all mice\r\n[    1.275687] rtc_cmos 00:00: RTC can wake from S4\r\n[    1.301129] rtc_cmos 00:00: rtc core: registered rtc_cmos as rtc0\r\n[    1.303793] rtc_cmos 00:00: alarms up to one month, 114 bytes nvram\r\n[    1.305675] i2c /dev entries driver\r\n[    1.307099] device-mapper: uevent: version 1.0.3\r\n[    1.308684] device-mapper: ioctl: 4.29.0-ioctl (2014-10-28) initialised: dm-devel@redhat.com\r\n[    1.311219] ledtrig-cpu: registered to indicate activity on CPUs\r\n[    1.313084] PCCT header not found.\r\n[    1.314647] ACPI PCC probe failed.\r\n[    1.316428] TCP: cubic registered\r\n[    1.318609] input: AT Translated Set 2 keyboard as /devices/platform/i8042/serio0/input/input1\r\n[    1.321802] NET: Registered protocol family 10\r\n[    1.324761] NET: Registered protocol family 17\r\n[    1.326320] Key type dns_resolver registered\r\n[    1.329073] Loading compiled-in X.509 certificates\r\n[    1.335255] Loaded X.509 cert 'Magrathea: Glacier signing key: c7d440344c0b3ac2a3cec2aeb9722ecf6cae7391'\r\n[    1.338065] registered taskstats version 1\r\n[    1.341754] Key type trusted registered\r\n[    1.346616] Key type encrypted registered\r\n[    1.348093] AppArmor: AppArmor sha1 policy hashing enabled\r\n[    1.350478] ima: No TPM chip found, activating TPM-bypass!\r\n[    1.352136] evm: HMAC attrs: 0x1\r\n[    1.353783]   Magic number: 7:326:346\r\n[    1.355124] tty tty63: hash matches\r\n[    1.357281] rtc_cmos 00:00: setting system clock to 2015-11-12 20:18:16 UTC (1447359496)\r\n[    1.359797] BIOS EDD facility v0.16 2004-Jun-25, 0 devices found\r\n[    1.361528] EDD information not available.\r\n[    1.401646] ata2.00: ATAPI: Virtual CD, , max MWDMA2\r\n[    1.409232] ata2.00: configured for MWDMA2\r\n[    1.413942] scsi 1:0:0:0: CD-ROM            Msft     Virtual CD/ROM   1.0  PQ: 0 ANSI: 5\r\n[    1.418369] sr 1:0:0:0: [sr0] scsi3-mmc drive: 0x/0x tray\r\n[    1.419993] cdrom: Uniform CD-ROM driver Revision: 3.20\r\n[    1.422416] sr 1:0:0:0: Attached scsi generic sg0 type 5\r\n[    1.424561] Freeing unused kernel memory: 1408K (ffffffff81d36000 - ffffffff81e96000)\r\n[    1.426680] Write protecting the kernel read-only data: 12288k\r\n[    1.429127] Freeing unused kernel memory: 180K (ffff8800017d3000 - ffff880001800000)\r\n[    1.431568] Freeing unused kernel memory: 344K (ffff880001baa000 - ffff880001c00000)\r\nLoading, please wait...\r\nstarting version 219\r\n[    1.460467] random: systemd-udevd urandom read with 2 bits of entropy available\r\n[    1.530337] Floppy drive(s): fd0 is 1.44M\r\n[    1.533945] hv_vmbus: Hyper-V Host Build:9600-6.3-17-0.17039; Vmbus version:3.0\r\n[    1.621916] FDC 0 is an 82078.\r\n[    2.016064] psmouse serio1: trackpoint: failed to get extended button data\r\n[    6.686716] hv_vmbus: registering driver hyperv_fb\r\n[    6.692999] hv_vmbus: registering driver hv_storvsc\r\n[    6.704224] hv_utils: Registering HyperV Utility Driver\r\n[    6.706503] hv_vmbus: registering driver hv_util\r\n[    6.721579] scsi host2: storvsc_host_t\r\n[    6.723480] scsi 2:0:0:0: Direct-Access     Msft     Virtual Disk     1.0  PQ: 0 ANSI: 4\r\n[    6.726219] sd 2:0:0:0: Attached scsi generic sg1 type 0\r\n[    6.728289] sd 2:0:0:0: [sda] 61440000 512-byte logical blocks: (31.4 GB/29.2 GiB)\r\n[    6.730729] sd 2:0:0:0: [sda] Write Protect is off\r\n[    6.732295] hyperv_fb: Screen resolution: 1152x864, Color depth: 32\r\n[    6.734138] sd 2:0:0:0: [sda] Write cache: enabled, read cache: enabled, supports DPO and FUA\r\n[    6.741244] Console: switching to colour frame buffer device 144x54\r\n[    6.753473]  sda: sda1\r\n[    6.755840] hv_vmbus: registering driver hv_netvsc\r\n[    6.758363] scsi host3: storvsc_host_t\r\n[    6.759249] sd 2:0:0:0: [sda] Attached SCSI disk\r\n[    6.760501] scsi 3:0:1:0: Direct-Access     Msft     Virtual Disk     1.0  PQ: 0 ANSI: 4\r\n[    6.762509] sd 3:0:1:0: Attached scsi generic sg2 type 0\r\n[    6.764154] sd 3:0:1:0: [sdb] 146800640 512-byte logical blocks: (75.1 GB/70.0 GiB)\r\n[    6.765586] sd 3:0:1:0: [sdb] 4096-byte physical blocks\r\n[    6.767074] sd 3:0:1:0: [sdb] Write Protect is off\r\n[    6.768087] hv_netvsc: hv_netvsc channel opened successfully\r\n[    6.771444] sd 3:0:1:0: [sdb] Write cache: enabled, read cache: enabled, doesn't support DPO or FUA\r\n[    6.784845]  sdb: sdb1\r\n[    6.786461] sd 3:0:1:0: [sdb] Attached SCSI disk\r\n[    6.816088] psmouse serio1: trackpoint: IBM TrackPoint firmware: 0x01, buttons: 0/0\r\n[    6.818566] input: TPPS/2 IBM TrackPoint as /devices/platform/i8042/serio1/input/input3\r\n[    8.342437] hv_netvsc vmbus_0_16: Send section size: 6144, Section count:2560\r\n[    8.344917] hv_netvsc vmbus_0_16: Device MAC 00:0d:3a:10:6c:84 link state up\r\n[    8.350495] scsi host4: storvsc_host_t\r\n[    8.352314] scsi 4:0:0:0: scsi scan: INQUIRY result too short (5), using 36\r\n[    8.354316] scsi 4:0:0:1: scsi scan: INQUIRY result too short (5), using 36\r\n[    8.356326] scsi 4:0:1:0: scsi scan: INQUIRY result too short (5), using 36\r\n[    8.358295] scsi 4:0:1:1: scsi scan: INQUIRY result too short (5), using 36\r\n[    8.360123] scsi host5: storvsc_host_t\r\n[    8.361854] scsi 5:0:0:0: scsi scan: INQUIRY result too short (5), using 36\r\n[    8.363762] scsi 4:1:0:0: scsi scan: INQUIRY result too short (5), using 36\r\n[    8.365669] scsi 5:0:0:1: scsi scan: INQUIRY result too short (5), using 36\r\n[    8.367662] scsi 5:0:1:0: scsi scan: INQUIRY result too short (5), using 36\r\n[    8.369453] scsi 4:1:0:1: scsi scan: INQUIRY result too short (5), using 36\r\n[    8.371349] scsi 5:0:1:1: scsi scan: INQUIRY result too short (5), using 36\r\n[    8.375003] scsi 4:1:1:0: scsi scan: INQUIRY result too short (5), using 36\r\n[    8.378954] scsi 5:1:0:0: scsi scan: INQUIRY result too short (5), using 36\r\n[    8.382796] scsi 4:1:1:1: scsi scan: INQUIRY result too short (5), using 36\r\n[    8.386439] scsi 5:1:0:1: scsi scan: INQUIRY result too short (5), using 36\r\n[    8.389951] scsi 4:2:0:0: scsi scan: INQUIRY result too short (5), using 36\r\n[    8.393663] scsi 5:1:1:0: scsi scan: INQUIRY result too short (5), using 36\r\n[    8.397310] scsi 4:2:0:1: scsi scan: INQUIRY result too short (5), using 36\r\n[    8.401003] scsi 5:1:1:1: scsi scan: INQUIRY result too short (5), using 36\r\n[    8.404421] scsi 4:2:1:0: scsi scan: INQUIRY result too short (5), using 36\r\n[    8.407979] scsi 5:2:0:0: scsi scan: INQUIRY result too short (5), using 36\r\n[    8.411308] scsi 4:2:1:1: scsi scan: INQUIRY result too short (5), using 36\r\n[    8.415008] scsi 5:2:0:1: scsi scan: INQUIRY result too short (5), using 36\r\n[    8.418394] scsi 4:3:0:0: scsi scan: INQUIRY result too short (5), using 36\r\n[    8.421392] scsi 4:3:0:1: scsi scan: INQUIRY result too short (5), using 36\r\n[    8.423866] scsi 5:2:1:0: scsi scan: INQUIRY result too short (5), using 36\r\n[    8.426463] scsi 4:3:1:0: scsi scan: INQUIRY result too short (5), using 36\r\n[    8.429161] scsi 5:2:1:1: scsi scan: INQUIRY result too short (5), using 36\r\n[    8.431793] scsi 5:3:0:0: scsi scan: INQUIRY result too short (5), using 36\r\n[    8.434257] scsi 4:3:1:1: scsi scan: INQUIRY result too short (5), using 36\r\n[    8.436906] scsi 5:3:0:1: scsi scan: INQUIRY result too short (5), using 36\r\n[    8.440299] scsi 4:4:0:0: scsi scan: INQUIRY result too short (5), using 36\r\n[    8.443046] scsi 4:4:0:1: scsi scan: INQUIRY result too short (5), using 36\r\n[    8.445572] scsi 5:3:1:0: scsi scan: INQUIRY result too short (5), using 36\r\n[    8.448177] scsi 4:4:1:0: scsi scan: INQUIRY result too short (5), using 36\r\n[    8.450677] scsi 5:3:1:1: scsi scan: INQUIRY result too short (5), using 36\r\n[    8.453473] scsi 4:4:1:1: scsi scan: INQUIRY result too short (5), using 36\r\n[    8.455788] scsi 5:4:0:0: scsi scan: INQUIRY result too short (5), using 36\r\n[    8.458162] scsi 4:5:0:0: scsi scan: INQUIRY result too short (5), using 36\r\n[    8.460324] scsi 5:4:0:1: scsi scan: INQUIRY result too short (5), using 36\r\n[    8.462686] scsi 4:5:0:1: scsi scan: INQUIRY result too short (5), using 36\r\n[    8.464835] scsi 5:4:1:0: scsi scan: INQUIRY result too short (5), using 36\r\n[    8.467100] scsi 5:4:1:1: scsi scan: INQUIRY result too short (5), using 36\r\n[    8.469151] scsi 4:5:1:0: scsi scan: INQUIRY result too short (5), using 36\r\n[    8.471354] scsi 5:5:0:0: scsi scan: INQUIRY result too short (5), using 36\r\n[    8.473374] scsi 4:5:1:1: scsi scan: INQUIRY result too short (5), using 36\r\n[    8.475567] scsi 5:5:0:1: scsi scan: INQUIRY result too short (5), using 36\r\n[    8.477589] scsi 4:6:0:0: scsi scan: INQUIRY result too short (5), using 36\r\n[    8.479711] scsi 5:5:1:0: scsi scan: INQUIRY result too short (5), using 36\r\n[    8.481583] scsi 4:6:0:1: scsi scan: INQUIRY result too short (5), using 36\r\n[    8.483582] scsi 5:5:1:1: scsi scan: INQUIRY result too short (5), using 36\r\n[    8.485427] scsi 4:6:1:0: scsi scan: INQUIRY result too short (5), using 36\r\n[    8.487367] scsi 5:6:0:0: scsi scan: INQUIRY result too short (5), using 36\r\n[    8.489102] scsi 4:6:1:1: scsi scan: INQUIRY result too short (5), using 36\r\n[    8.491071] scsi 5:6:0:1: scsi scan: INQUIRY result too short (5), using 36\r\n[    8.492719] scsi 4:7:0:0: scsi scan: INQUIRY result too short (5), using 36\r\n[    8.494580] scsi 5:6:1:0: scsi scan: INQUIRY result too short (5), using 36\r\n[    8.496303] scsi 4:7:0:1: scsi scan: INQUIRY result too short (5), using 36\r\n[    8.498140] scsi 5:6:1:1: scsi scan: INQUIRY result too short (5), using 36\r\n[    8.499756] scsi 4:7:1:0: scsi scan: INQUIRY result too short (5), using 36\r\n[    8.501579] scsi 5:7:0:0: scsi scan: INQUIRY result too short (5), using 36\r\n[    8.503236] scsi 4:7:1:1: scsi scan: INQUIRY result too short (5), using 36\r\n[    8.505038] scsi 5:7:0:1: scsi scan: INQUIRY result too short (5), using 36\r\n[    8.507322] scsi 5:7:1:0: scsi scan: INQUIRY result too short (5), using 36\r\n[    8.509597] scsi 5:7:1:1: scsi scan: INQUIRY result too short (5), using 36\r\nBegin: Loading essential drivers ... done.\r\r\nBegin: Running /scripts/init-premount ... done.\r\r\nBegin: Mounting root file system ... Begin: Running /scripts/local-top ... done.\r\r\nBegin: Running /scripts/local-premount ... done.\r\r\n[   10.058900] EXT4-fs (sda1): mounted filesystem with ordered data mode. Opts: (null)\r\nBegin: Running /scripts/local-bottom ... done.\r\r\ndone.\r\r\nBegin: Running /scripts/init-bottom ... done.\r\r\n[   10.861134] random: nonblocking pool is initialized\r\n[   11.855802] systemd[1]: Inserted module 'autofs4'\r\n[   12.226094] systemd[1]: systemd 219 running in system mode. (+PAM +AUDIT +SELINUX +IMA +APPARMOR +SMACK +SYSVINIT +UTMP +LIBCRYPTSETUP +GCRYPT -GNUTLS +ACL +XZ -LZ4 -SECCOMP +BLKID -ELFUTILS +KMOD -IDN)\r\n[   12.229341] systemd[1]: Detected virtualization microsoft.\r\n[   12.230474] systemd[1]: Detected architecture x86-64.\r\n\r\r\nWelcome to \u001b[1mUbuntu 15.04\u001b[0m!\r\r\n\r\r\n[   12.270911] systemd[1]: Set hostname to <ubuntu>.\r\n[   12.272756] systemd[1]: Initializing machine ID from random generator.\r\n[   12.274097] systemd[1]: Installed transient /etc/machine-id file.\r\netc-machine\\x2did.mount\r\r\n-.mount\r\r\n[   13.515816] systemd[1]: Cannot add dependency job for unit sshd-keygen.service, ignoring: Unit sshd-keygen.service failed to load: No such file or directory.\r\n[   13.519139] systemd[1]: Cannot add dependency job for unit sshd-keygen.service, ignoring: Unit sshd-keygen.service failed to load: No such file or directory.\r\n[   13.522592] systemd[1]: Cannot add dependency job for unit display-manager.service, ignoring: Unit display-manager.service failed to load: No such file or directory.\r\n[\u001b[32m  OK  \u001b[0m]
[   13.529844] systemd[1]: Reached target Remote File Systems (Pre).\r\n[   13.531045] systemd[1]: Starting Remote File Systems (Pre).\r\nReached target Remote File Systems (Pre).\r\r\n[   13.535680] systemd[1]: Set up automount Arbitrary Executable File Formats File System Automount Point.\r\n[\u001b[32m  OK  \u001b[0m] Set up automount Arbitrary Executab...ats File System Automount Point.\r[   13.540546] systemd[1]: Starting Arbitrary Executable File Formats File System Automount Point.\r\n[   13.542187] systemd[1]: Reached target Swap.\r\n[   13.543159] systemd[1]: Starting Swap.\r\n\r\n[\u001b[32m  OK  \u001b[0m] Reached target Swap.\r\r\n[   13.548246] systemd[1]: Started Forward Password Requests to Wall Directory Watch.\r\n[   13.549580] systemd[1]: Starting Forward Password Requests to Wall Directory Watch.\r\n[[   13.552220] systemd[1]: Reached target Encrypted Volumes.\r\n[   13.553360] systemd[1]: Starting Encrypted Volumes.\r\n\u001b[32m  OK  \u001b[0m] Reached target Encrypted Volumes.\r[   13.556633] systemd[1]: Created slice Root Slice.\r\n[   13.557564] systemd[1]: Starting Root Slice.\r\n\r\n[[   13.560409] systemd[1]: Listening on /dev/initctl Compatibility Named Pipe.\r\n[   13.561653] systemd[1]: Starting /dev/initctl Compatibility Named Pipe.\r\n\u001b[32m  OK  \u001b[0m] Created slice Root Slice.\r\r\n[\u001b[32m  OK  \u001b[0m] Listening on /dev/initctl Compatibility Named Pipe.\r[   13.569355] systemd[1]: Created slice User and Session Slice.\r\n[   13.570898] systemd[1]: Starting User and Session Slice.\r\n[   13.572271] systemd[1]: Created slice System Slice.\r\n[   13.573276] systemd[1]: Starting System Slice.\r\n\r\n[[   13.577039] systemd[1]: Reached target Slices.\r\n[   13.577951] systemd[1]: Starting Slices.\r\n[   13.579592] systemd[1]: Starting Increase datagram queue length...\r\n[   13.586818] systemd[1]: Created slice system-serial\\x2dgetty.slice.\r\n\u001b[32m  OK  \u001b[0m] Created slice User and Session Slice.\r[   13.592669] systemd[1]: Starting system-serial\\x2dgetty.slice.\r\n\r\n[\u001b[32m  OK  \u001b[0m] Created slice System Slice.\r\r\n[\u001b[32m  OK  \u001b[0m] Reached target Slices.\r[   13.604568] systemd[1]: Listening on Journal Socket.\r\n[   13.608184] systemd[1]: Starting Journal Socket.\r\n\r\n         Starting Increase datagram queue length...\r\r\n[\u001b[32m  OK  \u001b[0m] Created slice system-serial\\x2dgetty.slice.\r\r\n[\u001b[32m  OK  \u001b[0m] Listening on Journal Socket.\r\r\n[   13.650063] systemd[1]: Starting Load Kernel Modules...\r\n         Starting Load Kernel Modules...[   13.657541] systemd[1]: Started Read required files in advance.\r\n\r\r\n[   13.665385] systemd[1]: Started Set Up Additional Binary Formats.\r\n[   13.666238] systemd[1]: Starting Uncomplicated firewall...\r\n[   13.677459] systemd[1]: Starting Setup Virtual Console...\r\n         Starting Uncomplicated firewall...\r[   13.684297] systemd[1]: Mounting POSIX Message Queue File System...\r\n\r\n         Starting Setup Virtual Console...\r[   13.697816] systemd[1]: Starting Create list of required static device nodes for the current kernel...\r\n\r\n         Mounting POSIX essage Queue File System...\r[   13.711506] systemd[1]: Starting Nameserver information manager...\r\n\r\n         Starting Create list of required st... nodes for the current kernel...\r[   13.723131] systemd[1]: Listening on Journal Socket (/dev/log).\r\n\r\n[   13.733344] systemd[1]: Starting Journal Socket (/dev/log).\r\n[   13.737012] systemd[1]: Listening on udev Kernel Socket.\r\n[   13.742490] systemd[1]: Starting udev Kernel Socket.\r\n         Starting Nameserver information manager...\r\r\n[\u001b[32m  OK  \u001b[0m] Listening on Journal Socket (/dev/log).\r\r\n[\u001b[32m  OK  \u001b[0m] Listening on udev Kernel Socket.\r[   13.753502] systemd[1]: Listening on Delayed Shutdown Socket.\r\n[   13.757577] systemd[1]: Starting Delayed Shutdown Socket.\r\n\r\n[   13.766176] systemd[1]: Created slice system-getty.slice.\r\n[   13.768014] systemd[1]: Starting system-getty.slice.\r\n[\u001b[32m  OK  \u001b[0m] Listening on Delayed Shutdown Socket.\r[   13.787775] systemd[1]: Starting Remount Root and Kernel File Systems...\r\n[   13.793861] systemd[1]: Mounting Huge Pages File System...\r\n\r\n[\u001b[32m  OK  \u001b[0m] Created slice system-getty.slice.\r[   13.805352] systemd[1]: Listening on Journal Audit Socket.\r\n\r\n[   13.812204] EXT4-fs (sda1): re-mounted. Opts: discard\r\n[   13.820112] systemd[1]: Starting Journal Audit Socket.\r\n[   13.821108] systemd[1]: Mounting Debug File System...\r\n[   13.832549] systemd[1]: Listening on udev Control Socket.\r\n[   13.835887] systemd[1]: Starting udev Control Socket.\r\n         Starting Remount Root and Kernel File Systems...\r[   13.845805] systemd[1]: Starting udev Coldplug all Devices...\r\n\r\n         Mounting Huge Pages File System...\r\r\n[   13.856610] systemd[1]: Mounted POSIX Message Queue File System.\r\n[\u001b[32m  OK  \u001b[0m] Listening on Journal Audit Socket.\r\r\n         Mounting Debug File System...\r[   13.869334] systemd[1]: Mounted Debug File System.\r\n[   13.873535] systemd[1]: Mounted Huge Pages File System.\r\n\r\n[\u001b[32m  OK  \u001b[0m] Listening on udev Control Socket.\r[   13.882786] systemd[1]: Started Load Kernel Modules.\r\n\r\n[   13.890256] systemd[1]: Started Uncomplicated firewall.\r\n[   13.898775] systemd[1]: Started Increase datagram queue length.\r\n[   13.903596] systemd[1]: Started Setup Virtual Console.\r\n[   13.908121] systemd[1]: Started Create list of required static device nodes for the current kernel.\r\n[   13.916996] systemd[1]: Started Remount Root and Kernel File Systems.\r\n         Starting udev Coldplug all Devices...\r[   13.937031] systemd[1]: Started Nameserver information manager.\r\n\r\n[\u001b[32m  OK  \u001b[0m] Mounted POSIX Message Queue File System.\r\r\n[\u001b[32m  OK  \u001b[0m] Mounted Debug File System.\r\r\n[\u001b[32m  OK  \u001b[0m] Mounted Huge Pages File System.\r\r\n[\u001b[32m  OK  \u001b[0m] Started Load Kernel Modules.\r[   13.993940] systemd[1]: Started udev Coldplug all Devices.\r\n\r\n[\u001b[32m  OK  \u001b[0m] Started Uncomplicated firewall.\r\r\n[\u001b[32m  OK  \u001b[0m] Started Increase datagram queue length.\r\r\n[\u001b[32m  OK  \u001b[0m] Started Setup Virtual Console.\r\r\n[\u001b[32m  OK  \u001b[0m] Started Create list of required sta...ce nodes for the current kernel.\r\r\n[\u001b[32m  OK  \u001b[0m] Started Remount Root and Kernel File Systems.\r\r\n[   14.048752] systemd[1]: Starting udev Wait for Complete Device Initialization...\r\n[\u001b[32m  OK  \u001b[0m] Started Nameserver information manager.\r\r\n[\u001b[32m  OK  \u001b[0m] Started udev Coldplug all Devices.\r\r\n         Starting udev Wait for Complete Device Initialization...\r\r\ndev-mqueue.mount\r\r\nsys-kernel-debug.mount\r\r\ndev-hugepages.mount\r\r\nsystemd-modules-load.service\r\r\nufw.service\r\r\nsystemd-setup-dgram-qlen.service\r\r\nsystemd-vconsole-setup.service\r\r\nkmod-static-nodes.service\r\r\nsystemd-remount-fs.service\r\r\nresolvconf.service\r\r\nsystemd-udev-trigger.service\r\r\n[   14.293682] systemd[1]: Starting Various fixups to make systemd work better on Debian...\r\n         Starting Various fixups to make systemd work better on Debian...\r\r\n[   14.307167] systemd[1]: Started Rebuild Hardware Database.\r\n[   14.310521] systemd[1]: Starting Load/Save Random Seed...\r\n         Starting Load/Save Random Seed...[   14.317266] systemd[1]: Starting Create Static Device Nodes in /dev...\r\n\r\r\n        
[   14.326834] systemd[1]: Listening on Syslog Socket.\r\nStarting Create Static Device Nodes in /dev...\r\r\n[   14.332776] systemd[1]: Starting Syslog Socket.\r\n[\u001b[32m  OK  \u001b[0m] Listening on Syslog Socket.\r\r\n[   14.340337] systemd[1]: Starting Journal Service...\r\n        
[   14.352758] systemd[1]: Mounting FUSE Control File System...\r\nStarting Journal Service...\r\r\n        
[   14.366358] systemd[1]: Starting Apply Kernel Variables...\r\nMounting FUSE Control File System...\r\r\n[   14.376844] systemd[1]: Mounted Configuration File System.\r\n         Starting Apply Kernel Variables...\r\r\n[   14.384647] systemd[1]: Mounted FUSE Control File System.\r\n[\u001b[32m  OK  \u001b[0m] Mounted FUSE Control File System.\r\r\nsys-fs-fuse-connections.mount\r\r\n[\u001b[32m  OK  \u001b[0m] Started Apply Kernel Variables.\r\r\nsystemd-sysctl.ervice\r\r\n[\u001b[32m  OK  \u001b[0m] Started Load/Save Random Seed.\r\r\nsystemd-random-seed.service\r\r\n[\u001b[32m  OK  \u001b[0m] Started Journal Service.\r\r\n         Starting Flush Journal to Persistent Storage...\r\r\nsystemd-journald.service\r\r\n[\u001b[32m  OK  \u001b[0m] Started Flush Journal to Persistent Storage.\r\r\nsystemd-journal-flush.service\r\r\n[\u001b[32m  OK  \u001b[0m] Started Various fixups to make systemd work better on Debian.\r\r\ndebian-fixup.service\r\r\n[\u001b[32m  OK  \u001b[0] Started Create Static Device Nodes in /dev.\r\r\n         Starting udev Kernel Device Manager...\r\r\nsystemd-tmpfiles-setup-dev.service\r\r\n[\u001b[32m  OK  \u001b[0m] Started udev Kernel Device Manager.\r\r\n[\u001b[32m  OK  \u001b[0m] Reached target Paths.\r\r\nsystemd-udevd.service\r\r\n[\u001b[32m  OK  \u001b[0m] Created slice system-ifup.slice.\r\r\n[   15.429289] piix4_smbus 0000:00:07.3: SMBus base address uninitialized - upgrade BIOS or use force_addr=0xaddr\r\n[\u001b[32m  OK  \u001b[0m] Found device /dev/ttyS0.\r\r\n[\u001b[32m  OK  \u001b[0m] Started udev Wait for Complete Device Initialization.\r\r\n         Starting Copy rules generated while the root was ro...\r\r\n[\u001b[32m  OK  \u001b[0m] Reached target Local File Systems (Pre).\r\r\nsystemd-udev-settle.service\r\r\n         Mounting /etc/network/interfaces.dynamic.d...\r\r\n[\u001b[32m  OK  \u001b[0m] Started Copy rules generated while the root was ro.\r\r\n[\u001b[32m  OK  \u001b[0m] Mounted /etc/network/interfaces.dynamic.d.\r\r\nudev-finish.service\r\r\n[\u001b[32m  OK  \u001b[0m] Reached target Local File Systems.\r\r\n         Starting Tell Plymouth To Write Out Runtime Data...\r\r\n         Starting LSB: AppArmor initialization...\r\r\n         Starting Set console keymap...\r\r\n         Starting Commit a transient machine-id on disk...\r\r\n[\u001b[32m  OK  \u001b[0m] Reached target Remote File Systems.\r\r\n         Starting Wait for all \"auto\" /etc/n... up for network-online.target...\r\r\n         Starting Create Volatile Files and Directories...\r\r\n[\u001b[32m  OK  \u001b[0m] Started Commit a transient machine-id on disk.\r\r\n[\u001b[32m  OK  \u001b[0m] Started Create Volatile Files and Directories.\r\r\n         Starting Update UTMP about System Boot/Shutdown...\r\r\netc-network-interfaces.dynamic.d.mount\r\r\n         Starting Network Time Synchronization...\r\r\n[\u001b[32m  OK  \u001b[0m] Started Update UTMP about System Boot/Shutdown.\r\r\n[\u001b[32m  OK  \u001b[0m] Started Network Time Synchronization.\r\r\n[\u001b[32m  OK  \u001b[0m] Reached target System Time Synchronized.\r\r\nsystemd-machine-id-commit.service\r\r\n[\u001b[32m  OK  \u001b[0m] Started Set console keymap.\r\r\nsystemd-tmpfiles-setup.service\r\r\nsystemd-update-utmp.service\r\r\nsystemd-timesyncd.service\r\r\n[\u001b[32m  OK  \u001b[0m] Started Tell Plymouth To Write Out Runtime Data.\r\r\n[\u001b[32m  OK  \u001b[0m] Started LSB: AppArmor initialization.\r\r\n         Starting LSB: Raise network interfaces...\r\r\n[\u001b[32m  OK  \u001b[0m] Started ifup for eth0.\r\r\n         Starting ifup for eth0...\r\r\napparmor.service\r\r\nifup@eth0.service\r\r\n[\u001b[32m  OK  \u001b[0m] Started LSB: Raise network interfaces..\r\r\n[\u001b[32m  OK  \u001b[0m] Reached target System Initialization.\r\r\n[\u001b[32m  OK  \u001b[0m] Listening on UUID daemon activation socket.\r\r\n[\u001b[32m  OK  \u001b0m] Reached targe Timers.\r\r\n         Starting Seed the pseudo random number generator on first boot...\r\r\n[\u001b[32m  OK  \u001b[0m] Listening on D-Bus System Message Bus Socket.\r\r\n[\u001b[32m  OK  \u001b[0m] Listening on ACPID Listen Socket.\r\r\n[\u001b[32m  OK  \u001b[0m] Reached target Sockets.\r\r\n[\u001b[32m  OK  \u001b[0m] Reached target Basic System.\r\r\n[\u001b[32m  OK  \u001b[0m] Started Regular background program processing daemon.\r\r\n         Starting Regular background program processing daemon...\r\r\n         Starting LSB: Starts the Micro Name Service Cache Daemon...\r\r\n         Starting Accounts Service...\r\r\n         Starting System Logging Service...\r\r\n         Starting Restore /etc/resolv.conf i...e the ppp link was shut down....\r\r\n         Starting Initial cloud-init job (pre-networking)...\r\r\n         Starting LSB: Record successful boot for GRUB...\r\r\n         Starting LSB: Landscape client daemons...\r\r\n         Startingessage Bus...\r\r\n[\u001b[32m  OK  \u001b[0m] Started Hyper-V File Copy Protocol Daemon.\r\r\n         Starting Hyper-V File Copy Protocol Daemon...\r\r\n         Starting Login Service...\r\r\n         Starting LSB: automatic crash report generation...\r\r\n[\u001b[32m  OK  \u001b[0m] Started Hyper-V VSS Protocol Daemon.\r\r\n         Strting Hyper-V VSS Protocol Daemon...\r\r\n[\u001b[32m  K  \u001b[0m] Started Deferred execution scheduler.\r\r\n         Starting Deferred execution scheduler...\r\r\n[\u001b[32m  OK  \u001b[0m] Started Hyper-V KVP Protocol Daemon.\r\r\n         Starting Hyper-V KVP Protocol Daemon...\r\r\n         Starting LSB: Set the CPU Frequency Scaling governor to \"ondemand\"...\r\r\n         Starting LSB: daemon to balance interrupts for SMP systems...\r\r\n[\u001b[32m  OK  \u001b[0m] Reached target Network.\r\r\n         Starting /etc/rc.local Compatibility...\r\r\n[\u001b[32m  OK  \u001b[0m] Started Restore /etc/resolv.conf if..ore the ppp link was shut down..\r\r\n[\u001b[32m  OK  \u001b[0m] Started LSB: Landscape client daemons.\r\r\n[\u001b[32m  OK  \u001b[0m] Started LSB: Set the CPU Frequency Scaling governor to \"ondemand\".\r\r\n[\u001b[32m  OK  \u001b[0m] Started /etc/rc.local Compatibility.\r\r\nnetworking.service\r\r\n[\u001b[32m  OK  \u001b[0m] Started LSB: automatic crash report generation.\r\r\n[\u001b[32m  OK  \u001b[0m] Started LSB: Starts the Micro Name Service Cache Daemon.\r\r\ncron.service\r\r\nhv-fcopy-daemon.service\r\r\nhv-vss-daemon.service\r\r\natd.service\r\r\nhv-kvp-daemon.service\r\r\nlandscape-client.service\r\r\nondemand.service\r\r\n[\u001b[32m  OK  \u001b[0m] Started LSB: Record successful boot for GRUB.\r\r\nrc-local.service\r\r\napport.service\r\r\nunscd.service\r\r\ngrub-common.service\r\r\n[\u001b[32m  OK  \u001b[0m] Started D-Bus System Message Bus.\r\r\ndbus.service\r\r\n[\u001b[32m  OK  \u001b[0m] Started LSB: daemon to balance interrupts for SMP systems.\r\r\n[\u001b[32m  OK  \u001b[0m] Started System Logging Service.\r\r\nirqbalance.service\r\r\n[rsyslog.service\r\r\n\u001b[32m  OK  \u001b[0m Started Login Service.\r\r\nsystemd-logind.service\r\r\n[\u001b[32m  OK  \u001b[0m] Started Wait for all \"auto\" /etc/ne...be up for network-online.target.\r\r\n[\u001b[32m  OK  \u001b[0m] Reached target Network is Online.\r\r\n         Starting LSB: Cleans up any mess left by 0dns-up...\r\r\nifup-wait-all-auto.service\r\r\n[\u001b[32m  OK  \u001b[0m] Started LSB: leans up any mess left by 0dns-up.\r\r\ndns-clean.service\r\r\n         Starting Authenticate and Authorize Users to Run Privileged Tasks...\r\r\n[\u001b[32m  OK  \u001b[0m] Started Authenticate and Authorize Users to Run Privileged Tasks.\r\r\n[\u001b[32m  OK  \u001b[0m] Started Accounts Service.\r\r\npolkitd.service\r\r\naccounts-daemon.service\r\r\n[   23.266142] cloud-init[558]: Cloud-init v. 0.7.7 running 'init-local' at Thu, 12 Nov 2015 20:18:38 +0000. Up 22.97 seconds.\r\r\n[\u001b[32m  OK  \u001b[0] Started Initial cloud-init job (pre-networking).\r\r\n         Starting Initial cloud-init job (metadata service crawer)...\r\r\ncloud-init-local.service\r\r\n[   24.444145] blk_update_request: I/O error, dev fd0, sector 0\r\n[   24.552581] blk_update_request: I/O error, dev fd0, sector 0\r\ntmp-tmpyojrgpe1.mount\r\r\n[   24.844656] cloud-init[758]: + i=eth0\r\r\n[   24.849146] cloud-init[758]: + x=0\r\r\n[   24.852174] cloud-init[758]: + ifdown eth0\r\r\n[   24.907928] cloud-init[758]: Killed old client process\r\r\n[   25.915635] cloud-init[758]: Internet Systems Consortium DHCP Client 4.3.1\r\r\n[   25.920098] cloud-init[758]: Copyright 2004-2014 Internet Systems Consortium.\r\r\n[   25.920451] cloud-init[758]: All rights reserved.\r\r\n[   25.920740] cloud-init[758]: For info, please visit https://www.isc.org/software/dhcp/\r\r\n[   25.921836] cloud-init[758]: Listening on LPF/eth0/00:0d:3a:10:6c:84\r\r\n[   25.922250] cloud-init[758]: Sending on   LPF/eth0/00:0d:3a:10:6c:84\r\r\n[   25.924048] cloud-init[758]: Sending on   Socket/fallback\r\r\n[   26.029918] cloud-init[758]: DHCPRELEASE on eth0 to 168.63.129.16 port 67 (xid=0x69a9dd11)\r\r\n[   26.073957] cloud-init[758]: + ifup eth0\r\r\n[   26.094068] cloud-init[758]: Internet Systems Consortium DHCP Client 4.3.1\r\r\n[   26.100662] cloud-init[758]: Copyright 2004-2014 Internet Systems Consortium.\r\r\n[   26.104519] cloud-init[758]: All rights reserved.\r\r\n[   26.104703] cloud-init[758]: For info, please visit https://www.isc.org/software/dhcp/\r\r\n[   26.115218] cloud-init[758]: Listening on LPF/eth0/00:0d:3a:10:6c:84\r\r\n[   26.115904] cloud-init[758]: Sending on   LPF/eth0/00:0d:3a:10:6c:84\r\r\n[   26.116765] cloud-init[758]: Sending on   Socket/fallback\r\r\n[   26.119402] cloud-init[758]: DHCPDISCOVER on eth0 to 255.255.255.255 port 67 interval 3 (xid=0xe1746301)\r\r\n[   26.195664] cloud-init[758]: DHCPREQUEST of 10.0.0.4 on eth0 to 255.255.255.255 port 67 (xid=0x16374e1)\r\r\n[   26.195880] cloud-init[758]: DHCPOFFER of 10.0.0.4 from 168.63.129.16\r\r\n[   26.243487] cloud-init[758]: DHCPACK of 10.0.0.4 from 168.63.129.16\r\r\n[   26.331286] cloud-init[758]: bound to 10.0.0.4 -- renewal in 4294967295 seconds.\r\r\n[   26.362653] loud-init[758]: + exit 0\r\r\n[\u001b[32m  OK  \u001b[0m] Started Windows Azure Linux Agent.\r\r\n         Starting Windows Azure Linux Agent...\r\r\nwalinuxagent.service\r\r\n2015/11/12 20:18:44 Windows Azure Linux Agent Version: WALinuxAgent-2.0.13\r\r\n2015/11/12 20:18:44 Linux Distribution Detected      : Ubuntu\r\r\n2015/11/12 20:18:44 Module /lib/modules/3.19.0-22-generic/kernel/drivers/ata/ata_piix.ko driver for ATAPI CD-ROM does not exist.\r\r\nmnt-cdrom-secure.mount\r\r\n2015/11/12 20:18:44 mount: /dev/sr0 is write-protected, mounting read-only\r\r\n2015/11/12 20:18:44 mount: /dev/sr0 mounted on mnt/cdrom/secure.\r\r\n2015/11/12 20:18:44 mount succeeded on attempt #1\r\r\n2015/11/12 20:18:44 VMM Init script not found.  Provisioning for Azure\r\r\n2015/11/12 20:18:44 IPv4 address: 10.0.0.4\r\r\n2015/11/12 20:18:44 MAC  address: 00:0D:3A:10:6C:84\r\r\n2015/11/12 20:18:44 Probing for Windows Azure environment.\r\r\n2015/11/12 20:18:45 DoDhcpWork: Setting socket.timeout=10, entering recv\r\r\n2015/11/12 20:18:45 Discovered Windows Azure endpoint: 168.63.129.16\r\r\n2015/11/12 20:18:45 Fabric preferred wire protocol version: 2015-04-05\r\r\n2015/11/12 20:18:45 Negotiated wire protocol version: 2012-11-30\r\r\n2015/11/12 20:18:45 SetBlockDeviceTimeout: Update the device sda with timeout 300\r\r\n2015/11/12 20:18:45 SetBlockDeviceTimeout: Update the device sdb with timeout 300\r\r\n2015/11/12 20:18:45 Retrieved GoalState from Windows Azure Fabrc.\r\r\n2015/11/12 20:18:45 ExpectedState: Started\r\r\n2015/11/12 20:18:45 ContainerId: 16ff1c5d-13d6-41c4-8336-d01f8955cdda\r\r\n2015/11/12 20:18:45 RoleInstanceId: 8fd275cd-c087-47c9-ad31-0b562c4ac00d._xplatvm\r\r\n2015/11/12 20:18:46 Public cert with thumbprint: 1CFC1AB82C3A82A7CF23F392FCC9EF49F2607B0C was retrieved.\r\r\n[   31.196146] blk_update_request: I/O error, dev fd0, sector 0\r\n[   31.272157] blk_update_request: I/O error, dev fd0, sector 0\r\n[   31.316312] blk_update_request: I/O error, dev fd0, sector 0\r\n[   31.348147] blk_update_request: I/O error, dev fd0, sector 0\r\ntmp-tmpbp8edct6.mount\r\r\n[\u001b[1;31mFAILED\u001b[0m] Failed to start Seed the pseudo random number generator on first boot.\r\r\nSee \"systemctl status pollinate.service\" for details.\r\r\n[   37.965146] cloud-init[758]:
Nov 12 20:18:53 ubuntu pollinate[1091]: ERROR: Network communication failed [60]\\n20:18:53.779818 * Hostname was NOT found in DNS cache\r\r\n[   37.965437] cloud-init[758]: % Total    % Received % Xferd  Average Speed   Time    Time     Time  Current\r\r\n[   37.965634] cloud-init[758]: Dload  Upload   Total   Spent    Left  Speed\r\r\n[   37.965813] cloud-init[758]: 0     0    0     0    0     0      0      0 --:--:-- --:--:-- --:--:--     020:18:53.784510 *   Trying 91.189.94.24...\r\r\n[   37.965989] cloud-init[758]: 20:18:53.862493* Connected to entropy.ubuntu.com (91.189.94.24) port 443 (#0)\r\r\n[   37.966165] cloud-init[758]: 20:18:53.863398 * successfully set certificate verify locations:\r\r\n[   37.966339] cloud-init[758]: 20:18:53.863444 *   CAfile: /etc/pollinate/entropy.ubuntu.com.pem\r\r\n[   37.966512] cloud-init[758]: CApath: /dev/null\r\r\n[   37.966686] cloud-init[758]: 20:18:53.863573 * SSLv3, TLS handshake, Client hello (1):\r\r\n[   37.966858] cloud-init[758]: 20:18:53.863614 } [datanot shown]\r\r\n[   37.967030] cloud-init[758]: 20:18:53.958933 * SSLv3, TLS handshake, Server hello (2):\r\r\n[   37.967207] cloud-init[758]: 20:18:53.959010 { [data not shown]\r\r\n[   37.967379] cloud-init[758]: 20:18:53.959104 * SSLv3, TLS handshake, CERT (11):\r\r\n[   37.967556] cloud-init[758]: 20:18:53.959146 { [data not shown]\r\r\n[   37.967729] cloud-init[758]: 20:18:53.959584 * SSLv3, TLS alert, Server hello (2):\r\r\n[   37.967903] cloud-init[758]: 20:18:53.959626 } [data not shown]\r\r\n[   37.975156] cloud-init[758]: 20:18:53.959734 * SSL certificate problem: unable to get local issuer certificate\r\r\n[   37.976057] cloud-init[758]: 20:18:53.959778 * Closing connection 0\r\r\n[   37.976403] cloud-init[758]: curl: (60) SSL certificate problem: unable to get local issuer certificate\r\r\n[   37.976961] cloud-init[758]: More details here: http://curl.haxx.se/docs/sslcerts.html\r\r\n[   37.977431] cloud-init[758]: curl performs SSL certificate verification by default, using a \"bundle\"\r\r\n[   37.978822] cloud-init[758]: of Certificate Authority (CA) public keys (CA certs). If the default\r\r\n[   37.979120] cloud-init[758]: bundle file isn't adequate, you can specify an alternate file\r\r\n[   37.979399] cloud-init[758]: using the --cacert option.\r\r\n[   37.979673] cloud-init[758]: If this HTTPS server uses a certificate signed by a CA represented in\r\r\n[   37.979974] cloud-init[758]: the bundle, the certificate verification probably failed due to a\r\r\n[   37.984890] cloud-init[758]: problem with the certificate (it might be expired, or the name might\r\r\n[   37.985285] cloud-init[758]: not match the domain name in the URL).\r\r\n[   37.985578] cloud-init[758]: If you'd like to turn off curl's verification of the certificate, use\r\r\n[   37.985857] cloud-init[758]: the -k (or --insecure) option.\r\r\n[   37.987403] cloud-init[758]: Cloud-init v. 07.7 running 'init' at Thu, 12 Nov 2015 20:18:39 +0000. Up 24.06 seconds.\r\r\n[   37.987709] cloud-init[758]: ci-info: ++++++++++++++++++++++++++++++++++++++Net device info++++++++++++++++++++++++++++++++++++++\r\r\n[   37.987996] cloud-init[758]: ci-info: +--------+------+-----------------------------+---------------+-------+-------------------+\r\r\n[   37.988331] cloud-init[758]: ci-info: | Device |  Up  |           Address           |      Mask     | Scope |     Hw-Address    |\r\r\n[   37.988612] cloud-init[758]: ci-info: +--------+------+-----------------------------+---------------+-------+-------------------+\r\r\n[   37.988889] cloud-init[758]: ci-info: |   lo   | True |          127.0.0.1          |   255.0.0.0   |   .   |         .         |\r\r\n[   37.989177] cloud-init[758]: ci-info: |   lo   | True |           ::1/128           |       .       |  host |         .         |\r\r\n[   37.989453] cloud-init[758]: ci-info: |  eth0  | True |           10.0.0.4          | 255.255.255.0 |   .   | 00:0d:3a:10:6c:84 |\r\r\n[   37.989727] cloud-init[758]: ci-info: |  eth0  | True | fe80::20d:3aff:fe10:6c84/64 |       .       |  link | 00:0d:3a:10:6c:84 |\r\r\n[   37.990000] cloud-init[758]: ci-info: +--------+------+-----------------------------+---------------+-------+-------------------+\r\r\n[   37.990271] cloud-init[758]: ci-info: +++++++++++++++++++++++++++++Route IPv4 info++++++++++++++++++++++++++++++\r\r\n[   37.990542] cloud-init[758]: ci-info: +-------+---------------+----------+-----------------+-----------+-------+\r\r\n[   37.994541] cloud-init[758]: ci-info: | Route |  Destination  | Gateway  |     Genmask     | Interface | Flags |\r\r\n[   37.994852] cloud-init[758]: ci-info: +-------+---------------+----------+-----------------+-----------+-------+\r\r\n[   37.995223] cloud-init[758]: ci-info: |   0   |    0.0.0.0    | 10.0.0.1 |     0.0.0.0     |    eth0   |   UG  |\r\r\n[   37.995563] cloud-init[758]: ci-info: |   1   |    10.0.0.0   | 0.0.0.0  |  255.255.255.0  |    eth0   |   U   |\r\r\n[   37.995855] cloud-init[758]: ci-info: |   2   | 168.63.129.16 | 10.0.0.1 | 255.255.255.255 |    eth0   |  UGH  |\r\r\n[   37.996179] cloud-init[758]: ci-info: +-------+---------------+----------+-----------------+-----------+-------+\r\r\n[   37.996463] cloud-init[758]: 2015-11-12 20:18:53,444 - util.py[WARNING]: Running module seed_random (<module 'cloudinit.config.cc_seed_random' from '/usr/lib/python3/dist-packages/cloudinit/config/cc_seed_random.py'>) failed\r\r\n2015/11/12 20:18:56 ERROR:Can't find host key: /etc/ssh/ssh_host_rsa_key.pub\r\r\n[   41.955795] cloud-init[758]: Generating public/private rsa key pair.\r\r\n[   41.956124] cloud-init[758]: Your identification has been saved in /etc/ssh/ssh_host_rsa_key.\r\r\n[   41.956314] cloud-init[758]: Your public key has been saved n /etc/ssh/ssh_host_rsa_key.pub.\r\r\n[   41.956493] cloud-init[758]: The key fingerprint is:\r\r\n[   41.956668] cloud-init[758]: 18:57:4f:4b:9d:f4:e6:24:33:24:ce:67:f5:eb:b8:89 root@xplatvm\r\r\n[   41.956843] cloud-init[758]: The key's randomart image is:\r\r\n[   41.957018] cloud-init[758]: +---[RSA 2048]----+\r\r\n[   41.957197] cloud-init[758]: |          . +oo..|\r\r\n[   41.957371] cloud-init[758]: |         . * +oo.|\r\r\n[   41.957543loud-init[758]: |      . .   = * =|\r\r\n[   41.957716] cloud-init[758]: |       +     o B.|\r\r\n[   41.957889] cloud-init[758]: |      . S      ..|\r\r\n[   41.958062] cloud-init[758]: |              o  |\r\r\n[   41.958241] cloud-init[758]: |             . . |\r\r\n[   41.958418] cloud-init[758]: |            . o  |\r\r\n[   41.958591] cloud-init[758]: |           E o   |\r\r\n[   41.958764] cloud-init[758]: +-----------------+\r\r\n[   42.133779] cloud-init[758]: Generating public/private dsa key pair.\r\r\n[   42.136933] cloud-init[758]: Your identification has been saved in /etc/ssh/ssh_host_dsa_key.\r\r\n[   42.137136] cloud-init[758]: Your public key has been saved in /etc/ssh/ssh_host_dsa_key.pub.\r\r\n[   42.137317] cloud-init[758]: The key fingerprint is:\r\r\n[   42.137492] cloud-init[758]: c6:7e:dc:e2:be:2a:ca:1f:53:37:bf:6e:01:27:b6:cc root@xplatvm\r\r\n[   42.137666] cloud-init[758]: The key's randomart image is:\r\r\n[   42.137839] cloud-init[758]: +---[DSA 1024]----+\r\r\n[   42.138012] cloud-init[758]: |                 |\r\r\n[   42.138182] cloud-init[758]: |                 |\r\r\n[   42.138358] cloud-init[758]: |                 |\r\r\n[   42.138535] cloud-init[758]: |       .  + .    |\r\r\n[   42.138713] cloud-init[758]: |        S+o=     |\r\r\n[   42.138885] loud-init[758]: |       + oE+.    |\r\r\n[   42.139057] cloud-init[758]: |      o . + o.   |\r\r\n[   42.139229] cloud-init[758]: |   .  .o o ...   |\r\r\n[   42.139402] cloud-init[758]: |    oo...o++o    |\r\r\n[   42.139609] cloud-init[758]: +-----------------+\r\r\n[   42.155270] cloud-init[758]: Generating public/private ecdsa key pair.\r\r\n[   42.155562] cloud-init[758]: Your identification has been saved in /etc/ssh/ssh_host_ecdsa_key.\r\r\n[   42.155754] cloud-init[758]: Your public key has been saved in /etc/ssh/ssh_host_ecdsa_key.pub.\r\r\n[   42.155932] cloud-init[758]: The key fingerprint is:\r\r\n[   42.156132] cloud-init[758]: 2c:99:36:cc:c6:fa:38:ca:47:7d:1e:44:92:2d:af:66 root@xplatvm\r\r\n[   42.156306] cloud-init[758]: The key's randomart image is:\r\r\n[   42.156477] cloud-init[758]: +---[ECDSA 256]---+\r\r\n[   42.156649] cloud-init[758]: |       o         |\r\r\n[   42.156824] cloud-init[758]: |      + o        |\r\r\n[   42.157390] cloud-init[758]: |       =         |\r\r\n[   42.157701] cloud-init[758]: |     + +o        |\r\r\n[   42.157982] cloud-init[758]: |     .@oS        |\r\r\n[   42.158258] cloud-init[758]: |    .+Eoo        |\r\r\n[   42.158529] cloud-init[758]: |   ..o o .       |\r\r\n[   42.158802] cloud-init[758]: | .  oo  .        |\r\r\n[   42.159225] cloud-init[758]: |  oo...          |\r\r\n[   42.160052] cloud-init[758]: +-----------------+\r\r\n[\u001b[1;31mFAILED\u001b[0m] Failed to start Initial cloud-init job (metadata service crawler).\r\r\nSee \"systemctl tatus cloud-init.service\" for details.\r\r\n[\u001b[32m  OK  \u001b[0m] Started OpenBSD Secure Shell server.\r\r\n         Starting OpenBSD Secure Shell server...\r\r\n         Starting Permit User Sessions...\r\r\n[\u001b[32m  OK  \u001b[0m] Reached target Cloud-config availability.\r\r\n         Starting Apply the settings specified in cloud-config...\r\r\n[\u001b[32m  OK  \u001b[0m] Started Permit User Sessions.\r\r\n         Starting Wait for Plymouth Boot Screen to Quit...\r\r\n         Starting Terminate Plymouth Boot Screen...\r\r\nssh.service\r\r\nsystemd-user-sessions.service\r\r\n[\u001b[32m  OK  \u001b[0m] Started Terminate Plymouth Boot Screen.\r\n[\u001b[32m  OK  \u001b[0m] Started Wait for Plymouth Boot Screen to Quit.\r\n[\u001b[32m  OK  \u001b[0m] Started Getty on tty1.\r\n         Starting Getty on tty1...\r\n[\u001b[32m  OK  \u001b[0m] Started Serial Getty on ttyS0.\r\n         Starting Serial Getty on ttyS0...\r\n[\u001b[32m  OK  \u001b[0m] Reached target Login Prompts.\r\n2015/11/12 20:19:00 Finished processing ExtensionsConfig.xml\r\n2015/11/12 20:19:00 ERROR:CalledProcessError.  Error Code is 1\r\n2015/11/12 20:19:00 ERROR:CalledProcessError.  Command string was pidof  dhclient\r\n2015/11/12 20:1:00 ERROR:CalledProcessError.  Command result was \r\n\u0000\u0000\u0000\u0000\u0000\u0000\u0000\u0000\u0000\u0000\u0000\u0000\u0000\u0000\u0000\u0000\u0000\u0000\u0000\u0000\u0000\u0000\u0000\u0000\u0000\u0000\u0000\u0000\u0000\u0000\u0000\u0000\u0000\u0000\u0000\u0000\u0000\u0000\u0000\u0000\u0000\u0000\u0000\u0000\u0000\u0000\u0000\u0000\u0000\u0000\u0000\u0000\u0000\u0000\u0000\u0000\u0000\u0000\u0000\u0000\u0000\u0000\u0000\u0000\u0000\u0000\u0000\u0000\u0000\u0000\u0000\u0000\u0000\u0000\u0000\u0000\u0000\u0000\u0000\u0000\u0000\u0000\u0000\u0000\u0000\u0000\u0000\u0000\u0000\u0000\u0000\u0000\u0000\u0000\u0000\u0000\u0000\u0000\u0000\u0000\u0000\u0000\u0000\u0000\u0000\u0000\u0000\u0000\u0000\u0000\u0000\u0000\u0000\u0000\u0000\u0000\u0000\u0000\u0000\u0000\u0000\u0000\u0000\u0000\u0000\u0000\u0000\u0000\u0000\u0000\u0000\u0000\u0000\u0000\u0000\u0000\u0000\u0000\u0000\u0000\u0000\u0000\u0000\u0000\u0000\u0000\u0000\u0000\u0000\u0000\u0000\u0000\u0000\u0000\u0000\u0000\u0000\u0000\u0000\u0000\u0000\u0000\u0000\u0000\u0000\u0000\u0000\u0000\u0000\u0000\u0000\u0000\u0000\u0000\u0000\u0000\u0000\u0000\u0000\u0000\u0000\u0000\u0000\u0000\u0000\u0000\u0000\u0000\u0000\u0000\u0000\u0000\u0000\u0000\u0000\u0000\u0000\u0000\u0000\u0000\u0000\u0000\u0000\u0000\u0000\u0000\u0000\u0000\u0000\u0000\u0000\u0000\u0000\u0000\u0000\u0000\u0000\u0000\u0000\u0000\u0000\u0000\u0000\u0000\u0000\u0000\u0000\u0000\u0000\u0000\u0000\u0000\u0000\u0000\u0000\u0000\u0000\u0000\u0000\u0000\u0000\u0000\u0000\u0000\u0000\u0000\u0000\u0000\u0000\u0000\u0000\u0000\u0000\u0000\u0000\u0000\u0000\u0000\u0000\u0000\u0000\u0000\u0000\u0000\u0000\u0000\u0000\u0000\u0000\u0000\u0000\u0000   47.138972] cloud-init[1171]: Generating locales...\r\n[   47.288513] cloud-init[1171]: en_US.UTF-8... up-to-date\r\n[   47.308081] cloud-init[1171]: Generation complete.\r\n   47.138972] cloud-init[1171]: Generating locales...\r\n[   47.288513] cloud-init[1171]: en_US.UTF-8... up-to-date\r\n[   47.308081] cloud-init[1171]: Generation complete.\r\n\r\r\nUbuntu 15.04 xplatvm ttyS0\r\n\r\nxplatvm login: 2015/11/12 20:19:05 ERROR:CalledProcessError.  Error Code is 1\r\n2015/11/12 20:19:05 ERROR:CalledProcessError.  Command string was pidof  dhclient\r\n2015/11/12 20:19:05 ERROR:CalledProcessError.  Command result ws \r\n[   50.571951] cloud-init[1171]: Cloud-init v. 0.7.7 running 'modules:config' at Thu, 12 Nov 2015 20:18:58 +0000. Up 42.97 seconds.\r\nci-info: ++Authorized keys from /home/azureuser/.ssh/authorized_keys for user azureuser+++\r\nci-info: +---------+-------------------------------------------------+---------+---------+\r\nci-info: | Keytype |                Fingerprint (md5)                | Options | Comment |\r\nci-info: +---------+-------------------------------------------------+---------+---------+\r\nci-info: | ssh-rsa | 8f:df:8f:18:ba:cd:cc:63:7c:1f:ea:ae:ba:09:40:65 |    -    |    -    |\r\nci-info: +---------+-------------------------------------------------+---------+---------+\r\nec2: \r\nec2: ############################################################\r\nec2: -----BEGIN SSH HOST KEY FINGERPRINTS-----\r\nec2: 1024 c6:7e:dc:e2:be:2a:ca:1f:53:37:bf:6e:01:27:b6:cc /etc/ssh/ssh_host_dsa_key.pub (DSA)\r\nec2: 256 2c:99:36:cc:c6:fa:38:ca:47:7d:1e:44:92:2d:af:66 /etc/ssh/ssh_host_ecdsa_key.pub (ECDSA)\r\nec2: 2048 18:57:4f:4b:9d:f4:e6:24:33:24:ce:67:f5:eb:b8:89 /etc/ssh/ssh_host_rsa_key.pub (RSA)\r\nec2: -----END SSH HOST KEY FINGERPRINTS-----\r\nec2: #############################################################\r\n-----BEGIN SSH HOST KEY KEYS-----\r\necdsa-sha2-nistp256 AAAAE2VjZHNhLXNoYTItbmlzdHAyNTYAAAAIbmlzdHAyNTYAAABBBCqhiJNhNnsZn/ckxA6PfYzIylFv6ErbphGywG+QvMFxc4pnFPYzzV43PvSr8bkaz4ZZoI9t3YWx4vzp4rJbtFQ= root@xplatvm\r\nssh-rsa AAAAB3NaC1yc2EAAAADAQABAAABAQC2sb7zY/8NCvHgTygtz7zLsfcIxopAxo7P786WvpRGOo+8mud59jkT1yeBeQqI9n7tBKRPEaFeqCR6NCrkn9DVk3VnnnRdhg62dTEYhOaerO8UhYt17N9aioiBJB7F6rRFPiEvNS9LGWSttN57o+8miMKABrNu2q3rL3Tx8zQmjUr/hgtTAf8cjVmFtJMgiThkDvzyP+lQvdPwLphDg8jUmOd4PDSXSZcFMVc1QZp7hczIplrZyfIXHvwdg7S3A4I2kJ53wRRPEpvOxSDrLBuJNfFqumjmnbWfCx61eCLJkiMfjQ4SN4i5He8xahGMNc2COHqD+X2d4Znc8Cd6afZX root@xplatvm\r\n-----END SSH HOST KEY KEYS-----\r\n[   51.446203] cloud-init[1310]: Cloud-init v. 0.7.7 running 'modules:final' at Thu, 12 Nov 2015 20:19:06 +0000. Up 51.05 seconds.\r\n[   51.471691] cloud-init[1310]: Cloud-init v. 0.7.7 finished at Thu, 12 Nov 2015 20:19:06 +0000. Datasource DataSourceAzureNet [seed=/dev/sr0].  Up 51.43 seconds\r\n2015/11/12 20:1:10 ERROR:CalledProcessError.  Error Code is 1\r\n2015/11/12 20:19:10 ERROR:CalledProcessError.  Command string was pidof  dhclient\r\n2015/11/12 20:19:10 ERROR:CalledProcessError.  Command result was \r\n2015/11/12 20:19:15 ERROR:CalledProcessError.  Error Code is 1\r\n2015/11/12 20:19:15 ERROR:CalledProcessError.  Command string was pidof  dhclient\r\n2015/11/12 20:19:15 ERROR:CalledProcessError.  Command result was \r\n2015/11/12 20:19:20 ERROR:CalledProcessError.  Error Code is 1\r\n2015/11/12 20:19:20 ERROR:CalledProcessError.  Command string was pidof  dhclient\r\n2015/11/12 20:19:20 ERROR:CalledProcessError.  Command result was \r\n2015/11/12 20:19:25 ERROR:CalledProcessError.  Error Code is 1\r\n2015/11/12 20:19:25 ERROR:CalledProcessError.  Command string was pidof  dhclient\r\n2015/11/12 20:19:25 ERROR:CalledProcessError.  Command result was \r\n2015/11/12 20:19:30 ERROR:CalledProcessError.  Error Code is 1\r\n2015/11/12 20:19:30 ERROR:CalledProcessError.  Command string was pidof  dhclient\r\n2015/11/12 20:19:30 ERROR:CalledProcessError.  Command result was \r\n2015/11/12 20:19:34 ERROR:CalledProcessError.  Error Code is 1\r\n2015/11/12 20:1:35 ERROR:CalledProcessError.  Command string was pidof  dhclient\r\n2015/11/12 20:19:35 ERROR:CalledProcessError.  Command result was \r\n2015/11/12 20:19:40 ERROR:CalledProcessError.  Error Code is 1\r\n2015/11/12 20:19:40 ERROR:CalledProcessError.  Command string was pidof  dhclient\r\n2015/11/12 20:19:40 ERROR:CalledProcessError.  Command result was \r\n2015/11/12 20:19:45 ERROR:CalledProcessError.  Error Code is 1\r\n2015/11/12 20:19:45 ERROR:CalledProcessError.  Command string was pidof  dhclient\r\n2015/11/12 20:19:45 ERROR:CalledProcessError.  Command result was \r\n2015/11/12 20:19:50 ERROR:CalleProcessError.  Error Code is 1\r\n2015/11/12 20:19:50 ERROR:CalledProcessError.  Command string was pidof  dhclient\r\n2015/11/12 20:19:50 ERROR:CalledProcessError.  Command result was \r\n2015/11/12 20:19:55 ERROR:CalledProcessError.  Error Code is 1\r\n2015/11/12 20:19:55 ERROR:CalledProcessError.  Command string was pidof  dhclient\r\n2015/11/12 20:19:55 ERROR:CalledProcessError.  Command result was \r\n2015/11/12 20:20:00 ERROR:CalledProcessError.  Error Code is 1\r\n2015/11/12 20:20:00 ERROR:CalledProcessError.  Command string was pidof  dhclient\r\n2015/11/12 20:20:00 ERROR:CalledProcessError.  Command result was \r\n\u0000\u0000\u0000\u0000\u0000\u0000\u0000\u0000\u0000\u0000\u0000\u0000\u0000\u00002015/11/12 20:00:05 ERROR:CalledProcessError.  Error Code is 1\r\n2015/11/12 20:20:05 ERROR:CalledProcessError.  Command string was pidof  dhclient\r\n2015/11/12 20:20:05 ERROR:CalledProcessError.  Command result was \r\n2015/11/12 20:20:10 ERROR:CalledProcessError.  Error Code is 1\r\n2015/11/12 20:20:10 ERROR:CalledProcessError.  Command string was pidof  dhclient\r\n2015/11/12 20:20:10 ERROR:CalledProcessError.  Command result was \r\n2015/11/12 20:20:15 ERROR:CalledProcessError.  Error Code is 1\r\n2015/11/12 20:20:15 ERROR:CalledProcessError.  Command string was pidof  dhclient\r\n2015/11/12 20:2:15 ERROR:CalledProcessError.  Command result was \r\n2015/11/12 20:20:19 ERROR:CalledProcessError.  Error Code is 1\r\n2015/11/12 20:20:19 ERROR:CalledProcessError.  Command string was pidof  dhclient\r\n2015/11/12 20:20:19 ERROR:CalledProcessError.  Command result was \r\n2015/11/12 20:20:24 ERROR:CalledProcessError.  Error Code is 1\r\n2015/11/12 20:20:24 ERROR:CalledProcessError.  Command string was pidof  dhclient\r\n2015/11/12 20:20:24 ERROR:CalledProcessError.  Command result was \r\n2015/11/12 20:20:29 ERROR:CalledProcessError.  Error Code is 1\r\n2015/11/12 20:20:29 ERROR:CalledProcessError.  Command string was pidof  dhclient\r\n2015/11/12 20:20:29 ERROR:CalledProcessError.  Command result was \r\n2015/11/12 20:20:34 ERROR:CalledProcessError.  Error Code is 1\r\n2015/11/12 20:20:34 ERROR:CalledProcessError.  ommand string was pidof  dhclient\r\n2015/11/12 20:20:34 ERROR:CalledProcessError.  Command result was \r\n2015/11/12 20:20:39 ERROR:CalledProcessError.  Error Code is 1\r\n2015/11/12 20:20:39 ERROR:CalledProcessError.  Command string was pidof  dhclient\r\n2015/11/12 20:20:39 ERROR:CalledProcessError.  Command result was \r\n2015/11/12 20:20:44 ERROR:CalledProcessError.  Error Code is 1\r\n2015/11/12 20:20:44 ERROR:CalledProcessError.  Command string was pidof  dhclient\r\n2015/11/12 20:20:44 ERROR:CalledProcessError.  Command result was \r\n2015/11/12 20:20:49 ERROR:CalledProcessError.  Error Code is 1\r\n2015/11/12 20:20:49 ERROR:CalledProcessError.  Command string was pidof  dhclient\r\n2015/11/12 20:20:49 ERROR:CalledProcessError.  Command result was \r\n2015/11/12 20:20:54 ERROR:CalledProcessError.  Error Code is 1\r\n2015/11/12 20:20:54 ERROR:CalledProcessError.  Command string was pidof  dhclient\r\n2015/11/12 20:20:54 ERROR:CalledProcessError.  Command result was \r\n2015/11/12 20:20:59 ERROR:CalledProcessError.  Error Code is 1\r\n2015/11/12 20:20:59 ERROR:CalledProcessError.  Command string was pidof  dhclient\r\n2015/11/12 20:20:59 ERROR:CalledProcessError.  Command result was \r\n\u0000\u0000\u0000\u0000\u0000\u0000\u0000\u0000\u0000\u0000\u0000\u0000\u0000\u0000\u0000\u0000\u0000\u0000\u0000\u0000\u0000\u0000\u0000\u0000\u0000\u0000\u0000\u0000\u0000\u0000\u0000\u0000\u0000\u0000\u0000\u0000\u0000\u0000\u0000\u0000\u0000\u0000\u0000\u0000\u0000\u0000\u0000\u0000\u0000\u0000\u0000\u0000\u0000\u0000\u0000\u0000\u0000\u0000\u0000\u0000\u0000\u0000\u0000\u0000\u0000\u0000\u0000\u0000\u0000\u0000\u0000\u0000\u0000\u0000\u0000\u0000\u0000\u0000\u0000\u0000\u0000\u0000\u0000\u0000\u0000\u0000\u0000\u0000\u0000\u0000\u0000\u0000\u0000\u0000\u0000\u0000\u0000\u0000\u0000\u0000\u0000\u0000\u0000\u0000\u0000\u0000\u0000\u0000\u0000\u0000\u0000\u0000\u0000\u0000\u0000\u0000\u0000\u0000\u0000\u0000\u0000\u0000\u0000\u0000\u0000\u0000\u0000\u0000\u0000\u0000\u0000\u0000\u0000\u0000\u0000\u0000\u0000\u0000\u0000\u0000\u0000\u0000\u0000\u0000\u0000\u0000\u0000\u0000\u0000\u0000\u0000\u0000\u0000\u0000\u0000\u0000\u0000\u0000\u0000\u0000\u0000\u0000\u0000\u0000\u0000\u0000\u0000\u0000\u0000\u0000\u0000\u0000\u0000\u0000\u0000\u0000\u0000\u0000\u0000\u0000\u0000\u0000\u0000\u0000\u0000\u0000\u0000\u0000\u0000\u0000\u0000\u0000\u0000\u0000\u0000\u0000\u0000\u0000\u0000\u0000\u0000\u0000\u0000\u0000\u0000\u0000\u0000\u0000\u0000\u0000\u0000\u0000\u0000\u0000\u0000\u0000\u0000\u0000\u0000\u0000\u0000\u0000\u0000\u0000\u0000\u0000\u0000\u0000\u0000\u0000\u0000\u0000\u0000\u0000\u0000\u0000\u0000\u0000\u0000\u0000\u0000\u0000\u0000\u0000\u0000\u0000\u0000\u0000\u0000\u0000\u0000\u0000\u0000\u0000\u0000\u0000\u0000\u0000\u0000\u0000\u0000\u0000\u0000\u0000\u0000\u0000\u0000\u0000\u0000\u0000\u0000\u0000\u0000\u0000\u0000\u0000\u0000\u0000\u0000\u0000\u0000\u0000\u0000\u0000\u0000\u0000\u0000\u0000\u0000\u0000\u0000\u0000\u0000\u0000\u0000\u0000\u0000\u0000\u0000\u0000\u0000\u0000\u0000\u0000\u0000\u0000\u0000\u0000\u0000\u0000\u0000\u0000\u0000\u0000\u0000\u0000\u0000\u0000\u0000\u0000\u0000\u0000\u0000\u0000\u0000\u0000\u0000\u0000\u0000\u0000\u0000\u0000\u0000\u0000\u0000\u0000\u0000\u0000\u0000\u0000\u0000\u0000\u0000\u0000\u0000\u0000\u0000\u0000\u0000\u0000\u0000\u0000\u0000\u0000\u0000\u0000\u0000\u0000\u0000\u0000\u0000\u0000\u0000\u0000\u0000\u0000\u0000\u0000\u0000\u0000\u0000\u0000\u0000\u0000\u0000\u0000\u0000\u0000\u0000\u0000\u0000\u0000\u0000\u0000\u0000\u0000\u0000\u0000\u0000\u0000\u0000\u0000\u0000\u0000\u0000\u0000\u0000\u0000\u0000\u0000\u0000\u0000\u0000\u0000\u0000\u0000\u0000\u0000\u0000\u0000\u0000\u0000\u0000\u0000\u0000\u0000\u0000\u0000\u0000\u0000\u0000\u0000\u0000\u0000\u0000\u0000\u0000\u0000\u0000\u0000\u0000\u0000\u0000\u0000\u0000\u0000\u0000\u0000\u0000\u0000\u0000\u0000\u0000\u0000\u0000\u0000\u0000\u0000\u0000\u0000\u0000\u0000\u0000\u0000\u0000\u0000\u0000\u0000\u0000\u0000\u0000\u0000\u0000\u0000\u0000\u0000\u0000\u0000\u0000\u0000\u0000\u0000\u0000\u0000\u0000\u0000\u0000\u0000\u0000\u0000\u0000\u0000\u0000\u0000\u0000\u0000\u0000\u0000\u0000\u0000\u0000\u0000\u0000\u00002015/11/12 00:21:04 ERROR:CalledProcessError.  Error Code is 1\r\n2015/11/12 20:21:04 ERROR:CalledProcessError.  Command string was pidof  dhclient\r\n2015/11/12 20:21:04 ERROR:CalledProcessError.  Command result was \r\n2015/11/12 20:21:09 ERROR:CalledProcessError.  Error Code is 1\r\n2015/11/12 20:21:09 ERROR:CalledProcessError.  Command string was pidof  dhclient\r\n2015/11/12 20:21:09 ERROR:CalledProcessError.  Command result ws \r\n2015/11/12 20:21:14 ERROR:CalledProcessError.  Error Code is 1\r\n2015/11/12 20:21:14 ERROR:CalledProcessError.  Command string was pidof  dhclient\r\n2015/11/12 20:21:14 ERROR:CalledProcessError.  Command result was \r\n2015/11/12 20:21:19 ERROR:CalledProcessError.  Error Code is 1\r\n2015/11/12 20:21:19 ERROR:CalledProcessError.  Command string was pidof  dhclient\r\n2015/11/12 20:21:19 ERROR:CalledProcessError.  Command result was \r\n2015/11/12 20:21:24 ERROR:CalledProcessError.  Error Code is 1\r\n2015/11/12 20:21:24 ERROR:CalledProcessError.  Command string was pidof  dhclient\r\n2015/11/12 20:21:24 ERROR:CalledProcessError.  Command result was \r\n2015/11/12 20:21:29 ERROR:CalledProcessError.  Error Code is 1\r\n2015/11/12 20:21:29 ERROR:CalledProcessError.  Command string was pidof  dhclient\r\n2015/11/12 20:21:29 ERROR:CalledProcessError.  Command result was \r\n2015/11/12 20:21:34 ERROR:CalledProcessError.  Error Code is 1\r\n2015/11/12 20:21:34 ERROR:CalledProcessError.  Command string was pidof  dhclient\r\n2015/11/12 20:21:34 ERROR:CalledProcessError.  Command result was \r\n2015/11/12 20:21:39 ERROR:CalledProcessError.  Error Code is 1\r\n2015/11/12 20:21:39 ERROR:CalledProcessError.  Command string was pidof  dhclient\r\n2015/11/12 20:21:39 ERROR:CalledProcessError.  Command result was \r\n2015/11/12 20:21:44 ERROR:CalledProcessError.  Error Code is 1\r\n2015/11/12 20:21:44 ERROR:CalledProcessError.  Command string was pidof  dhclient\r\n2015/11/12 20:21:44 ERROR:CalledProcessError.  Command result was \r\n2015/11/12 20:21:48 ERROR:CalledProcessError.  Error Code is 1\r\n2015/11/12 20:21:49 ERROR:CalledProcessError.  Command string was pidof  dhclient\r\n2015/11/12 20:21:49 ERROR:CalledProcessError.  Command result was \r\n2015/11/12 20:21:53 ERROR:CalledProcessError.  Error Code is 1\r\n2015/11/12 20:21:53 ERROR:CalledProcessError.  Command string was pidof  dhclient\r\n2015/11/12 20:21:53 ERROR:CalledProcessError.  Command result was \r\n2015/11/12 20:21:58 ERROR:CalledProcessError.  Error Code 