// This file has been autogenerated.

var profile = require('../../../lib/util/profile');

exports.getMockedProfile = function () {
  var newProfile = new profile.Profile();

  newProfile.addSubscription(new profile.Subscription({
    id: 'e33f361b-53c2-4cc7-b829-78906708387b',
    managementCertificate: {
      key: 'mockedKey',
      cert: 'mockedCert'
    },
    name: 'Microsoft Azure Internal Consumption',
    user: {
      name: 'user@domain.example',
      type: 'servicePrincipal'
    },
    tenantId: '72f988bf-86f1-41af-91ab-2d7cd011db47',
    state: 'Enabled',
    registeredProviders: [],
    isDefault: true
  }, newProfile.environments['AzureCloud']));

  return newProfile;
};

exports.setEnvironment = function() {
  process.env['AZURE_VM_TEST_LOCATION'] = 'northcentralus';
  process.env['SSHCERT'] = 'test/myCert.pem';
};

exports.scopes = [[function (nock) { 
var result = 
nock('http://management.azure.com:443')
  .get('/subscriptions/e33f361b-53c2-4cc7-b829-78906708387b/resourceGroups/xplatTestGVMCreate4943/providers/Microsoft.Compute/virtualMachines/xplatvm?$expand=instanceView&api-version=2016-03-30')
  .reply(200, "{\r\n  \"properties\": {\r\n    \"vmId\": \"0605e62f-2741-4161-965b-b4b7b6bc349f\",\r\n    \"availabilitySet\": {\r\n      \"id\": \"/subscriptions/e33f361b-53c2-4cc7-b829-78906708387b/resourceGroups/xplatTestGVMCreate4943/providers/Microsoft.Compute/availabilitySets/XPLATTESTAAVAIL4825\"\r\n    },\r\n    \"hardwareProfile\": {\r\n      \"vmSize\": \"Standard_D1\"\r\n    },\r\n    \"storageProfile\": {\r\n      \"imageReference\": {\r\n        \"publisher\": \"canonical\",\r\n        \"offer\": \"UbuntuServer\",\r\n        \"sku\": \"15.10\",\r\n        \"version\": \"latest\"\r\n      },\r\n      \"osDisk\": {\r\n        \"osType\": \"Linux\",\r\n        \"name\": \"cli71247b253cd1d0a4-os-1464885644261\",\r\n        \"createOption\": \"FromImage\",\r\n        \"vhd\": {\r\n          \"uri\": \"https://xplatteststorage12210.blob.core.windows.net/xplatteststoragecnt13404/cli71247b253cd1d0a4-os-1464885644261.vhd\"\r\n        },\r\n        \"caching\": \"ReadWrite\"\r\n      },\r\n      \"dataDisks\": []\r\n    },\r\n    \"osProfile\": {\r\n      \"computerName\": \"xplatvm\",\r\n      \"adminUsername\": \"azureuser\",\r\n      \"linuxConfiguration\": {\r\n        \"disablePasswordAuthentication\": false,\r\n        \"ssh\": {\r\n          \"publicKeys\": [\r\n            {\r\n              \"path\": \"/home/azureuser/.ssh/authorized_keys\",\r\n              \"keyData\": \"MIID/zCCAuegAwIBAgIJAMUAa+XVLvAeMA0GCSqGSIb3DQEBBQUAMIGVMQswCQYD\\r\\nVQQGEwJJbjESMBAGA1UECAwJS2FybmF0YWthMRIwEAYDVQQHDAlCYW5nYWxvcmUx\\r\\nEDAOBgNVBAoMB2JyaWxsaW8xEjAQBgNVBAsMCW1pY3Jvc29mdDEQMA4GA1UEAwwH\\r\\nYnJpbGxpbzEmMCQGCSqGSIb3DQEJARYXc3JlZWthbnRoYnNAeWFob28uY28uaW4w\\r\\nHhcNMTUwMzA1MTE1MzEyWhcNMTYwMzA0MTE1MzEyWjCBlTELMAkGA1UEBhMCSW4x\\r\\nEjAQBgNVBAgMCUthcm5hdGFrYTESMBAGA1UEBwwJQmFuZ2Fsb3JlMRAwDgYDVQQK\\r\\nDAdicmlsbGlvMRIwEAYDVQQLDAltaWNyb3NvZnQxEDAOBgNVBAMMB2JyaWxsaW8x\\r\\nJjAkBgkqhkiG9w0BCQEWF3NyZWVrYW50aGJzQHlhaG9vLmNvLmluMIIBIjANBgkq\\r\\nhkiG9w0BAQEFAAOCAQ8AMIIBCgKCAQEAyUNKaOuT0NK+S8Ck81zy9xJ6hXfZvAC6\\r\\nlhbmf/6s/WVimJ/TX5NMhQJwC9k6ZIF92KfYrojHNvHDufSZ3EtKUVwRFCDjmgMT\\r\\nDL09WkGaZt7gROYFK0iZ4KrYGovUwlwum9fHB24OJiOV4bi0ek62/rHx9fjYZpvp\\r\\naIH2PV/hN8SCZ0x7HJMberD4gVoU/Kv42nNvwjLUW6IZfVx/Gv5OeFDtWHfSvUEF\\r\\ndadHKTPn3Ab20Iu6gZIbLO9Vuf38/IpaYGfnFCouHdzmiTiLieYNe3CUPcOJNSv7\\r\\n1G8KYpx3uNJRkJPab5OsRyJw75Gvzkr9OgaPss9tVD6Gt68u3WQtVQIDAQABo1Aw\\r\\nTjAdBgNVHQ4EFgQUogvhXB+xZ2JJPfLO6cVs4ForzscwHwYDVR0jBBgwFoAUogvh\\r\\nXB+xZ2JJPfLO6cVs4ForzscwDAYDVR0TBAUwAwEB/zANBgkqhkiG9w0BAQUFAAOC\\r\\nAQEAdDj7qUNJ45xlF5cjd+4x5NHvAD1VTjOKu+Xh/uzSSjXqB2F0aOMWA9lx0qaQ\\r\\noJgHkGxj3zz/W7ik/cVGL2O+vRIOKv/y0OPogEmS3Hw+P+O6OGE7x1G6YN0zLVoL\\r\\nu4BN/BEYmjttxM9I7qqL7C5cJoE+K3s/w1/pt/68ohJcr7F9Ohi7cso62xuGY1Rm\\r\\nksAh2EUDsU9JV/P+C9AMpLSrb03JJYzVj4w1RHbrmw2AjFyGXdQYkggyXisg+Ifr\\r\\n5gbNN7HigpHf7b2i3CQBUqp9m23frh5AhnLI2qp3UXgc52U5ieLdi/t6j0TTZqqY\\r\\nHhHqofKrj938HHlBNpC5/LVh3w==\\r\\n\"\r\n            }\r\n          ]\r\n        }\r\n      },\r\n      \"secrets\": []\r\n    },\r\n    \"networkProfile\": {\"networkInterfaces\":[{\"id\":\"/subscriptions/e33f361b-53c2-4cc7-b829-78906708387b/resourceGroups/xplatTestGVMCreate4943/providers/Microsoft.Network/networkInterfaces/xplattestnic\"}]},\r\n    \"diagnosticsProfile\": {\r\n      \"bootDiagnostics\": {\r\n        \"enabled\": true,\r\n        \"storageUri\": \"https://xplatteststorage12210.blob.core.windows.net/\"\r\n      }\r\n    },\r\n    \"provisioningState\": \"Succeeded\",\r\n    \"instanceView\": {\r\n      \"platformUpdateDomain\": 0,\r\n      \"platformFaultDomain\": 0,\r\n      \"vmAgent\": {\r\n        \"vmAgentVersion\": \"2.1.3\",\r\n        \"statuses\": [\r\n          {\r\n            \"code\": \"ProvisioningState/succeeded\",\r\n            \"level\": \"Info\",\r\n            \"displayStatus\": \"Ready\",\r\n            \"message\": \"Guest Agent is running\",\r\n            \"time\": \"2016-06-02T16:53:28+00:00\"\r\n          }\r\n        ],\r\n        \"extensionHandlers\": []\r\n      },\r\n      \"disks\": [\r\n        {\r\n          \"name\": \"cli71247b253cd1d0a4-os-1464885644261\",\r\n          \"statuses\": [\r\n            {\r\n              \"code\": \"ProvisioningState/succeeded\",\r\n              \"level\": \"Info\",\r\n              \"displayStatus\": \"Provisioning succeeded\",\r\n              \"time\": \"2016-06-02T16:52:00.7391273+00:00\"\r\n            }\r\n          ]\r\n        }\r\n      ],\r\n      \"bootDiagnostics\": {\r\n        \"consoleScreenshotBlobUri\": \"https://xplatteststorage12210.blob.core.windows.net/bootdiagnostics-xplatvm-0605e62f-2741-4161-965b-b4b7b6bc349f/xplatvm.0605e62f-2741-4161-965b-b4b7b6bc349f.screenshot.bmp\",\r\n        \"serialConsoleLogBlobUri\": \"https://xplatteststorage12210.blob.core.windows.net/bootdiagnostics-xplatvm-0605e62f-2741-4161-965b-b4b7b6bc349f/xplatvm.0605e62f-2741-4161-965b-b4b7b6bc349f.serialconsole.log\"\r\n      },\r\n      \"statuses\": [\r\n        {\r\n          \"code\": \"ProvisioningState/succeeded\",\r\n          \"level\": \"Info\",\r\n          \"displayStatus\": \"Provisioning succeeded\",\r\n          \"time\": \"2016-06-02T16:53:03.8957906+00:00\"\r\n        },\r\n        {\r\n          \"code\": \"PowerState/running\",\r\n          \"level\": \"Info\",\r\n          \"displayStatus\": \"VM running\"\r\n        }\r\n      ]\r\n    }\r\n  },\r\n  \"id\": \"/subscriptions/e33f361b-53c2-4cc7-b829-78906708387b/resourceGroups/xplatTestGVMCreate4943/providers/Microsoft.Compute/virtualMachines/xplatvm\",\r\n  \"name\": \"xplatvm\",\r\n  \"type\": \"Microsoft.Compute/virtualMachines\",\r\n  \"location\": \"northcentralus\",\r\n  \"tags\": {\r\n    \"a\": \"b\",\r\n    \"b\": \"c\",\r\n    \"d\": \"\"\r\n  }\r\n}", { 'cache-control': 'no-cache',
  pragma: 'no-cache',
  'content-length': '5215',
  'content-type': 'application/json; charset=utf-8',
  expires: '-1',
  'strict-transport-security': 'max-age=31536000; includeSubDomains',
  'x-ms-served-by': '519962c0-3c4c-4c02-8b15-c5a936bbf45c_131085718960846941',
  'x-ms-request-id': '08911484-f1c4-427a-933a-c08f542ad812',
  server: 'Microsoft-HTTPAPI/2.0, Microsoft-HTTPAPI/2.0',
  'x-ms-ratelimit-remaining-subscription-reads': '14987',
  'x-ms-correlation-request-id': '1d626bdf-7985-41a9-bb6b-ee4b1ce14011',
  'x-ms-routing-request-id': 'CENTRALUS:20160602T165334Z:1d626bdf-7985-41a9-bb6b-ee4b1ce14011',
  date: 'Thu, 02 Jun 2016 16:53:33 GMT',
  connection: 'close' });
 return result; },
function (nock) { 
var result = 
nock('https://management.azure.com:443')
  .get('/subscriptions/e33f361b-53c2-4cc7-b829-78906708387b/resourceGroups/xplatTestGVMCreate4943/providers/Microsoft.Compute/virtualMachines/xplatvm?$expand=instanceView&api-version=2016-03-30')
  .reply(200, "{\r\n  \"properties\": {\r\n    \"vmId\": \"0605e62f-2741-4161-965b-b4b7b6bc349f\",\r\n    \"availabilitySet\": {\r\n      \"id\": \"/subscriptions/e33f361b-53c2-4cc7-b829-78906708387b/resourceGroups/xplatTestGVMCreate4943/providers/Microsoft.Compute/availabilitySets/XPLATTESTAAVAIL4825\"\r\n    },\r\n    \"hardwareProfile\": {\r\n      \"vmSize\": \"Standard_D1\"\r\n    },\r\n    \"storageProfile\": {\r\n      \"imageReference\": {\r\n        \"publisher\": \"canonical\",\r\n        \"offer\": \"UbuntuServer\",\r\n        \"sku\": \"15.10\",\r\n        \"version\": \"latest\"\r\n      },\r\n      \"osDisk\": {\r\n        \"osType\": \"Linux\",\r\n        \"name\": \"cli71247b253cd1d0a4-os-1464885644261\",\r\n        \"createOption\": \"FromImage\",\r\n        \"vhd\": {\r\n          \"uri\": \"https://xplatteststorage12210.blob.core.windows.net/xplatteststoragecnt13404/cli71247b253cd1d0a4-os-1464885644261.vhd\"\r\n        },\r\n        \"caching\": \"ReadWrite\"\r\n      },\r\n      \"dataDisks\": []\r\n    },\r\n    \"osProfile\": {\r\n      \"computerName\": \"xplatvm\",\r\n      \"adminUsername\": \"azureuser\",\r\n      \"linuxConfiguration\": {\r\n        \"disablePasswordAuthentication\": false,\r\n        \"ssh\": {\r\n          \"publicKeys\": [\r\n            {\r\n              \"path\": \"/home/azureuser/.ssh/authorized_keys\",\r\n              \"keyData\": \"MIID/zCCAuegAwIBAgIJAMUAa+XVLvAeMA0GCSqGSIb3DQEBBQUAMIGVMQswCQYD\\r\\nVQQGEwJJbjESMBAGA1UECAwJS2FybmF0YWthMRIwEAYDVQQHDAlCYW5nYWxvcmUx\\r\\nEDAOBgNVBAoMB2JyaWxsaW8xEjAQBgNVBAsMCW1pY3Jvc29mdDEQMA4GA1UEAwwH\\r\\nYnJpbGxpbzEmMCQGCSqGSIb3DQEJARYXc3JlZWthbnRoYnNAeWFob28uY28uaW4w\\r\\nHhcNMTUwMzA1MTE1MzEyWhcNMTYwMzA0MTE1MzEyWjCBlTELMAkGA1UEBhMCSW4x\\r\\nEjAQBgNVBAgMCUthcm5hdGFrYTESMBAGA1UEBwwJQmFuZ2Fsb3JlMRAwDgYDVQQK\\r\\nDAdicmlsbGlvMRIwEAYDVQQLDAltaWNyb3NvZnQxEDAOBgNVBAMMB2JyaWxsaW8x\\r\\nJjAkBgkqhkiG9w0BCQEWF3NyZWVrYW50aGJzQHlhaG9vLmNvLmluMIIBIjANBgkq\\r\\nhkiG9w0BAQEFAAOCAQ8AMIIBCgKCAQEAyUNKaOuT0NK+S8Ck81zy9xJ6hXfZvAC6\\r\\nlhbmf/6s/WVimJ/TX5NMhQJwC9k6ZIF92KfYrojHNvHDufSZ3EtKUVwRFCDjmgMT\\r\\nDL09WkGaZt7gROYFK0iZ4KrYGovUwlwum9fHB24OJiOV4bi0ek62/rHx9fjYZpvp\\r\\naIH2PV/hN8SCZ0x7HJMberD4gVoU/Kv42nNvwjLUW6IZfVx/Gv5OeFDtWHfSvUEF\\r\\ndadHKTPn3Ab20Iu6gZIbLO9Vuf38/IpaYGfnFCouHdzmiTiLieYNe3CUPcOJNSv7\\r\\n1G8KYpx3uNJRkJPab5OsRyJw75Gvzkr9OgaPss9tVD6Gt68u3WQtVQIDAQABo1Aw\\r\\nTjAdBgNVHQ4EFgQUogvhXB+xZ2JJPfLO6cVs4ForzscwHwYDVR0jBBgwFoAUogvh\\r\\nXB+xZ2JJPfLO6cVs4ForzscwDAYDVR0TBAUwAwEB/zANBgkqhkiG9w0BAQUFAAOC\\r\\nAQEAdDj7qUNJ45xlF5cjd+4x5NHvAD1VTjOKu+Xh/uzSSjXqB2F0aOMWA9lx0qaQ\\r\\noJgHkGxj3zz/W7ik/cVGL2O+vRIOKv/y0OPogEmS3Hw+P+O6OGE7x1G6YN0zLVoL\\r\\nu4BN/BEYmjttxM9I7qqL7C5cJoE+K3s/w1/pt/68ohJcr7F9Ohi7cso62xuGY1Rm\\r\\nksAh2EUDsU9JV/P+C9AMpLSrb03JJYzVj4w1RHbrmw2AjFyGXdQYkggyXisg+Ifr\\r\\n5gbNN7HigpHf7b2i3CQBUqp9m23frh5AhnLI2qp3UXgc52U5ieLdi/t6j0TTZqqY\\r\\nHhHqofKrj938HHlBNpC5/LVh3w==\\r\\n\"\r\n            }\r\n          ]\r\n        }\r\n      },\r\n      \"secrets\": []\r\n    },\r\n    \"networkProfile\": {\"networkInterfaces\":[{\"id\":\"/subscriptions/e33f361b-53c2-4cc7-b829-78906708387b/resourceGroups/xplatTestGVMCreate4943/providers/Microsoft.Network/networkInterfaces/xplattestnic\"}]},\r\n    \"diagnosticsProfile\": {\r\n      \"bootDiagnostics\": {\r\n        \"enabled\": true,\r\n        \"storageUri\": \"https://xplatteststorage12210.blob.core.windows.net/\"\r\n      }\r\n    },\r\n    \"provisioningState\": \"Succeeded\",\r\n    \"instanceView\": {\r\n      \"platformUpdateDomain\": 0,\r\n      \"platformFaultDomain\": 0,\r\n      \"vmAgent\": {\r\n        \"vmAgentVersion\": \"2.1.3\",\r\n        \"statuses\": [\r\n          {\r\n            \"code\": \"ProvisioningState/succeeded\",\r\n            \"level\": \"Info\",\r\n            \"displayStatus\": \"Ready\",\r\n            \"message\": \"Guest Agent is running\",\r\n            \"time\": \"2016-06-02T16:53:28+00:00\"\r\n          }\r\n        ],\r\n        \"extensionHandlers\": []\r\n      },\r\n      \"disks\": [\r\n        {\r\n          \"name\": \"cli71247b253cd1d0a4-os-1464885644261\",\r\n          \"statuses\": [\r\n            {\r\n              \"code\": \"ProvisioningState/succeeded\",\r\n              \"level\": \"Info\",\r\n              \"displayStatus\": \"Provisioning succeeded\",\r\n              \"time\": \"2016-06-02T16:52:00.7391273+00:00\"\r\n            }\r\n          ]\r\n        }\r\n      ],\r\n      \"bootDiagnostics\": {\r\n        \"consoleScreenshotBlobUri\": \"https://xplatteststorage12210.blob.core.windows.net/bootdiagnostics-xplatvm-0605e62f-2741-4161-965b-b4b7b6bc349f/xplatvm.0605e62f-2741-4161-965b-b4b7b6bc349f.screenshot.bmp\",\r\n        \"serialConsoleLogBlobUri\": \"https://xplatteststorage12210.blob.core.windows.net/bootdiagnostics-xplatvm-0605e62f-2741-4161-965b-b4b7b6bc349f/xplatvm.0605e62f-2741-4161-965b-b4b7b6bc349f.serialconsole.log\"\r\n      },\r\n      \"statuses\": [\r\n        {\r\n          \"code\": \"ProvisioningState/succeeded\",\r\n          \"level\": \"Info\",\r\n          \"displayStatus\": \"Provisioning succeeded\",\r\n          \"time\": \"2016-06-02T16:53:03.8957906+00:00\"\r\n        },\r\n        {\r\n          \"code\": \"PowerState/running\",\r\n          \"level\": \"Info\",\r\n          \"displayStatus\": \"VM running\"\r\n        }\r\n      ]\r\n    }\r\n  },\r\n  \"id\": \"/subscriptions/e33f361b-53c2-4cc7-b829-78906708387b/resourceGroups/xplatTestGVMCreate4943/providers/Microsoft.Compute/virtualMachines/xplatvm\",\r\n  \"name\": \"xplatvm\",\r\n  \"type\": \"Microsoft.Compute/virtualMachines\",\r\n  \"location\": \"northcentralus\",\r\n  \"tags\": {\r\n    \"a\": \"b\",\r\n    \"b\": \"c\",\r\n    \"d\": \"\"\r\n  }\r\n}", { 'cache-control': 'no-cache',
  pragma: 'no-cache',
  'content-length': '5215',
  'content-type': 'application/json; charset=utf-8',
  expires: '-1',
  'strict-transport-security': 'max-age=31536000; includeSubDomains',
  'x-ms-served-by': '519962c0-3c4c-4c02-8b15-c5a936bbf45c_131085718960846941',
  'x-ms-request-id': '08911484-f1c4-427a-933a-c08f542ad812',
  server: 'Microsoft-HTTPAPI/2.0, Microsoft-HTTPAPI/2.0',
  'x-ms-ratelimit-remaining-subscription-reads': '14987',
  'x-ms-correlation-request-id': '1d626bdf-7985-41a9-bb6b-ee4b1ce14011',
  'x-ms-routing-request-id': 'CENTRALUS:20160602T165334Z:1d626bdf-7985-41a9-bb6b-ee4b1ce14011',
  date: 'Thu, 02 Jun 2016 16:53:33 GMT',
  connection: 'close' });
 return result; },
function (nock) { 
var result = 
nock('http://management.azure.com:443')
  .post('/subscriptions/e33f361b-53c2-4cc7-b829-78906708387b/resourceGroups/xplatTestGVMCreate4943/providers/Microsoft.Storage/storageAccounts/xplatteststorage12210/listKeys?api-version=2016-01-01')
  .reply(200, "{\"keys\":[{\"keyName\":\"key1\",\"permissions\":\"Full\",\"value\":\"QxHL9ElKJAH4Dm/mkvqK8kgdpw/HCWs5UMjmGn7Xzr+GYGUj3G3A4qz6gGiQb3hNr5CkBDbq384g4A0HdG1PHA==\"},{\"keyName\":\"key2\",\"permissions\":\"Full\",\"value\":\"/RmWypVo4oiiUMLWWkIfTEZ57DX4Kv5GmNiHE6R64NK13ebHX3c3CkK3KzgPRWAn8PFBL0erOJBlRsMoML3d+w==\"}]}\n", { 'cache-control': 'no-cache',
  pragma: 'no-cache',
  'content-length': '289',
  'content-type': 'application/json',
  expires: '-1',
  'x-ms-request-id': 'afcb8b0b-daa7-4b88-a406-a27e546da320',
  server: 'Microsoft-Azure-Storage-Resource-Provider/1.0, Microsoft-HTTPAPI/2.0',
  'x-ms-ratelimit-remaining-subscription-writes': '1196',
  'x-ms-correlation-request-id': 'afcb8b0b-daa7-4b88-a406-a27e546da320',
  'x-ms-routing-request-id': 'CENTRALUS:20160602T165334Z:afcb8b0b-daa7-4b88-a406-a27e546da320',
  'strict-transport-security': 'max-age=31536000; includeSubDomains',
  date: 'Thu, 02 Jun 2016 16:53:34 GMT',
  connection: 'close' });
 return result; },
function (nock) { 
var result = 
nock('https://management.azure.com:443')
  .post('/subscriptions/e33f361b-53c2-4cc7-b829-78906708387b/resourceGroups/xplatTestGVMCreate4943/providers/Microsoft.Storage/storageAccounts/xplatteststorage12210/listKeys?api-version=2016-01-01')
  .reply(200, "{\"keys\":[{\"keyName\":\"key1\",\"permissions\":\"Full\",\"value\":\"QxHL9ElKJAH4Dm/mkvqK8kgdpw/HCWs5UMjmGn7Xzr+GYGUj3G3A4qz6gGiQb3hNr5CkBDbq384g4A0HdG1PHA==\"},{\"keyName\":\"key2\",\"permissions\":\"Full\",\"value\":\"/RmWypVo4oiiUMLWWkIfTEZ57DX4Kv5GmNiHE6R64NK13ebHX3c3CkK3KzgPRWAn8PFBL0erOJBlRsMoML3d+w==\"}]}\n", { 'cache-control': 'no-cache',
  pragma: 'no-cache',
  'content-length': '289',
  'content-type': 'application/json',
  expires: '-1',
  'x-ms-request-id': 'afcb8b0b-daa7-4b88-a406-a27e546da320',
  server: 'Microsoft-Azure-Storage-Resource-Provider/1.0, Microsoft-HTTPAPI/2.0',
  'x-ms-ratelimit-remaining-subscription-writes': '1196',
  'x-ms-correlation-request-id': 'afcb8b0b-daa7-4b88-a406-a27e546da320',
  'x-ms-routing-request-id': 'CENTRALUS:20160602T165334Z:afcb8b0b-daa7-4b88-a406-a27e546da320',
  'strict-transport-security': 'max-age=31536000; includeSubDomains',
  date: 'Thu, 02 Jun 2016 16:53:34 GMT',
  connection: 'close' });
 return result; },
function (nock) { 
var result = 
nock('http://xplatteststorage12210.blob.core.windows.net:443')
  .head('/bootdiagnostics-xplatvm-0605e62f-2741-4161-965b-b4b7b6bc349f/xplatvm.0605e62f-2741-4161-965b-b4b7b6bc349f.serialconsole.log')
  .reply(200, "", { 'content-length': '61440',
  'content-type': 'text/plain',
  'last-modified': 'Thu, 02 Jun 2016 16:53:23 GMT',
  'accept-ranges': 'bytes',
  etag: '"0x8D38B066905FCA2"',
  server: 'Windows-Azure-Blob/1.0 Microsoft-HTTPAPI/2.0',
  'x-ms-request-id': 'ab53ef2b-0001-00b0-13ef-bc35ed000000',
  'x-ms-version': '2015-04-05',
  'x-ms-write-protection': 'false',
  'x-ms-lease-status': 'unlocked',
  'x-ms-lease-state': 'available',
  'x-ms-blob-type': 'PageBlob',
  'x-ms-blob-sequence-number': '0',
  date: 'Thu, 02 Jun 2016 16:53:34 GMT',
  connection: 'close' });
 return result; },
function (nock) { 
var result = 
nock('https://xplatteststorage12210.blob.core.windows.net:443')
  .head('/bootdiagnostics-xplatvm-0605e62f-2741-4161-965b-b4b7b6bc349f/xplatvm.0605e62f-2741-4161-965b-b4b7b6bc349f.serialconsole.log')
  .reply(200, "", { 'content-length': '61440',
  'content-type': 'text/plain',
  'last-modified': 'Thu, 02 Jun 2016 16:53:23 GMT',
  'accept-ranges': 'bytes',
  etag: '"0x8D38B066905FCA2"',
  server: 'Windows-Azure-Blob/1.0 Microsoft-HTTPAPI/2.0',
  'x-ms-request-id': 'ab53ef2b-0001-00b0-13ef-bc35ed000000',
  'x-ms-version': '2015-04-05',
  'x-ms-write-protection': 'false',
  'x-ms-lease-status': 'unlocked',
  'x-ms-lease-state': 'available',
  'x-ms-blob-type': 'PageBlob',
  'x-ms-blob-sequence-number': '0',
  date: 'Thu, 02 Jun 2016 16:53:34 GMT',
  connection: 'close' });
 return result; },
function (nock) { 
var result = 
nock('http://xplatteststorage12210.blob.core.windows.net:443')
  .get('/bootdiagnostics-xplatvm-0605e62f-2741-4161-965b-b4b7b6bc349f/xplatvm.0605e62f-2741-4161-965b-b4b7b6bc349f.serialconsole.log')
  .reply(200, "\u001b[H\u001b[J\u001b[1;1H[    0.000000] Initializing cgroup subsys cpuset\r\n[    0.000000] Initializing cgroup subsys cpu\r\n[    0.000000] Initializing cgroup subsys cpuacct\r\n[    0.000000] Linux version 4.2.0-36-generic (buildd@lgw01-42) (gcc version 5.2.1 20151010 (Ubuntu 5.2.1-22ubuntu2) ) #42-Ubuntu SMP Thu May 12 22:05:35 UTC 2016 (Ubuntu 4.2.0-36.42-generic 4.2.8-ckt8)\r\n[    0.000000] Command line: BOOT_IMAGE=/boot/vmlinuz-4.2.0-36-generic root=UUID=35363d62-901d-453f-b6d4-49e047247b73 ro console=tty1 console=ttyS0 earlyprintk=ttyS0 rootdelay=300\r\n[    0.000000] KERNEL supported cpus:\r\n[    0.000000]   Intel GenuineIntel\r\n[    0.000000]   AMD AuthenticAMD\r\n[    0.000000]   Centaur CentaurHauls\r\n[    0.000000] x86/fpu: xstate_offset[2]: 0240, xstate_sizes[2]: 0100\r\n[    0.000000] x86/fpu: Supporting XSAVE feature 0x01: 'x87 floating point registers'\r\n[    0.000000] x86/fpu: Supporting XSAVE feature 0x02: 'SSE registers'\r\n[    0.000000] x86/fpu: Supporting XSAVE feature 0x04: 'AVX registers'\r\n[    0.000000] x86/fpu: Enabled xstate features 0x7, context size is 0x340 bytes, using 'standard' format.\r\n[    0.000000] x86/fpu: Using 'eager' FPU context switches.\r\n[    0.000000] e820: BIOS-provided physical RAM map:\r\n[    0.000000] BIOS-e820: [mem 0x0000000000000000-0x000000000009fbff] usable\r\n[    0.000000] BIOS-e820: [mem 0x000000000009fc00-0x000000000009ffff] reserved\r\n[    0.000000] BIOS-e820: [mem 0x00000000000e0000-0x00000000000fffff] reserved\r\n[    0.000000] BIOS-e820: [mem 0x0000000000100000-0x000000001ffeffff] usable\r\n[    0.000000] BIOS-e820: [mem 0x000000001fff0000-0x000000001fffefff] ACPI data\r\n[    0.000000] BIOS-e820: [mem 0x000000001ffff000-0x000000001fffffff] ACPI NVS\r\n[    0.000000] BIOS-e820: [mem 0x0000000100000000-0x00000001bfffffff] usable\r\n[    0.000000] bootconsole [earlyser0] enabled\r\n[    0.000000] NX (Execute Disable) protection: active\r\n[    0.000000] SMBIOS 2.3 present.\r\n[    0.000000] Hypervisor detected: Microsoft HyperV\r\n[    0.000000] HyperV: features 0xe7f, hints 0x2c\r\n[    0.000000] HyperV: LAPIC Timer Frequency: 0xc3500\r\n[    0.000000] clocksource: hyperv_clocksource: mask: 0xffffffffffffffff max_cycles: 0x24e6a1710, max_idle_ns: 440795202120 ns\r\n[    0.000000] tsc: Marking TSC unstable due to running on Hyper-V\r\n[    0.000000] e820: last_pfn = 0x1c0000 max_arch_pfn = 0x400000000\r\n[    0.000000] x86/PAT: Configuration [0-7]: WB  WC  UC- UC  WB  WC  UC- WT  \r\n[    0.000000] e820: last_pfn = 0x1fff0 max_arch_pfn = 0x400000000\r\n[    0.000000] found SMP MP-table at [mem 0x000ff780-0x000ff78f] mapped at [ffff8800000ff780]\r\n[    0.000000] Scanning 1 areas for low memory corruption\r\n[    0.000000] init_memory_mapping: [mem 0x00000000-0x000fffff]\r\n[    0.000000] init_memory_mapping: [mem 0x1bfe00000-0x1bfffffff]\r\n[    0.000000] init_memory_mapping: [mem 0x1a0000000-0x1bfdfffff]\r\n[    0.000000] init_memory_mapping: [mem 0x00100000-0x1ffeffff]\r\n[    0.000000] init_memory_mapping: [mem 0x100000000-0x19fffffff]\r\n[    0.000000] RAMDISK: [mem 0x1d9c0000-0x1f78ffff]\r\n[    0.000000] ACPI: Early table checksum verification disabled\r\n[    0.000000] ACPI: RSDP 0x00000000000F56F0 000014 (v00 ACPIAM)\r\n[    0.000000] ACPI: RSDT 0x000000001FFF0000 000040 (v01 VRTUAL MICROSFT 05001223 MSFT 00000097)\r\n[    0.000000] ACPI: FACP 0x000000001FFF0200 000081 (v02 VRTUAL MICROSFT 05001223 MSFT 00000097)\r\n[    0.000000] ACPI: DSDT 0x000000001FFF1724 002E78 (v01 MSFTVM MSFTVM02 00000002 INTL 02002026)\r\n[    0.000000] ACPI: FACS 0x000000001FFFF000 000040\r\n[    0.000000] ACPI: WAET 0x000000001FFF1480 000028 (v01 VRTUAL MICROSFT 05001223 MSFT 00000097)\r\n[    0.000000] ACPI: SLIC 0x000000001FFF14C0 000176 (v01 VRTUAL MICROSFT 05001223 MSFT 00000097)\r\n[    0.000000] ACPI: OEM0 0x000000001FFF16C0 000064 (v01 VRTUAL MICROSFT 05001223 MSFT 00000097)\r\n[    0.000000] ACPI: SRAT 0x000000001FFF0600 000090 (v02 VRTUAL MICROSFT 00000001 MSFT 00000001)\r\n[    0.000000] ACPI: APIC 0x000000001FFF0300 00024C (v01 VRTUAL MICROSFT 05001223 MSFT 00000097)\r\n[    0.000000] ACPI: OEMB 0x000000001FFFF040 000064 (v01 VRTUAL MICROSFT 05001223 MSFT 00000097)\r\n[    0.000000] SRAT: PXM 0 -> APIC 0x00 -> Node 0\r\n[    0.000000] SRAT: Node 0 PXM 0 [mem 0x00000000-0x1fffffff]\r\n[    0.000000] SRAT: Node 0 PXM 0 [mem 0x100000000-0x1bfffffff]\r\n[    0.000000] NUMA: Node 0 [mem 0x00000000-0x1fffffff] + [mem 0x100000000-0x1bfffffff] -> [mem 0x00000000-0x1bfffffff]\r\n[    0.000000] NODE_DATA(0) allocated [mem 0x1bfffa000-0x1bfffefff]\r\n[    0.000000] Zone ranges:\r\n[    0.000000]   DMA      [mem 0x0000000000001000-0x0000000000ffffff]\r\n[    0.000000]   DMA32    [mem 0x0000000001000000-0x00000000ffffffff]\r\n[    0.000000]   Normal   [mem 0x0000000100000000-0x00000001bfffffff]\r\n[    0.000000] Movable zone start for each node\r\n[    0.000000] Early memory node ranges\r\n[    0.000000]   node   0: [mem 0x0000000000001000-0x000000000009efff]\r\n[    0.000000]   node   0: [mem 0x0000000000100000-0x000000001ffeffff]\r\n[    0.000000]   node   0: [mem 0x0000000100000000-0x00000001bfffffff]\r\n[    0.000000] Initmem setup node 0 [mem 0x0000000000001000-0x00000001bfffffff]\r\n[    0.000000] ACPI: PM-Timer IO Port: 0x408\r\n[    0.000000] IOAPIC[0]: apic_id 0, version 17, address 0xfec00000, GSI 0-23\r\n[    0.000000] ACPI: INT_SRC_OVR (bus 0 bus_irq 0 global_irq 2 dfl dfl)\r\n[    0.000000] ACPI: INT_SRC_OVR (bus 0 bus_irq 9 global_irq 9 high level)\r\n[    0.000000] Using ACPI (MADT) for SMP configuration information\r\n[    0.000000] smpboot: Allowing 64 CPUs, 63 hotplug CPUs\r\n[    0.000000] PM: Registered nosave memory: [mem 0x00000000-0x00000fff]\r\n[    0.000000] PM: Registered nosave memory: [mem 0x0009f000-0x0009ffff]\r\n[    0.000000] PM: Registered nosave memory: [mem 0x000a0000-0x000dffff]\r\n[    0.000000] PM: Registered nosave memory: [mem 0x000e0000-0x000fffff]\r\n[    0.000000] PM: Registered nosave memory: [mem 0x1fff0000-0x1fffefff]\r\n[    0.000000] PM: Registered nosave memory: [mem 0x1ffff000-0x1fffffff]\r\n[    0.000000] PM: Registered nosave memory: [mem 0x20000000-0xffffffff]\r\n[    0.000000] e820: [mem 0x20000000-0xffffffff] available for PCI devices\r\n[    0.000000] Booting paravirtualized kernel on bare hardware\r\n[    0.000000] clocksource: refined-jiffies: mask: 0xffffffff max_cycles: 0xffffffff, max_idle_ns: 7645519600211568 ns\r\n[    0.000000] setup_percpu: NR_CPUS:256 nr_cpumask_bits:256 nr_cpu_ids:64 nr_node_ids:1\r\n[    0.000000] PERCPU: Embedded 33 pages/cpu @ffff8801bae00000 s96728 r8192 d30248 u262144\r\n[    0.000000] Built 1 zonelists in Node order, mobility grouping on.  Total pages: 903033\r\n[    0.000000] Policy zone: Normal\r\n[    0.000000] Kernel command line: BOOT_IMAGE=/boot/vmlinuz-4.2.0-36-generic root=UUID=35363d62-901d-453f-b6d4-49e047247b73 ro console=tty1 console=ttyS0 earlyprintk=ttyS0 rootdelay=300\r\n[    0.000000] log_buf_len individual max cpu contribution: 4096 bytes\r\n[    0.000000] log_buf_len total cpu_extra contributions: 258048 bytes\r\n[    0.000000] log_buf_len min size: 262144 bytes\r\n[    0.000000] log_buf_len: 524288 bytes\r\n[    0.000000] early log buf free: 252360(96%)\r\n[    0.000000] PID hash table entries: 4096 (order: 3, 32768 bytes)\r\n[    0.000000] Memory: 3487924K/3669560K available (8183K kernel code, 1239K rwdata, 3808K rodata, 1464K init, 1292K bss, 181636K reserved, 0K cma-reserved)\r\n[    0.000000] SLUB: HWalign=64, Order=0-3, MinObjects=0, CPUs=64, Nodes=1\r\n[    0.000000] Hierarchical RCU implementation.\r\n[    0.000000] \tBuild-time adjustment of leaf fanout to 64.\r\n[    0.000000] \tRCU restricting CPUs from NR_CPUS=256 to nr_cpu_ids=64.\r\n[    0.000000] RCU: Adjusting geometry for rcu_fanout_leaf=64, nr_cpu_ids=64\r\n[    0.000000] NR_IRQS:16640 nr_irqs:936 16\r\n[    0.000000] \tOffload RCU callbacks from all CPUs\r\n[    0.000000] \tOffload RCU callbacks from CPUs: 0-63.\r\n[    0.000000] Console: colour VGA+ 80x25\r\n[    0.000000] console [tty1] enabled\r\n[    0.000000] console [ttyS0] enabled\r\n[    0.000000] console [ttyS0] enabled\r\n[    0.000000] bootconsole [earlyser0] disabled\r\n[    0.000000] bootconsole [earlyser0] disabled\r\n[    0.000000] tsc: Fast TSC calibration failed\r\n[    0.000000] tsc: Unable to calibrate against PIT\r\n[    0.000000] tsc: using PMTIMER reference calibration\r\n[    0.000000] tsc: Detected 2200.005 MHz processor\r\n[    0.016036] Calibrating delay loop (skipped), value calculated using timer frequency.. 4400.01 BogoMIPS (lpj=8800020)\r\n[    0.021272] pid_max: default: 65536 minimum: 512\r\n[    0.024031] ACPI: Core revision 20150619\r\n[    0.027203] ACPI: All ACPI Tables successfully acquired\r\n[    0.030657] Security Framework initialized\r\n[    0.032061] AppArmor: AppArmor initialized\r\n[    0.033593] Yama: becoming mindful.\r\n[    0.035221] Dentry cache hash table entries: 524288 (order: 10, 4194304 bytes)\r\n[    0.036945] Inode-cache hash table entries: 262144 (order: 9, 2097152 bytes)\r\n[    0.040415] Mount-cache hash table entries: 8192 (order: 4, 65536 bytes)\r\n[    0.042103] Mountpoint-cache hash table entries: 8192 (order: 4, 65536 bytes)\r\n[    0.044282] Initializing cgroup subsys blkio\r\n[    0.046858] Initializing cgroup subsys memory\r\n[    0.048037] Initializing cgroup subsys devices\r\n[    0.049454] Initializing cgroup subsys freezer\r\n[    0.050864] Initializing cgroup subsys net_cls\r\n[    0.052021] Initializing cgroup subsys perf_event\r\n[    0.053473] Initializing cgroup subsys net_prio\r\n[    0.054905] Initializing cgroup subsys hugetlb\r\n[    0.056103] mce: CPU supports 1 MCE banks\r\n[    0.057501] Last level iTLB entries: 4KB 512, 2MB 8, 4MB 8\r\n[    0.060018] Last level dTLB entries: 4KB 512, 2MB 32, 4MB 32, 1GB 0\r\n[    0.084780] ftrace: allocating 30950 entries in 121 pages\r\n[    0.100166] Switched APIC routing to physical flat.\r\n[    0.120890] ..TIMER: vector=0x30 apic1=0 pin1=2 apic2=-1 pin2=-1\r\n[    0.124124] smpboot: CPU0: Intel(R) Xeon(R) CPU E5-2660 0 @ 2.20GHz (fam: 06, model: 2d, stepping: 07)\r\n[    0.128040] Performance Events: unsupported p6 CPU model 45 no PMU driver, software events only.\r\n[    0.136013] NMI watchdog: disabled (cpu0): hardware events not enabled\r\n[    0.138080] NMI watchdog: Shutting down hard lockup detector on all cpus\r\n[    0.140105] x86: Booted up 1 node, 1 CPUs\r\n[    0.141763] smpboot: Total of 1 processors activated (4400.01 BogoMIPS)\r\n[    0.147846] devtmpfs: initialized\r\n[    0.150440] evm: security.selinux\r\n[    0.152003] evm: security.SMACK64\r\n[    0.153275] evm: security.SMACK64EXEC\r\n[    0.154946] evm: security.SMACK64TRANSMUTE\r\n[    0.156003] evm: security.SMACK64MMAP\r\n[    0.157185] evm: security.ima\r\n[    0.158294] evm: security.capability\r\n[    0.160109] PM: Registering ACPI NVS region [mem 0x1ffff000-0x1fffffff] (4096 bytes)\r\n[    0.161861] clocksource: jiffies: mask: 0xffffffff max_cycles: 0xffffffff, max_idle_ns: 7645041785100000 ns\r\n[    0.164171] pinctrl core: initialized pinctrl subsystem\r\n[    0.166922] RTC time: 16:41:27, date: 06/02/16\r\n[    0.168196] NET: Registered protocol family 16\r\n[    0.169998] cpuidle: using governor ladder\r\n[    0.171260] cpuidle: using governor menu\r\n[    0.172142] ACPI: bus type PCI registered\r\n[    0.173374] acpiphp: ACPI Hot Plug PCI Controller Driver version: 0.5\r\n[    0.176161] PCI: Using configuration type 1 for base access\r\n[    0.179290] ACPI: Added _OSI(Module Device)\r\n[    0.180003] ACPI: Added _OSI(Processor Device)\r\n[    0.181474] ACPI: Added _OSI(3.0 _SCP Extensions)\r\n[    0.182678] ACPI: Added _OSI(Processor Aggregator Device)\r\n[    0.186916] ACPI: Interpreter enabled\r\n[    0.188008] ACPI Exception: AE_NOT_FOUND, While evaluating Sleep State [\\_S1_] (20150619/hwxface-580)\r\n[    0.192003] ACPI Exception: AE_NOT_FOUND, While evaluating Sleep State [\\_S2_] (20150619/hwxface-580)\r\n[    0.195895] ACPI Exception: AE_NOT_FOUND, While evaluating Sleep State [\\_S3_] (20150619/hwxface-580)\r\n[    0.198542] ACPI Exception: AE_NOT_FOUND, While evaluating Sleep State [\\_S4_] (20150619/hwxface-580)\r\n[    0.202424] ACPI: (supports S0 S5)\r\n[    0.204003] ACPI: Using IOAPIC for interrupt routing\r\n[    0.205439] PCI: Using host bridge windows from ACPI; if necessary, use \"pci=nocrs\" and report a bug\r\n[    0.217659] ACPI: PCI Root Bridge [PCI0] (domain 0000 [bus 00-ff])\r\n[    0.219126] acpi PNP0A03:00: _OSC: OS supports [ASPM ClockPM Segments MSI]\r\n[    0.220008] acpi PNP0A03:00: _OSC failed (AE_NOT_FOUND); disabling ASPM\r\n[    0.222139] acpi PNP0A03:00: fail to add MMCONFIG information, can't access extended PCI configuration space under this bridge.\r\n[    0.224129] PCI host bridge to bus 0000:00\r\n[    0.225378] pci_bus 0000:00: root bus resource [bus 00-ff]\r\n[    0.227013] pci_bus 0000:00: root bus resource [mem 0xfe0000000-0xfffefffff window]\r\n[    0.228004] pci_bus 0000:00: root bus resource [io  0x0000-0x0cf7 window]\r\n[    0.229495] pci_bus 0000:00: root bus resource [io  0x0d00-0xffff window]\r\n[    0.232006] pci_bus 0000:00: root bus resource [mem 0x000a0000-0x000bffff window]\r\n[    0.233718] pci_bus 0000:00: root bus resource [mem 0x20000000-0xfffbffff window]\r\n[    0.242269] pci 0000:00:07.1: legacy IDE quirk: reg 0x10: [io  0x01f0-0x01f7]\r\n[    0.243820] pci 0000:00:07.1: legacy IDE quirk: reg 0x14: [io  0x03f6]\r\n[    0.244005] pci 0000:00:07.1: legacy IDE quirk: reg 0x18: [io  0x0170-0x0177]\r\n[    0.245533] pci 0000:00:07.1: legacy IDE quirk: reg 0x1c: [io  0x0376]\r\n[    0.248439] * Found PM-Timer Bug on the chipset. Due to workarounds for a bug,\r\n[    0.248439] * this clock source is slow. Consider trying other clock sources\r\n[    0.253112] pci 0000:00:07.3: quirk: [io  0x0400-0x043f] claimed by PIIX4 ACPI\r\n[    0.263908] ACPI: PCI Interrupt Link [LNKA] (IRQs 3 4 5 7 9 10 *11 12 14 15)\r\n[    0.272200] ACPI: PCI Interrupt Link [LNKB] (IRQs 3 4 5 7 9 10 11 12 14 15) *0, disabled.\r\n[    0.284153] ACPI: PCI Interrupt Link [LNKC] (IRQs 3 4 5 7 9 10 11 12 14 15) *0, disabled.\r\n[    0.295010] ACPI: PCI Interrupt Link [LNKD] (IRQs 3 4 5 7 9 10 11 12 14 15) *0, disabled.\r\n[    0.306589] ACPI: Enabled 1 GPEs in block 00 to 0F\r\n[    0.308169] vgaarb: setting as boot device: PCI:0000:00:08.0\r\n[    0.309680] vgaarb: device added: PCI:0000:00:08.0,decodes=io+mem,owns=io+mem,locks=none\r\n[    0.312003] vgaarb: loaded\r\n[    0.313043] vgaarb: bridge control possible 0000:00:08.0\r\n[    0.314548] SCSI subsystem initialized\r\n[    0.316109] ACPI: bus type USB registered\r\n[    0.317283] usbcore: registered new interface driver usbfs\r\n[    0.318562] usbcore: registered new interface driver hub\r\n[    0.320036] usbcore: registered new device driver usb\r\n[    0.321463] PCI: Using ACPI for IRQ routing\r\n[    0.323122] NetLabel: Initializing\r\n[    0.324004] NetLabel:  domain hash size = 128\r\n[    0.325533] NetLabel:  protocols = UNLABELED CIPSOv4\r\n[    0.326820] NetLabel:  unlabeled traffic allowed by default\r\n[    0.328127] clocksource: Switched to clocksource hyperv_clocksource\r\n[    0.336204] AppArmor: AppArmor Filesystem Enabled\r\n[    0.337511] pnp: PnP ACPI init\r\n[    0.340643] system 00:06: [io  0x01e0-0x01ef] has been reserved\r\n[    0.342287] system 00:06: [io  0x0160-0x016f] has been reserved\r\n[    0.343586] system 00:06: [io  0x0278-0x027f] has been reserved\r\n[    0.344880] system 00:06: [io  0x0378-0x037f] has been reserved\r\n[    0.346181] system 00:06: [io  0x0678-0x067f] has been reserved\r\n[    0.347439] system 00:06: [io  0x0778-0x077f] has been reserved\r\n[    0.348733] system 00:06: [io  0x04d0-0x04d1] has been reserved\r\n[    0.350152] system 00:07: [io  0x0400-0x043f] has been reserved\r\n[    0.351423] system 00:07: [io  0x0370-0x0371] has been reserved\r\n[    0.352721] system 00:07: [io  0x0440-0x044f] has been reserved\r\n[    0.353963] system 00:07: [mem 0xfec00000-0xfec00fff] could not be reserved\r\n[    0.355322] system 00:07: [mem 0xfee00000-0xfee00fff] has been reserved\r\n[    0.356769] system 00:08: [mem 0x00000000-0x0009ffff] could not be reserved\r\n[    0.358145] system 00:08: [mem 0x000c0000-0x000dffff] could not be reserved\r\n[    0.359444] system 00:08: [mem 0x000e0000-0x000fffff] could not be reserved\r\n[    0.360827] system 00:08: [mem 0x00100000-0x1fffffff] could not be reserved\r\n[    0.362194] system 00:08: [mem 0xfffc0000-0xffffffff] has been reserved\r\n[    0.363712] pnp: PnP ACPI: found 9 devices\r\n[    0.370902] clocksource: acpi_pm: mask: 0xffffff max_cycles: 0xffffff, max_idle_ns: 2085701024 ns\r\n[    0.372739] NET: Registered protocol family 2\r\n[    0.374229] TCP established hash table entries: 32768 (order: 6, 262144 bytes)\r\n[    0.375815] TCP bind hash table entries: 32768 (order: 7, 524288 bytes)\r\n[    0.377221] TCP: Hash tables configured (established 32768 bind 32768)\r\n[    0.378620] UDP hash table entries: 2048 (order: 4, 65536 bytes)\r\n[    0.379931] UDP-Lite hash table entries: 2048 (order: 4, 65536 bytes)\r\n[    0.381562] NET: Registered protocol family 1\r\n[    0.382726] pci 0000:00:00.0: Limiting direct PCI/PCI transfers\r\n[    0.384261] Trying to unpack rootfs image as initramfs...\r\n[    0.957662] Freeing initrd memory: 30528K (ffff88001d9c0000 - ffff88001f790000)\r\n[    0.959708] PCI-DMA: Using software bounce buffering for IO (SWIOTLB)\r\n[    0.961972] software IO TLB [mem 0x199c0000-0x1d9c0000] (64MB) mapped at [ffff8800199c0000-ffff88001d9bffff]\r\n[    0.964260] clocksource: tsc: mask: 0xffffffffffffffff max_cycles: 0x1fb637aabb6, max_idle_ns: 440795307443 ns\r\n[    0.967054] RAPL PMU detected, API unit is 2^-32 Joules, 3 fixed counters 10737418240 ms ovfl timer\r\n[    0.969553] hw unit of domain pp0-core 2^-0 Joules\r\n[    0.971373] hw unit of domain package 2^-0 Joules\r\n[    0.972949] hw unit of domain dram 2^-0 Joules\r\n[    0.974666] microcode: CPU0 sig=0x206d7, pf=0x1, revision=0xffffffff\r\n[    0.976597] microcode: Microcode Update Driver: v2.00 <tigran@aivazian.fsnet.co.uk>, Peter Oruba\r\n[    0.979020] Scanning for low memory corruption every 60 seconds\r\n[    0.984800] futex hash table entries: 16384 (order: 8, 1048576 bytes)\r\n[    0.986793] Initialise system trusted keyring\r\n[    0.988454] audit: initializing netlink subsys (disabled)\r\n[    0.990959] audit: type=2000 audit(1464885687.988:1): initialized\r\n[    0.993129] HugeTLB registered 2 MB page size, pre-allocated 0 pages\r\n[    0.996517] zpool: loaded\r\n[    0.998111] zbud: loaded\r\n[    0.999672] VFS: Disk quotas dquot_6.6.0\r\n[    1.001306] VFS: Dquot-cache hash table entries: 512 (order 0, 4096 bytes)\r\n[    1.003954] fuse init (API version 7.23)\r\n[    1.005776] Key type big_key registered\r\n[    1.007565] Key type asymmetric registered\r\n[    1.009183] Asymmetric key parser 'x509' registered\r\n[    1.010921] Block layer SCSI generic (bsg) driver version 0.4 loaded (major 249)\r\n[    1.014054] io scheduler noop registered\r\n[    1.020289] io scheduler deadline registered (default)\r\n[    1.022007] io scheduler cfq registered\r\n[    1.023674] pci_hotplug: PCI Hot Plug PCI Core version: 0.5\r\n[    1.025413] pciehp: PCI Express Hot Plug Controller Driver version: 0.4\r\n[    1.027292] input: Power Button as /devices/LNXSYSTM:00/LNXPWRBN:00/input/input0\r\n[    1.029387] ACPI: Power Button [PWRF]\r\n[    1.038174] GHES: HEST is not enabled!\r\n[    1.040148] Serial: 8250/16550 driver, 32 ports, IRQ sharing enabled\r\n[    1.062914] 00:03: ttyS0 at I/O 0x3f8 (irq = 4, base_baud = 115200) is a 16550A\r\n[    1.085278] 00:04: ttyS1 at I/O 0x2f8 (irq = 3, base_baud = 115200) is a 16550A\r\n[    1.088261] Linux agpgart interface v0.103\r\n[    1.091964] brd: module loaded\r\n[    1.094311] loop: module loaded\r\n[    1.095541] ata_piix 0000:00:07.1: Hyper-V Virtual Machine detected, ATA device ignore set\r\n[    1.098502] scsi host0: ata_piix\r\n[    1.099567] scsi host1: ata_piix\r\n[    1.100537] ata1: PATA max UDMA/33 cmd 0x1f0 ctl 0x3f6 bmdma 0xffa0 irq 14\r\n[    1.101833] ata2: PATA max UDMA/33 cmd 0x170 ctl 0x376 bmdma 0xffa8 irq 15\r\n[    1.103601] libphy: Fixed MDIO Bus: probed\r\n[    1.104653] tun: Universal TUN/TAP device driver, 1.6\r\n[    1.105744] tun: (C) 1999-2004 Max Krasnyansky <maxk@qualcomm.com>\r\n[    1.107379] PPP generic driver version 2.4.2\r\n[    1.108489] ehci_hcd: USB 2.0 'Enhanced' Host Controller (EHCI) Driver\r\n[    1.109751] ehci-pci: EHCI PCI platform driver\r\n[    1.110792] ehci-platform: EHCI generic platform driver\r\n[    1.111908] ohci_hcd: USB 1.1 'Open' Host Controller (OHCI) Driver\r\n[    1.113142] ohci-pci: OHCI PCI platform driver\r\n[    1.114189] ohci-platform: OHCI generic platform driver\r\n[    1.115310] uhci_hcd: USB Universal Host Controller Interface driver\r\n[    1.116617] i8042: PNP: PS/2 Controller [PNP0303:PS2K,PNP0f03:PS2M] at 0x60,0x64 irq 1,12\r\n[    1.119917] serio: i8042 KBD port at 0x60,0x64 irq 1\r\n[    1.121302] serio: i8042 AUX port at 0x60,0x64 irq 12\r\n[    1.122767] mousedev: PS/2 mouse device common for all mice\r\n[    1.124429] rtc_cmos 00:00: RTC can wake from S4\r\n[    1.146790] rtc_cmos 00:00: rtc core: registered rtc_cmos as rtc0\r\n[    1.148822] rtc_cmos 00:00: alarms up to one month, 114 bytes nvram\r\n[    1.150301] i2c /dev entries driver\r\n[    1.151571] device-mapper: uevent: version 1.0.3\r\n[    1.152982] device-mapper: ioctl: 4.33.0-ioctl (2015-8-18) initialised: dm-devel@redhat.com\r\n[    1.155080] ledtrig-cpu: registered to indicate activity on CPUs\r\n[    1.156640] PCCT header not found.\r\n[    1.158091] NET: Registered protocol family 10\r\n[    1.159711] NET: Registered protocol family 17\r\n[    1.161024] Key type dns_resolver registered\r\n[    1.162538] Loading compiled-in X.509 certificates\r\n[    1.164924] Loaded X.509 cert 'Build time autogenerated kernel key: b8e38522515dfe48cdc9ba8d8c2f75cf0057650b'\r\n[    1.166955] registered taskstats version 1\r\n[    1.168249] zswap: loading zswap\r\n[    1.169602] zswap: using zbud pool\r\n[    1.171311] input: AT Translated Set 2 keyboard as /devices/platform/i8042/serio0/input/input1\r\n[    1.173194] zswap: using lzo compressor\r\n[    1.176588] Key type trusted registered\r\n[    1.181153] Key type encrypted registered\r\n[    1.182439] AppArmor: AppArmor sha1 policy hashing enabled\r\n[    1.183835] ima: No TPM chip found, activating TPM-bypass!\r\n[    1.185297] evm: HMAC attrs: 0x1\r\n[    1.186832]   Magic number: 4:977:690\r\n[    1.188138] mem mem: hash matches\r\n[    1.189301] acpi LNXCPU:31: hash matches\r\n[    1.190800] rtc_cmos 00:00: setting system clock to 2016-06-02 16:41:28 UTC (1464885688)\r\n[    1.192707] BIOS EDD facility v0.16 2004-Jun-25, 0 devices found\r\n[    1.194161] EDD information not available.\r\n[    1.262111] ata2.00: ATAPI: Virtual CD, , max MWDMA2\r\n[    1.265260] ata2.00: configured for MWDMA2\r\n[    1.267803] scsi 1:0:0:0: CD-ROM            Msft     Virtual CD/ROM   1.0  PQ: 0 ANSI: 5\r\n[    1.274133] sr 1:0:0:0: [sr0] scsi3-mmc drive: 0x/0x tray\r\n[    1.275494] cdrom: Uniform CD-ROM driver Revision: 3.20\r\n[    1.277818] sr 1:0:0:0: Attached scsi generic sg0 type 5\r\n[    1.279891] Freeing unused kernel memory: 1464K (ffffffff81f37000 - ffffffff820a5000)\r\n[    1.284804] Write protecting the kernel read-only data: 14336k\r\n[    1.287326] Freeing unused kernel memory: 2044K (ffff880001801000 - ffff880001a00000)\r\n[    1.289374] Freeing unused kernel memory: 288K (ffff880001db8000 - ffff880001e00000)\r\nLoading, please wait...\r\nstarting version 225\r\n[    1.311182] random: udevadm urandom read with 2 bits of entropy available\r\n[    1.381134] Floppy drive(s): fd0 is 1.44M\r\n[    1.389626] clocksource: hyperv_clocksource_tsc_page: mask: 0xffffffffffffffff max_cycles: 0x24e6a1710, max_idle_ns: 440795202120 ns\r\n[    1.404365] clocksource: Switched to clocksource hyperv_clocksource_tsc_page\r\n[    1.430299] FDC 0 is an 82078.\r\n[    1.467419] AVX version of gcm_enc/dec engaged.\r\n[    1.469403] AES CTR mode by8 optimization enabled\r\n[    1.496444] hv_vmbus: Hyper-V Host Build:9600-6.3-18-0.18190; Vmbus version:3.0\r\n[    1.530466] hv_vmbus: registering driver hv_storvsc\r\n[    1.539074] hidraw: raw HID events driver (C) Jiri Kosina\r\n[    1.544487] hv_utils: Registering HyperV Utility Driver\r\n[    1.546119] hv_vmbus: registering driver hv_util\r\n[    1.560267] hv_vmbus: registering driver hid_hyperv\r\n[    1.568868] scsi host2: storvsc_host_t\r\n[    1.571074] scsi 2:0:0:0: Direct-Access     Msft     Virtual Disk     1.0  PQ: 0 ANSI: 4\r\n[    1.575343] sd 2:0:0:0: Attached scsi generic sg1 type 0\r\n[    1.576923] sd 2:0:0:0: [sda] 61440000 512-byte logical blocks: (31.4 GB/29.2 GiB)\r\n[    1.579386] sd 2:0:0:0: [sda] Write Protect is off\r\n[    1.581219] input: Microsoft Vmbus HID-compliant Mouse as /devices/0006:045E:0621.0001/input/input4\r\n[    1.583117] sd 2:0:0:0: [sda] Write cache: enabled, read cache: enabled, supports DPO and FUA\r\n[    1.585857] hid 0006:045E:0621.0001: input: <UNKNOWN> HID v0.01 Mouse [Microsoft Vmbus HID-compliant Mouse] on \r\n[    1.590688]  sda: sda1\r\n[    1.592920] sd 2:0:0:0: [sda] Attached SCSI disk\r\n[    1.597674] hv_vmbus: registering driver hv_netvsc\r\n[    1.600143] hv_netvsc: hv_netvsc channel opened successfully\r\n[    1.741672] hv_netvsc vmbus_16: Send section size: 6144, Section count:2560\r\n[    1.743726] hv_netvsc vmbus_16: Device MAC 00:0d:3a:60:97:c3 link state up\r\n[    1.752561] scsi host3: storvsc_host_t\r\n[    1.753941] scsi 3:0:1:0: Direct-Access     Msft     Virtual Disk     1.0  PQ: 0 ANSI: 4\r\n[    1.755988] sd 3:0:1:0: Attached scsi generic sg2 type 0\r\n[    1.757329] sd 3:0:1:0: [sdb] 104857600 512-byte logical blocks: (53.6 GB/50.0 GiB)\r\n[    1.758749] sd 3:0:1:0: [sdb] 4096-byte physical blocks\r\n[    1.760588] sd 3:0:1:0: [sdb] Write Protect is off\r\n[    1.761725] sd 3:0:1:0: [sdb] Write cache: enabled, read cache: enabled, supports DPO and FUA\r\n[    1.764210]  sdb: sdb1\r\n[    1.765845] sd 3:0:1:0: [sdb] Attached SCSI disk\r\n[    1.768717] scsi host4: storvsc_host_t\r\n[    1.770529] scsi 4:0:0:0: scsi scan: INQUIRY result too short (5), using 36\r\n[    1.771900] scsi 4:0:0:1: scsi scan: INQUIRY result too short (5), using 36\r\n[    1.773259] scsi 4:0:1:0: scsi scan: INQUIRY result too short (5), using 36\r\n[    1.774607] scsi 4:0:1:1: scsi scan: INQUIRY result too short (5), using 36\r\n[    1.775911] scsi 4:1:0:0: scsi scan: INQUIRY result too short (5), using 36\r\n[    1.777399] scsi 4:1:0:1: scsi scan: INQUIRY result too short (5), using 36\r\n[    1.780133] scsi 4:1:1:0: scsi scan: INQUIRY result too short (5), using 36\r\n[    1.783099] scsi 4:1:1:1: scsi scan: INQUIRY result too short (5), using 36\r\n[    1.785940] scsi 4:2:0:0: scsi scan: INQUIRY result too short (5), using 36\r\n[    1.788084] scsi host5: storvsc_host_t\r\n[    1.789648] scsi 5:0:0:0: scsi scan: INQUIRY result too short (5), using 36\r\n[    1.791396] scsi 5:0:0:1: scsi scan: INQUIRY result too short (5), using 36\r\n[    1.793040] scsi 4:2:0:1: scsi scan: INQUIRY result too short (5), using 36\r\n[    1.794653] scsi 5:0:1:0: scsi scan: INQUIRY result too short (5), using 36\r\n[    1.796325] scsi 5:0:1:1: scsi scan: INQUIRY result too short (5), using 36\r\n[    1.797830] scsi 4:2:1:0: scsi scan: INQUIRY result too short (5), using 36\r\n[    1.799770] scsi 5:1:0:0: scsi scan: INQUIRY result too short (5), using 36\r\n[    1.801305] scsi 4:2:1:1: scsi scan: INQUIRY result too short (5), using 36\r\n[    1.803501] scsi 5:1:0:1: scsi scan: INQUIRY result too short (5), using 36\r\n[    1.805343] scsi 5:1:1:0: scsi scan: INQUIRY result too short (5), using 36\r\n[    1.806842] scsi 4:3:0:0: scsi scan: INQUIRY result too short (5), using 36\r\n[    1.809298] scsi 5:1:1:1: scsi scan: INQUIRY result too short (5), using 36\r\n[    1.810850] scsi 4:3:0:1: scsi scan: INQUIRY result too short (5), using 36\r\n[    1.812357] psmouse serio1: trackpoint: failed to get extended button data\r\n[    1.814932] scsi 5:2:0:0: scsi scan: INQUIRY result too short (5), using 36\r\n[    1.816471] scsi 4:3:1:0: scsi scan: INQUIRY result too short (5), using 36\r\n[    1.818567] scsi 5:2:0:1: scsi scan: INQUIRY result too short (5), using 36\r\n[    1.820108] scsi 4:3:1:1: scsi scan: INQUIRY result too short (5), using 36\r\n[    1.822360] scsi 5:2:1:0: scsi scan: INQUIRY result too short (5), using 36\r\n[    1.824525] scsi 4:4:0:0: scsi scan: INQUIRY result too short (5), using 36\r\n[    1.826108] scsi 5:2:1:1: scsi scan: INQUIRY result too short (5), using 36\r\n[    1.827625] scsi 4:4:0:1: scsi scan: INQUIRY result too short (5), using 36\r\n[    1.829987] scsi 5:3:0:0: scsi scan: INQUIRY result too short (5), using 36\r\n[    1.831584] scsi 4:4:1:0: scsi scan: INQUIRY result too short (5), using 36\r\n[    1.833289] scsi 5:3:0:1: scsi scan: INQUIRY result too short (5), using 36\r\n[    1.835960] scsi 4:4:1:1: scsi scan: INQUIRY result too short (5), using 36\r\n[    1.839074] scsi 4:5:0:0: scsi scan: INQUIRY result too short (5), using 36\r\n[    1.840568] scsi 5:3:1:0: scsi scan: INQUIRY result too short (5), using 36\r\n[    1.842162] scsi 4:5:0:1: scsi scan: INQUIRY result too short (5), using 36\r\n[    1.843653] scsi 5:3:1:1: scsi scan: INQUIRY result too short (5), using 36\r\n[    1.845174] scsi 4:5:1:0: scsi scan: INQUIRY result too short (5), using 36\r\n[    1.846966] scsi 5:4:0:0: scsi scan: INQUIRY result too short (5), using 36\r\n[    1.848506] scsi 5:4:0:1: scsi scan: INQUIRY result too short (5), using 36\r\n[    1.849952] scsi 4:5:1:1: scsi scan: INQUIRY result too short (5), using 36\r\n[    1.851495] scsi 5:4:1:0: scsi scan: INQUIRY result too short (5), using 36\r\n[    1.853461] scsi 4:6:0:0: scsi scan: INQUIRY result too short (5), using 36\r\n[    1.855049] scsi 5:4:1:1: scsi scan: INQUIRY result too short (5), using 36\r\n[    1.856539] scsi 4:6:0:1: scsi scan: INQUIRY result too short (5), using 36\r\n[    1.858139] scsi 4:6:1:0: scsi scan: INQUIRY result too short (5), using 36\r\n[    1.859649] scsi 5:5:0:0: scsi scan: INQUIRY result too short (5), using 36\r\n[    1.861185] scsi 4:6:1:1: scsi scan: INQUIRY result too short (5), using 36\r\n[    1.862700] scsi 5:5:0:1: scsi scan: INQUIRY result too short (5), using 36\r\n[    1.864246] scsi 4:7:0:0: scsi scan: INQUIRY result too short (5), using 36\r\n[    1.865773] scsi 5:5:1:0: scsi scan: INQUIRY result too short (5), using 36\r\n[    1.867297] scsi 4:7:0:1: scsi scan: INQUIRY result too short (5), using 36\r\n[    1.868868] scsi 5:5:1:1: scsi scan: INQUIRY result too short (5), using 36\r\n[    1.870429] scsi 4:7:1:0: scsi scan: INQUIRY result too short (5), using 36\r\n[    1.871960] scsi 5:6:0:0: scsi scan: INQUIRY result too short (5), using 36\r\n[    1.873493] scsi 4:7:1:1: scsi scan: INQUIRY result too short (5), using 36\r\n[    1.874949] scsi 5:6:0:1: scsi scan: INQUIRY result too short (5), using 36\r\n[    1.876473] scsi 5:6:1:0: scsi scan: INQUIRY result too short (5), using 36\r\n[    1.877962] scsi 5:6:1:1: scsi scan: INQUIRY result too short (5), using 36\r\n[    1.879452] scsi 5:7:0:0: scsi scan: INQUIRY result too short (5), using 36\r\n[    1.880964] scsi 5:7:0:1: scsi scan: INQUIRY result too short (5), using 36\r\n[    1.882611] scsi 5:7:1:0: scsi scan: INQUIRY result too short (5), using 36\r\n[    1.884146] scsi 5:7:1:1: scsi scan: INQUIRY result too short (5), using 36\r\nBegin: Loading essential drivers ... done.\r\r\nBegin: Running /scripts/init-premount ... done.\r\r\nBegin: Mounting root file system ... Begin: Running /scripts/local-top ... done.\r\r\nBegin: Running /scripts/local-premount ... done.\r\r\nBegin: Checking root file system ... fsck from util-linux 2.26.2\r\r\ncloudimg-rootfs: clean, 73675/245504 files, 353568/524032 blocks\r\r\ndone.\r\r\n[    3.972714] EXT4-fs (sda1): mounted filesystem with ordered data mode. Opts: (null)\r\ndone.\r\r\nBegin: Running /scripts/local-bottom ... done.\r\r\nBegin: Running /scripts/init-bottom ... Warning: overlayroot: debug is busted\r\r\ndone.\r\r\n[    5.054101] random: nonblocking pool is initialized\r\n[    6.356525] systemd[1]: Failed to insert module 'kdbus': Function not implemented\r\n[    6.660101] psmouse serio1: trackpoint: IBM TrackPoint firmware: 0x01, buttons: 0/0\r\n[    6.662290] input: TPPS/2 IBM TrackPoint as /devices/platform/i8042/serio1/input/input3\r\n[    7.021051] systemd[1]: systemd 225 running in system mode. (+PAM +AUDIT +SELINUX +IMA +APPARMOR +SMACK +SYSVINIT +UTMP +LIBCRYPTSETUP +GCRYPT +GNUTLS +ACL +XZ -LZ4 +SECCOMP +BLKID -ELFUTILS +KMOD -IDN)\r\n[    7.023772] systemd[1]: Detected virtualization microsoft.\r\n[    7.024931] systemd[1]: Detected architecture x86-64.\r\n\r\r\nWelcome to \u001b[1mUbuntu 15.10\u001b[0m!\r\r\n[    7.034746] systemd[1]: Set hostname to <ubuntu>.\r\n\r\r\n[    7.072422] systemd[1]: Initializing machine ID from random generator.\r\n[    7.074854] systemd[1]: Installed transient /etc/machine-id file.\r\n-.mount\r\r\netc-machine\\x2did.mount\r[    8.224303] systemd[1]: sshd-keygen.service: Cannot add dependency job, ignoring: Unit sshd-keygen.service failed to load: No such file or directory.\r\n[    8.226675] systemd[1]: sshd-keygen.service: Cannot add dependency job, ignoring: Unit sshd-keygen.service failed to load: No such file or directory.\r\n\r\n[    8.230950] systemd[1]: display-manager.service: Cannot add dependency job, ignoring: Unit display-manager.service failed to load: No such file or directory.\r\n[    8.233802] systemd[1]: Created slice Root Slice.\r\n[\u001b[32m  OK  \u001b[0m[    8.238462] systemd[1]: Listening on Journal Socket (/dev/log).\r\n] Created slice Root Slice.\r[    8.241152] systemd[1]: Listening on Journal Audit Socket.\r\n\r\n[[    8.244717] systemd[1]: Listening on udev Control Socket.\r\n\u001b[32m  OK  \u001b[0m] Listening on Journal Socket (/dev/log).\r[    8.248554] systemd[1]: Reached target Swap.\r\n[    8.249627] systemd[1]: Started Forward Password Requests to Wall Directory Watch.\r\n\r\n[\u001b[32m  OK  \u001b[0m] Listening on Journal Audit Socket.\r[    8.254509] systemd[1]: Created slice System Slice.\r\n[    8.256263] systemd[1]: Created slice system-getty.slice.\r\n\r\n[[    8.260338] systemd[1]: Listening on udev Kernel Socket.\r\n[    8.261604] systemd[1]: Reached target Encrypted Volumes.\r\n\u001b[32m  OK  \u001b[0m] Listening on udev Control Socket.\r[    8.265813] systemd[1]: Reached target Remote File Systems (Pre).\r\n\r\n[\u001b[32m  OK  \u001b[0m] Reached target Swap.\r\r\n[\u001b[32m  OK  \u001b[0m] Started Forward Password Requests to Wall Directory Watch.\r[    8.273732] systemd[1]: Starting Increase datagram queue length...\r\n[    8.275735] systemd[1]: Reached target User and Group Name Lookups.\r\n[    8.277570] systemd[1]: Created slice User and Session Slice.\r\n[    8.278914] systemd[1]: Reached target Slices.\r\n\r\n[\u001b[32m  OK  \u001b[0m] Created slice System Slice.\r\r\n[\u001b[32m  OK  \u001b[0m] Created slice system-getty.slice.\r[    8.286018] systemd[1]: Created slice system-serial\\x2dgetty.slice.\r\n[    8.287394] systemd[1]: Listening on /dev/initctl Compatibility Named Pipe.\r\n[    8.289125] systemd[1]: Set up automount Arbitrary Executable File Formats File System Automount Point.\r\n\r\n[\u001b[32m  OK  \u001b[0m] Listening on udev Kernel Socket.\r[    8.293681] systemd[1]: Listening on Journal Socket.\r\n[    8.295788] systemd[1]: Starting Setup Virtual Console...\r\n\r\n[[    8.301234] systemd[1]: Starting Create list of required static device nodes for the current kernel...\r\n[    8.307044] systemd[1]: Starting Uncomplicated firewall...\r\n\u001b[32m  OK  \u001b[0m] Reached target Encrypted Volumes.\r[    8.316062] systemd[1]: Mounting Huge Pages File System...\r\n\r\n[\u001b[32m  OK  \u001b[0m] Reached target Remote File Sytems (Pre).\r[    8.321629] systemd[1]: Starting Remount Root and Kernel File Systems...\r\n\r\n         Starting Increase datagram queue length...\r[    8.327355] systemd[1]: Mounting POSIX Message Queue File System...\r\n[    8.329636] systemd[1]: Starting udev Coldplug all Devices...\r\n\r\n[\u001b[32m  OK  \u001b[0m] Reached target User and Group Name Lookups.\r\r\n[\u001b[32m  OK  \u001b[0m] Created slice User and Session Slice.\r[    8.341263] systemd[1]: Mounting Debug File System...\r\n\r\n[\u001b[32m  OK  \u001b[0m] Reached target Slices.\r\r\n[\u001b[32m  OK  \u001b[0m] Created slice system-serial\\x2dgetty.slice.\r[    8.353619] systemd[1]: Starting Load Kernel Modules...\r\n\r\n[\u001b[32m  OK  \u001b[0m] Listening on /dev/initctl Compatibility Named Pipe.\r[    8.365900] systemd[1]: Mounted Debug File System.\r\n[    8.367502] systemd[1]: Mounted POSIX Message Queue File System.\r\n\r\n[\u001b[32m  OK  \u001b[0m] Set up automount Arbitrary Executab...ats File System Automount Point.\r[    8.373664] systemd[1]: Mounted Huge Pages File System.\r\n[    8.376260] systemd[1]: Started Increase datagram queue length.\r\n\r\n[\u001b[32m  OK  \u001b[0m] Listening on Journal Socket.\r\r\n[    8.382760] systemd[1]: Started Setup Virtual Console.\r\n[    8.386540] EXT4-fs (sda1): re-mounted. Opts: discard\r\n         Starting Setup Virtual Console...\r\r\n         Starting Create list of required st... nodes for the current kernel...\r[    8.393353] systemd[1]: Started Load Kernel Modules.\r\n[    8.395254] systemd[1]: Started Remount Root and Kernel File Systems.\r\n\r\n[    8.401916] systemd[1]: Starting Load/Save Random Seed...\r\n[    8.409520] systemd[1]: Starting Ensure /etc/mtab is a symlink to /proc/mounts...\r\n[    8.413903] systemd[1]: Starting Apply Kernel Variables...\r\n         Starting Uncomplicated firewall...\r[    8.420053] systemd[1]: Mounting FUSE Control File System...\r\n\r\n[    8.426918] systemd[1]: Listening on Syslog Socket.\r\n         Mounting Huge Pages File System...\r\r\n         Starting Remount Root and Kernel File Systems...\r[    8.436575] systemd[1]: Starting Journal Service...\r\n\r\n[    8.443928] systemd[1]: Mounted FUSE Control File System.\r\n         Mounting POSIX Message Queue File System...\r\r\n         Starting udev Coldplug all Devices...\r[    8.450510] systemd[1]: Started Ensure /etc/mtab is a symlink to /proc/mounts.\r\n\r\n         Mounting Debug File System...\r\r\n         Starting Load Kernel Modules...\r\r\n[\u001b[32m  OK  \u001b[0m] Mounted Debug File System.\r\r\n[\u001b[32m  OK  \u001b[0m] Mounted POSIX Message Queue File System.\r\r\n[\u001b[32m  OK  \u001b[0m] Mounted Huge Pages File System.\r\r\n[\u001b[32m  OK  \u001b[0m] Started Increase datagram queue length.\r\r\n[\u001b[32m  OK  \u001b[0m] Started Setup Virtual Console.\r\r\n[\u001b[32m  OK  \u001b[0m] Started Load Kernel Modules.\r\r\n[\u001b[32m  OK  \u001b[0m] Started Remount Root and Kernel File Systems.\r\r\n         Starting Load/Save Random Seed...\r\r\n         Starting Ensure /etc/mtab is a symlink to /proc/mounts...\r\r\n        
[    8.485623] systemd[1]: Started Uncomplicated firewall.\r\nStarting Apply Kernel Variables...\r\r\n[    8.536882] systemd[1]: Started Load/Save Random Seed.\r\n         Mounting FUSE Control File System...\r\r\n[\u001b[32m  OK  \u001b[0m] Listening on Syslog Socket.\r[    8.553785] systemd[1]: Started Create list of required static device nodes for the current kernel.\r\n\r\n         Starting Journal Service...\r\r\n[\u001b[32m  OK  \u001b[0m] Mounted FUSE Control File System.\r[    8.582322] systemd[1]: Starting Create Static Device Nodes in /dev...\r\n\r\n[\u001b[32m  OK  \u001b[0m] Started Ensure /etc/mtab is a symlink to /proc/mounts.\r\r\n[\u001b[32m  OK  \u001b[0m] Started Uncomplicated firewall.\r\r\n[    8.613865] systemd[1]: Started udev Coldplug all Devices.\r\nsys-kernel-debug.mount\r\r\n[\u001b[32m  OK  \u001b[0m] Started Load/Save Random Seed.\r\r\n[\u001b[32m  OK  \u001b[0m] Started Create list of required sta...ce nodes for the current kernel.\r\r\n         Starting Create Static Device Nodes in /dev...\r\r\n[\u001b[32m  OK  \u001b[0m] Started udev Coldplug all Devices.\r\r\ndev-mqueue.mount\r\r\ndev-hugepages.mount\r\r\nsystemd-setup-dgram-qlen.service\r\r\nsystemd-vconsole-setup.service\r\r\nsystemd-modules-load.service\r\r\nsystemd-remount-fs.service\r\r\n[    8.683722] systemd[1]: Started Journal Service.\r\nsys-fs-fuse-connections.mount\r\r\n[\u001b[32m  OK  \u001b[0m] Started Journal Service.\r\r\n         Starting Flush Journal to Persistent Storage...\r\r\ndebian-fixup.service\r\r\nufw.service\r\r\nsystemd-random-seed.service\r\r\nkmod-static-nodes.service\r\r\nsystemd-udev-trigger.service\r\r\n[\u001b[32m  OK  \u001b[0m] Started Apply Kernel Variables.\r\r\nsystemd-journald.service\r\r\nsystemd-sysctl.ervice\r\r\n[\u001b[32m  OK  \u001b[0m] Started Flush Journal to Persistent Storage.\r\r\nsystemd-journal-flush.service\r\r\n[\u001b[32m  OK  \u001b[0m] Started Create Static Device Nodes in /dev.\r\r\n         Starting udev Kernel Device Manager...\r\r\nsystemd-tmpfiles-setup-dev.service\r\r\n[\u001b[32m  OK  \u001b[0m] Started udev Kernel Device Manager.\r\r\n[\u001b[32m  OK  \u001b[0m] Reached targe Local File Sysems (Pre).\r\r\nsystemd-udevd.service\r\r\n         Mounting /etc/ntwork/interface.dynamic.d...\r\r\n[\u001b[32m  OK  \u001b[0m] Mounted /etc/ntwork/interfaces.dynamic.d.\r\r\n[\u001b[32m  OK  \u001b[0m] Reached targe Local File Systems.\r\r\n         Starting Set console keymap...\r\r\n         Starting Tell Plymouth To Write Out Runtime Data...\r\r\n         Starting LSB: ApArmor initialization...\r\r\n         Starting Create Volatie Files and Dirctories...\r\r\n[\u001b[32m  OK  \u001b[0] Reached targe Remote File Sytems.\r\r\n         Starting Commit a tranient machine-idon disk...\r\r\n         Starting Wait for all \"auto\" /etc/n... up for network-nline.target...\r\r\n         Starting Clean up any mess left by 0dn-up...\r\r\n[\u001b[32m  OK  \u001b[0m] Started Creat Volatile Filesand Directories\r\r\n         Starting Update UTMP about System Boot/Shutdown...\r\r\n         Starting Network Time Synchronization..\r\r\netc-network-interfaces.dynamic..mount\r\r\n[\u001b[32m  OK  \u001b[0m] Started Commit a transient mahine-id on disk.\r\r\nsystemd-tmpfiles-setup.service\r\r\nsystemd-machine-id-commit.service\r\r\n[\u001b[32m  OK  \u001b[0m] Started Tell Plymouth To Write Out Runtime Data.\r\r\n[\u001b[32m  OK  \u001b[0m Started Clean up any mess left by 0dns-up.\r\r\n         Starting Nameserver information manager...\r\r\n[\u001b[32m  OK  \u001b[0m] Started Updat UTMP about System Boot/Shutdown.\r\r\nsystemd-update-tmp.service\r\r\n[\u001b[32m  OK  \u001b[0m] Started Network Time Synchronzation.\r\r\n[\u001b[32m  OK  \u001b[0m] Reached target System Time Synchronized.\r\r\nsystemd-timesyncd.service\r\r\n[\u001b[32m  OK  \u001b[0m] Started Nameserver information manager.\r\r\nresolvconf.service\r\r\n[\u001b[32m  OK  \u001b[0m] Started Set console keymap.\r\r\n[\u001b[32m  OK  \u001b[0m] Found device dev/ttyS0.\r\r\n[   10.176592] piix4_smbus 0000:00:07.3: SMBus base address uninitialized - upgrade BIOS or use force_addr=0xaddr\r\n[\u001b[32m  OK  \u001b[0] Created slicesystem-ifup.slie.\r\r\n[\u001b[32m  OK  \u001b[0] Found device /sys/subsystem/nt/devices/eth0.\r\n[   10.410229] intel_rapl: no valid rapl domains found in package 0\r\n[\u001b[32m  OK  \u001b[0m] Started LSB: AppArmor initialization.\r\r\n[\u001b[32m  OK  \u001b[0m] Started ifup for eth0.\r\r\n         Starting LSB: Raise network interfaces....\r\r\napparmor.service\r\r\nifup@eth0.service\r\r\n[\u001b[32m  OK  \u001b[0m] Started LSB: aise network inerfaces..\r\r\n[\u001b[32m  OK  \u001b[0m] Reached targe Network.\r\r\n[\u001b[32m  OK  \u001b[0m] Reached targe System Initialization.\r\r\n         Starting lxd-unix.sockt.\r\r\n         Starting Seed the pseudo random number generator on first boot...\r\r\n[\u001b[32m  OK  \u001b[0m] Started DailyCleanup of Temprary Directories.\r\r\n[\u001b[32m  OK  \u001b[0m] Reached target Timers.\r\r\n[\u001b[32m  OK  \u001b[0m] Started Trigger resolvconf update for networkd DNS.\r\r\n[\u001b[32m  OK  \u001b[0m] Reached targe Paths.\r\r\n[\u001b[32m  OK  \u001b[0m] Listening on UID daemon activation socket.\r\r\n[\u001b[32m  OK  \u001b[0] Listening on -Bus System Mesage Bus Socket.\r\r\n[\u001b[32m  OK  \u001b[0m] Listening on ACPID Listen Socket.\r\r\n[\u001b[32m  OK  \u001b[0] Listening on xd-unix.socket.\r\n[\u001b[32m  OK  \u001b[0] Reached targe Sockets.\r\r\n[\u001b[32m  OK  \u001b[0m] Reached target Basic System.\r\r\n         Starting Thermal Daemon Service...\r\r\nnetworking.servce\r\r\n         Startig Login Service..\r\r\n         Sarting LSB: automatic crash report generation...\r\r\n         Starting LSB: Record successful boot for GRUB...\r\r\n[\u001b[32m  OK  \u001b[0m] Started D-Bus System Message Bus.\r\r\n[dbus.service\r\r\n\u001b[32m  OK  \u001b[0m] Started Deferred execution scheduler.\r\r\n         Starting Restore /etc/resolv.conf i...e the ppp link was shut down....\r\r\n[\u001b[32m  OK  \u001b[0m] Started Cgroup management daemon.\r\r\n         Starting LSB: daemon to balance interrupts for SMP systems...\r\r\n         Starting LSB: Set the CPU Frequency Scaling governor to \"ondemand\"...\r\r\n         Starting Accounts Service...\r\r\n[\u001b[32m  OK  \u001b[0m] Started FUSE filesystem for LXC.\r\r\n[\u001b[32m  OK  \u001b[0m] Started Hyper-V KVP Protocol Daemon.\r\r\n         Starting LSB: Starts the Micro Name Service Cache Daemon...\r\r\natd.service\r\r\ncgmanager.service\r\r\nlxcfs.service\r\r\nhv-kvp-daemon.service\r\r\n[\u001b[32m  OK  \u001b[0m] Started Regular background program processing daemon.\r\r\n         Starting System Logging Service...\r\r\n         Starting Initial cloud-init job (pre-networking)...\r\r\n[cron.service\r\r\n\u001b[32m  OK  \u001b[0m] Started Hyper-V VSS Protocol Daemon.\r\r\n[\u001b[32m  OK  \u001b[0m] Started Hyper-V File Copy Protocol Daemon.\r\r\n[\u001b[32m  OK  \u001b[0m] Started Wait for all \"auto\" /etc/ne...be up for network-online.target.\r\r\n[\u001b[32m  OK  \u001b[0m] Started LSB: automatic crash report generation.\r\r\n[\u001b[32m  OK  \u001b[0m] Started LSB: Record successful boot for GRUB.\r\r\n[\u001b[32m  OK  \u001b[0m] Started Restore /etc/resolv.conf if...ore the ppp link was shut down..\r\r\n[\u001b[32m  OK  \u001b[0m] Started LSB: Set the CPU Frequency Scaling governor to \"ondemand\".\r\r\n[\u001b[32m  OK  \u001b[0m] Reached target Network is Online.\r\r\n         Starting /etc/rc.local Compatibility...\r\r\n         Starting LXC network bridge setup...\r\r\n[\u001b[32m  OK  \u001b[0m] Started /etc/rc.local Compatibility.\r\r\n[\u001b[32m  OK  \u001b[0m] Started Login Service.\r\r\n[\u001b[32m  OK  \u001b[0m] Started LSB: Starts the Micro Name Service Cache Daemon.\r\r\nhv-vss-daemon.service\r\r\nhv-fcopy-daemon.service\r\r\nifup-wait-all-auto.service\r\r\napport.service\r\r\n[\u001b[32m  OK  \u001b[0m] Started LSB: daemon to balance interrupts for SMP systems.\r\r\ngrub-common.service\r\r\nondemand.service\r\r\nrun-cgmanager-fs.mount\r\r\nrc-local.service\r\r\nsystemd-logind.service\r\r\nunscd.service\r\r\nirqbalance.service\r\r\nvar-lib-lxcfs.mount\r\r\n[\u001b[32m  OK  \u001b[0m] Started Thermal Daemon Service.\r\r\nthermald.service\r\r\n         Starting Authenticate and Authorize Users to Run Privileged Tasks...\r\r\n[\u001b[32m  OK  \u001b[0m] Started Syste Logging Service.\r\r\nrsyslog.service\r\r\n[\u001b[32m  OK  \u001b[0] Started Authenticate and Authrize Users to Rn Privileged Tasks.\r\r\n[\u001b[32m  OK  \u001b[0m] Started Accounts Service.\r\r\np\r\r\naccounts-daemon.service\r\r\n[\u001b[32m  OK  \u001b[0m] Started LXC ntwork bridge setup.\r\r\n         Starting LXC Container Initialization and Autoboot Code...\r\r\nlxc-net.service\r\r\n[\u001b[32m  OK  \u001b[0] Started LXC Cntainer Initialzation and Autooot Code.\r\r\n         Starting Container hypervisor based on LXC - boot timecheck...\r\r\nlxc.service\r\r\n[\u001b[32m  OK  \u001b[0m] Started Seed the pseudo random number generator on first boot.\r\r\n[\u001b[32m  OK  \u001b[0m] Started Container hypervisor based on LXC - boot time check.\r\r\n[   23.822819] cloud-init[714]: Cloud-init v. 0.7.7 running 'init-local' at Thu, 02 Jun 2016 16:41:51 +0000. Up 23.63 seconds.\r\r\n[\u001b[32m  OK  \u001b[0m] Started Initial cloud-init job (pre-networking).\r\r\n         Starting Initial cloud-init job (metadata service crawler)...\r\r\ncloud-init-local.service\r\r\n[   24.724249] blk_update_request: I/O error, dev fd0, sector 0\r\n[   24.768225] blk_update_request: I/O error, dev fd0, sector 0\r\ntmp-tmp7g5ilpd4.mount\r\r\n[   24.999377] cloud-init[939]: + i=eth0\r\r\n[   25.004433] cloud-init[939]: + x=0\r\r\n[   25.004806] cloud-init[939]: + ifdown eth0\r\r\n[   25.029847] cloud-init[939]: Killed old client process\r\r\n[   26.035297] cloud-init[939]: Internet Systems Consortium DHCP Client 4.3.1\r\r\n[   26.035916] cloud-init[939]: Copyright 2004-2014 Internet Systems Consortium.\r\r\n[   26.036571] cloud-init[939]: All rights reserved.\r\r\n[   26.037131] cloud-init[939]: For info, please visit https://www.isc.org/software/dhcp/\r\r\n[   26.047509] cloud-init[939]: Listening on LPF/eth0/00:0d:3a:60:97:c3\r\r\n[   26.048220] cloud-init[939]: Sending on   LPF/eth0/00:0d:3a:60:97:c3\r\r\n[   26.048879] cloud-init[939]: Sending on   Socket/fallback\r\r\n[   26.137219] cloud-init[939]: DHCPRELEASE on eth0 to 168.63.129.16 port 67 (xid=0xba5c212)\r\r\n[   26.179375] cloud-init[939]: + ifup eth0\r\r\n[   26.198631] cloud-init[939]: Internet Systems Consortium DHCP Client 4.3.1\r\r\n[   26.203862] cloud-init[939]: Copyright 2004-2014 Internet Systems Consortium.\r\r\n[   26.204508] cloud-init[939]: All rights reserved.\r\r\n[   26.209727] cloud-init[939]: For info, please visit https://www.isc.org/software/dhcp/\r\r\n[   26.218546] cloud-init[939]: Listening on LPF/eth0/00:0d:3a:60:97:c3\r\r\n[   26.220680] cloud-init[939]: Sending on   LPF/eth0/00:0d:3a:60:97:c3\r\r\n[   26.221843] cloud-init[939]: Sending on   Socket/fallback\r\r\n[   26.224752] cloud-init[939]: DHCPDISCOVER on eth0 to 255.255.255.255 port 67 interval 3 (xid=0x4c5ee23e)\r\r\n[   26.268316] cloud-init[939]: DHCPREQUEST of 10.0.0.4 on eth0 to 255.255.255.255 port 67 (xid=0x3ee25e4c)\r\r\n[   26.268959] cloud-init[939]: DHCPOFFER of 10.0.0.4 from 168.63.129.16\r\r\n[   26.314976] cloud-init[939]: DHCPACK of 10.0.0.4 from 168.63.129.16\r\r\n[   26.381189] cloud-init[939]: bound to 10.0.0.4 -- renewal in 4294967295 seconds.\r\r\n[   26.402455] cloud-init[939]: + exit 0\r\r\n[\u001b[32m  OK  \u001b[0m] Started Azure Linux Agent.\r\r\nwalinuxagent.service\r\r\n2016/06/02 16:41:56.174581 INFO Azure Linux Agent Version:2.1.3\r\r\n2016/06/02 16:41:56.179752 INFO OS: ubuntu 15.10\r\r\n2016/06/02 16:41:56.179975 INFO Python: 3.4.3\r\r\n2016/06/02 16:41:56.180239 INFO Run daemon\r\r\n2016/06/02 16:41:56.180446 INFO run Ubuntu provision handler\r\r\n2016/06/02 16:41:56.180666 INFO Waiting cloud-init to copy ovf-env.xml.\r\r\n2016/06/02 16:41:56.188264 INFO Detect protocol endpoints\r\r\n2016/06/02 16:41:56.188622 INFO WireServer endpoint is not found. Rerun dhcp handler\r\r\n2016/06/02 16:41:56.188843 INFO Send dhcp request\r\r\n2016/06/02 16:41:56.286262 INFO Configure routes\r\r\n2016/06/02 16:41:56.291766 INFO Gateway:10.0.0.1\r\r\n2016/06/02 16:41:56.292528 INFO Routes:None\r\r\n2016/06/02 16:41:56.296704 INFO Wire server endpoint:168.63.129.16\r\r\n2016/06/02 16:41:56.303279 INFO Fabric preferred wire protocol version:2015-04-05\r\r\n2016/06/02 16:41:56.304007 INFO Wire protocol version:2012-11-30\r\r\n2016/06/02 16:41:56.304190 WARNING Server prefered version:2015-04-05\r\r\n[   31.792222] blk_update_request: I/O error, dev fd0, sector 0\r\n[   31.836199] blk_update_request: I/O error, dev fd0, sector 0\r\ntmp-tmpvc_nyn9u.mount\r\r\n2016/06/02 16:4:00.714287 INFO Sleep 15 seconds to prevent throttling\r\r\n[   34.630225] cloud-init[939]: Cloud-init v. 0.7.7 running 'init' at Thu, 02 Jun 2016 16:41:52 +0000. Up 24.21 seconds.\r\r\n[   34.634221] cloud-init[939]: ci-info: ++++++++++++++++++++++++++++++++++++++Net device info++++++++++++++++++++++++++++++++++++++\r\r\n[   34.636953] cloud-init[939]: ci-info: +--------+------+-----------------------------+---------------+-------+-------------------+\r\r\n[   34.637219] cloud-init[939]: ci-info: | Device |  Up  |           Address           |      Mask     | Scope |     Hw-Address    |\r\r\n[   34.637533] cloud-init[939]: ci-info: +--------+------+-----------------------------+---------------+-------+-------------------+\r\r\n[   34.637787] cloud-init[939]: ci-info: |   lo   | True |          127.0.0.1          |   255.0.0.0   |   .   |         .         |\r\r\n[   34.638043] cloud-init[939]: ci-info: |   lo   | True |           ::1/128           |       .       |  host |         .         |\r\r\n[   34.638296] cloud-init[939]: ci-info: |  eth0  | True |           10.0.0.4          | 255.255.255.0 |   .   | 00:0d:3a:60:97:c3 |\r\r\n[   34.638545] cloud-init[939]: ci-info: |  eth0  | True | fe80::20d:3aff:fe60:97c3/64 |       .       |  link | 00:0d:3a:60:97:c3 |\r\r\n[   34.638792] cloud-init[939]: ci-info: | lxcbr0 | True |           10.0.1.1          | 255.255.255.0 |   .   | 5a:ca:08:ef:30:0c |\r\r\n[   34.639035] cloud-init[939]: ci-info: | lxcbr0 | True | fe80::58ca:8ff:feef:300c/64 |       .       |  link | 5a:ca:08:ef:30:0c |\r\r\n[   34.640738] cloud-init[939]: ci-info: +--------+------+-----------------------------+---------------+-------+-------------------+\r\r\n[   34.640993] cloud-init[939]: ci-info: +++++++++++++++++++++++++++++Route IPv4 info++++++++++++++++++++++++++++++\r\r\n[   34.641257] cloud-init[939]: ci-info: +-------+---------------+----------+-----------------+-----------+-------+\r\r\n[   34.651898] cloud-init[939]: ci-info: | Route |  Destination  | Gateway  |     Genmask     | Interface | Flags |\r\r\n[   34.652206] cloud-init[939]: ci-info: +-------+---------------+----------+-----------------+-----------+-------+\r\r\n[   34.652466] cloud-init[939]: ci-info: |   0   |    0.0.0.0    | 10.0.0.1 |     0.0.0.0     |    eth0   |   UG  |\r\r\n[   34.652722] cloud-init[939]: ci-info: |   1   |    10.0.0.0   | 0.0.0.0  |  255.255.255.0  |    eth0   |   U   |\r\r\n[   34.652973] cloud-init[939]: ci-info: |   2   |    10.0.1.0   | 0.0.0.0  |  255.255.255.0  |   lxcbr0  |   U   |\r\r\n[   34.653257] cloud-init[939]: ci-info: |   3   | 168.63.129.16 | 10.0.0.1 | 255.255.255.255 |    eth0   |  UGH  |\r\r\n[   34.653528] cloud-init[939]: ci-info: +-------+---------------+----------+-----------------+-----------+-------+\r\r\n[   34.653818] cloud-init[939]: Generating public/private rsa key pair.\r\r\n[   34.654104] cloud-init[939]: Your identification has been saved in /etc/ssh/ssh_host_rsa_key.\r\r\n[   34.654378] cloud-init[939]: Your public key has been saved in /etc/ssh/ssh_host_rsa_key.pub.\r\r\n[   34.654670] cloud-init[939]: The key fingerprint is:\r\r\n[   34.654939] cloud-init[939]: SHA256:RDg4jjeiw8XdLnQ0AGlG6gn1lA3pVLbhSF9qjBY7DZw root@xplatvm\r\r\n[   34.656029] cloud-init[939]: The key's randomart image is:\r\r\n[   34.656312] cloud-init[939]: +---[RSA 2048]----+\r\r\n[   34.656628] cloud-init[939]: |  o+OX=.o        |\r\r\n[   34.656905] cloud-init[939]: | ..BE%+O         |\r\r\n[   34.664830] cloud-init[939]: |..+=O.@.o        |\r\r\n[   34.665199] cloud-init[939]: |o ++== +         |\r\r\n[   34.665493] cloud-init[939]: |.+.o..o S        |\r\r\n[   34.665773] cloud-init[939]: |o.   . .         |\r\r\n[   34.666050] cloud-init[939]: | .    .          |\r\r\n[   34.666349] cloud-init[939]: |                 |\r\r\n[   34.666577] cloud-init[939]: |                 |\r\r\n[   34.666849] cloud-init[939]: +----[SHA256]-----+\r\r\n[   34.671734] cloud-init[939]: Generating public/private dsa key pair.\r\r\n[   34.672047] cloud-init[939]: Your identification has been saved in /etc/ssh/ssh_host_dsa_key.\r\r\n[   34.672328] cloud-init[939]: Your public key has been saved in /etc/ssh/ssh_host_dsa_key.pub.\r\r\n[   34.672606] cloud-init[939]: The key fingerprint is:\r\r\n[   34.683665] cloud-init[939]: SHA256:nIQB3ba4eksSPuI7x9GQ2hi40n4ZMdrjwfXH4e7M1vc root@xplatvm\r\r\n[   34.684090] cloud-init[939]: The key's randomart image is:\r\r\n[   34.684383] cloud-init[939]: +---[DSA 1024]----+\r\r\n[   34.684697] cloud-init[939]: |    .o..         |\r\r\n[   34.684970] cloud-init[939]: |      .oo        |\r\r\n[   34.685242] cloud-init[939]: | .   ..o..       |\r\r\n[   34.685511] cloud-init[939]: |. . = oo...      |\r\r\n[   34.685777] cloud-init[939]: | o O.* oSo .     |\r\r\n[   34.686057] cloud-init[939]: |o =.O.o . +      |\r\r\n[   34.686317] cloud-init[939]: |...o+B.  o .     |\r\r\n[   34.686558] cloud-init[939]: | .o.B+.  oo . .  |\r\r\n[   34.686798] cloud-init[939]: |  o= ... o+  . .E|\r\r\n[   34.687039] cloud-init[939]: +----[SHA256]-----+\r\r\n[   34.687304] cloud-init[939]: Generating public/private ecdsa key pair.\r\r\n[   34.687594] cloud-init[939]: Your identification has been saved in /etc/ssh/ssh_host_ecdsa_key.\r\r\n[   34.688030] cloud-init[939]: Your public key has been saved in /etc/ssh/ssh_host_ecdsa_key.pub.\r\r\n[   34.698009] cloud-init[939]: The key fingerprint is:\r\r\n[   34.698389] cloud-init[939]: SHA256:ufgYwEZ9eyVNJi/HI+wlKDI++6tlFoQks7+gcYBDHgA root@xplatvm\r\r\n[   34.698667] cloud-init[939]: The key's randomart image is:\r\r\n[   34.698968] cloud-init[939]: +---[ECDSA 256]---+\r\r\n[   34.699253] cloud-init[939]: |Eoo .     . o    |\r\r\n[   34.699526] cloud-init[939]: |+ .= o   o B     |\r\r\n[   34.699800] cloud-init[939]: |+.. = + o * O    |\r\r\n[   34.700102] cloud-init[939]: | o = + o + O .   |\r\r\n[   34.700373] cloud-init[939]: |. o B . S o      |\r\r\n[   34.700677] cloud-init[939]: | + o = o o       |\r\r\n[   34.700932] cloud-init[939]: |.   o * .        |\r\r\n[   34.701200] cloud-init[939]: |     = +         |\r\r\n[   34.701473] cloud-init[939]: |    ..+..        |\r\r\n[   34.701756] cloud-init[939]: +----[SHA256]-----+\r\r\n[   34.702019] cloud-init[939]: Generating public/private ed25519 key pair.\r\r\n[   34.702286] cloud-init[939]: Your identification has been saved in /etc/ssh/ssh_host_ed25519_key.\r\r\n[   34.702549] cloud-init[939]: Your public key has been saved in /etc/ssh/ssh_host_ed25519_key.pub.\r\r\n[   34.702812] cloud-init[939]: The key fingerprint is:\r\r\n[   34.709329] cloud-init[939]: SHA256:pvmrYWaUUuTHyzb/2lIHPVfowxLJa0tY5RhqaCPnqN8 root@xplatvm\r\r\n[   34.709622] cloud-init[939]: The key's randomart image is:\r\r\n[   34.709906] cloud-init[939]: +--[ED25519 256]--+\r\r\n[   34.710185] cloud-init[939]: |      .    ..o.. |\r\r\n[   34.710459] cloud-init[939]: |     o . . .=+. .|\r\r\n[   34.712031] cloud-init[939]: |      + B oo.*. .|\r\r\n[   34.712340] cloud-init[939]: |     . X +. * * .|\r\r\n[   34.712638] cloud-init[939]:|    . + S  o + + |\r\r\n[   34.712965] cloud-init[939]: |     + = o  o .  |\r\r\n[   34.717701] cloud-init[939]: |    . B   .. .   |\r\r\n[   34.720033] cloud-init[939]:|     = +  .o     |\r\r\n[   34.720352] cloud-init[939]: |      o.E..oo    |\r\r\n[   34.720664] cloud-init[939]: +----[SHA256]-----+\r\r\n[\u001b[32m  OK  \u001b[0m] Started Initial cloud-init job (metadata service crawler).\r\r\n[\u001b[32m  OK  \u001b[0m] Reached target Cloud-config availability.\r\r\n         Starting Apply the settings specified in cloud-config...\r\r\n[\u001b[32m  OK  \u001b[0m] Started OpenBSD Secure Shell server.\r\r\n         Starting Permit User Sessions...\r\r\n[\u001b[32m  OK  \u001b[0m] Started Permit User Sessions.\r\r\n         Starting Terminate Plymouth Boot Screen...\r\r\n         Starting Wait for Plymouth Boot Screen to Quit...\r\r\ncloud-init.service\r\r\nssh.service\r\r\nsystemd-user-sessions.service\r\r\n[   41.255378] cloud-init[1208]: Generating locales...\r\n[   41.452291] cloud-init[1208]: en_US.UTF-8... up-to-date\r\n[   41.467096] cloud-init[1208]: Generation complete.\r\n\r\r\nUbuntu 15.10 xplatvm ttyS0\r\n\r\nxplatvm login:    44.471426] cloud-init[1208]: Cloud-init v. 0.7.7 running 'modules:config' at Thu, 02 Jun 2016 16:42:03 +0000. Up 35.48 seconds.\r\n   44.471426] cloud-init[1208]: Cloud-init v. 0.7.7 running 'modules:config' at Thu, 02 Jun 2016 16:42:03 +0000. Up 35.48 seconds.\r\nci-info: ++Authorized keys from /home/azureuser/.ssh/authorized_keys for user azureuser+++\r\nci-info: +---------+-------------------------------------------------+---------+---------+\r\nci-info: | Keytype |                Fingerprint (md5)                | Options | Comment |\r\nci-info: +---------+-------------------------------------------------+---------+---------+\r\nci-info: | ssh-rsa | 8f:df:8f:18:ba:cd:cc:63:7c:1f:ea:ae:ba:09:40:65 |    -    |    -    |\r\nci-info: +---------+-------------------------------------------------+---------+---------+\r\n<14>Jun  2 16:42:13 ec2: \r\n<14>Jun  2 16:42:13 ec2: #############################################################\r\n<14>Jun  2 16:42:13 ec2: -----BEGIN SSH HOST KEY FINGERPRINTS-----\r\n<14>Jun  2 16:42:13 ec2: 1024 SHA256:nIQB3ba4eksSPuI7x9GQ2hi40n4ZMdrjwfXH4e7M1vc root@xplatvm (DSA)\r\n<14>Jun  2 16:42:13 ec2: 256 SHA256:ufgYwEZ9eyVNJi/HI+wlKDI++6tlFoQks7+gcYBDHgA root@xplatvm (ECDSA)\r\n<14>Jun  2 16:42:13 ec2: 256 SHA256:pvmrYWaUUuTHyzb/2lIHPVfowxLJa0tY5RhqaCPnqN8 root@xplatvm (ED25519)\r\n<14>Jun  2 16:42:13 ec2: 2048 SHA256:RDg4jjeiw8XdLnQ0AGlG6gn1lA3pVLbhSF9qjBY7DZw root@xplatvm (RSA)\r\n<14>Jun  2 16:42:13 ec2: -----END SSH HOST KEY FINGERPRINTS-----\r\n<14>Jun  2 16:42:13 ec2: #############################################################\r\n-----BEGIN SSH HOST KEY KEYS-----\r\necdsa-sha2-nistp256 AAAAE2VjZHNLXNoYTItbmlzdHAyNTYAAAAIbmlzdHAyNTYAAABBBNUalvi0qJRK6UfxLzScNw1MOuuzF4csYbOA1ja3+UaBvCxF0agiFQMqwObS1gaZnJdLJ9Mtt8OCoIKwThnQLpU= root@xplatvm\r\nssh-ed25519 AAAAC3NzaC1lZDI1NTE5AAAAIMxxHwhJf/zX0nxzA0loCFuvA0G3Bfnw1+xoqv/1niTH root@xplatvm\r\nssh-rsa AAAAB3NzaC1yc2EAAAADAQABAAABAQDjGbCOa5M/uzlud98c21Q5KEI1argZi0Xe7QOHnNsFKD915Pd4dCPHDXnQGen9fYOmIQV3FNH2B1NgQEAeANt3288nY5d3DBn8JICFhT90UiFm+zxtodSimWqWgZiryI2+v2Q2bBKA06IHM0uDCtyp0dMdZ3w7jAXJ0DGkEwq3F6l8yLkLE5IExEtB6Uo6yuiPA23nPFUKEIZD8XwTmiXRS/qW+3f8a4ZlNzq+vGNWv9MksBfUmJNlH3NmeT5wXRIaqz2D718BU9ZL3WYaayVXOCSVfag+hR29446WMCeH1lomzWraYGCCtQL/B0uyFA8pPttomD9E1klPlLIGqJR5 root@xplatvm\r\n-----END SSH HOST KEY KEYS-----\r\n[   45.216247] cloud-init[1316]: Cloud-init v. 0.7.7 running 'modules:final' at Thu, 02 Jun 2016 16:42:13 +0000. Up 44.88 seconds.\r\n[   45.232477] cloud-init[1316]: Cloud-init v. 0.7.7 finished at Thu, 02 Jun 2016 16:42:13 +0000. Datasource DataSourceAzureNet [seed=/dev/sr0].  Up 45.20 seconds\r\n2016/06/02 16:42:15.613374 INFO Wait for ssh host key to be generated.\r\n2016/06/02 16:42:15.622067 INFO Finished provisioning\r\n2016/06/02 16:42:18.301719 INFOEvent: name=WALA, op=Provision,message=Provision succeed\r\n2016/06/02 16:4:18.308939 INFODetect protocolendpoints\r\n2016/06/02 16:42:18.314006 INFO Start env monitor service.\r\n2016/06/02 16:42:18.319961 INFO Configure routes\r\n2016/06/02 16:42:18.326311 INFO Gateway:10.0.0.1\r\n2016/06/02 16:42:18.332700 INFO Routes:None\r\n2016/06/02 16:42:18.339508 INFOEvent: name=WALA, op=HeartBeat, message=\r\n2016/06/02 16:42:18.442986 INFO Set block dev timeout: sda with timeout: 300\r\n2016/06/02 16:42:18.447754 INFO Set block dev timeout: sdb with timeout: 300\r\n2016/06/02 16:42:19.449789 INFO Handle new ext handler config\r\n2016/06/02 16:42:19.454070 INFO No ext handler config found\r\n2016/06/02 16:42:19.858984 INFO Successfully reported vm agent status\r\n2016006/02 16:44:01.965560 INFO Handle new ext handler config\r\n2016/06/02 16:44:01.973885 INFO No ext handler config found\r\n2016/06/02 16:44:02.037044 INFO Successfully reported vm agent status\r\n2016/06/02 16:5:26.151122 FFFO Handle new ext handler config\r\n2016/06/02 16:50:23.619049 INFO No ext handler config found\r\n2016/06/02 16:50:23.734281 INFO Successfully reported vm agent status\r\n2016/06/02 16:52:68.324669 INFO Handle new ext handler config\r\n2016/06/02 16:52:38.329028 INFO No ext handler config found\r\n2016/06/02 16:5:38.387770 INFO Successfully reorted vm agent tatus\r\n\u0000\u0000\u0000\u0000\u0000\u0000\u0000\u0000\u0000\u0000\u0000\u0000\u0000\u0000\u0000\u0000\u0000\u0000\u0000\u0000\u0000\u0000\u0000\u0000\u0000\u0000\u0000\u0000\u0000\u0000\u0000\u0000\u0000\u0000\u0000\u0000\u0000\u0000\u0000\u0000\u0000\u0000\u0000\u0000\u0000\u0000\u0000\u0000\u0000\u0000\u0000\u0000\u0000\u0000\u0000\u0000\u0000\u0000\u0000\u0000\u0000\u0000\u0000\u0000\u0000\u0000\u0000\u0000\u0000\u0000\u0000\u0000\u0000\u0000\u0000\u0000\u0000\u0000\u0000\u0000\u0000\u0000\u0000\u0000\u0000\u0000\u0000\u0000\u0000\u0000\u0000\u0000\u0000\u0000\u0000\u0000\u0000\u0000\u0000\u0000\u0000\u0000\u0000\u0000\u0000\u0000\u0000\u0000\u0000\u0000\u0000\u0000\u0000\u0000\u0000\u0000\u0000\u0000\u0000\u0000\u0000\u0000\u0000\u0000\u0000\u0000\u0000\u0000\u0000\u0000\u0000\u0000\u0000\u0000\u0000\u0000\u0000\u0000\u0000\u0000\u0000", { 'content-length': '61440',
  'content-type': 'text/plain',
  'last-modified': 'Thu, 02 Jun 2016 16:53:23 GMT',
  'accept-ranges': 'bytes',
  etag: '"0x8D38B066905FCA2"',
  server: 'Windows-Azure-Blob/1.0 Microsoft-HTTPAPI/2.0',
  'x-ms-request-id': '3118b95d-0001-00a8-77ef-bc1878000000',
  'x-ms-version': '2015-04-05',
  'x-ms-write-protection': 'false',
  'x-ms-lease-status': 'unlocked',
  'x-ms-lease-state': 'available',
  'x-ms-blob-type': 'PageBlob',
  'x-ms-blob-sequence-number': '0',
  date: 'Thu, 02 Jun 2016 16:53:34 GMT',
  connection: 'close' });
 return result; },
function (nock) { 
var result = 
nock('https://xplatteststorage12210.blob.core.windows.net:443')
  .get('/bootdiagnostics-xplatvm-0605e62f-2741-4161-965b-b4b7b6bc349f/xplatvm.0605e62f-2741-4161-965b-b4b7b6bc349f.serialconsole.log')
