// This file has been autogenerated.

var profile = require('../../../lib/util/profile');

exports.getMockedProfile = function () {
  var newProfile = new profile.Profile();

  newProfile.addSubscription(new profile.Subscription({
    id: 'cffbd00f-9edf-41f9-8f74-4a6ec260dcb8',
    name: 'VM Depot Main Subscription',
    user: {
      name: 'user@domain.example',
      type: 'user'
    },
    tenantId: '72f988bf-86f1-41af-91ab-2d7cd011db47',
    state: 'Enabled',
    registeredProviders: [],
    _eventsCount: '1',
    isDefault: true
  }, newProfile.environments['AzureCloud']));

  return newProfile;
};

exports.setEnvironment = function() {
  process.env['AZURE_VM_TEST_LOCATION'] = 'southeastasia';
  process.env['SSHCERT'] = 'test/myCert.pem';
};

exports.scopes = [[function (nock) { 
var result = 
nock('http://management.azure.com:443')
  .get('/subscriptions/cffbd00f-9edf-41f9-8f74-4a6ec260dcb8/resourceGroups/xplatTestGVMCreate1247/providers/Microsoft.Compute/virtualMachines/xplatvm?$expand=instanceView&api-version=2016-03-30')
  .reply(200, "{\r\n  \"properties\": {\r\n    \"vmId\": \"a4b05b7b-c6ad-4d91-b739-1f5d0f447375\",\r\n    \"availabilitySet\": {\r\n      \"id\": \"/subscriptions/cffbd00f-9edf-41f9-8f74-4a6ec260dcb8/resourceGroups/xplatTestGVMCreate1247/providers/Microsoft.Compute/availabilitySets/XPLATTESTAAVAIL5176\"\r\n    },\r\n    \"hardwareProfile\": {\r\n      \"vmSize\": \"Standard_D1\"\r\n    },\r\n    \"storageProfile\": {\r\n      \"imageReference\": {\r\n        \"publisher\": \"canonical\",\r\n        \"offer\": \"UbuntuServer\",\r\n        \"sku\": \"15.10\",\r\n        \"version\": \"latest\"\r\n      },\r\n      \"osDisk\": {\r\n        \"osType\": \"Linux\",\r\n        \"name\": \"cli61fb784468ec9ef4-os-1467208683412\",\r\n        \"createOption\": \"FromImage\",\r\n        \"vhd\": {\r\n          \"uri\": \"https://xplatteststorage13434.blob.core.windows.net/xplatteststoragecnt128/cli61fb784468ec9ef4-os-1467208683412.vhd\"\r\n        },\r\n        \"caching\": \"ReadWrite\"\r\n      },\r\n      \"dataDisks\": []\r\n    },\r\n    \"osProfile\": {\r\n      \"computerName\": \"xplatvm\",\r\n      \"adminUsername\": \"azureuser\",\r\n      \"linuxConfiguration\": {\r\n        \"disablePasswordAuthentication\": false,\r\n        \"ssh\": {\r\n          \"publicKeys\": [\r\n            {\r\n              \"path\": \"/home/azureuser/.ssh/authorized_keys\",\r\n              \"keyData\": \"MIID/zCCAuegAwIBAgIJAMUAa+XVLvAeMA0GCSqGSIb3DQEBBQUAMIGVMQswCQYD\\r\\nVQQGEwJJbjESMBAGA1UECAwJS2FybmF0YWthMRIwEAYDVQQHDAlCYW5nYWxvcmUx\\r\\nEDAOBgNVBAoMB2JyaWxsaW8xEjAQBgNVBAsMCW1pY3Jvc29mdDEQMA4GA1UEAwwH\\r\\nYnJpbGxpbzEmMCQGCSqGSIb3DQEJARYXc3JlZWthbnRoYnNAeWFob28uY28uaW4w\\r\\nHhcNMTUwMzA1MTE1MzEyWhcNMTYwMzA0MTE1MzEyWjCBlTELMAkGA1UEBhMCSW4x\\r\\nEjAQBgNVBAgMCUthcm5hdGFrYTESMBAGA1UEBwwJQmFuZ2Fsb3JlMRAwDgYDVQQK\\r\\nDAdicmlsbGlvMRIwEAYDVQQLDAltaWNyb3NvZnQxEDAOBgNVBAMMB2JyaWxsaW8x\\r\\nJjAkBgkqhkiG9w0BCQEWF3NyZWVrYW50aGJzQHlhaG9vLmNvLmluMIIBIjANBgkq\\r\\nhkiG9w0BAQEFAAOCAQ8AMIIBCgKCAQEAyUNKaOuT0NK+S8Ck81zy9xJ6hXfZvAC6\\r\\nlhbmf/6s/WVimJ/TX5NMhQJwC9k6ZIF92KfYrojHNvHDufSZ3EtKUVwRFCDjmgMT\\r\\nDL09WkGaZt7gROYFK0iZ4KrYGovUwlwum9fHB24OJiOV4bi0ek62/rHx9fjYZpvp\\r\\naIH2PV/hN8SCZ0x7HJMberD4gVoU/Kv42nNvwjLUW6IZfVx/Gv5OeFDtWHfSvUEF\\r\\ndadHKTPn3Ab20Iu6gZIbLO9Vuf38/IpaYGfnFCouHdzmiTiLieYNe3CUPcOJNSv7\\r\\n1G8KYpx3uNJRkJPab5OsRyJw75Gvzkr9OgaPss9tVD6Gt68u3WQtVQIDAQABo1Aw\\r\\nTjAdBgNVHQ4EFgQUogvhXB+xZ2JJPfLO6cVs4ForzscwHwYDVR0jBBgwFoAUogvh\\r\\nXB+xZ2JJPfLO6cVs4ForzscwDAYDVR0TBAUwAwEB/zANBgkqhkiG9w0BAQUFAAOC\\r\\nAQEAdDj7qUNJ45xlF5cjd+4x5NHvAD1VTjOKu+Xh/uzSSjXqB2F0aOMWA9lx0qaQ\\r\\noJgHkGxj3zz/W7ik/cVGL2O+vRIOKv/y0OPogEmS3Hw+P+O6OGE7x1G6YN0zLVoL\\r\\nu4BN/BEYmjttxM9I7qqL7C5cJoE+K3s/w1/pt/68ohJcr7F9Ohi7cso62xuGY1Rm\\r\\nksAh2EUDsU9JV/P+C9AMpLSrb03JJYzVj4w1RHbrmw2AjFyGXdQYkggyXisg+Ifr\\r\\n5gbNN7HigpHf7b2i3CQBUqp9m23frh5AhnLI2qp3UXgc52U5ieLdi/t6j0TTZqqY\\r\\nHhHqofKrj938HHlBNpC5/LVh3w==\\r\\n\"\r\n            }\r\n          ]\r\n        }\r\n      },\r\n      \"secrets\": []\r\n    },\r\n    \"networkProfile\": {\"networkInterfaces\":[{\"id\":\"/subscriptions/cffbd00f-9edf-41f9-8f74-4a6ec260dcb8/resourceGroups/xplatTestGVMCreate1247/providers/Microsoft.Network/networkInterfaces/xplattestnic\"}]},\r\n    \"diagnosticsProfile\": {\r\n      \"bootDiagnostics\": {\r\n        \"enabled\": true,\r\n        \"storageUri\": \"https://xplatteststorage13434.blob.core.windows.net/\"\r\n      }\r\n    },\r\n    \"provisioningState\": \"Succeeded\",\r\n    \"instanceView\": {\r\n      \"platformUpdateDomain\": 0,\r\n      \"platformFaultDomain\": 0,\r\n      \"vmAgent\": {\r\n        \"vmAgentVersion\": \"2.1.3\",\r\n        \"statuses\": [\r\n          {\r\n            \"code\": \"ProvisioningState/succeeded\",\r\n            \"level\": \"Info\",\r\n            \"displayStatus\": \"Ready\",\r\n            \"message\": \"Guest Agent is running\",\r\n            \"time\": \"2016-06-29T14:07:44+00:00\"\r\n          }\r\n        ],\r\n        \"extensionHandlers\": []\r\n      },\r\n      \"disks\": [\r\n        {\r\n          \"name\": \"cli61fb784468ec9ef4-os-1467208683412\",\r\n          \"statuses\": [\r\n            {\r\n              \"code\": \"ProvisioningState/succeeded\",\r\n              \"level\": \"Info\",\r\n              \"displayStatus\": \"Provisioning succeeded\",\r\n              \"time\": \"2016-06-29T13:58:06.190104+00:00\"\r\n            }\r\n          ]\r\n        }\r\n      ],\r\n      \"bootDiagnostics\": {\r\n        \"consoleScreenshotBlobUri\": \"https://xplatteststorage13434.blob.core.windows.net/bootdiagnostics-xplatvm-a4b05b7b-c6ad-4d91-b739-1f5d0f447375/xplatvm.a4b05b7b-c6ad-4d91-b739-1f5d0f447375.screenshot.bmp\",\r\n        \"serialConsoleLogBlobUri\": \"https://xplatteststorage13434.blob.core.windows.net/bootdiagnostics-xplatvm-a4b05b7b-c6ad-4d91-b739-1f5d0f447375/xplatvm.a4b05b7b-c6ad-4d91-b739-1f5d0f447375.serialconsole.log\"\r\n      },\r\n      \"statuses\": [\r\n        {\r\n          \"code\": \"ProvisioningState/succeeded\",\r\n          \"level\": \"Info\",\r\n          \"displayStatus\": \"Provisioning succeeded\",\r\n          \"time\": \"2016-06-29T13:59:35.8781758+00:00\"\r\n        },\r\n        {\r\n          \"code\": \"PowerState/running\",\r\n          \"level\": \"Info\",\r\n          \"displayStatus\": \"VM running\"\r\n        }\r\n      ]\r\n    }\r\n  },\r\n  \"id\": \"/subscriptions/cffbd00f-9edf-41f9-8f74-4a6ec260dcb8/resourceGroups/xplatTestGVMCreate1247/providers/Microsoft.Compute/virtualMachines/xplatvm\",\r\n  \"name\": \"xplatvm\",\r\n  \"type\": \"Microsoft.Compute/virtualMachines\",\r\n  \"location\": \"southeastasia\",\r\n  \"tags\": {\r\n    \"a\": \"b\",\r\n    \"b\": \"c\",\r\n    \"d\": \"\"\r\n  }\r\n}", { 'cache-control': 'no-cache',
  pragma: 'no-cache',
  'content-length': '5211',
  'content-type': 'application/json; charset=utf-8',
  expires: '-1',
  'strict-transport-security': 'max-age=31536000; includeSubDomains',
  'x-ms-served-by': 'e51ed969-f33c-4da7-b3ce-5a3cf70407e8_131097754838062447',
  'x-ms-request-id': '010c4c17-4cee-414c-b832-4641fb19fa43',
  server: 'Microsoft-HTTPAPI/2.0, Microsoft-HTTPAPI/2.0',
  'x-ms-ratelimit-remaining-subscription-reads': '13829',
  'x-ms-correlation-request-id': '3e74c69b-e6d1-44a2-b8e8-5eafcf74a4a2',
  'x-ms-routing-request-id': 'SOUTHINDIA:20160629T140756Z:3e74c69b-e6d1-44a2-b8e8-5eafcf74a4a2',
  date: 'Wed, 29 Jun 2016 14:07:56 GMT',
  connection: 'close' });
 return result; },
function (nock) { 
var result = 
nock('https://management.azure.com:443')
  .get('/subscriptions/cffbd00f-9edf-41f9-8f74-4a6ec260dcb8/resourceGroups/xplatTestGVMCreate1247/providers/Microsoft.Compute/virtualMachines/xplatvm?$expand=instanceView&api-version=2016-03-30')
  .reply(200, "{\r\n  \"properties\": {\r\n    \"vmId\": \"a4b05b7b-c6ad-4d91-b739-1f5d0f447375\",\r\n    \"availabilitySet\": {\r\n      \"id\": \"/subscriptions/cffbd00f-9edf-41f9-8f74-4a6ec260dcb8/resourceGroups/xplatTestGVMCreate1247/providers/Microsoft.Compute/availabilitySets/XPLATTESTAAVAIL5176\"\r\n    },\r\n    \"hardwareProfile\": {\r\n      \"vmSize\": \"Standard_D1\"\r\n    },\r\n    \"storageProfile\": {\r\n      \"imageReference\": {\r\n        \"publisher\": \"canonical\",\r\n        \"offer\": \"UbuntuServer\",\r\n        \"sku\": \"15.10\",\r\n        \"version\": \"latest\"\r\n      },\r\n      \"osDisk\": {\r\n        \"osType\": \"Linux\",\r\n        \"name\": \"cli61fb784468ec9ef4-os-1467208683412\",\r\n        \"createOption\": \"FromImage\",\r\n        \"vhd\": {\r\n          \"uri\": \"https://xplatteststorage13434.blob.core.windows.net/xplatteststoragecnt128/cli61fb784468ec9ef4-os-1467208683412.vhd\"\r\n        },\r\n        \"caching\": \"ReadWrite\"\r\n      },\r\n      \"dataDisks\": []\r\n    },\r\n    \"osProfile\": {\r\n      \"computerName\": \"xplatvm\",\r\n      \"adminUsername\": \"azureuser\",\r\n      \"linuxConfiguration\": {\r\n        \"disablePasswordAuthentication\": false,\r\n        \"ssh\": {\r\n          \"publicKeys\": [\r\n            {\r\n              \"path\": \"/home/azureuser/.ssh/authorized_keys\",\r\n              \"keyData\": \"MIID/zCCAuegAwIBAgIJAMUAa+XVLvAeMA0GCSqGSIb3DQEBBQUAMIGVMQswCQYD\\r\\nVQQGEwJJbjESMBAGA1UECAwJS2FybmF0YWthMRIwEAYDVQQHDAlCYW5nYWxvcmUx\\r\\nEDAOBgNVBAoMB2JyaWxsaW8xEjAQBgNVBAsMCW1pY3Jvc29mdDEQMA4GA1UEAwwH\\r\\nYnJpbGxpbzEmMCQGCSqGSIb3DQEJARYXc3JlZWthbnRoYnNAeWFob28uY28uaW4w\\r\\nHhcNMTUwMzA1MTE1MzEyWhcNMTYwMzA0MTE1MzEyWjCBlTELMAkGA1UEBhMCSW4x\\r\\nEjAQBgNVBAgMCUthcm5hdGFrYTESMBAGA1UEBwwJQmFuZ2Fsb3JlMRAwDgYDVQQK\\r\\nDAdicmlsbGlvMRIwEAYDVQQLDAltaWNyb3NvZnQxEDAOBgNVBAMMB2JyaWxsaW8x\\r\\nJjAkBgkqhkiG9w0BCQEWF3NyZWVrYW50aGJzQHlhaG9vLmNvLmluMIIBIjANBgkq\\r\\nhkiG9w0BAQEFAAOCAQ8AMIIBCgKCAQEAyUNKaOuT0NK+S8Ck81zy9xJ6hXfZvAC6\\r\\nlhbmf/6s/WVimJ/TX5NMhQJwC9k6ZIF92KfYrojHNvHDufSZ3EtKUVwRFCDjmgMT\\r\\nDL09WkGaZt7gROYFK0iZ4KrYGovUwlwum9fHB24OJiOV4bi0ek62/rHx9fjYZpvp\\r\\naIH2PV/hN8SCZ0x7HJMberD4gVoU/Kv42nNvwjLUW6IZfVx/Gv5OeFDtWHfSvUEF\\r\\ndadHKTPn3Ab20Iu6gZIbLO9Vuf38/IpaYGfnFCouHdzmiTiLieYNe3CUPcOJNSv7\\r\\n1G8KYpx3uNJRkJPab5OsRyJw75Gvzkr9OgaPss9tVD6Gt68u3WQtVQIDAQABo1Aw\\r\\nTjAdBgNVHQ4EFgQUogvhXB+xZ2JJPfLO6cVs4ForzscwHwYDVR0jBBgwFoAUogvh\\r\\nXB+xZ2JJPfLO6cVs4ForzscwDAYDVR0TBAUwAwEB/zANBgkqhkiG9w0BAQUFAAOC\\r\\nAQEAdDj7qUNJ45xlF5cjd+4x5NHvAD1VTjOKu+Xh/uzSSjXqB2F0aOMWA9lx0qaQ\\r\\noJgHkGxj3zz/W7ik/cVGL2O+vRIOKv/y0OPogEmS3Hw+P+O6OGE7x1G6YN0zLVoL\\r\\nu4BN/BEYmjttxM9I7qqL7C5cJoE+K3s/w1/pt/68ohJcr7F9Ohi7cso62xuGY1Rm\\r\\nksAh2EUDsU9JV/P+C9AMpLSrb03JJYzVj4w1RHbrmw2AjFyGXdQYkggyXisg+Ifr\\r\\n5gbNN7HigpHf7b2i3CQBUqp9m23frh5AhnLI2qp3UXgc52U5ieLdi/t6j0TTZqqY\\r\\nHhHqofKrj938HHlBNpC5/LVh3w==\\r\\n\"\r\n            }\r\n          ]\r\n        }\r\n      },\r\n      \"secrets\": []\r\n    },\r\n    \"networkProfile\": {\"networkInterfaces\":[{\"id\":\"/subscriptions/cffbd00f-9edf-41f9-8f74-4a6ec260dcb8/resourceGroups/xplatTestGVMCreate1247/providers/Microsoft.Network/networkInterfaces/xplattestnic\"}]},\r\n    \"diagnosticsProfile\": {\r\n      \"bootDiagnostics\": {\r\n        \"enabled\": true,\r\n        \"storageUri\": \"https://xplatteststorage13434.blob.core.windows.net/\"\r\n      }\r\n    },\r\n    \"provisioningState\": \"Succeeded\",\r\n    \"instanceView\": {\r\n      \"platformUpdateDomain\": 0,\r\n      \"platformFaultDomain\": 0,\r\n      \"vmAgent\": {\r\n        \"vmAgentVersion\": \"2.1.3\",\r\n        \"statuses\": [\r\n          {\r\n            \"code\": \"ProvisioningState/succeeded\",\r\n            \"level\": \"Info\",\r\n            \"displayStatus\": \"Ready\",\r\n            \"message\": \"Guest Agent is running\",\r\n            \"time\": \"2016-06-29T14:07:44+00:00\"\r\n          }\r\n        ],\r\n        \"extensionHandlers\": []\r\n      },\r\n      \"disks\": [\r\n        {\r\n          \"name\": \"cli61fb784468ec9ef4-os-1467208683412\",\r\n          \"statuses\": [\r\n            {\r\n              \"code\": \"ProvisioningState/succeeded\",\r\n              \"level\": \"Info\",\r\n              \"displayStatus\": \"Provisioning succeeded\",\r\n              \"time\": \"2016-06-29T13:58:06.190104+00:00\"\r\n            }\r\n          ]\r\n        }\r\n      ],\r\n      \"bootDiagnostics\": {\r\n        \"consoleScreenshotBlobUri\": \"https://xplatteststorage13434.blob.core.windows.net/bootdiagnostics-xplatvm-a4b05b7b-c6ad-4d91-b739-1f5d0f447375/xplatvm.a4b05b7b-c6ad-4d91-b739-1f5d0f447375.screenshot.bmp\",\r\n        \"serialConsoleLogBlobUri\": \"https://xplatteststorage13434.blob.core.windows.net/bootdiagnostics-xplatvm-a4b05b7b-c6ad-4d91-b739-1f5d0f447375/xplatvm.a4b05b7b-c6ad-4d91-b739-1f5d0f447375.serialconsole.log\"\r\n      },\r\n      \"statuses\": [\r\n        {\r\n          \"code\": \"ProvisioningState/succeeded\",\r\n          \"level\": \"Info\",\r\n          \"displayStatus\": \"Provisioning succeeded\",\r\n          \"time\": \"2016-06-29T13:59:35.8781758+00:00\"\r\n        },\r\n        {\r\n          \"code\": \"PowerState/running\",\r\n          \"level\": \"Info\",\r\n          \"displayStatus\": \"VM running\"\r\n        }\r\n      ]\r\n    }\r\n  },\r\n  \"id\": \"/subscriptions/cffbd00f-9edf-41f9-8f74-4a6ec260dcb8/resourceGroups/xplatTestGVMCreate1247/providers/Microsoft.Compute/virtualMachines/xplatvm\",\r\n  \"name\": \"xplatvm\",\r\n  \"type\": \"Microsoft.Compute/virtualMachines\",\r\n  \"location\": \"southeastasia\",\r\n  \"tags\": {\r\n    \"a\": \"b\",\r\n    \"b\": \"c\",\r\n    \"d\": \"\"\r\n  }\r\n}", { 'cache-control': 'no-cache',
  pragma: 'no-cache',
  'content-length': '5211',
  'content-type': 'application/json; charset=utf-8',
  expires: '-1',
  'strict-transport-security': 'max-age=31536000; includeSubDomains',
  'x-ms-served-by': 'e51ed969-f33c-4da7-b3ce-5a3cf70407e8_131097754838062447',
  'x-ms-request-id': '010c4c17-4cee-414c-b832-4641fb19fa43',
  server: 'Microsoft-HTTPAPI/2.0, Microsoft-HTTPAPI/2.0',
  'x-ms-ratelimit-remaining-subscription-reads': '13829',
  'x-ms-correlation-request-id': '3e74c69b-e6d1-44a2-b8e8-5eafcf74a4a2',
  'x-ms-routing-request-id': 'SOUTHINDIA:20160629T140756Z:3e74c69b-e6d1-44a2-b8e8-5eafcf74a4a2',
  date: 'Wed, 29 Jun 2016 14:07:56 GMT',
  connection: 'close' });
 return result; },
function (nock) { 
var result = 
nock('http://management.azure.com:443')
  .post('/subscriptions/cffbd00f-9edf-41f9-8f74-4a6ec260dcb8/resourceGroups/xplatTestGVMCreate1247/providers/Microsoft.Storage/storageAccounts/xplatteststorage13434/listKeys?api-version=2016-01-01')
  .reply(200, "{\"keys\":[{\"keyName\":\"key1\",\"permissions\":\"Full\",\"value\":\"22WVtzxGoisGBOu9Rram57qvIdTfroZ1QIkQ1j/YgVvZSqZ+Z/WctypzUQaY4hJ2srRPNQ6Vyv7/RqgHb+m2Cg==\"},{\"keyName\":\"key2\",\"permissions\":\"Full\",\"value\":\"OAp5uwIgEb3Dstq304HwHBjvjLS+QSsR4eK8s4wYqi0nWcwXWKbplS9wJc8skao9lBweMQjoge0VQVNVfbA4IQ==\"}]}\n", { 'cache-control': 'no-cache',
  pragma: 'no-cache',
  'content-length': '289',
  'content-type': 'application/json',
  expires: '-1',
  'x-ms-request-id': 'b90ba1e9-f863-439b-894e-58e82bcdb35d',
  server: 'Microsoft-Azure-Storage-Resource-Provider/1.0, Microsoft-HTTPAPI/2.0',
  'x-ms-ratelimit-remaining-subscription-writes': '1191',
  'x-ms-correlation-request-id': 'b90ba1e9-f863-439b-894e-58e82bcdb35d',
  'x-ms-routing-request-id': 'SOUTHINDIA:20160629T140757Z:b90ba1e9-f863-439b-894e-58e82bcdb35d',
  'strict-transport-security': 'max-age=31536000; includeSubDomains',
  date: 'Wed, 29 Jun 2016 14:07:57 GMT',
  connection: 'close' });
 return result; },
function (nock) { 
var result = 
nock('https://management.azure.com:443')
  .post('/subscriptions/cffbd00f-9edf-41f9-8f74-4a6ec260dcb8/resourceGroups/xplatTestGVMCreate1247/providers/Microsoft.Storage/storageAccounts/xplatteststorage13434/listKeys?api-version=2016-01-01')
  .reply(200, "{\"keys\":[{\"keyName\":\"key1\",\"permissions\":\"Full\",\"value\":\"22WVtzxGoisGBOu9Rram57qvIdTfroZ1QIkQ1j/YgVvZSqZ+Z/WctypzUQaY4hJ2srRPNQ6Vyv7/RqgHb+m2Cg==\"},{\"keyName\":\"key2\",\"permissions\":\"Full\",\"value\":\"OAp5uwIgEb3Dstq304HwHBjvjLS+QSsR4eK8s4wYqi0nWcwXWKbplS9wJc8skao9lBweMQjoge0VQVNVfbA4IQ==\"}]}\n", { 'cache-control': 'no-cache',
  pragma: 'no-cache',
  'content-length': '289',
  'content-type': 'application/json',
  expires: '-1',
  'x-ms-request-id': 'b90ba1e9-f863-439b-894e-58e82bcdb35d',
  server: 'Microsoft-Azure-Storage-Resource-Provider/1.0, Microsoft-HTTPAPI/2.0',
  'x-ms-ratelimit-remaining-subscription-writes': '1191',
  'x-ms-correlation-request-id': 'b90ba1e9-f863-439b-894e-58e82bcdb35d',
  'x-ms-routing-request-id': 'SOUTHINDIA:20160629T140757Z:b90ba1e9-f863-439b-894e-58e82bcdb35d',
  'strict-transport-security': 'max-age=31536000; includeSubDomains',
  date: 'Wed, 29 Jun 2016 14:07:57 GMT',
  connection: 'close' });
 return result; },
function (nock) { 
var result = 
nock('http://xplatteststorage13434.blob.core.windows.net:443')
  .head('/bootdiagnostics-xplatvm-a4b05b7b-c6ad-4d91-b739-1f5d0f447375/xplatvm.a4b05b7b-c6ad-4d91-b739-1f5d0f447375.serialconsole.log')
  .reply(200, "", { 'content-length': '60928',
  'content-type': 'text/plain',
  'last-modified': 'Wed, 29 Jun 2016 14:07:39 GMT',
  'accept-ranges': 'bytes',
  etag: '"0x8D3A026BAC79CAA"',
  server: 'Windows-Azure-Blob/1.0 Microsoft-HTTPAPI/2.0',
  'x-ms-request-id': 'f81a81e0-0001-0013-3f0f-d2437e000000',
  'x-ms-version': '2015-04-05',
  'x-ms-write-protection': 'false',
  'x-ms-lease-status': 'unlocked',
  'x-ms-lease-state': 'available',
  'x-ms-blob-type': 'PageBlob',
  'x-ms-blob-sequence-number': '0',
  date: 'Wed, 29 Jun 2016 14:07:56 GMT',
  connection: 'close' });
 return result; },
function (nock) { 
var result = 
nock('https://xplatteststorage13434.blob.core.windows.net:443')
  .head('/bootdiagnostics-xplatvm-a4b05b7b-c6ad-4d91-b739-1f5d0f447375/xplatvm.a4b05b7b-c6ad-4d91-b739-1f5d0f447375.serialconsole.log')
  .reply(200, "", { 'content-length': '60928',
  'content-type': 'text/plain',
  'last-modified': 'Wed, 29 Jun 2016 14:07:39 GMT',
  'accept-ranges': 'bytes',
  etag: '"0x8D3A026BAC79CAA"',
  server: 'Windows-Azure-Blob/1.0 Microsoft-HTTPAPI/2.0',
  'x-ms-request-id': 'f81a81e0-0001-0013-3f0f-d2437e000000',
  'x-ms-version': '2015-04-05',
  'x-ms-write-protection': 'false',
  'x-ms-lease-status': 'unlocked',
  'x-ms-lease-state': 'available',
  'x-ms-blob-type': 'PageBlob',
  'x-ms-blob-sequence-number': '0',
  date: 'Wed, 29 Jun 2016 14:07:56 GMT',
  connection: 'close' });
 return result; },
function (nock) { 
var result = 
nock('http://xplatteststorage13434.blob.core.windows.net:443')
  .get('/bootdiagnostics-xplatvm-a4b05b7b-c6ad-4d91-b739-1f5d0f447375/xplatvm.a4b05b7b-c6ad-4d91-b739-1f5d0f447375.serialconsole.log')
  .reply(200, "\u001b[H\u001b[J\u001b[1;1H[    0.000000] Initializing cgroup subsys cpuset\r\n[    0.000000] Initializing cgroup subsys cpu\r\n[    0.000000] Initializing cgroup subsys cpuacct\r\n[    0.000000] Linux version 4.2.0-41-generic (buildd@lgw01-52) (gcc version 5.2.1 20151010 (Ubuntu 5.2.1-22ubuntu2) ) #48-Ubuntu SMP Fri Jun 24 11:28:43 UTC 2016 (Ubuntu 4.2.0-41.48-generic 4.2.8-ckt11)\r\n[    0.000000] Command line: BOOT_IMAGE=/boot/vmlinuz-4.2.0-41-generic root=UUID=c6ca03a3-2d7b-430b-8769-5d086ee49acc ro console=tty1 console=ttyS0 earlyprintk=ttyS0 rootdelay=300\r\n[    0.000000] KERNEL supported cpus:\r\n[    0.000000]   Intel GenuineIntel\r\n[    0.000000]   AMD AuthenticAMD\r\n[    0.000000]   Centaur CentaurHauls\r\n[    0.000000] x86/fpu: xstate_offset[2]: 0240, xstate_sizes[2]: 0100\r\n[    0.000000] x86/fpu: Supporting XSAVE feature 0x01: 'x87 floating point registers'\r\n[    0.000000] x86/fpu: Supporting XSAVE feature 0x02: 'SSE registers'\r\n[    0.000000] x86/fpu: Supporting XSAVE feature 0x04: 'AVX registers'\r\n[    0.000000] x86/fpu: Enabled xstate features 0x7, context size is 0x340 bytes, using 'standard' format.\r\n[    0.000000] x86/fpu: Using 'eager' FPU context switches.\r\n[    0.000000] e820: BIOS-provided physical RAM map:\r\n[    0.000000] BIOS-e820: [mem 0x0000000000000000-0x000000000009fbff] usable\r\n[    0.000000] BIOS-e820: [mem 0x000000000009fc00-0x000000000009ffff] reserved\r\n[    0.000000] BIOS-e820: [mem 0x00000000000e0000-0x00000000000fffff] reserved\r\n[    0.000000] BIOS-e820: [mem 0x0000000000100000-0x000000001ffeffff] usable\r\n[    0.000000] BIOS-e820: [mem 0x000000001fff0000-0x000000001fffefff] ACPI data\r\n[    0.000000] BIOS-e820: [mem 0x000000001ffff000-0x000000001fffffff] ACPI NVS\r\n[    0.000000] BIOS-e820: [mem 0x0000000100000000-0x00000001bfffffff] usable\r\n[    0.000000] bootconsole [earlyser0] enabled\r\n[    0.000000] NX (Execute Disable) protection: active\r\n[    0.000000] SMBIOS 2.3 present.\r\n[    0.000000] Hypervisor detected: Microsoft HyperV\r\n[    0.000000] HyperV: features 0xe7f, hints 0x2c\r\n[    0.000000] HyperV: LAPIC Timer Frequency: 0xc3500\r\n[    0.000000] clocksource: hyperv_clocksource: mask: 0xffffffffffffffff max_cycles: 0x24e6a1710, max_idle_ns: 440795202120 ns\r\n[    0.000000] tsc: Marking TSC unstable due to running on Hyper-V\r\n[    0.000000] e820: last_pfn = 0x1c0000 max_arch_pfn = 0x400000000\r\n[    0.000000] x86/PAT: Configuration [0-7]: WB  WC  UC- UC  WB  WC  UC- WT  \r\n[    0.000000] e820: last_pfn = 0x1fff0 max_arch_pfn = 0x400000000\r\n[    0.000000] found SMP MP-table at [mem 0x000ff780-0x000ff78f] mapped at [ffff8800000ff780]\r\n[    0.000000] Scanning 1 areas for low memory corruption\r\n[    0.000000] init_memory_mapping: [mem 0x00000000-0x000fffff]\r\n[    0.000000] init_memory_mapping: [mem 0x1bfe00000-0x1bfffffff]\r\n[    0.000000] init_memory_mapping: [mem 0x1a0000000-0x1bfdfffff]\r\n[    0.000000] init_memory_mapping: [mem 0x00100000-0x1ffeffff]\r\n[    0.000000] init_memory_mapping: [mem 0x100000000-0x19fffffff]\r\n[    0.000000] RAMDISK: [mem 0x1d9ba000-0x1f789fff]\r\n[    0.000000] ACPI: Early table checksum verification disabled\r\n[    0.000000] ACPI: RSDP 0x00000000000F56F0 000014 (v00 ACPIAM)\r\n[    0.000000] ACPI: RSDT 0x000000001FFF0000 000040 (v01 VRTUAL MICROSFT 05001223 MSFT 00000097)\r\n[    0.000000] ACPI: FACP 0x000000001FFF0200 000081 (v02 VRTUAL MICROSFT 05001223 MSFT 00000097)\r\n[    0.000000] ACPI: DSDT 0x000000001FFF1724 002E78 (v01 MSFTVM MSFTVM02 00000002 INTL 02002026)\r\n[    0.000000] ACPI: FACS 0x000000001FFFF000 000040\r\n[    0.000000] ACPI: WAET 0x000000001FFF1480 000028 (v01 VRTUAL MICROSFT 05001223 MSFT 00000097)\r\n[    0.000000] ACPI: SLIC 0x000000001FFF14C0 000176 (v01 VRTUAL MICROSFT 05001223 MSFT 00000097)\r\n[    0.000000] ACPI: OEM0 0x000000001FFF16C0 000064 (v01 VRTUAL MICROSFT 05001223 MSFT 00000097)\r\n[    0.000000] ACPI: SRAT 0x000000001FFF0600 000090 (v02 VRTUAL MICROSFT 00000001 MSFT 00000001)\r\n[    0.000000] ACPI: APIC 0x000000001FFF0300 00024C (v01 VRTUAL MICROSFT 05001223 MSFT 00000097)\r\n[    0.000000] ACPI: OEMB 0x000000001FFFF040 000064 (v01 VRTUAL MICROSFT 05001223 MSFT 00000097)\r\n[    0.000000] SRAT: PXM 0 -> APIC 0x00 -> Node 0\r\n[    0.000000] SRAT: Node 0 PXM 0 [mem 0x00000000-0x1fffffff]\r\n[    0.000000] SRAT: Node 0 PXM 0 [mem 0x100000000-0x1bfffffff]\r\n[    0.000000] NUMA: Node 0 [mem 0x00000000-0x1fffffff] + [mem 0x100000000-0x1bfffffff] -> [mem 0x00000000-0x1bfffffff]\r\n[    0.000000] NODE_DATA(0) allocated [mem 0x1bfffa000-0x1bfffefff]\r\n[    0.000000] Zone ranges:\r\n[    0.000000]   DMA      [mem 0x0000000000001000-0x0000000000ffffff]\r\n[    0.000000]   DMA32    [mem 0x0000000001000000-0x00000000ffffffff]\r\n[    0.000000]   Normal   [mem 0x0000000100000000-0x00000001bfffffff]\r\n[    0.000000] Movable zone start for each node\r\n[    0.000000] Early memory node ranges\r\n[    0.000000]   node   0: [mem 0x0000000000001000-0x000000000009efff]\r\n[    0.000000]   node   0: [mem 0x0000000000100000-0x000000001ffeffff]\r\n[    0.000000]   node   0: [mem 0x0000000100000000-0x00000001bfffffff]\r\n[    0.000000] Initmem setup node 0 [mem 0x0000000000001000-0x00000001bfffffff]\r\n[    0.000000] ACPI: PM-Timer IO Port: 0x408\r\n[    0.000000] IOAPIC[0]: apic_id 0, version 17, address 0xfec00000, GSI 0-23\r\n[    0.000000] ACPI: INT_SRC_OVR (bus 0 bus_irq 0 global_irq 2 dfl dfl)\r\n[    0.000000] ACPI: INT_SRC_OVR (bus 0 bus_irq 9 global_irq 9 high level)\r\n[    0.000000] Using ACPI (MADT) for SMP configuration information\r\n[    0.000000] smpboot: Allowing 64 CPUs, 63 hotplug CPUs\r\n[    0.000000] PM: Registered nosave memory: [mem 0x00000000-0x00000fff]\r\n[    0.000000] PM: Registered nosave memory: [mem 0x0009f000-0x0009ffff]\r\n[    0.000000] PM: Registered nosave memory: [mem 0x000a0000-0x000dffff]\r\n[    0.000000] PM: Registered nosave memory: [mem 0x000e0000-0x000fffff]\r\n[    0.000000] PM: Registered nosave memory: [mem 0x1fff0000-0x1fffefff]\r\n[    0.000000] PM: Registered nosave memory: [mem 0x1ffff000-0x1fffffff]\r\n[    0.000000] PM: Registered nosave memory: [mem 0x20000000-0xffffffff]\r\n[    0.000000] e820: [mem 0x20000000-0xffffffff] available for PCI devices\r\n[    0.000000] Booting paravirtualized kernel on bare hardware\r\n[    0.000000] clocksource: refined-jiffies: mask: 0xffffffff max_cycles: 0xffffffff, max_idle_ns: 7645519600211568 ns\r\n[    0.000000] setup_percpu: NR_CPUS:256 nr_cpumask_bits:256 nr_cpu_ids:64 nr_node_ids:1\r\n[    0.000000] PERCPU: Embedded 33 pages/cpu @ffff8801bae00000 s96728 r8192 d30248 u262144\r\n[    0.000000] Built 1 zonelists in Node order, mobility grouping on.  Total pages: 903033\r\n[    0.000000] Policy zone: Normal\r\n[    0.000000] Kernel command line: BOOT_IMAGE=/boot/vmlinuz-4.2.0-41-generic root=UUID=c6ca03a3-2d7b-430b-8769-5d086ee49acc ro console=tty1 console=ttyS0 earlyprintk=ttyS0 rootdelay=300\r\n[    0.000000] log_buf_len individual max cpu contribution: 4096 bytes\r\n[    0.000000] log_buf_len total cpu_extra contributions: 258048 bytes\r\n[    0.000000] log_buf_len min size: 262144 bytes\r\n[    0.000000] log_buf_len: 524288 bytes\r\n[    0.000000] early log buf free: 252360(96%)\r\n[    0.000000] PID hash table entries: 4096 (order: 3, 32768 bytes)\r\n[    0.000000] Memory: 3487924K/3669560K available (8186K kernel code, 1239K rwdata, 3808K rodata, 1464K init, 1292K bss, 181636K reserved, 0K cma-reserved)\r\n[    0.000000] SLUB: HWalign=64, Order=0-3, MinObjects=0, CPUs=64, Nodes=1\r\n[    0.000000] Hierarchical RCU implementation.\r\n[    0.000000] \tBuild-time adjustment of leaf fanout to 64.\r\n[    0.000000] \tRCU restricting CPUs from NR_CPUS=256 to nr_cpu_ids=64.\r\n[    0.000000] RCU: Adjusting geometry for rcu_fanout_leaf=64, nr_cpu_ids=64\r\n[    0.000000] NR_IRQS:16640 nr_irqs:936 16\r\n[    0.000000] \tOffload RCU callbacks from all CPUs\r\n[    0.000000] \tOffload RCU callbacks from CPUs: 0-63.\r\n[    0.000000] Console: colour VGA+ 80x25\r\n[    0.000000] console [tty1] enabled\r\n[    0.000000] console [ttyS0] enabled\r\n[    0.000000] console [ttyS0] enabled\r\n[    0.000000] bootconsole [earlyser0] disabled\r\n[    0.000000] bootconsole [earlyser0] disabled\r\n[    0.000000] tsc: Fast TSC calibration failed\r\n[    0.000000] tsc: Unable to calibrate against PIT\r\n[    0.000000] tsc: using PMTIMER reference calibration\r\n[    0.000000] tsc: Detected 2394.453 MHz processor\r\n[    0.016035] Calibrating delay loop (skipped), value calculated using timer frequency.. 4788.90 BogoMIPS (lpj=9577812)\r\n[    0.021356] pid_max: default: 65536 minimum: 512\r\n[    0.024032] ACPI: Core revision 20150619\r\n[    0.027316] ACPI: All ACPI Tables successfully acquired\r\n[    0.030312] Security Framework initialized\r\n[    0.032067] AppArmor: AppArmor initialized\r\n[    0.033443] Yama: becoming mindful.\r\n[    0.035115] Dentry cache hash table entries: 524288 (order: 10, 4194304 bytes)\r\n[    0.036919] Inode-cache hash table entries: 262144 (order: 9, 2097152 bytes)\r\n[    0.040425] Mount-cache hash table entries: 8192 (order: 4, 65536 bytes)\r\n[    0.042136] Mountpoint-cache hash table entries: 8192 (order: 4, 65536 bytes)\r\n[    0.044321] Initializing cgroup subsys blkio\r\n[    0.045787] Initializing cgroup subsys memory\r\n[    0.047208] Initializing cgroup subsys devices\r\n[    0.048025] Initializing cgroup subsys freezer\r\n[    0.049478] Initializing cgroup subsys net_cls\r\n[    0.052023] Initializing cgroup subsys perf_event\r\n[    0.053469] Initializing cgroup subsys net_prio\r\n[    0.054882] Initializing cgroup subsys hugetlb\r\n[    0.057192] mce: CPU supports 1 MCE banks\r\n[    0.058634] Last level iTLB entries: 4KB 1024, 2MB 1024, 4MB 1024\r\n[    0.060019] Last level dTLB entries: 4KB 1024, 2MB 1024, 4MB 1024, 1GB 4\r\n[    0.079183] ftrace: allocating 30955 entries in 121 pages\r\n[    0.092115] Switched APIC routing to physical flat.\r\n[    0.109294] ..TIMER: vector=0x30 apic1=0 pin1=2 apic2=-1 pin2=-1\r\n[    0.112117] smpboot: CPU0: Intel(R) Xeon(R) CPU E5-2673 v3 @ 2.40GHz (fam: 06, model: 3f, stepping: 02)\r\n[    0.128035] Performance Events: unsupported p6 CPU model 63 no PMU driver, software events only.\r\n[    0.144664] x86: Booted up 1 node, 1 CPUs\r\n[    0.148004] smpboot: Total of 1 processors activated (4788.90 BogoMIPS)\r\n[    0.152006] NMI watchdog: disabled (cpu0): hardware events not enabled\r\n[    0.156004] NMI watchdog: Shutting down hard lockup detector on all cpus\r\n[    0.162338] devtmpfs: initialized\r\n[    0.169656] evm: security.selinux\r\n[    0.172003] evm: security.SMACK64\r\n[    0.176001] evm: security.SMACK64EXEC\r\n[    0.180001] evm: security.SMACK64TRANSMUTE\r\n[    0.184001] evm: security.SMACK64MMAP\r\n[    0.188004] evm: security.ima\r\n[    0.192001] evm: security.capability\r\n[    0.196091] PM: Registering ACPI NVS region [mem 0x1ffff000-0x1fffffff] (4096 bytes)\r\n[    0.200113] clocksource: jiffies: mask: 0xffffffff max_cycles: 0xffffffff, max_idle_ns: 7645041785100000 ns\r\n[    0.204228] pinctrl core: initialized pinctrl subsystem\r\n[    0.208376] RTC time: 13:58:50, date: 06/29/16\r\n[    0.216053] NET: Registered protocol family 16\r\n[    0.220205] cpuidle: using governor ladder\r\n[    0.224007] cpuidle: using governor menu\r\n[    0.228114] ACPI: bus type PCI registered\r\n[    0.232003] acpiphp: ACPI Hot Plug PCI Controller Driver version: 0.5\r\n[    0.236350] PCI: Using configuration type 1 for base access\r\n[    0.241637] ACPI: Added _OSI(Module Device)\r\n[    0.244004] ACPI: Added _OSI(Processor Device)\r\n[    0.248001] ACPI: Added _OSI(3.0 _SCP Extensions)\r\n[    0.252002] ACPI: Added _OSI(Processor Aggregator Device)\r\n[    0.260503] ACPI: Interpreter enabled\r\n[    0.264009] ACPI Exception: AE_NOT_FOUND, While evaluating Sleep State [\\_S1_] (20150619/hwxface-580)\r\n[    0.276002] ACPI Exception: AE_NOT_FOUND, While evaluating Sleep State [\\_S2_] (20150619/hwxface-580)\r\n[    0.288002] ACPI Exception: AE_NOT_FOUND, While evaluating Sleep State [\\_S3_] (20150619/hwxface-580)\r\n[    0.300003] ACPI Exception: AE_NOT_FOUND, While evaluating Sleep State [\\_S4_] (20150619/hwxface-580)\r\n[    0.312008] ACPI: (supports S0 S5)\r\n[    0.316003] ACPI: Using IOAPIC for interrupt routing\r\n[    0.320038] PCI: Using host bridge windows from ACPI; if necessary, use \"pci=nocrs\" and report a bug\r\n[    0.335994] ACPI: PCI Root Bridge [PCI0] (domain 0000 [bus 00-ff])\r\n[    0.336007] acpi PNP0A03:00: _OSC: OS supports [ASPM ClockPM Segments MSI]\r\n[    0.340006] acpi PNP0A03:00: _OSC failed (AE_NOT_FOUND); disabling ASPM\r\n[    0.344467] acpi PNP0A03:00: fail to add MMCONFIG information, can't access extended PCI configuration space under this bridge.\r\n[    0.348120] PCI host bridge to bus 0000:00\r\n[    0.352004] pci_bus 0000:00: root bus resource [bus 00-ff]\r\n[    0.356003] pci_bus 0000:00: root bus resource [mem 0xfe0000000-0xfffefffff window]\r\n[    0.360010] pci_bus 0000:00: root bus resource [io  0x0000-0x0cf7 window]\r\n[    0.364003] pci_bus 0000:00: root bus resource [io  0x0d00-0xffff window]\r\n[    0.368003] pci_bus 0000:00: root bus resource [mem 0x000a0000-0x000bffff window]\r\n[    0.372003] pci_bus 0000:00: root bus resource [mem 0x20000000-0xfffbffff window]\r\n[    0.382919] pci 0000:00:07.1: legacy IDE quirk: reg 0x10: [io  0x01f0-0x01f7]\r\n[    0.384003] pci 0000:00:07.1: legacy IDE quirk: reg 0x14: [io  0x03f6]\r\n[    0.388004] pci 0000:00:07.1: legacy IDE quirk: reg 0x18: [io  0x0170-0x0177]\r\n[    0.392003] pci 0000:00:07.1: legacy IDE quirk: reg 0x1c: [io  0x0376]\r\n[    0.400130] * Found PM-Timer Bug on the chipset. Due to workarounds for a bug,\r\n[    0.400130] * this clock source is slow. Consider trying other clock sources\r\n[    0.409620] pci 0000:00:07.3: quirk: [io  0x0400-0x043f] claimed by PIIX4 ACPI\r\n[    0.420272] ACPI: PCI Interrupt Link [LNKA] (IRQs 3 4 5 7 9 10 *11 12 14 15)\r\n[    0.445860] ACPI: PCI Interrupt Link [LNKB] (IRQs 3 4 5 7 9 10 11 12 14 15) *0, disabled.\r\n[    0.473703] ACPI: PCI Interrupt Link [LNKC] (IRQs 3 4 5 7 9 10 11 12 14 15) *0, disabled.\r\n[    0.501696] ACPI: PCI Interrupt Link [LNKD] (IRQs 3 4 5 7 9 10 11 12 14 15) *0, disabled.\r\n[    0.529727] ACPI: Enabled 1 GPEs in block 00 to 0F\r\n[    0.532169] vgaarb: setting as boot device: PCI:0000:00:08.0\r\n[    0.536000] vgaarb: device added: PCI:0000:00:08.0,decodes=io+mem,owns=io+mem,locks=none\r\n[    0.536006] vgaarb: loaded\r\n[    0.540001] vgaarb: bridge control possible 0000:00:08.0\r\n[    0.544305] SCSI subsystem initialized\r\n[    0.548163] ACPI: bus type USB registered\r\n[    0.552028] usbcore: registered new interface driver usbfs\r\n[    0.556017] usbcore: registered new interface driver hub\r\n[    0.560039] usbcore: registered new device driver usb\r\n[    0.564202] PCI: Using ACPI for IRQ routing\r\n[    0.568488] NetLabel: Initializing\r\n[    0.572002] NetLabel:  domain hash size = 128\r\n[    0.576001] NetLabel:  protocols = UNLABELED CIPSOv4\r\n[    0.580021] NetLabel:  unlabeled traffic allowed by default\r\n[    0.584121] clocksource: Switched to clocksource hyperv_clocksource\r\n[    0.603223] AppArmor: AppArmor Filesystem Enabled\r\n[    0.612515] pnp: PnP ACPI init\r\n[    0.620634] system 00:06: [io  0x01e0-0x01ef] has been reserved\r\n[    0.632093] system 00:06: [io  0x0160-0x016f] has been reserved\r\n[    0.643184] system 00:06: [io  0x0278-0x027f] has been reserved\r\n[    0.654347] system 00:06: [io  0x0378-0x037f] has been reserved\r\n[    0.665345] system 00:06: [io  0x0678-0x067f] has been reserved\r\n[    0.676406] system 00:06: [io  0x0778-0x077f] has been reserved\r\n[    0.687535] system 00:06: [io  0x04d0-0x04d1] has been reserved\r\n[    0.698800] system 00:07: [io  0x0400-0x043f] has been reserved\r\n[    0.709930] system 00:07: [io  0x0370-0x0371] has been reserved\r\n[    0.721139] system 00:07: [io  0x0440-0x044f] has been reserved\r\n[    0.732239] system 00:07: [mem 0xfec00000-0xfec00fff] could not be reserved\r\n[    0.745109] system 00:07: [mem 0xfee00000-0xfee00fff] has been reserved\r\n[    0.757773] system 00:08: [mem 0x00000000-0x0009ffff] could not be reserved\r\n[    0.770697] system 00:08: [mem 0x000c0000-0x000dffff] could not be reserved\r\n[    0.783521] system 00:08: [mem 0x000e0000-0x000fffff] could not be reserved\r\n[    0.796368] system 00:08: [mem 0x00100000-0x1fffffff] could not be reserved\r\n[    0.809163] system 00:08: [mem 0xfffc0000-0xffffffff] has been reserved\r\n[    0.821708] pnp: PnP ACPI: found 9 devices\r\n[    0.835837] clocksource: acpi_pm: mask: 0xffffff max_cycles: 0xffffff, max_idle_ns: 2085701024 ns\r\n[    0.852249] NET: Registered protocol family 2\r\n[    0.861264] TCP established hash table entries: 32768 (order: 6, 262144 bytes)\r\n[    0.874845] TCP bind hash table entries: 32768 (order: 7, 524288 bytes)\r\n[    0.887140] TCP: Hash tables configured (established 32768 bind 32768)\r\n[    0.899376] UDP hash table entries: 2048 (order: 4, 65536 bytes)\r\n[    0.910643] UDP-Lite hash table entries: 2048 (order: 4, 65536 bytes)\r\n[    0.922906] NET: Registered protocol family 1\r\n[    0.931539] pci 0000:00:00.0: Limiting direct PCI/PCI transfers\r\n[    0.942884] Trying to unpack rootfs image as initramfs...\r\n[    1.514013] Freeing initrd memory: 30528K (ffff88001d9ba000 - ffff88001f78a000)\r\n[    1.528617] PCI-DMA: Using software bounce buffering for IO (SWIOTLB)\r\n[    1.541635] software IO TLB [mem 0x199ba000-0x1d9ba000] (64MB) mapped at [ffff8800199ba000-ffff88001d9b9fff]\r\n[    1.560929] clocksource: tsc: mask: 0xffffffffffffffff max_cycles: 0x2283bf4e6f2, max_idle_ns: 440795216136 ns\r\n[    1.580916] RAPL PMU detected, API unit is 2^-32 Joules, 3 fixed counters 10737418240 ms ovfl timer\r\n[    1.598844] hw unit of domain pp0-core 2^-0 Joules\r\n[    1.608892] hw unit of domain package 2^-0 Joules\r\n[    1.618449] hw unit of domain dram 2^-16 Joules\r\n[    1.627708] microcode: CPU0 sig=0x306f2, pf=0x1, revision=0xffffffff\r\n[    1.639924] microcode: Microcode Update Driver: v2.00 <tigran@aivazian.fsnet.co.uk>, Peter Oruba\r\n[    1.656132] Scanning for low memory corruption every 60 seconds\r\n[    1.668398] futex hash table entries: 16384 (order: 8, 1048576 bytes)\r\n[    1.680625] Initialise system trusted keyring\r\n[    1.689270] audit: initializing netlink subsys (disabled)\r\n[    1.699616] audit: type=2000 audit(1467208730.696:1): initialized\r\n[    1.711597] HugeTLB registered 2 MB page size, pre-allocated 0 pages\r\n[    1.725087] zpool: loaded\r\n[    1.730886] zbud: loaded\r\n[    1.736557] VFS: Disk quotas dquot_6.6.0\r\n[    1.744585] VFS: Dquot-cache hash table entries: 512 (order 0, 4096 bytes)\r\n[    1.758161] fuse init (API version 7.23)\r\n[    1.766210] Key type big_key registered\r\n[    1.774097] Key type asymmetric registered\r\n[    1.782225] Asymmetric key parser 'x509' registered\r\n[    1.791655] Block layer SCSI generic (bsg) driver version 0.4 loaded (major 249)\r\n[    1.805395] io scheduler noop registered\r\n[    1.813193] io scheduler deadline registered (default)\r\n[    1.823056] io scheduler cfq registered\r\n[    1.830783] pci_hotplug: PCI Hot Plug PCI Core version: 0.5\r\n[    1.841307] pciehp: PCI Express Hot Plug Controller Driver version: 0.4\r\n[    1.853812] input: Power Button as /devices/LNXSYSTM:00/LNXPWRBN:00/input/input0\r\n[    1.867534] ACPI: Power Button [PWRF]\r\n[    1.875221] GHES: HEST is not enabled!\r\n[    1.882793] Serial: 8250/16550 driver, 32 ports, IRQ sharing enabled\r\n[    1.934043] 00:03: ttyS0 at I/O 0x3f8 (irq = 4, base_baud = 115200) is a 16550A\r\n[    1.986698] 00:04: ttyS1 at I/O 0x2f8 (irq = 3, base_baud = 115200) is a 16550A\r\n[    2.001382] Linux agpgart interface v0.103\r\n[    2.011930] brd: module loaded\r\n[    2.019759] loop: module loaded\r\n[    2.026799] ata_piix 0000:00:07.1: Hyper-V Virtual Machine detected, ATA device ignore set\r\n[    2.043883] scsi host0: ata_piix\r\n[    2.050807] scsi host1: ata_piix\r\n[    2.057488] ata1: PATA max UDMA/33 cmd 0x1f0 ctl 0x3f6 bmdma 0xffa0 irq 14\r\n[    2.070427] ata2: PATA max UDMA/33 cmd 0x170 ctl 0x376 bmdma 0xffa8 irq 15\r\n[    2.084216] libphy: Fixed MDIO Bus: probed\r\n[    2.093253] tun: Universal TUN/TAP device driver, 1.6\r\n[    2.102990] tun: (C) 1999-2004 Max Krasnyansky <maxk@qualcomm.com>\r\n[    2.114570] PPP generic driver version 2.4.2\r\n[    2.123046] ehci_hcd: USB 2.0 'Enhanced' Host Controller (EHCI) Driver\r\n[    2.135373] ehci-pci: EHCI PCI platform driver\r\n[    2.144016] ehci-platform: EHCI generic platform driver\r\n[    2.154046] ohci_hcd: USB 1.1 'Open' Host Controller (OHCI) Driver\r\n[    2.165616] ohci-pci: OHCI PCI platform driver\r\n[    2.174263] ohci-platform: OHCI generic platform driver\r\n[    2.184257] uhci_hcd: USB Universal Host Controller Interface driver\r\n[    2.196093] i8042: PNP: PS/2 Controller [PNP0303:PS2K,PNP0f03:PS2M] at 0x60,0x64 irq 1,12\r\n[    2.214007] serio: i8042 KBD port at 0x60,0x64 irq 1\r\n[    2.223623] serio: i8042 AUX port at 0x60,0x64 irq 12\r\n[    2.233514] mousedev: PS/2 mouse device common for all mice\r\n[    2.246465] rtc_cmos 00:00: RTC can wake from S4\r\n[    2.276975] ata2.00: ATAPI: Virtual CD, , max MWDMA2\r\n[    2.287876] ata2.00: configured for MWDMA2\r\n[    2.296967] input: AT Translated Set 2 keyboard as /devices/platform/i8042/serio0/input/input1\r\n[    2.313322] rtc_cmos 00:00: rtc core: registered rtc_cmos as rtc0\r\n[    2.326339] scsi 1:0:0:0: CD-ROM            Msft     Virtual CD/ROM   1.0  PQ: 0 ANSI: 5\r\n[    2.341632] rtc_cmos 00:00: alarms up to one month, 114 bytes nvram\r\n[    2.353387] i2c /dev entries driver\r\n[    2.362557] sr 1:0:0:0: [sr0] scsi3-mmc drive: 0x/0x tray\r\n[    2.372950] cdrom: Uniform CD-ROM driver Revision: 3.20\r\n[    2.382974] device-mapper: uevent: version 1.0.3\r\n[    2.392105] device-mapper: ioctl: 4.33.0-ioctl (2015-8-18) initialised: dm-devel@redhat.com\r\n[    2.408146] sr 1:0:0:0: Attached scsi generic sg0 type 5\r\n[    2.418358] ledtrig-cpu: registered to indicate activity on CPUs\r\n[    2.430181] PCCT header not found.\r\n[    2.437573] NET: Registered protocol family 10\r\n[    2.446722] NET: Registered protocol family 17\r\n[    2.456133] Key type dns_resolver registered\r\n[    2.464900] Loading compiled-in X.509 certificates\r\n[    2.475158] Loaded X.509 cert 'Build time autogenerated kernel key: 496c94160eff313b4f6dec3de299bde8f4a608ce'\r\n[    2.493369] registered taskstats version 1\r\n[    2.501770] zswap: loading zswap\r\n[    2.508517] zswap: using zbud pool\r\n[    2.515850] zswap: using lzo compressor\r\n[    2.525258] Key type trusted registered\r\n[    2.536049] Key type encrypted registered\r\n[    2.544224] AppArmor: AppArmor sha1 policy hashing enabled\r\n[    2.554842] ima: No TPM chip found, activating TPM-bypass!\r\n[    2.565345] evm: HMAC attrs: 0x1\r\n[    2.572397]   Magic number: 4:2:990\r\n[    2.579584] clockevents clockevent63: hash matches\r\n[    2.589332] memory memory33: hash matches\r\n[    2.597876] rtc_cmos 00:00: setting system clock to 2016-06-29 13:58:52 UTC (1467208732)\r\n[    2.612957] BIOS EDD facility v0.16 2004-Jun-25, 0 devices found\r\n[    2.624457] EDD information not available.\r\n[    2.636137] Freeing unused kernel memory: 1464K (ffffffff81f37000 - ffffffff820a5000)\r\n[    2.650677] Write protecting the kernel read-only data: 14336k\r\n[    2.662460] Freeing unused kernel memory: 2044K (ffff880001801000 - ffff880001a00000)\r\n[    2.677030] Freeing unused kernel memory: 288K (ffff880001db8000 - ffff880001e00000)\r\nLoading, please wait...\r\nstarting version 225\r\n[    2.712564] random: systemd-udevd urandom read with 3 bits of entropy available\r\n[    2.781606] clocksource: hyperv_clocksource_tsc_page: mask: 0xffffffffffffffff max_cycles: 0x24e6a1710, max_idle_ns: 440795202120 ns\r\n[    2.807154] Floppy drive(s): fd0 is 1.44M\r\n[    2.886105] FDC 0 is an 82078.\r\n[    2.894162] AVX2 version of gcm_enc/dec engaged.\r\n[    2.903262] AES CTR mode by8 optimization enabled\r\n[    2.927473] clocksource: Switched to clocksource hyperv_clocksource_tsc_page\r\n[    2.982884] hv_vmbus: Hyper-V Host Build:9600-6.3-18-0.18190; Vmbus version:3.0\r\n[    3.002284] hv_vmbus: registering driver hv_storvsc\r\n[    3.016398] hv_utils: Registering HyperV Utility Driver\r\n[    3.026538] hv_vmbus: registering driver hv_util\r\n[    3.048350] hidraw: raw HID events driver (C) Jiri Kosina\r\n[    3.062626] hv_vmbus: registering driver hid_hyperv\r\n[    3.080847] scsi host2: storvsc_host_t\r\n[    3.088979] scsi 2:0:0:0: Direct-Access     Msft     Virtual Disk     1.0  PQ: 0 ANSI: 4\r\n[    3.104595] sd 2:0:0:0: Attached scsi generic sg1 type 0\r\n[    3.115062] sd 2:0:0:0: [sda] 61440000 512-byte logical blocks: (31.4 GB/29.2 GiB)\r\n[    3.129326] sd 2:0:0:0: [sda] Write Protect is off\r\n[    3.138864] sd 2:0:0:0: [sda] Write cache: enabled, read cache: enabled, supports DPO and FUA\r\n[    3.157476] input: Microsoft Vmbus HID-compliant Mouse as /devices/0006:045E:0621.0001/input/input4\r\n[    3.174480] hv_vmbus: registering driver hv_netvsc\r\n[    3.187203] hid-generic 0006:045E:0621.0001: input: <UNKNOWN> HID v0.01 Mouse [Microsoft Vmbus HID-compliant Mouse] on \r\n[    3.208101]  sda: sda1\r\n[    3.213916] scsi host3: storvsc_host_t\r\n[    3.221799] scsi 3:0:1:0: Direct-Access     Msft     Virtual Disk     1.0  PQ: 0 ANSI: 4\r\n[    3.236819] sd 2:0:0:0: [sda] Attached SCSI disk\r\n[    3.245782] psmouse serio1: trackpoint: failed to get extended button data\r\n[    3.259010] sd 3:0:1:0: Attached scsi generic sg2 type 0\r\n[    3.269538] sd 3:0:1:0: [sdb] 104857600 512-byte logical blocks: (53.6 GB/50.0 GiB)\r\n[    3.283796] sd 3:0:1:0: [sdb] 4096-byte physical blocks\r\n[    3.294446] sd 3:0:1:0: [sdb] Write Protect is off\r\n[    3.303944] sd 3:0:1:0: [sdb] Write cache: enabled, read cache: enabled, supports DPO and FUA\r\n[    3.319552] hv_netvsc: hv_netvsc channel opened successfully\r\n[    3.332226]  sdb: sdb1\r\n[    3.342299] sd 3:0:1:0: [sdb] Attached SCSI disk\r\n[    3.482729] hv_netvsc vmbus_16: Send section size: 6144, Section count:2560\r\n[    3.498544] hv_netvsc vmbus_16: Device MAC 00:0d:3a:a1:8a:40 link state up\r\n[    3.524830] scsi host4: storvsc_host_t\r\n[    3.533874] scsi 4:0:0:0: scsi scan: INQUIRY result too short (5), using 36\r\n[    3.547835] scsi 4:0:0:1: scsi scan: INQUIRY result too short (5), using 36\r\n[    3.561122] scsi 4:0:1:0: scsi scan: INQUIRY result too short (5), using 36\r\n[    3.574317] scsi 4:0:1:1: scsi scan: INQUIRY result too short (5), using 36\r\n[    3.587326] scsi 4:1:0:0: scsi scan: INQUIRY result too short (5), using 36\r\n[    3.600766] scsi 4:1:0:1: scsi scan: INQUIRY result too short (5), using 36\r\n[    3.613941] scsi 4:1:1:0: scsi scan: INQUIRY result too short (5), using 36\r\n[    3.626968] scsi host5: storvsc_host_t\r\n[    3.635031] scsi 4:1:1:1: scsi scan: INQUIRY result too short (5), using 36\r\n[    3.647965] scsi 5:0:0:0: scsi scan: INQUIRY result too short (5), using 36\r\n[    3.661147] scsi 4:2:0:0: scsi scan: INQUIRY result too short (5), using 36\r\n[    3.674151] scsi 5:0:0:1: scsi scan: INQUIRY result too short (5), using 36\r\n[    3.687147] scsi 4:2:0:1: scsi scan: INQUIRY result too short (5), using 36\r\n[    3.700687] scsi 5:0:1:0: scsi scan: INQUIRY result too short (5), using 36\r\n[    3.713717] scsi 4:2:1:0: scsi scan: INQUIRY result too short (5), using 36\r\n[    3.726813] scsi 5:0:1:1: scsi scan: INQUIRY result too short (5), using 36\r\n[    3.740047] scsi 4:2:1:1: scsi scan: INQUIRY result too short (5), using 36\r\n[    3.753333] scsi 5:1:0:0: scsi scan: INQUIRY result too short (5), using 36\r\n[    3.766409] scsi 4:3:0:0: scsi scan: INQUIRY result too short (5), using 36\r\n[    3.779280] scsi 5:1:0:1: scsi scan: INQUIRY result too short (5), using 36\r\n[    3.792249] scsi 4:3:0:1: scsi scan: INQUIRY result too short (5), using 36\r\n[    3.805216] scsi 5:1:1:0: scsi scan: INQUIRY result too short (5), using 36\r\n[    3.818316] scsi 4:3:1:0: scsi scan: INQUIRY result too short (5), using 36\r\n[    3.831143] scsi 5:1:1:1: scsi scan: INQUIRY result too short (5), using 36\r\n[    3.844313] scsi 4:3:1:1: scsi scan: INQUIRY result too short (5), using 36\r\n[    3.857266] scsi 5:2:0:0: scsi scan: INQUIRY result too short (5), using 36\r\n[    3.870491] scsi 4:4:0:0: scsi scan: INQUIRY result too short (5), using 36\r\n[    3.883496] scsi 5:2:0:1: scsi scan: INQUIRY result too short (5), using 36\r\n[    3.896500] scsi 4:4:0:1: scsi scan: INQUIRY result too short (5), using 36\r\n[    3.909562] scsi 5:2:1:0: scsi scan: INQUIRY result too short (5), using 36\r\n[    3.922632] scsi 4:4:1:0: scsi scan: INQUIRY result too short (5), using 36\r\n[    3.935539] scsi 5:2:1:1: scsi scan: INQUIRY result too short (5), using 36\r\n[    3.948679] scsi 4:4:1:1: scsi scan: INQUIRY result too short (5), using 36\r\n[    3.961617] scsi 5:3:0:0: scsi scan: INQUIRY result too short (5), using 36\r\n[    3.974687] scsi 4:5:0:0: scsi scan: INQUIRY result too short (5), using 36\r\n[    3.987705] scsi 5:3:0:1: scsi scan: INQUIRY result too short (5), using 36\r\n[    4.000734] scsi 4:5:0:1: scsi scan: INQUIRY result too short (5), using 36\r\n[    4.013635] scsi 5:3:1:0: scsi scan: INQUIRY result too short (5), using 36\r\n[    4.026592] scsi 4:5:1:0: scsi scan: INQUIRY result too short (5), using 36\r\n[    4.039578] scsi 5:3:1:1: scsi scan: INQUIRY result too short (5), using 36\r\n[    4.052533] scsi 4:5:1:1: scsi scan: INQUIRY result too short (5), using 36\r\n[    4.065540] scsi 4:6:0:0: scsi scan: INQUIRY result too short (5), using 36\r\n[    4.078434] scsi 5:4:0:0: scsi scan: INQUIRY result too short (5), using 36\r\n[    4.091497] scsi 4:6:0:1: scsi scan: INQUIRY result too short (5), using 36\r\n[    4.104354] scsi 5:4:0:1: scsi scan: INQUIRY result too short (5), using 36\r\n[    4.117610] scsi 4:6:1:0: scsi scan: INQUIRY result too short (5), using 36\r\n[    4.130613] scsi 5:4:1:0: scsi scan: INQUIRY result too short (5), using 36\r\n[    4.143641] scsi 4:6:1:1: scsi scan: INQUIRY result too short (5), using 36\r\n[    4.156693] scsi 5:4:1:1: scsi scan: INQUIRY result too short (5), using 36\r\n[    4.169795] scsi 4:7:0:0: scsi scan: INQUIRY result too short (5), using 36\r\n[    4.182978] scsi 5:5:0:0: scsi scan: INQUIRY result too short (5), using 36\r\n[    4.195981] scsi 4:7:0:1: scsi scan: INQUIRY result too short (5), using 36\r\n[    4.208995] scsi 5:5:0:1: scsi scan: INQUIRY result too short (5), using 36\r\n[    4.222096] scsi 4:7:1:0: scsi scan: INQUIRY result too short (5), using 36\r\n[    4.234980] scsi 5:5:1:0: scsi scan: INQUIRY result too short (5), using 36\r\n[    4.248041] scsi 4:7:1:1: scsi scan: INQUIRY result too short (5), using 36\r\n[    4.261293] scsi 5:5:1:1: scsi scan: INQUIRY result too short (5), using 36\r\n[    4.274279] scsi 5:6:0:0: scsi scan: INQUIRY result too short (5), using 36\r\n[    4.287317] scsi 5:6:0:1: scsi scan: INQUIRY result too short (5), using 36\r\n[    4.300584] scsi 5:6:1:0: scsi scan: INQUIRY result too short (5), using 36\r\n[    4.313593] scsi 5:6:1:1: scsi scan: INQUIRY result too short (5), using 36\r\n[    4.326809] scsi 5:7:0:0: scsi scan: INQUIRY result too short (5), using 36\r\n[    4.339828] scsi 5:7:0:1: scsi scan: INQUIRY result too short (5), using 36\r\n[    4.352841] scsi 5:7:1:0: scsi scan: INQUIRY result too short (5), using 36\r\n[    4.365794] scsi 5:7:1:1: scsi scan: INQUIRY result too short (5), using 36\r\nBegin: Loading essential drivers ... done.\r\r\nBegin: Running /scripts/init-premount ... done.\r\r\nBegin: Mounting root file system ... Begin: Running /scripts/local-top ... done.\r\r\nBegin: Running /scripts/local-premount ... done.\r\r\nBegin: Checking root file system ... fsck from util-linux 2.26.2\r\r\ncloudimg-rootfs: clean, 73671/245760 files, 353697/524032 blocks\r\r\ndone.\r\r\n[    5.954865] EXT4-fs (sda1): mounted filesystem with ordered data mode. Opts: (null)\r\ndone.\r\r\nBegin: Running /scripts/local-bottom ... done.\r\r\nBegin: Running /scripts/init-bottom ... Warning: overlayroot: debug is busted\r\r\ndone.\r\r\n[    7.333904] random: nonblocking pool is initialized\r\n[    7.677566] systemd[1]: Failed to insert module 'kdbus': Function not implemented\r\n[    7.970727] systemd[1]: systemd 225 running in system mode. (+PAM +AUDIT +SELINUX +IMA +APPARMOR +SMACK +SYSVINIT +UTMP +LIBCRYPTSETUP +GCRYPT +GNUTLS +ACL +XZ -LZ4 +SECCOMP +BLKID -ELFUTILS +KMOD -IDN)\r\n[    8.007997] systemd[1]: Detected virtualization microsoft.\r\n[    8.018812] systemd[1]: Detected architecture x86-64.\r\n\r\r\nWelcome to \u001b[1mUbuntu 15.10\u001b[0m!\r[    8.036564] systemd[1]: Set hostname to <ubuntu>.\r\n\r\n\r\r\n[    8.048220] systemd[1]: Initializing machine ID from random generator.\r\n[    8.059723] systemd[1]: Installed transient /etc/machine-id file.\r\n[    8.204094] psmouse serio1: trackpoint: IBM TrackPoint firmware: 0x01, buttons: 0/0\r\n[    8.221415] input: TPPS/2 IBM TrackPoint as /devices/platform/i8042/serio1/input/input3\r\n-.mount\r\r\netc-machine\\x2did.mount\r[    8.907901] systemd[1]: sshd-keygen.service: Cannot add dependency job, ignoring: Unit sshd-keygen.service failed to load: No such file or directory.\r\n\r\n[    8.936726] systemd[1]: sshd-keygen.service: Cannot add dependency job, ignoring: Unit sshd-keygen.service failed to load: No such file or directory.\r\n[    8.960841] systemd[1]: display-manager.service: Cannot add dependency job, ignoring: Unit display-manager.service failed to load: No such file or directory.\r\n[    8.985564] systemd[1]: Time has been changed\r\n[    8.993539] systemd[1]: Set up automount Arbitrary Executable File Formats File System Automount Point.\r\n[\u001b[32m  OK  \u001b[0m[    9.013350] systemd[1]: Reached target Swap.\r\n] Set up automount Arbitrary Executab...ats File System Automount Point.\r[    9.029369] systemd[1]: Started Forward Password Requests to Wall Directory Watch.\r\n\r\n[\u001b[32m  OK  \u001b[0m] Reached target Swap.\r\r\n[\u001b[32m  OK  \u001b[0m[    9.053420] systemd[1]: Reached target Remote File Systems (Pre).\r\n] Started Forward Password Requests to Wall Directory Watch.\r\r\n[\u001b[32m  OK  \u001b[0m[    9.075880] systemd[1]: Reached target Encrypted Volumes.\r\n] Reached target Remote File Systems (Pre).\r\r\n[\u001b[32m  OK  \u001b[0m[    9.095324] systemd[1]: Reached target User and Group Name Lookups.\r\n] Reached target Encrypted Volumes.\r\r\n[\u001b[32m  OK  \u001b[0m[    9.115568] systemd[1]: Created slice Root Slice.\r\n] Reached target User and Group Name Lookups.\r\r\n[\u001b[32m  OK  \u001b[0m[    9.134108] systemd[1]: Listening on Journal Socket.\r\n] Created slice Root Slice.\r\r\n[\u001b[32m  OK  \u001b[0m[    9.151770] systemd[1]: Created slice System Slice.\r\n] Listening on Journal Socket.\r\r\n[\u001b[32m  OK  \u001b[0m[    9.169968] systemd[1]: Starting Remount Root and Kernel File Systems...\r\n] Created slice System Slice.\r\r\n         Starting Remount Root and Kernel File Systems...[    9.195699] systemd[1]: Created slice system-serial\\x2dgetty.slice.\r\n\r\r\n[\u001b[32m  OK  \u001b[0m[    9.217124] systemd[1]: Starting Create list of required static device nodes for the current kernel...\r\n] Created slice system-serial\\x2dgetty.slice.\r\r\n         Starting Create list of required st... nodes for the current kernel...[    9.252578] systemd[1]: Starting Uncomplicated firewall...\r\n\r\r\n[    9.265521] EXT4-fs (sda1): re-mounted. Opts: discard\r\n         Starting Uncomplicated firewall...[    9.282926] systemd[1]: Starting Increase datagram queue length...\r\n\r\r\n         Starting Increase datagram queue length...[    9.305061] systemd[1]: Mounting Huge Pages File System...\r\n\r\r\n         Mounting Huge Pages File System...\r\r\n[    9.330632] systemd[1]: Starting Load Kernel Modules...\r\n[    9.341622] systemd[1]: Mounting Debug File System...\r\n         Starting Load Kernel Modules...\r\r\n[    9.359677] systemd[1]: Starting Setup Virtual Console...\r\n         Mounting Debug File System...\r\r\n         Starting Setup Virtual Console...\r\r\n[    9.398972] systemd[1]: Created slice system-getty.slice.\r\n[\u001b[32m  OK  \u001b[0m[    9.413916] systemd[1]: Mounting POSIX Message Queue File System...\r\n] Created slice system-getty.slice.\r\r\n         Mounting POSIX Message Queue File System...[    9.441249] systemd[1]: Listening on Journal Audit Socket.\r\n\r\r\n[\u001b[32m  OK  \u001b[0m[    9.457317] systemd[1]: Listening on udev Control Socket.\r\n] Listening on Journal Audit Socket.\r\r\n[\u001b[32m  OK  \u001b[0m[    9.476871] systemd[1]: Created slice User and Session Slice.\r\n] Listening on udev Control Socket.\r\r\n[\u001b[32m  OK  \u001b[0m[    9.501740] systemd[1]: Reached target Slices.\r\n] Created slice User and Session Slice.\r\r\n[\u001b[32m  OK  \u001b[0m[    9.519504] systemd[1]: Listening on Journal Socket (/dev/log).\r\n] Reached target Slices.\r\r\n[\u001b[32m  OK  \u001b[0m[    9.537999] systemd[1]: Listening on /dev/initctl Compatibility Named Pipe.\r\n] Listening on Journal Socket (/dev/log).\r\r\n[\u001b[32m  OK  \u001b[0m[    9.560133] systemd[1]: Listening on udev Kernel Socket.\r\n] Listening on /dev/initctl Compatibility Named Pipe.\r\r\n[[    9.580837] systemd[1]: Starting udev Coldplug all Devices...\r\n\u001b[32m  OK  \u001b[0m] Listening on udev Kernel Socket.\r\r\n         Starting udev Coldplug all Devices...[    9.607832] systemd[1]: Mounted Huge Pages File System.\r\n\r\r\n[\u001b[32m  OK  \u001b[0m[    9.640326] systemd[1]: Mounted Debug File System.\r\n] Mounted Huge Pages File System.\r\r\ndev-hugepages.mount\r\r\n[[    9.659252] systemd[1]: Mounted POSIX Message Queue File System.\r\n\u001b[32m  OK  \u001b[0m] Mounted Debug File System.\r\r\nsys-kernel-debug.mount\r\r\n[    9.678948] systemd[1]: Started Remount Root and Kernel File Systems.\r\n[\u001b[32m  OK  \u001b[0m] Mounted POSIX Message Queue File System.\r\r\ndev-mqueue.mount\r\r\n[\u001b[32m  OK  \u001b[0m] Started Remount Root and Kernel File Systems.\r[    9.704160] systemd[1]: Started Create list of required static device nodes for the current kernel.\r\n\r\nsystemd-remount-fs.service\r\r\n[[    9.728933] systemd[1]: Started Uncomplicated firewall.\r\n\u001b[32m  OK  \u001b[0m] Started Create list of required sta...ce nodes for the current kernel.\r[    9.753533] systemd[1]: Started Increase datagram queue length.\r\n\r\n[\u001b[32m  OK  \u001b[0m] Started Uncomplicated firewall.\r\r\nkmod-static-nodes.service\r[    9.776830] systemd[1]: Started Load Kernel Modules.\r\n\r\n[\u001b[32m  OK  \u001b[0m] Started Increase datagram queue length.\r[    9.794032] systemd[1]: Started Setup Virtual Console.\r\n\r\nufw.service\r\r\n[\u001b[32m  OK  \u001b[0m] Started Load Kernel Modules.\r\r\nsystemd-setup-dgram-qlen.service\r\r\n[\u001b[32m  OK  \u001b[0m] Started Setup Virtual Console.\r\r\nsystemd-modules-load.service[    9.868728] systemd[1]: Mounting FUSE Control File System...\r\n\r\r\nsystemd-vconsole-setup.service\r\r\n        
[    9.902607] systemd[1]: Starting Apply Kernel Variables...\r\nMounting FUSE Control File System...\r\r\n         Starting Apply Kernel Variables...[    9.926993] systemd[1]: Listening on Syslog Socket.\r\n\r\r\n[\u001b[32m  OK  \u001b[0m[    9.942751] systemd[1]: Starting Journal Service...\r\n] Listening on Syslog Socket.\r\r\n         Starting Journal Service...[    9.965213] systemd[1]: Starting Create Static Device Nodes in /dev...\r\n\r\r\n         Starting Create Static Device Nodes in /dev...\r\r\n         Starting Ensure /etc/mtab is a symlink to /proc/mounts...\r\r\n         Starting Load/Save Random Seed...\r\r\n[\u001b[32m  OK  \u001b[0m] Mounted FUSE Control File System.\r\r\n[\u001b[32m  OK  \u001b[0m] Started udev Coldplug all Devices.\r\r\n[\u001b[32m  OK  \u001b[0m] Started Apply Kernel Variables.\r\r\n[\u001b[32m  OK  \u001b[0m] Started Ensure /etc/mtab is a symlink to /proc/mounts.\r\r\nsys-fs-fuse-connections.mount\r\r\nsystemd-udev-trigger.service\r\r\nsystemd-sysctl.service\r\r\ndebian-fixup.service\r\r\n[\u001b[32m  OK  \u001b[0m] Started Load/Save Random Seed.\r\r\n[\u001b[32m  OK  \u001b[0m] Started Create Static Device Nodes in /dev.\r\r\n         Starting udev Kernel Device Manager...\r\r\nsystemd-random-seed.service\r\r\nsystemd-tmpfiles-setup-dev.service\r\r\n[\u001b[32m  OK  \u001b[0m] Started Journal Service.\r\r\n         Starting Flush Journal to Persistent Storage...\r\r\nsystemd-journald.service\r\r\n[\u001b[32m  OK  \u001b[0m] Started Flush Journal to Persistent Storage.\r\r\nsystemd-journal-flush.service\r\r\n[\u001b[32m  OK  \u001b[0m] Started udev Kernel Device Manager.\r\r\n[\u001b[32m  OK  \u001b[0m] Reached target Local File Systems (Pre).\r\r\nsystemd-udevd.service\r\r\n         Mounting /etc/network/interfaces.dynamic.d...\r\r\n[\u001b[32m  OK  \u001b[0m] Mounted /etc/network/interfaces.dynamic.d.\r\r\n[\u001b[32m  OK  \u001b[0m] Reached target Local File Systems.\r\r\n         Starting LSB: AppArmor initialization...\r\r\n         Starting Set console keymap...\r\r\n         Starting Commit a transient machine-id on disk...\r\r\n[\u001b[32m  OK  \u001b[0m] Reached target Remote File Systems.\r\r\n         Starting Tell Plymouth To Write Out Runtime Data...\r\r\n         Starting Wait for all \"auto\" /etc/n... up for network-online.target...\r\r\n         Starting Create Volatile Files and Directories...\r\r\n         Starting Clean up any mess left by 0dns-up...\r\r\n[\u001b[32m  OK  \u001b[0m] Started Create Volatile Files and Directories.\r\r\n         Starting Update UTMP about System Boot/Shutdown...\r\r\n         Starting Network Time Synchronization...\r\r\n[\u001b[32m  OK  \u001b[0m] Started Commit a transient machine-id on disk.\r\r\netc-network-interfaces.dynamic.d.mount\r\r\n[\u001b[32m  OK  \u001b[0m] Started Update UTMP about System Boot/Shutdown.\r\r\n[\u001b[32m  OK  \u001b[0m] Started Clean up any mess left by 0dns-up.\r\r\n         Starting Nameserver information manager...\r\r\n[\u001b[32m  OK  \u001b[0m] Started Nameserver information manager.\r\r\nsystemd-tmpfiles-setup.service\r\r\n[\u001b[32m  OK  \u001b[0m] Started Network Time Synchronization.\r\r\n[\u001b[32m  OK  \u001b[0m] Reached target System Time Synchronized.\r\r\n[\u001b[32m  OK  \u001b[0m] Started Set console keymap.\r\r\nsystemd-machine-id-commit.service\r\r\nsystemd-update-utmp.service\r\r\nresolvconf.service\r\r\n[\u001b[32m  OK  \u001b[0m] Started Tell Plymouth To Write Out Runtime Data.\r\r\nsystemd-timesyncd.service\r\r\n[   11.209308] piix4_smbus 0000:00:07.3: SMBus base address uninitialized - upgrade BIOS or use force_addr=0xaddr\r\n[\u001b[32m  OK  \u001b[0m] Found device /dev/ttyS0.\r\r\n[   11.425460] intel_rapl: no valid rapl domains found in package 0\r\n[\u001b[32m  OK  \u001b[0m] Created slice system-ifup.slice.\r\r\n[\u001b[32m  OK  \u001b[0m] Found device /sys/subsystem/net/devices/eth0.\r\r\n[\u001b[32m  OK  \u001b[0m] Started LSB: AppArmor initialization.\r\r\n[\u001b[32m  OK  \u001b[0m] Started ifup for eth0.\r\r\n         Starting LSB: Raise network interfaces....\r\r\napparmor.service\r\r\nifup@eth0.service\r\r\n[\u001b[32m  OK  \u001b[0m] Started LSB: Raise network interfaces..\r\r\n[\u001b[32m  OK  \u001b[0m] Reached target System Initialization.\r\r\n[\u001b[32m  OK  \u001b[0m] Listening on D-Bus System Message Bus Socket.\r\r\n[\u001b[32m  OK  \u001b[0m] Listening on UUID daemon activation socket.\r\r\n[\u001b[32m  OK  \u001b[0m] Started Daily Cleanup of Temporary Directories.\r\r\n[\u001b[32m  OK  \u001b[0m] Reached target Timers.\r\r\n         Starting Seed the pseudo random number generator on first boot...\r\r\n[\u001b[32m  OK  \u001b[0m] Started Trigger resolvconf update for networkd DNS.\r\r\n[\u001b[32m  OK  \u001b[0m] Reached target Paths.\r\r\n[\u001b[32m  OK  \u001b[0m] Listening on ACPID Listen Socket.\r\r\n         Starting lxd-unix.socket.\r\r\n[\u001b[32m  OK  \u001b[0m] Reached target Network.\r\r\n[\u001b[32m  OK  \u001b[0m] Listening on lxd-unix.socket.\r\r\n[\u001b[32m  OK  \u001b[0m] Reached target Sockets.\r\r\n[\u001b[32m  OK  \u001b[0m] Reached target Basic System.\r\r\n         Starting LSB: Record successful boot for GRUB...\r\r\n[\u001b[32m  OK  \u001b[0m] Started Deferred execution scheduler.\r\r\n         Starting System Logging Service...\r\r\n[\u001b[32m  OK  \u001b[0m] Started D-Bus System Message Bus.\r\r\nnetworking.service\r\r\natd.service\r\r\n         Starting Initial cloud-init job (pre-networking)...\r\r\n         dbus.service\r\r\nStarting LSB: automatic crash report generation...\r\r\n         Starting Accounts Service...\r\r\n         Starting Login Service...\r\r\n         Starting Thermal Daemon Service...\r\r\n         Starting LSB: Set the CPU Frequency Scaling governor to \"ondemand\"...\r\r\n         Starting Restore /etc/resolv.conf i...e the ppp link was shut down....\r\r\n         Starting LSB: Starts the Micro Name Service Cache Daemon...\r\r\n[\u001b[32m  OK  \u001b[0m] Started Regular background program processing daemon.\r\r\n[\u001b[32m  OK  \u001b[0m] Started Hyper-V KVP Protocol Daemon.\r\r\n         Starting LSB: daemon to balance interrupts for SMP systems...\r\r\n[\u001b[32m  OK  \u001b[0m] Started Hyper-V VSS Protocol Daemon.\r\r\n[\u001b[32m  OK  \u001b[0m] Started Cgroup management daemon.\r\r\n[\u001b[32m  OK  \u001b[0m] Started FUSE filesystem for LXC.\r\r\n[\u001b[32m  OK  \u001b[0m] Started Hyper-V File Copy Protocol Daemon.\r\r\n[\u001b[32m  OK  \u001b[0m] Started Wait for all \"auto\" /etc/ne...be up for network-online.target.\r\r\n[\u001b[32m  OK  \u001b[0m] Started LSB: Record successful boot for GRUB.\r\r\n[\u001b[32m  OK  \u001b[0m] Started Restore /etc/resolv.conf if...ore the ppp link was shut down..\r\r\n[\u001b[32m  OK  \u001b[0m] Reached target Network is Online.\r\r\n         Starting /etc/rc.local Compatibility...\r\r\n         Starting LXC network bridge setup...\r\r\n[\u001b[32m  OK  \u001b[0m] Started /etc/rc.local Compatibility.\r\r\n[\u001b[32m  OK  \u001b[0m] Started LSB: Set the CPU Frequency Scaling governor to \"ondemand\".\r\r\n[\u001b[32m  OK  \u001b[0m] Started Login Service.\r\r\n[\u001b[32m  OK  \u001b[0m] Started LSB: Starts the Micro Name Service Cache Daemon.\r\r\n[\u001b[32m  OK  \u001b[0m] Started LSB: automatic crash report generation.\r\r\ncron.service\r\r\n[\u001b[32m  OK  \u001b[0m] Started LSB: daemon to balance interrupts for SMP systems.\r\r\nhv-kvp-daemon.service\r\r\nhv-vss-daemon.service\r\r\ncgmanager.service\r\r\nlxcfs.service\r\r\nhv-fcopy-daemon.service\r\r\nifup-wait-all-auto.service\r\r\ngrub-common.service\r\r\nrc-local.service\r\r\nondemand.service\r\r\nsystemd-logind.service\r\r\nunscd.service\r\r\napport.service\r\r\nrun-cgmanager-fs.mount\r\r\nirqbalance.service\r\r\nvar-lib-lxcfs.mount\r\r\n[\u001b[32m  OK  \u001b[0m] Started Thermal Daemon Service.\r\r\nthermald.service\r\r\n         Starting Authenticate and Authorize Users to Run Privileged Tasks...\r\r\n[\u001b[32m  OK  \u001b[0m] Started Authenticate and Authorize Users to Run Privileged Tasks.\r\r\n[\u001b[32m  OK  \u001b[0m] Started Accounts Service.\r\r\npolkitd.service\r\r\naccounts-daemon.service\r\r\n[\u001b[32m  OK  \u001b[0m] Started LXC network bridge setup.\r\r\n         Starting LXC Container Initialization and Autoboot Code...\r\r\nlxc-net.service\r\r\n[\u001b[32m  OK  \u001b[0m] Started LXC Container Initialization and Autoboot Code.\r\r\n         Starting Container hypervisor based on LXC - boot time check...\r\r\nlxc.service\r\r\n[\u001b[32m  OK  \u001b[0m] Started System Logging Service.\r\r\nrsyslog.service\r\r\n[\u001b[32m  OK  \u001b[0m] Started Container hypervisor based on LXC - boot time check.\r\r\n[\u001b[32m  OK  \u001b[0m] Started Seed the pseudo random number generator on first boot.\r\r\n[   19.420849] cloud-init[694]: Cloud-init v. 0.7.7 running 'init-local' at Wed, 29 Jun 2016 13:59:09 +0000. Up 19.19 seconds.\r\r\n[\u001b[32m  OK  \u001b[0m] Started Initial cloud-init job (pre-networking).\r\r\n         Starting Initial cloud-init job (metadata service crawler)...\r\r\ncloud-init-local.service\r\r\n[   20.120198] blk_update_request: I/O error, dev fd0, sector 0\r\n[   20.172150] blk_update_request: I/O error, dev fd0, sector 0\r\ntmp-tmpxxjigoab.mount\r\r\n[   20.439546] cloud-init[941]: + i=eth0\r\r\n[   20.445009] cloud-init[941]: + x=0\r\r\n[   20.445391] cloud-init[941]: + ifdown eth0\r\r\n[   20.483250] cloud-init[941]: Killed old client process\r\r\n[   21.488596] cloud-init[941]: Internet Systems Consortium DHCP Client 4.3.1\r\r\n[   21.489440] cloud-init[941]: Copyright 2004-2014 Internet Systems Consortium.\r\r\n[   21.490212] cloud-init[941]: All rights reserved.\r\r\n[   21.506657] cloud-init[941]: For info, please visit https://www.isc.org/software/dhcp/\r\r\n[   21.509576] cloud-init[941]: Listening on LPF/eth0/00:0d:3a:a1:8a:40\r\r\n[   21.510365] cloud-init[941]: Sending on   LPF/eth0/00:0d:3a:a1:8a:40\r\r\n[   21.511200] cloud-init[941]: Sending on   Socket/fallback\r\r\n[   21.603269] cloud-init[941]: DHCPRELEASE on eth0 to 168.63.129.16 port 67 (xid=0x337878a3)\r\r\n[   21.659105] cloud-init[941]: + ifup eth0\r\r\n[   21.682865] cloud-init[941]: Internet Systems Consortium DHCP Client 4.3.1\r\r\n[   21.689210] cloud-init[941]: Copyright 2004-2014 Internet Systems Consortium.\r\r\n[   21.689772] cloud-init[941]: All rights reserved.\r\r\n[   21.690352] cloud-init[941]: For info, please visit https://www.isc.org/software/dhcp/\r\r\n[   21.705991] cloud-init[941]: Listening on LPF/eth0/00:0d:3a:a1:8a:40\r\r\n[   21.706618] cloud-init[941]: Sending on   LPF/eth0/00:0d:3a:a1:8a:40\r\r\n[   21.719893] cloud-init[941]: Sending on   Socket/fallback\r\r\n[   21.720626] cloud-init[941]: DHCPDISCOVER on eth0 to 255.255.255.255 port 67 interval 3 (xid=0xb56d9f26)\r\r\n[   21.757148] cloud-init[941]: DHCPREQUEST of 10.0.0.4 on eth0 to 255.255.255.255 port 67 (xid=0x269f6db5)\r\r\n[   21.757711] cloud-init[941]: DHCPOFFER of 10.0.0.4 from 168.63.129.16\r\r\n[   21.789244] cloud-init[941]: DHCPACK of 10.0.0.4 from 168.63.129.16\r\r\n[   21.947458] cloud-init[941]: bound to 10.0.0.4 -- renewal in 4294967295 seconds.\r\r\n[   21.974398] cloud-init[941]: + exit 0\r\r\n[\u001b[32m  OK  \u001b[0m] Started Azure Linux Agent.\r\r\nwalinuxagent.service\r\r\n2016/06/29 13:59:13.590335 INFO Azure Linux Agent Version:2.1.3\r\r\n2016/06/29 13:59:13.601962 INFO OS: ubuntu 15.10\r\r\n2016/06/29 13:59:13.602195 INFO Python: 3.4.3\r\r\n2016/06/29 13:59:13.602463 INFO Run daemon\r\r\n2016/06/29 13:59:13.602675 INFO run Ubuntu provision handler\r\r\n2016/06/29 13:59:13.602898 INFO Waiting cloud-init to copy ovf-env.xml.\r\r\n2016/06/29 13:59:13.605711 INFO Detect protocol endpoints\r\r\n2016/06/29 13:59:13.605998 INFO WireServer endpoint is not found. Rerun dhcp handler\r\r\n2016/06/29 13:59:13.606207 INFO Send dhcp request\r\r\n2016/06/29 13:59:13.670406 INFO Configure routes\r\r\n2016/06/29 13:59:13.670649 INFO Gateway:10.0.0.1\r\r\n2016/06/29 13:59:13.681228 INFO Routes:None\r\r\n2016/06/29 13:59:13.683366 INFO Wire server endpoint:168.63.129.16\r\r\n2016/06/29 13:59:13.702216 INFO Fabric preferred wire protocol version:2015-04-05\r\r\n2016/06/29 13:59:13.702842 INFO Wire protocol version:2012-11-30\r\r\n2016/06/29 13:59:13.703036 WARNING Server prefered version:2015-04-05\r\r\n[   26.856193] blk_update_request: I/O error, dev fd0, sector 0\r\n[   26.908167] blk_update_request: I/O error, dev fd0, sector 0\r\ntmp-tmpdlkqi6mp.mount\r\r\n2016/06/29 13:59:18.192228 INFO Sleep 15 seconds to prevent throttling\r\r\n[   29.498427] cloud-init[941]: Cloud-init v. 0.7.7 running 'init' at Wed, 29 Jun 2016 13:59:10 +0000. Up 19.80 seconds.\r\r\n[   29.504273] cloud-init[941]: ci-info: ++++++++++++++++++++++++++++++++++++++Net device info+++++++++++++++++++++++++++++++++++++++\r\r\n[   29.504515] cloud-init[941]: ci-info: +--------+------+------------------------------+---------------+-------+-------------------+\r\r\n[   29.504745] cloud-init[941]: ci-info: | Device |  Up  |           Address            |      Mask     | Scope |     Hw-Address    |\r\r\n[   29.504964] cloud-init[941]: ci-info: +--------+------+------------------------------+---------------+-------+-------------------+\r\r\n[   29.505179] cloud-init[941]: ci-info: |  eth0  | True |           10.0.0.4           | 255.255.255.0 |   .   | 00:0d:3a:a1:8a:40 |\r\r\n[   29.505440] cloud-init[941]: ci-info: |  eth0  | True | fe80::20d:3aff:fea1:8a40/64  |       .       |  link | 00:0d:3a:a1:8a:40 |\r\r\n[   29.505656] cloud-init[941]: ci-info: | lxcbr0 | True |           10.0.1.1           | 255.255.255.0 |   .   | 16:dc:bf:65:87:69 |\r\r\n[   29.505866] cloud-init[941]: ci-info: | lxcbr0 | True | fe80::14dc:bfff:fe65:8769/64 |       .       |  link | 16:dc:bf:65:87:69 |\r\r\n[   29.506079] cloud-init[941]: ci-info: |   lo   | True |          127.0.0.1           |   255.0.0.0   |   .   |         .         |\r\r\n[   29.506289] cloud-init[941]: ci-info: |   lo   | True |           ::1/128            |       .       |  host |         .         |\r\r\n[   29.521366] cloud-init[941]: ci-info: +--------+------+------------------------------+---------------+-------+-------------------+\r\r\n[   29.521594] cloud-init[941]: ci-info: +++++++++++++++++++++++++++++Route IPv4 info++++++++++++++++++++++++++++++\r\r\n[   29.521819] cloud-init[941]: ci-info: +-------+---------------+----------+-----------------+-----------+-------+\r\r\n[   29.522040] cloud-init[941]: ci-info: | Route |  Destination  | Gateway  |     Genmask     | Interface | Flags |\r\r\n[   29.522259] cloud-init[941]: ci-info: +-------+---------------+----------+-----------------+-----------+-------+\r\r\n[   29.522498] cloud-init[941]: ci-info: |   0   |    0.0.0.0    | 10.0.0.1 |     0.0.0.0     |    eth0   |   UG  |\r\r\n[   29.524282] cloud-init[941]: ci-info: |   1   |    10.0.0.0   | 0.0.0.0  |  255.255.255.0  |    eth0   |   U   |\r\r\n[   29.524510] cloud-init[941]: ci-info: |   2   |    10.0.1.0   | 0.0.0.0  |  255.255.255.0  |   lxcbr0  |   U   |\r\r\n[   29.524733] cloud-init[941]: ci-info: |   3   | 168.63.129.16 | 10.0.0.1 | 255.255.255.255 |    eth0   |  UGH  |\r\r\n[   29.524949] cloud-init[941]: ci-info: +-------+---------------+----------+-----------------+-----------+-------+\r\r\n[   29.525171] cloud-init[941]: Generating public/private rsa key pair.\r\r\n[   29.525389] cloud-init[941]: Your identification has been saved in /etc/ssh/ssh_host_rsa_key.\r\r\n[   29.525605] cloud-init[941]: Your public key has been saved in /etc/ssh/ssh_host_rsa_key.pub.\r\r\n[   29.525827] cloud-init[941]: The key fingerprint is:\r\r\n[   29.528033] cloud-init[941]: SHA256:VZtOVeqjWwPRn/H6+JNeFGW9zhN0WghPRz2xnfVKpDA root@xplatvm\r\r\n[   29.528305] cloud-init[941]: The key's randomart image is:\r\r\n[   29.528541] cloud-init[941]: +---[RSA 2048]----+\r\r\n[   29.528766] cloud-init[941]: |          E o.+=@|\r\r\n[   29.528994] cloud-init[941]: |           + X.*%|\r\r\n[   29.529214] cloud-init[941]: |          . * *B*|\r\r\n[   29.529431] cloud-init[941]: |         . o +.==|\r\r\n[   29.529646] cloud-init[941]: |        S   o *.=|\r\r\n[   29.529861] cloud-init[941]: |             o B |\r\r\n[   29.530074] cloud-init[941]: |            . + +|\r\r\n[   29.530289] cloud-init[941]: |             o *.|\r\r\n[   29.530507] cloud-init[941]: |            . oo+|\r\r\n[   29.532036] cloud-init[941]: +----[SHA256]-----+\r\r\n[   29.532302] cloud-init[941]: Generating public/private dsa key pair.\r\r\n[   29.532538] cloud-init[941]: Your identification has been saved in /etc/ssh/ssh_host_dsa_key.\r\r\n[   29.532765] cloud-init[941]: Your public key has been saved in /etc/ssh/ssh_host_dsa_key.pub.\r\r\n[   29.532987] cloud-init[941]: The key fingerprint is:\r\r\n[   29.533204] cloud-init[941]: SHA256:YulAocmsFLwD5i2+OJfizTLtKRyg4Kl3izFv/caKR1U root@xplatvm\r\r\n[   29.533437] cloud-init[941]: The key's randomart image is:\r\r\n[   29.536036] cloud-init[941]: +---[DSA 1024]----+\r\r\n[   29.552955] cloud-init[941]: |..  .            |\r\r\n[   29.553188] cloud-init[941]: |.=.o .    E      |\r\r\n[   29.553412] cloud-init[941]: |+.B .    .       |\r\r\n[   29.553630] cloud-init[941]: |+* o   ..        |\r\r\n[   29.553845] cloud-init[941]: |B + . +.S        |\r\r\n[   29.554059] cloud-init[941]: |.=   +..         |\r\r\n[   29.554270] cloud-init[941]: |+ *. o..         |\r\r\n[   29.554496] cloud-init[941]: |=***+.o o        |\r\r\n[   29.554704] cloud-init[941]: |.**B+o.+.        |\r\r\n[   29.554916] cloud-init[941]: +----[SHA256]-----+\r\r\n[   29.555123] cloud-init[941]: Generating public/private ecdsa key pair.\r\r\n[   29.555331] cloud-init[941]: Your identification has been saved in /etc/ssh/ssh_host_ecdsa_key.\r\r\n[   29.555540] cloud-init[941]: Your public key has been saved in /etc/ssh/ssh_host_ecdsa_key.pub.\r\r\n[   29.556026] cloud-init[941]: The key fingerprint is:\r\r\n[   29.560035] cloud-init[941]: SHA256:uBeAxRDphdGUyf1ucRkYNnvNoZ8KBT33ztdNLnMIvRU root@xplatvm\r\r\n[   29.560298] cloud-init[941]: The key's randomart image is:\r\r\n[   29.560524] cloud-init[941]: +---[ECDSA 256]---+\r\r\n[   29.560743] cloud-init[941]: |    +@o+  =+  .  |\r\r\n[   29.560960] cloud-init[941]: |    ooB ...+++.E |\r\r\n[   29.561174] cloud-init[941]: |   ....  .. +*o..|\r\r\n[   29.561383] cloud-init[941]: |    .  o  oo+...+|\r\r\n[   29.561590] cloud-init[941]: |      . S..o .oOo|\r\r\n[   29.561798] cloud-init[941]: |       . .o. .= O|\r\r\n[   29.562004] cloud-init[941]: |      . ..  .  +.|\r\r\n[   29.562210] cloud-init[941]: |       .         |\r\r\n[   29.562416] cloud-init[941]: |                 |\r\r\n[   29.562622] cloud-init[941]: +----[SHA256]-----+\r\r\n[   29.562831] cloud-init[941]: Generating public/private ed25519 key pair.\r\r\n[   29.563038] cloud-init[941]: Your identification has been saved in /etc/ssh/ssh_host_ed25519_key.\r\r\n[   29.563246] cloud-init[941]: Your public key has been saved in /etc/ssh/ssh_host_ed25519_key.pub.\r\r\n[   29.563453] cloud-init[941]: The key fingerprint is:\r\r\n[   29.563659] cloud-init[941]: SHA256:IjarazOWhuruq6jM+pvTGPkLTsJ712+Z33AbQzbWiCE root@xplatvm\r\r\n[   29.563865] cloud-init[941]: The key's randomart image is:\r\r\n[   29.564097] cloud-init[941]: +--[ED25519 256]--+\r\r\n[   29.564306] cloud-init[941]: |                 |\r\r\n[   29.564495] cloud-init[941]: |                 |\r\r\n[   29.564710] cloud-init[941]: |         E .     |\r\r\n[   29.568037] cloud-init[941]: |          . o o  |\r\r\n[   29.568301] cloud-init[941]: |   .+ . S  . * . |\r\r\n[   29.568527] cloud-init[941]: |. o. + .    + .  |\r\r\n[   29.568744] cloud-init[941]: |.oo*. .   o. +   |\r\r\n[   29.568956] cloud-init[941]: |=+@=o. . +  + +  |\r\r\n[   29.569165] cloud-init[941]: |#&X*o.  o... o   |\r\r\n[   29.569382] cloud-init[941]: +----[SHA256]-----+\r\r\n[\u001b[32m  OK  \u001b[0m] Started Initial cloud-init job (metadata service crawler).\r\r\n[\u001b[32m  OK  \u001b[0m] Reached target Cloud-config availability.\r\r\n         Starting Apply the settings specified in cloud-config...\r\r\n         Starting Permit User Sessions...\r\r\n[\u001b[32m  OK  \u001b[0m] Started OpenBSD Secure Shell server.\r\r\n[\u001b[32m  OK  \u001b[0m] Started Permit User Sessions.\r\r\n         Starting Terminate Plymouth Boot Screen...\r\r\n         Starting Wait for Plymouth Boot Screen to Quit...\r\r\ncloud-init.service\r\r\nssh.service\r\r\nsystemd-user-sessions.service\r\r\n[   36.507970] cloud-init[1211]: Generating locales...\r\n[   36.634097] cloud-init[1211]: en_US.UTF-8... up-to-date\r\n[   36.653592] cloud-init[1211]: Generation complete.\r\n\r\r\nUbuntu 15.10 xplatvm ttyS0\r\n\r\nxplatvm login:
[   39.041502] cloud-init[1211]: Cloud-init v. 0.7.7 running 'modules:config' at Wed, 29 Jun 2016 13:59:20 +0000. Up 30.32 seconds.\r\nci-info: ++Authorized keys from /home/azureuser/.ssh/authorized_keys for user azureuser+++\r\nci-info: +---------+-------------------------------------------------+---------+---------+\r\nci-info: | Keytype |                Fingerprint (md5)                | Options | Comment |\r\nci-info: +---------+-------------------------------------------------+---------+---------+\r\nci-info: | ssh-rsa | 8f:df:8f:18:ba:cd:cc:63:7c:1f:ea:ae:ba:09:40:65 |    -    |    -    |\r\nci-info: +---------+-------------------------------------------------+---------+---------+\r\n<14>Jun 29 13:59:30 ec2: \r\n<14>Jun 29 13:59:30 ec2: #############################################################\r\n<14>Jun 29 13:59:30 ec2: -----BEGIN SSH HOST KEY FINGERPRINTS-----\r\n<14>Jun 29 13:59:30 ec2: 1024 SHA256:YulAocmsFLwD5i2+OJfizTLtKRyg4Kl3izFv/caKR1U root@xplatvm (DSA)\r\n<14>Jun 29 13:59:30 ec2: 256 SHA256:uBeAxRDphdGUyf1ucRkYNnvNoZ8KBT33ztdNLnMIvRU root@xplatvm (ECDSA)\r\n<14>Jun 29 13:59:30 ec2: 256 SHA256:IjarazOWhuruq6jM+pvTGPkLTsJ712+Z33AbQzbWiCE root@xplatvm (ED25519)\r\n<14>Jun 29 13:59:30 ec2: 2048 SHA256:VZtOVeqjWwPRn/H6+JNeFGW9zhN0WghPRz2xnfVKpDA root@xplatvm (RSA)\r\n<14>Jun 29 13:59:30 ec2: -----END SSH HOST KEY FINGERPRINTS-----\r\n<14>Jun 29 13:59:30 ec2: #############################################################\r\n-----BEGIN SSH HOST KEY KEYS-----\r\necdsa-sha2-nistp256 AAAAE2VjZHNhLXNoYTItbmlzdHAyNTYAAAAIbmlzdHAyNTYAAABBBDj/rxHT0tlBXPZAXiOgh27JnutWJoSJ7Nw4jbPNYU6zS5iCqmY2BnIbKO/LxfutGRm+6haqhAIzDlwQTDPOerc= root@xplatvm\r\nssh-ed25519 AAAAC3NzaC1lZDI1NTE5AAAAIDISa8gudsA7HSTCzTUukLQ/mg2QN9x2oo0YPC9ootND root@xplatvm\r\nssh-rsa AAAAB3NzaC1yc2EAAAADAQABAAABAQDwXJqNm/yc3UnBW/jBS3A1Npduv7nO+HtAYja38NkEvsVryUsMwlWPmbhhLM1n3jpp1AhyLYv/Yga/pQLQVfGfLDOJEoBK9yVVoDiE572jo2UpJfMwt1NSnE6jrWe1oZrEhbzP46T8AsV4c86fhAtbIwDfnm3lGKAXSzu98Gn53vzqotJRvAD0aP+FbRCeIKYgeQwy7O0CbWXW+o20BW4uzietqAdirh1rsIyV1wPK5E4OXp6GV7FdMYY4kcMi80ge+8vIVxw1qQNnQyaaAUyFncGLTzjiYsxma7s7eFeudCzJVAGI9iSDVYJy2fvLM5tpBJGBFHPk/NblCD2nWngH root@xplatvm\r\n-----END SSH HOST KEY KEYS-----\r\n[   39.793089] cloud-init[1318]: Cloud-init v. 0.7.7 running 'modules:final' at Wed, 29 Jun 2016 13:59:29 +0000. Up 39.40 seconds.\r\n[   39.829796] cloud-init[1318]: Cloud-init v. 0.7.7 finished at Wed, 29 Jun 2016 13:59:30 +0000. Datasource DataSourceAzureNet [seed=/dev/sr0].  Up 39.78 seconds\r\n2016/06/29 13:59:33.273825 INFO Wait for ssh host key to be generated.\r\n2016/06/29 13:59:33.294818 INFO Finished provisioning\r\n2016/06/29 13:59:36.084636 INFO Event: name=WALA, op=Provision, message=Provision succeed\r\n2016/06/29 13:59:36.104181 INFO Detect protocol endpoints\r\n2016/06/29 13:59:36.119040 INFO Start env monitor service.\r\n2016/06/29 13:59:36.134732 INFO Configure routes\r\n2016/06/29 13:59:36.144064 INFO Event: name=WALA, op=HeartBeat, message=\r\n2016/06/29 13:59:36.157070 INFO Gateway:10.0.0.1\r\n2016/06/29 13:59:36.168148 INFO Routes:None\r\n2016/06/29 13:59:36.186965 INFO Set block dev timeout: sda with timeout: 300\r\n2016/06/29 13:59:36.198028 INFO Set block dev timeout: sdb with timeout: 300\r\n2016/06/29 13:59:37.192831 INFO Handle new ext handler config\r\n2016/06/29 13:59:37.206529 INFO No ext handler config found\r\n2016/06/29 13:59:37.437807 INFO Successfully reported vm agent status\r\n2016/06/29 14:01:21.482201 INFO Handle new ext handler config\r\n2016/06/29 14:01:21.495832 INFO No ext handler config found\r\n2016/06/29 14:01:21.561531 INFO Successfully reported vm agent status\r\n2016/06/29 14:06:54.400156 INFO Handle new ext handler config\r\n2016/06/29 14:06:54.412465 INFO No ext handler config found\r\n2016/06/29 14:06:54.470962 INFO Successfully reported vm agent status\r\n\u0000\u0000\u0000\u0000\u0000\u0000\u0000\u0000\u0000\u0000\u0000\u0000\u0000\u0000\u0000\u0000\u0000\u0000\u0000\u0000\u0000\u0000\u0000\u0000\u0000\u0000\u0000\u0000\u0000\u0000\u0000\u0000\u0000\u0000\u0000\u0000\u0000\u0000\u0000\u0000\u0000\u0000\u0000\u0000\u0000\u0000\u0000\u0000\u0000\u0000\u0000\u0000\u0000\u0000\u0000\u0000\u0000\u0000\u0000\u0000\u0000\u0000\u0000\u0000\u0000\u0000\u0000\u0000\u0000\u0000\u0000\u0000\u0000\u0000\u0000\u0000\u0000\u0000\u0000\u0000\u0000\u0000\u0000\u0000\u0000\u0000\u0000\u0000\u0000\u0000\u0000\u0000\u0000\u0000\u0000\u0000\u0000\u0000\u0000\u0000\u0000\u0000\u0000\u0000\u0000\u0000\u0000\u0000\u0000\u0000\u0000\u0000\u0000\u0000\u0000\u0000\u0000\u0000\u0000\u0000\u0000\u0000\u0000\u0000\u0000\u0000\u0000\u0000\u0000\u0000\u0000\u0000\u0000\u0000\u0000\u0000\u0000\u0000\u0000\u0000\u0000\u0000\u0000\u0000\u0000\u0000\u0000\u0000\u0000\u0000\u0000\u0000\u0000\u0000\u0000\u0000\u0000\u0000\u0000\u0000\u0000\u0000\u0000\u0000\u0000\u0000\u0000\u0000\u0000\u0000\u0000\u0000\u0000\u0000\u0000\u0000\u0000\u0000\u0000\u0000\u0000\u0000\u0000\u0000\u0000\u0000\u0000\u0000\u0000\u0000\u0000\u0000\u0000\u0000\u0000\u0000\u0000\u0000\u0000\u0000\u0000\u0000\u0000\u0000\u0000\u0000\u0000\u0000\u0000\u0000\u0000\u0000\u0000\u0000\u0000\u0000\u0000\u0000\u0000\u0000\u0000", { 'content-length': '60928',
  'content-type': 'text/plain',
  'last-modified': 'Wed, 29 Jun 2016 14:07:39 GMT',
  'accept-ranges': 'bytes',
  etag: '"0x8D3A026BAC79CAA"',
  server: 'Windows-Azure-Blob/1.0 Microsoft-HTTPAPI/2.0',
  'x-ms-request-id': '08b8ccc3-0001-0049-5f0f-d245ff000000',
  'x-ms-version': '2015-04-05',
  'x-ms-write-protection': 'false',
  'x-ms-lease-status': 'unlocked',
  'x-ms-lease-state': 'available',
  'x-ms-blob-type': 'PageBlob',
  'x-ms-blob-sequence-number': '0',
  date: 'Wed, 29 Jun 2016 14:07:57 GMT',
  connection: 'close' });
 return result; },
function (nock) { 
var result = 
nock('https://xplatteststorage13434.blob.core.windows.net:443')
  .get('/bootdiagnostics-xplatvm-a4b05b7b-c6ad-4d91-b739-1f5d0f447375/xplatvm.a4b05b7b-c6ad-4d91-b739-1f5d0f447375.serialconsole.log')
