// This file has been autogenerated.

var profile = require('../../../lib/util/profile');

exports.getMockedProfile = function () {
  var newProfile = new profile.Profile();

  newProfile.addSubscription(new profile.Subscription({
    id: '2c224e7e-3ef5-431d-a57b-e71f4662e3a6',
    name: 'Node CLI Test',
    user: {
      name: 'user@domain.example',
      type: 'user'
    },
    tenantId: '72f988bf-86f1-41af-91ab-2d7cd011db47',
    state: 'Enabled',
    registeredProviders: [],
    _eventsCount: '1',
    isDefault: true
  }, newProfile.environments['AzureCloud']));

  return newProfile;
};

exports.setEnvironment = function() {
  process.env['AZURE_VM_TEST_LOCATION'] = 'southeastasia';
  process.env['SSHCERT'] = 'test/myCert.pem';
};

exports.scopes = [[function (nock) { 
var result = 
nock('http://management.azure.com:443')
  .get('/subscriptions/2c224e7e-3ef5-431d-a57b-e71f4662e3a6/resourceGroups/xplatTestGVMCreate821/providers/Microsoft.Compute/virtualMachines/xplatvm?$expand=instanceView&api-version=2016-03-30')
  .reply(200, "{\r\n  \"properties\": {\r\n    \"vmId\": \"164393f4-d6b5-4e1b-88de-b87ab5b73127\",\r\n    \"availabilitySet\": {\r\n      \"id\": \"/subscriptions/2c224e7e-3ef5-431d-a57b-e71f4662e3a6/resourceGroups/xplatTestGVMCreate821/providers/Microsoft.Compute/availabilitySets/XPLATTESTAAVAIL9099\"\r\n    },\r\n    \"hardwareProfile\": {\r\n      \"vmSize\": \"Standard_D1\"\r\n    },\r\n    \"storageProfile\": {\r\n      \"imageReference\": {\r\n        \"publisher\": \"canonical\",\r\n        \"offer\": \"UbuntuServer\",\r\n        \"sku\": \"15.10\",\r\n        \"version\": \"latest\"\r\n      },\r\n      \"osDisk\": {\r\n        \"osType\": \"Linux\",\r\n        \"name\": \"cli9bf54a098b097d55-os-1468918777524\",\r\n        \"createOption\": \"FromImage\",\r\n        \"vhd\": {\r\n          \"uri\": \"https://xplatteststorage1311.blob.core.windows.net/xplatteststoragecnt11061/cli9bf54a098b097d55-os-1468918777524.vhd\"\r\n        },\r\n        \"caching\": \"ReadWrite\"\r\n      },\r\n      \"dataDisks\": []\r\n    },\r\n    \"osProfile\": {\r\n      \"computerName\": \"xplatvm\",\r\n      \"adminUsername\": \"azureuser\",\r\n      \"linuxConfiguration\": {\r\n        \"disablePasswordAuthentication\": false,\r\n        \"ssh\": {\r\n          \"publicKeys\": [\r\n            {\r\n              \"path\": \"/home/azureuser/.ssh/authorized_keys\",\r\n              \"keyData\": \"MIID/zCCAuegAwIBAgIJAMUAa+XVLvAeMA0GCSqGSIb3DQEBBQUAMIGVMQswCQYD\\r\\nVQQGEwJJbjESMBAGA1UECAwJS2FybmF0YWthMRIwEAYDVQQHDAlCYW5nYWxvcmUx\\r\\nEDAOBgNVBAoMB2JyaWxsaW8xEjAQBgNVBAsMCW1pY3Jvc29mdDEQMA4GA1UEAwwH\\r\\nYnJpbGxpbzEmMCQGCSqGSIb3DQEJARYXc3JlZWthbnRoYnNAeWFob28uY28uaW4w\\r\\nHhcNMTUwMzA1MTE1MzEyWhcNMTYwMzA0MTE1MzEyWjCBlTELMAkGA1UEBhMCSW4x\\r\\nEjAQBgNVBAgMCUthcm5hdGFrYTESMBAGA1UEBwwJQmFuZ2Fsb3JlMRAwDgYDVQQK\\r\\nDAdicmlsbGlvMRIwEAYDVQQLDAltaWNyb3NvZnQxEDAOBgNVBAMMB2JyaWxsaW8x\\r\\nJjAkBgkqhkiG9w0BCQEWF3NyZWVrYW50aGJzQHlhaG9vLmNvLmluMIIBIjANBgkq\\r\\nhkiG9w0BAQEFAAOCAQ8AMIIBCgKCAQEAyUNKaOuT0NK+S8Ck81zy9xJ6hXfZvAC6\\r\\nlhbmf/6s/WVimJ/TX5NMhQJwC9k6ZIF92KfYrojHNvHDufSZ3EtKUVwRFCDjmgMT\\r\\nDL09WkGaZt7gROYFK0iZ4KrYGovUwlwum9fHB24OJiOV4bi0ek62/rHx9fjYZpvp\\r\\naIH2PV/hN8SCZ0x7HJMberD4gVoU/Kv42nNvwjLUW6IZfVx/Gv5OeFDtWHfSvUEF\\r\\ndadHKTPn3Ab20Iu6gZIbLO9Vuf38/IpaYGfnFCouHdzmiTiLieYNe3CUPcOJNSv7\\r\\n1G8KYpx3uNJRkJPab5OsRyJw75Gvzkr9OgaPss9tVD6Gt68u3WQtVQIDAQABo1Aw\\r\\nTjAdBgNVHQ4EFgQUogvhXB+xZ2JJPfLO6cVs4ForzscwHwYDVR0jBBgwFoAUogvh\\r\\nXB+xZ2JJPfLO6cVs4ForzscwDAYDVR0TBAUwAwEB/zANBgkqhkiG9w0BAQUFAAOC\\r\\nAQEAdDj7qUNJ45xlF5cjd+4x5NHvAD1VTjOKu+Xh/uzSSjXqB2F0aOMWA9lx0qaQ\\r\\noJgHkGxj3zz/W7ik/cVGL2O+vRIOKv/y0OPogEmS3Hw+P+O6OGE7x1G6YN0zLVoL\\r\\nu4BN/BEYmjttxM9I7qqL7C5cJoE+K3s/w1/pt/68ohJcr7F9Ohi7cso62xuGY1Rm\\r\\nksAh2EUDsU9JV/P+C9AMpLSrb03JJYzVj4w1RHbrmw2AjFyGXdQYkggyXisg+Ifr\\r\\n5gbNN7HigpHf7b2i3CQBUqp9m23frh5AhnLI2qp3UXgc52U5ieLdi/t6j0TTZqqY\\r\\nHhHqofKrj938HHlBNpC5/LVh3w==\\r\\n\"\r\n            }\r\n          ]\r\n        }\r\n      },\r\n      \"secrets\": []\r\n    },\r\n    \"networkProfile\": {\"networkInterfaces\":[{\"id\":\"/subscriptions/2c224e7e-3ef5-431d-a57b-e71f4662e3a6/resourceGroups/xplatTestGVMCreate821/providers/Microsoft.Network/networkInterfaces/xplattestnic\"}]},\r\n    \"diagnosticsProfile\": {\r\n      \"bootDiagnostics\": {\r\n        \"enabled\": true,\r\n        \"storageUri\": \"https://xplatteststorage1311.blob.core.windows.net/\"\r\n      }\r\n    },\r\n    \"provisioningState\": \"Succeeded\",\r\n    \"instanceView\": {\r\n      \"platformUpdateDomain\": 0,\r\n      \"platformFaultDomain\": 0,\r\n      \"vmAgent\": {\r\n        \"vmAgentVersion\": \"2.1.3\",\r\n        \"statuses\": [\r\n          {\r\n            \"code\": \"ProvisioningState/succeeded\",\r\n            \"level\": \"Info\",\r\n            \"displayStatus\": \"Ready\",\r\n            \"message\": \"Guest Agent is running\",\r\n            \"time\": \"2016-07-19T09:12:24+00:00\"\r\n          }\r\n        ],\r\n        \"extensionHandlers\": []\r\n      },\r\n      \"disks\": [\r\n        {\r\n          \"name\": \"cli9bf54a098b097d55-os-1468918777524\",\r\n          \"statuses\": [\r\n            {\r\n              \"code\": \"ProvisioningState/succeeded\",\r\n              \"level\": \"Info\",\r\n              \"displayStatus\": \"Provisioning succeeded\",\r\n              \"time\": \"2016-07-19T08:59:46.5437037+00:00\"\r\n            }\r\n          ]\r\n        }\r\n      ],\r\n      \"bootDiagnostics\": {\r\n        \"consoleScreenshotBlobUri\": \"https://xplatteststorage1311.blob.core.windows.net/bootdiagnostics-xplatvm-164393f4-d6b5-4e1b-88de-b87ab5b73127/xplatvm.164393f4-d6b5-4e1b-88de-b87ab5b73127.screenshot.bmp\",\r\n        \"serialConsoleLogBlobUri\": \"https://xplatteststorage1311.blob.core.windows.net/bootdiagnostics-xplatvm-164393f4-d6b5-4e1b-88de-b87ab5b73127/xplatvm.164393f4-d6b5-4e1b-88de-b87ab5b73127.serialconsole.log\"\r\n      },\r\n      \"statuses\": [\r\n        {\r\n          \"code\": \"ProvisioningState/succeeded\",\r\n          \"level\": \"Info\",\r\n          \"displayStatus\": \"Provisioning succeeded\",\r\n          \"time\": \"2016-07-19T09:01:44.2007139+00:00\"\r\n        },\r\n        {\r\n          \"code\": \"PowerState/running\",\r\n          \"level\": \"Info\",\r\n          \"displayStatus\": \"VM running\"\r\n        }\r\n      ]\r\n    }\r\n  },\r\n  \"id\": \"/subscriptions/2c224e7e-3ef5-431d-a57b-e71f4662e3a6/resourceGroups/xplatTestGVMCreate821/providers/Microsoft.Compute/virtualMachines/xplatvm\",\r\n  \"name\": \"xplatvm\",\r\n  \"type\": \"Microsoft.Compute/virtualMachines\",\r\n  \"location\": \"southeastasia\",\r\n  \"tags\": {\r\n    \"a\": \"b\",\r\n    \"b\": \"c\",\r\n    \"d\": \"\"\r\n  }\r\n}", { 'cache-control': 'no-cache',
  pragma: 'no-cache',
  'content-length': '5207',
  'content-type': 'application/json; charset=utf-8',
  expires: '-1',
  'strict-transport-security': 'max-age=31536000; includeSubDomains',
  'x-ms-served-by': '9bcaa9de-92b1-485f-8528-dfb04fe7611e_131124300037246569',
  'x-ms-request-id': 'dcf74a4e-2a06-4921-84ad-d39233141e54',
  server: 'Microsoft-HTTPAPI/2.0',
  'x-ms-ratelimit-remaining-subscription-reads': '14951',
  'x-ms-correlation-request-id': '3920e007-9d9f-4297-bd40-cf0271524966',
  'x-ms-routing-request-id': 'WESTEUROPE:20160719T091241Z:3920e007-9d9f-4297-bd40-cf0271524966',
  date: 'Tue, 19 Jul 2016 09:12:41 GMT',
  connection: 'close' });
 return result; },
function (nock) { 
var result = 
nock('https://management.azure.com:443')
  .get('/subscriptions/2c224e7e-3ef5-431d-a57b-e71f4662e3a6/resourceGroups/xplatTestGVMCreate821/providers/Microsoft.Compute/virtualMachines/xplatvm?$expand=instanceView&api-version=2016-03-30')
  .reply(200, "{\r\n  \"properties\": {\r\n    \"vmId\": \"164393f4-d6b5-4e1b-88de-b87ab5b73127\",\r\n    \"availabilitySet\": {\r\n      \"id\": \"/subscriptions/2c224e7e-3ef5-431d-a57b-e71f4662e3a6/resourceGroups/xplatTestGVMCreate821/providers/Microsoft.Compute/availabilitySets/XPLATTESTAAVAIL9099\"\r\n    },\r\n    \"hardwareProfile\": {\r\n      \"vmSize\": \"Standard_D1\"\r\n    },\r\n    \"storageProfile\": {\r\n      \"imageReference\": {\r\n        \"publisher\": \"canonical\",\r\n        \"offer\": \"UbuntuServer\",\r\n        \"sku\": \"15.10\",\r\n        \"version\": \"latest\"\r\n      },\r\n      \"osDisk\": {\r\n        \"osType\": \"Linux\",\r\n        \"name\": \"cli9bf54a098b097d55-os-1468918777524\",\r\n        \"createOption\": \"FromImage\",\r\n        \"vhd\": {\r\n          \"uri\": \"https://xplatteststorage1311.blob.core.windows.net/xplatteststoragecnt11061/cli9bf54a098b097d55-os-1468918777524.vhd\"\r\n        },\r\n        \"caching\": \"ReadWrite\"\r\n      },\r\n      \"dataDisks\": []\r\n    },\r\n    \"osProfile\": {\r\n      \"computerName\": \"xplatvm\",\r\n      \"adminUsername\": \"azureuser\",\r\n      \"linuxConfiguration\": {\r\n        \"disablePasswordAuthentication\": false,\r\n        \"ssh\": {\r\n          \"publicKeys\": [\r\n            {\r\n              \"path\": \"/home/azureuser/.ssh/authorized_keys\",\r\n              \"keyData\": \"MIID/zCCAuegAwIBAgIJAMUAa+XVLvAeMA0GCSqGSIb3DQEBBQUAMIGVMQswCQYD\\r\\nVQQGEwJJbjESMBAGA1UECAwJS2FybmF0YWthMRIwEAYDVQQHDAlCYW5nYWxvcmUx\\r\\nEDAOBgNVBAoMB2JyaWxsaW8xEjAQBgNVBAsMCW1pY3Jvc29mdDEQMA4GA1UEAwwH\\r\\nYnJpbGxpbzEmMCQGCSqGSIb3DQEJARYXc3JlZWthbnRoYnNAeWFob28uY28uaW4w\\r\\nHhcNMTUwMzA1MTE1MzEyWhcNMTYwMzA0MTE1MzEyWjCBlTELMAkGA1UEBhMCSW4x\\r\\nEjAQBgNVBAgMCUthcm5hdGFrYTESMBAGA1UEBwwJQmFuZ2Fsb3JlMRAwDgYDVQQK\\r\\nDAdicmlsbGlvMRIwEAYDVQQLDAltaWNyb3NvZnQxEDAOBgNVBAMMB2JyaWxsaW8x\\r\\nJjAkBgkqhkiG9w0BCQEWF3NyZWVrYW50aGJzQHlhaG9vLmNvLmluMIIBIjANBgkq\\r\\nhkiG9w0BAQEFAAOCAQ8AMIIBCgKCAQEAyUNKaOuT0NK+S8Ck81zy9xJ6hXfZvAC6\\r\\nlhbmf/6s/WVimJ/TX5NMhQJwC9k6ZIF92KfYrojHNvHDufSZ3EtKUVwRFCDjmgMT\\r\\nDL09WkGaZt7gROYFK0iZ4KrYGovUwlwum9fHB24OJiOV4bi0ek62/rHx9fjYZpvp\\r\\naIH2PV/hN8SCZ0x7HJMberD4gVoU/Kv42nNvwjLUW6IZfVx/Gv5OeFDtWHfSvUEF\\r\\ndadHKTPn3Ab20Iu6gZIbLO9Vuf38/IpaYGfnFCouHdzmiTiLieYNe3CUPcOJNSv7\\r\\n1G8KYpx3uNJRkJPab5OsRyJw75Gvzkr9OgaPss9tVD6Gt68u3WQtVQIDAQABo1Aw\\r\\nTjAdBgNVHQ4EFgQUogvhXB+xZ2JJPfLO6cVs4ForzscwHwYDVR0jBBgwFoAUogvh\\r\\nXB+xZ2JJPfLO6cVs4ForzscwDAYDVR0TBAUwAwEB/zANBgkqhkiG9w0BAQUFAAOC\\r\\nAQEAdDj7qUNJ45xlF5cjd+4x5NHvAD1VTjOKu+Xh/uzSSjXqB2F0aOMWA9lx0qaQ\\r\\noJgHkGxj3zz/W7ik/cVGL2O+vRIOKv/y0OPogEmS3Hw+P+O6OGE7x1G6YN0zLVoL\\r\\nu4BN/BEYmjttxM9I7qqL7C5cJoE+K3s/w1/pt/68ohJcr7F9Ohi7cso62xuGY1Rm\\r\\nksAh2EUDsU9JV/P+C9AMpLSrb03JJYzVj4w1RHbrmw2AjFyGXdQYkggyXisg+Ifr\\r\\n5gbNN7HigpHf7b2i3CQBUqp9m23frh5AhnLI2qp3UXgc52U5ieLdi/t6j0TTZqqY\\r\\nHhHqofKrj938HHlBNpC5/LVh3w==\\r\\n\"\r\n            }\r\n          ]\r\n        }\r\n      },\r\n      \"secrets\": []\r\n    },\r\n    \"networkProfile\": {\"networkInterfaces\":[{\"id\":\"/subscriptions/2c224e7e-3ef5-431d-a57b-e71f4662e3a6/resourceGroups/xplatTestGVMCreate821/providers/Microsoft.Network/networkInterfaces/xplattestnic\"}]},\r\n    \"diagnosticsProfile\": {\r\n      \"bootDiagnostics\": {\r\n        \"enabled\": true,\r\n        \"storageUri\": \"https://xplatteststorage1311.blob.core.windows.net/\"\r\n      }\r\n    },\r\n    \"provisioningState\": \"Succeeded\",\r\n    \"instanceView\": {\r\n      \"platformUpdateDomain\": 0,\r\n      \"platformFaultDomain\": 0,\r\n      \"vmAgent\": {\r\n        \"vmAgentVersion\": \"2.1.3\",\r\n        \"statuses\": [\r\n          {\r\n            \"code\": \"ProvisioningState/succeeded\",\r\n            \"level\": \"Info\",\r\n            \"displayStatus\": \"Ready\",\r\n            \"message\": \"Guest Agent is running\",\r\n            \"time\": \"2016-07-19T09:12:24+00:00\"\r\n          }\r\n        ],\r\n        \"extensionHandlers\": []\r\n      },\r\n      \"disks\": [\r\n        {\r\n          \"name\": \"cli9bf54a098b097d55-os-1468918777524\",\r\n          \"statuses\": [\r\n            {\r\n              \"code\": \"ProvisioningState/succeeded\",\r\n              \"level\": \"Info\",\r\n              \"displayStatus\": \"Provisioning succeeded\",\r\n              \"time\": \"2016-07-19T08:59:46.5437037+00:00\"\r\n            }\r\n          ]\r\n        }\r\n      ],\r\n      \"bootDiagnostics\": {\r\n        \"consoleScreenshotBlobUri\": \"https://xplatteststorage1311.blob.core.windows.net/bootdiagnostics-xplatvm-164393f4-d6b5-4e1b-88de-b87ab5b73127/xplatvm.164393f4-d6b5-4e1b-88de-b87ab5b73127.screenshot.bmp\",\r\n        \"serialConsoleLogBlobUri\": \"https://xplatteststorage1311.blob.core.windows.net/bootdiagnostics-xplatvm-164393f4-d6b5-4e1b-88de-b87ab5b73127/xplatvm.164393f4-d6b5-4e1b-88de-b87ab5b73127.serialconsole.log\"\r\n      },\r\n      \"statuses\": [\r\n        {\r\n          \"code\": \"ProvisioningState/succeeded\",\r\n          \"level\": \"Info\",\r\n          \"displayStatus\": \"Provisioning succeeded\",\r\n          \"time\": \"2016-07-19T09:01:44.2007139+00:00\"\r\n        },\r\n        {\r\n          \"code\": \"PowerState/running\",\r\n          \"level\": \"Info\",\r\n          \"displayStatus\": \"VM running\"\r\n        }\r\n      ]\r\n    }\r\n  },\r\n  \"id\": \"/subscriptions/2c224e7e-3ef5-431d-a57b-e71f4662e3a6/resourceGroups/xplatTestGVMCreate821/providers/Microsoft.Compute/virtualMachines/xplatvm\",\r\n  \"name\": \"xplatvm\",\r\n  \"type\": \"Microsoft.Compute/virtualMachines\",\r\n  \"location\": \"southeastasia\",\r\n  \"tags\": {\r\n    \"a\": \"b\",\r\n    \"b\": \"c\",\r\n    \"d\": \"\"\r\n  }\r\n}", { 'cache-control': 'no-cache',
  pragma: 'no-cache',
  'content-length': '5207',
  'content-type': 'application/json; charset=utf-8',
  expires: '-1',
  'strict-transport-security': 'max-age=31536000; includeSubDomains',
  'x-ms-served-by': '9bcaa9de-92b1-485f-8528-dfb04fe7611e_131124300037246569',
  'x-ms-request-id': 'dcf74a4e-2a06-4921-84ad-d39233141e54',
  server: 'Microsoft-HTTPAPI/2.0',
  'x-ms-ratelimit-remaining-subscription-reads': '14951',
  'x-ms-correlation-request-id': '3920e007-9d9f-4297-bd40-cf0271524966',
  'x-ms-routing-request-id': 'WESTEUROPE:20160719T091241Z:3920e007-9d9f-4297-bd40-cf0271524966',
  date: 'Tue, 19 Jul 2016 09:12:41 GMT',
  connection: 'close' });
 return result; },
function (nock) { 
var result = 
nock('http://management.azure.com:443')
  .post('/subscriptions/2c224e7e-3ef5-431d-a57b-e71f4662e3a6/resourceGroups/xplatTestGVMCreate821/providers/Microsoft.Storage/storageAccounts/xplatteststorage1311/listKeys?api-version=2016-01-01')
  .reply(200, "{\"keys\":[{\"keyName\":\"key1\",\"permissions\":\"Full\",\"value\":\"CUUP5B46qHeYg3FXM2yAjQVmZe75T9sJumYbj+Kottut2FXy0gNqTarpyCd8CEEKnC+TsxeF/XRdpTmMk9vMsA==\"},{\"keyName\":\"key2\",\"permissions\":\"Full\",\"value\":\"MgTlkUdawFJeBAk3Z0EKSDUf1Uv+lp+gIoUTGyLh0v4beeth+/rE7vX/2ij9Q74kMajgbn/shihdLyu9l0wgbw==\"}]}\n", { 'cache-control': 'no-cache',
  pragma: 'no-cache',
  'content-length': '289',
  'content-type': 'application/json',
  expires: '-1',
  'x-ms-request-id': '6de933a1-f49c-46a1-a0ec-37441f38b1cb',
  server: 'Microsoft-Azure-Storage-Resource-Provider/1.0',
  'x-ms-ratelimit-remaining-subscription-writes': '1197',
  'x-ms-correlation-request-id': '6de933a1-f49c-46a1-a0ec-37441f38b1cb',
  'x-ms-routing-request-id': 'WESTEUROPE:20160719T091242Z:6de933a1-f49c-46a1-a0ec-37441f38b1cb',
  'strict-transport-security': 'max-age=31536000; includeSubDomains',
  date: 'Tue, 19 Jul 2016 09:12:42 GMT',
  connection: 'close' });
 return result; },
function (nock) { 
var result = 
nock('https://management.azure.com:443')
  .post('/subscriptions/2c224e7e-3ef5-431d-a57b-e71f4662e3a6/resourceGroups/xplatTestGVMCreate821/providers/Microsoft.Storage/storageAccounts/xplatteststorage1311/listKeys?api-version=2016-01-01')
  .reply(200, "{\"keys\":[{\"keyName\":\"key1\",\"permissions\":\"Full\",\"value\":\"CUUP5B46qHeYg3FXM2yAjQVmZe75T9sJumYbj+Kottut2FXy0gNqTarpyCd8CEEKnC+TsxeF/XRdpTmMk9vMsA==\"},{\"keyName\":\"key2\",\"permissions\":\"Full\",\"value\":\"MgTlkUdawFJeBAk3Z0EKSDUf1Uv+lp+gIoUTGyLh0v4beeth+/rE7vX/2ij9Q74kMajgbn/shihdLyu9l0wgbw==\"}]}\n", { 'cache-control': 'no-cache',
  pragma: 'no-cache',
  'content-length': '289',
  'content-type': 'application/json',
  expires: '-1',
  'x-ms-request-id': '6de933a1-f49c-46a1-a0ec-37441f38b1cb',
  server: 'Microsoft-Azure-Storage-Resource-Provider/1.0',
  'x-ms-ratelimit-remaining-subscription-writes': '1197',
  'x-ms-correlation-request-id': '6de933a1-f49c-46a1-a0ec-37441f38b1cb',
  'x-ms-routing-request-id': 'WESTEUROPE:20160719T091242Z:6de933a1-f49c-46a1-a0ec-37441f38b1cb',
  'strict-transport-security': 'max-age=31536000; includeSubDomains',
  date: 'Tue, 19 Jul 2016 09:12:42 GMT',
  connection: 'close' });
 return result; },
function (nock) { 
var result = 
nock('http://xplatteststorage1311.blob.core.windows.net:443')
  .head('/bootdiagnostics-xplatvm-164393f4-d6b5-4e1b-88de-b87ab5b73127/xplatvm.164393f4-d6b5-4e1b-88de-b87ab5b73127.serialconsole.log')
  .reply(200, "", { 'content-length': '66560',
  'content-type': 'text/plain',
  'last-modified': 'Tue, 19 Jul 2016 09:10:22 GMT',
  'accept-ranges': 'bytes',
  etag: '"0x8D3AFB483A53EA5"',
  server: 'Windows-Azure-Blob/1.0 Microsoft-HTTPAPI/2.0',
  'x-ms-request-id': '10463cee-0001-0043-249d-e19a27000000',
  'x-ms-version': '2015-04-05',
  'x-ms-write-protection': 'false',
  'x-ms-lease-status': 'unlocked',
  'x-ms-lease-state': 'available',
  'x-ms-blob-type': 'PageBlob',
  'x-ms-blob-sequence-number': '0',
  date: 'Tue, 19 Jul 2016 09:12:44 GMT',
  connection: 'close' });
 return result; },
function (nock) { 
var result = 
nock('https://xplatteststorage1311.blob.core.windows.net:443')
  .head('/bootdiagnostics-xplatvm-164393f4-d6b5-4e1b-88de-b87ab5b73127/xplatvm.164393f4-d6b5-4e1b-88de-b87ab5b73127.serialconsole.log')
  .reply(200, "", { 'content-length': '66560',
  'content-type': 'text/plain',
  'last-modified': 'Tue, 19 Jul 2016 09:10:22 GMT',
  'accept-ranges': 'bytes',
  etag: '"0x8D3AFB483A53EA5"',
  server: 'Windows-Azure-Blob/1.0 Microsoft-HTTPAPI/2.0',
  'x-ms-request-id': '10463cee-0001-0043-249d-e19a27000000',
  'x-ms-version': '2015-04-05',
  'x-ms-write-protection': 'false',
  'x-ms-lease-status': 'unlocked',
  'x-ms-lease-state': 'available',
  'x-ms-blob-type': 'PageBlob',
  'x-ms-blob-sequence-number': '0',
  date: 'Tue, 19 Jul 2016 09:12:44 GMT',
  connection: 'close' });
 return result; },
function (nock) { 
var result = 
nock('http://xplatteststorage1311.blob.core.windows.net:443')
  .get('/bootdiagnostics-xplatvm-164393f4-d6b5-4e1b-88de-b87ab5b73127/xplatvm.164393f4-d6b5-4e1b-88de-b87ab5b73127.serialconsole.log')
  .reply(200, "\u001b[H\u001b[J\u001b[1;1H[    0.000000] Initializing cgroup subsys cpuset\r\n[    0.000000] Initializing cgroup subsys cpu\r\n[    0.000000] Initializing cgroup subsys cpuacct\r\n[    0.000000] Linux version 4.2.0-41-generic (buildd@lgw01-52) (gcc version 5.2.1 20151010 (Ubuntu 5.2.1-22ubuntu2) ) #48-Ubuntu SMP Fri Jun 24 11:28:43 UTC 2016 (Ubuntu 4.2.0-41.48-generic 4.2.8-ckt11)\r\n[    0.000000] Command line: BOOT_IMAGE=/boot/vmlinuz-4.2.0-41-generic root=UUID=c6ca03a3-2d7b-430b-8769-5d086ee49acc ro console=tty1 console=ttyS0 earlyprintk=ttyS0 rootdelay=300\r\n[    0.000000] KERNEL supported cpus:\r\n[    0.000000]   Intel GenuineIntel\r\n[    0.000000]   AMD AuthenticAMD\r\n[    0.000000]   Centaur CentaurHauls\r\n[    0.000000] x86/fpu: xstate_offset[2]: 0240, xstate_sizes[2]: 0100\r\n[    0.000000] x86/fpu: Supporting XSAVE feature 0x01: 'x87 floating point registers'\r\n[    0.000000] x86/fpu: Supporting XSAVE feature 0x02: 'SSE registers'\r\n[    0.000000] x86/fpu: Supporting XSAVE feature 0x04: 'AVX registers'\r\n[    0.000000] x86/fpu: Enabled xstate features 0x7, context size is 0x340 bytes, using 'standard' format.\r\n[    0.000000] x86/fpu: Using 'eager' FPU context switches.\r\n[    0.000000] e820: BIOS-provided physical RAM map:\r\n[    0.000000] BIOS-e820: [mem 0x0000000000000000-0x000000000009fbff] usable\r\n[    0.000000] BIOS-e820: [mem 0x000000000009fc00-0x000000000009ffff] reserved\r\n[    0.000000] BIOS-e820: [mem 0x00000000000e0000-0x00000000000fffff] reserved\r\n[    0.000000] BIOS-e820: [mem 0x0000000000100000-0x000000001ffeffff] usable\r\n[    0.000000] BIOS-e820: [mem 0x000000001fff0000-0x000000001fffefff] ACPI data\r\n[    0.000000] BIOS-e820: [mem 0x000000001ffff000-0x000000001fffffff] ACPI NVS\r\n[    0.000000] BIOS-e820: [mem 0x0000000100000000-0x00000001bfffffff] usable\r\n[    0.000000] bootconsole [earlyser0] enabled\r\n[    0.000000] NX (Execute Disable) protection: active\r\n[    0.000000] SMBIOS 2.3 present.\r\n[    0.000000] Hypervisor detected: Microsoft HyperV\r\n[    0.000000] HyperV: features 0xe7f, hints 0x2c\r\n[    0.000000] HyperV: LAPIC Timer Frequency: 0xc3500\r\n[    0.000000] clocksource: hyperv_clocksource: mask: 0xffffffffffffffff max_cycles: 0x24e6a1710, max_idle_ns: 440795202120 ns\r\n[    0.000000] tsc: Marking TSC unstable due to running on Hyper-V\r\n[    0.000000] e820: last_pfn = 0x1c0000 max_arch_pfn = 0x400000000\r\n[    0.000000] x86/PAT: Configuration [0-7]: WB  WC  UC- UC  WB  WC  UC- WT  \r\n[    0.000000] e820: last_pfn = 0x1fff0 max_arch_pfn = 0x400000000\r\n[    0.000000] found SMP MP-table at [mem 0x000ff780-0x000ff78f] mapped at [ffff8800000ff780]\r\n[    0.000000] Scanning 1 areas for low memory corruption\r\n[    0.000000] init_memory_mapping: [mem 0x00000000-0x000fffff]\r\n[    0.000000] init_memory_mapping: [mem 0x1bfe00000-0x1bfffffff]\r\n[    0.000000] init_memory_mapping: [mem 0x1a0000000-0x1bfdfffff]\r\n[    0.000000] init_memory_mapping: [mem 0x00100000-0x1ffeffff]\r\n[    0.000000] init_memory_mapping: [mem 0x100000000-0x19fffffff]\r\n[    0.000000] RAMDISK: [mem 0x1d9ba000-0x1f789fff]\r\n[    0.000000] ACPI: Early table checksum verification disabled\r\n[    0.000000] ACPI: RSDP 0x00000000000F56F0 000014 (v00 ACPIAM)\r\n[    0.000000] ACPI: RSDT 0x000000001FFF0000 000040 (v01 VRTUAL MICROSFT 05001223 MSFT 00000097)\r\n[    0.000000] ACPI: FACP 0x000000001FFF0200 000081 (v02 VRTUAL MICROSFT 05001223 MSFT 00000097)\r\n[    0.000000] ACPI: DSDT 0x000000001FFF1724 002E78 (v01 MSFTVM MSFTVM02 00000002 INTL 02002026)\r\n[    0.000000] ACPI: FACS 0x000000001FFFF000 000040\r\n[    0.000000] ACPI: WAET 0x000000001FFF1480 000028 (v01 VRTUAL MICROSFT 05001223 MSFT 00000097)\r\n[    0.000000] ACPI: SLIC 0x000000001FFF14C0 000176 (v01 VRTUAL MICROSFT 05001223 MSFT 00000097)\r\n[    0.000000] ACPI: OEM0 0x000000001FFF16C0 000064 (v01 VRTUAL MICROSFT 05001223 MSFT 00000097)\r\n[    0.000000] ACPI: SRAT 0x000000001FFF0600 000090 (v02 VRTUAL MICROSFT 00000001 MSFT 00000001)\r\n[    0.000000] ACPI: APIC 0x000000001FFF0300 00024C (v01 VRTUAL MICROSFT 05001223 MSFT 00000097)\r\n[    0.000000] ACPI: OEMB 0x000000001FFFF040 000064 (v01 VRTUAL MICROSFT 05001223 MSFT 00000097)\r\n[    0.000000] SRAT: PXM 0 -> APIC 0x00 -> Node 0\r\n[    0.000000] SRAT: Node 0 PXM 0 [mem 0x00000000-0x1fffffff]\r\n[    0.000000] SRAT: Node 0 PXM 0 [mem 0x100000000-0x1bfffffff]\r\n[    0.000000] NUMA: Node 0 [mem 0x00000000-0x1fffffff] + [mem 0x100000000-0x1bfffffff] -> [mem 0x00000000-0x1bfffffff]\r\n[    0.000000] NODE_DATA(0) allocated [mem 0x1bfffa000-0x1bfffefff]\r\n[    0.000000] Zone ranges:\r\n[    0.000000]   DMA      [mem 0x0000000000001000-0x0000000000ffffff]\r\n[    0.000000]   DMA32    [mem 0x0000000001000000-0x00000000ffffffff]\r\n[    0.000000]   Normal   [mem 0x0000000100000000-0x00000001bfffffff]\r\n[    0.000000] Movable zone start for each node\r\n[    0.000000] Early memory node ranges\r\n[    0.000000]   node   0: [mem 0x0000000000001000-0x000000000009efff]\r\n[    0.000000]   node   0: [mem 0x0000000000100000-0x000000001ffeffff]\r\n[    0.000000]   node   0: [mem 0x0000000100000000-0x00000001bfffffff]\r\n[    0.000000] Initmem setup node 0 [mem 0x0000000000001000-0x00000001bfffffff]\r\n[    0.000000] ACPI: PM-Timer IO Port: 0x408\r\n[    0.000000] IOAPIC[0]: apic_id 0, version 17, address 0xfec00000, GSI 0-23\r\n[    0.000000] ACPI: INT_SRC_OVR (bus 0 bus_irq 0 global_irq 2 dfl dfl)\r\n[    0.000000] ACPI: INT_SRC_OVR (bus 0 bus_irq 9 global_irq 9 high level)\r\n[    0.000000] Using ACPI (MADT) for SMP configuration information\r\n[    0.000000] smpboot: Allowing 64 CPUs, 63 hotplug CPUs\r\n[    0.000000] PM: Registered nosave memory: [mem 0x00000000-0x00000fff]\r\n[    0.000000] PM: Registered nosave memory: [mem 0x0009f000-0x0009ffff]\r\n[    0.000000] PM: Registered nosave memory: [mem 0x000a0000-0x000dffff]\r\n[    0.000000] PM: Registered nosave memory: [mem 0x000e0000-0x000fffff]\r\n[    0.000000] PM: Registered nosave memory: [mem 0x1fff0000-0x1fffefff]\r\n[    0.000000] PM: Registered nosave memory: [mem 0x1ffff000-0x1fffffff]\r\n[    0.000000] PM: Registered nosave memory: [mem 0x20000000-0xffffffff]\r\n[    0.000000] e820: [mem 0x20000000-0xffffffff] available for PCI devices\r\n[    0.000000] Booting paravirtualized kernel on bare hardware\r\n[    0.000000] clocksource: refined-jiffies: mask: 0xffffffff max_cycles: 0xffffffff, max_idle_ns: 7645519600211568 ns\r\n[    0.000000] setup_percpu: NR_CPUS:256 nr_cpumask_bits:256 nr_cpu_ids:64 nr_node_ids:1\r\n[    0.000000] PERCPU: Embedded 33 pages/cpu @ffff8801bae00000 s96728 r8192 d30248 u262144\r\n[    0.000000] Built 1 zonelists in Node order, mobility grouping on.  Total pages: 903033\r\n[    0.000000] Policy zone: Normal\r\n[    0.000000] Kernel command line: BOOT_IMAGE=/boot/vmlinuz-4.2.0-41-generic root=UUID=c6ca03a3-2d7b-430b-8769-5d086ee49acc ro console=tty1 console=ttyS0 earlyprintk=ttyS0 rootdelay=300\r\n[    0.000000] log_buf_len individual max cpu contribution: 4096 bytes\r\n[    0.000000] log_buf_len total cpu_extra contributions: 258048 bytes\r\n[    0.000000] log_buf_len min size: 262144 bytes\r\n[    0.000000] log_buf_len: 524288 bytes\r\n[    0.000000] early log buf free: 252360(96%)\r\n[    0.000000] PID hash table entries: 4096 (order: 3, 32768 bytes)\r\n[    0.000000] Memory: 3487924K/3669560K available (8186K kernel code, 1239K rwdata, 3808K rodata, 1464K init, 1292K bss, 181636K reserved, 0K cma-reserved)\r\n[    0.000000] SLUB: HWalign=64, Order=0-3, MinObjects=0, CPUs=64, Nodes=1\r\n[    0.000000] Hierarchical RCU implementation.\r\n[    0.000000] \tBuild-time adjustment of leaf fanout to 64.\r\n[    0.000000] \tRCU restricting CPUs from NR_CPUS=256 to nr_cpu_ids=64.\r\n[    0.000000] RCU: Adjusting geometry for rcu_fanout_leaf=64, nr_cpu_ids=64\r\n[    0.000000] NR_IRQS:16640 nr_irqs:936 16\r\n[    0.000000] \tOffload RCU callbacks from all CPUs\r\n[    0.000000] \tOffload RCU callbacks from CPUs: 0-63.\r\n[    0.000000] Console: colour VGA+ 80x25\r\n[    0.000000] console [tty1] enabled\r\n[    0.000000] console [ttyS0] enabled\r\n[    0.000000] console [ttyS0] enabled\r\n[    0.000000] bootconsole [earlyser0] disabled\r\n[    0.000000] bootconsole [earlyser0] disabled\r\n[    0.000000] tsc: Fast TSC calibration failed\r\n[    0.000000] tsc: Unable to calibrate against PIT\r\n[    0.000000] tsc: using PMTIMER reference calibration\r\n[    0.000000] tsc: Detected 2194.470 MHz processor\r\n[    0.016034] Calibrating delay loop (skipped), value calculated using timer frequency.. 4388.94 BogoMIPS (lpj=8777880)\r\n[    0.021297] pid_max: default: 65536 minimum: 512\r\n[    0.022752] ACPI: Core revision 20150619\r\n[    0.025900] ACPI: All ACPI Tables successfully acquired\r\n[    0.029123] Security Framework initialized\r\n[    0.030942] AppArmor: AppArmor initialized\r\n[    0.032019] Yama: becoming mindful.\r\n[    0.033692] Dentry cache hash table entries: 524288 (order: 10, 4194304 bytes)\r\n[    0.036931] Inode-cache hash table entries: 262144 (order: 9, 2097152 bytes)\r\n[    0.038990] Mount-cache hash table entries: 8192 (order: 4, 65536 bytes)\r\n[    0.040024] Mountpoint-cache hash table entries: 8192 (order: 4, 65536 bytes)\r\n[    0.041968] Initializing cgroup subsys blkio\r\n[    0.044023] Initializing cgroup subsys memory\r\n[    0.045582] Initializing cgroup subsys devices\r\n[    0.048022] Initializing cgroup subsys freezer\r\n[    0.049454] Initializing cgroup subsys net_cls\r\n[    0.051391] Initializing cgroup subsys perf_event\r\n[    0.052030] Initializing cgroup subsys net_prio\r\n[    0.053500] Initializing cgroup subsys hugetlb\r\n[    0.056110] mce: CPU supports 1 MCE banks\r\n[    0.057584] Last level iTLB entries: 4KB 512, 2MB 8, 4MB 8\r\n[    0.059354] Last level dTLB entries: 4KB 512, 2MB 32, 4MB 32, 1GB 0\r\n[    0.084030] ftrace: allocating 30955 entries in 121 pages\r\n[    0.096132] Switched APIC routing to physical flat.\r\n[    0.116000] ..TIMER: vector=0x30 apic1=0 pin1=2 apic2=-1 pin2=-1\r\n[    0.116150] smpboot: CPU0: Intel(R) Xeon(R) CPU E5-2660 0 @ 2.20GHz (fam: 06, model: 2d, stepping: 07)\r\n[    0.120033] Performance Events: unsupported p6 CPU model 45 no PMU driver, software events only.\r\n[    0.125276] x86: Booted up 1 node, 1 CPUs\r\n[    0.126822] smpboot: Total of 1 processors activated (4388.94 BogoMIPS)\r\n[    0.128018] NMI watchdog: disabled (cpu0): hardware events not enabled\r\n[    0.132003] NMI watchdog: Shutting down hard lockup detector on all cpus\r\n[    0.138268] devtmpfs: initialized\r\n[    0.142449] evm: security.selinux\r\n[    0.144005] evm: security.SMACK64\r\n[    0.145567] evm: security.SMACK64EXEC\r\n[    0.147094] evm: security.SMACK64TRANSMUTE\r\n[    0.148003] evm: security.SMACK64MMAP\r\n[    0.149509] evm: security.ima\r\n[    0.150964] evm: security.capability\r\n[    0.152091] PM: Registering ACPI NVS region [mem 0x1ffff000-0x1fffffff] (4096 bytes)\r\n[    0.154438] clocksource: jiffies: mask: 0xffffffff max_cycles: 0xffffffff, max_idle_ns: 7645041785100000 ns\r\n[    0.156163] pinctrl core: initialized pinctrl subsystem\r\n[    0.160402] RTC time:  9:00:32, date: 07/19/16\r\n[    0.161851] NET: Registered protocol family 16\r\n[    0.163305] cpuidle: using governor ladder\r\n[    0.164007] cpuidle: using governor menu\r\n[    0.165303] ACPI: bus type PCI registered\r\n[    0.166374] acpiphp: ACPI Hot Plug PCI Controller Driver version: 0.5\r\n[    0.168351] PCI: Using configuration type 1 for base access\r\n[    0.172789] ACPI: Added _OSI(Module Device)\r\n[    0.174031] ACPI: Added _OSI(Processor Device)\r\n[    0.175313] ACPI: Added _OSI(3.0 _SCP Extensions)\r\n[    0.176004] ACPI: Added _OSI(Processor Aggregator Device)\r\n[    0.180395] ACPI: Interpreter enabled\r\n[    0.181547] ACPI Exception: AE_NOT_FOUND, While evaluating Sleep State [\\_S1_] (20150619/hwxface-580)\r\n[    0.184009] ACPI Exception: AE_NOT_FOUND, While evaluating Sleep State [\\_S2_] (20150619/hwxface-580)\r\n[    0.187162] ACPI Exception: AE_NOT_FOUND, While evaluating Sleep State [\\_S3_] (20150619/hwxface-580)\r\n[    0.190048] ACPI Exception: AE_NOT_FOUND, While evaluating Sleep State [\\_S4_] (20150619/hwxface-580)\r\n[    0.193014] ACPI: (supports S0 S5)\r\n[    0.194121] ACPI: Using IOAPIC for interrupt routing\r\n[    0.196033] PCI: Using host bridge windows from ACPI; if necessary, use \"pci=nocrs\" and report a bug\r\n[    0.207251] ACPI: PCI Root Bridge [PCI0] (domain 0000 [bus 00-ff])\r\n[    0.208008] acpi PNP0A03:00: _OSC: OS supports [ASPM ClockPM Segments MSI]\r\n[    0.209496] acpi PNP0A03:00: _OSC failed (AE_NOT_FOUND); disabling ASPM\r\n[    0.212087] acpi PNP0A03:00: fail to add MMCONFIG information, can't access extended PCI configuration space under this bridge.\r\n[    0.214519] PCI host bridge to bus 0000:00\r\n[    0.215703] pci_bus 0000:00: root bus resource [bus 00-ff]\r\n[    0.216005] pci_bus 0000:00: root bus resource [mem 0xfe0000000-0xfffefffff window]\r\n[    0.217655] pci_bus 0000:00: root bus resource [io  0x0000-0x0cf7 window]\r\n[    0.220004] pci_bus 0000:00: root bus resource [io  0x0d00-0xffff window]\r\n[    0.221457] pci_bus 0000:00: root bus resource [mem 0x000a0000-0x000bffff window]\r\n[    0.223103] pci_bus 0000:00: root bus resource [mem 0x20000000-0xfffbffff window]\r\n[    0.230468] pci 0000:00:07.1: legacy IDE quirk: reg 0x10: [io  0x01f0-0x01f7]\r\n[    0.232004] pci 0000:00:07.1: legacy IDE quirk: reg 0x14: [io  0x03f6]\r\n[    0.233466] pci 0000:00:07.1: legacy IDE quirk: reg 0x18: [io  0x0170-0x0177]\r\n[    0.234989] pci 0000:00:07.1: legacy IDE quirk: reg 0x1c: [io  0x0376]\r\n[    0.236417] * Found PM-Timer Bug on the chipset. Due to workarounds for a bug,\r\n[    0.236417] * this clock source is slow. Consider trying other clock sources\r\n[    0.240886] pci 0000:00:07.3: quirk: [io  0x0400-0x043f] claimed by PIIX4 ACPI\r\n[    0.250832] ACPI: PCI Interrupt Link [LNKA] (IRQs 3 4 5 7 9 10 *11 12 14 15)\r\n[    0.260185] ACPI: PCI Interrupt Link [LNKB] (IRQs 3 4 5 7 9 10 11 12 14 15) *0, disabled.\r\n[    0.270538] ACPI: PCI Interrupt Link [LNKC] (IRQs 3 4 5 7 9 10 11 12 14 15) *0, disabled.\r\n[    0.281731] ACPI: PCI Interrupt Link [LNKD] (IRQs 3 4 5 7 9 10 11 12 14 15) *0, disabled.\r\n[    0.292178] ACPI: Enabled 1 GPEs in block 00 to 0F\r\n[    0.294808] vgaarb: setting as boot device: PCI:0000:00:08.0\r\n[    0.296000] vgaarb: device added: PCI:0000:00:08.0,decodes=io+mem,owns=io+mem,locks=none\r\n[    0.296002] vgaarb: loaded\r\n[    0.297071] vgaarb: bridge control possible 0000:00:08.0\r\n[    0.300264] SCSI subsystem initialized\r\n[    0.301516] ACPI: bus type USB registered\r\n[    0.302699] usbcore: registered new interface driver usbfs\r\n[    0.304017] usbcore: registered new interface driver hub\r\n[    0.305335] usbcore: registered new device driver usb\r\n[    0.306794] PCI: Using ACPI for IRQ routing\r\n[    0.308511] NetLabel: Initializing\r\n[    0.309661] NetLabel:  domain hash size = 128\r\n[    0.310892] NetLabel:  protocols = UNLABELED CIPSOv4\r\n[    0.312024] NetLabel:  unlabeled traffic allowed by default\r\n[    0.313471] clocksource: Switched to clocksource hyperv_clocksource\r\n[    0.320387] AppArmor: AppArmor Filesystem Enabled\r\n[    0.323123] pnp: PnP ACPI init\r\n[    0.326344] system 00:06: [io  0x01e0-0x01ef] has been reserved\r\n[    0.327706] system 00:06: [io  0x0160-0x016f] has been reserved\r\n[    0.329076] system 00:06: [io  0x0278-0x027f] has been reserved\r\n[    0.330440] system 00:06: [io  0x0378-0x037f] has been reserved\r\n[    0.331800] system 00:06: [io  0x0678-0x067f] has been reserved\r\n[    0.333174] system 00:06: [io  0x0778-0x077f] has been reserved\r\n[    0.334564] system 00:06: [io  0x04d0-0x04d1] has been reserved\r\n[    0.336376] system 00:07: [io  0x0400-0x043f] has been reserved\r\n[    0.337858] system 00:07: [io  0x0370-0x0371] has been reserved\r\n[    0.339284] system 00:07: [io  0x0440-0x044f] has been reserved\r\n[    0.340642] system 00:07: [mem 0xfec00000-0xfec00fff] could not be reserved\r\n[    0.342347] system 00:07: [mem 0xfee00000-0xfee00fff] has been reserved\r\n[    0.343908] system 00:08: [mem 0x00000000-0x0009ffff] could not be reserved\r\n[    0.345385] system 00:08: [mem 0x000c0000-0x000dffff] could not be reserved\r\n[    0.346890] system 00:08: [mem 0x000e0000-0x000fffff] could not be reserved\r\n[    0.348386] system 00:08: [mem 0x00100000-0x1fffffff] could not be reserved\r\n[    0.349867] system 00:08: [mem 0xfffc0000-0xffffffff] has been reserved\r\n[    0.351505] pnp: PnP ACPI: found 9 devices\r\n[    0.358774] clocksource: acpi_pm: mask: 0xffffff max_cycles: 0xffffff, max_idle_ns: 2085701024 ns\r\n[    0.360667] NET: Registered protocol family 2\r\n[    0.362257] TCP established hash table entries: 32768 (order: 6, 262144 bytes)\r\n[    0.364007] TCP bind hash table entries: 32768 (order: 7, 524288 bytes)\r\n[    0.365535] TCP: Hash tables configured (established 32768 bind 32768)\r\n[    0.366985] UDP hash table entries: 2048 (order: 4, 65536 bytes)\r\n[    0.368369] UDP-Lite hash table entries: 2048 (order: 4, 65536 bytes)\r\n[    0.370009] NET: Registered protocol family 1\r\n[    0.371227] pci 0000:00:00.0: Limiting direct PCI/PCI transfers\r\n[    0.372858] Trying to unpack rootfs image as initramfs...\r\n[    0.940323] Freeing initrd memory: 30528K (ffff88001d9ba000 - ffff88001f78a000)\r\n[    0.943134] PCI-DMA: Using software bounce buffering for IO (SWIOTLB)\r\n[    0.944915] software IO TLB [mem 0x199ba000-0x1d9ba000] (64MB) mapped at [ffff8800199ba000-ffff88001d9b9fff]\r\n[    0.947305] clocksource: tsc: mask: 0xffffffffffffffff max_cycles: 0x1fa1cad2c37, max_idle_ns: 440795289669 ns\r\n[    0.949826] RAPL PMU detected, API unit is 2^-32 Joules, 3 fixed counters 10737418240 ms ovfl timer\r\n[    0.952026] hw unit of domain pp0-core 2^-0 Joules\r\n[    0.953646] hw unit of domain package 2^-0 Joules\r\n[    0.955218] hw unit of domain dram 2^-0 Joules\r\n[    0.956777] microcode: CPU0 sig=0x206d7, pf=0x1, revision=0xffffffff\r\n[    0.958560] microcode: Microcode Update Driver: v2.00 <tigran@aivazian.fsnet.co.uk>, Peter Oruba\r\n[    0.961268] Scanning for low memory corruption every 60 seconds\r\n[    0.964294] futex hash table entries: 16384 (order: 8, 1048576 bytes)\r\n[    0.966374] Initialise system trusted keyring\r\n[    0.968105] audit: initializing netlink subsys (disabled)\r\n[    0.969866] audit: type=2000 audit(1468918832.968:1): initialized\r\n[    0.972047] HugeTLB registered 2 MB page size, pre-allocated 0 pages\r\n[    0.975500] zpool: loaded\r\n[    0.976998] zbud: loaded\r\n[    0.978763] VFS: Disk quotas dquot_6.6.0\r\n[    0.980418] VFS: Dquot-cache hash table entries: 512 (order 0, 4096 bytes)\r\n[    0.982846] fuse init (API version 7.23)\r\n[    0.984677] Key type big_key registered\r\n[    0.986519] Key type asymmetric registered\r\n[    0.988239] Asymmetric key parser 'x509' registered\r\n[    0.989865] Block layer SCSI generic (bsg) driver version 0.4 loaded (major 249)\r\n[    0.991677] io scheduler noop registered\r\n[    0.992888] io scheduler deadline registered (default)\r\n[    0.994231] io scheduler cfq registered\r\n[    0.995713] pci_hotplug: PCI Hot Plug PCI Core version: 0.5\r\n[    0.997100] pciehp: PCI Express Hot Plug Controller Driver version: 0.4\r\n[    0.998626] input: Power Button as /devices/LNXSYSTM:00/LNXPWRBN:00/input/input0\r\n[    1.000285] ACPI: Power Button [PWRF]\r\n[    1.001651] GHES: HEST is not enabled!\r\n[    1.002931] Serial: 8250/16550 driver, 32 ports, IRQ sharing enabled\r\n[    1.025161] 00:03: ttyS0 at I/O 0x3f8 (irq = 4, base_baud = 115200) is a 16550A\r\n[    1.047945] 00:04: ttyS1 at I/O 0x2f8 (irq = 3, base_baud = 115200) is a 16550A\r\n[    1.051670] Linux agpgart interface v0.103\r\n[    1.055788] brd: module loaded\r\n[    1.059493] loop: module loaded\r\n[    1.061639] ata_piix 0000:00:07.1: Hyper-V Virtual Machine detected, ATA device ignore set\r\n[    1.066879] scsi host0: ata_piix\r\n[    1.069036] scsi host1: ata_piix\r\n[    1.071138] ata1: PATA max UDMA/33 cmd 0x1f0 ctl 0x3f6 bmdma 0xffa0 irq 14\r\n[    1.073637] ata2: PATA max UDMA/33 cmd 0x170 ctl 0x376 bmdma 0xffa8 irq 15\r\n[    1.078178] libphy: Fixed MDIO Bus: probed\r\n[    1.080341] tun: Universal TUN/TAP device driver, 1.6\r\n[    1.082489] tun: (C) 1999-2004 Max Krasnyansky <maxk@qualcomm.com>\r\n[    1.084770] PPP generic driver version 2.4.2\r\n[    1.087298] ehci_hcd: USB 2.0 'Enhanced' Host Controller (EHCI) Driver\r\n[    1.089727] ehci-pci: EHCI PCI platform driver\r\n[    1.095096] ehci-platform: EHCI generic platform driver\r\n[    1.097285] ohci_hcd: USB 1.1 'Open' Host Controller (OHCI) Driver\r\n[    1.099563] ohci-pci: OHCI PCI platform driver\r\n[    1.101157] ohci-platform: OHCI generic platform driver\r\n[    1.103047] uhci_hcd: USB Universal Host Controller Interface driver\r\n[    1.105543] i8042: PNP: PS/2 Controller [PNP0303:PS2K,PNP0f03:PS2M] at 0x60,0x64 irq 1,12\r\n[    1.112761] serio: i8042 KBD port at 0x60,0x64 irq 1\r\n[    1.114949] serio: i8042 AUX port at 0x60,0x64 irq 12\r\n[    1.117781] mousedev: PS/2 mouse device common for all mice\r\n[    1.120306] rtc_cmos 00:00: RTC can wake from S4\r\n[    1.143380] rtc_cmos 00:00: rtc core: registered rtc_cmos as rtc0\r\n[    1.146277] rtc_cmos 00:00: alarms up to one month, 114 bytes nvram\r\n[    1.148109] i2c /dev entries driver\r\n[    1.149695] device-mapper: uevent: version 1.0.3\r\n[    1.151604] device-mapper: ioctl: 4.33.0-ioctl (2015-8-18) initialised: dm-devel@redhat.com\r\n[    1.153879] ledtrig-cpu: registered to indicate activity on CPUs\r\n[    1.155742] PCCT header not found.\r\n[    1.157566] NET: Registered protocol family 10\r\n[    1.159564] NET: Registered protocol family 17\r\n[    1.161165] Key type dns_resolver registered\r\n[    1.163115] Loading compiled-in X.509 certificates\r\n[    1.165791] Loaded X.509 cert 'Build time autogenerated kernel key: 496c94160eff313b4f6dec3de299bde8f4a608ce'\r\n[    1.167972] input: AT Translated Set 2 keyboard as /devices/platform/i8042/serio0/input/input1\r\n[    1.169769] registered taskstats version 1\r\n[    1.170790] zswap: loading zswap\r\n[    1.171661] zswap: using zbud pool\r\n[    1.172588] zswap: using lzo compressor\r\n[    1.175387] Key type trusted registered\r\n[    1.179541] Key type encrypted registered\r\n[    1.181942] AppArmor: AppArmor sha1 policy hashing enabled\r\n[    1.183440] ima: No TPM chip found, activating TPM-bypass!\r\n[    1.184850] evm: HMAC attrs: 0x1\r\n[    1.186452]   Magic number: 8:348:20\r\n[    1.188054] rtc_cmos 00:00: setting system clock to 2016-07-19 09:00:33 UTC (1468918833)\r\n[    1.190078] BIOS EDD facility v0.16 2004-Jun-25, 0 devices found\r\n[    1.191638] EDD information not available.\r\n[    1.236699] ata2.00: ATAPI: Virtual CD, , max MWDMA2\r\n[    1.240692] ata2.00: configured for MWDMA2\r\n[    1.244443] scsi 1:0:0:0: CD-ROM            Msft     Virtual CD/ROM   1.0  PQ: 0 ANSI: 5\r\n[    1.251288] sr 1:0:0:0: [sr0] scsi3-mmc drive: 0x/0x tray\r\n[    1.252852] cdrom: Uniform CD-ROM driver Revision: 3.20\r\n[    1.255042] sr 1:0:0:0: Attached scsi generic sg0 type 5\r\n[    1.256853] Freeing unused kernel memory: 1464K (ffffffff81f37000 - ffffffff820a5000)\r\n[    1.258564] Write protecting the kernel read-only data: 14336k\r\n[    1.260796] Freeing unused kernel memory: 2044K (ffff880001801000 - ffff880001a00000)\r\n[    1.263631] Freeing unused kernel memory: 288K (ffff880001db8000 - ffff880001e00000)\r\nLoading, please wait...\r\nstarting version 225\r\n[    1.284865] random: udevadm urandom read with 2 bits of entropy available\r\n[    1.365138] Floppy drive(s): fd0 is 1.44M\r\n[    1.370242] clocksource: hyperv_clocksource_tsc_page: mask: 0xffffffffffffffff max_cycles: 0x24e6a1710, max_idle_ns: 440795202120 ns\r\n[    1.400453] clocksource: Switched to clocksource hyperv_clocksource_tsc_page\r\n[    1.418693] FDC 0 is an 82078.\r\n[    1.435377] hv_vmbus: Hyper-V Host Build:9600-6.3-18-0.18190; Vmbus version:3.0\r\n[    1.491669] AVX version of gcm_enc/dec engaged.\r\n[    1.493402] AES CTR mode by8 optimization enabled\r\n[    1.533258] hv_vmbus: registering driver hv_storvsc\r\n[    1.541610] hidraw: raw HID events driver (C) Jiri Kosina\r\n[    1.546128] hv_utils: Registering HyperV Utility Driver\r\n[    1.547736] hv_vmbus: registering driver hv_util\r\n[    1.560442] hv_vmbus: registering driver hid_hyperv\r\n[    1.562150] scsi host2: storvsc_host_t\r\n[    1.565521] scsi 2:0:0:0: Direct-Access     Msft     Virtual Disk     1.0  PQ: 0 ANSI: 4\r\n[    1.571669] sd 2:0:0:0: Attached scsi generic sg1 type 0\r\n[    1.573811] sd 2:0:0:0: [sda] 61440000 512-byte logical blocks: (31.4 GB/29.2 GiB)\r\n[    1.576839] sd 2:0:0:0: [sda] Write Protect is off\r\n[    1.578992] input: Microsoft Vmbus HID-compliant Mouse as /devices/0006:045E:0621.0001/input/input4\r\n[    1.582048] sd 2:0:0:0: [sda] Write cache: enabled, read cache: enabled, supports DPO and FUA\r\n[    1.587147] hid 0006:045E:0621.0001: input: <UNKNOWN> HID v0.01 Mouse [Microsoft Vmbus HID-compliant Mouse] on \r\n[    1.592668] hv_vmbus: registering driver hv_netvsc\r\n[    1.595882]  sda: sda1\r\n[    1.598930] sd 2:0:0:0: [sda] Attached SCSI disk\r\n[    1.605359] scsi host3: storvsc_host_t\r\n[    1.607553] scsi 3:0:1:0: Direct-Access     Msft     Virtual Disk     1.0  PQ: 0 ANSI: 4\r\n[    1.612654] sd 3:0:1:0: Attached scsi generic sg2 type 0\r\n[    1.614755] sd 3:0:1:0: [sdb] 104857600 512-byte logical blocks: (53.6 GB/50.0 GiB)\r\n[    1.617539] sd 3:0:1:0: [sdb] 4096-byte physical blocks\r\n[    1.622824] hv_netvsc: hv_netvsc channel opened successfully\r\n[    1.624539] sd 3:0:1:0: [sdb] Write Protect is off\r\n[    1.628147] sd 3:0:1:0: [sdb] Write cache: enabled, read cache: enabled, supports DPO and FUA\r\n[    1.636605]  sdb: sdb1\r\n[    1.639641] sd 3:0:1:0: [sdb] Attached SCSI disk\r\n[    1.718285] hv_netvsc vmbus_16: Send section size: 6144, Section count:2560\r\n[    1.721547] hv_netvsc vmbus_16: Device MAC 00:0d:3a:a0:b8:05 link state up\r\n[    1.726327] scsi host4: storvsc_host_t\r\n[    1.727875] scsi 4:0:0:0: scsi scan: INQUIRY result too short (5), using 36\r\n[    1.730095] scsi 4:0:0:1: scsi scan: INQUIRY result too short (5), using 36\r\n[    1.731768] scsi 4:0:1:0: scsi scan: INQUIRY result too short (5), using 36\r\n[    1.733374] scsi 4:0:1:1: scsi scan: INQUIRY result too short (5), using 36\r\n[    1.734959] scsi 4:1:0:0: scsi scan: INQUIRY result too short (5), using 36\r\n[    1.736550] scsi host5: storvsc_host_t\r\n[    1.738200] scsi 5:0:0:0: scsi scan: INQUIRY result too short (5), using 36\r\n[    1.739718] scsi 4:1:0:1: scsi scan: INQUIRY result too short (5), using 36\r\n[    1.741226] scsi 5:0:0:1: scsi scan: INQUIRY result too short (5), using 36\r\n[    1.742791] scsi 5:0:1:0: scsi scan: INQUIRY result too short (5), using 36\r\n[    1.744299] scsi 4:1:1:0: scsi scan: INQUIRY result too short (5), using 36\r\n[    1.745863] scsi 5:0:1:1: scsi scan: INQUIRY result too short (5), using 36\r\n[    1.747468] scsi 4:1:1:1: scsi scan: INQUIRY result too short (5), using 36\r\n[    1.749232] scsi 5:1:0:0: scsi scan: INQUIRY result too short (5), using 36\r\n[    1.750804] scsi 4:2:0:0: scsi scan: INQUIRY result too short (5), using 36\r\n[    1.752408] scsi 5:1:0:1: scsi scan: INQUIRY result too short (5), using 36\r\n[    1.753982] scsi 4:2:0:1: scsi scan: INQUIRY result too short (5), using 36\r\n[    1.755592] scsi 5:1:1:0: scsi scan: INQUIRY result too short (5), using 36\r\n[    1.757195] scsi 4:2:1:0: scsi scan: INQUIRY result too short (5), using 36\r\n[    1.758786] scsi 5:1:1:1: scsi scan: INQUIRY result too short (5), using 36\r\n[    1.760291] scsi 4:2:1:1: scsi scan: INQUIRY result too short (5), using 36\r\n[    1.762134] scsi 5:2:0:0: scsi scan: INQUIRY result too short (5), using 36\r\n[    1.763652] scsi 4:3:0:0: scsi scan: INQUIRY result too short (5), using 36\r\n[    1.765212] scsi 5:2:0:1: scsi scan: INQUIRY result too short (5), using 36\r\n[    1.766724] scsi 4:3:0:1: scsi scan: INQUIRY result too short (5), using 36\r\n[    1.768445] scsi 5:2:1:0: scsi scan: INQUIRY result too short (5), using 36\r\n[    1.769971] scsi 4:3:1:0: scsi scan: INQUIRY result too short (5), using 36\r\n[    1.771452] scsi 5:2:1:1: scsi scan: INQUIRY result too short (5), using 36\r\n[    1.773076] scsi 4:3:1:1: scsi scan: INQUIRY result too short (5), using 36\r\n[    1.774556] scsi 5:3:0:0: scsi scan: INQUIRY result too short (5), using 36\r\n[    1.776181] scsi 4:4:0:0: scsi scan: INQUIRY result too short (5), using 36\r\n[    1.778789] scsi 5:3:0:1: scsi scan: INQUIRY result too short (5), using 36\r\n[    1.780469] scsi 5:3:1:0: scsi scan: INQUIRY result too short (5), using 36\r\n[    1.782076] scsi 4:4:0:1: scsi scan: INQUIRY result too short (5), using 36\r\n[    1.783720] scsi 5:3:1:1: scsi scan: INQUIRY result too short (5), using 36\r\n[    1.785220] scsi 4:4:1:0: scsi scan: INQUIRY result too short (5), using 36\r\n[    1.786866] scsi 5:4:0:0: scsi scan: INQUIRY result too short (5), using 36\r\n[    1.788324] scsi 4:4:1:1: scsi scan: INQUIRY result too short (5), using 36\r\n[    1.790110] scsi 5:4:0:1: scsi scan: INQUIRY result too short (5), using 36\r\n[    1.791624] scsi 4:5:0:0: scsi scan: INQUIRY result too short (5), using 36\r\n[    1.793220] scsi 5:4:1:0: scsi scan: INQUIRY result too short (5), using 36\r\n[    1.794834] scsi 4:5:0:1: scsi scan: INQUIRY result too short (5), using 36\r\n[    1.796390] scsi 5:4:1:1: scsi scan: INQUIRY result too short (5), using 36\r\n[    1.797892] scsi 4:5:1:0: scsi scan: INQUIRY result too short (5), using 36\r\n[    1.799498] scsi 4:5:1:1: scsi scan: INQUIRY result too short (5), using 36\r\n[    1.800961] scsi 5:5:0:0: scsi scan: INQUIRY result too short (5), using 36\r\n[    1.802423] scsi 5:5:0:1: scsi scan: INQUIRY result too short (5), using 36\r\n[    1.803914] scsi 4:6:0:0: scsi scan: INQUIRY result too short (5), using 36\r\n[    1.805493] scsi 5:5:1:0: scsi scan: INQUIRY result too short (5), using 36\r\n[    1.806973] scsi 4:6:0:1: scsi scan: INQUIRY result too short (5), using 36\r\n[    1.808437] psmouse serio1: trackpoint: failed to get extended button data\r\n[    1.810197] scsi 5:5:1:1: scsi scan: INQUIRY result too short (5), using 36\r\n[    1.811838] scsi 4:6:1:0: scsi scan: INQUIRY result too short (5), using 36\r\n[    1.813379] scsi 5:6:0:0: scsi scan: INQUIRY result too short (5), using 36\r\n[    1.814971] scsi 4:6:1:1: scsi scan: INQUIRY result too short (5), using 36\r\n[    1.816465] scsi 5:6:0:1: scsi scan: INQUIRY result too short (5), using 36\r\n[    1.818201] scsi 4:7:0:0: scsi scan: INQUIRY result too short (5), using 36\r\n[    1.819675] scsi 5:6:1:0: scsi scan: INQUIRY result too short (5), using 36\r\n[    1.821220] scsi 4:7:0:1: scsi scan: INQUIRY result too short (5), using 36\r\n[    1.822753] scsi 5:6:1:1: scsi scan: INQUIRY result too short (5), using 36\r\n[    1.824309] scsi 4:7:1:0: scsi scan: INQUIRY result too short (5), using 36\r\n[    1.825824] scsi 5:7:0:0: scsi scan: INQUIRY result too short (5), using 36\r\n[    1.827380] scsi 4:7:1:1: scsi scan: INQUIRY result too short (5), using 36\r\n[    1.828886] scsi 5:7:0:1: scsi scan: INQUIRY result too short (5), using 36\r\n[    1.830462] scsi 5:7:1:0: scsi scan: INQUIRY result too short (5), using 36\r\n[    1.832028] scsi 5:7:1:1: scsi scan: INQUIRY result too short (5), using 36\r\nBegin: Loading ssential drivers ... done.\r\r\nBegin: Running /scripts/init-prmount ... done.\r\r\nBegin: Mounting root file system ... Begin: Running /scripts/local-top ... done.\r\r\nBegin: Running /scripts/local-premount ... done.\r\r\nBegin: Checking root file system ... fsck from util-linux 2.26.2\r\r\ncloudimg-rootfs: clean, 73671/245760 files, 353697/524032 blocks\r\r\ndone.\r\r\n[    3.447726] EXT4-fs (sda1): mounted filesystem with ordered data mode. Opts: (null)\r\ndone.\r\r\nBegin: Running /scripts/local-bottom ... done.\r\r\nBegin: Running /scripts/init-bottom ... Warning: overlaroot: debug is usted\r\r\ndone.\r\r\n[    4.821174] random: nonblocking pool is initialized\r\n[    4.967482] systemd[1]: Failed to insert module 'kdbus': Function not implemented\r\n[    5.248879] systemd[1]: systemd 225 running in system mode. (+PAM +AUDIT +SELINUX +IMA +APPARMOR +SMACK +SYSVINIT +UTMP +LIBCRYPTSETUP +GCRYPT +GNUTLS +ACL +XZ -LZ4 +SECCOMP +BLKID -ELFUTILS +KMOD -IDN)\r\n[    5.251837] systemd[1]: Detected virtualization microsoft.\r\n[    5.252973] systemd[1]: Detected architecture x86-64.\r\n\r\r\nWelcome to \u001b[1mUbuntu 15.10\u001b[0m!\r\r\n\r\r\n[    5.274777] systemd[1]: Set hostname to <ubuntu>.\r\n[    5.288305] systemd[1]: Initializing machine ID from random generator.\r\n[    5.291816] systemd[1]: Installed transient /etc/machine-id file.\r\netc-machine\\x2dd.mount\r\r\n-.mount[    5.889702] systemd[1]: sshd-keygen.service: Cannot add dependency job, ignoring: Unit sshd-keygen.service failed to load: No such file or directory.\r\n[    5.891888] systemd[1]: sshd-keygen.service: Cannot add dependency job, ignoring: Unit sshd-keygen.service failed to load: No such file or directory.\r\n\r\r\n[    5.896457] systemd[1]: display-manager.service: Cannot add dependency job, ignoring: Unit display-manager.service failed to load: No such file or directory.\r\n[    5.898928] systemd[1]: Reached target User and Group Name Lookups.\r\n[    5.900157] systemd[1]: Started Forward Password Requests to Wall Directory Watch.\r\n[\u001b[32m  OK  \u001b[0m] Reached target User and Group Name Lookups.\r\r\n[    5.904124] systemd[1]: Reached target Encrypted Volumes.\r\n[    5.905269] systemd[1]: Created slice Root Slice.\r\n[[    5.908164] systemd[1]: Listening on udev Control Socket.\r\n\u001b[32m  OK  \u001b[0m] Started Forwar Password Requests to Wall Diretory Watch.\r\r\n[\u001b[32m  OK  \u001b[0m] Reached targe Encrypted Volues.\r[    5.913620] systemd[1]: Listening on Journal Socket (/dev/log).\r\n[    5.914851] systemd[1]: Listening on Journal Socket.\r\n[    5.916075] systemd[1]: Listening on Journal Audit Socket.\r\n[    5.917831] systemd[1]: Created slice User and Session Slice.\r\n\r\n[\u001b[32m  OK  \u001b[0] Created slice Root Slice.\r[    5.921495] systemd[1]: Created slice System Slice.\r\n\r\n[[    5.925400] systemd[1]: Starting Uncomplicated firewall...\r\n[    5.929065] systemd[1]: Starting Setup Virtual Console...\r\n\u001b[32m  OK  \u001b[0m] Listening on udev Control Socket.\r[    5.934379] systemd[1]: Reached target Slices.\r\n\r\n[    5.937203] systemd[1]: Starting Remount Root and Kernel File Systems...\r\n[\u001b[32m  OK  \u001b[0] Listening on Journal Socket (dev/log).\r\r\n[    5.942025] systemd[1]: Starting Increase datagram queue length...\r\n[\u001b[32m  OK  \u001b[0m] Listening on ournal Socket.\r\r\n[\u001b[32m  OK  \u001b[0] Listening on Journal Audit Soket.\r\r\n[    5.950560] systemd[1]: Mounting Debug File System...\r\n[    5.953943] systemd[1]: Mounting POSIX Message Queue File System...\r\n[\u001b[32m  OK  \u001b[0m] Created sliceUser and Sessio Slice.\r[    5.960265] systemd[1]: Created slice system-serial\\x2dgetty.slice.\r\n\r\n[\u001b[32m  OK  \u001b[0m] Created sliceSystem Slice.\r[    5.965378] systemd[1]: Starting Create list of required static device nodes for the current kernel...\r\n\r\n         Starting Uncomplicatedfirewall...\r\r\n         Starting Setup irtual Console..\r\r\n[\u001b[32m  OK  \u001b[0] Reached targe Slices.\r[    5.981235] systemd[1]: Starting Load Kernel Modules...\r\n[    5.986434] systemd[1]: Mounting Huge Pages File System...\r\n[    5.987842] EXT4-fs (sda1): re-mounted. Opts: discard\r\n\r\n[    5.999191] systemd[1]: Listening on udev Kernel Socket.\r\n         Startig Remount Root and Kernel File ystems...\r[    6.005693] systemd[1]: Starting udev Coldplug all Devices...\r\n[    6.006844] systemd[1]: Reached target Remote File Systems (Pre).\r\n\r\n         Starting Increase dataram queue lengt...\r\r\n         Mounting Debug File Sytem...\r[    6.013767] systemd[1]: Listening on /dev/initctl Compatibility Named Pipe.\r\n[    6.015783] systemd[1]: Created slice system-getty.slice.\r\n\r\n         Mounting POSIX MessageQueue File System...\r[    6.021218] systemd[1]: Reached target Swap.\r\n[    6.023101] systemd[1]: Set up automount Arbitrary Executable File Formats File System Automount Point.\r\n\r\n[\u001b[32m  OK  \u001b[0] Created slice system-serial\\xdgetty.slice.\r\r\n         Startig Create list of required st...nodes for the current kernel...\r\n[    6.038954] systemd[1]: Mounted Huge Pages File System.\r\n[    6.040265] systemd[1]: Mounted Debug File System.\r\n[    6.044892] systemd[1]: Mounted POSIX Message Queue File System.\r\n[    6.048232] systemd[1]: Started Uncomplicated firewall.\r\n         Starting Load Kernel Modules...\r\r\n[    6.054191] systemd[1]: Started Setup Virtual Console.\r\n[    6.056292] systemd[1]: Started Remount Root and Kernel File Systems.\r\n         Mounting Huge Pages File System...\r[    6.060550] systemd[1]: Started Increase datagram queue length.\r\n\r\n[\u001b[32m  OK  \u001b[0m] Listening on udev Kernel Socket.\r[    6.065400] systemd[1]: Started Load Kernel Modules.\r\n\r\n         Starting udev Coldplug all Devices...\r\r\n[\u001b[32m  OK  \u001b[0m] Reached target Remote File Systems (Pre).\r\r\n[\u001b[32m  OK  \u001b[0m] Listening on /dev/initctl Compatibility Named Pipe.\r\r\n[\u001b[32m  OK  \u001b[0m] Created slice system-getty.slice.\r\r\n[\u001b[32m  OK  \u001b[0m] Reached target Swap.\r\r\n[\u001b[32m  OK  \u001b[0m] Set up automount Arbitrary Executab...ats File System Automount Point.\r[    6.099412] systemd[1]: Starting Apply Kernel Variables...\r\n[    6.102634] systemd[1]: Mounting FUSE Control File System...\r\n\r\n[\u001b[32m  OK  \u001b[0m] Mounted Huge Pages File System.\r[    6.112334] systemd[1]: Listening on Syslog Socket.\r\n[    6.115700] systemd[1]: Starting Journal Service...\r\n\r\n[\u001b[32m  OK  \u001b[0m] Mounted Debug File System.\r\r\n[\u001b[32m  OK  \u001b[0m] Mounted POSIX Message Queue File System.\r\r\n[[    6.130700] systemd[1]: Starting Ensure /etc/mtab is a symlink to /proc/mounts...\r\n[    6.137838] systemd[1]: Starting Load/Save Random Seed...\r\n\u001b[32m  OK  \u001b[0m] Started Uncomplicated firewall.\r[    6.147326] systemd[1]: Mounted FUSE Control File System.\r\n\r\n[\u001b[32m  OK  \u001b[0m] Started Setup Virtual Console\r[    6.153230] systemd[1]: Started Create list of required static device nodes for the current kernel.\r\n\r\n[\u001b[32m  OK  \u001b[0m] Started Remout Root and Kernl File Systems.\r\r\n[\u001b[32m  OK  \u001b[0] Started Increse datagram quee length.\r\r\n[\u001b[32m  OK  \u001b[0] Started Load Kernel Modules.\r[    6.166964] systemd[1]: Starting Create Static Device Nodes in /dev...\r\n\r\n         Starting Apply Kernel ariables...\r\r\n[    6.186618] systemd[1]: Started Load/Save Random Seed.\r\n         Mounting FUSE Control File System...\r\r\n[\u001b[32m  OK  \u001b[0m] Listening on Syslog Socket.\r\r\n         Startig Journal Servie...\r\r\n         Startig Ensure /etc/mab is a symlinkto /proc/mounts..\r\r\n         Startig Load/Save Ranom Seed...\r\r\ndev-hugepages.munt\r\r\n[\u001b[32m  OK  \u001b[0m] Mounted FUSE Control File System.\r\r\n[\u001b[32m  OK  \u001b[0m] Started Create list of required sta...ce nodes for the current kernel.\r\r\n         Starting Create Static Device Nodes in /dev...\r\r\n[\u001b[32m  OK  \u001b[0m] Started Load/Save Random Seed.\r\r\n[    6.281209] systemd[1]: Started Ensure /etc/mtab is a symlink to /proc/mounts.\r\nsys-kernel-debug.mount\r\r\n[\u001b[32m  OK  \u001b[0] Started Ensure /etc/mtab is asymlink to /pro/mounts.\r\r\n[\u001b[32m  OK  \u001b[0] Started Apply Kernel Variables.\r\r\n[\u001b[32m  OK  \u001b[0m] Started udev oldplug all Devices.\r\r\ndev-mqueue.mount\r\r\n[\u001b[32m  OK  \u001b[0m] Started Journal Service.\r\r\n         Starting Flush Journal to Persistent Storage...\r\r\nufw.service\r\r\nsystemd-vconsol-setup.service\r\r\nsystemd-remountfs.service\r\r\nsystemd-setup-dram-qlen.servic\r\r\nsystemd-modulesload.service\r\r\nsys-fs-fuse-conections.mount\r\r\n[\u001b[32m  OK  \u001b[0] Started FlushJournal to Persstent Storage.\r\r\nkmod-static-nods.service\r\r\nsystemd-random-eed.service\r\r\ndebian-fixup.sevice\r\r\nsystemd-sysctl.ervice\r\r\nsystemd-udev-trgger.service\r\r\nsystemd-journal.service\r\r\nsystemd-journalflush.service\r\r\n[\u001b[32m  OK  \u001b[0m] Started Create Static Device Nodes in /dev.\r\r\n         Starting udev Kernel Device Manager...\r\r\nsystemd-tmpfiles-setup-dev.service\r\r\n[\u001b[32m  OK  \u001b[0] Started udev ernel Device Maager.\r\r\n[\u001b[32m  OK  \u001b[0] Reached targe Local File Sysems (Pre).\r\r\nsystemd-udevd.srvice\r\r\n         Mounting /etc/network/interfaces.dynamic.d...\r\r\n[\u001b[32m  OK  \u001b[0m] Mounted /etc/network/interfaces.dynamic.d.\r\r\n[\u001b[32m  OK  \u001b[0m] Reached target Local File Systems.\r\r\netc-network-interfaces.dynamic.d.mount\r\r\n         Starting Clean up any mess left by 0dns-up...\r\r\n         Starting Set console keymap...\r\r\n[\u001b[32m  OK  \u001b[0m] Reached target Remote File Systems.\r\r\n         Starting Tell Plymouth To Write Out Runtime Data...\r\r\n         Startig Wait for all auto\" /etc/n...up for network-online.target...\r\r\n         Starting LSB: AppArmor initialization...\r\r\n         Starting Create Volatile Files and Directories...\r\r\n         Starting Commit a transient machine-id on disk...\r\r\n[\u001b[32m  OK  \u001b[0m] Started Create Volatile Files and Directories.\r\r\n         Starting Network Time Synchronization...\r\r\n         Starting Update UTMP aout System Boot/Shutdown...\r\r\n[\u001b[32m  OK  \u001b[0m] Started Commi a transient machine-id on disk\r\r\nsystemd-tmpfiles-setup.service\r\r\nsystemd-machine-id-commit.service\r\r\n[\u001b[32m  OK  \u001b[0m] Started Clean up any mess left by 0dns-up.\r\r\n         Startig Nameserver information manager...\r\r\n[\u001b[32m  OK  \u001b[0m] Started Nameserver information manager.\r\r\nresolvconf.service\r\r\n[\u001b[32m  OK  \u001b[0m] Started Tell Plymouth To Write Out Runtime Data.\r\r\n[\u001b[32m  OK  \u001b[0m] Started Update UTMP about System Boot/Shutdown.\r\r\nsystemd-update-utmp.service\r\r\n[\u001b[32m  OK  \u001b[0m] Started Set console keymap.\r\r\n[\u001b[32m  OK  \u001b[0m] Started Network Time Synchronization.\r\r\n[\u001b[32m  OK  \u001b[0m] Reached target System Time Synchronized.\r\r\n[    7.221916] piix4_smbus 0000:00:07.3: SMBus base address uninitialized - upgrade BIOS or use force_addr=0xaddr\r\nsystemd-timesyncd.service\r\r\n[\u001b[32m  OK  \u001b[0m] Found device /dev/ttyS0.\r\r\n[\u001b[32m  OK  \u001b[0m] Created slice system-ifup.slice.\r\r\n[\u001b[32m  OK  \u001b[0m] Found device /sys/subsystem/nt/devices/eth0.\r\r\n[    7.684123] intel_rapl: no valid rapl domains found in package 0\r\n[\u001b[32m  OK  \u001b[0m] Started LSB: AppArmor initialization.\r\r\n         Starting LSB: Raise network interfaces....\r\r\n[\u001b[32m  OK  \u001b[0m] Started ifup for eth0.\r\r\napparmor.service\r\r\nifup@eth0.service\r\r\n[\u001b[0m\u001b[31m*     \u001b[0m] (1 of 2) A start job is running for...etwork-online.target (8s / 2min)\r\u001b[K[\u001b[1;31m*\u001b[0m\u001b[31m*    \u001b[0m] (1 of 2) A start job is running for...etwork-online.target (8s / 2min)\r\u001b[K[\u001b[31m*\u001b[1;31m*\u001b[0m\u001b[31m*   \u001b[0m] (1 of 2) A start job is running for...etwork-online.target (9s / 2min)\r\u001b[K[ \u001b[31m*\u001b[1;31m*\u001b[0m\u001b[31m*  \u001b[0m] (2 of 2) A start job is running for...work interfaces. (9s / no limit)\r\u001b[K[  \u001b[31m*\u001b[;31m*\u001b[0m\u001b[31m*\u001b[0m] (2 of 2)  start job is rnning for...orkinterfaces. (10 / no limit)\r\u001b[K[   \u001b[31m*\u001b[1;31m*\u001b[0m\u001b[31m*\u001b[0m] (2 of 2)  start job is rnning for...orkinterfaces. (10 / no limit)\r\u001b[K[    \u001b[31m*\u001b[1;31m*\u001b[0m] (1 of 2) A start job is running for...twork-online.target (11s / 2min)\r\u001b[K[     \u001b[31m\u001b[0m] (1 of 2)  start job is rnning for...twok-online.target(11s / 2min)\r\u001b[K[    \u001b[31m*[1;31m*\u001b[0m] (1of 2) A start jb is running fo...twork-onlinetarget (12s / 2in)\r\u001b[K[   \u001b[31m*\u001b1;31m*\u001b[0m\u001b[31m\u001b[0m] (2 of 2)  start job is rnning for...orkinterfaces. (12 / no limit)\r\u001b[K[  \u001b[31m*\u001b[;31m*\u001b[0m\u001b[31m*\u001b[0m] (2 of 2)  start job is running for...ork interfaces. (13 / no limit)\r\u001b[K[ \u001b[31m*\u001b[1;31m*\u001b[0m\u001b[31m*  \u001b[0m] (2 of 2) A start job is running for...ork interfaces. (13s / no limit)\r\u001b[K[\u001b[31m*\u001b[1;1m*\u001b[0m\u001b[31m*  \u001b[0m] (1 of 2)  start job is rnning for...twok-online.target (14s / 2min)\r\u001b[K[\u001b[1;31m*\u001b[0m\u001b[31m*    \u001b[0m (1 of 2) A stat job is runnin for...twork-onine.target (14s/ 2min)\r\u001b[K[\u001b[0m\u001b[31m*     \u001b[0m] (1 of2) A start job s running for..twork-online.taget (15s / 2min\r\u001b[K[\u001b[1;31m*\u001b[0m\u001b[31m*    \u001b[0m] (2 of 2) A start job is running for...ork interfaces. (15s / no limit)\r\u001b[K[\u001b[31m*\u001b[1;31m*\u001b[0m\u001b[31m*  \u001b[0m] (2 of 2)  start job is rnning for...orkinterfaces. (16 / no limit)\r\u001b[K[ \u001b[31m*\u001b[131m*\u001b[0m\u001b[31m*  \u001b[0m] (2 of 2)  start job is running for...ork interfaces. (16 / no limit)\r\u001b[K[  \u001b[31m*\u001b[1;31m*\u001b[0m\u001b[31m* \u001b[0m] (1 of 2) A start job is running for...twork-online.target (17s / 2min)\r\u001b[K[   \u001b[31m*\u001b1;31m*\u001b[0m\u001b[31m\u001b[0m] (1 of 2)  start job is rnning for...twok-online.target(17s / 2min)\r\u001b[K[    \u001b[31m*[1;31m*\u001b[0m] (1of 2) A start jb is running fo...twork-onlinetarget (18s / 2in)\r\u001b[K[     \u001b[31m*\u001b[0m] (2 of 2)  start job is running for...ork interfaces. (18 / no limit)\r\u001b[K[    \u001b[31m*\u001b[1;31m*\u001b[0m] (2 of 2) A start job is running for...ork interfaces. (19s / no limit)\r\u001b[K[   \u001b[31m*\u001b[1;31m*\u001b[0m\u001b[31m*\u001b[0m] (2 of 2)  start job is rnning for...orkinterfaces. (19 / no limit)\r\u001b[K[  \u001b[31m*\u001b[1;31m*\u001b[0m\u001b[31m* \u001b[0m] (1 of 2) A start job is running for...twork-online.target (20s / 2min)\r\u001b[K[ \u001b[31m*\u001b[1;31m*\u001b[0m\u001b[31m* \u001b[0m] (1 of 2)  start job is rnning for...twok-online.target(20s / 2min)\r\u001b[K[\u001b[31m*\u001b[1;31m*\u001b[0m\u001b[31m*   \u001b[0m] (1 of 2) A start job is running for...twork-online.target (21s / 2min)\r\u001b[K[\u001b[1;31m*\u001b[0m\u001b[31m*    \u001b[0m (2 of 2) A stat job is runnin for...ork interfaces. (21s / n limit)\r\u001b[K[\u001b[0m\u001b[31m*     \u001b[0m] (2 of 2) A start job is running for...ork interfaces. (22s / no limit)\r\u001b[K[\u001b[1;31m*\u001b[m\u001b[31m*    \u001b[0m (2 of 2) A stat job is runnin for...ork intefaces. (22s / n limit)\r\u001b[K[\u001b[31m*\u001b[1;31m*\u001b[0m\u001b[31m*   \u001b[0m] (1 of 2) A start job is running for...twork-online.target (23s / 2min)\r\u001b[K[ \u001b[31m*\u001b[1;31m*\u001b[0m\u001b[31m*  \u001b[0m] (1 of 2) A start job is running for...twork-online.target (23s / 2min)\r\u001b[K[  \u001b[31m*\u001b[1;31m*\u001b[0m\u001b[31m* \u001b[0m] (1 of 2) A start job is rnning for...twork-online.target(24s / 2min)\r\u001b[K[   \u001b[31m*\u001b[1;31m*\u001b[0m\u001b[31m*\u001b[0m] (2 of 2) A start job is running for...ork interfaces. (24s / no limit)\r\u001b[K[    \u001b[31m*[1;31m*\u001b[0m] (2of 2) A start jb is running for...ork interfacs. (25s / no liit)\r\u001b[K[     \u001b[31m*\u001b[0m] (2 of 2) A start job is running for...ork interfaces. (25s / no limit)\r\u001b[K[    \u001b[31m*\u001b[1;31m*\u001b[0m] (1of 2) A start jb is running for...twork-onlinetarget (26s / 2in)\r\u001b[K[   \u001b[31m*\u001b[1;31m*\u001b[0m\u001b[31m*\u001b[0m] (1 of 2) A start job is running for...twork-online.target (26s / 2min)\r\u001b[K[  \u001b[31m*\u001b[1;31m*\u001b[0m\u001b[31m* \u001b[0m] (1 of 2) A start job is running for...twork-online.target (27s / 2min)\r\u001b[K[ \u001b[31m*\u001b[1;31m*\u001b[0m\u001b[31m*  \u001b[0m] (2 of 2) A start job is running for...ork interfaces. (27s / no limit)\r\u001b[K[\u001b[31m*\u001b[1;31m*\u001b[0m\u001b[31m*   \u001b[0m] (2 of 2) A start job is running for...ork interfaces. (28s / no limit)\r\u001b[K[\u001b[1;31m*\u001b[0m\u001b[31m*    \u001b[0m (2 of 2) A start job is running for...ork interfaces. (28s / no limit)\r\u001b[K[\u001b[0m\u001b[31m*     \u001b[0m] (1 of 2) A start job is running for...twork-online.target (29s / 2min\r\u001b[K[\u001b[1;31m*\u001b[0m\u001b[31m*    \u001b[0m (1 of 2) A start job is running for...twork-onine.target (29s / 2min)\r\u001b[K[\u001b[31m*\u001b[1;31m*\u001b[0m\u001b[31m*  \u001b[0m] (1 of 2)  start job is rnning for...twok-online.target(30s / 2min)\r\u001b[K[ \u001b[31m*\u001b[1;31m*\u001b[0m\u001b[31m*  \u001b[0m] (2 of 2) A start job is running for...ork interfaces. (30s / no limit)\r\u001b[K[  \u001b[31m*\u001b[1;31m*\u001b[0m\u001b[31m* \u001b[0m] (2 of 2) A start job is running for...ork interfaces. (31s / no limit)\r\u001b[K[   \u001b[31m*\u001b[1;31m*\u001b[0m\u001b[31m\u001b[0m] (2 of 2) A start job is running for...ork interfaces. (31s / no limit)\r\u001b[K[    \u001b[31m*\u001b[1;31m*\u001b[0m] (1 of 2) A start job is running for...twork-online.target (32s / 2min)\r\u001b[K[     \u001b[31m\u001b[0m] (1 of 2)  start job is rnning for...twok-online.target(32s / 2min)\r\u001b[K[    \u001b[31m*[1;31m*\u001b[0m] (1of 2) A start jb is running fo...twork-onlinetarget (33s / 2in)\r\u001b[K[   \u001b[31m*\u001b1;31m*\u001b[0m\u001b[31m\u001b[0m] (2 of 2)  start job is running for...ork interfaces. (33 / no limit)\r\u001b[K[  \u001b[31m*\u001b[1;31m*\u001b[0m\u001b[31m* \u001b[0m] (2 of 2)  start job is running for...orkinterfaces. (34 / no limit)\r\u001b[K[\u001b[32m  OK  \u001b[0m] Started LSB: Raise network interfaces..\r\r\n[\u001b[32m  OK  \u001b[0] Reached target System Initialization.\r\r\n         Startig Seed the pseudo random numbergenerator on fist boot...\r\r\n[\u001b[32m  OK  \u001b[0] Started Daily Cleanup of Temprary Directories.\r\r\n[\u001b[32m  OK  \u001b[0m] Reached target Timers.\r\r\n[\u001b[32m  OK  \u001b[0m] Listening on UUID daemon activation socket.\r\r\n         Starting lxd-unix.socket.\r\r\n[\u001b[32m  OK  \u001b[0m] Listening on ACPID Listen Socket.\r\r\n[\u001b[32m  OK  \u001b[0m] Listening on -Bus System Message Bus Socket.\r\r\n[\u001b[32m  OK  \u001b[0m] Started Trigger resolvconf update for networkd DNS.\r\r\n[\u001b[32m  OK  \u001b[0m] Reached targe Paths.\r\r\n[\u001b[32m  OK  \u001b[0] Reached target Network.\r\r\n[\u001b[32m  OK  \u001b[0m] Listening on lxd-unix.socket.\r\r\n[networking.servce\r\r\n\u001b[32m  OK  \u001b[0m] Reached target Sockets.\r\r\n[\u001b[32m  OK  \u001b[0m] Reached target Basic System.\r\r\n[\u001b[32m  OK  \u001b[0m] Started Hyper-V File Copy Protocol Daemon.\r\r\n         Starting Accounts Service...\r\r\n         Starting LSB: daemon to balance interrupts for SMP sysems...\r\r\n         Starting Restore /etc/resolv.conf i...e the ppp link was shut down....\r\r\n         Starting Initial cloud-init job (pre-networking)...\r\r\n[\u001b[32m  OK  \u001b[0m] Started Regular background program processing daemon.\r\r\n[\u001b[32m  OK  \u001b[0m] Started Hyper-V VSS Protocol Daemon.\r\r\n         Starting LSB: Starts the Micro Name Service Cache Daemon...\r\r\n         Starting Login Service...\r\r\n[\u001b[32m  OK  \u001b[0m] Started Cgrou management daeon.\r\r\n[\u001b[32m  OK  \u001b[0m] Started Deferred execution scheduler.\r\r\n         Starting Thermal Daemon Service...\r\r\n[\u001b[32m  OK  \u001b[0m] Started FUSE filesystem for LXC.\r\r\n         Starting System Logging Service...\r\r\n         Starting LSB: Set the CPU Frequency Scaling governor to \"ondemand\"...\r\r\n         Starting LSB: Record successful boot for GRUB...\r\r\n         Starting LSB: automatic crash report generation...\r\r\n[\u001b[32m  OK  \u001b[0m] Started Hyper-V KVP Protocol Daemon.\r\r\n[\u001b[32m  OK  \u001b[0m] Started D-Bus System Message Bus.\r\r\nhv-fcopy-daemon.service\r\r\ncron.service\r\r\nhv-vss-daemon.service\r\r\ncgmanager.servie\r\r\natd.service\r\r\nlxcfs.service\r\r\nhv-kvp-daemon.srvice\r\r\n[dbus.service\r\r\nvar-lib-lxcfs.munt\r\r\n\u001b[32m  OK  \u001b[0m] Started SystemLogging Service\r\r\n[\u001b[32m  OK  \u001b[0] Started Wait or all \"auto\" /tc/ne...be up fr network-onlin.target.\r\r\n[\u001b[32m  OK  \u001b[0] Started LSB: aemon to balance interrupts forSMP systems.\r\r\n\u001b[32m  OK  \u001b[0m] Started Restore /etc/resolv.conf if...ore the ppp link was shut down..\r\r\n[\u001b[32m  OK  \u001b[0m] Started LSB: Starts the Micro Name Service Cache Daemon.\r\r\n[\u001b[32m  OK  \u001b[0m] Started LSB: Set the CPU Frequency Scaling governor to \"ondemand\".\r\r\n[\u001b[32m  OK  \u001b[0m] Started LSB: Record successful boot for GRUB.\r\r\n[\u001b[32m  OK  \u001b[0m] Started LSB: automatic crash report generation.\r\r\nrun-cgmanager-fs.mount\r\r\nrsyslog.service\r\r\n[\u001b[32m  OK  \u001b[0m] Started Login Service.\r\r\n[\u001b[32m  OK  \u001b[0m] Reached target Network is Onlne.\r\r\n         Starting LXC network bridge setup...\r\r\n         Starting /etc/rc.local Compatibility...\r\r\n[\u001b[32m  OK  \u001b[0m] Started /etc/rc.local Compatibility.\r\r\n[\u001b[32m  OK  \u001b[0m] Started Thermal Daemon Service.\r\r\n         Startig Authenticate and Authorize Users to Run Privileged Tasks...\r\r\nifup-wait-all-auto.service\r\r\nirqbalance.service\r\r\nunscd.service\r\r\nondemand.service\r\r\ngrub-common.service\r\r\napport.service\r\r\nsystemd-logind.service\r\r\nrc-local.servic\r\r\nthermald.service\r\r\n[\u001b[32m  OK  \u001b[0m] Started Authenticate and Authorize Users to Run Privileged Tasks.\r\r\npolkitd.service\r\r\n[\u001b[32m  OK  \u001b[0m] Started Accounts Service.\r\r\naccounts-daemon.service\r\r\n[\u001b[32m  OK  \u001b[0m] Started LXC network bridge seup.\r\r\n         Starting LXC ContainerInitialization nd Autoboot Cod...\r\r\nlxc-net.service\r\r\n[\u001b[32m  OK  \u001b[0m] Started LXC Container Initialization and Autoboot Code.\r\r\n         Starting Container hypervisor based on LXC - boot time check...\r\r\nlxc.service\r\r\n[\u001b[32m  OK  \u001b[0m] Started Seed te pseudo randomnumber generator on first boot.\r\n[   44.943409] cloud-init[845]: Cloud-init v. 0.7.7 running 'init-local' at Tue, 19 Jul 2016 09:01:17 +0000. Up 44.71 seconds.\r\r\n[\u001b[32m  OK  \u001b[0m] Started Initial cloud-init job (pre-networking).\r\r\n         Starting Initial cloud-init job (metadata service crawler)...\r\r\ncloud-init-local.service\r\r\n[\u001b[32m  OK  \u001b[0m] Started Container hypervisor based on LXC - boot time check.\r\r\n[   45.620228] blk_update_request: I/O error, dev fd0, sector 0\r\n[   45.676281] blk_update_request: I/O error, dev fd0, sector 0\r\ntmp-tmpd27d9bry.mount\r\r\n[   45.887820] cloud-init[1125]: + i=eth0\r\r\n[   45.891853] cloud-init[1125]: + x=0\r\r\n[   45.893364] cloud-init[1125]: + ifdown eth0\r\r\n[   45.964221] cloud-init[1125]: Killed old client process\r\r\n[   46.968989] cloud-init[1125] Internet Systes Consortium DHP Client 4.3.1\r\r\n[   46.969604] loud-init[1125] Copyright 2004-2014 Internet Sstems Consortium.\r\r\n[   46.970168] loud-init[1125] All rights resrved.\r\r\n[   46.978683] cloud-init[1125] For info, please visit https:/www.isc.org/software/dhcp/\r\r\n[   46.979954] loud-init[1125] Listening on LPF/eth0/00:0d:3aa0:b8:05\r\r\n[   46.980560] loud-init[1125] Sending on   LPF/eth0/00:0d:3aa0:b8:05\r\r\n[   46.981178] cloud-init[1125]: Sending on   Socket/fallback\r\r\n[   47.016308] cloud-init[1125: DHCPRELEASE o eth0 to 168.63.129.16 port 67 xid=0x65191661)\r\r\n[   47.062895] cloud-init[1125]: + ifup eth0\r\r\n[   47.083658] cloud-init[1125]: Internet Systems Consortium DHCP Client 4.3.1\r\r\n[   47.088836] cloud-init[1125]: Copyright 2004-2014 Internet Sstems Consortium.\r\r\n[   47.089423] cloud-init[1125]: All rights reserved.\r\r\n[   47.092804] cloud-init[1125]: For info, please visit https://www.isc.org/software/dhcp/\r\r\n[   47.106350] cloud-init[1125]: Listening on LPF/eth0/00:0d:3a:a0:b8:05\r\r\n[   47.108620] cloud-init[1125]: Sending on   LPF/eth0/00:0d:3a:a0:b8:05\r\r\n[   47.109340loud-init[1125] Sending on   Socket/fallback\r\r\n[   47.109657] cloud-init[1125]: DHCPDISCOVER on eth0 to 255.255.255.255 port 67 interval 3 (xid=0x71093e59)\r\r\n[   47.153435] cloud-init[1125] DHCPREQUEST of10.0.0.4 on eth to 255.255.255255 port 67 (xi=0x593e0971)\r\r\n[   47.154111] cloud-init[1125] DHCPOFFER of 10.0.0.4 from 168.63.129.16\r\r\n[   47.199920] cloud-init[1125] DHCPACK of 10..0.4 from 168.6.129.16\r\r\n[   47.250081] cloud-init[1125]: bound to 10.0.0.4 -- renewal in 4294967295 seconds.\r\r\n[   47.271426] cloud-init[1125]: + exit 0\r\r\n[\u001b[32m  OK  \u001b[0m] Started Azure Linux Agent.\r\r\nwalinuxagent.service\r\r\n2016/07/19 09:01:20.858775 INFOAzure Linux Aget Version:2.1.3\r\r\n2016/07/19 09:0:20.865331 INFOOS: ubuntu 15.1\r\r\n2016/07/19 09:0:20.865574 INFOPython: 3.4.3\r\r\n2016/07/19 09:0:20.868437 INFORun daemon\r\r\n2016/07/19 09:0:20.868664 INFOrun Ubuntu provsion handler\r\r\n2016/07/19 09:01:20.868890 INFO Waiting cloud-init to copy ovf-env.xml.\r\r\n2016/07/19 09:01:20.875889 INFO Detect protocol endpoints\r\r\n2016/07/19 09:01:20.876162 INFO WireServer endpoint is not found. Rerun dhcp handler\r\r\n2016/07/19 09:01:20.876364 INFO Send dhcp request\r\r\n2016/07/19 09:01:20.986378 INFOConfigure route\r\r\n2016/07/19 09:01:20.991783 INFOGateway:10.0.0.\r\r\n2016/07/19 09:01:20.992804 INFO Routes:None\r\r\n2016/07/19 09:0:20.995114 INFOWire server endoint:168.63.12916\r\r\n2016/07/19 09:0:21.004880 INFOFabric preferre wire protocol ersion:2015-04-5\r\r\n2016/07/19 09:0:21.005501 INFOWire protocol vrsion:2012-11-3\r\r\n2016/07/19 09:0:21.005688 WARNNG Server prefeed version:201504-05\r\r\n[020280] blk_update_request: I/O error, dev fd0, sector 0\r\n[   52.236271] blk_update_request: I/O error, dev fd0, sector 0\r\ntmp-tmpih46fmsxmount\r\r\n2016/07/19 09:01:25.353170 INFO Sleep 15 seconds to prevent throttling\r\r\n[   54.961003] cloud-init[1125]: Cloud-init v. 0.7.7 running 'init' at Tue, 19 Jul 2016 09:01:17 +0000. Up 45.34 seconds.\r\r\n[   54.965367] cloud-init[1125]: ci-info: ++++++++++++++++++++++++++++++++++++++Net device info+++++++++++++++++++++++++++++++++++++++\r\r\n[   54.965638] cloud-init[1125]: ci-info: +--------+------+------------------------------+---------------+-------+-------------------+\r\r\n[   54.965898] cloud-init[1125]: ci-info: | Device |  Up  |           Address            |     Mask     | Scope |     Hw-Address    |\r\r\n[   54.966148] cloud-init[1125]: ci-info: +--------+------+------------------------------+---------------+-------+-------------------+\r\r\n[   54.969908] cloud-init[1125]: ci-info: |   lo   | True |          127.0.0.1           |   25.0.0.0   |   .   |         .         |\r\r\n[   54.970162] cloud-init[1125]: ci-info: |   lo   | True |           ::1/128            |       .       |  host |         .         |\r\r\n[   54.970413] cloud-init[1125]: ci-info: |  eth0  | True |           10.0.0.4           | 255.255.255.0 |   .   | 00:0d:3a:a0:b8:05 |\r\r\n[   54.970657] cloud-init[1125]: ci-info: |  eth0  | True | fe80::20d:3aff:fea0:b805/64  |       .       |  link | 00:0d:3a:a0:b8:05 |\r\r\n[   54.970902] cloud-init[1125]: ci-info: | lxcbr0 | True |           10.0.1.1           | 255.55.255.0 |   .   | 2e:64:af:78:6d:a0 |\r\r\n[   54.971155] cloud-init[1125]: ci-info: | lxcbr0 | True | fe80::2c64:afff:fe7:6da0/64 |       .       |  lin | 2e:64:af:78:6d:a0 |\r\r\n[   54.971399] cloud-init[1125]: ci-info: +--------+------+------------------------------+---------------+-------+-------------------+\r\r\n[   54.971640] cloud-init[1125]: ci-info: +++++++++++++++++++++++++++++Route IPv4 info++++++++++++++++++++++++++++++\r\r\n[   54.971884] cloud-init[1125]: ci-info: +-------+--------------+----------+-----------------+-----------+-------+\r\r\n[   54.982129] cloud-init[1125]: ci-info: | Route |  Destination  | Gateway  |     Genmask     | Interface | Flgs |\r\r\n[   54.982460] cloud-init[1125]: ci-info: +-------+---------------+----------+-----------------+-----------+-------+\r\r\n[   54.982724] cloud-init[1125]: ci-info: |   0   |    0.0.0.0    | 10.0.0.1 |     0.0.0.0         eth0   |   UG  |\r\r\n[   54.982982] cloud-init[1125]: ci-info: |   1   |    10.0.0.0   | 0.0.0.0  |  255.255.255.0  |    eth0   |   U   |\r\r\n[   54.983232] cloud-init[1125]: ci-info: |   2   |    10.0.1.0   | 0.0.0.0  |  255.255.255.0  |   lxcbr0  |   U   |\r\r\n[   54.983480] cloud-init[1125]: ci-info: |   3   | 168.63.129.16 | 10.0.0.1 | 255.255.255.255 |    eth0   |  UGH  |\r\r\n[   54.983732] cloud-init[1125]: ci-info: +-------+---------------+----------+-----------------+-----------+-------+\r\r\n[   54.983983] cloud-init[1125]: Generating public/private rsa key pair.\r\r\n[   54.984255] cloud-init[1125]: Your identification has been saved in /etc/ssh/ssh_host_rsa_key.\r\r\n[   54.984498] cloud-init[1125]: Your public key has been saved in /etc/ssh/ssh_host_rsa_key.pu.\r\r\n[   54.984745] cloud-init[1125]: The key fingerprint is:\r\r\n[   54.984990] cloud-init[1125]: SHA256:tL8siEVKURdG4LcgNeHA/65bjz2pCzxbexvPhr+bT2w root@xplatvm\r\r\n[   54.985229] cloud-init[1125]: The key's randomart image is:\r\r\n[   54.985470] cloud-init[1125]: +---[RSA 2048]---+\r\r\n[   54.990881] cloud-init[1125]: |   ...*+=.       |\r\r\n[   54.991223] cloud-init[1125]: |    o= +         |\r\r\n[   54.991577] cloud-init[1125]: |    .o+ o        |\r\r\n[   54.991951] cloud-init[1125]: |    ..o+ o       |\r\r\n[   55.001954] cloud-init[1125]: |   . o .S        |\r\r\n[   55.002301] cloud-init[1125]: |    ... ..   .   |\r\r\n[   55.002565] cloud-init[1125]: |     o+oo oo  E  |\r\r\n[   55.002823] cloud-init[1125]: |    . .*o*==.+   |\r\r\n[   55.003074] cloud-init[1125]: |      +o==*=B+.  |\r\r\n[   55.003321] cloud-init[1125]: +----[SHA256]-----+\r\r\n[   55.003570] cloud-init[1125]: Generating public/private dsa key pair.\r\r\n[   55.003814] cloud-init[1125]: Your identification has been saved in /etc/ssh/ssh_host_dsa_key.\r\r\n[   55.004097] cloud-init[1125]: Your public key has been saved in /etc/ssh/ssh_host_dsa_key.pub.\r\r\n[   55.004424] cloud-init[1125]: The key fingerprint is:\r\r\n[   55.004670] cloud-init[1125]: SHA256:e+FFAvo9+OkDilNQ+zVC5LKxxRo5/oeTvm0yj8R6ArU root@xplatvm\r\r\n[   55.004911] cloud-init[1125]: The key's randomart image is:\r\r\n[   55.005151] cloud-init[1125]: +---[DSA 1024]----+\r\r\n[   55.005391] cloud-init[1125]: |       .o        |\r\r\n[   55.005748] cloud-init[1125]: |      .=..       |\r\r\n[   55.005998] cloud-init[1125]: |     .Bo+ . .    |\r\r\n[   55.006239] cloud-init[1125]: |    ..o@.ooo     |\r\r\n[   55.006480] cloud-init[1125]: |     o=oSo+..    |\r\r\n[   55.012033] cloud-init[1125]: |    . Eoo* =     |\r\r\n[   55.016888] cloud-init[1125]: |     + .O.*      |\r\r\n[   55.026103] cloud-init[1125]: |    o o++Bo      |\r\r\n[   55.026373] cloud-init[1125]: |     ..o+*+.     |\r\r\n[   55.026661] cloud-init[1125]: +----[SHA256]-----+\r\r\n[   55.026909] cloud-init[1125]: Generating public/private ecdsa key pair.\r\r\n[   55.027155] cloud-init[1125]: Your identification has been saved in /etc/ssh/ssh_host_ecdsa_ey.\r\r\n[   55.027401] cloud-init[1125]: Your public key has been saved in /etc/ssh/ssh_host_ecdsa_key.pub.\r\r\n[   55.027707] cloud-init[1125]: The key fingerprint is:\r\r\n[   55.027957] cloud-init[1125] SHA256:ydPEu1fyDlofceZhI9QfH+liqNbCw5Y0U/9yvZ9jwCQ root@xplatvm\r\r\n[   55.028230] cloud-init[1125]: The key's randomart image is:\r\r\n[   55.028471] cloud-init[1125]: +---[ECDSA 256]---+\r\r\n[   55.028711] cloud-init[1125]: |                 |\r\r\n[   55.028951] cloud-init[1125]: |         .   . .|\r\r\n[   55.034358] cloud-init[1125]: |          o. . = |\r\r\n[   55.034601] cloud-init[1125]: |       . +.E+.. =|\r\r\n[   55.034842] cloud-init[1125]: |        S+o.==o==|\r\r\n[   55.036028] cloud-init[1125]: |        +.*..*==+|\r\r\n[   55.036302] cloud-init[1125]: |         X..+.+oo|\r\r\n[   55.036558] cloud-init[1125]: |        o o+ +o+o|\r\r\n[   55.036808] cloud-init[1125]: |          .   +o+|\r\r\n[   55.045385] cloud-init[1125]: +----[SHA256]-----+\r\r\n[   55.045678] cloud-init[1125]: Generating public/private ed25519 key pair.\r\r\n[   55.045937] loud-init[1125]: Your identification has been saved in /etc/ssh/ssh_host_ed25519_key.\r\r\n[   55.046189] cloud-init[1125]: Your public key has been saved in /etc/ssh/ssh_host_ed25519_key.pub.\r\r\n[   55.046437] cloud-init[1125]: The key fingerprint is:\r\r\n[   55.046683] cloud-init[1125]: SHA256:L4VAKHHErXaj88e6bu1xWfXHRaMHeHvV5Rgppe0oRc root@xplatv\r\r\n[   55.046935] cloud-init[1125] The key's randmart image is:\r\r\n[   55.047178] cloud-init[1125]: +--[ED25519 25]--+\r\r\n[   55.047420] cloud-init[1125]: |  .+oo.     .ooo=|\r\r\n[   55.047662] cloud-init[1125]: |  ..o..    ..++=+|\r\r\n[   55.047902] cloud-init[1125]: |   . ..   E oo=.+|\r\r\n[   55.048188] cloud-init[1125]: |   o o. o o =.+.|\r\r\n[   55.048428] cloud-init[1125] |   . o .S + o o +|\r\r\n[   55.048668] cloud-init[1125]: |    o    + +    .|\r\r\n[   55.048907] cloud-init[1125]: |     o oo +      |\r\r\n[   55.057317] cloud-init[1125]: |      o ++       |\r\r\n[   55.057618] cloud-init[1125]: |     o+=.        |\r\r\n[   55.057932] cloud-init[1125]: +----[SHA256]----+\r\r\n[\u001b[32m  OK  \u001b[0m] Started Initial cloud-init job (metadata service crawler).\r\r\n[\u001b[32m  OK  \u001b[0m] Reached target Cloud-config availability.\r\r\n         Starting Apply the settings specified in cloud-config...\r\r\n[\u001b[32m  OK  \u001b[0m] Started OpenBSD Secure Shell server.\r\r\n         Starting Permit User Sessions...\r\r\n[\u001b[32m  OK  \u001b[0m] Started Permit User Sessions.\r\r\n         Starting Terminate Plymouth Boot Screen...\r\r\n         Starting Wait for Plymouth Boot Screen to Quit...\r\r\ncloud-init.service\r\r\nssh.service\r\r\nsystemd-user-sessions.service\r\r\n[   60.972116] cloud-init[1394]: Generating locaes...\r\n[   61.080652] cloud-init[1394]: en_US.UTF-8... up-to-date\r\n[   61.098661] cloud-init[1394]: Generation complete.\r\n\r\r\nUbuntu 15.10 xplatvm ttyS0\r\n\r\nxplatvm login:
[   62.811665] cloud-init[1394]: Cloud-init v. 0.7.7 running 'modules:config' at Tue, 19 Jul 2016 09:01:28 +0000. Up 55.81 seconds.\r\nci-info: ++Authorized keys from /home/azureuser/.ssh/authorized_keys for user azureuser+++\r\nci-info: +---------+------------------------------------------------+---------+---------+\r\nci-info: | Keytype |                Fingerprint(md5)                | Options | Comment |\r\nci-info: +---------+-------------------------------------------------+---------+---------+\r\nci-info: | ssh-rsa | 8f:df:8f:18:ba:cd:cc:63:7c:1f:ea:ae:ba:09:40:65 |    -    |    -    |\r\nci-info: +---------+-------------------------------------------------+---------+---------+\r\n<14>Jul 19 09:01:36 ec2: \r\n<14>Jul 19 09:0:36 ec2: ##########################################################\r\n<14>Jul 19 09:0:36 ec2: -----BGIN SSH HOST KE FINGERPRINTS----\r\n<14>Jul 19 09:0:36 ec2: 1024 SA256:e+FFAvo9+OkDilNQ+zVC5LKxxRo5/oeTvm0yj8R6ArU root@xplatvm (DSA)\r\n<14>Jul 19 09:01:36 ec2: 256 SHA256:ydPEu1fyDlofceZhI9QfH+liqNbCw5Y0U/9yvZ9jwCQ root@xplatvm (ECDSA)\r\n<14>Jul 19 09:01:36 ec2: 256 SHA256:L4VAKHHErXaj88e6bu1xWfXHRaMHeHvV5Rgppe0ooRc root@xplatvm (ED25519)\r\n<14>Jul 19 09:0:36 ec2: 2048 SHA256:tL8siEVKURdG4LcgNeHA/65bjz2pCzxbexvPhr+bT2w root@xplatvm (RSA)\r\n<14>Jul 19 09:01:36 ec2: -----END SSH HOST KEY FINGERPRINTS-----\r\n<14>Jul 19 09:01:36 ec2: #############################################################\r\n-----BEGIN SSH HOST KEY KEYS-----\r\necdsa-sha2-nistp256 AAAAE2VjZHNhLXNoYTItbmlzdHAyNTYAAAAIbmlzdHAyNTYAAABBBJ9ar7LdpqCyfenI7aGK3Xg8qtkTH/duh+qBGGI8UwLPYoAiIL0SMTn2Hg0AMHUYRptUx6RB/Rb7xQpzji/4yw0= root@xplatvm\r\nssh-ed25519 AAAAC3NzaC1lZDI1NTE5AAAAIIsMXzZOb+KJYWlXAZXdIgTIkHM6CR4Pm1lIUF2u9JZ9 root@xplatvm\r\nssh-rsa AAAAB3NzaC1yc2EAAAADAQABAAABAQDOOgCfieDaEg0cjaKKZ1RQCfU+4mPM+XiEtdCYRIw43EsIxNBdjhLwZsOHNxlFIRXwvqej+qhBz+Y+iyU3sMdyUi29HPEY2Ozm2Deqas0w/TZarGWi/D5vtA57OmhptAR0hio+z46wuH/sc0kNTJShanqM8Bbzwxgua2CRrveFrkIep7rTdMWjzG1QR1j5zdDiDouKeX5ynR10AaJJ6OzFqjqFjeIyY/zBCVZ7yfPUv2unOg6/j/4TbImYk48ZNwfCm1eW282oJ47JVpQ/8tPekBD3BpNdK+Py8BJsbNhjbPeExTbO07Zdoh8jeL2sD1HnNYenfIr17qp7shZiV root@xplatvm\r\n-----END SSH HOT KEY KEYS-----\r\n[   63.495857] cloud-init[1501]: Cloud-init v. 07.7 running 'moules:final' at ue, 19 Jul 201609:01:35 +0000.Up 63.20 second.\r\n[   63.524436] cloud-init[1501]: Cloud-init v. 07.7 finished atTue, 19 Jul 201 09:01:36 +0000 Datasource DatSourceAzureNet seed=/dev/sr0].  Up 63.47 secons\r\n2016/07/19 09:01:40.372824 INFOWait for ssh host key to be generated.\r\n2016/07/19 09:01:40.412830 INFO Finished provisioning\r\n2016/07/19 09:01:43.125518 INFOEvent: name=WALA, op=Provision,message=Provisin succeed\r\n2016/07/19 09:01:43.130733 INFO Detect protocolendpoints\r\n2016/07/19 09:0:43.134240 INFO Start env monitr service.\r\n2016/07/19 09:0:43.137292 INFOConfigure route\r\n2016/07/19 09:0:43.140020 INFOGateway:10.0.0.\r\n2016/07/19 09:01:43.144258 INFO Routes:None\r\n2016/07/19 09:01:43.155213 INFOEvent: name=WAL, op=HeartBeat,message=\r\n2016/07/19 09:01:43.211768 INFOSet block dev timeout: sda withtimeout: 300\r\n2016/07/19 09:0:43.216803 INFOSet block dev tmeout: sdb withtimeout: 300\r\n2016/07/19 09:01:44.220909 INFO Handle new ext handler config\r\n2016/07/19 09:01:44.225116 INFO No ext handler config found\r\n2016/07/19 09:0:44.385872 INFOSuccessfully reorted vm agent tatus\r\n2016/07/19 09:04:16.557667 INFO Handle new ext handler config\r\n2016/07/19 09:04:16.561939 INFO No ext handler config found\r\n2016/07/19 09:04:16.657017 INFO Successfully reported vm agent status\r\n2016/07/19 09:05:  Handle new ext handler config\r\n2016/07/19 09:0:34.016834 INFONo ext handler config found\r\n2555:34.109198 INFOSuccessfully reorted vm agent tatus\r\n2016/07/19 09:0:25.911625 INFOHandle new ext andler config\r\n1166/07/19 09:09:25.916199 INFONo ext handler config found\r\n2016/07/19 09:09:26.020384 INFO Successfully reported vm agent status\r\n\u0000\u0000\u0000\u0000\u0000\u0000\u0000\u0000\u0000\u0000\u0000\u0000\u0000\u0000\u0000\u0000\u0000\u0000\u0000\u0000\u0000\u0000\u0000\u0000\u0000\u0000\u0000\u0000\u0000\u0000\u0000\u0000\u0000\u0000\u0000\u0000\u0000\u0000\u0000\u0000\u0000\u0000\u0000\u0000\u0000\u0000\u0000\u0000\u0000\u0000\u0000\u0000\u0000\u0000\u0000\u0000\u0000\u0000\u0000\u0000\u0000\u0000\u0000\u0000\u0000\u0000\u0000\u0000\u0000\u0000\u0000\u0000\u0000\u0000\u0000\u0000\u0000\u0000\u0000\u0000\u0000\u0000\u0000\u0000\u0000\u0000\u0000\u0000\u0000\u0000\u0000\u0000\u0000\u0000\u0000\u0000\u0000\u0000\u0000\u0000\u0000\u0000\u0000\u0000\u0000\u0000\u0000\u0000\u0000\u0000\u0000\u0000\u0000\u0000\u0000\u0000\u0000\u0000\u0000\u0000\u0000\u0000\u0000\u0000\u0000\u0000\u0000\u0000\u0000\u0000\u0000\u0000\u0000\u0000\u0000\u0000\u0000\u0000\u0000\u0000\u0000\u0000\u0000\u0000\u0000\u0000\u0000\u0000\u0000\u0000\u0000\u0000\u0000\u0000\u0000\u0000\u0000\u0000\u0000\u0000\u0000\u0000\u0000\u0000\u0000\u0000\u0000\u0000\u0000\u0000\u0000\u0000\u0000\u0000\u0000\u0000\u0000\u0000\u0000\u0000\u0000\u0000\u0000\u0000\u0000\u0000\u0000\u0000\u0000\u0000\u0000\u0000\u0000\u0000\u0000\u0000\u0000\u0000\u0000\u0000\u0000\u0000\u0000\u0000\u0000\u0000\u0000\u0000\u0000\u0000\u0000\u0000\u0000\u0000\u0000\u0000\u0000\u0000\u0000\u0000\u0000\u0000\u0000\u0000\u0000\u0000\u0000\u0000\u0000\u0000\u0000\u0000\u0000\u0000\u0000\u0000\u0000\u0000\u0000\u0000\u0000\u0000\u0000\u0000\u0000\u0000\u0000\u0000\u0000\u0000\u0000\u0000\u0000\u0000\u0000\u0000\u0000\u0000\u0000\u0000\u0000\u0000\u0000\u0000\u0000\u0000\u0000\u0000\u0000\u0000\u0000\u0000\u0000\u0000\u0000\u0000\u0000\u0000\u0000\u0000\u0000\u0000\u0000\u0000\u0000\u0000\u0000\u0000\u0000\u0000\u0000\u0000\u0000\u0000\u0000\u0000\u0000\u0000\u0000\u0000\u0000\u0000\u0000\u0000\u0000\u0000\u0000\u0000\u0000\u0000\u0000\u0000\u0000\u0000\u0000\u0000\u0000\u0000\u0000\u0000\u0000\u0000\u0000\u0000\u0000\u0000\u0000\u0000\u0000\u0000\u0000\u0000\u0000\u0000\u0000\u0000\u0000\u0000\u0000\u0000\u0000\u0000\u0000\u0000\u0000\u0000\u0000\u0000\u0000\u0000\u0000\u0000\u0000\u0000\u0000\u0000\u0000\u0000\u0000\u0000\u0000\u0000\u0000\u0000\u0000\u0000\u0000\u0000\u0000\u0000\u0000\u0000\u0000\u0000\u0000\u0000\u0000\u0000\u0000\u0000\u0000\u0000\u0000\u0000\u0000\u0000\u0000\u0000\u0000\u0000\u0000\u0000\u0000\u0000\u0000\u0000\u0000\u0000\u0000\u0000\u0000\u0000\u0000\u0000\u0000\u0000\u0000\u0000\u0000\u0000\u0000\u0000\u0000\u0000\u0000\u0000\u0000\u0000\u0000\u0000\u0000\u0000\u0000\u0000\u0000\u0000\u0000\u0000\u0000\u0000\u0000\u0000\u0000\u0000\u0000\u0000\u0000\u0000\u0000\u0000\u0000\u0000\u0000\u0000\u0000\u0000\u0000\u0000\u0000\u0000\u0000\u0000\u0000\u0000\u0000\u0000\u0000\u0000\u0000\u0000\u0000\u0000\u0000\u0000\u0000\u0000\u0000\u0000\u0000\u0000\u0000\u0000\u0000\u0000\u0000\u0000\u0000\u0000\u0000\u0000\u0000\u0000", { 'content-length': '66560',
  'content-type': 'text/plain',
  'last-modified': 'Tue, 19 Jul 2016 09:10:22 GMT',
  'accept-ranges': 'bytes',
  etag: '"0x8D3AFB483A53EA5"',
  server: 'Windows-Azure-Blob/1.0 Microsoft-HTTPAPI/2.0',
  'x-ms-request-id': 'c2d5b70a-0001-0028-119d-e1c771000000',
  'x-ms-version': '2015-04-05',
  'x-ms-write-protection': 'false',
  'x-ms-lease-status': 'unlocked',
  'x-ms-lease-state': 'available',
  'x-ms-blob-type': 'PageBlob',
  'x-ms-blob-sequence-number': '0',
  date: 'Tue, 19 Jul 2016 09:12:46 GMT',
  connection: 'close' });
 return result; },
function (nock) { 
var result = 
nock('https://xplatteststorage1311.blob.core.windows.net:443')
  .get('/bootdiagnostics-xplatvm-164393f4-d6b5-4e1b-88de-b87ab5b73127/xplatvm.164393f4-d6b5-4e1b-88de-b87ab5b73127.serialconsole.log')
