// This file has been autogenerated.

var profile = require('../../../lib/util/profile');

exports.getMockedProfile = function () {
  var newProfile = new profile.Profile();

  newProfile.addSubscription(new profile.Subscription({
    id: 'e33f361b-53c2-4cc7-b829-78906708387b',
    name: 'Microsoft Azure Internal Consumption',
    user: {
      name: 'user@domain.example',
      type: 'servicePrincipal'
    },
    tenantId: '72f988bf-86f1-41af-91ab-2d7cd011db47',
    state: 'Enabled',
    registeredProviders: [],
    isDefault: true
  }, newProfile.environments['AzureCloud']));

  return newProfile;
};

exports.setEnvironment = function() {
  process.env['AZURE_VM_TEST_LOCATION'] = 'westus';
  process.env['SSHCERT'] = 'test/myCert.pem';
};

exports.scopes = [[function (nock) { 
var result = 
nock('http://management.azure.com:443')
  .get('/subscriptions/e33f361b-53c2-4cc7-b829-78906708387b/resourceGroups/xplatTestGVMCreate3255/providers/Microsoft.Compute/virtualMachines/xplatvm?$expand=instanceView&api-version=2015-06-15')
  .reply(200, "{\r\n  \"properties\": {\r\n    \"vmId\": \"767b186d-c3b0-4d6c-b83f-995633c272c6\",\r\n    \"hardwareProfile\": {\r\n      \"vmSize\": \"Standard_A1\"\r\n    },\r\n    \"storageProfile\": {\r\n      \"osDisk\": {\r\n        \"osType\": \"Linux\",\r\n        \"name\": \"cli4032c431d5f9b5df-os-1453412474919\",\r\n        \"createOption\": \"FromImage\",\r\n        \"image\": {\r\n          \"uri\": \"https://xplatteststorage14453.blob.core.windows.net/system/Microsoft.Compute/Images/vhds/xplatvm3-osDisk.1bf0d1f7-5765-4e06-ac52-435f88690297.vhd\"\r\n        },\r\n        \"vhd\": {\r\n          \"uri\": \"https://xplatteststorage14453.blob.core.windows.net/xplatteststoragecnt12861/cli4032c431d5f9b5df-os-1453412474919.vhd\"\r\n        },\r\n        \"caching\": \"ReadWrite\"\r\n      },\r\n      \"dataDisks\": []\r\n    },\r\n    \"osProfile\": {\r\n      \"computerName\": \"xplatvm\",\r\n      \"adminUsername\": \"azureuser\",\r\n      \"linuxConfiguration\": {\r\n        \"disablePasswordAuthentication\": false,\r\n        \"ssh\": {\r\n          \"publicKeys\": [\r\n            {\r\n              \"path\": \"/home/azureuser/.ssh/authorized_keys\",\r\n              \"keyData\": \"MIID/zCCAuegAwIBAgIJAMUAa+XVLvAeMA0GCSqGSIb3DQEBBQUAMIGVMQswCQYD\\r\\nVQQGEwJJbjESMBAGA1UECAwJS2FybmF0YWthMRIwEAYDVQQHDAlCYW5nYWxvcmUx\\r\\nEDAOBgNVBAoMB2JyaWxsaW8xEjAQBgNVBAsMCW1pY3Jvc29mdDEQMA4GA1UEAwwH\\r\\nYnJpbGxpbzEmMCQGCSqGSIb3DQEJARYXc3JlZWthbnRoYnNAeWFob28uY28uaW4w\\r\\nHhcNMTUwMzA1MTE1MzEyWhcNMTYwMzA0MTE1MzEyWjCBlTELMAkGA1UEBhMCSW4x\\r\\nEjAQBgNVBAgMCUthcm5hdGFrYTESMBAGA1UEBwwJQmFuZ2Fsb3JlMRAwDgYDVQQK\\r\\nDAdicmlsbGlvMRIwEAYDVQQLDAltaWNyb3NvZnQxEDAOBgNVBAMMB2JyaWxsaW8x\\r\\nJjAkBgkqhkiG9w0BCQEWF3NyZWVrYW50aGJzQHlhaG9vLmNvLmluMIIBIjANBgkq\\r\\nhkiG9w0BAQEFAAOCAQ8AMIIBCgKCAQEAyUNKaOuT0NK+S8Ck81zy9xJ6hXfZvAC6\\r\\nlhbmf/6s/WVimJ/TX5NMhQJwC9k6ZIF92KfYrojHNvHDufSZ3EtKUVwRFCDjmgMT\\r\\nDL09WkGaZt7gROYFK0iZ4KrYGovUwlwum9fHB24OJiOV4bi0ek62/rHx9fjYZpvp\\r\\naIH2PV/hN8SCZ0x7HJMberD4gVoU/Kv42nNvwjLUW6IZfVx/Gv5OeFDtWHfSvUEF\\r\\ndadHKTPn3Ab20Iu6gZIbLO9Vuf38/IpaYGfnFCouHdzmiTiLieYNe3CUPcOJNSv7\\r\\n1G8KYpx3uNJRkJPab5OsRyJw75Gvzkr9OgaPss9tVD6Gt68u3WQtVQIDAQABo1Aw\\r\\nTjAdBgNVHQ4EFgQUogvhXB+xZ2JJPfLO6cVs4ForzscwHwYDVR0jBBgwFoAUogvh\\r\\nXB+xZ2JJPfLO6cVs4ForzscwDAYDVR0TBAUwAwEB/zANBgkqhkiG9w0BAQUFAAOC\\r\\nAQEAdDj7qUNJ45xlF5cjd+4x5NHvAD1VTjOKu+Xh/uzSSjXqB2F0aOMWA9lx0qaQ\\r\\noJgHkGxj3zz/W7ik/cVGL2O+vRIOKv/y0OPogEmS3Hw+P+O6OGE7x1G6YN0zLVoL\\r\\nu4BN/BEYmjttxM9I7qqL7C5cJoE+K3s/w1/pt/68ohJcr7F9Ohi7cso62xuGY1Rm\\r\\nksAh2EUDsU9JV/P+C9AMpLSrb03JJYzVj4w1RHbrmw2AjFyGXdQYkggyXisg+Ifr\\r\\n5gbNN7HigpHf7b2i3CQBUqp9m23frh5AhnLI2qp3UXgc52U5ieLdi/t6j0TTZqqY\\r\\nHhHqofKrj938HHlBNpC5/LVh3w==\\r\\n\"\r\n            }\r\n          ]\r\n        }\r\n      },\r\n      \"secrets\": []\r\n    },\r\n    \"networkProfile\": {\"networkInterfaces\":[{\"properties\":{},\"id\":\"/subscriptions/e33f361b-53c2-4cc7-b829-78906708387b/resourceGroups/xplatTestGVMCreate3255/providers/Microsoft.Network/networkInterfaces/xplattestnic\"}]},\r\n    \"diagnosticsProfile\": {\r\n      \"bootDiagnostics\": {\r\n        \"enabled\": true,\r\n        \"storageUri\": \"https://xplatteststorage14453.blob.core.windows.net/\"\r\n      }\r\n    },\r\n    \"provisioningState\": \"Succeeded\",\r\n    \"instanceView\": {\r\n      \"vmAgent\": {\r\n        \"vmAgentVersion\": \"WALinuxAgent-2.0.14\",\r\n        \"statuses\": [\r\n          {\r\n            \"code\": \"ProvisioningState/succeeded\",\r\n            \"level\": \"Info\",\r\n            \"displayStatus\": \"Ready\",\r\n            \"message\": \"GuestAgent is running and accepting new configurations.\",\r\n            \"time\": \"2016-01-21T21:54:10+00:00\"\r\n          }\r\n        ],\r\n        \"extensionHandlers\": []\r\n      },\r\n      \"disks\": [\r\n        {\r\n          \"name\": \"cli4032c431d5f9b5df-os-1453412474919\",\r\n          \"statuses\": [\r\n            {\r\n              \"code\": \"ProvisioningState/succeeded\",\r\n              \"level\": \"Info\",\r\n              \"displayStatus\": \"Provisioning succeeded\",\r\n              \"time\": \"2016-01-21T21:41:19.8596386+00:00\"\r\n            }\r\n          ]\r\n        }\r\n      ],\r\n      \"bootDiagnostics\": {\r\n        \"consoleScreenshotBlobUri\": \"https://xplatteststorage14453.blob.core.windows.net/bootdiagnostics-xplatvm-767b186d-c3b0-4d6c-b83f-995633c272c6/xplatvm.767b186d-c3b0-4d6c-b83f-995633c272c6.screenshot.bmp\",\r\n        \"serialConsoleLogBlobUri\": \"https://xplatteststorage14453.blob.core.windows.net/bootdiagnostics-xplatvm-767b186d-c3b0-4d6c-b83f-995633c272c6/xplatvm.767b186d-c3b0-4d6c-b83f-995633c272c6.serialconsole.log\"\r\n      },\r\n      \"statuses\": [\r\n        {\r\n          \"code\": \"ProvisioningState/succeeded\",\r\n          \"level\": \"Info\",\r\n          \"displayStatus\": \"Provisioning succeeded\",\r\n          \"time\": \"2016-01-21T21:42:54.2820706+00:00\"\r\n        },\r\n        {\r\n          \"code\": \"PowerState/running\",\r\n          \"level\": \"Info\",\r\n          \"displayStatus\": \"VM running\"\r\n        }\r\n      ]\r\n    }\r\n  },\r\n  \"id\": \"/subscriptions/e33f361b-53c2-4cc7-b829-78906708387b/resourceGroups/xplatTestGVMCreate3255/providers/Microsoft.Compute/virtualMachines/xplatvm\",\r\n  \"name\": \"xplatvm\",\r\n  \"type\": \"Microsoft.Compute/virtualMachines\",\r\n  \"location\": \"westus\",\r\n  \"tags\": {\r\n    \"a\": \"b\",\r\n    \"b\": \"c\",\r\n    \"d\": \"\"\r\n  }\r\n}", { 'cache-control': 'no-cache',
  pragma: 'no-cache',
  'content-length': '5037',
  'content-type': 'application/json; charset=utf-8',
  expires: '-1',
  'strict-transport-security': 'max-age=31536000; includeSubDomains',
  'x-ms-served-by': '21502de0-6f98-4d84-959e-6be54f3bb855_130971757558252273',
  'x-ms-request-id': '5eabdfb3-68ce-4cf1-9b6a-3f3ecfc3d38e',
  server: 'Microsoft-HTTPAPI/2.0, Microsoft-HTTPAPI/2.0',
  'x-ms-ratelimit-remaining-subscription-reads': '14908',
  'x-ms-correlation-request-id': '08ca284e-d978-4e2b-aa59-10c760765742',
  'x-ms-routing-request-id': 'CENTRALUS:20160121T215423Z:08ca284e-d978-4e2b-aa59-10c760765742',
  date: 'Thu, 21 Jan 2016 21:54:23 GMT',
  connection: 'close' });
 return result; },
function (nock) { 
var result = 
nock('https://management.azure.com:443')
  .get('/subscriptions/e33f361b-53c2-4cc7-b829-78906708387b/resourceGroups/xplatTestGVMCreate3255/providers/Microsoft.Compute/virtualMachines/xplatvm?$expand=instanceView&api-version=2015-06-15')
  .reply(200, "{\r\n  \"properties\": {\r\n    \"vmId\": \"767b186d-c3b0-4d6c-b83f-995633c272c6\",\r\n    \"hardwareProfile\": {\r\n      \"vmSize\": \"Standard_A1\"\r\n    },\r\n    \"storageProfile\": {\r\n      \"osDisk\": {\r\n        \"osType\": \"Linux\",\r\n        \"name\": \"cli4032c431d5f9b5df-os-1453412474919\",\r\n        \"createOption\": \"FromImage\",\r\n        \"image\": {\r\n          \"uri\": \"https://xplatteststorage14453.blob.core.windows.net/system/Microsoft.Compute/Images/vhds/xplatvm3-osDisk.1bf0d1f7-5765-4e06-ac52-435f88690297.vhd\"\r\n        },\r\n        \"vhd\": {\r\n          \"uri\": \"https://xplatteststorage14453.blob.core.windows.net/xplatteststoragecnt12861/cli4032c431d5f9b5df-os-1453412474919.vhd\"\r\n        },\r\n        \"caching\": \"ReadWrite\"\r\n      },\r\n      \"dataDisks\": []\r\n    },\r\n    \"osProfile\": {\r\n      \"computerName\": \"xplatvm\",\r\n      \"adminUsername\": \"azureuser\",\r\n      \"linuxConfiguration\": {\r\n        \"disablePasswordAuthentication\": false,\r\n        \"ssh\": {\r\n          \"publicKeys\": [\r\n            {\r\n              \"path\": \"/home/azureuser/.ssh/authorized_keys\",\r\n              \"keyData\": \"MIID/zCCAuegAwIBAgIJAMUAa+XVLvAeMA0GCSqGSIb3DQEBBQUAMIGVMQswCQYD\\r\\nVQQGEwJJbjESMBAGA1UECAwJS2FybmF0YWthMRIwEAYDVQQHDAlCYW5nYWxvcmUx\\r\\nEDAOBgNVBAoMB2JyaWxsaW8xEjAQBgNVBAsMCW1pY3Jvc29mdDEQMA4GA1UEAwwH\\r\\nYnJpbGxpbzEmMCQGCSqGSIb3DQEJARYXc3JlZWthbnRoYnNAeWFob28uY28uaW4w\\r\\nHhcNMTUwMzA1MTE1MzEyWhcNMTYwMzA0MTE1MzEyWjCBlTELMAkGA1UEBhMCSW4x\\r\\nEjAQBgNVBAgMCUthcm5hdGFrYTESMBAGA1UEBwwJQmFuZ2Fsb3JlMRAwDgYDVQQK\\r\\nDAdicmlsbGlvMRIwEAYDVQQLDAltaWNyb3NvZnQxEDAOBgNVBAMMB2JyaWxsaW8x\\r\\nJjAkBgkqhkiG9w0BCQEWF3NyZWVrYW50aGJzQHlhaG9vLmNvLmluMIIBIjANBgkq\\r\\nhkiG9w0BAQEFAAOCAQ8AMIIBCgKCAQEAyUNKaOuT0NK+S8Ck81zy9xJ6hXfZvAC6\\r\\nlhbmf/6s/WVimJ/TX5NMhQJwC9k6ZIF92KfYrojHNvHDufSZ3EtKUVwRFCDjmgMT\\r\\nDL09WkGaZt7gROYFK0iZ4KrYGovUwlwum9fHB24OJiOV4bi0ek62/rHx9fjYZpvp\\r\\naIH2PV/hN8SCZ0x7HJMberD4gVoU/Kv42nNvwjLUW6IZfVx/Gv5OeFDtWHfSvUEF\\r\\ndadHKTPn3Ab20Iu6gZIbLO9Vuf38/IpaYGfnFCouHdzmiTiLieYNe3CUPcOJNSv7\\r\\n1G8KYpx3uNJRkJPab5OsRyJw75Gvzkr9OgaPss9tVD6Gt68u3WQtVQIDAQABo1Aw\\r\\nTjAdBgNVHQ4EFgQUogvhXB+xZ2JJPfLO6cVs4ForzscwHwYDVR0jBBgwFoAUogvh\\r\\nXB+xZ2JJPfLO6cVs4ForzscwDAYDVR0TBAUwAwEB/zANBgkqhkiG9w0BAQUFAAOC\\r\\nAQEAdDj7qUNJ45xlF5cjd+4x5NHvAD1VTjOKu+Xh/uzSSjXqB2F0aOMWA9lx0qaQ\\r\\noJgHkGxj3zz/W7ik/cVGL2O+vRIOKv/y0OPogEmS3Hw+P+O6OGE7x1G6YN0zLVoL\\r\\nu4BN/BEYmjttxM9I7qqL7C5cJoE+K3s/w1/pt/68ohJcr7F9Ohi7cso62xuGY1Rm\\r\\nksAh2EUDsU9JV/P+C9AMpLSrb03JJYzVj4w1RHbrmw2AjFyGXdQYkggyXisg+Ifr\\r\\n5gbNN7HigpHf7b2i3CQBUqp9m23frh5AhnLI2qp3UXgc52U5ieLdi/t6j0TTZqqY\\r\\nHhHqofKrj938HHlBNpC5/LVh3w==\\r\\n\"\r\n            }\r\n          ]\r\n        }\r\n      },\r\n      \"secrets\": []\r\n    },\r\n    \"networkProfile\": {\"networkInterfaces\":[{\"properties\":{},\"id\":\"/subscriptions/e33f361b-53c2-4cc7-b829-78906708387b/resourceGroups/xplatTestGVMCreate3255/providers/Microsoft.Network/networkInterfaces/xplattestnic\"}]},\r\n    \"diagnosticsProfile\": {\r\n      \"bootDiagnostics\": {\r\n        \"enabled\": true,\r\n        \"storageUri\": \"https://xplatteststorage14453.blob.core.windows.net/\"\r\n      }\r\n    },\r\n    \"provisioningState\": \"Succeeded\",\r\n    \"instanceView\": {\r\n      \"vmAgent\": {\r\n        \"vmAgentVersion\": \"WALinuxAgent-2.0.14\",\r\n        \"statuses\": [\r\n          {\r\n            \"code\": \"ProvisioningState/succeeded\",\r\n            \"level\": \"Info\",\r\n            \"displayStatus\": \"Ready\",\r\n            \"message\": \"GuestAgent is running and accepting new configurations.\",\r\n            \"time\": \"2016-01-21T21:54:10+00:00\"\r\n          }\r\n        ],\r\n        \"extensionHandlers\": []\r\n      },\r\n      \"disks\": [\r\n        {\r\n          \"name\": \"cli4032c431d5f9b5df-os-1453412474919\",\r\n          \"statuses\": [\r\n            {\r\n              \"code\": \"ProvisioningState/succeeded\",\r\n              \"level\": \"Info\",\r\n              \"displayStatus\": \"Provisioning succeeded\",\r\n              \"time\": \"2016-01-21T21:41:19.8596386+00:00\"\r\n            }\r\n          ]\r\n        }\r\n      ],\r\n      \"bootDiagnostics\": {\r\n        \"consoleScreenshotBlobUri\": \"https://xplatteststorage14453.blob.core.windows.net/bootdiagnostics-xplatvm-767b186d-c3b0-4d6c-b83f-995633c272c6/xplatvm.767b186d-c3b0-4d6c-b83f-995633c272c6.screenshot.bmp\",\r\n        \"serialConsoleLogBlobUri\": \"https://xplatteststorage14453.blob.core.windows.net/bootdiagnostics-xplatvm-767b186d-c3b0-4d6c-b83f-995633c272c6/xplatvm.767b186d-c3b0-4d6c-b83f-995633c272c6.serialconsole.log\"\r\n      },\r\n      \"statuses\": [\r\n        {\r\n          \"code\": \"ProvisioningState/succeeded\",\r\n          \"level\": \"Info\",\r\n          \"displayStatus\": \"Provisioning succeeded\",\r\n          \"time\": \"2016-01-21T21:42:54.2820706+00:00\"\r\n        },\r\n        {\r\n          \"code\": \"PowerState/running\",\r\n          \"level\": \"Info\",\r\n          \"displayStatus\": \"VM running\"\r\n        }\r\n      ]\r\n    }\r\n  },\r\n  \"id\": \"/subscriptions/e33f361b-53c2-4cc7-b829-78906708387b/resourceGroups/xplatTestGVMCreate3255/providers/Microsoft.Compute/virtualMachines/xplatvm\",\r\n  \"name\": \"xplatvm\",\r\n  \"type\": \"Microsoft.Compute/virtualMachines\",\r\n  \"location\": \"westus\",\r\n  \"tags\": {\r\n    \"a\": \"b\",\r\n    \"b\": \"c\",\r\n    \"d\": \"\"\r\n  }\r\n}", { 'cache-control': 'no-cache',
  pragma: 'no-cache',
  'content-length': '5037',
  'content-type': 'application/json; charset=utf-8',
  expires: '-1',
  'strict-transport-security': 'max-age=31536000; includeSubDomains',
  'x-ms-served-by': '21502de0-6f98-4d84-959e-6be54f3bb855_130971757558252273',
  'x-ms-request-id': '5eabdfb3-68ce-4cf1-9b6a-3f3ecfc3d38e',
  server: 'Microsoft-HTTPAPI/2.0, Microsoft-HTTPAPI/2.0',
  'x-ms-ratelimit-remaining-subscription-reads': '14908',
  'x-ms-correlation-request-id': '08ca284e-d978-4e2b-aa59-10c760765742',
  'x-ms-routing-request-id': 'CENTRALUS:20160121T215423Z:08ca284e-d978-4e2b-aa59-10c760765742',
  date: 'Thu, 21 Jan 2016 21:54:23 GMT',
  connection: 'close' });
 return result; },
function (nock) { 
var result = 
nock('http://management.azure.com:443')
  .post('/subscriptions/e33f361b-53c2-4cc7-b829-78906708387b/resourceGroups/xplatTestGVMCreate3255/providers/Microsoft.Storage/storageAccounts/xplatteststorage14453/listKeys?api-version=2015-06-15')
  .reply(200, "{\"key1\":\"TmXCaEjurQsIzlTUSAdWqPjNDFvRWoxH9/3N81F4RwFywlNPCcS5ZxznZLbBkvpXsX7cLRaaU5L6VMdiK3cwiA==\",\"key2\":\"mw2AnyDvlItqYx7OhmcfZSkMhSAKeleMK8oZP5vMoC1kCAVyBEl0CtKgsCWIHy6MHOiVJdzicJMTwHBtWR7csg==\"}\n", { 'cache-control': 'no-cache',
  pragma: 'no-cache',
  'content-length': '198',
  'content-type': 'application/json',
  expires: '-1',
  'x-ms-request-id': '3cf456e0-d146-42ea-b13e-04cc03928152',
  server: 'Microsoft-Azure-Storage-Resource-Provider/1.0, Microsoft-HTTPAPI/2.0',
  'x-ms-ratelimit-remaining-subscription-writes': '1193',
  'x-ms-correlation-request-id': '3cf456e0-d146-42ea-b13e-04cc03928152',
  'x-ms-routing-request-id': 'CENTRALUS:20160121T215424Z:3cf456e0-d146-42ea-b13e-04cc03928152',
  'strict-transport-security': 'max-age=31536000; includeSubDomains',
  date: 'Thu, 21 Jan 2016 21:54:23 GMT',
  connection: 'close' });
 return result; },
function (nock) { 
var result = 
nock('https://management.azure.com:443')
  .post('/subscriptions/e33f361b-53c2-4cc7-b829-78906708387b/resourceGroups/xplatTestGVMCreate3255/providers/Microsoft.Storage/storageAccounts/xplatteststorage14453/listKeys?api-version=2015-06-15')
  .reply(200, "{\"key1\":\"TmXCaEjurQsIzlTUSAdWqPjNDFvRWoxH9/3N81F4RwFywlNPCcS5ZxznZLbBkvpXsX7cLRaaU5L6VMdiK3cwiA==\",\"key2\":\"mw2AnyDvlItqYx7OhmcfZSkMhSAKeleMK8oZP5vMoC1kCAVyBEl0CtKgsCWIHy6MHOiVJdzicJMTwHBtWR7csg==\"}\n", { 'cache-control': 'no-cache',
  pragma: 'no-cache',
  'content-length': '198',
  'content-type': 'application/json',
  expires: '-1',
  'x-ms-request-id': '3cf456e0-d146-42ea-b13e-04cc03928152',
  server: 'Microsoft-Azure-Storage-Resource-Provider/1.0, Microsoft-HTTPAPI/2.0',
  'x-ms-ratelimit-remaining-subscription-writes': '1193',
  'x-ms-correlation-request-id': '3cf456e0-d146-42ea-b13e-04cc03928152',
  'x-ms-routing-request-id': 'CENTRALUS:20160121T215424Z:3cf456e0-d146-42ea-b13e-04cc03928152',
  'strict-transport-security': 'max-age=31536000; includeSubDomains',
  date: 'Thu, 21 Jan 2016 21:54:23 GMT',
  connection: 'close' });
 return result; },
function (nock) { 
var result = 
nock('http://xplatteststorage14453.blob.core.windows.net:443')
  .head('/bootdiagnostics-xplatvm-767b186d-c3b0-4d6c-b83f-995633c272c6/xplatvm.767b186d-c3b0-4d6c-b83f-995633c272c6.serialconsole.log')
  .reply(200, "", { 'content-length': '65024',
  'last-modified': 'Thu, 21 Jan 2016 21:43:08 GMT',
  'accept-ranges': 'bytes',
  etag: '"0x8D322ABD9FC5760"',
  server: 'Windows-Azure-Blob/1.0 Microsoft-HTTPAPI/2.0',
  'x-ms-request-id': 'd1964573-0001-000f-6996-54dd80000000',
  'x-ms-version': '2015-02-21',
  'x-ms-lease-status': 'unlocked',
  'x-ms-lease-state': 'available',
  'x-ms-blob-type': 'PageBlob',
  'x-ms-blob-sequence-number': '0',
  date: 'Thu, 21 Jan 2016 21:54:24 GMT',
  connection: 'close' });
 return result; },
function (nock) { 
var result = 
nock('https://xplatteststorage14453.blob.core.windows.net:443')
  .head('/bootdiagnostics-xplatvm-767b186d-c3b0-4d6c-b83f-995633c272c6/xplatvm.767b186d-c3b0-4d6c-b83f-995633c272c6.serialconsole.log')
  .reply(200, "", { 'content-length': '65024',
  'last-modified': 'Thu, 21 Jan 2016 21:43:08 GMT',
  'accept-ranges': 'bytes',
  etag: '"0x8D322ABD9FC5760"',
  server: 'Windows-Azure-Blob/1.0 Microsoft-HTTPAPI/2.0',
  'x-ms-request-id': 'd1964573-0001-000f-6996-54dd80000000',
  'x-ms-version': '2015-02-21',
  'x-ms-lease-status': 'unlocked',
  'x-ms-lease-state': 'available',
  'x-ms-blob-type': 'PageBlob',
  'x-ms-blob-sequence-number': '0',
  date: 'Thu, 21 Jan 2016 21:54:24 GMT',
  connection: 'close' });
 return result; },
function (nock) { 
var result = 
nock('http://xplatteststorage14453.blob.core.windows.net:443')
  .get('/bootdiagnostics-xplatvm-767b186d-c3b0-4d6c-b83f-995633c272c6/xplatvm.767b186d-c3b0-4d6c-b83f-995633c272c6.serialconsole.log')
  .reply(200, "\u001b[H\u001b[J\u001b[1;1H[    0.000000] Initializing cgroup subsys cpuset\r\n[    0.000000] Initializing cgroup subsys cpu\r\n[    0.000000] Initializing cgroup subsys cpuacct\r\n[    0.000000] Linux version 3.19.0-47-generic (buildd@lgw01-56) (gcc version 4.9.2 (Ubuntu 4.9.2-10ubuntu13) ) #53-Ubuntu SMP Mon Jan 18 14:02:48 UTC 2016 (Ubuntu 3.19.0-47.53-generic 3.19.8-ckt10)\r\n[    0.000000] Command line: BOOT_IMAGE=/boot/vmlinuz-3.19.0-47-generic root=UUID=39dbc619-b3fa-4d08-8b49-5c548c9259f7 ro console=tty1 console=ttyS0 earlyprintk=ttyS0 rootdelay=300\r\n[    0.000000] KERNEL supported cpus:\r\n[    0.000000]   Intel GenuineIntel\r\n[    0.000000]   AMD AuthenticAMD\r\n[    0.000000]   Centaur CentaurHauls\r\n[    0.000000] e820: BIOS-provided physical RAM map:\r\n[    0.000000] BIOS-e820: [mem 0x0000000000000000-0x000000000009fbff] usable\r\n[    0.000000] BIOS-e820: [mem 0x000000000009fc00-0x000000000009ffff] reserved\r\n[    0.000000] BIOS-e820: [mem 0x00000000000e0000-0x00000000000fffff] reserved\r\n[    0.000000] BIOS-e820: [mem 0x0000000000100000-0x000000001ffeffff] usable\r\n[    0.000000] BIOS-e820: [mem 0x000000001fff0000-0x000000001fffefff] ACPI data\r\n[    0.000000] BIOS-e820: [mem 0x000000001ffff000-0x000000001fffffff] ACPI NVS\r\n[    0.000000] BIOS-e820: [mem 0x0000000100000000-0x000000014fffffff] usable\r\n[    0.000000] bootconsole [earlyser0] enabled\r\n[    0.000000] NX (Execute Disable) protection: active\r\n[    0.000000] SMBIOS 2.3 present.\r\n[    0.000000] Hypervisor detected: Microsoft HyperV\r\n[    0.000000] HyperV: features 0xe7f, hints 0x2c\r\n[    0.000000] HyperV: LAPIC Timer Frequency: 0xc3500\r\n[    0.000000] tsc: Marking TSC unstable due to running on Hyper-V\r\n[    0.000000] AGP: No AGP bridge found\r\n[    0.000000] e820: last_pfn = 0x150000 max_arch_pfn = 0x400000000\r\n[    0.000000] PAT configuration [0-7]: WB  WC  UC- UC  WB  WC  UC- UC  \r\n[    0.000000] e820: last_pfn = 0x1fff0 max_arch_pfn = 0x400000000\r\n[    0.000000] found SMP MP-table at [mem 0x000ff780-0x000ff78f] mapped at [ffff8800000ff780]\r\n[    0.000000] Scanning 1 areas for low memory corruption\r\n[    0.000000] init_memory_mapping: [mem 0x00000000-0x000fffff]\r\n[    0.000000] init_memory_mapping: [mem 0x14fe00000-0x14fffffff]\r\n[    0.000000] init_memory_mapping: [mem 0x140000000-0x14fdfffff]\r\n[    0.000000] init_memory_mapping: [mem 0x120000000-0x13fffffff]\r\n[    0.000000] init_memory_mapping: [mem 0x00100000-0x1ffeffff]\r\n[    0.000000] init_memory_mapping: [mem 0x100000000-0x11fffffff]\r\n[    0.000000] RAMDISK: [mem 0x1dd1d000-0x1f7b7fff]\r\n[    0.000000] ACPI: Early table checksum verification disabled\r\n[    0.000000] ACPI: RSDP 0x00000000000F56F0 000014 (v00 ACPIAM)\r\n[    0.000000] ACPI: RSDT 0x000000001FFF0000 000040 (v01 VRTUAL MICROSFT 05001223 MSFT 00000097)\r\n[    0.000000] ACPI: FACP 0x000000001FFF0200 000081 (v02 VRTUAL MICROSFT 05001223 MSFT 00000097)\r\n[    0.000000] ACPI: DSDT 0x000000001FFF1724 002E78 (v01 MSFTVM MSFTVM02 00000002 INTL 02002026)\r\n[    0.000000] ACPI: FACS 0x000000001FFFF000 000040\r\n[    0.000000] ACPI: WAET 0x000000001FFF1480 000028 (v01 VRTUAL MICROSFT 05001223 MSFT 00000097)\r\n[    0.000000] ACPI: SLIC 0x000000001FFF14C0 000176 (v01 VRTUAL MICROSFT 05001223 MSFT 00000097)\r\n[    0.000000] ACPI: OEM0 0x000000001FFF16C0 000064 (v01 VRTUAL MICROSFT 05001223 MSFT 00000097)\r\n[    0.000000] ACPI: SRAT 0x000000001FFF0600 000090 (v02 VRTUAL MICROSFT 00000001 MSFT 00000001)\r\n[    0.000000] ACPI: APIC 0x000000001FFF0300 00024C (v01 VRTUAL MICROSFT 05001223 MSFT 00000097)\r\n[    0.000000] ACPI: OEMB 0x000000001FFFF040 000064 (v01 VRTUAL MICROSFT 05001223 MSFT 00000097)\r\n[    0.000000] SRAT: PXM 0 -> APIC 0x00 -> Node 0\r\n[    0.000000] SRAT: Node 0 PXM 0 [mem 0x00000000-0x1fffffff]\r\n[    0.000000] SRAT: Node 0 PXM 0 [mem 0x100000000-0x14fffffff]\r\n[    0.000000] NUMA: Node 0 [mem 0x00000000-0x1fffffff] + [mem 0x100000000-0x14fffffff] -> [mem 0x00000000-0x14fffffff]\r\n[    0.000000] NODE_DATA(0) allocated [mem 0x14fffa000-0x14fffefff]\r\n[    0.000000] Zone ranges:\r\n[    0.000000]   DMA      [mem 0x00001000-0x00ffffff]\r\n[    0.000000]   DMA32    [mem 0x01000000-0xffffffff]\r\n[    0.000000]   Normal   [mem 0x100000000-0x14fffffff]\r\n[    0.000000] Movable zone start for each node\r\n[    0.000000] Early memory node ranges\r\n[    0.000000]   node   0: [mem 0x00001000-0x0009efff]\r\n[    0.000000]   node   0: [mem 0x00100000-0x1ffeffff]\r\n[    0.000000]   node   0: [mem 0x100000000-0x14fffffff]\r\n[    0.000000] Initmem setup node 0 [mem 0x00001000-0x14fffffff]\r\n[    0.000000] ACPI: PM-Timer IO Port: 0x408\r\n[    0.000000] ACPI: LAPIC (acpi_id[0x01] lapic_id[0x00] enabled)\r\n[    0.000000] ACPI: LAPIC (acpi_id[0x02] lapic_id[0x01] disabled)\r\n[    0.000000] ACPI: LAPIC (acpi_id[0x03] lapic_id[0x02] disabled)\r\n[    0.000000] ACPI: LAPIC (acpi_id[0x04] lapic_id[0x03] disabled)\r\n[    0.000000] ACPI: LAPIC (acpi_id[0x05] lapic_id[0x04] disabled)\r\n[    0.000000] ACPI: LAPIC (acpi_id[0x06] lapic_id[0x05] disabled)\r\n[    0.000000] ACPI: LAPIC (acpi_id[0x07] lapic_id[0x06] disabled)\r\n[    0.000000] ACPI: LAPIC (acpi_id[0x08] lapic_id[0x07] disabled)\r\n[    0.000000] ACPI: LAPIC (acpi_id[0x09] lapic_id[0x08] disabled)\r\n[    0.000000] ACPI: LAPIC (acpi_id[0x0a] lapic_id[0x09] disabled)\r\n[    0.000000] ACPI: LAPIC (acpi_id[0x0b] lapic_id[0x0a] disabled)\r\n[    0.000000] ACPI: LAPIC (acpi_id[0x0c] lapic_id[0x0b] disabled)\r\n[    0.000000] ACPI: LAPIC (acpi_id[0x0d] lapic_id[0x0c] disabled)\r\n[    0.000000] ACPI: LAPIC (acpi_id[0x0e] lapic_id[0x0d] disabled)\r\n[    0.000000] ACPI: LAPIC (acpi_id[0x0f] lapic_id[0x0e] disabled)\r\n[    0.000000] ACPI: LAPIC (acpi_id[0x10] lapic_id[0x0f] disabled)\r\n[    0.000000] ACPI: LAPIC (acpi_id[0x11] lapic_id[0x10] disabled)\r\n[    0.000000] ACPI: LAPIC (acpi_id[0x12] lapic_id[0x11] disabled)\r\n[    0.000000] ACPI: LAPIC (acpi_id[0x13] lapic_id[0x12] disabled)\r\n[    0.000000] ACPI: LAPIC (acpi_id[0x14] lapic_id[0x13] disabled)\r\n[    0.000000] ACPI: LAPIC (acpi_id[0x15] lapic_id[0x14] disabled)\r\n[    0.000000] ACPI: LAPIC (acpi_id[0x16] lapic_id[0x15] disabled)\r\n[    0.000000] ACPI: LAPIC (acpi_id[0x17] lapic_id[0x16] disabled)\r\n[    0.000000] ACPI: LAPIC (acpi_id[0x18] lapic_id[0x17] disabled)\r\n[    0.000000] ACPI: LAPIC (acpi_id[0x19] lapic_id[0x18] disabled)\r\n[    0.000000] ACPI: LAPIC (acpi_id[0x1a] lapic_id[0x19] disabled)\r\n[    0.000000] ACPI: LAPIC (acpi_id[0x1b] lapic_id[0x1a] disabled)\r\n[    0.000000] ACPI: LAPIC (acpi_id[0x1c] lapic_id[0x1b] disabled)\r\n[    0.000000] ACPI: LAPIC (acpi_id[0x1d] lapic_id[0x1c] disabled)\r\n[    0.000000] ACPI: LAPIC (acpi_id[0x1e] lapic_id[0x1d] disabled)\r\n[    0.000000] ACPI: LAPIC (acpi_id[0x1f] lapic_id[0x1e] disabled)\r\n[    0.000000] ACPI: LAPIC (acpi_id[0x20] lapic_id[0x1f] disabled)\r\n[    0.000000] ACPI: LAPIC (acpi_id[0x21] lapic_id[0x20] disabled)\r\n[    0.000000] ACPI: LAPIC (acpi_id[0x22] lapic_id[0x21] disabled)\r\n[    0.000000] ACPI: LAPIC (acpi_id[0x23] lapic_id[0x22] disabled)\r\n[    0.000000] ACPI: LAPIC (acpi_id[0x24] lapic_id[0x23] disabled)\r\n[    0.000000] ACPI: LAPIC (acpi_id[0x25] lapic_id[0x24] disabled)\r\n[    0.000000] ACPI: LAPIC (acpi_id[0x26] lapic_id[0x25] disabled)\r\n[    0.000000] ACPI: LAPIC (acpi_id[0x27] lapic_id[0x26] disabled)\r\n[    0.000000] ACPI: LAPIC (acpi_id[0x28] lapic_id[0x27] disabled)\r\n[    0.000000] ACPI: LAPIC (acpi_id[0x29] lapic_id[0x28] disabled)\r\n[    0.000000] ACPI: LAPIC (acpi_id[0x2a] lapic_id[0x29] disabled)\r\n[    0.000000] ACPI: LAPIC (acpi_id[0x2b] lapic_id[0x2a] disabled)\r\n[    0.000000] ACPI: LAPIC (acpi_id[0x2c] lapic_id[0x2b] disabled)\r\n[    0.000000] ACPI: LAPIC (acpi_id[0x2d] lapic_id[0x2c] disabled)\r\n[    0.000000] ACPI: LAPIC (acpi_id[0x2e] lapic_id[0x2d] disabled)\r\n[    0.000000] ACPI: LAPIC (acpi_id[0x2f] lapic_id[0x2e] disabled)\r\n[    0.000000] ACPI: LAPIC (acpi_id[0x30] lapic_id[0x2f] disabled)\r\n[    0.000000] ACPI: LAPIC (acpi_id[0x31] lapic_id[0x30] disabled)\r\n[    0.000000] ACPI: LAPIC (acpi_id[0x32] lapic_id[0x31] disabled)\r\n[    0.000000] ACPI: LAPIC (acpi_id[0x33] lapic_id[0x32] disabled)\r\n[    0.000000] ACPI: LAPIC (acpi_id[0x34] lapic_id[0x33] disabled)\r\n[    0.000000] ACPI: LAPIC (acpi_id[0x35] lapic_id[0x34] disabled)\r\n[    0.000000] ACPI: LAPIC (acpi_id[0x36] lapic_id[0x35] disabled)\r\n[    0.000000] ACPI: LAPIC (acpi_id[0x37] lapic_id[0x36] disabled)\r\n[    0.000000] ACPI: LAPIC (acpi_id[0x38] lapic_id[0x37] disabled)\r\n[    0.000000] ACPI: LAPIC (acpi_id[0x39] lapic_id[0x38] disabled)\r\n[    0.000000] ACPI: LAPIC (acpi_id[0x3a] lapic_id[0x39] disabled)\r\n[    0.000000] ACPI: LAPIC (acpi_id[0x3b] lapic_id[0x3a] disabled)\r\n[    0.000000] ACPI: LAPIC (acpi_id[0x3c] lapic_id[0x3b] disabled)\r\n[    0.000000] ACPI: LAPIC (acpi_id[0x3d] lapic_id[0x3c] disabled)\r\n[    0.000000] ACPI: LAPIC (acpi_id[0x3e] lapic_id[0x3d] disabled)\r\n[    0.000000] ACPI: LAPIC (acpi_id[0x3f] lapic_id[0x3e] disabled)\r\n[    0.000000] ACPI: LAPIC (acpi_id[0x40] lapic_id[0x3f] disabled)\r\n[    0.000000] ACPI: IOAPIC (id[0x00] address[0xfec00000] gsi_base[0])\r\n[    0.000000] IOAPIC[0]: apic_id 0, version 17, address 0xfec00000, GSI 0-23\r\n[    0.000000] ACPI: INT_SRC_OVR (bus 0 bus_irq 0 global_irq 2 dfl dfl)\r\n[    0.000000] ACPI: INT_SRC_OVR (bus 0 bus_irq 9 global_irq 9 high level)\r\n[    0.000000] Using ACPI (MADT) for SMP configuration information\r\n[    0.000000] smpboot: Allowing 64 CPUs, 63 hotplug CPUs\r\n[    0.000000] PM: Registered nosave memory: [mem 0x00000000-0x00000fff]\r\n[    0.000000] PM: Registered nosave memory: [mem 0x0009f000-0x0009ffff]\r\n[    0.000000] PM: Registered nosave memory: [mem 0x000a0000-0x000dffff]\r\n[    0.000000] PM: Registered nosave memory: [mem 0x000e0000-0x000fffff]\r\n[    0.000000] PM: Registered nosave memory: [mem 0x1fff0000-0x1fffefff]\r\n[    0.000000] PM: Registered nosave memory: [mem 0x1ffff000-0x1fffffff]\r\n[    0.000000] PM: Registered nosave memory: [mem 0x20000000-0xffffffff]\r\n[    0.000000] e820: [mem 0x20000000-0xffffffff] available for PCI devices\r\n[    0.000000] Booting paravirtualized kernel on bare hardware\r\n[    0.000000] setup_percpu: NR_CPUS:256 nr_cpumask_bits:256 nr_cpu_ids:64 nr_node_ids:1\r\n[    0.000000] PERCPU: Embedded 31 pages/cpu @ffff88014d200000 s87104 r8192 d31680 u131072\r\n[    0.000000] Built 1 zonelists in Node order, mobility grouping on.  Total pages: 451449\r\n[    0.000000] Policy zone: Normal\r\n[    0.000000] Kernel command line: BOOT_IMAGE=/boot/vmlinuz-3.19.0-47-generic root=UUID=39dbc619-b3fa-4d08-8b49-5c548c9259f7 ro console=tty1 console=ttyS0 earlyprintk=ttyS0 rootdelay=300\r\n[    0.000000] log_buf_len individual max cpu contribution: 4096 bytes\r\n[    0.000000] log_buf_len total cpu_extra contributions: 258048 bytes\r\n[    0.000000] log_buf_len min size: 262144 bytes\r\n[    0.000000] log_buf_len: 524288 bytes\r\n[    0.000000] early log buf free: 248668(94%)\r\n[    0.000000] PID hash table entries: 4096 (order: 3, 32768 bytes)\r\n[    0.000000] xsave: enabled xstate_bv 0x7, cntxt size 0x340 using standard form\r\n[    0.000000] AGP: Checking aperture...\r\n[    0.000000] AGP: No AGP bridge found\r\n[    0.000000] Memory: 1687480K/1834552K available (8007K kernel code, 1234K rwdata, 3764K rodata, 1408K init, 1300K bss, 147072K reserved, 0K cma-reserved)\r\n[    0.000000] SLUB: HWalign=64, Order=0-3, MinObjects=0, CPUs=64, Nodes=1\r\n[    0.000000] Hierarchical RCU implementation.\r\n[    0.000000] \tRCU dyntick-idle grace-period acceleration is enabled.\r\n[    0.000000] \tRCU restricting CPUs from NR_CPUS=256 to nr_cpu_ids=64.\r\n[    0.000000] RCU: Adjusting geometry for rcu_fanout_leaf=16, nr_cpu_ids=64\r\n[    0.000000] NR_IRQS:16640 nr_irqs:936 16\r\n[    0.000000] \tOffload RCU callbacks from all CPUs\r\n[    0.000000] \tOffload RCU callbacks from CPUs: 0-63.\r\n[    0.000000] Console: colour VGA+ 80x25\r\n[    0.000000] console [tty1] enabled\r\n[    0.000000] console [ttyS0] enabled\r\n[    0.000000] console [ttyS0] enabled\r\n[    0.000000] bootconsole [earlyser0] disabled\r\n[    0.000000] bootconsole [earlyser0] disabled\r\n[    0.000000] tsc: Fast TSC calibration failed\r\n[    0.000000] tsc: Unable to calibrate against PIT\r\n[    0.000000] tsc: using PMTIMER reference calibration\r\n[    0.000000] tsc: Detected 2394.452 MHz processor\r\n[    0.016029] Calibrating delay loop (skipped), value calculated using timer frequency.. 4788.90 BogoMIPS (lpj=9577808)\r\n[    0.017378] pid_max: default: 65536 minimum: 512\r\n[    0.018050] ACPI: Core revision 20141107\r\n[    0.024000] ACPI: All ACPI Tables successfully acquired\r\n[    0.028096] Security Framework initialized\r\n[    0.030834] AppArmor: AppArmor initialized\r\n[    0.032013] Yama: becoming mindful.\r\n[    0.032790] Dentry cache hash table entries: 262144 (order: 9, 2097152 bytes)\r\n[    0.033989] Inode-cache hash table entries: 131072 (order: 8, 1048576 bytes)\r\n[    0.035051] Mount-cache hash table entries: 4096 (order: 3, 32768 bytes)\r\n[    0.036036] Mountpoint-cache hash table entries: 4096 (order: 3, 32768 bytes)\r\n[    0.037119] Initializing cgroup subsys memory\r\n[    0.037776] Initializing cgroup subsys devices\r\n[    0.038407] Initializing cgroup subsys freezer\r\n[    0.039051] Initializing cgroup subsys net_cls\r\n[    0.039695] Initializing cgroup subsys blkio\r\n[    0.040039] Initializing cgroup subsys perf_event\r\n[    0.040746] Initializing cgroup subsys net_prio\r\n[    0.041383] Initializing cgroup subsys hugetlb\r\n[    0.042819] mce: CPU supports 1 MCE banks\r\n[    0.044040] Last level iTLB entries: 4KB 1024, 2MB 1024, 4MB 1024\r\n[    0.044040] Last level dTLB entries: 4KB 1024, 2MB 1024, 4MB 1024, 1GB 4\r\n[    0.064026] ftrace: allocating 30124 entries in 118 pages\r\n[    0.076140] Switched APIC routing to physical flat.\r\n[    0.101923] ..TIMER: vector=0x30 apic1=0 pin1=2 apic2=-1 pin2=-1\r\n[    0.104004] smpboot: CPU0: Intel(R) Xeon(R) CPU E5-2673 v3 @ 2.40GHz (fam: 06, model: 3f, stepping: 02)\r\n[    0.120106] Performance Events: unsupported p6 CPU model 63 no PMU driver, software events only.\r\n[    0.133154] x86: Booted up 1 node, 1 CPUs\r\n[    0.136004] smpboot: Total of 1 processors activated (4788.90 BogoMIPS)\r\n[    0.140011] NMI watchdog: disabled (cpu0): hardware events not enabled\r\n[    0.149041] devtmpfs: initialized\r\n[    0.153401] evm: security.selinux\r\n[    0.156001] evm: security.SMACK64\r\n[    0.160001] evm: security.SMACK64EXEC\r\n[    0.164001] evm: security.SMACK64TRANSMUTE\r\n[    0.168006] evm: security.SMACK64MMAP\r\n[    0.172001] evm: security.ima\r\n[    0.176001] evm: security.capability\r\n[    0.180099] PM: Registering ACPI NVS region [mem 0x1ffff000-0x1fffffff] (4096 bytes)\r\n[    0.184290] pinctrl core: initialized pinctrl subsystem\r\n[    0.188318] RTC time: 21:42:19, date: 01/21/16\r\n[    0.192169] NET: Registered protocol family 16\r\n[    0.196180] cpuidle: using governor ladder\r\n[    0.200022] cpuidle: using governor menu\r\n[    0.204074] ACPI: bus type PCI registered\r\n[    0.208003] acpiphp: ACPI Hot Plug PCI Controller Driver version: 0.5\r\n[    0.212278] PCI: Using configuration type 1 for base access\r\n[    0.221326] ACPI: Added _OSI(Module Device)\r\n[    0.224002] ACPI: Added _OSI(Processor Device)\r\n[    0.228001] ACPI: Added _OSI(3.0 _SCP Extensions)\r\n[    0.232002] ACPI: Added _OSI(Processor Aggregator Device)\r\n[    0.237817] ACPI: Interpreter enabled\r\n[    0.240010] ACPI Exception: AE_NOT_FOUND, While evaluating Sleep State [\\_S1_] (20141107/hwxface-580)\r\n[    0.252002] ACPI Exception: AE_NOT_FOUND, While evaluating Sleep State [\\_S2_] (20141107/hwxface-580)\r\n[    0.264005] ACPI Exception: AE_NOT_FOUND, While evaluating Sleep State [\\_S3_] (20141107/hwxface-580)\r\n[    0.276004] ACPI Exception: AE_NOT_FOUND, While evaluating Sleep State [\\_S4_] (20141107/hwxface-580)\r\n[    0.288014] ACPI: (supports S0 S5)\r\n[    0.292002] ACPI: Using IOAPIC for interrupt routing\r\n[    0.296048] PCI: Using host bridge windows from ACPI; if necessary, use \"pci=nocrs\" and report a bug\r\n[    0.306911] ACPI: PCI Root Bridge [PCI0] (domain 0000 [bus 00-ff])\r\n[    0.308006] acpi PNP0A03:00: _OSC: OS supports [ASPM ClockPM Segments MSI]\r\n[    0.312009] acpi PNP0A03:00: _OSC failed (AE_NOT_FOUND); disabling ASPM\r\n[    0.316650] acpi PNP0A03:00: fail to add MMCONFIG information, can't access extended PCI configuration space under this bridge.\r\n[    0.320131] PCI host bridge to bus 0000:00\r\n[    0.324003] pci_bus 0000:00: root bus resource [bus 00-ff]\r\n[    0.328003] pci_bus 0000:00: root bus resource [mem 0xfe0000000-0xfffefffff]\r\n[    0.332002] pci_bus 0000:00: root bus resource [io  0x0000-0x0cf7]\r\n[    0.336002] pci_bus 0000:00: root bus resource [io  0x0d00-0xffff]\r\n[    0.340002] pci_bus 0000:00: root bus resource [mem 0x000a0000-0x000bffff]\r\n[    0.344008] pci_bus 0000:00: root bus resource [mem 0x20000000-0xfffbffff]\r\n[    0.355247] pci 0000:00:07.1: legacy IDE quirk: reg 0x10: [io  0x01f0-0x01f7]\r\n[    0.356003] pci 0000:00:07.1: legacy IDE quirk: reg 0x14: [io  0x03f6]\r\n[    0.360003] pci 0000:00:07.1: legacy IDE quirk: reg 0x18: [io  0x0170-0x0177]\r\n[    0.364001] pci 0000:00:07.1: legacy IDE quirk: reg 0x1c: [io  0x0376]\r\n[    0.368296] * Found PM-Timer Bug on the chipset. Due to workarounds for a bug,\r\n[    0.368296] * this clock source is slow. Consider trying other clock sources\r\n[    0.376212] pci 0000:00:07.3: quirk: [io  0x0400-0x043f] claimed by PIIX4 ACPI\r\n[    0.386783] ACPI: PCI Interrupt Link [LNKA] (IRQs 3 4 5 7 9 10 *11 12 14 15)\r\n[    0.401218] ACPI: PCI Interrupt Link [LNKB] (IRQs 3 4 5 7 9 10 11 12 14 15) *0, disabled.\r\n[    0.423210] ACPI: PCI Interrupt Link [LNKC] (IRQs 3 4 5 7 9 10 11 12 14 15) *0, disabled.\r\n[    0.441202] ACPI: PCI Interrupt Link [LNKD] (IRQs 3 4 5 7 9 10 11 12 14 15) *0, disabled.\r\n[    0.459142] ACPI: Enabled 1 GPEs in block 00 to 0F\r\n[    0.460150] vgaarb: setting as boot device: PCI:0000:00:08.0\r\n[    0.464000] vgaarb: device added: PCI:0000:00:08.0,decodes=io+mem,owns=io+mem,locks=none\r\n[    0.464002] vgaarb: loaded\r\n[    0.468002] vgaarb: bridge control possible 0000:00:08.0\r\n[    0.472194] SCSI subsystem initialized\r\n[    0.476093] ACPI: bus type USB registered\r\n[    0.480023] usbcore: registered new interface driver usbfs\r\n[    0.484015] usbcore: registered new interface driver hub\r\n[    0.488037] usbcore: registered new device driver usb\r\n[    0.496004] PCI: Using ACPI for IRQ routing\r\n[    0.500357] NetLabel: Initializing\r\n[    0.504003] NetLabel:  domain hash size = 128\r\n[    0.508001] NetLabel:  protocols = UNLABELED CIPSOv4\r\n[    0.512024] NetLabel:  unlabeled traffic allowed by default\r\n[    0.516132] Switched to clocksource hyperv_clocksource\r\n[    0.533148] AppArmor: AppArmor Filesystem Enabled\r\n[    0.539502] pnp: PnP ACPI init\r\n[    0.545748] system 00:06: [io  0x01e0-0x01ef] has been reserved\r\n[    0.553094] system 00:06: [io  0x0160-0x016f] has been reserved\r\n[    0.560652] system 00:06: [io  0x0278-0x027f] has been reserved\r\n[    0.568099] system 00:06: [io  0x0378-0x037f] has been reserved\r\n[    0.575593] system 00:06: [io  0x0678-0x067f] has been reserved\r\n[    0.582979] system 00:06: [io  0x0778-0x077f] has been reserved\r\n[    0.590310] system 00:06: [io  0x04d0-0x04d1] has been reserved\r\n[    0.597772] system 00:07: [io  0x0400-0x043f] has been reserved\r\n[    0.605145] system 00:07: [io  0x0370-0x0371] has been reserved\r\n[    0.612480] system 00:07: [io  0x0440-0x044f] has been reserved\r\n[    0.619913] system 00:07: [mem 0xfec00000-0xfec00fff] could not be reserved\r\n[    0.628488] system 00:07: [mem 0xfee00000-0xfee00fff] has been reserved\r\n[    0.636837] system 00:08: [mem 0x00000000-0x0009ffff] could not be reserved\r\n[    0.645404] system 00:08: [mem 0x000c0000-0x000dffff] could not be reserved\r\n[    0.654079] system 00:08: [mem 0x000e0000-0x000fffff] could not be reserved\r\n[    0.662529] system 00:08: [mem 0x00100000-0x1fffffff] could not be reserved\r\n[    0.671097] system 00:08: [mem 0xfffc0000-0xffffffff] has been reserved\r\n[    0.679390] pnp: PnP ACPI: found 9 devices\r\n[    0.695380] NET: Registered protocol family 2\r\n[    0.701625] TCP established hash table entries: 16384 (order: 5, 131072 bytes)\r\n[    0.710551] TCP bind hash table entries: 16384 (order: 6, 262144 bytes)\r\n[    0.718777] TCP: Hash tables configured (established 16384 bind 16384)\r\n[    0.726835] TCP: reno registered\r\n[    0.731273] UDP hash table entries: 1024 (order: 3, 32768 bytes)\r\n[    0.738883] UDP-Lite hash table entries: 1024 (order: 3, 32768 bytes)\r\n[    0.747387] NET: Registered protocol family 1\r\n[    0.753033] pci 0000:00:00.0: Limiting direct PCI/PCI transfers\r\n[    0.760629] Trying to unpack rootfs image as initramfs...\r\n[    1.640184] Freeing initrd memory: 27244K (ffff88001dd1d000 - ffff88001f7b8000)\r\n[    1.656629] PCI-DMA: Using software bounce buffering for IO (SWIOTLB)\r\n[    1.666351] software IO TLB [mem 0x19d1d000-0x1dd1d000] (64MB) mapped at [ffff880019d1d000-ffff88001dd1cfff]\r\n[    1.680537] microcode: CPU0 sig=0x306f2, pf=0x1, revision=0xffffffff\r\n[    1.690044] microcode: Microcode Update Driver: v2.00 <tigran@aivazian.fsnet.co.uk>, Peter Oruba\r\n[    1.702186] Scanning for low memory corruption every 60 seconds\r\n[    1.711652] futex hash table entries: 16384 (order: 8, 1048576 bytes)\r\n[    1.721104] Initialise system trusted keyring\r\n[    1.727981] audit: initializing netlink subsys (disabled)\r\n[    1.735937] audit: type=2000 audit(1453412540.732:1): initialized\r\n[    1.746458] HugeTLB registered 2 MB page size, pre-allocated 0 pages\r\n[    1.756769] zpool: loaded\r\n[    1.765158] zbud: loaded\r\n[    1.769688] VFS: Disk quotas dquot_6.5.2\r\n[    1.775726] VFS: Dquot-cache hash table entries: 512 (order 0, 4096 bytes)\r\n[    1.790279] fuse init (API version 7.23)\r\n[    1.796636] Key type big_key registered\r\n[    1.804198] Key type asymmetric registered\r\n[    1.811227] Asymmetric key parser 'x509' registered\r\n[    1.819216] Block layer SCSI generic (bsg) driver version 0.4 loaded (major 252)\r\n[    1.830446] io scheduler noop registered\r\n[    1.836671] io scheduler deadline registered (default)\r\n[    1.846508] io scheduler cfq registered\r\n[    1.852155] pci_hotplug: PCI Hot Plug PCI Core version: 0.5\r\n[    1.859936] pciehp: PCI Express Hot Plug Controller Driver version: 0.4\r\n[    1.868971] input: Power Button as /devices/LNXSYSTM:00/LNXPWRBN:00/input/input0\r\n[    1.879835] ACPI: Power Button [PWRF]\r\n[    1.885537] GHES: HEST is not enabled!\r\n[    1.891178] Serial: 8250/16550 driver, 32 ports, IRQ sharing enabled\r\n[    1.955332] 00:03: ttyS0 at I/O 0x3f8 (irq = 4, base_baud = 115200) is a 16550A\r\n[    2.017695] 00:04: ttyS1 at I/O 0x2f8 (irq = 3, base_baud = 115200) is a 16550A\r\n[    2.034450] Linux agpgart interface v0.103\r\n[    2.041684] brd: module loaded\r\n[    2.047292] loop: module loaded\r\n[    2.052394] ata_piix 0000:00:07.1: Hyper-V Virtual Machine detected, ATA device ignore set\r\n[    2.065152] scsi host0: ata_piix\r\n[    2.070032] scsi host1: ata_piix\r\n[    2.074926] ata1: PATA max UDMA/33 cmd 0x1f0 ctl 0x3f6 bmdma 0xffa0 irq 14\r\n[    2.084158] ata2: PATA max UDMA/33 cmd 0x170 ctl 0x376 bmdma 0xffa8 irq 15\r\n[    2.094325] libphy: Fixed MDIO Bus: probed\r\n[    2.100879] tun: Universal TUN/TAP device driver, 1.6\r\n[    2.107937] tun: (C) 1999-2004 Max Krasnyansky <maxk@qualcomm.com>\r\n[    2.116395] PPP generic driver version 2.4.2\r\n[    2.122641] ehci_hcd: USB 2.0 'Enhanced' Host Controller (EHCI) Driver\r\n[    2.131421] ehci-pci: EHCI PCI platform driver\r\n[    2.137717] ehci-platform: EHCI generic platform driver\r\n[    2.145770] ohci_hcd: USB 1.1 'Open' Host Controller (OHCI) Driver\r\n[    2.154180] ohci-pci: OHCI PCI platform driver\r\n[    2.160454] ohci-platform: OHCI generic platform driver\r\n[    2.167754] uhci_hcd: USB Universal Host Controller Interface driver\r\n[    2.176500] i8042: PNP: PS/2 Controller [PNP0303:PS2K,PNP0f03:PS2M] at 0x60,0x64 irq 1,12\r\n[    2.189544] serio: i8042 KBD port at 0x60,0x64 irq 1\r\n[    2.196586] serio: i8042 AUX port at 0x60,0x64 irq 12\r\n[    2.203877] mousedev: PS/2 mouse device common for all mice\r\n[    2.211835] rtc_cmos 00:00: RTC can wake from S4\r\n[    2.261187] rtc_cmos 00:00: rtc core: registered rtc_cmos as rtc0\r\n[    2.270092] rtc_cmos 00:00: alarms up to one month, 114 bytes nvram\r\n[    2.278731] i2c /dev entries driver\r\n[    2.284041] device-mapper: uevent: version 1.0.3\r\n[    2.290958] input: AT Translated Set 2 keyboard as /devices/platform/i8042/serio0/input/input1\r\n[    2.302802] device-mapper: ioctl: 4.29.0-ioctl (2014-10-28) initialised: dm-devel@redhat.com\r\n[    2.315359] ata2.00: ATAPI: Virtual CD, , max MWDMA2\r\n[    2.323325] ledtrig-cpu: registered to indicate activity on CPUs\r\n[    2.332108] ata2.00: configured for MWDMA2\r\n[    2.339124] scsi 1:0:0:0: CD-ROM            Msft     Virtual CD/ROM   1.0  PQ: 0 ANSI: 5\r\n[    2.350426] PCCT header not found.\r\n[    2.355575] ACPI PCC probe failed.\r\n[    2.360787] TCP: cubic registered\r\n[    2.367359] sr 1:0:0:0: [sr0] scsi3-mmc drive: 0x/0x tray\r\n[    2.374872] cdrom: Uniform CD-ROM driver Revision: 3.20\r\n[    2.382310] NET: Registered protocol family 10\r\n[    2.391336] sr 1:0:0:0: Attached scsi generic sg0 type 5\r\n[    2.399204] NET: Registered protocol family 17\r\n[    2.405854] Key type dns_resolver registered\r\n[    2.412232] Loading compiled-in X.509 certificates\r\n[    2.419705] Loaded X.509 cert 'Magrathea: Glacier signing key: dee080572bdea47be7dd7e14645f81df4d9a7411'\r\n[    2.432231] registered taskstats version 1\r\n[    2.441714] Key type trusted registered\r\n[    2.449454] Key type encrypted registered\r\n[    2.455344] AppArmor: AppArmor sha1 policy hashing enabled\r\n[    2.462918] ima: No TPM chip found, activating TPM-bypass!\r\n[    2.470594] evm: HMAC attrs: 0x1\r\n[    2.475712]   Magic number: 0:460:753\r\n[    2.481145] tty ttyS4: hash matches\r\n[    2.486511] rtc_cmos 00:00: setting system clock to 2016-01-21 21:42:22 UTC (1453412542)\r\n[    2.498209] BIOS EDD facility v0.16 2004-Jun-25, 0 devices found\r\n[    2.506461] EDD information not available.\r\n[    2.514917] Freeing unused kernel memory: 1408K (ffffffff81d36000 - ffffffff81e96000)\r\n[    2.525377] Write protecting the kernel read-only data: 12288k\r\n[    2.533520] Freeing unused kernel memory: 172K (ffff8800017d5000 - ffff880001800000)\r\n[    2.544026] Freeing unused kernel memory: 332K (ffff880001bad000 - ffff880001c00000)\r\nLoading, please wait...\r\nstarting version 219\r\n[    2.575382] random: systemd-udevd urandom read with 3 bits of entropy available\r\n[    2.655380] hv_vmbus: Hyper-V Host Build:9600-6.3-18-0.18190; Vmbus version:3.0\r\n[    2.724252] Floppy drive(s): fd0 is 1.44M\r\n[    2.776781] FDC 0 is an 82078.\r\n[    2.782532] AVX2 version of gcm_enc/dec engaged.\r\n[    2.789327] AES CTR mode by8 optimization enabled\r\n[    3.148082] psmouse serio1: trackpoint: failed to get extended button data\r\n[    7.753509] hv_vmbus: registering driver hyperv_fb\r\n[    7.762432] hv_utils: Registering HyperV Utility Driver\r\n[    7.769842] hv_vmbus: registering driver hv_util\r\n[    7.779154] hv_vmbus: registering driver hv_storvsc\r\n[    7.800110] hyperv_fb: Screen resolution: 1152x864, Color depth: 32\r\n[    7.819202] Console: switching to colour frame buffer device 144x54\r\n[    7.835255] hv_vmbus: registering driver hv_netvsc\r\n[    7.945067] scsi host2: storvsc_host_t\r\n[    7.952276] scsi 2:0:0:0: Direct-Access     Msft     Virtual Disk     1.0  PQ: 0 ANSI: 4\r\n[    7.965529] psmouse serio1: trackpoint: IBM TrackPoint firmware: 0x01, buttons: 0/0\r\n[    7.978235] sd 2:0:0:0: Attached scsi generic sg1 type 0\r\n[    7.987115] sd 2:0:0:0: [sda] 61440000 512-byte logical blocks: (31.4 GB/29.2 GiB)\r\n[    7.999415] input: TPPS/2 IBM TrackPoint as /devices/platform/i8042/serio1/input/input3\r\n[    8.013119] sd 2:0:0:0: [sda] Write Protect is off\r\n[    8.021138] sd 2:0:0:0: [sda] Write cache: enabled, read cache: enabled, supports DPO and FUA\r\n[    8.037519]  sda: sda1\r\n[    8.041507] hv_netvsc: hv_netvsc channel opened successfully\r\n[    8.056756] sd 2:0:0:0: [sda] Attached SCSI disk\r\n[    9.733458] hv_netvsc vmbus_0_16: Send section size: 6144, Section count:2560\r\n[    9.743887] hv_netvsc vmbus_0_16: Device MAC 00:0d:3a:31:a3:63 link state up\r\n[    9.856878] scsi host3: storvsc_host_t\r\n[    9.862867] scsi 3:0:1:0: Direct-Access     Msft     Virtual Disk     1.0  PQ: 0 ANSI: 4\r\n[    9.875858] sd 3:0:1:0: Attached scsi generic sg2 type 0\r\n[    9.884094] sd 3:0:1:0: [sdb] 146800640 512-byte logical blocks: (75.1 GB/70.0 GiB)\r\n[    9.895787] sd 3:0:1:0: [sdb] Write Protect is off\r\n[    9.902948] sd 3:0:1:0: [sdb] Write cache: enabled, read cache: enabled, supports DPO and FUA\r\n[    9.918593]  sdb: sdb1\r\n[    9.924047] sd 3:0:1:0: [sdb] Attached SCSI disk\r\n[    9.989567] scsi host4: storvsc_host_t\r\n[    9.995873] scsi 4:0:0:0: scsi scan: INQUIRY result too short (5), using 36\r\n[   10.006265] scsi 4:0:0:1: scsi scan: INQUIRY result too short (5), using 36\r\n[   10.016674] scsi 4:0:1:0: scsi scan: INQUIRY result too short (5), using 36\r\n[   10.026719] scsi 4:0:1:1: scsi scan: INQUIRY result too short (5), using 36\r\n[   10.036591] scsi 4:1:0:0: scsi scan: INQUIRY result too short (5), using 36\r\n[   10.046681] scsi 4:1:0:1: scsi scan: INQUIRY result too short (5), using 36\r\n[   10.057444] scsi 4:1:1:0: scsi scan: INQUIRY result too short (5), using 36\r\n[   10.069285] scsi 4:1:1:1: scsi scan: INQUIRY result too short (5), using 36\r\n[   10.080038] scsi 4:2:0:0: scsi scan: INQUIRY result too short (5), using 36\r\n[   10.090358] scsi 4:2:0:1: scsi scan: INQUIRY result too short (5), using 36\r\n[   10.100821] scsi 4:2:1:0: scsi scan: INQUIRY result too short (5), using 36\r\n[   10.111159] scsi 4:2:1:1: scsi scan: INQUIRY result too short (5), using 36\r\n[   10.121389] scsi 4:3:0:0: scsi scan: INQUIRY result too short (5), using 36\r\n[   10.132110] scsi 4:3:0:1: scsi scan: INQUIRY result too short (5), using 36\r\n[   10.142514] scsi host5: storvsc_host_t\r\n[   10.148713] scsi 4:3:1:0: scsi scan: INQUIRY result too short (5), using 36\r\n[   10.158676] scsi 5:0:0:0: scsi scan: INQUIRY result too short (5), using 36\r\n[   10.169055] scsi 4:3:1:1: scsi scan: INQUIRY result too short (5), using 36\r\n[   10.179269] scsi 5:0:0:1: scsi scan: INQUIRY result too short (5), using 36\r\n[   10.195593] scsi 4:4:0:0: scsi scan: INQUIRY result too short (5), using 36\r\n[   10.209023] scsi 5:0:1:0: scsi scan: INQUIRY result too short (5), using 36\r\n[   10.219423] scsi 5:0:1:1: scsi scan: INQUIRY result too short (5), using 36\r\n[   10.229294] scsi 4:4:0:1: scsi scan: INQUIRY result too short (5), using 36\r\n[   10.241168] scsi 5:1:0:0: scsi scan: INQUIRY result too short (5), using 36\r\n[   10.251302] scsi 4:4:1:0: scsi scan: INQUIRY result too short (5), using 36\r\n[   10.261592] scsi 5:1:0:1: scsi scan: INQUIRY result too short (5), using 36\r\n[   10.272342] scsi 4:4:1:1: scsi scan: INQUIRY result too short (5), using 36\r\n[   10.282655] scsi 5:1:1:0: scsi scan: INQUIRY result too short (5), using 36\r\n[   10.292608] scsi 4:5:0:0: scsi scan: INQUIRY result too short (5), using 36\r\n[   10.302910] scsi 5:1:1:1: scsi scan: INQUIRY result too short (5), using 36\r\n[   10.312941] scsi 4:5:0:1: scsi scan: INQUIRY result too short (5), using 36\r\n[   10.323021] scsi 5:2:0:0: scsi scan: INQUIRY result too short (5), using 36\r\n[   10.333044] scsi 4:5:1:0: scsi scan: INQUIRY result too short (5), using 36\r\n[   10.343283] scsi 5:2:0:1: scsi scan: INQUIRY result too short (5), using 36\r\n[   10.355097] scsi 4:5:1:1: scsi scan: INQUIRY result too short (5), using 36\r\n[   10.365529] scsi 5:2:1:0: scsi scan: INQUIRY result too short (5), using 36\r\n[   10.375646] scsi 4:6:0:0: scsi scan: INQUIRY result too short (5), using 36\r\n[   10.385736] scsi 5:2:1:1: scsi scan: INQUIRY result too short (5), using 36\r\n[   10.396073] scsi 4:6:0:1: scsi scan: INQUIRY result too short (5), using 36\r\n[   10.406535] scsi 5:3:0:0: scsi scan: INQUIRY result too short (5), using 36\r\n[   10.416782] scsi 4:6:1:0: scsi scan: INQUIRY result too short (5), using 36\r\n[   10.427129] scsi 5:3:0:1: scsi scan: INQUIRY result too short (5), using 36\r\n[   10.437447] scsi 4:6:1:1: scsi scan: INQUIRY result too short (5), using 36\r\n[   10.447522] scsi 5:3:1:0: scsi scan: INQUIRY result too short (5), using 36\r\n[   10.457231] scsi 4:7:0:0: scsi scan: INQUIRY result too short (5), using 36\r\n[   10.468554] scsi 5:3:1:1: scsi scan: INQUIRY result too short (5), using 36\r\n[   10.478360] scsi 4:7:0:1: scsi scan: INQUIRY result too short (5), using 36\r\n[   10.488384] scsi 5:4:0:0: scsi scan: INQUIRY result too short (5), using 36\r\n[   10.498220] scsi 4:7:1:0: scsi scan: INQUIRY result too short (5), using 36\r\n[   10.507970] scsi 5:4:0:1: scsi scan: INQUIRY result too short (5), using 36\r\n[   10.517753] scsi 4:7:1:1: scsi scan: INQUIRY result too short (5), using 36\r\n[   10.527638] scsi 5:4:1:0: scsi scan: INQUIRY result too short (5), using 36\r\n[   10.537426] scsi 5:4:1:1: scsi scan: INQUIRY result too short (5), using 36\r\n[   10.547144] scsi 5:5:0:0: scsi scan: INQUIRY result too short (5), using 36\r\n[   10.556884] scsi 5:5:0:1: scsi scan: INQUIRY result too short (5), using 36\r\n[   10.566670] scsi 5:5:1:0: scsi scan: INQUIRY result too short (5), using 36\r\n[   10.576721] scsi 5:5:1:1: scsi scan: INQUIRY result too short (5), using 36\r\n[   10.586673] scsi 5:6:0:0: scsi scan: INQUIRY result too short (5), using 36\r\n[   10.595893] scsi 5:6:0:1: scsi scan: INQUIRY result too short (5), using 36\r\n[   10.605363] scsi 5:6:1:0: scsi scan: INQUIRY result too short (5), using 36\r\n[   10.614374] scsi 5:6:1:1: scsi scan: INQUIRY result too short (5), using 36\r\n[   10.623603] scsi 5:7:0:0: scsi scan: INQUIRY result too short (5), using 36\r\n[   10.632667] scsi 5:7:0:1: scsi scan: INQUIRY result too short (5), using 36\r\n[   10.641866] scsi 5:7:1:0: scsi scan: INQUIRY result too short (5), using 36\r\n[   10.651005] scsi 5:7:1:1: scsi scan: INQUIRY result too short (5), using 36\r\nBegin: Loading essential drivers ... done.\r\r\nBegin: Running /scripts/init-premount ... done.\r\r\nBegin: Mounting root file system ... Begin: Running /scripts/local-top ... done.\r\r\nBegin: Running /scripts/local-premount ... done.\r\r\n[   12.089595] EXT4-fs (sda1): mounted filesystem with ordered data mode. Opts: (null)\r\nBegin: Running /scripts/local-bottom ... done.\r\r\ndone.\r\r\nBegin: Running /scripts/init-bottom ... done.\r\r\n[   13.209098] random: nonblocking pool is initialized\r\n[   13.588506] systemd[1]: Inserted module 'autofs4'\r\n[   13.766472] systemd[1]: systemd 219 running in system mode. (+PAM +AUDIT +SELINUX +IMA +APPARMOR +SMACK +SYSVINIT +UTMP +LIBCRYPTSETUP +GCRYPT -GNUTLS +ACL +XZ -LZ4 -SECCOMP +BLKID -ELFUTILS +KMOD -IDN)\r\n[   13.791298] systemd[1]: Detected virtualization microsoft.\r\n[   13.798869] systemd[1]: Detected architecture x86-64.\r\n\r\r\nWelcome to \u001b[1mUbuntu 15.04\u001b[0m!\r\r\n\r\r\n[   13.828317] systemd[1]: Set hostname to <xplatvm3>.\r\n-.mount\r\r\n[   14.397390] systemd[1]: Cannot add dependency job for unit sshd-keygen.service, ignoring: Unit sshd-keygen.service failed to load: No such file or directory.\r\n[   14.414886] systemd[1]: Cannot add dependency job for unit sshd-keygen.service, ignoring: Unit sshd-keygen.service failed to load: No such file or directory.\r\n[   14.433280] systemd[1]: Cannot add dependency job for unit display-manager.service, ignoring: Unit display-manager.service failed to load: No such file or directory.\r\n[\u001b[32m  OK  \u001b[0m]
[   14.455515] systemd[1]: Reached target Encrypted Volumes.\r\nReached target Encrypted Volumes.\r\r\n[   14.466143] systemd[1]: Starting Encrypted Volumes.\r\n[\u001b[32m  OK  \u001b[0m]
[   14.475615] systemd[1]: Created slice Root Slice.\r\nCreated slice Root Slice.\r\r\n[   14.484643] systemd[1]: Starting Root Slice.\r\n[\u001b[32m  OK  \u001b[0m]
[   14.493329] systemd[1]: Reached target Remote File Systems (Pre).\r\nReached target Remote File Systems (Pre).\r\r\n[   14.506458] systemd[1]: Starting Remote File Systems (Pre).\r\n[\u001b[32m  OK  \u001b[0m] Listening on udev Control Socket.[   14.520022] systemd[1]: Listening on udev Control Socket.\r\n\r\r\n[   14.528136] systemd[1]: Starting udev Control Socket.\r\n[\u001b[32m  OK  \u001b[0m]
[   14.540473] systemd[1]: Listening on fsck to fsckd communication Socket.\r\nListening on fsck to fsckd communication Socket.\r\r\n[   14.554004] systemd[1]: Starting fsck to fsckd communication Socket.\r\n[\u001b[32m  OK  \u001b[0m]
[   14.565894] systemd[1]: Reached target Swap.\r\nReached target Swap.\r\r\n[   14.574060] systemd[1]: Starting Swap.\r\n[   14.578907] systemd[1]: Started Forward Password Requests to Wall Directory Watch.\r\n[   14.588292] systemd[1]: Starting Forward Password Requests to Wall Directory Watch.\r\n[\u001b[32m  OK  \u001b[0m]
[   14.601412] systemd[1]: Listening on Journal Audit Socket.\r\nListening on Journal Audit Socket.\r\r\n[   14.612627] systemd[1]: Starting Journal Audit Socket.\r\n[\u001b[32m  OK  \u001b[0m] Created slice System Slice.\r[   14.624960] systemd[1]: Created slice System Slice.\r\n\r\n[   14.631872] systemd[1]: Starting System Slice.\r\n[\u001b[32m  OK  \u001b[0m]
[   14.641108] systemd[1]: Created slice system-serial\\x2dgetty.slice.\r\nCreated slice system-serial\\x2dgetty.slice.\r\r\n[   14.653720] systemd[1]: Starting system-serial\\x2dgetty.slice.\r\n[\u001b[32m  OK  \u001b[0m]
[   14.665516] systemd[1]: Created slice system-systemd\\x2dfsck.slice.\r\nCreated slice system-systemd\\x2dfsck.slice.\r\r\n[   14.679918] systemd[1]: Starting system-systemd\\x2dfsck.slice.\r\n[   14.688736] systemd[1]: Starting Increase datagram queue length...\r\n        
[   14.702401] systemd[1]: Listening on Journal Socket.\r\nStarting Increase datagram queue length...\r\r\n[\u001b[32m  OK  \u001b[0m] Listening on Journal Socket.\r[   14.717880] systemd[1]: Starting Journal Socket.\r\n\r\n[   14.728735] systemd[1]: Starting Setup Virtual Console...\r\n         Starting Setup Virtual Console...[   14.748661] systemd[1]: Mounting POSIX Message Queue File System...\r\n\r\r\n         Mounting POSIX Message Queue File System...[   14.766696] systemd[1]: Starting Uncomplicated firewall...\r\n\r\r\n         Starting Uncomplicated firewall...[   14.783323] systemd[1]: Mounting Huge Pages File System...\r\n\r\r\n        
[   14.803766] systemd[1]: Starting Create list of required static device nodes for the current kernel...\r\nMounting Huge Pages File System...\r\r\n         Starting Create list of required st... nodes for the current kernel...[   14.830400] systemd[1]: Set up automount Arbitrary Executable File Formats File System Automount Point.\r\n\r\r\n[\u001b[32m  OK  \u001b[0m] Set up automount Arbitrary Executab...ats File System Automount Point.\r\r\n[   14.855655] systemd[1]: Starting Arbitrary Executable File Formats File System Automount Point.\r\n[   14.872640] systemd[1]: Started Set Up Additional Binary Formats.\r\n[\u001b[32m  OK  \u001b[0m]
[   14.884978] systemd[1]: Listening on /dev/initctl Compatibility Named Pipe.\r\nListening on /dev/initctl Compatibility Named Pipe.\r\r\n[   14.900966] systemd[1]: Starting /dev/initctl Compatibility Named Pipe.\r\n[\u001b[32m  OK  \u001b[0m]
[   14.913881] systemd[1]: Created slice system-getty.slice.\r\nCreated slice system-getty.slice.\r\r\n[   14.926488] systemd[1]: Starting system-getty.slice.\r\n[\u001b[32m  OK  \u001b[0m]
[   14.937310] systemd[1]: Listening on udev Kernel Socket.\r\nListening on udev Kernel Socket.\r\r\n[   14.949783] systemd[1]: Starting udev Kernel Socket.\r\n[   14.957733] systemd[1]: Starting udev Coldplug all Devices...\r\n[   14.968445] systemd[1]: Listening on Journal Socket (/dev/log).\r\n         Starting udev Coldplug all Devices...\r\r\n[\u001b[32m  OK  \u001b[0m] Listening on Journal Socket (/dev/log).\r\r\n[   14.990599] systemd[1]: Starting Journal Socket (/dev/log).\r\n[\u001b[32m  OK  \u001b[0m] Created slice User and Session Slice.[   15.005650] systemd[1]: Created slice User and Session Slice.\r\n\r\r\n[   15.017744] systemd[1]: Starting User and Session Slice.\r\n[\u001b[32m  OK  \u001b[0m]
[   15.028725] systemd[1]: Reached target Slices.\r\nReached target Slices.\r\r\n[   15.039015] systemd[1]: Starting Slices.\r\n[   15.047622] systemd[1]: Started Read required files in advance.\r\n[   15.056983] systemd[1]: Starting Remount Root and Kernel File Systems...\r\n         Starting Remount Root and Kernel File Systems...\r\r\n[   15.078514] systemd[1]: Starting Load Kernel Modules...\r\n         Starting Load Kernel Modules...[   15.092454] systemd[1]: Mounting Debug File System...\r\n\r\r\n         Mounting Debug File System...[   15.119842] systemd[1]: Listening on Delayed Shutdown Socket.\r\n[   15.128045] EXT4-fs (sda1): re-mounted. Opts: discard\r\n\r\r\n[\u001b[32m  OK  \u001b[0m] Listening on Delayed Shutdown Socket.\r[   15.142209] systemd[1]: Starting Delayed Shutdown Socket.\r\n\r\n[   15.152941] systemd[1]: Starting Nameserver information manager...\r\n         Starting Nameserver information manager...[   15.168181] systemd[1]: Mounted Debug File System.\r\n\r\r\n[\u001b[32m  OK  \u001b[0m] Mounted Debug File System.\r\r\n[   15.188627] systemd[1]: Mounted POSIX Message Queue File System.\r\n[\u001b[32m  OK  \u001b[0m] Mounted POSIX Message Queue File System.\r\r\n[   15.204907] systemd[1]: Mounted Huge Pages File System.\r\n[\u001b[32m  OK  \u001b[0m] Mounted Huge Pages File System.\r\r\nsys-kernel-debug.mount[   15.221161] systemd[1]: Started Increase datagram queue length.\r\n\r\r\n[\u001b[32m  OK  \u001b[0m] Started Increase datagram queue length.\r\r\ndev-mqueue.mount[   15.240354] systemd[1]: Started Setup Virtual Console.\r\n\r\r\n[\u001b[32m  OK  \u001b[0m] Started Setup Virtual Console.\r[   15.254573] systemd[1]: Started Uncomplicated firewall.\r\n\r\ndev-hugepages.mount\r\r\n[\u001b[32m  OK  \u001b[0m] Started Uncomplicated firewall.\r[   15.273083] systemd[1]: Started Create list of required static device nodes for the current kernel.\r\n\r\nsystemd-setup-dgram-qlen.service\r\r\n[\u001b[32m  OK  \u001b[0m] Started Create list of required sta...ce nodes for the current kernel.\r[   15.299984] systemd[1]: Started Remount Root and Kernel File Systems.\r\n\r\nsystemd-vconsole-setup.service[   15.321893] systemd[1]: Started Load Kernel Modules.\r\n\r\r\n[\u001b[32m  OK  \u001b[0m] Started Remount Root and Kernel File Systems.\r\r\n[\u001b[32m  OK  \u001b[0m] Started Load Kernel Modules.\r\r\n[   15.360645] systemd[1]: Started udev Coldplug all Devices.\r\nufw.service\r\r\n[\u001b[32m  OK  \u001b[0m] Started udev Coldplug all Devices.\r\r\nkmod-static-nodes.service[   15.391366] systemd[1]: Started Nameserver information manager.\r\n\r\r\n[\u001b[32m  OK  \u001b[0m] Started Nameserver information manager.\r\r\nsystemd-remount-fs.service\r\r\nsystemd-modules-load.service\r\r\nsystemd-udev-trigger.service\r\r\nresolvconf.service\r\r\n[   15.475256] systemd[1]: Starting udev Wait for Complete Device Initialization...\r\n         Starting udev Wait for Complete Device Initialization...[   15.494223] systemd[1]: Starting Apply Kernel Variables...\r\n\r\r\n         Starting Apply Kernel Variables...[   15.509425] systemd[1]: Mounted Configuration File System.\r\n\r\r\n[   15.520211] systemd[1]: Mounting FUSE Control File System...\r\n         Mounting FUSE Control File System...\r[   15.535867] systemd[1]: Started Rebuild Hardware Database.\r\n\r\n[   15.547383] systemd[1]: Started Various fixups to make systemd work better on Debian.\r\n[   15.558711] systemd[1]: Starting Load/Save Random Seed...\r\n         Starting Load/Save Random Seed...[   15.572262] systemd[1]: Starting Create Static Device Nodes in /dev...\r\n\r\r\n         Starting Create Static Device Nodes in /dev...[   15.590502] systemd[1]: Listening on Syslog Socket.\r\n\r\r\n[\u001b[32m  OK  \u001b[0m] Listening on Syslog Socket.\r[   15.603833] systemd[1]: Starting Syslog Socket.\r\n\r\n         Starting Journal Service...\r\r\n[\u001b[32m  OK  \u001b[0m] Mounted FUSE Control File System.\r\r\n[\u001b[32m  OK  \u001b[0m] Started Apply Kernel Variables.\r\r\n[\u001b[32m  OK  \u001b[0m] Started Load/Save Random Seed.\r\r\nsys-fs-fuse-connections.mount\r\r\nsystemd-sysctl.service\r\r\nsystemd-random-seed.service\r\r\n[\u001b[32m  OK  \u001b[0m] Started Journal Service.\r\r\n         Starting Flush Journal to Persistent Storage...\r\r\nsystemd-journald.service\r\r\n[\u001b[32m  OK  \u001b[0m] Started Flush Journal to Persistent Storage.\r\r\nsystemd-journal-flush.service\r\r\n[\u001b[32m  OK  \u001b[0m] Started Create Static Device Nodes in /dev.\r\r\n         Starting udev Kernel Device Manager...\r\r\nsystemd-tmpfiles-setup-dev.service\r\r\n[\u001b[32m  OK  \u001b[0m] Started udev Kernel Device Manager.\r\r\n[\u001b[32m  OK  \u001b[0m] Reached target Paths.\r\r\nsystemd-udevd.service\r\r\n[\u001b[32m  OK  \u001b[0m] Created slice system-ifup.slice.\r\r\n[   16.388224] piix4_smbus 0000:00:07.3: SMBus base address uninitialized - upgrade BIOS or use force_addr=0xaddr\r\n[\u001b[32m  OK  \u001b[0m] Found device /dev/ttyS0.\r\r\n[\u001b[32m  OK  \u001b[0m] Found device Virtual_Disk Temporary_Storage.\r\r\n[   16.957080] intel_rapl: no valid rapl domains found in package 0\r\n[\u001b[32m  OK  \u001b[0m] Started udev Wait for Complete Device Initialization.\r\r\n[\u001b[32m  OK  \u001b[0m] Reached target Local File Systems (Pre).\r\r\nsystemd-udev-settle.service\r\r\n         Mounting /etc/network/interfaces.dynamic.d...\r\r\n         Starting File System Check on /dev/disk/azure/resource-part1...\r\r\n         Starting Copy rules generated while the root was ro...\r\r\n[\u001b[32m  OK  \u001b[0m] Mounted /etc/network/interfaces.dynamic.d.\r\r\n[\u001b[32m  OK  \u001b[0m] Started Copy rules generated while the root was ro.\r\r\n[\u001b[32m  OK  \u001b[0m] Reached target Local File Systems.\r\r\n         Starting Tell Plymouth To Write Out Runtime Data...\r\r\n         Starting Wait for all \"auto\" /etc/n... up for network-online.target...\r\r\n[\u001b[32m  OK  \u001b[0m] Reached target Remote File Systems.\r\r\n         Starting LSB: AppArmor initialization...\r\r\n         Starting Create Volatile Files and Directories...\r\r\n         Starting Set console keymap...\r\r\n[\u001b[32m  OK  \u001b[0m] Started File System Check on /dev/disk/azure/resource-part1.\r\r\n         Mounting /mnt...\r\r\n[\u001b[32m  OK  \u001b[0m] Started Create Volatile Files and Directories.\r\r\n         Starting Network Time Synchronization...\r\r\n         Starting Update UTMP about System Boot/Shutdown...\r\r\n[\u001b[32m  OK  \u001b[0m] Started Update UTMP about System Boot/Shutdown.\r\r\netc-network-interfaces.dynamic.d.mount\r\r\n[\u001b[32m  OK  \u001b[0m] Started Network Time Synchronization.\r\r\n[\u001b[32m  OK  \u001b[0m] Reached target System Time Synchronized.\r\r\nudev-finish.service\r\r\nsystemd-fsck@dev-disk-azure-resource\\x2dpart1.service\r\r\nsystemd-tmpfiles-setup.service\r\r\nsystemd-update-utmp.service\r\r\n[\u001b[32m  OK  \u001b[0m] Started Tell Plymouth To Write Out Runtime Data.\r\r\nsystemd-timesyncd.service\r\r\n[\u001b[32m  OK  \u001b[0m] Started Set console keymap.\r\r\n[\u001b[32m  OK  \u001b[0m] Mounted /mnt.\r\r\nmnt.mount\r\r\n[\u001b[32m  OK  \u001b[0m] Started LSB: AppArmor initialization.\r\r\n[\u001b[32m  OK  \u001b[0m] Started ifup for eth0.\r\r\n         Starting ifup for eth0...\r\r\n         Starting LSB: Raise network interfaces....\r\r\napparmor.service\r\r\nifup@eth0.service\r\r\n[\u001b[32m  OK  \u001b[0m] Started LSB: Raise network interfaces..\r\r\n[\u001b[32m  OK  \u001b[0m] Reached target Network.\r\r\n[\u001b[32m  OK  \u001b[0m] Reached target System Initialization.\r\r\n         Starting Seed the pseudo random number generator on first boot...\r\r\n[\u001b[32m  OK  \u001b[0m] Reached target Timers.\r\r\n[\u001b[32m  OK  \u001b[0m] Listening on UUID daemon activation socket.\r\r\n[\u001b[32m  OK  \u001b[0m] Listening on D-Bus System Message Bus Socket.\r\r\n[\u001b[32m  OK  \u001b[0m] Listening on ACPID Listen Socket.\r\r\n[\u001b[32m  OK  \u001b[0m] Reached target Sockets.\r\r\n[\u001b[32m  OK  \u001b[0m] Reached target Basic System.\r\r\n         Starting System Logging Service...\r\r\n         Starting D-Bus System Message Bus...\r\r\n         Starting LSB: Record successful boot for GRUB...\r\r\n         Starting Initial cloud-init job (pre-networking)...\r\r\nnetworking.service\r\r\n[\u001b[32m  OK  \u001b[0m] Started Regular background program processing daemon.\r\r\n         Starting Regular background progcessing daemon...\r\r\n         Starting LSB: Set the CPU Frequency Scaling governor to \"ondemand\"...\r\r\n         Starting LSB: automatic crash report generation...\r\r\n[\u001b[32m  OK  \u001b[0m] Started Hyper-V KVP Protocol Daemon.\r\r\n         Starting Hyper-V KVP Protocol Daemon...\r\r\n         Starting Login Service...\r\r\n         Starting Restore /etc/resolv.conf i...e the ppp link was shut down....\r\r\n[\u001b[32m  OK  \u001b[0m] Started Hyper-V VSS Protocol Daemon.\r\r\n         Starting Hyper-V VSS Protocol Daemon...\r\r\n         Starting LSB: Landscape client daemons...\r\r\n[\u001b[32m  OK  \u001b[0m] Started Deferred execution scheduler.\r\r\n         Starting Deferred execution scheduler...\r\r\n[\u001b[32m  OK  \u001b[0m] Started Hyper-V File Copy Protocol Daemon.\r\r\n         Starting Hyper-V File Copy Protocol Daemon...\r\r\n         Starting /etc/rc.local Compatibility...\r\r\n         Starting LSB: Starts the Micro Name Service Cache Daemon...\r\r\n         Starting Accounts Service...\r\r\n         Starting LSB: daemon to balance interrupts for SMP systems...\r\r\n         Starting Thermal Daemon Service...\r\r\n[\u001b[32m  OK  \u001b[0m] Started Seed the pseudo random number generator on first boot.\r\r\n[\u001b[32m  OK  \u001b[0m] Started D-Bus System Message Bus.\r\r\n[\u001b[32m  OK  \u001b[0m] Started LSB: Record successful boot for GRUB.\r\r\n[\u001b[32m  OK  \u001b[0m] Started LSB: Set the CPU Frequency Scaling governor to \"ondemand\".\r\r\n[\u001b[32m  OK  \u001b[0m] Started LSB: automatic crash report generation.\r\r\n[\u001b[32m  OK  \u001b[0m] Started Restore /etc/resolv.conf if...ore the ppp link was shut down..\r\r\n[\u001b[32m  OK  \u001b[0m] Started LSB: Landscape client daemons.\r\r\n[\u001b[32m  OK  \u001b[0m] Started /etc/rc.local Compatibility.\r\r\n[\u001b[32m  OK  \u001b[0m] Started LSB: Starts the Micro Name Service Cache Daemon.\r\r\n[\u001b[32m  OK  \u001b[0m] Started LSB: daemon to balance interrupts for SMP systems.\r\r\n[\u001b[32m  OK  \u001b[0m] Started System Logging Service.\r\r\n[\u001b[32m  OK  \u001b[0m] Started Login Service.\r\r\ncron.service\r\r\n[\u001b[32m  OK  \u001b[0m] Started Thermal Daemon Service.\r\r\n         Starting Authenticate and Authorize Users to Run Privileged Tasks...\r\r\n[\u001b[32m  OK  \u001b[0m] Started Authenticate and Authorize Users to Run Privileged Tasks.\r\r\n[\u001b[32m  OK  \u001b[0m] Started Accounts Service.\r\r\nhv-kvp-daemon.service\r\r\nhv-vss-daemon.service\r\r\natd.service\r\r\nhv-fcopy-daemon.service\r\r\ndbus.service\r\r\ngrub-common.service\r\r\nondemand.service\r\r\napport.service\r\r\nlandscape-client.service\r\r\nrc-local.service\r\r\nunscd.service\r\r\nirqbalance.service\r\r\nrsyslog.service\r\r\nsystemd-logind.service\r\r\nthermald.service\r\r\npolkitd.service\r\r\naccounts-daemon.service\r\r\n[\u001b[32m  OK  \u001b[0m] Started Wait for all \"auto\" /etc/ne...be up for network-online.target.\r\r\n[\u001b[32m  OK  \u001b[0m] Reached target Network is Online.\r\r\n         Starting LSB: Cleans up any mess left by 0dns-up...\r\r\nifup-wait-all-auto.service\r\r\n[\u001b[32m  OK  \u001b[0m] Started LSB: Cleans up any mess left by 0dns-up.\r\r\ndns-clean.service\r\r\n[   22.159380] cloud-init[595]: Cloud-init v. 0.7.7 running 'init-local' at Thu, 21 Jan 2016 21:42:42 +0000. Up 21.95 seconds.\r\r\n[\u001b[32m  OK  \u001b[0m] Started Initial cloud-init job (pre-networking).\r\r\n         Starting Initial cloud-init job (metadata service crawler)...\r\r\ncloud-init-local.service\r\r\n[   23.116146] blk_update_request: I/O error, dev fd0, sector 0\r\n[   23.164127] blk_update_request: I/O error, dev fd0, sector 0\r\ntmp-tmpuqcwxcwa.mount\r\r\n[   23.364443] cloud-init[798]: + i=eth0\r\r\n[   23.374452] cloud-init[798]: + x=0\r\r\n[   23.374725] cloud-init[798]: + ifdown eth0\r\r\n[   23.422405] cloud-init[798]: Killed old client process\r\r\n[   24.428560] cloud-init[798]: Internet Systems Consortium DHCP Client 4.3.1\r\r\n[   24.429069] cloud-init[798]: Copyright 2004-2014 Internet Systems Consortium.\r\r\n[   24.430315] cloud-init[798]: All rights reserved.\r\r\n[   24.430492] cloud-init[798]: For info, please visit https://www.isc.org/software/dhcp/\r\r\n[   24.430705] cloud-init[798]: Listening on LPF/eth0/00:0d:3a:31:a3:63\r\r\n[   24.431304] cloud-init[798]: Sending on   LPF/eth0/00:0d:3a:31:a3:63\r\r\n[   24.431481] cloud-init[798]: Sending on   Socket/fallback\r\r\n[   24.461217] cloud-init[798]: DHCPRELEASE on eth0 to 168.63.129.16 port 67 (xid=0x118e560b)\r\r\n[   24.529700] cloud-init[798]: + ifup eth0\r\r\n[   24.556195] cloud-init[798]: Internet Systems Consortium DHCP Client 4.3.1\r\r\n[   24.563708] cloud-init[798]: Copyright 2004-2014 Internet Systems Consortium.\r\r\n[   24.564088] cloud-init[798]: All rights reserved.\r\r\n[   24.564424] cloud-init[798]: For info, please visit https://www.isc.org/software/dhcp/\r\r\n[   24.583441] cloud-init[798]: Listening on LPF/eth0/00:0d:3a:31:a3:63\r\r\n[   24.583823] cloud-init[798]: Sending on   LPF/eth0/00:0d:3a:31:a3:63\r\r\n[   24.584218] cloud-init[798]: Sending on   Socket/fallback\r\r\n[   24.584593] cloud-init[798]: DHCPDISCOVER on eth0 to 255.255.255.255 port 67 interval 3 (xid=0x8872c529)\r\r\n[   24.630753] cloud-init[798]: DHCPREQUEST of 10.0.0.4 on eth0 to 255.255.255.255 port 67 (xid=0x29c57288)\r\r\n[   24.630885] cloud-init[798]: DHCPOFFER of 10.0.0.4 from 168.63.129.16\r\r\n[   24.654915] cloud-init[798]: DHCPACK of 10.0.0.4 from 168.63.129.16\r\r\n[   24.720053] cloud-init[798]: bound to 10.0.0.4 -- renewal in 4294967295 seconds.\r\r\n[   24.751902] cloud-init[798]: + exit 0\r\r\n[\u001b[32m  OK  \u001b[0m] Started Windows Azure Linux Agent.\r\r\n         Starting Windows Azure Linux Agent...\r\r\nwalinuxagent.service\r\r\n2016/01/21 21:42:46 Windows Azure Linux Agent Version: WALinuxAgent-2.0.14\r\r\n2016/01/21 21:42:46 Linux Distribution Detected      : Ubuntu\r\r\n2016/01/21 21:42:46 Module /lib/modules/3.19.0-47-generic/kernel/drivers/ata/ata_piix.ko driver for ATAPI CD-ROM does not exist.\r\r\nmnt-cdrom-secure.mount\r\r\n2016/01/21 21:42:46 mount: /dev/sr0 is write-protected, mounting read-only\r\r\n2016/01/21 21:42:46 mount: /dev/sr0 mounted on /mnt/cdrom/secure.\r\r\n2016/01/21 21:42:46 mount succeeded on attempt #1\r\r\n2016/01/21 21:42:46 VMM Init script not found.  Provisioning for Azure\r\r\n2016/01/21 21:42:46 IPv4 address: 10.0.0.4\r\r\n2016/01/21 21:42:46 MAC  address: 00:0D:3A:31:A3:63\r\r\n2016/01/21 21:42:46 Probing for Windows Azure environment.\r\r\n2016/01/21 21:42:46 DoDhcpWork: Setting socket.timeout=10, entering recv\r\r\n2016/01/21 21:42:46 Discovered Windows Azure endpoint: 168.63.129.16\r\r\n2016/01/21 21:42:47 Fabric preferred wire protocol version: 2015-04-05\r\r\n2016/01/21 21:42:47 Negotiated wire protocol version: 2012-11-30\r\r\n2016/01/21 21:42:47 SetBlockDeviceTimeout: Update the device sda with timeout 300\r\r\n2016/01/21 21:42:47 SetBlockDeviceTimeout: Update the device sdb with timeout 300\r\r\n2016/01/21 21:42:47 Retrieved GoalState from Windows Azure Fabric.\r\r\n2016/01/21 21:42:47 ExpectedState: Started\r\r\n2016/01/21 21:42:47 ContainerId: 18b1b596-9c76-4b11-bae6-862ef0a9572e\r\r\n2016/01/21 21:42:47 RoleInstanceId: d5fe8955-541a-4f6b-ad9e-4bfa11d448df._xplatvm\r\r\n2016/01/21 21:42:47 Public cert with thumbprint: 1CFC1AB82C3A82A7CF23F392FCC9EF49F2607B0C was retrieved.\r\r\n2016/01/21 21:42:47 Posted Role Properties. CertificateThumbprint=067951e56dda92027a22a1301213e59b\r\r\n[   27.640164] blk_update_request: I/O error, dev fd0, sector 0\r\n[   27.672130] blk_update_request: I/O error, dev fd0, sector 0\r\n[   29.911152] cloud-init[798]: Cloud-init v. 0.7.7 running 'init' at Thu, 21 Jan 2016 21:42:43 +0000. Up 22.79 seconds.\r\r\n[   29.911286] cloud-init[798]: ci-info: ++++++++++++++++++++++++++++++++++++++Net device info++++++++++++++++++++++++++++++++++++++\r\r\n[   29.911387] cloud-init[798]: ci-info: +--------+------+-----------------------------+---------------+-------+-------------------+\r\r\n[   29.911483] cloud-init[798]: ci-info: | Device |  Up  |           Address           |      Mask     | Scope |     Hw-Address    |\r\r\n[   29.911580] cloud-init[798]: ci-info: +--------+------+-----------------------------+---------------+-------+-------------------+\r\r\n[   29.911673] cloud-init[798]: ci-info: |  eth0  | True |           10.0.0.4          | 255.255.255.0 |   .   | 00:0d:3a:31:a3:63 |\r\r\n[   29.911769] cloud-init[798]: ci-info: |  eth0  | True | fe80::20d:3aff:fe31:a363/64 |       .       |  link | 00:0d:3a:31:a3:63 |\r\r\n[   29.911864] cloud-init[798]: ci-info: |   lo   | True |          127.0.0.1          |   255.0.0.0   |   .   |         .         |\r\r\n[   29.911971] cloud-init[798]: ci-info: |   lo   | True |           ::1/128           |       .       |  host |         .         |\r\r\n[   29.912098] cloud-init[798]: ci-info: +--------+------+-----------------------------+---------------+-------+-------------------+\r\r\n[   29.912193] cloud-init[798]: ci-info: +++++++++++++++++++++++++++++Route IPv4 info++++++++++++++++++++++++++++++\r\r\n[   29.912287] cloud-init[798]: ci-info: +-------+---------------+----------+-----------------+-----------+-------+\r\r\n[   29.912379] cloud-init[798]: ci-info: | Route |  Destination  | Gateway  |     Genmask     | Interface | Flags |\r\r\n[   29.912472] cloud-init[798]: ci-info: +-------+---------------+----------+-----------------+-----------+-------+\r\r\n[   29.912566] cloud-init[798]: ci-info: |   0   |    0.0.0.0    | 10.0.0.1 |     0.0.0.0     |    eth0   |   UG  |\r\r\n[   29.912660] cloud-init[798]: ci-info: |   1   |    10.0.0.0   | 0.0.0.0  |  255.255.255.0  |    eth0   |   U   |\r\r\n[   29.912752] cloud-init[798]: ci-info: |   2   | 168.63.129.16 | 10.0.0.1 | 255.255.255.255 |    eth0   |  UGH  |\r\r\n[   29.912843] cloud-init[798]: ci-info: +-------+---------------+----------+-----------------+-----------+-------+\r\r\n[   29.929934] cloud-init[798]: Generating public/private rsa key pair.\r\r\n[   29.930199] cloud-init[798]: Your identification has been saved in /etc/ssh/ssh_host_rsa_key.\r\r\n[   29.930364] cloud-init[798]: Your public key has been saved in /etc/ssh/ssh_host_rsa_key.pub.\r\r\n[   29.930525] cloud-init[798]: The key fingerprint is:\r\r\n[   29.930689] cloud-init[798]: fc:5b:39:87:ce:a9:50:c6:c3:d5:59:a7:7a:fb:24:87 root@xplatvm\r\r\n[   29.930848] cloud-init[798]: The key's randomart image is:\r\r\n[   29.931004] cloud-init[798]: +---[RSA 2048]----+\r\r\n[   29.931156] cloud-init[798]: |                o|\r\r\n[   29.931307] cloud-init[798]: |             . +.|\r\r\n[   29.932046] cloud-init[798]: |            . +  |\r\r\n[   29.932218] cloud-init[798]: |       . o . .   |\r\r\n[   29.932374] cloud-init[798]: |        S * . .  |\r\r\n[   29.932526] cloud-init[798]: |         + . + o |\r\r\n[   29.932676] cloud-init[798]: |        . . = E o|\r\r\n[   29.938730] cloud-init[798]: |         . = + = |\r\r\n[   29.938899] cloud-init[798]: |          o.+   .|\r\r\n[   29.939058] cloud-init[798]: +-----------------+\r\r\n[   29.939212] cloud-init[798]: Generating public/private dsa key pair.\r\r\n[   29.939366] cloud-init[798]: Your identification has been saved in /etc/ssh/ssh_host_dsa_key.\r\r\n[   29.939519] cloud-init[798]: Your public key has been saved in /etc/ssh/ssh_host_dsa_key.pub.\r\r\n[   29.939680] cloud-init[798]: The key fingerprint is:\r\r\n[   29.939869] cloud-init[798]: 40:92:93:ef:fa:6a:f9:4b:cf:71:e2:ca:2b:04:d4:b8root@xplatvm\r\r\n[   29.940043] cloud-init[798]: The key's randomart image is:\r\r\n[   29.940198] cloud-init[798]: +---[DSA 1024]----+\r\r\n[   29.940350] cloud-init[798]: |   o.o.          |\r\r\n[   29.940498] cloud-init[798]: |  o =o           |\r\r\n[   29.940648] cloud-init[798]: | . . o.          |\r\r\n[   29.940809] cloud-init[798]: |  E   ..         |\r\r\n[   29.940961] cloud-init[798]: |   . .  S        |\r\r\n[   29.941110] cloud-init[798]: |    . .          |\r\r\n[   29.941258] cloud-init[798]: |   . o. o .      |\r\r\n[   29.941408] cloud-init[798]: |    =o + +       |\r\r\n[   29.941557] cloud-init[798]: |   ..=B++        |\r\r\n[   29.941707] cloud-init[798]: +-----------------+\r\r\n[   29.941856] cloud-init[798]: Generating public/private ecdsa key pair.\r\r\n[   29.942009] cloud-init[798]: Your identification has been saved in /etc/ssh/ssh_host_ecdsa_key.\r\r\n[   29.942163] cloud-init[798]: Your public key has been saved in /etc/ssh/ssh_host_ecdsa_key.pub.\r\r\n[   29.942313] cloud-init[798]: The key fingerprint is:\r\r\n[   29.942461] cloud-init[798]: ae:10:6f:26:3e:dc:78:c7:6b:af:08:e5:99:1b:2d:23 root@xplatvm\r\r\n[   29.942611] cloud-init[798]: The key's randomart image is:\r\r\n[   29.942855] cloud-init[798]: +---[ECDSA 256]---+\r\r\n[   29.943028] cloud-init[798]: |                 |\r\r\n[   29.943173] cloud-init[798]: |                 |\r\r\n[   29.943308] cloud-init[798]: |                 |\r\r\n[   29.943442] cloud-init[798]: |                 |\r\r\n[   29.943599] cloud-init[798]: |    . . S        |\r\r\n[   29.943753] cloud-init[798]: |     = =         |\r\r\n[   29.943905] cloud-init[798]: |   .Eo@.o        |\r\r\n[   29.944085] cloud-init[798]: |   .+BoB+        |\r\r\n[   29.944239] cloud-init[798]: |    .o+oo+.      |\r\r\n[   29.944389] cloud-init[798]: +-----------------+\r\r\n[   29.944537] cloud-init[798]: Generating public/private ed25519 key pair.\r\r\n[   29.944687] cloud-init[798]: Your identification has been saved in /etc/ssh/ssh_host_ed25519_key.\r\r\n[   29.944838] cloud-init[798]: Your public key has been saved in /etc/ssh/ssh_host_ed25519_key.pub.\r\r\n[   29.944990] cloud-init[798]: The key fingerprint is:\r\r\n[   29.945138] cloud-init[798]: 4a:cf:cd:52:19:0e:79:0f:5a:58:b2:ac:9b:25:73:29 root@xplatvm\r\r\n[   29.945288] cloud-init[798]: The key's randomart image is:\r\r\n[   29.945436] cloud-init[798]: +--[ED25519 256]--+\r\r\n[   29.945586] cloud-init[798]: |        . .      |\r\r\n[   29.945736] cloud-init[798]: |       . *       |\r\r\n[   29.945884] cloud-init[798]: |        * =      |\r\r\n[   29.960585] cloud-init[798]: |       . B =     |\r\r\n[   29.960831] cloud-init[798]: |      E S + .    |\r\r\n[   29.960998] cloud-init[798]: |     . % +       |\r\r\n[   29.961153] cloud-init[798]: |      + + o      |\r\r\n[   29.961305] cloud-init[798]: |         .       |\r\r\n[   29.961455] cloud-init[798]: |                 |\r\r\n[   29.961602] cloud-init[798]: +-----------------+\r\r\n[\u001b[32m  OK  \u001b[0m] Started Initial cloud-init job (metadata service crawler).\r\r\n[\u001b[32m  OK  \u001b[0m] Started OpenBSD Secure Shell server.\r\r\n         Starting OpenBSD Secure Shell server...\r\r\n[\u001b[32m  OK  \u001b[0m] Reached target Cloud-config availability.\r\r\n         Starting Apply the settings specified in cloud-config...\r\r\n         Starting Permit User Sessions...\r\r\n[\u001b[32m  OK  \u001b[0m] Started Permit User Sessions.\r\r\n         Starting Wait for Plymouth Boot Screen to Quit...\r\r\n         Starting Terminate Plymouth Boot Screen...\r\r\n2016/01/21 21:42:51 Finished processing ExtensionsConfig.xml\r\r\ncloud-init.service\r\r\n[\u001b[32m  OK  \u001b[0m] Stopped File System Check on /dev/disk/azure/resource-part1.\r\r\n         Stopping File System Check on /dev/disk/azure/resource-part1...\r\r\nssh.service\r\r\nsystemd-user-sessions.service\r\r\n[\u001b[32m  OK  \u001b[0m] Started Wait for Plymouth Boot Screen to Quit.\r\n[\u001b[32m  OK  \u001b[0m] Started Getty on tty1.\r\n         Starting Getty on tty1...\r\n[\u001b[32m  OK  \u001b[0m] Started Serial Getty on ttyS0.\r\n         Starting Serial Getty on ttyS0...\r\n[\u001b[32m  OK  \u001b[0m] Reached target Login Prompts.\r\n         Starting File System Check on /dev/disk/azure/resource-part1...\r\n[\u001b[32m  OK  \u001b[0m] Started File System Check on /dev/disk/azure/resource-part1.\r\n         Mounting /mnt...\r\n[\u001b[1;31mFAILED\u001b[0m] Failed to mount /mnt.\r\nSee \"systemctl status mnt.mount\" for details.\r\n[   35.755185] cloud-init[1044]: Generating locales...\r\n[   35.823221] cloud-init[1044]: en_US.UTF-8... up-to-date\r\n[   35.847782] cloud-init[1044]: Generation complete.\r\n         Stopping OpenBSD Secure Shell server...\r\n[\u001b[32m  OK  \u001b[0m] Stopped OpenBSD Secure Shell server.\r\n[\u001b[32m  OK  \u001b[0m] Started OpenBSD Secure Shell server.\r\n         Starting OpenBSD Secure Shell server...\r\n\r\r\nUbuntu 15.04 xplatvm ttyS0\r\n\r\nxplatvm login:
[   38.195205] cloud-init[1044]: Cloud-init v. 0.7.7 running 'modules:config' at Thu, 21 Jan 2016 21:42:51 +0000. Up 31.07 seconds.\r\nci-info: ++Authorized keys from /home/azureuser/.ssh/authorized_keys for user azureuser+++\r\nci-info: +---------+-------------------------------------------------+---------+---------+\r\nci-info: | Keytype |                Fingerprint (md5)                | Options | Comment |\r\nci-info: +---------+-------------------------------------------------+---------+---------+\r\nci-info: | ssh-rsa | 8f:df:8f:18:ba:cd:cc:63:7c:1f:ea:ae:ba:09:40:65 |    -    |    -    |\r\nci-info: +---------+------------------------------------------------+---------+---------+\r\nec2: \r\nec2: #############################################################\r\nec2: -----BEGIN SSH HOST KEY FINGERPRINTS-----\r\nec2: 1024 40:92:93:ef:fa:6a:f9:4b:cf:71:e2:ca:2b:04:d4:b8 /etc/ssh/ssh_host_dsa_key.pub (DSA)\r\nec2: 256 ae:10:6f:26:3e:dc:78:c7:6b:af:08:e5:99:1b:2d:23 /etc/ssh/ssh_host_ecdsa_key.pub (ECDSA)\r\nec2: 256 4a:cf:cd:52:19:0e:79:0f:5a:58:b2:ac:9b:25:73:29 /etc/ssh/ssh_host_ed25519_key.pub (ED25519)\r\nec2: 2048 fc:5b:39:87:ce:a9:50:c6:c3:d5:59:a7:7a:fb:24:87 /etc/ssh/ssh_host_rsa_key.pub (RSA)\r\nec2: -----END SSH HOST KEY FINGERPRINTS-----\r\nec2: #############################################################\r\n-----BEGIN SSH HOST KEY KEYS-----\r\necdsa-sha2-nistp256 AAAAE2VjZHNhLXNoYTItbmlzdHAyNTYAAAAIbmlzdHAyNTYAAABBBIBvCyzrdmI/zJoSWqrvXSvKFmhrYVz/XBiSoNOyUfyz+MPsFOSp5HNHOJqr/6dV8u1CANWfZsoRpN3e+8bnkpc= root@xplatvm\r\nssh-ed25519 AAAAC3NzaC1lZDI1NTE5AAAAIJbIz6tN8ExXDrEyNORSk+Ie9onNHINNGlBaYk55Ms3b root@xplatvm\r\nssh-rsa AAAAB3NzaC1yc2EAAAADAQABAAABAQDR68GVmETkndMSyhkpHVxRuW718knl+IHL6rPpjHHQYm2QBMmS0Tv5OIWzg0MGOuhUzhsZNtDnaWgW++Va8/FD1B75yuT2QAFnOVsbnxQtKqKOE3qMDcpDPHgWv36fTu09tQDN4hbxCz44XUM5AoCrG1Ra4kmSaGLolew9aZ6Msid8csKWXM47t68aq1q/2VQZvb/yjEkI81reNKyIheNE17SnHmZF85H2VRazBUyqxP49z07M9jC9SXcyUnCY39SmPu5Gbbi4uuGhCTaneX3jqHjWOFVC9P8uiozCCLYOx6sSfqIuAnTrS/6T3KnIsvb2/4/Ub+hxqg4li/WZ/gMD root@xplatvm\r\n-----END SSH HOST KEY KEYS-----\r\n[   39.508585] cloud-init[1207]: Cloud-init v. 0.7.7 running 'modules:final' at Thu, 21 Jan 2016 21:42:59 +0000. Up 38.86 seconds.\r\n[   39.534096] cloud-init[1207]: Cloud-init v. 0.7.7 finished at Thu, 21 Jan 2016 21:42:59 +0000. Datasource DataSourceAzureNet [seed=/dev/sr0].  Up 39.48 seconds\r\n\u0000\u0000\u0000\u0000\u0000\u0000\u0000\u0000\u0000\u0000\u0000\u0000\u0000\u0000\u0000\u0000\u0000\u0000\u0000\u0000\u0000\u0000\u0000\u0000\u0000\u0000\u0000\u0000\u0000\u0000\u0000\u0000\u0000\u0000\u0000\u0000\u0000\u0000\u0000\u0000\u0000\u0000\u0000\u0000\u0000\u0000\u0000\u0000\u0000\u0000\u0000\u0000\u0000\u0000\u0000\u0000\u0000\u0000\u0000\u0000\u0000\u0000\u0000\u0000\u0000\u0000\u0000\u0000\u0000\u0000\u0000\u0000\u0000\u0000\u0000\u0000\u0000\u0000\u0000\u0000\u0000\u0000\u0000\u0000\u0000\u0000\u0000\u0000\u0000\u0000\u0000\u0000\u0000\u0000\u0000\u0000\u0000\u0000\u0000\u0000\u0000\u0000\u0000\u0000\u0000\u0000\u0000\u0000\u0000\u0000\u0000\u0000\u0000\u0000\u0000\u0000\u0000", { 'content-length': '65024',
  'last-modified': 'Thu, 21 Jan 2016 21:43:08 GMT',
  'accept-ranges': 'bytes',
  etag: '"0x8D322ABD9FC5760"',
  server: 'Windows-Azure-Blob/1.0 Microsoft-HTTPAPI/2.0',
  'x-ms-request-id': 'f7520710-0001-0092-6996-54a7c0000000',
  'x-ms-version': '2015-02-21',
  'x-ms-lease-status': 'unlocked',
  'x-ms-lease-state': 'available',
  'x-ms-blob-type': 'PageBlob',
  'x-ms-blob-sequence-number': '0',
  date: 'Thu, 21 Jan 2016 21:54:24 GMT',
  connection: 'close' });
 return result; },
function (nock) { 
var result = 
nock('https://xplatteststorage14453.blob.core.windows.net:443')
  .get('/bootdiagnostics-xplatvm-767b186d-c3b0-4d6c-b83f-995633c272c6/xplatvm.767b186d-c3b0-4d6c-b83f-995633c272c6.serialconsole.log')
