// This file has been autogenerated.

var profile = require('../../../lib/util/profile');

exports.getMockedProfile = function () {
  var newProfile = new profile.Profile();

  newProfile.addSubscription(new profile.Subscription({
    id: 'e33f361b-53c2-4cc7-b829-78906708387b',
    managementCertificate: {
      key: 'mockedKey',
      cert: 'mockedCert'
    },
    name: 'Microsoft Azure Internal Consumption',
    user: {
      name: 'user@domain.example',
      type: 'servicePrincipal'
    },
    tenantId: '72f988bf-86f1-41af-91ab-2d7cd011db47',
    state: 'Enabled',
    registeredProviders: [],
    isDefault: true
  }, newProfile.environments['AzureCloud']));

  return newProfile;
};

exports.setEnvironment = function() {
  process.env['AZURE_VM_TEST_LOCATION'] = 'centralus';
  process.env['SSHCERT'] = 'test/myCert.pem';
};

exports.scopes = [[function (nock) { 
var result = 
nock('http://management.azure.com:443')
  .get('/subscriptions/e33f361b-53c2-4cc7-b829-78906708387b/resourceGroups/xplatTestGVMCreate9637/providers/Microsoft.Compute/virtualMachines/xplatvm?$expand=instanceView&api-version=2015-06-15')
  .reply(200, "{\r\n  \"properties\": {\r\n    \"vmId\": \"a5dc7f37-5b40-44b7-a041-6986da0a7c6f\",\r\n    \"availabilitySet\": {\r\n      \"id\": \"/subscriptions/e33f361b-53c2-4cc7-b829-78906708387b/resourceGroups/xplatTestGVMCreate9637/providers/Microsoft.Compute/availabilitySets/XPLATTESTAAVAIL432\"\r\n    },\r\n    \"hardwareProfile\": {\r\n      \"vmSize\": \"Standard_A1\"\r\n    },\r\n    \"storageProfile\": {\r\n      \"imageReference\": {\r\n        \"publisher\": \"canonical\",\r\n        \"offer\": \"UbuntuServer\",\r\n        \"sku\": \"15.10\",\r\n        \"version\": \"latest\"\r\n      },\r\n      \"osDisk\": {\r\n        \"osType\": \"Linux\",\r\n        \"name\": \"cli3f3826d5717e8c44-os-1455086774347\",\r\n        \"createOption\": \"FromImage\",\r\n        \"vhd\": {\r\n          \"uri\": \"https://xplatteststorage16190.blob.core.windows.net/xplatteststoragecnt18957/cli3f3826d5717e8c44-os-1455086774347.vhd\"\r\n        },\r\n        \"caching\": \"ReadWrite\"\r\n      },\r\n      \"dataDisks\": []\r\n    },\r\n    \"osProfile\": {\r\n      \"computerName\": \"xplatvm\",\r\n      \"adminUsername\": \"azureuser\",\r\n      \"linuxConfiguration\": {\r\n        \"disablePasswordAuthentication\": false,\r\n        \"ssh\": {\r\n          \"publicKeys\": [\r\n            {\r\n              \"path\": \"/home/azureuser/.ssh/authorized_keys\",\r\n              \"keyData\": \"MIID/zCCAuegAwIBAgIJAMUAa+XVLvAeMA0GCSqGSIb3DQEBBQUAMIGVMQswCQYD\\r\\nVQQGEwJJbjESMBAGA1UECAwJS2FybmF0YWthMRIwEAYDVQQHDAlCYW5nYWxvcmUx\\r\\nEDAOBgNVBAoMB2JyaWxsaW8xEjAQBgNVBAsMCW1pY3Jvc29mdDEQMA4GA1UEAwwH\\r\\nYnJpbGxpbzEmMCQGCSqGSIb3DQEJARYXc3JlZWthbnRoYnNAeWFob28uY28uaW4w\\r\\nHhcNMTUwMzA1MTE1MzEyWhcNMTYwMzA0MTE1MzEyWjCBlTELMAkGA1UEBhMCSW4x\\r\\nEjAQBgNVBAgMCUthcm5hdGFrYTESMBAGA1UEBwwJQmFuZ2Fsb3JlMRAwDgYDVQQK\\r\\nDAdicmlsbGlvMRIwEAYDVQQLDAltaWNyb3NvZnQxEDAOBgNVBAMMB2JyaWxsaW8x\\r\\nJjAkBgkqhkiG9w0BCQEWF3NyZWVrYW50aGJzQHlhaG9vLmNvLmluMIIBIjANBgkq\\r\\nhkiG9w0BAQEFAAOCAQ8AMIIBCgKCAQEAyUNKaOuT0NK+S8Ck81zy9xJ6hXfZvAC6\\r\\nlhbmf/6s/WVimJ/TX5NMhQJwC9k6ZIF92KfYrojHNvHDufSZ3EtKUVwRFCDjmgMT\\r\\nDL09WkGaZt7gROYFK0iZ4KrYGovUwlwum9fHB24OJiOV4bi0ek62/rHx9fjYZpvp\\r\\naIH2PV/hN8SCZ0x7HJMberD4gVoU/Kv42nNvwjLUW6IZfVx/Gv5OeFDtWHfSvUEF\\r\\ndadHKTPn3Ab20Iu6gZIbLO9Vuf38/IpaYGfnFCouHdzmiTiLieYNe3CUPcOJNSv7\\r\\n1G8KYpx3uNJRkJPab5OsRyJw75Gvzkr9OgaPss9tVD6Gt68u3WQtVQIDAQABo1Aw\\r\\nTjAdBgNVHQ4EFgQUogvhXB+xZ2JJPfLO6cVs4ForzscwHwYDVR0jBBgwFoAUogvh\\r\\nXB+xZ2JJPfLO6cVs4ForzscwDAYDVR0TBAUwAwEB/zANBgkqhkiG9w0BAQUFAAOC\\r\\nAQEAdDj7qUNJ45xlF5cjd+4x5NHvAD1VTjOKu+Xh/uzSSjXqB2F0aOMWA9lx0qaQ\\r\\noJgHkGxj3zz/W7ik/cVGL2O+vRIOKv/y0OPogEmS3Hw+P+O6OGE7x1G6YN0zLVoL\\r\\nu4BN/BEYmjttxM9I7qqL7C5cJoE+K3s/w1/pt/68ohJcr7F9Ohi7cso62xuGY1Rm\\r\\nksAh2EUDsU9JV/P+C9AMpLSrb03JJYzVj4w1RHbrmw2AjFyGXdQYkggyXisg+Ifr\\r\\n5gbNN7HigpHf7b2i3CQBUqp9m23frh5AhnLI2qp3UXgc52U5ieLdi/t6j0TTZqqY\\r\\nHhHqofKrj938HHlBNpC5/LVh3w==\\r\\n\"\r\n            }\r\n          ]\r\n        }\r\n      },\r\n      \"secrets\": []\r\n    },\r\n    \"networkProfile\": {\"networkInterfaces\":[{\"id\":\"/subscriptions/e33f361b-53c2-4cc7-b829-78906708387b/resourceGroups/xplatTestGVMCreate9637/providers/Microsoft.Network/networkInterfaces/xplattestnic\"}]},\r\n    \"diagnosticsProfile\": {\r\n      \"bootDiagnostics\": {\r\n        \"enabled\": true,\r\n        \"storageUri\": \"https://xplatteststorage16190.blob.core.windows.net/\"\r\n      }\r\n    },\r\n    \"provisioningState\": \"Succeeded\",\r\n    \"instanceView\": {\r\n      \"platformUpdateDomain\": 0,\r\n      \"platformFaultDomain\": 0,\r\n      \"vmAgent\": {\r\n        \"vmAgentVersion\": \"2.1.2\",\r\n        \"statuses\": [\r\n          {\r\n            \"code\": \"ProvisioningState/succeeded\",\r\n            \"level\": \"Info\",\r\n            \"displayStatus\": \"Ready\",\r\n            \"message\": \"Guest Agent is running\",\r\n            \"time\": \"2016-02-10T07:00:06+00:00\"\r\n          }\r\n        ],\r\n        \"extensionHandlers\": []\r\n      },\r\n      \"disks\": [\r\n        {\r\n          \"name\": \"cli3f3826d5717e8c44-os-1455086774347\",\r\n          \"statuses\": [\r\n            {\r\n              \"code\": \"ProvisioningState/succeeded\",\r\n              \"level\": \"Info\",\r\n              \"displayStatus\": \"Provisioning succeeded\",\r\n              \"time\": \"2016-02-10T06:46:20.4276707+00:00\"\r\n            }\r\n          ]\r\n        }\r\n      ],\r\n      \"bootDiagnostics\": {\r\n        \"consoleScreenshotBlobUri\": \"https://xplatteststorage16190.blob.core.windows.net/bootdiagnostics-xplatvm-a5dc7f37-5b40-44b7-a041-6986da0a7c6f/xplatvm.a5dc7f37-5b40-44b7-a041-6986da0a7c6f.screenshot.bmp\",\r\n        \"serialConsoleLogBlobUri\": \"https://xplatteststorage16190.blob.core.windows.net/bootdiagnostics-xplatvm-a5dc7f37-5b40-44b7-a041-6986da0a7c6f/xplatvm.a5dc7f37-5b40-44b7-a041-6986da0a7c6f.serialconsole.log\"\r\n      },\r\n      \"statuses\": [\r\n        {\r\n          \"code\": \"ProvisioningState/succeeded\",\r\n          \"level\": \"Info\",\r\n          \"displayStatus\": \"Provisioning succeeded\",\r\n          \"time\": \"2016-02-10T06:48:09.3352143+00:00\"\r\n        },\r\n        {\r\n          \"code\": \"PowerState/running\",\r\n          \"level\": \"Info\",\r\n          \"displayStatus\": \"VM running\"\r\n        }\r\n      ]\r\n    }\r\n  },\r\n  \"id\": \"/subscriptions/e33f361b-53c2-4cc7-b829-78906708387b/resourceGroups/xplatTestGVMCreate9637/providers/Microsoft.Compute/virtualMachines/xplatvm\",\r\n  \"name\": \"xplatvm\",\r\n  \"type\": \"Microsoft.Compute/virtualMachines\",\r\n  \"location\": \"centralus\",\r\n  \"tags\": {\r\n    \"a\": \"b\",\r\n    \"b\": \"c\",\r\n    \"d\": \"\"\r\n  }\r\n}", { 'cache-control': 'no-cache',
  pragma: 'no-cache',
  'content-length': '5209',
  'content-type': 'application/json; charset=utf-8',
  expires: '-1',
  'strict-transport-security': 'max-age=31536000; includeSubDomains',
  'x-ms-served-by': '8b389b8b-027e-46fa-beac-7bb15adb1e3b_130995610563557714',
  'x-ms-request-id': '785e7e5b-e93c-4b96-bd1d-f2648620014c',
  server: 'Microsoft-HTTPAPI/2.0, Microsoft-HTTPAPI/2.0',
  'x-ms-ratelimit-remaining-subscription-reads': '14994',
  'x-ms-correlation-request-id': '7ad77617-588c-4ced-bc7e-a6bfe095dbbd',
  'x-ms-routing-request-id': 'CENTRALUS:20160210T070007Z:7ad77617-588c-4ced-bc7e-a6bfe095dbbd',
  date: 'Wed, 10 Feb 2016 07:00:06 GMT',
  connection: 'close' });
 return result; },
function (nock) { 
var result = 
nock('https://management.azure.com:443')
  .get('/subscriptions/e33f361b-53c2-4cc7-b829-78906708387b/resourceGroups/xplatTestGVMCreate9637/providers/Microsoft.Compute/virtualMachines/xplatvm?$expand=instanceView&api-version=2015-06-15')
  .reply(200, "{\r\n  \"properties\": {\r\n    \"vmId\": \"a5dc7f37-5b40-44b7-a041-6986da0a7c6f\",\r\n    \"availabilitySet\": {\r\n      \"id\": \"/subscriptions/e33f361b-53c2-4cc7-b829-78906708387b/resourceGroups/xplatTestGVMCreate9637/providers/Microsoft.Compute/availabilitySets/XPLATTESTAAVAIL432\"\r\n    },\r\n    \"hardwareProfile\": {\r\n      \"vmSize\": \"Standard_A1\"\r\n    },\r\n    \"storageProfile\": {\r\n      \"imageReference\": {\r\n        \"publisher\": \"canonical\",\r\n        \"offer\": \"UbuntuServer\",\r\n        \"sku\": \"15.10\",\r\n        \"version\": \"latest\"\r\n      },\r\n      \"osDisk\": {\r\n        \"osType\": \"Linux\",\r\n        \"name\": \"cli3f3826d5717e8c44-os-1455086774347\",\r\n        \"createOption\": \"FromImage\",\r\n        \"vhd\": {\r\n          \"uri\": \"https://xplatteststorage16190.blob.core.windows.net/xplatteststoragecnt18957/cli3f3826d5717e8c44-os-1455086774347.vhd\"\r\n        },\r\n        \"caching\": \"ReadWrite\"\r\n      },\r\n      \"dataDisks\": []\r\n    },\r\n    \"osProfile\": {\r\n      \"computerName\": \"xplatvm\",\r\n      \"adminUsername\": \"azureuser\",\r\n      \"linuxConfiguration\": {\r\n        \"disablePasswordAuthentication\": false,\r\n        \"ssh\": {\r\n          \"publicKeys\": [\r\n            {\r\n              \"path\": \"/home/azureuser/.ssh/authorized_keys\",\r\n              \"keyData\": \"MIID/zCCAuegAwIBAgIJAMUAa+XVLvAeMA0GCSqGSIb3DQEBBQUAMIGVMQswCQYD\\r\\nVQQGEwJJbjESMBAGA1UECAwJS2FybmF0YWthMRIwEAYDVQQHDAlCYW5nYWxvcmUx\\r\\nEDAOBgNVBAoMB2JyaWxsaW8xEjAQBgNVBAsMCW1pY3Jvc29mdDEQMA4GA1UEAwwH\\r\\nYnJpbGxpbzEmMCQGCSqGSIb3DQEJARYXc3JlZWthbnRoYnNAeWFob28uY28uaW4w\\r\\nHhcNMTUwMzA1MTE1MzEyWhcNMTYwMzA0MTE1MzEyWjCBlTELMAkGA1UEBhMCSW4x\\r\\nEjAQBgNVBAgMCUthcm5hdGFrYTESMBAGA1UEBwwJQmFuZ2Fsb3JlMRAwDgYDVQQK\\r\\nDAdicmlsbGlvMRIwEAYDVQQLDAltaWNyb3NvZnQxEDAOBgNVBAMMB2JyaWxsaW8x\\r\\nJjAkBgkqhkiG9w0BCQEWF3NyZWVrYW50aGJzQHlhaG9vLmNvLmluMIIBIjANBgkq\\r\\nhkiG9w0BAQEFAAOCAQ8AMIIBCgKCAQEAyUNKaOuT0NK+S8Ck81zy9xJ6hXfZvAC6\\r\\nlhbmf/6s/WVimJ/TX5NMhQJwC9k6ZIF92KfYrojHNvHDufSZ3EtKUVwRFCDjmgMT\\r\\nDL09WkGaZt7gROYFK0iZ4KrYGovUwlwum9fHB24OJiOV4bi0ek62/rHx9fjYZpvp\\r\\naIH2PV/hN8SCZ0x7HJMberD4gVoU/Kv42nNvwjLUW6IZfVx/Gv5OeFDtWHfSvUEF\\r\\ndadHKTPn3Ab20Iu6gZIbLO9Vuf38/IpaYGfnFCouHdzmiTiLieYNe3CUPcOJNSv7\\r\\n1G8KYpx3uNJRkJPab5OsRyJw75Gvzkr9OgaPss9tVD6Gt68u3WQtVQIDAQABo1Aw\\r\\nTjAdBgNVHQ4EFgQUogvhXB+xZ2JJPfLO6cVs4ForzscwHwYDVR0jBBgwFoAUogvh\\r\\nXB+xZ2JJPfLO6cVs4ForzscwDAYDVR0TBAUwAwEB/zANBgkqhkiG9w0BAQUFAAOC\\r\\nAQEAdDj7qUNJ45xlF5cjd+4x5NHvAD1VTjOKu+Xh/uzSSjXqB2F0aOMWA9lx0qaQ\\r\\noJgHkGxj3zz/W7ik/cVGL2O+vRIOKv/y0OPogEmS3Hw+P+O6OGE7x1G6YN0zLVoL\\r\\nu4BN/BEYmjttxM9I7qqL7C5cJoE+K3s/w1/pt/68ohJcr7F9Ohi7cso62xuGY1Rm\\r\\nksAh2EUDsU9JV/P+C9AMpLSrb03JJYzVj4w1RHbrmw2AjFyGXdQYkggyXisg+Ifr\\r\\n5gbNN7HigpHf7b2i3CQBUqp9m23frh5AhnLI2qp3UXgc52U5ieLdi/t6j0TTZqqY\\r\\nHhHqofKrj938HHlBNpC5/LVh3w==\\r\\n\"\r\n            }\r\n          ]\r\n        }\r\n      },\r\n      \"secrets\": []\r\n    },\r\n    \"networkProfile\": {\"networkInterfaces\":[{\"id\":\"/subscriptions/e33f361b-53c2-4cc7-b829-78906708387b/resourceGroups/xplatTestGVMCreate9637/providers/Microsoft.Network/networkInterfaces/xplattestnic\"}]},\r\n    \"diagnosticsProfile\": {\r\n      \"bootDiagnostics\": {\r\n        \"enabled\": true,\r\n        \"storageUri\": \"https://xplatteststorage16190.blob.core.windows.net/\"\r\n      }\r\n    },\r\n    \"provisioningState\": \"Succeeded\",\r\n    \"instanceView\": {\r\n      \"platformUpdateDomain\": 0,\r\n      \"platformFaultDomain\": 0,\r\n      \"vmAgent\": {\r\n        \"vmAgentVersion\": \"2.1.2\",\r\n        \"statuses\": [\r\n          {\r\n            \"code\": \"ProvisioningState/succeeded\",\r\n            \"level\": \"Info\",\r\n            \"displayStatus\": \"Ready\",\r\n            \"message\": \"Guest Agent is running\",\r\n            \"time\": \"2016-02-10T07:00:06+00:00\"\r\n          }\r\n        ],\r\n        \"extensionHandlers\": []\r\n      },\r\n      \"disks\": [\r\n        {\r\n          \"name\": \"cli3f3826d5717e8c44-os-1455086774347\",\r\n          \"statuses\": [\r\n            {\r\n              \"code\": \"ProvisioningState/succeeded\",\r\n              \"level\": \"Info\",\r\n              \"displayStatus\": \"Provisioning succeeded\",\r\n              \"time\": \"2016-02-10T06:46:20.4276707+00:00\"\r\n            }\r\n          ]\r\n        }\r\n      ],\r\n      \"bootDiagnostics\": {\r\n        \"consoleScreenshotBlobUri\": \"https://xplatteststorage16190.blob.core.windows.net/bootdiagnostics-xplatvm-a5dc7f37-5b40-44b7-a041-6986da0a7c6f/xplatvm.a5dc7f37-5b40-44b7-a041-6986da0a7c6f.screenshot.bmp\",\r\n        \"serialConsoleLogBlobUri\": \"https://xplatteststorage16190.blob.core.windows.net/bootdiagnostics-xplatvm-a5dc7f37-5b40-44b7-a041-6986da0a7c6f/xplatvm.a5dc7f37-5b40-44b7-a041-6986da0a7c6f.serialconsole.log\"\r\n      },\r\n      \"statuses\": [\r\n        {\r\n          \"code\": \"ProvisioningState/succeeded\",\r\n          \"level\": \"Info\",\r\n          \"displayStatus\": \"Provisioning succeeded\",\r\n          \"time\": \"2016-02-10T06:48:09.3352143+00:00\"\r\n        },\r\n        {\r\n          \"code\": \"PowerState/running\",\r\n          \"level\": \"Info\",\r\n          \"displayStatus\": \"VM running\"\r\n        }\r\n      ]\r\n    }\r\n  },\r\n  \"id\": \"/subscriptions/e33f361b-53c2-4cc7-b829-78906708387b/resourceGroups/xplatTestGVMCreate9637/providers/Microsoft.Compute/virtualMachines/xplatvm\",\r\n  \"name\": \"xplatvm\",\r\n  \"type\": \"Microsoft.Compute/virtualMachines\",\r\n  \"location\": \"centralus\",\r\n  \"tags\": {\r\n    \"a\": \"b\",\r\n    \"b\": \"c\",\r\n    \"d\": \"\"\r\n  }\r\n}", { 'cache-control': 'no-cache',
  pragma: 'no-cache',
  'content-length': '5209',
  'content-type': 'application/json; charset=utf-8',
  expires: '-1',
  'strict-transport-security': 'max-age=31536000; includeSubDomains',
  'x-ms-served-by': '8b389b8b-027e-46fa-beac-7bb15adb1e3b_130995610563557714',
  'x-ms-request-id': '785e7e5b-e93c-4b96-bd1d-f2648620014c',
  server: 'Microsoft-HTTPAPI/2.0, Microsoft-HTTPAPI/2.0',
  'x-ms-ratelimit-remaining-subscription-reads': '14994',
  'x-ms-correlation-request-id': '7ad77617-588c-4ced-bc7e-a6bfe095dbbd',
  'x-ms-routing-request-id': 'CENTRALUS:20160210T070007Z:7ad77617-588c-4ced-bc7e-a6bfe095dbbd',
  date: 'Wed, 10 Feb 2016 07:00:06 GMT',
  connection: 'close' });
 return result; },
function (nock) { 
var result = 
nock('http://management.azure.com:443')
  .post('/subscriptions/e33f361b-53c2-4cc7-b829-78906708387b/resourceGroups/xplatTestGVMCreate9637/providers/Microsoft.Storage/storageAccounts/xplatteststorage16190/listKeys?api-version=2015-06-15')
  .reply(200, "{\"key1\":\"kM17SKtYr4eoo0/epxfLy/PuARI4ZNXeenGQqFQ8965n0IAeRZi0s4kFAkPr0Mpl7V7/w+LoYko43zpYGTB5KQ==\",\"key2\":\"EXu3MuX/jy1w3hAnQn3+8z6z1PQWrEpEidgXIqi6MZoiCEyFHF5Ah/KqZqez7dJ7Lf5i7Z1mZsneuj+jlqeFUA==\"}\n", { 'cache-control': 'no-cache',
  pragma: 'no-cache',
  'content-length': '198',
  'content-type': 'application/json',
  expires: '-1',
  'x-ms-request-id': '35f43b31-4f75-4a63-a5db-bf82b1efc758',
  server: 'Microsoft-Azure-Storage-Resource-Provider/1.0, Microsoft-HTTPAPI/2.0',
  'x-ms-ratelimit-remaining-subscription-writes': '1199',
  'x-ms-correlation-request-id': '35f43b31-4f75-4a63-a5db-bf82b1efc758',
  'x-ms-routing-request-id': 'CENTRALUS:20160210T070008Z:35f43b31-4f75-4a63-a5db-bf82b1efc758',
  'strict-transport-security': 'max-age=31536000; includeSubDomains',
  date: 'Wed, 10 Feb 2016 07:00:07 GMT',
  connection: 'close' });
 return result; },
function (nock) { 
var result = 
nock('https://management.azure.com:443')
  .post('/subscriptions/e33f361b-53c2-4cc7-b829-78906708387b/resourceGroups/xplatTestGVMCreate9637/providers/Microsoft.Storage/storageAccounts/xplatteststorage16190/listKeys?api-version=2015-06-15')
  .reply(200, "{\"key1\":\"kM17SKtYr4eoo0/epxfLy/PuARI4ZNXeenGQqFQ8965n0IAeRZi0s4kFAkPr0Mpl7V7/w+LoYko43zpYGTB5KQ==\",\"key2\":\"EXu3MuX/jy1w3hAnQn3+8z6z1PQWrEpEidgXIqi6MZoiCEyFHF5Ah/KqZqez7dJ7Lf5i7Z1mZsneuj+jlqeFUA==\"}\n", { 'cache-control': 'no-cache',
  pragma: 'no-cache',
  'content-length': '198',
  'content-type': 'application/json',
  expires: '-1',
  'x-ms-request-id': '35f43b31-4f75-4a63-a5db-bf82b1efc758',
  server: 'Microsoft-Azure-Storage-Resource-Provider/1.0, Microsoft-HTTPAPI/2.0',
  'x-ms-ratelimit-remaining-subscription-writes': '1199',
  'x-ms-correlation-request-id': '35f43b31-4f75-4a63-a5db-bf82b1efc758',
  'x-ms-routing-request-id': 'CENTRALUS:20160210T070008Z:35f43b31-4f75-4a63-a5db-bf82b1efc758',
  'strict-transport-security': 'max-age=31536000; includeSubDomains',
  date: 'Wed, 10 Feb 2016 07:00:07 GMT',
  connection: 'close' });
 return result; },
function (nock) { 
var result = 
nock('http://xplatteststorage16190.blob.core.windows.net:443')
  .head('/bootdiagnostics-xplatvm-a5dc7f37-5b40-44b7-a041-6986da0a7c6f/xplatvm.a5dc7f37-5b40-44b7-a041-6986da0a7c6f.serialconsole.log')
  .reply(200, "", { 'content-length': '65536',
  'last-modified': 'Wed, 10 Feb 2016 07:00:06 GMT',
  'accept-ranges': 'bytes',
  etag: '"0x8D331E7CEA20E43"',
  server: 'Windows-Azure-Blob/1.0 Microsoft-HTTPAPI/2.0',
  'x-ms-request-id': 'a7509a4b-0001-0001-33d0-639acb000000',
  'x-ms-version': '2015-02-21',
  'x-ms-lease-status': 'unlocked',
  'x-ms-lease-state': 'available',
  'x-ms-blob-type': 'PageBlob',
  'x-ms-blob-sequence-number': '0',
  date: 'Wed, 10 Feb 2016 07:00:07 GMT',
  connection: 'close' });
 return result; },
function (nock) { 
var result = 
nock('https://xplatteststorage16190.blob.core.windows.net:443')
  .head('/bootdiagnostics-xplatvm-a5dc7f37-5b40-44b7-a041-6986da0a7c6f/xplatvm.a5dc7f37-5b40-44b7-a041-6986da0a7c6f.serialconsole.log')
  .reply(200, "", { 'content-length': '65536',
  'last-modified': 'Wed, 10 Feb 2016 07:00:06 GMT',
  'accept-ranges': 'bytes',
  etag: '"0x8D331E7CEA20E43"',
  server: 'Windows-Azure-Blob/1.0 Microsoft-HTTPAPI/2.0',
  'x-ms-request-id': 'a7509a4b-0001-0001-33d0-639acb000000',
  'x-ms-version': '2015-02-21',
  'x-ms-lease-status': 'unlocked',
  'x-ms-lease-state': 'available',
  'x-ms-blob-type': 'PageBlob',
  'x-ms-blob-sequence-number': '0',
  date: 'Wed, 10 Feb 2016 07:00:07 GMT',
  connection: 'close' });
 return result; },
function (nock) { 
var result = 
nock('http://xplatteststorage16190.blob.core.windows.net:443')
  .get('/bootdiagnostics-xplatvm-a5dc7f37-5b40-44b7-a041-6986da0a7c6f/xplatvm.a5dc7f37-5b40-44b7-a041-6986da0a7c6f.serialconsole.log')
  .reply(200, "\u001b[H\u001b[J\u001b[1;1H[]] Initializing cgroup subsys cpuset\r\n[    0.000000] Initializing cgroup subsys cpu\r\n[    0.000000] Initializing cgroup subsys cpuacct\r\n[    0.000000] Linux version 4.2.0-27-generic (buildd@lgw01-12) (gcc version 5.2.1 20151010 (Ubuntu 5.2.1-22ubuntu2) ) #32-Ubuntu SMP Fri Jan 22 04:49:08 UTC 2016 (Ubuntu 4.2.0-27.32-generic 4.2.8-ckt1)\r\n[    0.000000] Command line: BOOT_IMAGE=/boot/vmlinuz-4.2.0-27-generic root=UUID=00dbac90-0d84-46e7-b813-31837bb7b225 ro console=tty1 console=ttyS0 earlyprintk=ttyS0 rootdelay=300\r\n[    0.000000] KERNEL supported cpus:\r\n[    0.000000]   Intel GenuineIntel\r\n[    0.000000]   AMD AuthenticAMD\r\n[    0.000000]   Centaur CentaurHauls\r\n[    0.000000] x86/fpu: xstate_offset[2]: 0240, xstate_sizes[2]: 0100\r\n[    0.000000] x86/fpu: Supporting XSAVE feature 0x01: 'x87 floating point registers'\r\n[    0.000000] x86/fpu: Supporting XSAVE feature 0x02: 'SSE registers'\r\n[    0.000000] x86/fpu: Supporting XSAVE feature 0x04: 'AVX registers'\r\n[    0.000000] x86/fpu: Enabled xstate features 0x7, context size is 0x340 bytes, using 'standard' format.\r\n[    0.000000] x86/fpu: Using 'eager' FPU context switches.\r\n[    0.000000] e820: BIOS-provided physical RAM map:\r\n[    0.000000] BIOS-e820: [mem 0x0000000000000000-0x000000000009fbff] usable\r\n[    0.000000] BIOS-e820: [mem 0x000000000009fc00-0x000000000009ffff] reserved\r\n[    0.000000] BIOS-e820: [mem 0x00000000000e0000-0x00000000000fffff] reserved\r\n[    0.000000] BIOS-e820: [mem 0x0000000000100000-0x000000001ffeffff] usable\r\n[    0.000000] BIOS-e820: [mem 0x000000001fff0000-0x000000001fffefff] ACPI data\r\n[    0.000000] BIOS-e820: [mem 0x000000001ffff000-0x000000001fffffff] ACPI NVS\r\n[    0.000000] BIOS-e820: [mem 0x0000000100000000-0x000000014fffffff] usable\r\n[    0.000000] bootconsole [earlyser0] enabled\r\n[    0.000000] NX (Execute Disable) protection: active\r\n[    0.000000] SMBIOS 2.3 present.\r\n[    0.000000] Hypervisor detected: Microsoft HyperV\r\n[    0.000000] HyperV: features 0xe7f, hints 0x2c\r\n[    0.000000] HyperV: LAPIC Timer Frequency: 0xc3500\r\n[    0.000000] clocksource: hyperv_clocksource: mask: 0xffffffffffffffff max_cycles: 0x24e6a1710, max_idle_ns: 440795202120 ns\r\n[    0.000000] tsc: Marking TSC unstable due to running on Hyper-V\r\n[    0.000000] e820: last_pfn = 0x150000 max_arch_pfn = 0x400000000\r\n[    0.000000] x86/PAT: Configuration [0-7]: WB  WC  UC- UC  WB  WC  UC- WT  \r\n[    0.000000] e820: last_pfn = 0x1fff0 max_arch_pfn = 0x400000000\r\n[    0.000000] found SMP MP-table at [mem 0x000ff780-0x000ff78f] mapped at [ffff8800000ff780]\r\n[    0.000000] Scanning 1 areas for low memory corruption\r\n[    0.000000] init_memory_mapping: [mem 0x00000000-0x000fffff]\r\n[    0.000000] init_memory_mapping: [mem 0x14fe00000-0x14fffffff]\r\n[    0.000000] init_memory_mapping: [mem 0x140000000-0x14fdfffff]\r\n[    0.000000] init_memory_mapping: [mem 0x120000000-0x13fffffff]\r\n[    0.000000] init_memory_mapping: [mem 0x00100000-0x1ffeffff]\r\n[    0.000000] init_memory_mapping: [mem 0x100000000-0x11fffffff]\r\n[    0.000000] RAMDISK: [mem 0x1d9ee000-0x1f7b1fff]\r\n[    0.000000] ACPI: Early table checksum verification disabled\r\n[    0.000000] ACPI: RSDP 0x00000000000F56F0 000014 (v00 ACPIAM)\r\n[    0.000000] ACPI: RSDT 0x000000001FFF0000 000040 (v01 VRTUAL MICROSFT 05001223 MSFT 00000097)\r\n[    0.000000] ACPI: FACP 0x000000001FFF0200 000081 (v02 VRTUAL MICROSFT 05001223 MSFT 00000097)\r\n[    0.000000] ACPI: DSDT 0x000000001FFF1724 002E78 (v01 MSFTVM MSFTVM02 00000002 INTL 02002026)\r\n[    0.000000] ACPI: FACS 0x000000001FFFF000 000040\r\n[    0.000000] ACPI: WAET 0x000000001FFF1480 000028 (v01 VRTUAL MICROSFT 05001223 MSFT 00000097)\r\n[    0.000000] ACPI: SLIC 0x000000001FFF14C0 000176 (v01 VRTUAL MICROSFT 05001223 MSFT 00000097)\r\n[    0.000000] ACPI: OEM0 0x000000001FFF16C0 000064 (v01 VRTUAL MICROSFT 05001223 MSFT 00000097)\r\n[    0.000000] ACPI: SRAT 0x000000001FFF0600 000090 (v02 VRTUAL MICROSFT 00000001 MSFT 00000001)\r\n[    0.000000] ACPI: APIC 0x000000001FFF0300 00024C (v01 VRTUAL MICROSFT 05001223 MSFT 00000097)\r\n[    0.000000] ACPI: OEMB 0x000000001FFFF040 000064 (v01 VRTUAL MICROSFT 05001223 MSFT 00000097)\r\n[    0.000000] SRAT: PXM 0 -> APIC 0x00 -> Node 0\r\n[    0.000000] SRAT: Node 0 PXM 0 [mem 0x00000000-0x1fffffff]\r\n[    0.000000] SRAT: Node 0 PXM 0 [mem 0x100000000-0x14fffffff]\r\n[    0.000000] NUMA: Node 0 [mem 0x00000000-0x1fffffff] + [mem 0x100000000-0x14fffffff] -> [mem 0x00000000-0x14fffffff]\r\n[    0.000000] NODE_DATA(0) allocated [mem 0x14fffa000-0x14fffefff]\r\n[    0.000000] Zone ranges:\r\n[    0.000000]   DMA      [mem 0x0000000000001000-0x0000000000ffffff]\r\n[    0.000000]   DMA32    [mem 0x0000000001000000-0x00000000ffffffff]\r\n[    0.000000]   Normal   [mem 0x0000000100000000-0x000000014fffffff]\r\n[    0.000000] Movable zone start for each node\r\n[    0.000000] Early memory node ranges\r\n[    0.000000]   node   0: [mem 0x0000000000001000-0x000000000009efff]\r\n[    0.000000]   node   0: [mem 0x0000000000100000-0x000000001ffeffff]\r\n[    0.000000]   node   0: [mem 0x0000000100000000-0x000000014fffffff]\r\n[    0.000000] Initmem setup node 0 [mem 0x0000000000001000-0x000000014fffffff]\r\n[    0.000000] ACPI: PM-Timer IO Port: 0x408\r\n[    0.000000] IOAPIC[0]: apic_id 0, version 17, address 0xfec00000, GSI 0-23\r\n[    0.000000] ACPI: INT_SRC_OVR (bus 0 bus_irq 0 global_irq 2 dfl dfl)\r\n[    0.000000] ACPI: INT_SRC_OVR (bus 0 bus_irq 9 global_irq 9 high level)\r\n[    0.000000] Using ACPI (MADT) for SMP configuration information\r\n[    0.000000] smpboot: Allowing 64 CPUs, 63 hotplug CPUs\r\n[    0.000000] PM: Registered nosave memory: [mem 0x00000000-0x00000fff]\r\n[    0.000000] PM: Registered nosave memory: [mem 0x0009f000-0x0009ffff]\r\n[    0.000000] PM: Registered nosave memory: [mem 0x000a0000-0x000dffff]\r\n[    0.000000] PM: Registered nosave memory: [mem 0x000e0000-0x000fffff]\r\n[    0.000000] PM: Registered nosave memory: [mem 0x1fff0000-0x1fffefff]\r\n[    0.000000] PM: Registered nosave memory: [mem 0x1ffff000-0x1fffffff]\r\n[    0.000000] PM: Registered nosave memory: [mem 0x20000000-0xffffffff]\r\n[    0.000000] e820: [mem 0x20000000-0xffffffff] available for PCI devices\r\n[    0.000000] Booting paravirtualized kernel on bare hardware\r\n[    0.000000] clocksource: refined-jiffies: mask: 0xffffffff max_cycles: 0xffffffff, max_idle_ns: 7645519600211568 ns\r\n[    0.000000] setup_percpu: NR_CPUS:256 nr_cpumask_bits:256 nr_cpu_ids:64 nr_node_ids:1\r\n[    0.000000] PERCPU: Embedded 33 pages/cpu @ffff88014ca00000 s96728 r8192 d30248 u262144\r\n[    0.000000] Built 1 zonelists in Node order, mobility grouping on.  Total pages: 451449\r\n[    0.000000] Policy zone: Normal\r\n[    0.000000] Kernel command line: BOOT_IMAGE=/boot/vmlinuz-4.2.0-27-generic root=UUID=00dbac90-0d84-46e7-b813-31837bb7b225 ro console=tty1 console=ttyS0 earlyprintk=ttyS0 rootdelay=300\r\n[    0.000000] log_buf_len individual max cpu contribution: 4096 bytes\r\n[    0.000000] log_buf_len total cpu_extra contributions: 258048 bytes\r\n[    0.000000] log_buf_len min size: 262144 bytes\r\n[    0.000000] log_buf_len: 524288 bytes\r\n[    0.000000] early log buf free: 252288(96%)\r\n[    0.000000] PID hash table entries: 4096 (order: 3, 32768 bytes)\r\n[    0.000000] Memory: 1683688K/1834552K available (8154K kernel code, 1238K rwdata, 3804K rodata, 1460K init, 1292K bss, 150864K reserved, 0K cma-reserved)\r\n[    0.000000] SLUB: HWalign=64, Order=0-3, MinObjects=0, CPUs=64, Nodes=1\r\n[    0.000000] Hierarchical RCU implementation.\r\n[    0.000000] \tBuild-time adjustment of leaf fanout to 64.\r\n[    0.000000] \tRCU restricting CPUs from NR_CPUS=256 to nr_cpu_ids=64.\r\n[    0.000000] RCU: Adjusting geometry for rcu_fanout_leaf=64, nr_cpu_ids=64\r\n[    0.000000] NR_IRQS:16640 nr_irqs:936 16\r\n[    0.000000] \tOffload RCU callbacks from all CPUs\r\n[    0.000000] \tOffload RCU callbacks from CPUs: 0-63.\r\n[    0.000000] Console: colour VGA+ 80x25\r\n[    0.000000] console [tty1] enabled\r\n[    0.000000] console [ttyS0] enabled\r\n[    0.000000] console [ttyS0] enabled\r\n[    0.000000] bootconsole [earlyser0] disabled\r\n[    0.000000] bootconsole [earlyser0] disabled\r\n[    0.000000] tsc: Unable to calibrate against PIT\r\n[    0.000000] tsc: using PMTIMER reference calibration\r\n[    0.000000] tsc: Detected 2397.167 MHz processor\r\n[    0.016026] Calibrating delay loop (skipped), value calculated using timer frequency.. 4794.33 BogoMIPS (lpj=9588668)\r\n[    0.018153] pid_max: default: 65536 minimum: 512\r\n[    0.019207] ACPI: Core revision 20150619\r\n[    0.021487] ACPI: All ACPI Tables successfully acquired\r\n[    0.025177] Security Framework initialized\r\n[    0.025945] AppArmor: AppArmor initialized\r\n[    0.026700] Yama: becoming mindful.\r\n[    0.027542] Dentry cache hash table entries: 262144 (order: 9, 2097152 bytes)\r\n[    0.028386] Inode-cache hash table entries: 131072 (order: 8, 1048576 bytes)\r\n[    0.029565] Mount-cache hash table entries: 4096 (order: 3, 32768 bytes)\r\n[    0.030735] Mountpoint-cache hash table entries: 4096 (order: 3, 32768 bytes)\r\n[    0.032226] Initializing cgroup subsys blkio\r\n[    0.033243] Initializing cgroup subsys memory\r\n[    0.034294] Initializing cgroup subsys devices\r\n[    0.036017] Initializing cgroup subsys freezer\r\n[    0.037276] Initializing cgroup subsys net_cls\r\n[    0.040014] Initializing cgroup subsys perf_event\r\n[    0.041117] Initializing cgroup subsys net_prio\r\n[    0.042161] Initializing cgroup subsys hugetlb\r\n[    0.044910] mce: CPU supports 1 MCE banks\r\n[    0.046027] Last level iTLB entries: 4KB 1024, 2MB 1024, 4MB 1024\r\n[    0.047170] Last level dTLB entries: 4KB 1024, 2MB 1024, 4MB 1024, 1GB 4\r\n[    0.073093] ftrace: allocating 30933 entries in 121 pages\r\n[    0.088121] Switched APIC routing to physical flat.\r\n[    0.103363] ..TIMER: vector=0x30 apic1=0 pin1=2 apic2=-1 pin2=-1\r\n[    0.104080] smpboot: CPU0: Intel(R) Xeon(R) CPU E5-2673 v3 @ 2.40GHz (fam: 06, model: 3f, stepping: 02)\r\n[    0.115325] Performance Events: unsupported p6 CPU model 63 no PMU driver, software events only.\r\n[    0.125426] x86: Booted up 1 node, 1 CPUs\r\n[    0.128007] smpboot: Total of 1 processors activated (4794.33 BogoMIPS)\r\n[    0.132012] NMI watchdog: disabled (cpu0): hardware events not enabled\r\n[    0.136008] NMI watchdog: Shutting down hard lockup detector on all cpus\r\n[    0.145488] devtmpfs: initialized\r\n[    0.152214] evm: security.selinux\r\n[    0.156001] evm: security.SMACK64\r\n[    0.160001] evm: security.SMACK64EXEC\r\n[    0.164001] evm: security.SMACK64TRANSMUTE\r\n[    0.168000] evm: security.SMACK64MMAP\r\n[    0.172000] evm: security.ima\r\n[    0.176002] evm: security.capability\r\n[    0.180091] PM: Registering ACPI NVS region [mem 0x1ffff000-0x1fffffff] (4096 bytes)\r\n[    0.184121] clocksource: jiffies: mask: 0xffffffff max_cycles: 0xffffffff, max_idle_ns: 7645041785100000 ns\r\n[    0.188184] pinctrl core: initialized pinctrl subsystem\r\n[    0.192337] RTC time:  6:47:21, date: 02/10/16\r\n[    0.196150] NET: Registered protocol family 16\r\n[    0.200185] cpuidle: using governor ladder\r\n[    0.204010] cpuidle: using governor menu\r\n[    0.208116] ACPI: bus type PCI registered\r\n[    0.212003] acpiphp: ACPI Hot Plug PCI Controller Driver version: 0.5\r\n[    0.216280] PCI: Using configuration type 1 for base access\r\n[    0.221391] ACPI: Added _OSI(Module Device)\r\n[    0.224007] ACPI: Added _OSI(Processor Device)\r\n[    0.228011] ACPI: Added _OSI(3.0 _SCP Extensions)\r\n[    0.232004] ACPI: Added _OSI(Processor Aggregator Device)\r\n[    0.237983] ACPI: Interpreter enabled\r\n[    0.240008] ACPI Exception: AE_NOT_FOUND, While evaluating Sleep State [\\_S1_] (20150619/hwxface-580)\r\n[    0.252009] ACPI Exception: AE_NOT_FOUND, While evaluating Sleep State [\\_S2_] (20150619/hwxface-580)\r\n[    0.264006] ACPI Exception: AE_NOT_FOUND, While evaluating Sleep State [\\_S3_] (20150619/hwxface-580)\r\n[    0.276007] ACPI Exception: AE_NOT_FOUND, While evaluating Sleep State [\\_S4_] (20150619/hwxface-580)\r\n[    0.288013] ACPI: (supports S0 S5)\r\n[    0.292002] ACPI: Using IOAPIC for interrupt routing\r\n[    0.296060] PCI: Using host bridge windows from ACPI; if necessary, use \"pci=nocrs\" and report a bug\r\n[    0.309076] ACPI: PCI Root Bridge [PCI0] (domain 0000 [bus 00-ff])\r\n[    0.312008] acpi PNP0A03:00: _OSC: OS supports [ASPM ClockPM Segments MSI]\r\n[    0.316009] acpi PNP0A03:00: _OSC failed (AE_NOT_FOUND); disabling ASPM\r\n[    0.320370] acpi PNP0A03:00: fail to add MMCONFIG information, can't access extended PCI configuration space under this bridge.\r\n[    0.324113] PCI host bridge to bus 0000:00\r\n[    0.328004] pci_bus 0000:00: root bus resource [bus 00-ff]\r\n[    0.332003] pci_bus 0000:00: root bus resource [mem 0xfe0000000-0xfffefffff window]\r\n[    0.336003] pci_bus 0000:00: root bus resource [io  0x0000-0x0cf7 window]\r\n[    0.340009] pci_bus 0000:00: root bus resource [io  0x0d00-0xffff window]\r\n[    0.344002] pci_bus 0000:00: root bus resource [mem 0x000a0000-0x000bffff window]\r\n[    0.348002] pci_bus 0000:00: root bus resource [mem 0x20000000-0xfffbffff window]\r\n[    0.359125] pci 0000:00:07.1: legacy IDE quirk: reg 0x10: [io  0x01f0-0x01f7]\r\n[    0.360006] pci 0000:00:07.1: legacy IDE quirk: reg 0x14: [io  0x03f6]\r\n[    0.364012] pci 0000:00:07.1: legacy IDE quirk: reg 0x18: [io  0x0170-0x0177]\r\n[    0.368006] pci 0000:00:07.1: legacy IDE quirk: reg 0x1c: [io  0x0376]\r\n[    0.372329] * Found PM-Timer Bug on the chipset. Due to workarounds for a bug,\r\n[    0.372329] * this clock source is slow. Consider trying other clock sources\r\n[    0.377438] pci 0000:00:07.3: quirk: [io  0x0400-0x043f] claimed by PIIX4 ACPI\r\n[    0.387410] ACPI: PCI Interrupt Link [LNKA] (IRQs 3 4 5 7 9 10 *11 12 14 15)\r\n[    0.404138] ACPI: PCI Interrupt Link [LNKB] (IRQs 3 4 5 7 9 10 11 12 14 15) *0, disabled.\r\n[    0.429439] ACPI: PCI Interrupt Link [LNKC] (IRQs 3 4 5 7 9 10 11 12 14 15) *0, disabled.\r\n[    0.449358] ACPI: PCI Interrupt Link [LNKD] (IRQs 3 4 5 7 9 10 11 12 14 15) *0, disabled.\r\n[    0.473392] ACPI: Enabled 1 GPEs in block 00 to 0F\r\n[    0.476142] vgaarb: setting as boot device: PCI:0000:00:08.0\r\n[    0.480000] vgaarb: device added: PCI:0000:00:08.0,decodes=io+mem,owns=io+mem,locks=none\r\n[    0.480001] vgaarb: loaded\r\n[    0.484001] vgaarb: bridge control possible 0000:00:08.0\r\n[    0.488189] SCSI subsystem initialized\r\n[    0.492086] ACPI: bus type USB registered\r\n[    0.496019] usbcore: registered new interface driver usbfs\r\n[    0.500013] usbcore: registered new interface driver hub\r\n[    0.504030] usbcore: registered new device driver usb\r\n[    0.508157] PCI: Using ACPI for IRQ routing\r\n[    0.512400] NetLabel: Initializing\r\n[    0.516002] NetLabel:  domain hash size = 128\r\n[    0.520001] NetLabel:  protocols = UNLABELED CIPSOv4\r\n[    0.524012] NetLabel:  unlabeled traffic allowed by default\r\n[    0.528096] clocksource: Switched to clocksource hyperv_clocksource\r\n[    0.542898] AppArmor: AppArmor Filesystem Enabled\r\n[    0.553441] pnp: PnP ACPI init\r\n[    0.557621] system 00:06: [io  0x01e0-0x01ef] has been reserved\r\n[    0.562012] system 00:06: [io  0x0160-0x016f] has been reserved\r\n[    0.569745] system 00:06: [io  0x0278-0x027f] has been reserved\r\n[    0.578323] system 00:06: [io  0x0378-0x037f] has been reserved\r\n[    0.586567] system 00:06: [io  0x0678-0x067f] has been reserved\r\n[    0.594881] system 00:06: [io  0x0778-0x077f] has been reserved\r\n[    0.603586] system 00:06: [io  0x04d0-0x04d1] has been reserved\r\n[    0.612919] system 00:07: [io  0x0400-0x043f] has been reserved\r\n[    0.621268] system 00:07: [io  0x0370-0x0371] has been reserved\r\n[    0.629717] system 00:07: [io  0x0440-0x044f] has been reserved\r\n[    0.638229] system 00:07: [mem 0xfec00000-0xfec00fff] could not be reserved\r\n[    0.648382] system 00:07: [mem 0xfee00000-0xfee00fff] has been reserved\r\n[    0.658162] system 00:08: [mem 0x00000000-0x0009ffff] could not be reserved\r\n[    0.667853] system 00:08: [mem 0x000c0000-0x000dffff] could not be reserved\r\n[    0.677554] system 00:08: [mem 0x000e0000-0x000fffff] could not be reserved\r\n[    0.687328] system 00:08: [mem 0x00100000-0x1fffffff] could not be reserved\r\n[    0.697039] system 00:08: [mem 0xfffc0000-0xffffffff] has been reserved\r\n[    0.706885] pnp: PnP ACPI: found 9 devices\r\n[    0.723879] clocksource: acpi_pm: mask: 0xffffff max_cycles: 0xffffff, max_idle_ns: 2085701024 ns\r\n[    0.736130] NET: Registered protocol family 2\r\n[    0.742883] TCP established hash table entries: 16384 (order: 5, 131072 bytes)\r\n[    0.752997] TCP bind hash table entries: 16384 (order: 6, 262144 bytes)\r\n[    0.762299] TCP: Hash tables configured (established 16384 bind 16384)\r\n[    0.771537] UDP hash table entries: 1024 (order: 3, 32768 bytes)\r\n[    0.780387] UDP-Lite hash table entries: 1024 (order: 3, 32768 bytes)\r\n[    0.789505] NET: Registered protocol family 1\r\n[    0.795975] pci 0000:00:00.0: Limiting direct PCI/PCI transfers\r\n[    0.804517] Trying to unpack rootfs image as initramfs...\r\n[    1.832064] Freeing initrd memory: 30480K (ffff88001d9ee000 - ffff88001f7b2000)\r\n[    1.842358] PCI-DMA: Using software bounce buffering for IO (SWIOTLB)\r\n[    1.851433] software IO TLB [mem 0x199ee000-0x1d9ee000] (64MB) mapped at [ffff8800199ee000-ffff88001d9edfff]\r\n[    1.864665] clocksource: tsc: mask: 0xffffffffffffffff max_cycles: 0x228dc34d787, max_idle_ns: 440795263329 ns\r\n[    1.878103] RAPL PMU detected, API unit is 2^-32 Joules, 3 fixed counters 10737418240 ms ovfl timer\r\n[    1.890512] hw unit of domain pp0-core 2^-0 Joules\r\n[    1.897530] hw unit of domain package 2^-0 Joules\r\n[    1.906174] hw unit of domain dram 2^-16 Joules\r\n[    1.912847] microcode: CPU0 sig=0x306f2, pf=0x1, revision=0xffffffff\r\n[    1.921757] microcode: Microcode Update Driver: v2.00 <tigran@aivazian.fsnet.co.uk>, Peter Oruba\r\n[    1.934352] Scanning for low memory corruption every 60 seconds\r\n[    1.943561] futex hash table entries: 16384 (order: 8, 1048576 bytes)\r\n[    1.952820] Initialise system trusted keyring\r\n[    1.959343] audit: initializing netlink subsys (disabled)\r\n[    1.967017] audit: type=2000 audit(1455086841.964:1): initialized\r\n[    1.976082] HugeTLB registered 2 MB page size, pre-allocated 0 pages\r\n[    1.986165] zpool: loaded\r\n[    1.992560] zbud: loaded\r\n[    1.996838] VFS: Disk quotas dquot_6.6.0\r\n[    2.002775] VFS: Dquot-cache hash table entries: 512 (order 0, 4096 bytes)\r\n[    2.012701] fuse init (API version 7.23)\r\n[    2.018821] Key type big_key registered\r\n[    2.024709] Key type asymmetric registered\r\n[    2.031680] Asymmetric key parser 'x509' registered\r\n[    2.038673] Block layer SCSI generic (bsg) driver version 0.4 loaded (major 249)\r\n[    2.049745] io scheduler noop registered\r\n[    2.055502] io scheduler deadline registered (default)\r\n[    2.062918] io scheduler cfq registered\r\n[    2.068651] pci_hotplug: PCI Hot Plug PCI Core version: 0.5\r\n[    2.076456] pciehp: PCI Express Hot Plug Controller Driver version: 0.4\r\n[    2.085676] input: Power Button as /devices/LNXSYSTM:00/LNXPWRBN:00/input/input0\r\n[    2.095821] ACPI: Power Button [PWRF]\r\n[    2.101481] GHES: HEST is not enabled!\r\n[    2.107270] Serial: 8250/16550 driver, 32 ports, IRQ sharing enabled\r\n[    2.161616] 00:03: ttyS0 at I/O 0x3f8 (irq = 4, base_baud = 115200) is a 16550A\r\n[    2.206186] 00:04: ttyS1 at I/O 0x2f8 (irq = 3, base_baud = 115200) is a 16550A\r\n[    2.216699] Linux agpgart interface v0.103\r\n[    2.224262] brd: module loaded\r\n[    2.230031] loop: module loaded\r\n[    2.234412] ata_piix 0000:00:07.1: Hyper-V Virtual Machine detected, ATA device ignore set\r\n[    2.243615] scsi host0: ata_piix\r\n[    2.251218] scsi host1: ata_piix\r\n[    2.256632] ata1: PATA max UDMA/33 cmd 0x1f0 ctl 0x3f6 bmdma 0xffa0 irq 14\r\n[    2.265729] ata2: PATA max UDMA/33 cmd 0x170 ctl 0x376 bmdma 0xffa8 irq 15\r\n[    2.275703] libphy: Fixed MDIO Bus: probed\r\n[    2.283648] tun: Universal TUN/TAP device driver, 1.6\r\n[    2.290784] tun: (C) 1999-2004 Max Krasnyansky <maxk@qualcomm.com>\r\n[    2.302017] PPP generic driver version 2.4.2\r\n[    2.309219] ehci_hcd: USB 2.0 'Enhanced' Host Controller (EHCI) Driver\r\n[    2.321540] ehci-pci: EHCI PCI platform driver\r\n[    2.328429] ehci-platform: EHCI generic platform driver\r\n[    2.336859] ohci_hcd: USB 1.1 'Open' Host Controller (OHCI) Driver\r\n[    2.345259] ohci-pci: OHCI PCI platform driver\r\n[    2.351490] ohci-platform: OHCI generic platform driver\r\n[    2.358649] uhci_hcd: USB Universal Host Controller Interface driver\r\n[    2.368404] i8042: PNP: PS/2 Controller [PNP0303:PS2K,PNP0f03:PS2M] at 0x60,0x64 irq 1,12\r\n[    2.381521] serio: i8042 KBD port at 0x60,0x64 irq 1\r\n[    2.388520] serio: i8042 AUX port at 0x60,0x64 irq 12\r\n[    2.395673] mousedev: PS/2 mouse device common for all mice\r\n[    2.403741] rtc_cmos 00:00: RTC can wake from S4\r\n[    2.449531] input: AT Translated Set 2 keyboard as /devices/platform/i8042/serio0/input/input1\r\n[    2.463625] ata2.00: ATAPI: Virtual CD, , max MWDMA2\r\n[    2.472145] ata2.00: configured for MWDMA2\r\n[    2.478982] scsi 1:0:0:0: CD-ROM            Msft     Virtual CD/ROM   1.0  PQ: 0 ANSI: 5\r\n[    2.494723] sr 1:0:0:0: [sr0] scsi3-mmc drive: 0x/0x tray\r\n[    2.504724] cdrom: Uniform CD-ROM driver Revision: 3.20\r\n[    2.512536] rtc_cmos 00:00: rtc core: registered rtc_cmos as rtc0\r\n[    2.521209] rtc_cmos 00:00: alarms up to one month, 114 bytes nvram\r\n[    2.530995] sr 1:0:0:0: Attached scsi generic sg0 type 5\r\n[    2.541909] i2c /dev entries driver\r\n[    2.548602] device-mapper: uevent: version 1.0.3\r\n[    2.555370] device-mapper: ioctl: 4.33.0-ioctl (2015-8-18) initialised: dm-devel@redhat.com\r\n[    2.566408] ledtrig-cpu: registered to indicate activity on CPUs\r\n[    2.574570] PCCT header not found.\r\n[    2.579895] NET: Registered protocol family 10\r\n[    2.586609] NET: Registered protocol family 17\r\n[    2.592959] Key type dns_resolver registered\r\n[    2.599195] Loading compiled-in X.509 certificates\r\n[    2.606572] Loaded X.509 cert 'Build time autogenerated kernel key: 9421ce78f7dd6932d7a71d3bab89bb036afa29eb'\r\n[    2.619745] registered taskstats version 1\r\n[    2.626068] zswap: loading zswap\r\n[    2.630935] zswap: using zbud pool\r\n[    2.636001] zswap: using lzo compressor\r\n[    2.643525] Key type trusted registered\r\n[    2.657013] Key type encrypted registered\r\n[    2.662863] AppArmor: AppArmor sha1 policy hashing enabled\r\n[    2.670571] ima: No TPM chip found, activating TPM-bypass!\r\n[    2.678105] evm: HMAC attrs: 0x1\r\n[    2.683196]   Magic number: 4:595:771\r\n[    2.688849] rtc_cmos 00:00: setting system clock to 2016-02-10 06:47:23 UTC (1455086843)\r\n[    2.699457] BIOS EDD facility v0.16 2004-Jun-25, 0 devices found\r\n[    2.707560] EDD information not available.\r\n[    2.716112] Freeing unused kernel memory: 1460K (ffffffff81d37000 - ffffffff81ea4000)\r\n[    2.726452] Write protecting the kernel read-only data: 12288k\r\n[    2.734608] Freeing unused kernel memory: 24K (ffff8800017fa000 - ffff880001800000)\r\n[    2.745423] Freeing unused kernel memory: 292K (ffff880001bb7000 - ffff880001c00000)\r\nLoading, please wait...\r\nstarting version 225\r\n[    2.784722] random: udevadm urandom read with 3 bits of entropy available\r\n[    2.887182] clocksource: hyperv_clocksource_tsc_page: mask: 0xffffffffffffffff max_cycles: 0x24e6a1710, max_idle_ns: 440795202120 ns\r\n[    2.951660] Floppy drive(s): fd0 is 1.44M\r\n[    2.989136] FDC 0 is an 82078.\r\n[    3.015830] clocksource: Switched to clocksource hyperv_clocksource_tsc_page\r\n[    3.042810] AVX2 version of gcm_enc/dec engaged.\r\n[    3.049585] AES CTR mode by8 optimization enabled\r\n[    3.056966] hv_vmbus: Hyper-V Host Build:9600-6.3-18-0.18190; Vmbus version:3.0\r\n[    3.147427] hv_vmbus: registering driver hv_storvsc\r\n[    3.157683] hidraw: raw HID events driver (C) Jiri Kosina\r\n[    3.163582] hv_utils: Registering HyperV Utility Driver\r\n[    3.173534] hv_vmbus: registering driver hv_util\r\n[    3.199858] hv_vmbus: registering driver hid_hyperv\r\n[    3.222169] scsi host2: storvsc_host_t\r\n[    3.228351] scsi 2:0:0:0: Direct-Access     Msft     Virtual Disk     1.0  PQ: 0 ANSI: 4\r\n[    3.241074] sd 2:0:0:0: Attached scsi generic sg1 type 0\r\n[    3.250230] sd 2:0:0:0: [sda] 61440000 512-byte logical blocks: (31.4 GB/29.2 GiB)\r\n[    3.262406] sd 2:0:0:0: [sda] Write Protect is off\r\n[    3.276048] hv_vmbus: registering driver hv_netvsc\r\n[    3.283597] input: Microsoft Vmbus HID-compliant Mouse as /devices/0006:045E:0621.0001/input/input4\r\n[    3.296571] sd 2:0:0:0: [sda] Write cache: enabled, read cache: enabled, supports DPO and FUA\r\n[    3.310271] hid-generic 0006:045E:0621.0001: input: <UNKNOWN> HID v0.01 Mouse [Microsoft Vmbus HID-compliant Mouse] on \r\n[    3.326526]  sda: sda1\r\n[    3.332347] sd 2:0:0:0: [sda] Attached SCSI disk\r\n[    3.339503] scsi host3: storvsc_host_t\r\n[    3.345694] scsi 3:0:1:0: Direct-Access     Msft     Virtual Disk     1.0  PQ: 0 ANSI: 4\r\n[    3.357750] sd 3:0:1:0: [sdb] 146800640 512-byte logical blocks: (75.1 GB/70.0 GiB)\r\n[    3.367847] sd 3:0:1:0: Attached scsi generic sg2 type 0\r\n[    3.376249] sd 3:0:1:0: [sdb] Write Protect is off\r\n[    3.382961] hv_netvsc: hv_netvsc channel opened successfully\r\n[    3.390657] psmouse serio1: trackpoint: failed to get extended button data\r\n[    3.400239] sd 3:0:1:0: [sdb] Write cache: enabled, read cache: enabled, supports DPO and FUA\r\n[    3.418408]  sdb: sdb1\r\n[    3.425674] sd 3:0:1:0: [sdb] Attached SCSI disk\r\n[    3.557484] hv_netvsc vmbus_16: Send section size: 6144, Section count:2560\r\n[    3.563293] hv_netvsc vmbus_16: Device MAC 00:0d:3a:91:44:77 link state up\r\n[    3.576825] scsi host4: storvsc_host_t\r\n[    3.580745] scsi 4:0:0:0: scsi scan: INQUIRY result too short (5), using 36\r\n[    3.588043] scsi 4:0:0:1: scsi scan: INQUIRY result too short (5), using 36\r\n[    3.596291] scsi 4:0:1:0: scsi scan: INQUIRY result too short (5), using 36\r\n[    3.607328] scsi 4:0:1:1: scsi scan: INQUIRY result too short (5), using 36\r\n[    3.617130] scsi 4:1:0:0: scsi scan: INQUIRY result too short (5), using 36\r\n[    3.626518] scsi host5: storvsc_host_t\r\n[    3.631899] scsi 4:1:0:1: scsi scan: INQUIRY result too short (5), using 36\r\n[    3.641485] scsi 5:0:0:0: scsi scan: INQUIRY result too short (5), using 36\r\n[    3.651006] scsi 4:1:1:0: scsi scan: INQUIRY result too short (5), using 36\r\n[    3.661258] scsi 5:0:0:1: scsi scan: INQUIRY result too short (5), using 36\r\n[    3.670890] scsi 4:1:1:1: scsi scan: INQUIRY result too short (5), using 36\r\n[    3.680142] scsi 5:0:1:0: scsi scan: INQUIRY result too short (5), using 36\r\n[    3.690890] scsi 4:2:0:0: scsi scan: INQUIRY result too short (5), using 36\r\n[    3.700177] scsi 5:0:1:1: scsi scan: INQUIRY result too short (5), using 36\r\n[    3.710615] scsi 4:2:0:1: scsi scan: INQUIRY result too short (5), using 36\r\n[    3.719876] scsi 5:1:0:0: scsi scan: INQUIRY result too short (5), using 36\r\n[    3.729770] scsi 4:2:1:0: scsi scan: INQUIRY result too short (5), using 36\r\n[    3.741367] scsi 5:1:0:1: scsi scan: INQUIRY result too short (5), using 36\r\n[    3.750782] scsi 5:1:1:0: scsi scan: INQUIRY result too short (5), using 36\r\n[    3.760625] scsi 4:2:1:1: scsi scan: INQUIRY result too short (5), using 36\r\n[    3.770753] scsi 4:3:0:0: scsi scan: INQUIRY result too short (5), using 36\r\n[    3.780433] scsi 5:1:1:1: scsi scan: INQUIRY result too short (5), using 36\r\n[    3.789812] scsi 5:2:0:0: scsi scan: INQUIRY result too short (5), using 36\r\n[    3.799074] scsi 4:3:0:1: scsi scan: INQUIRY result too short (5), using 36\r\n[    3.808647] scsi 5:2:0:1: scsi scan: INQUIRY result too short (5), using 36\r\n[    3.818213] scsi 4:3:1:0: scsi scan: INQUIRY result too short (5), using 36\r\n[    3.827655] scsi 5:2:1:0: scsi scan: INQUIRY result too short (5), using 36\r\n[    3.836892] scsi 4:3:1:1: scsi scan: INQUIRY result too short (5), using 36\r\n[    3.846318] scsi 5:2:1:1: scsi scan: INQUIRY result too short (5), using 36\r\n[    3.855554] scsi 4:4:0:0: scsi scan: INQUIRY result too short (5), using 36\r\n[    3.866133] scsi 5:3:0:0: scsi scan: INQUIRY result too short (5), using 36\r\n[    3.875537] scsi 4:4:0:1: scsi scan: INQUIRY result too short (5), using 36\r\n[    3.884865] scsi 5:3:0:1: scsi scan: INQUIRY result too short (5), using 36\r\n[    3.894141] scsi 4:4:1:0: scsi scan: INQUIRY result too short (5), using 36\r\n[    3.904061] scsi 5:3:1:0: scsi scan: INQUIRY result too short (5), using 36\r\n[    3.914610] scsi 4:4:1:1: scsi scan: INQUIRY result too short (5), using 36\r\n[    3.924891] scsi 4:5:0:0: scsi scan: INQUIRY result too short (5), using 36\r\n[    3.934247] scsi 5:3:1:1: scsi scan: INQUIRY result too short (5), using 36\r\n[    3.944054] scsi 4:5:0:1: scsi scan: INQUIRY result too short (5), using 36\r\n[    3.953440] scsi 5:4:0:0: scsi scan: INQUIRY result too short (5), using 36\r\n[    3.963755] scsi 4:5:1:0: scsi scan: INQUIRY result too short (5), using 36\r\n[    3.973134] scsi 5:4:0:1: scsi scan: INQUIRY result too short (5), using 36\r\n[    3.982797] scsi 4:5:1:1: scsi scan: INQUIRY result too short (5), using 36\r\n[    3.992033] scsi 5:4:1:0: scsi scan: INQUIRY result too short (5), using 36\r\n[    4.004325] scsi 4:6:0:0: scsi scan: INQUIRY result too short (5), using 36\r\n[    4.013551] scsi 5:4:1:1: scsi scan: INQUIRY result too short (5), using 36\r\n[    4.023125] scsi 4:6:0:1: scsi scan: INQUIRY result too short (5), using 36\r\n[    4.033518] scsi 5:5:0:0: scsi scan: INQUIRY result too short (5), using 36\r\n[    4.042867] scsi 4:6:1:0: scsi scan: INQUIRY result too short (5), using 36\r\n[    4.053009] scsi 5:5:0:1: scsi scan: INQUIRY result too short (5), using 36\r\n[    4.062817] scsi 4:6:1:1: scsi scan: INQUIRY result too short (5), using 36\r\n[    4.072424] scsi 5:5:1:0: scsi scan: INQUIRY result too short (5), using 36\r\n[    4.082143] scsi 4:7:0:0: scsi scan: INQUIRY result too short (5), using 36\r\n[    4.091401] scsi 5:5:1:1: scsi scan: INQUIRY result too short (5), using 36\r\n[    4.101375] scsi 4:7:0:1: scsi scan: INQUIRY result too short (5), using 36\r\n[    4.110649] scsi 5:6:0:0: scsi scan: INQUIRY result too short (5), using 36\r\n[    4.120019] scsi 4:7:1:0: scsi scan: INQUIRY result too short (5), using 36\r\n[    4.129233] scsi 5:6:0:1: scsi scan: INQUIRY result too short (5), using 36\r\n[    4.138600] scsi 4:7:1:1: scsi scan: INQUIRY result too short (5), using 36\r\n[    4.147810] scsi 5:6:1:0: scsi scan: INQUIRY result too short (5), using 36\r\n[    4.157645] scsi 5:6:1:1: scsi scan: INQUIRY result too short (5), using 36\r\n[    4.167612] scsi 5:7:0:0: scsi scan: INQUIRY result too short (5), using 36\r\n[    4.177295] scsi 5:7:0:1: scsi scan: INQUIRY result too short (5), using 36\r\n[    4.188057] scsi 5:7:1:0: scsi scan: INQUIRY result too short (5), using 36\r\n[    4.198128] scsi 5:7:1:1: scsi scan: INQUIRY result too short (5), using 36\r\nBegin: Loading essential drivers ... done.\r\r\nBegin: Running /scripts/init-premount ... done.\r\r\nBegin: Mounting root file system ... Begin: Running /scripts/local-top ... done.\r\r\nBegin: Running /scripts/local-premount ... done.\r\r\nBegin: Checking root file system ... fsck from util-linux 2.26.2\r\r\ncloudimg-rootfs: clean, 73595/244736 files, 351302/524032 blocks\r\r\ndone.\r\r\n[    6.089410] EXT4-fs (sda1): mounted filesystem with ordered data mode. Opts: (null)\r\ndone.\r\r\nBegin: Running /scripts/local-bottom ... done.\r\r\nBegin: Running /scripts/init-bottom ... Warning: overlayroot: debug is busted\r\r\ndone.\r\r\n[    7.248110] random: nonblocking pool is initialized\r\n[    8.037146] systemd[1]: Failed to insert module 'kdbus': Function not implemented\r\n[    8.244061] psmouse serio1: trackpoint: IBM TrackPoint firmware: 0x01, buttons: 0/0\r\n[    8.252290] input: TPPS/2 IBM TrackPoint as /devices/platform/i8042/serio1/input/input3\r\n[    8.649474] systemd[1]: systemd 225 running in system mode. (+PAM +AUDIT +SELINUX +IMA +APPARMOR +SMACK +SYSVINIT +UTMP +LIBCRYPTSETUP +GCRYPT +GNUTLS +ACL +XZ -LZ4 +SECCOMP +BLKID -ELFUTILS +KMOD -IDN)\r\n[    8.669303] systemd[1]: Detected virtualization microsoft.\r\n[    8.676324] systemd[1]: Detected architecture x86-64.\r\n\r\r\nWelcome to \u001b[1mUbuntu 15.10\u001b[0m!\r\r\n\r\r\n[    9.165929] systemd[1]: Set hostname to <ubuntu>.\r\n[    9.172904] systemd[1]: Initializing machine ID from random generator.\r\n[    9.181075] systemd[1]: Installed transient /etc/machine-id file.\r\n-.mount\r\r\netc-machine\\x2did.mount\r\r\n[   11.037371] systemd[1]: sshd-keygen.service: Cannot add dependency job, ignoring: Unit sshd-keygen.service failed to load: No such file or directory.\r\n[   11.054749] systemd[1]: sshd-keygen.service: Cannot add dependency job, ignoring: Unit sshd-keygen.service failed to load: No such file or directory.\r\n[   11.071518] systemd[1]: display-manager.service: Cannot add dependency job, ignoring: Unit display-manager.service failed to load: No such file or directory.\r\n[   11.090452] systemd[1]: Started Forward Password Requests to Wall Directory Watch.\r\n[\u001b[32m  OK  \u001b[0m]
[   11.104099] systemd[1]: Set up automount Arbitrary Executable File Formats File System Automount Point.\r\nStarted Forward Password Requests to Wall Directory Watch.\r\r\n[\u001b[32m  OK  \u001b[0m]
[   11.126147] systemd[1]: Reached target Encrypted Volumes.\r\nSet up automount Arbitrary Executab...ats File System Automount Point.\r[   11.139128] systemd[1]: Reached target Remote File Systems (Pre).\r\n\r\n[\u001b[32m  OK  \u001b[0m] Reached target Encrypted Volumes.\r\r\n[[   11.154650] systemd[1]: Created slice Root Slice.\r\n\u001b[32m  OK  \u001b[0m] Reached target Remote File Systems (Pre).\r\r\n[   11.166961] systemd[1]: Listening on udev Kernel Socket.\r\n[\u001b[32m  OK  \u001b[0m] Created slice Root Slice.\r\r\n[\u001b[32m  OK  \u001b[0m[   11.183352] systemd[1]: Created slice System Slice.\r\n] Listening on udev Kernel Socket.\r\r\n[\u001b[32m  OK  \u001b[0m[   11.197331] systemd[1]: Created slice system-getty.slice.\r\n] Created slice System Slice.\r\r\n[\u001b[32m  OK  \u001b[0m[   11.211734] systemd[1]: Starting Increase datagram queue length...\r\n] Created slice system-getty.slice.\r\r\n         Starting Increase datagram queue length...[   11.230317] systemd[1]: Listening on Journal Audit Socket.\r\n\r\r\n[\u001b[32m  OK  \u001b[0m]
[   11.243273] systemd[1]: Listening on Journal Socket.\r\nListening on Journal Audit Socket.\r\r\n[\u001b[32m  OK  \u001b[0m[   11.257376] systemd[1]: Starting Setup Virtual Console...\r\n] Listening on Journal Socket.\r\r\n         Starting Setup Virtual Console...\r\r\n[   11.308139] systemd[1]: Starting Load Kernel Modules...\r\n         Starting Load Kernel Modules...[   11.322076] systemd[1]: Starting Uncomplicated firewall...\r\n\r\r\n         Starting Uncomplicated firewall...[   11.338022] systemd[1]: Starting Remount Root and Kernel File Systems...\r\n\r\r\n         Starting Remount Root and Kernel File Systems...[   11.355887] systemd[1]: Starting Create list of required static device nodes for the current kernel...\r\n\r\r\n         Starting Create list of required st... nodes for the current kernel...[   11.379893] systemd[1]: Mounting Debug File System...\r\n\r\r\n[   11.389229] EXT4-fs (sda1): re-mounted. Opts: discard\r\n        
[   11.399260] systemd[1]: Mounting POSIX Message Queue File System...\r\nMounting Debug File System...\r\r\n         Mounting POSIX Message Queue File System...\r\r\n[   11.424985] systemd[1]: Listening on Journal Socket (/dev/log).\r\n[\u001b[32m  OK  \u001b[0m]
[   11.436680] systemd[1]: Created slice User and Session Slice.\r\nListening on Journal Socket (/dev/log).\r\r\n[\u001b[32m  OK  \u001b[0m[   11.451997] systemd[1]: Listening on udev Control Socket.\r\n] Created slice User and Session Slice.\r\r\n[\u001b[32m  OK  \u001b[0m[   11.467800] systemd[1]: Starting udev Coldplug all Devices...\r\n] Listening on udev Control Socket.\r\r\n         Starting udev Coldplug all Devices...[   11.485281] systemd[1]: Reached target Swap.\r\n\r\r\n[\u001b[32m  OK  \u001b[0m]
[   11.497811] systemd[1]: Created slice system-serial\\x2dgetty.slice.\r\nReached target Swap.\r\r\n[\u001b[32m  OK  \u001b[0m]
[   11.512424] systemd[1]: Reached target User and Group Name Lookups.\r\nCreated slice system-serial\\x2dgetty.slice.\r\r\n[\u001b[32m  OK  \u001b[0m[   11.528389] systemd[1]: Reached target Slices.\r\n] Reached target User and Group Name Lookups.\r\r\n[   11.539927] systemd[1]: Mounting Huge Pages File System...\r\n[\u001b[32m  OK  \u001b[0m] Reached target Slices.\r\r\n         Mounting Huge Page[   11.557416] systemd[1]: Listening on /dev/initctl Compatibility Named Pipe.\r\n..\r\r\n[\u001b[32m  OK  \u001b[0m]
[   11.574510] systemd[1]: Mounted Debug File System.\r\nListening on /dev/initctl Compatibility Named Pipe.\r\r\n[\u001b[32m  OK  \u001b[0m[   11.589772] systemd[1]: Mounted POSIX Message Queue File System.\r\n] Mounted Debug File System.\r\r\nsys-kernel-debug.mount\r\r\n[   11.604895] systemd[1]: Mounted Huge Pages File System.\r\n[\u001b[32m  OK  \u001b[0m] Mounted POSIX Message Queue File System.\r[   11.617505] systemd[1]: Started Increase datagram queue length.\r\n\r\n[\u001b[32m  OK  \u001b[0m] Mounted Huge Pages File System.\r\r\ndev-mqueue.mount\r\r\ndev-hugepages.mount[   11.638564] systemd[1]: Started Setup Virtual Console.\r\n\r\r\n[\u001b[32m  OK  \u001b[0m] Started Increase datagram queue length.\r[   11.652441] systemd[1]: Started Load Kernel Modules.\r\n\r\n[\u001b[32m  OK  \u001b[0m] Started Setup Virtual Console.\r[   11.665394] systemd[1]: Started Uncomplicated firewall.\r\n\r\nsystemd-setup-dgram-qlen.service[   11.676977] systemd[1]: Started Remount Root and Kernel File Systems.\r\n\r\r\n[\u001b[32m  OK  \u001b[0m] Started Load Kernel Modules.\r\r\n[\u001b[32m  OK  \u001b[0m] Started Uncomplicated firewall.\r[   11.697523] systemd[1]: Started Create list of required static device nodes for the current kernel.\r\n\r\nsystemd-vconsole-setup.service\r\r\n[\u001b[32m  OK  \u001b[0m] Started Remount Root and Kernel File Systems.\r\r\nsystemd-modules-load.service\r\r\n[\u001b[32m  OK  \u001b[0m] Started Create list of required sta...ce nodes for the current kernel.\r\r\nufw.service\r\r\nsystemd-remount-fs.service\r\r\nkmod-static-nodes.service\r\r\n[   11.776611] systemd[1]: Starting Create Static Device Nodes in /dev...\r\n         Starting Create Static Device Nodes in /dev...[   11.802316] systemd[1]: Starting Load/Save Random Seed...\r\n\r\r\n         Starting Load/Save Random Seed...[   11.818278] systemd[1]: Starting Ensure /etc/mtab is a symlink to /proc/mounts...\r\n\r\r\n         Starting Ensure /etc/mtab is a symlink to /proc/mounts...\r\r\n[   11.841275] systemd[1]: Starting Apply Kernel Variables...\r\n         Starting Apply Kernel Variables...[   11.855070] systemd[1]: Mounting FUSE Control File System...\r\n\r\r\n         Mounting FUSE Control File System...[   11.870803] systemd[1]: Listening on Syslog Socket.\r\n\r\r\n[\u001b[32m  OK  \u001b[0m[   11.882662] systemd[1]: Starting Journal Service...\r\n] Listening on Syslog Socket.\r\r\n         Starting Journal Service...\r\r\n[   11.911238] systemd[1]: Mounted FUSE Control File System.\r\n[\u001b[32m  OK  \u001b[0m[   11.922525] systemd[1]: Started Ensure /etc/mtab is a symlink to /proc/mounts.\r\n] Mounted FUSE Control File System.\r\r\nsys-fs-fuse-connections.mount\r\r\n[\u001b[32m  OK  \u001b[0m] Started Ensure /etc/mtab is a symlink to /proc/mounts.\r\r\ndebian-fixup.service\r\r\n[   12.013838] systemd[1]: Started udev Coldplug all Devices.\r\n[\u001b[32m  OK  \u001b[0m] Started udev Coldplug all Devices.\r\r\nsystemd-udev-trigger.service\r\r\n[\u001b[32m  OK  \u001b[0m] Started Apply Kernel Variables.\r\r\n[\u001b[32m  OK  \u001b[0m] Started Load/Save Random Seed.\r\r\nsystemd-sysctl.service\r\r\nsystemd-random-seed.service\r\r\n[\u001b[32m  OK  \u001b[0m] Started Create Static Device Nodes in /dev.\r\r\n         Starting udev Kernel Device Manager...\r\r\nsystemd-tmpfiles-setup-dev.service\r\r\n[\u001b[32m  OK  \u001b[0m] Started Journal Service.\r\r\n         Starting Flush Journal to Persistent Storage...\r\r\nsystemd-journald.service\r\r\n[\u001b[32m  OK  \u001b[0m] Started Flush Journal to Persistent Storage.\r\r\nsystemd-journal-flush.service\r\r\n[\u001b[32m  OK  \u001b[0m] Started udev Kernel Device Manager.\r\r\n[\u001b[32m  OK  \u001b[0m] Reached target Local File Systems (Pre).\r\r\nsystemd-udevd.service\r\r\n         Mounting /etc/network/interfaces.dynamic.d...\r\r\n[\u001b[32m  OK  \u001b[0m] Mounted /etc/network/interfaces.dynamic.d.\r\r\n[\u001b[32m  OK  \u001b[0m] Reached target Local File Systems.\r\r\n         Starting Tell Plymouth To Write Out Runtime Data...\r\r\n         Starting Create Volatile Files and Directories...\r\r\n         Starting Wait for all \"auto\" /etc/n... up for network-online.target...\r\r\n         Starting Clean up any mess left by 0dns-up...\r\r\n         Starting Commit a transient machine-id on disk...\r\r\n[\u001b[32m  OK  \u001b[0m] Reached target Remote File Systems.\r\r\n         Starting LSB: AppArmor initialization...\r\r\n         Starting Set console keymap...\r\r\netc-network-interfaces.dynamic.d.mount\r\r\n[\u001b[32m  OK  \u001b[0m] Started Create Volatile Files and Directories.\r\r\n[\u001b[32m  OK  \u001b[0m] Started Commit a transient machine-id on disk.\r\r\n         Starting Update UTMP about System Boot/Shutdown...\r\r\n         Starting Network Time Synchronization...\r\r\nsystemd-tmpfiles-setup.service\r\r\nsystemd-machine-id-commit.service\r\r\n[\u001b[32m  OK  \u001b[0m] Started Update UTMP about System Boot/Shutdown.\r\r\n[\u001b[32m  OK  \u001b[0m] Started Clean up any mess left by 0dns-up.\r\r\n         Starting Nameserver information manager...\r\r\n[\u001b[32m  OK  \u001b[0m] Started Nameserver information manager.\r\r\nsystemd-update-utmp.service\r\r\n[\u001b[32m  OK  \u001b[0m] Started Tell Plymouth To Write Out Runtime Data.\r\r\nresolvconf.service\r\r\n[\u001b[32m  OK  \u001b[0m] Started Network Time Synchronization.\r\r\n[\u001b[32m  OK  \u001b[0m] Reached target System Time Synchronized.\r\r\nsystemd-timesyncd.service\r\r\n[\u001b[32m  OK  \u001b[0m] Started Set console keymap.\r\r\n[   13.966110] piix4_smbus 0000:00:07.3: SMBus base address uninitialized - upgrade BIOS or use force_addr=0xaddr\r\n[\u001b[32m  OK  \u001b[0m] Found device /dev/ttyS0.\r\r\n[   14.467621] intel_rapl: no valid rapl domains found in package 0\r\n[\u001b[32m  OK  \u001b[0m] Created slice system-ifup.slice.\r\r\n[\u001b[32m  OK  \u001b[0m] Found device /sys/subsystem/net/devices/eth0.\r\r\n[\u001b[32m  OK  \u001b[0m] Started LSB: AppArmor initialization.\r\r\n[\u001b[32m  OK  \u001b[0m] Started ifup for eth0.\r\r\n         Starting LSB: Raise network interfaces....\r\r\napparmor.service\r\r\nifup@eth0.service\r\r\n[\u001b[32m  OK  \u001b[0m] Started LSB: Raise network interfaces..\r\r\n[\u001b[32m  OK  \u001b[0m] Reached target Network.\r\r\n[\u001b[32m  OK  \u001b[0m] Reached target System Initialization.\r\r\n[\u001b[32m  OK  \u001b[0m] Listening on ACPID Listen Socket.\r\r\n         Starting lxd-unix.socket.\r\r\n[\u001b[32m  OK  \u001b[0m] Listening on UUID daemon activation socket.\r\r\n         Starting Seed the pseudo random number generator on first boot...\r\r\n[\u001b[32m  OK  \u001b[0m] Listening on D-Bus System Message Bus Socket.\r\r\n[\u001b[32m  OK  \u001b[0m] Started Trigger resolvconf update for networkd DNS.\r\r\n[\u001b[32m  OK  \u001b[0m] Reached target Paths.\r\r\n[\u001b[32m  OK  \u001b[0m] Started Daily Cleanup of Temporary Directories.\r\r\n[\u001b[32m  OK  \u001b[0m] Reached target Timers.\r\r\n[\u001b[32m  OK  \u001b[0m] Listening on lxd-unix.socket.\r\r\n[\u001b[32m  OK  \u001b[0m] Reached target Sockets.\r\r\n[\u001b[32m  OK  \u001b[0m] Reached target Basic System.\r\r\n         Starting Accounts Service...\r\r\n         Starting Login Service...\r\r\n         Starting LSB: daemon to balance interrupts for SMP systems...\r\r\nnetworking.service\r\r\n[\u001b[32m  OK  \u001b[0m] Started Regular background program processing daemon.\r\r\n         Starting Restore /etc/resolv.conf i...e the ppp link was shut down....\r\r\n[\u001b[32m  OK  \u001b[0m] Started Hyper-V VSS Protocol Daemon.\r\r\n[\u001b[32m  OK  \u001b[0m] Started Hyper-V File Copy Protocol Daemon.\r\r\n[\u001b[32m  OK  \u001b[0m] Started Cgroup management daemon.\r\r\n         Starting LSB: Record successful boot for GRUB...\r\r\n         Starting Thermal Daemon Service...\r\r\n[\u001b[32m  OK  \u001b[0m] Started D-Bus System Message Bus.\r\r\ncron.service\r\r\nhv-vss-daemon.service\r\r\nhv-fcopy-daemon.service\r\r\ncgmanager.service\r\r\ndbus.service\r\r\natd.service\r\r\n         Starting Initial cloud-init job (pre-networking)...\r\r\n         Starting LSB: automatic crash report generation...\r\r\n[\u001b[32m  OK  \u001b[0m] Started Deferred execution scheduler.\r\r\n[\u001b[32m  OK  \u001b[0m] Started FUSE filesystem for LXC.\r\r\n[\u001b[32m  OK  \u001b[0m] Started Hyper-V KVP Protocol Daemon.\r\r\n         Starting System Logging Service...\r\r\n         Starting LSB: Set the CPU Frequency Scaling governor to \"ondemand\"...\r\r\n         Starting LSB: Starts the Micro Name Service Cache Daemon...\r\r\n[\u001b[32m  OK  \u001b[0m] Started Wait for all \"auto\" /etc/ne...be up for network-online.target.\r\r\n[\u001b[32m  OK  \u001b[0m] Started LSB: daemon to balance interrupts for SMP systems.\r\r\n[\u001b[32m  OK  \u001b[0m] Started Restore /etc/resolv.conf if...ore the ppp link was shut down..\r\r\n[\u001b[32m  OK  \u001b[0m] Started LSB: Record successful boot for GRUB.\r\r\n[\u001b[32m  OK  \u001b[0m] Started Thermal Daemon Service.\r\r\n[\u001b[32m  OK  \u001b[0m] Reached target Network is Online.\r\r\n         Starting /etc/rc.local Compatibility...\r\r\n         Starting LXC network bridge setup...\r\r\n[\u001b[32m  OK  \u001b[0m] Started LSB: automatic crash report generation.\r\r\n[\u001b[32m  OK  \u001b[0m] Started LSB: Set the CPU Frequency Scaling governor to \"ondemand\".\r\r\n[\u001b[32m  OK  \u001b[0m] Started LSB: Starts the Micro Name Service Cache Daemon.\r\r\n[\u001b[32m  OK  \u001b[0m] Started Login Service.\r\r\n[\u001b[32m  OK  \u001b[0m] Started /etc/rc.local Compatibility.\r\r\nlxcfs.service\r\r\n         Starting Authenticate and Authorize Users to Run Privileged Tasks...\r\r\nhv-kvp-daemon.service\r\r\nrun-cgmanager-fs.mount\r\r\nifup-wait-all-auto.service\r\r\nirqbalance.service\r\r\ngrub-common.service\r\r\nthermald.service\r\r\napport.service\r\r\nondemand.service\r\r\nunscd.service\r\r\nsystemd-logind.service\r\r\nrc-local.service\r\r\nvar-lib-lxcfs.mount\r\r\n[\u001b[32m  OK  \u001b[0m] Started Authenticate and Authorize Users to Run Privileged Tasks.\r\r\n[\u001b[32m  OK  \u001b[0m] Started Accounts Service.\r\r\npolkitd.service\r\r\n[\u001b[32m  OK  \u001b[0m] Started System Logging Service.\r\r\naccounts-daemon.service\r\r\nrsyslog.service\r\r\n[\u001b[32m  OK  \u001b[0m] Started LXC network bridge setup.\r\r\n         Starting LXC Container Initialization and Autoboot Code...\r\r\nlxc-net.service\r\r\n[\u001b[32m  OK  \u001b[0m] Started LXC Container Initialization and Autoboot Code.\r\r\n         Starting Container hypervisor based on LXC - boot time check...\r\r\nlxc.service\r\r\n[\u001b[32m  OK  \u001b[0m] Started Seed the pseudo random number generator on first boot.\r\r\n[\u001b[32m  OK  \u001b[0m] Started Container hypervisor based on LXC - boot time check.\r\r\n[   27.868584] cloud-init[706]: Cloud-init v. 0.7.7 running 'init-local' at Wed, 10 Feb 2016 06:47:49 +0000. Up 27.62 seconds.\r\r\n[\u001b[32m  OK  \u001b[0m] Started Initial cloud-init job (pre-networking).\r\r\n         Starting Initial cloud-init job (metadata service crawler)...\r\r\ncloud-init-local.service\r\r\n[   29.140083] blk_update_request: I/O error, dev fd0, sector 0\r\n[   29.208097] blk_update_request: I/O error, dev fd0, sector 0\r\ntmp-tmp2emaa7nq.mount\r\r\n[   29.403573] cloud-init[931]: + i=eth0\r\r\n[   29.410902] cloud-init[931]: + x=0\r\r\n[   29.411125] cloud-init[931]: + ifdown eth0\r\r\n[   29.450677] cloud-init[931]: Killed old client process\r\r\n[   30.455356] cloud-init[931]: Internet Systems Consortium DHCP Client 4.3.1\r\r\n[   30.455714] cloud-init[931]: Copyright 2004-2014 Internet Systems Consortium.\r\r\n[   30.456098] cloud-init[931]: All rights reserved.\r\r\n[   30.456480] cloud-init[931]: For info, please visit https://www.isc.org/software/dhcp/\r\r\n[   30.458626] cloud-init[931]: Listening on LPF/eth0/00:0d:3a:91:44:77\r\r\n[   30.466258] cloud-init[931]: Sending on   LPF/eth0/00:0d:3a:91:44:77\r\r\n[   30.466633] cloud-init[931]: Sending on   Socket/fallback\r\r\n[   30.556143] cloud-init[931]: DHCPRELEASE on eth0 to 168.63.129.16 port 67 (xid=0x1256cdd6)\r\r\n[   30.622449] cloud-init[931]: + ifup eth0\r\r\n[   30.649986] cloud-init[931]: Internet Systems Consortium DHCP Client 4.3.1\r\r\n[   30.654281] cloud-init[931]: Copyright 2004-2014 Internet Systems Consortium.\r\r\n[   30.654670] cloud-init[931]: All rights reserved.\r\r\n[   30.655029] cloud-init[931]: For info, please visit https://www.isc.org/software/dhcp/\r\r\n[   30.678389] cloud-init[931]: Listening on LPF/eth0/00:0d:3a:91:44:77\r\r\n[   30.678790] cloud-init[931]: Sending on   LPF/eth0/00:0d:3a:91:44:77\r\r\n[   30.679193] cloud-init[931]: Sending on   Socket/fallback\r\r\n[   30.679584] cloud-init[931]: DHCPDISCOVER on eth0 to 255.255.255.255 port 67 interval 3 (xid=0x1965ae05)\r\r\n[   30.812400] cloud-init[931]: DHCPREQUEST of 10.0.0.4 on eth0 to 255.255.255.255 port 67 (xid=0x5ae6519)\r\r\n[   30.812796] cloud-init[931]: DHCPOFFER of 10.0.0.4 from 168.63.129.16\r\r\n[   30.843340] cloud-init[931]: DHCPACK of 10.0.0.4 from 168.63.129.16\r\r\n[   30.912066] cloud-init[931]: bound to 10.0.0.4 -- renewal in 4294967295 seconds.\r\r\n[   30.936759] cloud-init[931]: + exit 0\r\r\n[\u001b[32m  OK  \u001b[0m] Started Azure Linux Agent.\r\r\nwalinuxagent.service\r\r\n2016/02/10 06:47:53.607944 INFO Azure Linux Agent Version:2.1.2\r\r\n2016/02/10 06:47:53.620170 INFO OS: ubuntu 15.10\r\r\n2016/02/10 06:47:53.620304 INFO Python: 3.4.3\r\r\n2016/02/10 06:47:53.620469 INFO Send dhcp request\r\r\n2016/02/10 06:47:53.743170 INFO Wire server endpoint:168.63.129.16\r\r\n2016/02/10 06:47:53.750330 INFO Gateway:10.0.0.1\r\r\n2016/02/10 06:47:53.750483 INFO Routes:None\r\r\n2016/02/10 06:47:53.750677 INFO Configure routes\r\r\n2016/02/10 06:47:53.752368 INFO Detect default protocol.\r\r\n2016/02/10 06:47:53.903987 INFO Fabric preferred wire protocol version:2015-04-05\r\r\n2016/02/10 06:47:53.914812 INFO Wire protocol version:2012-11-30\r\r\n2016/02/10 06:47:53.914946 WARNING Server prefered version:2015-04-05\r\r\n2016/02/10 06:47:53.915110 INFO Last request issued less than 1 second ago\r\r\n2016/02/10 06:47:53.915214 INFO Sleep 1 second to avoid throttling.\r\r\n2016/02/10 06:47:54.921986 INFO Sleep 1 second to avoid throttling.\r\r\n2016/02/10 06:47:55.933849 INFO Last request issued less than 1 second ago\r\r\n2016/02/10 06:47:55.943272 INFO Sleep 1 second to avoid throttling.\r\r\n2016/02/10 06:47:56.990311 INFO Sleep 1 second to avoid throttling.\r\r\n[   35.420100] blk_update_request: I/O error, dev fd0, sector 0\r\n[   35.472122] blk_update_request: I/O error, dev fd0, sector 0\r\ntmp-tmp6iy6gven.mount\r\r\n2016/02/10 06:47:58.002248 INFO Protocol V1 found.\r\r\n2016/02/10 06:47:58.007910 INFO Protocol V2 found.\r\r\n2016/02/10 06:47:58.008749 INFO run Ubuntu provision handler\r\r\n2016/02/10 06:47:58.008928 INFO Waiting cloud-init to finish provisioning.\r\r\n2016/02/10 06:47:58.009360 INFO Wait for ssh host key to be generated.\r\r\n2016/02/10 06:47:58.010664 INFO Wait for ssh host key be generated: /etc/ssh/ssh_host_rsa_key\r\r\n2016/02/10 06:47:58.034074 INFO Event: name=WALA, op=HeartBeat, message=\r\r\n[   39.943461] cloud-init[931]: Cloud-init v. 0.7.7 running 'init' at Wed, 10 Feb 2016 06:47:50 +0000. Up 28.54 seconds.\r\r\n[   39.947386] cloud-init[931]: ci-info: ++++++++++++++++++++++++++++++++++++++Net device info+++++++++++++++++++++++++++++++++++++++\r\r\n[   39.947558] cloud-init[931]: ci-info: +--------+------+------------------------------+---------------+-------+-------------------+\r\r\n[   39.952327] cloud-init[931]: ci-info: | Device |  Up  |           Address            |      Mask     | Scope |     Hw-Address    |\r\r\n[   39.952494] cloud-init[931]: ci-info: +--------+------+------------------------------+---------------+-------+-------------------+\r\r\n[   39.952656] cloud-init[931]: ci-info: | lxcbr0 | True |           10.0.1.1           | 255.255.255.0 |   .   | 8a:0c:4f:28:fd:36 |\r\r\n[   39.952807] cloud-init[931]: ci-info: | lxcbr0 | True | fe80::880c:4fff:fe28:fd36/64 |       .       |  link | 8a:0c:4f:28:fd:36 |\r\r\n[   39.952966] cloud-init[931]: ci-info: |   lo   | True |          127.0.0.1           |   255.0.0.0   |   .   |         .         |\r\r\n[   39.953111] cloud-init[931]: ci-info: |   lo   | True |           ::1/128            |       .       |  host |         .         |\r\r\n[   39.953275] cloud-init[931]: ci-info: |  eth0  | True |           10.0.0.4           | 255.255.255.0 |   .   | 00:0d:3a:91:44:77 |\r\r\n[   39.953424] cloud-init[931]: ci-info: |  eth0  | True | fe80::20d:3aff:fe91:4477/64  |       .       |  link | 00:0d:3a:91:44:77 |\r\r\n[   39.953576] cloud-init[931]: ci-info: +--------+------+------------------------------+---------------+-------+-------------------+\r\r\n[   39.953728] cloud-init[931]: ci-info: +++++++++++++++++++++++++++++Route IPv4 info++++++++++++++++++++++++++++++\r\r\n[   39.953868] cloud-init[931]: ci-info: +-------+---------------+----------+-----------------+-----------+-------+\r\r\n[   39.954009] cloud-init[931]: ci-info: | Route |  Destination  | Gateway  |     Genmask     | Interface | Flags |\r\r\n[   39.954148] cloud-init[931]: ci-info: +-------+---------------+----------+-----------------+-----------+-------+\r\r\n[   39.954289] cloud-init[931]: ci-info: |   0   |    0.0.0.0    | 10.0.0.1 |     0.0.0.0     |    eth0   |   UG  |\r\r\n[   39.954443] cloud-init[931]: ci-info: |   1   |    10.0.0.0   | 0.0.0.0  |  255.255.255.0  |    eth0   |   U   |\r\r\n[   39.954587] cloud-init[931]: ci-info: |   2   |    10.0.1.0   | 0.0.0.0  |  255.255.255.0  |   lxcbr0  |   U   |\r\r\n[   39.954738] cloud-init[931]: ci-info: |   3   | 168.63.129.16 | 10.0.0.1 | 255.255.255.255 |    eth0   |  UGH  |\r\r\n[   39.954879] cloud-init[931]: ci-info: +-------+---------------+----------+-----------------+-----------+-------+\r\r\n[   39.956073] cloud-init[931]: Generating public/private rsa key pair.\r\r\n[   39.956236] cloud-init[931]: Your identification has been saved in /etc/ssh/ssh_host_rsa_key.\r\r\n[   39.956386] cloud-init[931]: Your public key has been saved in /etc/ssh/ssh_host_rsa_key.pub.\r\r\n[   39.956536] cloud-init[931]: The key fingerprint is:\r\r\n[   39.987334] cloud-init[931]: SHA256:qkfLM28sp56LSCh4dbq7dXZ5zo9KSqhIR4bBPQzYkXQ root@xplatvm\r\r\n[   39.987576] cloud-init[931]: The key's randomart image is:\r\r\n[   39.987769] cloud-init[931]: +---[RSA 2048]----+\r\r\n[   39.987958] cloud-init[931]: | ++oE            |\r\r\n[   39.988114] cloud-init[931]: |..o=             |\r\r\n[   39.988315] cloud-init[931]: |  o +            |\r\r\n[   39.988457] cloud-init[931]: |   o .           |\r\r\n[   39.988624] cloud-init[931]: |  . + . S        |\r\r\n[   39.988768] cloud-init[931]: |.. + o.o   .     |\r\r\n[   39.988944] cloud-init[931]: |+ + oo+o+ + .    |\r\r\n[   39.989087] cloud-init[931]: |.+ + *B=++ + .   |\r\r\n[   39.989254] cloud-init[931]: |  o B==Xo ..+..  |\r\r\n[   39.989381] cloud-init[931]: +----[SHA256]-----+\r\r\n[   39.989520] cloud-init[931]: Generating public/private dsa key pair.\r\r\n[   39.989656] cloud-init[931]: Your identification has been saved in /etc/ssh/ssh_host_dsa_key.\r\r\n[   39.989803] cloud-init[931]: Your public key has been saved in /etc/ssh/ssh_host_dsa_key.pub.\r\r\n[   39.989963] cloud-init[931]: The key fingerprint is:\r\r\n[   39.990106] cloud-init[931]: SHA256:hx7wHv/U29iZEshtlbE6l4o4yoKaCJd0gENcNXlI+hE root@xplatvm\r\r\n[   39.990284] cloud-init[931]: The key's randomart image is:\r\r\n[   39.991015] cloud-init[931]: +---[DSA 1024]----+\r\r\n[   39.991160] cloud-init[931]: |....oEo          |\r\r\n[   39.991303] cloud-init[931]: |.o  .oo.       . |\r\r\n[   40.009100] cloud-init[931]: |o .. .o         +|\r\r\n[   40.009311] cloud-init[931]: | . .. .o .     + |\r\r\n[   40.009480] cloud-init[931]: |  . ..  S o o o .|\r\r\n[   40.009616] cloud-init[931]: | . o   o = o B o |\r\r\n[   40.009749] cloud-init[931]: |. o .   o o + *  |\r\r\n[   40.009909] cloud-init[931]: |o... ..  o + o =o|\r\r\n[   40.010053] cloud-init[931]: |.o.   .o. . . +oo|\r\r\n[   40.010205] cloud-init[931]: +----[SHA256]-----+\r\r\n[   40.010354] cloud-init[931]: Generating public/private ecdsa key pair.\r\r\n[   40.010486] cloud-init[931]: Your identification has been saved in /etc/ssh/ssh_host_ecdsa_key.\r\r\n[   40.010617] cloud-init[931]: Your public key has been saved in /etc/ssh/ssh_host_ecdsa_key.pub.\r\r\n[   40.010761] cloud-init[931]: The key fingerprint is:\r\r\n[   40.010910] cloud-init[931]: SHA256:aX7AsVQDEZWU5GuGe3VQPDMF+m2591DeEwp8KyNzWo0 root@xplatvm\r\r\n[   40.011053] cloud-init[931]: The key's randomart image is:\r\r\n[   40.011207] cloud-init[931]: +---[ECDSA 256]---+\r\r\n[   40.011359] cloud-init[931]: |        +B*o .oo.|\r\r\n[   40.011523] cloud-init[931]: |         oo. o=  |\r\r\n[   40.011665] cloud-init[931]: |        o . o  + |\r\r\n[   40.011837] cloud-init[931]: |       o =.. o ..|\r\r\n[   40.011990] cloud-init[931]: |        S +o..oo+|\r\r\n[   40.012153] cloud-init[931]: |       o = .=.o++|\r\r\n[   40.012295] loud-init[931]: |        oooE +.o+|\r\r\n[   40.012437] cloud-init[931]: |         o* o  .+|\r\r\n[   40.012581] cloud-init[931]: |         .      .|\r\r\n[   40.012723] cloud-init[931]: +----[SHA256]-----+\r\r\n[   40.012866] cloud-init[931]: Generating public/private ed25519 key pair.\r\r\n[   40.013010] cloud-init[931]: Your identification has been saved in /etc/ssh/ssh_host_ed25519_key.\r\r\n[   40.013155] cloud-init[931]: Your public key has been saved in /etc/ssh/ssh_host_ed25519_key.pub.\r\r\n[   40.013299] cloud-init[931]: The key fingerprint is:\r\r\n[   40.013442] cloud-init[931]: SHA256:0q04TYKHY+DGNNSjv10xr+3TM4BRYI1ulo9FBDtD2Es root@xplatvm\r\r\n[   40.013586] cloud-init[931]: The key's randomart image is:\r\r\n[   40.013728] cloud-init[931]: +--[ED25519 256]--+\r\r\n[   40.013873] cloud-init[931]: |  ..   o=*.      |\r\r\n[   40.014039] cloud-init[931]: | .  o .oE.+      |\r\r\n[   40.014206] cloud-init[931]: |  +. . o+=       |\r\r\n[   40.014349] cloud-init[931]: | +.o o .X+.      |\r\r\n[   40.014490] cloud-init[931]: |  +.= +oSX.      |\r\r\n[   40.014632] cloud-init[931]: | . ..o *+.+      |\r\r\n[   40.056373] cloud-init[931]: |     oo.oo o     |\r\r\n[   40.056571] cloud-init[931]: |    . ... o +    |\r\r\n[   40.056731] cloud-init[931]: |         ... o   |\r\r\n[   40.056911] cloud-init[931]: +----[SHA256]-----+\r\r\n[\u001b[32m  OK  \u001b[0m] Started Initial cloud-init job (metadata service crawler).\r\r\n[\u001b[32m  OK  \u001b[0m] Reached target Cloud-config availability.\r\r\n         Starting Apply the settings specified in cloud-config...\r\r\n         Starting Permit User Sessions...\r\r\n[\u001b[32m  OK  \u001b[0m] Started OpenBSD Secure Shell server.\r\r\n[\u001b[32m  OK  \u001b[0m] Started Permit User Sessions.\r\r\n         Starting Terminate Plymouth Boot Screen...\r\r\n         Starting Wait for Plymouth Boot Screen to Quit...\r\r\n2016/02/10 06:48:03.035895 INFO Finished provisioning\r\r\ncloud-init.service\r\r\nssh.service\r\r\nsystemd-user-sessions.service\r\r\n2016/02/10 06:48:03.626725 INFO Last request issued less than 1 second ago\r\n2016/02/10 06:48:03.639938 INFO Sleep 1 second to avoid throttling.\r\n2016/02/10 06:48:04.651372 INFO Sleep 1 second to avoid throttling.\r\n2016/02/10 06:48:05.667420 INFO Start env monitor service.\r\n2016/02/10 06:48:05.686410 INFO Set block dev timeout: sda with timeout: 300\r\n2016/02/10 06:48:05.712316 INFO Set block dev timeout: sdb with timeout: 300\r\n\u0000\u0000\u0000\u0000\u0000\u0000\u0000\u0000\u0000\u0000\u0000\u0000\u0000\u0000\u0000\u0000\u0000\u0000\u0000\u0000\u0000\u0000\u0000\u0000\u0000\u0000\u0000\u0000\u0000\u0000\u0000\u0000\u0000\u0000\u0000\u0000\u0000\u0000\u0000\u0000\u0000\u0000\u0000\u0000\u0000\u0000\u0000\u0000\u0000\u0000\u0000\u0000\u0000\u0000\u0000\u0000\u0000\u0000\u0000\u0000\u0000\u0000\u0000\u0000\u0000\u0000\u0000\u0000\u0000\u0000\u0000\u0000\u0000\u0000\u0000\u0000\u0000\u0000\u0000\u0000\u0000\u0000\u0000\u0000\u0000\u0000\u0000\u0000\u0000\u0000\u0000\u0000\u0000\u0000\u0000\u0000\u0000\u0000\u0000\u0000\u0000\u0000\u0000\u0000\u0000\u0000\u0000\u0000\u0000\u0000\u0000\u0000\u0000\u0000\u0000\u0000\u0000\u0000\u0000\u0000\u0000\u0000\u0000\u0000\u0000\u0000\u0000\u0000\u0000\u0000\u0000\u0000\u0000\u0000\u0000\u0000\u0000\u0000\u0000\u0000\u0000\u0000\u0000\u0000\u0000\u0000\u0000\u0000\u0000\u0000\u0000\u0000\u0000\u0000\u0000\u0000\u0000\u0000\u0000\u0000\u0000\u0000\u0000\u0000\u0000\u0000\u0000\u0000\u0000\u0000\u0000\u0000\u0000\u0000\u0000\u0000\u0000\u0000\u0000\u0000\u0000\u0000\u0000\u0000\u0000\u0000\u0000\u0000\u0000\u0000\u0000\u0000\u0000\u0000\u0000\u0000\u0000\u0000\u0000\u0000\u0000\u0000\u0000\u0000\u0000\u0000\u0000\u0000\u0000\u0000\u0000\u0000\u0000\u0000\u0000\u0000\u0000\u0000\u0000\u0000\u0000\u0000\u0000\u0000\u0000\u0000\u0000\u0000\u0000\u0000\u0000\u0000\u0000\u0000\u0000\u0000\u0000\u0000\u0000\u0000\u0000\u0000\u0000\u0000\u0000\u0000\u0000\u0000\u0000\u0000\u0000\u0000\u0000\u0000\u0000\u0000\u0000\u0000\u0000\u0000\u0000\u0000\u0000\u0000\u0000\u0000\u0000\u0000\u0000\u0000\u0000\u0000\u0000\u0000\u0000\u0000\u0000\u0000\u0000\u0000\u0000\u0000\u0000\u0000\u0000\u0000\u0000\u0000\u0000\u0000\u0000\u0000\u0000\u0000\u0000\u0000\u0000\u0000\u0000\u0000\u0000\u0000\u0000\u0000\u0000\u0000\u0000\u0000\u0000\u0000\u0000\u0000\u0000\u0000\u0000\u0000\u0000\u0000\u0000\u0000\u0000\u0000\u0000\u0000\u0000\u0000\u0000\u0000\u0000\u0000\u0000\u0000\u0000\u0000\u0000\u0000\u0000\u0000\u0000\u0000\u0000\u0000\u0000\u0000\u0000\u0000\u0000\u0000\u0000\u0000\u0000\u0000\u0000\u0000\u0000\u0000\u0000\u0000\u0000\u0000\u0000\u0000\u0000\u0000\u0000\u0000\u0000\u0000\u0000\u0000\u0000\u0000\u0000\u0000\u0000\u0000\u0000\u0000\u0000\u0000\u0000\u0000\u0000\u0000\u0000\u0000\u0000\u0000\u0000\u0000\u0000\u0000\u0000\u0000\u0000\u0000\u0000\u0000\u0000\u0000\u0000\u0000\u0000\u0000\u0000\u0000\u0000\u0000\u0000\u0000\u0000\u0000\u0000\u0000\u0000\u0000\u0000\u0000\u0000\u0000\u0000\u0000\u0000\u0000\u0000\u0000\u0000\u0000\u0000\u0000\u0000\u0000\u0000\u0000\u0000\u0000\u0000\u0000\u0000\u0000\u0000[   46.435959] cloud-init[1208]: Generating locales...\r\n[   46.532732] cloud-init[1208]: en_US.UTF-8... up-to-date\r\n[   46.557608] cloud-init[1208]: Generation complete.\r\n\r\r\nUbuntu 15.10 xplatvm ttyS0\r\n\r\nxplatvm login:
[   50.986028] cloud-init[1208]: Cloud-init v. 0.7.7 running 'modules:config' at Wed, 10 Feb 2016 06:48:02 +0000. Up 41.09 seconds.\r\nci-info: ++Authorized keys from /home/azureuser/.ssh/authorized_keys for user azureuser+++\r\nci-info: +---------+-------------------------------------------------+---------+---------+\r\nci-info: | Keytype |                Fingerprint (md5)                  Options | Comment |\r\nci-info: +---------+-------------------------------------------------+---------+---------+\r\nci-info: | ssh-rsa | 8f:df:8f:18:ba:cd:cc:63:7c:1f:ea:ae:ba:09:40:65 |    -    |    -    |\r\nci-info: +---------+-------------------------------------------------+---------+---------+\r\n<14>Feb 10 06:48:13 ec2: \r\n<14>Feb 10 06:48:13 ec2: #############################################################\r\n<14>Feb 10 06:48:13 ec2: -----BEGIN SSH HOST KEY FINGERPRINTS-----\r\n<14>Feb 10 06:48:13 ec2: 1024 SHA256:hx7wHv/U29iZEshtlbE6l4o4yoKaCJd0gENcNXlI+hE root@xplatvm (DSA)\r\n<14>Feb 10 06:48:13 ec2: 256 SHA256:aX7AsVQDEZWU5GuGe3VQPDMF+m2591DeEwp8KyNzWo0 root@xplatvm (ECDSA)\r\n<14>Feb 10 06:48:13 ec2: 256 SHA256:0q04TYKHY+DGNNSjv10xr+3TM4BRYI1ulo9FBDtD2Es root@xplatvm (ED25519)\r\n<14>Feb 10 06:48:13 ec2: 2048 SHA256:qkfLM28sp56LSCh4dbq7dXZ5zo9KSqhIR4bBPQzYkXQ root@xplatvm (RSA)\r\n<14>Feb 10 06:48:13 ec2: -----END SSH HOST KEY FINGERPRINTS-----\r\n<14>Feb 10 06:48:13 ec2: #############################################################\r\n-----BEGIN SSH HOST KEY KEYS-----\r\necdsa-sha2-nistp256 AAAAE2VjZHNhLXNoYTItbmlzdHAyNTYAAAAIbmlzdHAyNTYAAABBBFk1r729xDe8HQB2uHvfujcvsySGfZJ9308jLM+FO60o9ZiF4AKkQB7TxkyhoEcVuFe/y/vNVa+vU3ff47c2lYA= root@xplatvm\r\nssh-ed25519 AAAAC3NzaC1lZDI1NTE5AAAAICz5JTNmkN6G9x6/2fdMNTc1+1vMYrM4WblE9VBxtEhH root@xplatvm\r\nssh-rsa AAAAB3NzaC1yc2EAAAADAQABAAABAQDe/43yYv3RF6k9m/9mfwZzTAkBAQf3xxWUzOLPOnZeHJimLd1pTTvuCY5jTOfgbWqZA5lw+Ak9eO4SV5woeUfH6gkhAeays2vncVTf7j3+kXbTt5OZ3OqTjczif+2ds75XeAXdGLNy+TCV2kwiIivZ8dDnv1MMaVAG5HJP4a6cTGJj5jSl+MYiCjYxtB3ZfvRNwQrc3B2KyGsbJ6O0QiWXgH6l/SAlA1mBKIJY5mmhj9cDj622o34X5noHW/qW+3aO/yuJP3/Z9tXjuac4v+TMuaUEbu8td9GAQmXJ+nRwMNS7amorHnmdYyREcFp0Ips3Y6iSKgRuobsVLjUrUsfR root@xplatvm\r\n-----END SSH HOST KEY KEYS-----\r\n[   52.103360] cloud-init[1321]: Cloud-init v. 0.7.7 running 'modules:final' at Wed, 10 Feb 2016 06:48:13 +0000. Up 51.60 seconds.\r\n[   52.128937] cloud-init[1321]: Cloud-init v. 0.7.7 finished at Wed, 10 Feb 2016 06:48:13 +0000. Datasource DataSourceAzureNet [seed=/dev/sr0].  Up 52.07 seconds\r\n2016/02/10 06:48:56.016409 INFO Sleep 1 second to avoid throttling.\r\n\u0000\u0000\u0000\u0000\u0000\u0000\u0000\u0000\u0000\u0000\u0000\u0000\u0000\u0000\u0000\u0000\u0000\u0000\u0000\u0000\u0000\u0000\u0000\u0000\u0000\u0000\u0000\u0000\u0000\u0000\u0000\u0000\u0000\u0000\u0000\u0000\u0000\u0000\u0000\u0000\u0000\u0000\u0000\u0000\u0000\u0000\u0000\u0000\u0000\u0000\u0000\u0000\u0000\u0000\u0000\u0000\u0000\u0000\u0000\u0000\u0000\u0000\u0000\u0000\u0000\u0000\u0000\u0000\u0000\u0000\u0000\u0000\u0000\u0000\u0000\u0000\u0000\u0000\u0000\u0000\u0000\u0000\u0000\u0000\u0000\u0000\u0000\u0000\u0000\u0000\u0000\u0000\u0000\u0000\u0000\u0000\u0000\u0000\u0000\u0000\u0000\u0000\u0000\u0000\u0000\u0000\u0000\u0000\u0000\u0000\u0000\u0000\u0000\u0000\u0000\u0000\u0000\u0000\u0000\u0000\u0000\u0000\u0000\u0000\u0000\u0000\u0000\u0000\u0000\u0000\u0000\u0000\u0000\u0000\u0000\u0000\u0000\u0000\u0000\u0000\u0000\u0000\u0000\u0000\u0000\u0000\u0000\u0000\u0000\u0000\u0000\u0000\u0000\u0000\u0000\u0000\u0000\u0000\u0000\u0000\u0000\u0000\u0000\u0000\u0000\u0000\u0000\u0000\u0000\u0000\u0000\u0000\u0000\u0000\u0000\u0000\u0000\u0000\u0000\u0000\u0000\u0000\u0000\u0000\u0000\u0000\u0000\u0000\u0000\u0000\u0000\u0000\u0000\u0000\u0000\u0000\u0000\u0000\u0000\u0000\u0000\u0000\u0000\u0000\u0000\u0000\u0000\u0000\u0000\u0000\u0000\u0000\u0000\u0000\u0000\u0000\u0000\u0000\u0000\u0000\u0000\u0000\u0000\u0000\u0000\u0000\u0000\u0000\u0000\u0000\u0000\u0000\u0000\u0000\u0000\u0000\u0000\u0000\u0000\u0000\u0000\u0000\u0000\u0000\u0000\u0000\u0000\u0000\u0000\u0000\u0000\u0000\u0000\u0000\u0000\u0000\u0000\u0000\u0000\u0000\u0000\u0000\u0000\u0000\u0000\u0000\u0000\u0000\u0000\u0000\u0000\u0000\u0000\u0000\u0000\u0000\u0000\u0000\u0000\u0000\u0000\u0000\u0000\u0000\u0000\u0000\u0000\u0000\u0000\u0000\u0000\u0000\u0000\u0000\u0000\u0000\u0000\u0000\u0000\u0000\u0000\u0000\u0000\u0000\u0000\u0000\u0000\u0000\u0000\u0000\u0000\u0000\u0000\u0000\u0000\u0000\u0000\u0000\u0000\u0000\u0000\u0000\u0000\u0000\u0000201//02/10 06:49:21.991187 INFO Last request issued less than 1 second ago\r\n2016/02/10 06:49:21.995738 INFO Sleep 1 second to avoid throttling.\r\n2016/02/10 06:49:23.007980 INFO Sleep 1 second to avoid throttling.\r\n2016/02/10 06:49:24.074393 INFO Last request issued less than 1 second ago\r\n2016/02/10 06:49:24.079448 INFO Sleep 1 second to avoid throttling.\r\n2016/02/10 06:49:50.029728 INFO Sleep 1 second to avoid throttling.\r\n\u0000\u0000\u0000\u0000\u0000\u0000\u0000\u0000\u0000\u0000\u0000\u0000\u0000\u0000\u0000\u0000\u0000\u0000\u0000\u0000\u0000\u0000\u0000\u0000\u0000\u0000\u0000\u0000\u0000\u0000\u0000\u0000\u0000\u0000\u0000\u0000\u0000\u0000\u0000\u0000\u0000\u0000\u0000\u0000\u0000\u0000\u0000\u0000\u0000\u0000\u0000\u0000\u0000\u0000\u0000\u0000\u0000\u0000\u0000\u0000\u0000\u0000\u0000\u0000\u0000\u0000\u0000\u0000\u0000\u0000\u0000\u0000\u0000\u0000\u0000\u0000\u0000\u0000\u0000\u0000\u0000\u0000\u0000\u00002016/02/10 06:51:05.809995 INFO Sleep 1 second to avoid throttling.\r\n\u0000\u0000\u0000\u0000\u0000\u0000\u0000\u0000\u0000\u0000\u0000\u0000\u0000\u0000\u0000\u0000\u0000\u0000\u0000\u0000\u0000\u0000\u0000\u0000\u0000\u0000\u0000\u0000\u0000\u0000\u0000\u0000\u0000\u0000\u0000\u0000\u0000\u0000\u0000\u0000\u0000\u0000\u0000\u0000\u0000\u0000\u0000\u0000\u0000\u0000\u0000\u0000\u0000\u0000\u0000\u0000\u0000\u0000\u0000\u0000\u0000\u0000\u0000\u0000\u0000\u0000\u0000\u0000\u0000\u0000\u0000\u0000\u0000\u0000\u0000\u0000\u0000\u0000\u0000\u0000\u0000\u0000\u0000\u0000\u0000\u0000\u0000\u0000\u0000\u0000\u0000\u0000\u0000\u0000\u0000\u0000\u0000\u0000\u0000\u0000\u0000\u0000\u0000\u0000\u0000\u0000\u0000\u0000\u0000\u0000\u0000\u0000\u0000\u0000\u0000\u0000\u0000\u0000\u0000\u0000\u0000\u0000\u0000\u0000\u0000\u0000\u0000\u0000\u0000\u0000\u0000\u0000\u0000\u0000\u0000\u0000\u0000\u0000\u0000\u0000\u0000\u0000\u0000\u0000\u0000\u0000\u0000\u0000\u0000\u0000\u0000\u0000\u0000\u0000\u0000\u0000\u0000\u0000\u0000\u0000\u0000\u0000\u0000\u0000\u0000\u0000\u0000\u0000\u0000\u0000\u0000\u0000\u0000\u0000\u0000\u0000\u0000\u0000\u0000\u0000\u0000\u0000\u0000\u0000\u0000\u0000\u0000\u0000\u0000\u0000\u0000\u0000\u0000\u0000\u0000\u0000\u0000\u0000\u0000\u0000\u0000\u0000\u0000\u0000\u0000\u0000\u0000\u0000\u0000\u0000\u0000\u0000\u0000\u0000\u0000\u0000\u0000\u0000\u0000\u0000\u0000\u0000\u0000\u0000\u0000\u0000\u0000\u0000\u0000\u0000\u0000\u0000\u0000\u0000\u0000\u0000\u0000\u0000\u0000\u0000\u0000\u0000\u0000\u0000\u0000\u0000\u0000\u0000\u0000\u0000\u0000\u0000\u0000\u0000\u0000\u0000\u0000\u0000\u0000\u0000\u0000\u0000\u0000\u0000\u0000\u0000\u0000\u0000\u0000\u0000\u0000\u0000\u0000\u0000\u0000\u0000\u0000\u0000\u0000\u0000\u0000\u0000\u0000\u0000\u0000\u0000\u0000\u0000\u0000\u0000\u0000\u0000\u0000\u0000\u0000\u0000\u0000\u0000\u0000\u0000\u0000\u0000\u0000\u0000\u0000\u0000\u0000\u0000\u0000\u0000\u0000\u0000\u0000\u0000\u0000\u0000\u0000\u0000\u0000\u0000\u0000\u0000\u0000\u0000\u0000\u0000\u0000\u0000\u0000\u0000\u0000\u0000\u0000\u0000\u0000\u0000\u0000\u0000\u0000\u0000\u0000\u0000\u0000\u0000\u0000\u0000\u0000\u0000\u0000\u0000\u0000\u0000\u0000\u0000\u0000\u0000\u0000\u0000\u0000\u0000\u0000\u0000\u0000\u0000\u0000\u0000\u0000\u0000\u0000\u0000\u0000\u0000\u0000\u0000\u0000\u0000\u0000\u0000\u0000\u0000\u0000\u0000\u0000\u0000\u0000\u0000\u0000\u0000\u0000\u0000\u0000\u0000\u0000\u0000\u0000\u0000\u0000\u0000\u0000\u0000\u0000\u0000\u0000\u0000\u0000\u0000\u0000\u0000\u0000\u0000\u0000\u0000\u0000\u0000\u0000\u0000\u0000\u0000\u0000\u0000\u0000\u0000\u0000\u0000\u0000\u0000\u0000\u0000\u0000\u0000\u0000\u0000\u0000\u0000\u0000\u0000\u0000\u0000\u0000\u0000\u0000\u0000\u00002016/02/10 06:52:21.882626 INFO Sleep 1 second to avoid throttling.\r\n\u0000\u0000\u0000\u0000\u0000\u0000\u0000\u0000\u0000\u0000\u0000\u0000\u0000\u0000\u0000\u0000\u0000\u0000\u0000\u0000\u0000\u0000\u0000\u0000\u0000\u0000\u0000\u0000\u0000\u0000\u0000\u0000\u0000\u0000\u0000\u0000\u0000\u0000\u0000\u0000\u0000\u0000\u0000\u0000\u0000\u0000\u0000\u0000\u0000\u0000\u0000\u0000\u0000\u0000\u0000\u0000\u0000\u0000\u0000\u0000\u0000\u0000\u0000\u0000\u0000\u0000\u0000\u0000\u0000\u0000\u0000\u0000\u0000\u0000\u0000\u0000\u0000\u0000\u0000\u0000\u0000\u0000\u0000\u0000\u0000\u0000\u0000\u0000\u0000\u0000\u0000\u0000\u0000\u0000\u0000\u0000\u0000\u0000\u0000\u0000\u0000\u0000\u0000\u0000\u0000\u0000\u0000\u0000\u0000\u0000\u0000\u0000\u0000\u0000\u0000\u0000\u0000\u0000\u0000\u0000\u0000\u0000\u0000\u0000\u0000\u0000\u0000\u0000\u0000\u0000\u0000\u0000\u0000\u0000\u0000\u0000\u0000\u0000\u0000\u0000\u0000\u0000\u0000\u0000\u0000\u0000\u0000\u0000\u0000\u0000\u0000\u0000\u0000\u0000\u0000\u0000\u0000\u0000\u0000\u0000\u0000\u0000\u0000\u0000\u0000\u0000\u0000\u0000\u0000\u0000\u0000\u0000\u0000\u0000\u0000\u0000\u0000\u0000\u0000\u0000\u0000\u0000\u0000\u0000\u0000\u0000\u0000\u0000\u0000\u0000\u0000\u0000\u0000\u0000\u0000\u0000\u0000\u0000\u0000\u0000\u0000\u0000\u0000\u0000\u0000\u0000\u0000\u0000\u0000\u0000\u0000\u0000\u0000\u0000\u0000\u0000\u0000\u0000\u0000\u0000\u0000\u0000\u0000\u0000\u0000\u0000\u0000\u0000\u0000\u0000\u0000\u0000\u0000\u0000\u0000\u0000\u0000\u0000\u0000\u0000\u0000\u0000\u0000\u0000\u0000\u0000\u0000\u0000\u0000\u0000\u0000\u0000\u0000\u0000\u0000\u0000\u0000\u0000\u0000\u0000\u0000\u0000\u0000\u0000\u0000\u0000\u0000\u0000\u0000\u0000\u0000\u0000\u0000\u0000\u0000\u0000\u0000\u0000\u0000\u0000\u0000\u0000\u0000\u0000\u0000\u0000\u0000\u0000\u0000\u0000\u0000\u0000\u0000\u0000\u0000\u0000\u0000\u0000\u0000\u0000\u0000\u0000\u0000\u0000\u0000\u0000\u0000\u0000\u0000\u0000\u0000\u0000\u0000\u0000\u0000\u0000\u0000\u0000\u0000\u0000\u0000\u0000\u0000\u0000\u0000\u0000\u0000\u0000\u0000\u0000\u0000\u0000\u0000\u0000\u0000\u0000\u0000\u0000\u0000\u0000\u0000\u0000\u0000\u0000\u0000\u0000\u0000\u0000\u0000\u0000\u0000\u0000\u0000\u0000\u0000\u0000\u0000\u0000\u0000\u0000\u0000\u0000\u0000\u0000\u0000\u0000\u0000\u0000\u0000\u0000\u0000\u0000\u0000\u0000\u0000\u0000\u0000\u0000\u0000\u0000\u0000\u0000\u0000\u0000\u0000\u0000\u0000\u0000\u0000\u0000\u0000\u0000\u0000\u0000\u0000\u0000\u0000\u0000\u0000\u0000\u0000\u0000\u0000\u0000\u0000\u0000\u0000\u0000\u0000\u0000\u0000\u0000\u0000\u0000\u0000\u0000\u0000\u0000\u0000\u0000\u0000\u0000\u0000\u0000\u0000\u0000\u0000\u0000\u0000\u0000\u0000\u0000\u0000\u0000\u0000\u0000\u0000\u0000\u0000\u0000\u0000\u0000\u00002016/02/10 06:53:38.360019 INFO Sleep 1 second to avoid throttling.\r\n\u0000\u0000\u0000\u0000\u0000\u0000\u0000\u0000\u0000\u0000\u0000\u0000\u0000\u0000\u0000\u0000\u0000\u0000\u0000\u0000\u0000\u0000\u0000\u0000\u0000\u0000\u0000\u0000\u0000\u0000\u0000\u0000\u0000\u0000\u0000\u0000\u0000\u0000\u0000\u0000\u0000\u0000\u0000\u0000\u0000\u0000\u0000\u0000\u0000\u0000\u0000\u0000\u0000\u0000\u0000\u0000\u0000\u0000\u0000\u0000\u0000\u0000\u0000\u0000\u0000\u0000\u0000\u0000\u0000\u0000\u0000\u0000\u0000\u0000\u0000\u0000\u0000\u0000\u0000\u0000\u0000\u0000\u0000\u0000\u0000\u0000\u0000\u0000\u0000\u0000\u0000\u0000\u0000\u0000\u0000\u0000\u0000\u0000\u0000\u0000\u0000\u0000\u0000\u0000\u0000\u0000\u0000\u0000\u0000\u0000\u0000\u0000\u0000\u0000\u0000\u0000\u0000\u0000\u0000\u0000\u0000\u0000\u0000\u0000\u0000\u0000\u0000\u0000\u0000\u0000\u0000\u0000\u0000\u0000\u0000\u0000\u0000\u0000\u0000\u0000\u0000\u0000\u0000\u0000\u0000\u0000\u0000\u0000\u0000\u0000\u0000\u0000\u0000\u0000\u0000\u0000\u0000\u0000\u0000\u0000\u0000\u0000\u0000\u0000\u0000\u0000\u0000\u0000\u0000\u0000\u0000\u0000\u0000\u0000\u0000\u0000\u0000\u0000\u0000\u0000\u0000\u0000\u0000\u0000\u0000\u0000\u0000\u0000\u0000\u0000\u0000\u0000\u0000\u0000\u0000\u0000\u0000\u0000\u0000\u0000\u0000\u0000\u0000\u0000\u0000\u0000\u0000\u0000\u0000\u0000\u0000\u0000\u0000\u0000\u0000\u0000\u0000\u0000\u0000\u0000\u0000\u0000\u0000\u0000\u0000\u0000\u0000\u0000\u0000\u0000\u0000\u0000\u0000\u0000\u0000\u0000\u0000\u0000\u0000\u0000\u0000\u0000\u0000\u0000\u0000\u0000\u0000\u0000\u0000\u0000\u0000\u0000\u0000\u0000\u0000\u0000\u0000\u0000\u0000\u0000\u0000\u0000\u0000\u0000\u0000\u0000\u0000\u0000\u0000\u0000\u0000\u0000\u0000\u0000\u0000\u0000\u0000\u0000\u0000\u0000\u0000\u0000\u0000\u0000\u0000\u0000\u0000\u0000\u0000\u0000\u0000\u0000\u0000\u0000\u0000\u0000\u0000\u0000\u0000\u0000\u0000\u0000\u0000\u0000\u0000\u0000\u0000\u0000\u0000\u0000\u0000\u0000\u0000\u0000\u0000\u0000\u0000\u0000\u0000\u0000\u0000\u0000\u0000\u0000\u0000\u0000\u0000\u0000\u0000\u0000\u0000\u0000\u0000\u0000\u0000\u0000\u0000\u0000\u0000\u0000\u0000\u0000\u0000\u0000\u0000\u0000\u0000\u0000\u0000\u0000\u0000\u0000\u0000\u0000\u0000\u0000\u0000\u0000\u0000\u0000\u0000\u0000\u0000\u0000\u0000\u0000\u0000\u0000\u0000\u0000\u0000\u0000\u0000\u0000\u0000\u0000\u0000\u0000\u0000\u0000\u0000\u0000\u0000\u0000\u0000\u0000\u0000\u0000\u0000\u0000\u0000\u0000\u0000\u0000\u0000\u0000\u0000\u0000\u0000\u0000\u0000\u0000\u0000\u0000\u0000\u0000\u0000\u0000\u0000\u0000\u0000\u0000\u0000\u0000\u0000\u0000\u0000\u0000\u0000\u0000\u0000\u0000\u0000\u0000\u0000\u0000\u0000\u0000\u0000\u0000\u0000\u0000\u0000\u0000\u0000\u0000\u0000\u0000\u0000\u0000\u0000\u0000\u00002016/02/10 06:54:54.572163 INFO Sleep 1 second to avoid throttling.\r\n\u0000\u0000\u0000\u0000\u0000\u0000\u0000\u0000\u0000\u0000\u0000\u0000\u0000\u0000\u0000\u0000\u0000\u0000\u0000\u0000\u0000\u0000\u0000\u0000\u0000\u0000\u0000\u0000\u0000\u0000\u0000\u0000\u0000\u0000\u0000\u0000\u0000\u0000\u0000\u0000\u0000\u0000\u0000\u0000\u0000\u0000\u0000\u0000\u0000\u0000\u0000\u0000\u0000\u0000\u0000\u0000\u0000\u0000\u0000\u0000\u0000\u0000\u0000\u0000\u0000\u0000\u0000\u0000\u0000\u0000\u0000\u0000\u0000\u0000\u0000\u0000\u0000\u0000\u0000\u0000\u0000\u0000\u0000\u0000\u0000\u0000\u0000\u0000\u0000\u0000\u0000\u0000\u0000\u0000\u0000\u0000\u0000\u0000\u0000\u0000\u0000\u0000\u0000\u0000\u0000\u0000\u0000\u0000\u0000\u0000\u0000\u0000\u0000\u0000\u0000\u0000\u0000\u0000\u0000\u0000\u0000\u0000\u0000\u0000\u0000\u0000\u0000\u0000\u0000\u0000\u0000\u0000\u0000\u0000\u0000\u0000\u0000\u0000\u0000\u0000\u0000\u0000\u0000\u0000\u0000\u0000\u0000\u0000\u0000\u0000\u0000\u0000\u0000\u0000\u0000\u0000\u0000\u0000\u0000\u0000\u0000\u0000\u0000\u0000\u0000\u0000\u0000\u0000\u0000\u0000\u0000\u0000\u0000\u0000\u0000\u0000\u0000\u0000\u0000\u0000\u0000\u0000\u0000\u0000\u0000\u0000\u0000\u0000\u0000\u0000\u0000\u0000\u0000\u0000\u0000\u0000\u0000\u0000\u0000\u0000\u0000\u0000\u0000\u0000\u0000\u0000\u0000\u0000\u0000\u0000\u0000\u0000\u0000\u0000\u0000\u0000\u0000\u0000\u0000\u0000\u0000\u0000\u0000\u0000\u0000\u0000\u0000\u0000\u0000\u0000\u0000\u0000\u0000\u0000\u0000\u0000\u0000\u0000\u0000\u0000\u0000\u0000\u0000\u0000\u0000\u0000\u0000\u0000\u0000\u0000\u0000\u0000\u0000\u0000\u0000\u0000\u0000\u0000\u0000\u0000\u0000\u0000\u0000\u0000\u0000\u0000\u0000\u0000\u0000\u0000\u0000\u0000\u0000\u0000\u0000\u0000\u0000\u0000\u0000\u0000\u0000\u0000\u0000\u0000\u0000\u0000\u0000\u0000\u0000\u0000\u0000\u0000\u0000\u0000\u0000\u0000\u0000\u0000\u0000\u0000\u0000\u0000\u0000\u0000\u0000\u0000\u0000\u0000\u0000\u0000\u0000\u0000\u0000\u0000\u0000\u0000\u0000\u0000\u0000\u0000\u0000\u0000\u0000\u0000\u0000\u0000\u0000\u0000\u0000\u0000\u0000\u0000\u0000\u0000\u0000\u0000\u0000\u0000\u0000\u0000\u0000\u0000\u0000\u0000\u0000\u0000\u0000\u0000\u0000\u0000\u0000\u0000\u0000\u0000\u0000\u0000\u0000\u0000\u0000\u0000\u0000\u0000\u0000\u0000\u0000\u0000\u0000\u0000\u0000\u0000\u0000\u0000\u0000\u0000\u0000\u0000\u0000\u0000\u0000\u0000\u0000\u0000\u0000\u0000\u0000\u0000\u0000\u0000\u0000\u0000\u0000\u0000\u0000\u0000\u0000\u0000\u0000\u0000\u0000\u0000\u0000\u0000\u0000\u0000\u0000\u0000\u0000\u0000\u0000\u0000\u0000\u0000\u0000\u0000\u0000\u0000\u0000\u0000\u0000\u0000\u0000\u0000\u0000\u0000\u0000\u0000\u0000\u0000\u0000\u0000\u0000\u0000\u0000\u0000\u0000\u0000\u0000\u0000\u0000\u0000\u0000\u0000\u00002016/02/10 06:56:10.819283 INFO Sleep 1 second to avoid throttling.\r\n2016/02/10 06:56:36.924648 INFO Last request issued less than 1 second ago\r\n2016/02/10 06:56:36.938109 INFO Sleep 1 second to avoid throttling.\r\n2016/02/10 06:56:37.954985 INFO Sleep 1 second to avoid throttling.\r\n2016/02/10 06:56:39.018365 INFO Last request issued less than 1 second ago\r\n2016/02/10 06:56:30.026254 INFO eeep 1 second to avoid throttling.\r\n2016/02/10 06:57:05.106554 INFO Sleep 1 second to avoid throttling.\r\n\u0000\u0000\u0000\u0000\u0000\u0000\u0000\u0000\u0000\u0000\u0000\u0000\u0000\u0000\u0000\u00002016/02/10 06:58:21.599053 INFO Sleep 1 second to avoid throttling.\r\n2016/02/10 06:58:22.616502 INFO Last request issued less than 1 second ago\r\n2016/02/10 06:58:22.621589 INFO Sleep 1 second to avoid throttling.\r\n2016/02/10 06:58:23.631037 INFO Sleep 1 second to avoid throttling.\r\n\u0000\u0000\u0000\u0000\u0000\u0000\u0000\u0000\u0000\u0000\u0000\u0000\u0000\u0000\u0000\u0000\u0000\u0000\u0000\u0000\u0000\u0000\u0000\u0000\u0000\u0000\u0000\u0000\u0000\u0000\u0000\u0000\u0000\u0000\u0000\u0000\u0000\u0000\u0000\u0000\u0000\u0000\u0000\u0000\u0000\u0000\u0000\u0000\u0000\u0000\u0000