// This file has been autogenerated.

var profile = require('../../../lib/util/profile');

exports.getMockedProfile = function () {
  var newProfile = new profile.Profile();

  newProfile.addSubscription(new profile.Subscription({
    id: 'e33f361b-53c2-4cc7-b829-78906708387b',
    managementCertificate: {
      key: 'mockedKey',
      cert: 'mockedCert'
    },
    name: 'Microsoft Azure Internal Consumption',
    user: {
      name: 'user@domain.example',
      type: 'servicePrincipal'
    },
    tenantId: '72f988bf-86f1-41af-91ab-2d7cd011db47',
    state: 'Enabled',
    registeredProviders: [],
    isDefault: true
  }, newProfile.environments['AzureCloud']));

  return newProfile;
};

exports.setEnvironment = function() {
  process.env['AZURE_VM_TEST_LOCATION'] = 'eastus';
  process.env['SSHCERT'] = 'test/myCert.pem';
};

exports.scopes = [[function (nock) { 
var result = 
nock('http://management.azure.com:443')
  .get('/subscriptions/e33f361b-53c2-4cc7-b829-78906708387b/resourceGroups/xplatTestGVMCreate265/providers/Microsoft.Compute/virtualMachines/xplatvm?$expand=instanceView&api-version=2016-03-30')
  .reply(200, "{\r\n  \"properties\": {\r\n    \"vmId\": \"f5b8ae72-b109-4eac-a91e-9cf1c33076a7\",\r\n    \"availabilitySet\": {\r\n      \"id\": \"/subscriptions/e33f361b-53c2-4cc7-b829-78906708387b/resourceGroups/xplatTestGVMCreate265/providers/Microsoft.Compute/availabilitySets/XPLATTESTAAVAIL6816\"\r\n    },\r\n    \"hardwareProfile\": {\r\n      \"vmSize\": \"Standard_DS1\"\r\n    },\r\n    \"storageProfile\": {\r\n      \"imageReference\": {\r\n        \"publisher\": \"canonical\",\r\n        \"offer\": \"UbuntuServer\",\r\n        \"sku\": \"15.10\",\r\n        \"version\": \"latest\"\r\n      },\r\n      \"osDisk\": {\r\n        \"osType\": \"Linux\",\r\n        \"name\": \"cli0e43ec3582ce06fc-os-1461861928634\",\r\n        \"createOption\": \"FromImage\",\r\n        \"vhd\": {\r\n          \"uri\": \"https://xplatteststorage16265.blob.core.windows.net/xplatteststoragecnt16974/cli0e43ec3582ce06fc-os-1461861928634.vhd\"\r\n        },\r\n        \"caching\": \"ReadWrite\"\r\n      },\r\n      \"dataDisks\": []\r\n    },\r\n    \"osProfile\": {\r\n      \"computerName\": \"xplatvm\",\r\n      \"adminUsername\": \"azureuser\",\r\n      \"linuxConfiguration\": {\r\n        \"disablePasswordAuthentication\": false,\r\n        \"ssh\": {\r\n          \"publicKeys\": [\r\n            {\r\n              \"path\": \"/home/azureuser/.ssh/authorized_keys\",\r\n              \"keyData\": \"MIID/zCCAuegAwIBAgIJAMUAa+XVLvAeMA0GCSqGSIb3DQEBBQUAMIGVMQswCQYD\\r\\nVQQGEwJJbjESMBAGA1UECAwJS2FybmF0YWthMRIwEAYDVQQHDAlCYW5nYWxvcmUx\\r\\nEDAOBgNVBAoMB2JyaWxsaW8xEjAQBgNVBAsMCW1pY3Jvc29mdDEQMA4GA1UEAwwH\\r\\nYnJpbGxpbzEmMCQGCSqGSIb3DQEJARYXc3JlZWthbnRoYnNAeWFob28uY28uaW4w\\r\\nHhcNMTUwMzA1MTE1MzEyWhcNMTYwMzA0MTE1MzEyWjCBlTELMAkGA1UEBhMCSW4x\\r\\nEjAQBgNVBAgMCUthcm5hdGFrYTESMBAGA1UEBwwJQmFuZ2Fsb3JlMRAwDgYDVQQK\\r\\nDAdicmlsbGlvMRIwEAYDVQQLDAltaWNyb3NvZnQxEDAOBgNVBAMMB2JyaWxsaW8x\\r\\nJjAkBgkqhkiG9w0BCQEWF3NyZWVrYW50aGJzQHlhaG9vLmNvLmluMIIBIjANBgkq\\r\\nhkiG9w0BAQEFAAOCAQ8AMIIBCgKCAQEAyUNKaOuT0NK+S8Ck81zy9xJ6hXfZvAC6\\r\\nlhbmf/6s/WVimJ/TX5NMhQJwC9k6ZIF92KfYrojHNvHDufSZ3EtKUVwRFCDjmgMT\\r\\nDL09WkGaZt7gROYFK0iZ4KrYGovUwlwum9fHB24OJiOV4bi0ek62/rHx9fjYZpvp\\r\\naIH2PV/hN8SCZ0x7HJMberD4gVoU/Kv42nNvwjLUW6IZfVx/Gv5OeFDtWHfSvUEF\\r\\ndadHKTPn3Ab20Iu6gZIbLO9Vuf38/IpaYGfnFCouHdzmiTiLieYNe3CUPcOJNSv7\\r\\n1G8KYpx3uNJRkJPab5OsRyJw75Gvzkr9OgaPss9tVD6Gt68u3WQtVQIDAQABo1Aw\\r\\nTjAdBgNVHQ4EFgQUogvhXB+xZ2JJPfLO6cVs4ForzscwHwYDVR0jBBgwFoAUogvh\\r\\nXB+xZ2JJPfLO6cVs4ForzscwDAYDVR0TBAUwAwEB/zANBgkqhkiG9w0BAQUFAAOC\\r\\nAQEAdDj7qUNJ45xlF5cjd+4x5NHvAD1VTjOKu+Xh/uzSSjXqB2F0aOMWA9lx0qaQ\\r\\noJgHkGxj3zz/W7ik/cVGL2O+vRIOKv/y0OPogEmS3Hw+P+O6OGE7x1G6YN0zLVoL\\r\\nu4BN/BEYmjttxM9I7qqL7C5cJoE+K3s/w1/pt/68ohJcr7F9Ohi7cso62xuGY1Rm\\r\\nksAh2EUDsU9JV/P+C9AMpLSrb03JJYzVj4w1RHbrmw2AjFyGXdQYkggyXisg+Ifr\\r\\n5gbNN7HigpHf7b2i3CQBUqp9m23frh5AhnLI2qp3UXgc52U5ieLdi/t6j0TTZqqY\\r\\nHhHqofKrj938HHlBNpC5/LVh3w==\\r\\n\"\r\n            }\r\n          ]\r\n        }\r\n      },\r\n      \"secrets\": []\r\n    },\r\n    \"networkProfile\": {\"networkInterfaces\":[{\"id\":\"/subscriptions/e33f361b-53c2-4cc7-b829-78906708387b/resourceGroups/xplatTestGVMCreate265/providers/Microsoft.Network/networkInterfaces/xplattestnic\"}]},\r\n    \"diagnosticsProfile\": {\r\n      \"bootDiagnostics\": {\r\n        \"enabled\": true,\r\n        \"storageUri\": \"https://xplatteststorage16265.blob.core.windows.net/\"\r\n      }\r\n    },\r\n    \"provisioningState\": \"Succeeded\",\r\n    \"instanceView\": {\r\n      \"platformUpdateDomain\": 0,\r\n      \"platformFaultDomain\": 0,\r\n      \"vmAgent\": {\r\n        \"vmAgentVersion\": \"2.1.3\",\r\n        \"statuses\": [\r\n          {\r\n            \"code\": \"ProvisioningState/succeeded\",\r\n            \"level\": \"Info\",\r\n            \"displayStatus\": \"Ready\",\r\n            \"message\": \"Guest Agent is running\",\r\n            \"time\": \"2016-04-28T16:58:03+00:00\"\r\n          }\r\n        ],\r\n        \"extensionHandlers\": []\r\n      },\r\n      \"disks\": [\r\n        {\r\n          \"name\": \"cli0e43ec3582ce06fc-os-1461861928634\",\r\n          \"statuses\": [\r\n            {\r\n              \"code\": \"ProvisioningState/succeeded\",\r\n              \"level\": \"Info\",\r\n              \"displayStatus\": \"Provisioning succeeded\",\r\n              \"time\": \"2016-04-28T16:57:22.3134675+00:00\"\r\n            }\r\n          ]\r\n        }\r\n      ],\r\n      \"bootDiagnostics\": {\r\n        \"consoleScreenshotBlobUri\": \"https://xplatteststorage16265.blob.core.windows.net/bootdiagnostics-xplatvm-f5b8ae72-b109-4eac-a91e-9cf1c33076a7/xplatvm.f5b8ae72-b109-4eac-a91e-9cf1c33076a7.screenshot.bmp\",\r\n        \"serialConsoleLogBlobUri\": \"https://xplatteststorage16265.blob.core.windows.net/bootdiagnostics-xplatvm-f5b8ae72-b109-4eac-a91e-9cf1c33076a7/xplatvm.f5b8ae72-b109-4eac-a91e-9cf1c33076a7.serialconsole.log\"\r\n      },\r\n      \"statuses\": [\r\n        {\r\n          \"code\": \"ProvisioningState/succeeded\",\r\n          \"level\": \"Info\",\r\n          \"displayStatus\": \"Provisioning succeeded\",\r\n          \"time\": \"2016-04-28T16:57:55.4538803+00:00\"\r\n        },\r\n        {\r\n          \"code\": \"PowerState/running\",\r\n          \"level\": \"Info\",\r\n          \"displayStatus\": \"VM running\"\r\n        }\r\n      ]\r\n    }\r\n  },\r\n  \"id\": \"/subscriptions/e33f361b-53c2-4cc7-b829-78906708387b/resourceGroups/xplatTestGVMCreate265/providers/Microsoft.Compute/virtualMachines/xplatvm\",\r\n  \"name\": \"xplatvm\",\r\n  \"type\": \"Microsoft.Compute/virtualMachines\",\r\n  \"location\": \"eastus\",\r\n  \"tags\": {\r\n    \"a\": \"b\",\r\n    \"b\": \"c\",\r\n    \"d\": \"\"\r\n  }\r\n}", { 'cache-control': 'no-cache',
  pragma: 'no-cache',
  'content-length': '5205',
  'content-type': 'application/json; charset=utf-8',
  expires: '-1',
  'strict-transport-security': 'max-age=31536000; includeSubDomains',
  'x-ms-served-by': 'db2c81f2-c6fa-41a7-b70e-bc4bed3c3b56_131056317130923594',
  'x-ms-request-id': '10082b6e-c59f-4639-92e1-ac72718d6569',
  server: 'Microsoft-HTTPAPI/2.0, Microsoft-HTTPAPI/2.0',
  'x-ms-ratelimit-remaining-subscription-reads': '14974',
  'x-ms-correlation-request-id': '3ae4e756-52a0-4985-a8a4-2a23982ebc63',
  'x-ms-routing-request-id': 'CENTRALUS:20160428T165827Z:3ae4e756-52a0-4985-a8a4-2a23982ebc63',
  date: 'Thu, 28 Apr 2016 16:58:27 GMT',
  connection: 'close' });
 return result; },
function (nock) { 
var result = 
nock('https://management.azure.com:443')
  .get('/subscriptions/e33f361b-53c2-4cc7-b829-78906708387b/resourceGroups/xplatTestGVMCreate265/providers/Microsoft.Compute/virtualMachines/xplatvm?$expand=instanceView&api-version=2016-03-30')
  .reply(200, "{\r\n  \"properties\": {\r\n    \"vmId\": \"f5b8ae72-b109-4eac-a91e-9cf1c33076a7\",\r\n    \"availabilitySet\": {\r\n      \"id\": \"/subscriptions/e33f361b-53c2-4cc7-b829-78906708387b/resourceGroups/xplatTestGVMCreate265/providers/Microsoft.Compute/availabilitySets/XPLATTESTAAVAIL6816\"\r\n    },\r\n    \"hardwareProfile\": {\r\n      \"vmSize\": \"Standard_DS1\"\r\n    },\r\n    \"storageProfile\": {\r\n      \"imageReference\": {\r\n        \"publisher\": \"canonical\",\r\n        \"offer\": \"UbuntuServer\",\r\n        \"sku\": \"15.10\",\r\n        \"version\": \"latest\"\r\n      },\r\n      \"osDisk\": {\r\n        \"osType\": \"Linux\",\r\n        \"name\": \"cli0e43ec3582ce06fc-os-1461861928634\",\r\n        \"createOption\": \"FromImage\",\r\n        \"vhd\": {\r\n          \"uri\": \"https://xplatteststorage16265.blob.core.windows.net/xplatteststoragecnt16974/cli0e43ec3582ce06fc-os-1461861928634.vhd\"\r\n        },\r\n        \"caching\": \"ReadWrite\"\r\n      },\r\n      \"dataDisks\": []\r\n    },\r\n    \"osProfile\": {\r\n      \"computerName\": \"xplatvm\",\r\n      \"adminUsername\": \"azureuser\",\r\n      \"linuxConfiguration\": {\r\n        \"disablePasswordAuthentication\": false,\r\n        \"ssh\": {\r\n          \"publicKeys\": [\r\n            {\r\n              \"path\": \"/home/azureuser/.ssh/authorized_keys\",\r\n              \"keyData\": \"MIID/zCCAuegAwIBAgIJAMUAa+XVLvAeMA0GCSqGSIb3DQEBBQUAMIGVMQswCQYD\\r\\nVQQGEwJJbjESMBAGA1UECAwJS2FybmF0YWthMRIwEAYDVQQHDAlCYW5nYWxvcmUx\\r\\nEDAOBgNVBAoMB2JyaWxsaW8xEjAQBgNVBAsMCW1pY3Jvc29mdDEQMA4GA1UEAwwH\\r\\nYnJpbGxpbzEmMCQGCSqGSIb3DQEJARYXc3JlZWthbnRoYnNAeWFob28uY28uaW4w\\r\\nHhcNMTUwMzA1MTE1MzEyWhcNMTYwMzA0MTE1MzEyWjCBlTELMAkGA1UEBhMCSW4x\\r\\nEjAQBgNVBAgMCUthcm5hdGFrYTESMBAGA1UEBwwJQmFuZ2Fsb3JlMRAwDgYDVQQK\\r\\nDAdicmlsbGlvMRIwEAYDVQQLDAltaWNyb3NvZnQxEDAOBgNVBAMMB2JyaWxsaW8x\\r\\nJjAkBgkqhkiG9w0BCQEWF3NyZWVrYW50aGJzQHlhaG9vLmNvLmluMIIBIjANBgkq\\r\\nhkiG9w0BAQEFAAOCAQ8AMIIBCgKCAQEAyUNKaOuT0NK+S8Ck81zy9xJ6hXfZvAC6\\r\\nlhbmf/6s/WVimJ/TX5NMhQJwC9k6ZIF92KfYrojHNvHDufSZ3EtKUVwRFCDjmgMT\\r\\nDL09WkGaZt7gROYFK0iZ4KrYGovUwlwum9fHB24OJiOV4bi0ek62/rHx9fjYZpvp\\r\\naIH2PV/hN8SCZ0x7HJMberD4gVoU/Kv42nNvwjLUW6IZfVx/Gv5OeFDtWHfSvUEF\\r\\ndadHKTPn3Ab20Iu6gZIbLO9Vuf38/IpaYGfnFCouHdzmiTiLieYNe3CUPcOJNSv7\\r\\n1G8KYpx3uNJRkJPab5OsRyJw75Gvzkr9OgaPss9tVD6Gt68u3WQtVQIDAQABo1Aw\\r\\nTjAdBgNVHQ4EFgQUogvhXB+xZ2JJPfLO6cVs4ForzscwHwYDVR0jBBgwFoAUogvh\\r\\nXB+xZ2JJPfLO6cVs4ForzscwDAYDVR0TBAUwAwEB/zANBgkqhkiG9w0BAQUFAAOC\\r\\nAQEAdDj7qUNJ45xlF5cjd+4x5NHvAD1VTjOKu+Xh/uzSSjXqB2F0aOMWA9lx0qaQ\\r\\noJgHkGxj3zz/W7ik/cVGL2O+vRIOKv/y0OPogEmS3Hw+P+O6OGE7x1G6YN0zLVoL\\r\\nu4BN/BEYmjttxM9I7qqL7C5cJoE+K3s/w1/pt/68ohJcr7F9Ohi7cso62xuGY1Rm\\r\\nksAh2EUDsU9JV/P+C9AMpLSrb03JJYzVj4w1RHbrmw2AjFyGXdQYkggyXisg+Ifr\\r\\n5gbNN7HigpHf7b2i3CQBUqp9m23frh5AhnLI2qp3UXgc52U5ieLdi/t6j0TTZqqY\\r\\nHhHqofKrj938HHlBNpC5/LVh3w==\\r\\n\"\r\n            }\r\n          ]\r\n        }\r\n      },\r\n      \"secrets\": []\r\n    },\r\n    \"networkProfile\": {\"networkInterfaces\":[{\"id\":\"/subscriptions/e33f361b-53c2-4cc7-b829-78906708387b/resourceGroups/xplatTestGVMCreate265/providers/Microsoft.Network/networkInterfaces/xplattestnic\"}]},\r\n    \"diagnosticsProfile\": {\r\n      \"bootDiagnostics\": {\r\n        \"enabled\": true,\r\n        \"storageUri\": \"https://xplatteststorage16265.blob.core.windows.net/\"\r\n      }\r\n    },\r\n    \"provisioningState\": \"Succeeded\",\r\n    \"instanceView\": {\r\n      \"platformUpdateDomain\": 0,\r\n      \"platformFaultDomain\": 0,\r\n      \"vmAgent\": {\r\n        \"vmAgentVersion\": \"2.1.3\",\r\n        \"statuses\": [\r\n          {\r\n            \"code\": \"ProvisioningState/succeeded\",\r\n            \"level\": \"Info\",\r\n            \"displayStatus\": \"Ready\",\r\n            \"message\": \"Guest Agent is running\",\r\n            \"time\": \"2016-04-28T16:58:03+00:00\"\r\n          }\r\n        ],\r\n        \"extensionHandlers\": []\r\n      },\r\n      \"disks\": [\r\n        {\r\n          \"name\": \"cli0e43ec3582ce06fc-os-1461861928634\",\r\n          \"statuses\": [\r\n            {\r\n              \"code\": \"ProvisioningState/succeeded\",\r\n              \"level\": \"Info\",\r\n              \"displayStatus\": \"Provisioning succeeded\",\r\n              \"time\": \"2016-04-28T16:57:22.3134675+00:00\"\r\n            }\r\n          ]\r\n        }\r\n      ],\r\n      \"bootDiagnostics\": {\r\n        \"consoleScreenshotBlobUri\": \"https://xplatteststorage16265.blob.core.windows.net/bootdiagnostics-xplatvm-f5b8ae72-b109-4eac-a91e-9cf1c33076a7/xplatvm.f5b8ae72-b109-4eac-a91e-9cf1c33076a7.screenshot.bmp\",\r\n        \"serialConsoleLogBlobUri\": \"https://xplatteststorage16265.blob.core.windows.net/bootdiagnostics-xplatvm-f5b8ae72-b109-4eac-a91e-9cf1c33076a7/xplatvm.f5b8ae72-b109-4eac-a91e-9cf1c33076a7.serialconsole.log\"\r\n      },\r\n      \"statuses\": [\r\n        {\r\n          \"code\": \"ProvisioningState/succeeded\",\r\n          \"level\": \"Info\",\r\n          \"displayStatus\": \"Provisioning succeeded\",\r\n          \"time\": \"2016-04-28T16:57:55.4538803+00:00\"\r\n        },\r\n        {\r\n          \"code\": \"PowerState/running\",\r\n          \"level\": \"Info\",\r\n          \"displayStatus\": \"VM running\"\r\n        }\r\n      ]\r\n    }\r\n  },\r\n  \"id\": \"/subscriptions/e33f361b-53c2-4cc7-b829-78906708387b/resourceGroups/xplatTestGVMCreate265/providers/Microsoft.Compute/virtualMachines/xplatvm\",\r\n  \"name\": \"xplatvm\",\r\n  \"type\": \"Microsoft.Compute/virtualMachines\",\r\n  \"location\": \"eastus\",\r\n  \"tags\": {\r\n    \"a\": \"b\",\r\n    \"b\": \"c\",\r\n    \"d\": \"\"\r\n  }\r\n}", { 'cache-control': 'no-cache',
  pragma: 'no-cache',
  'content-length': '5205',
  'content-type': 'application/json; charset=utf-8',
  expires: '-1',
  'strict-transport-security': 'max-age=31536000; includeSubDomains',
  'x-ms-served-by': 'db2c81f2-c6fa-41a7-b70e-bc4bed3c3b56_131056317130923594',
  'x-ms-request-id': '10082b6e-c59f-4639-92e1-ac72718d6569',
  server: 'Microsoft-HTTPAPI/2.0, Microsoft-HTTPAPI/2.0',
  'x-ms-ratelimit-remaining-subscription-reads': '14974',
  'x-ms-correlation-request-id': '3ae4e756-52a0-4985-a8a4-2a23982ebc63',
  'x-ms-routing-request-id': 'CENTRALUS:20160428T165827Z:3ae4e756-52a0-4985-a8a4-2a23982ebc63',
  date: 'Thu, 28 Apr 2016 16:58:27 GMT',
  connection: 'close' });
 return result; },
function (nock) { 
var result = 
nock('http://management.azure.com:443')
  .post('/subscriptions/e33f361b-53c2-4cc7-b829-78906708387b/resourceGroups/xplatTestGVMCreate265/providers/Microsoft.Storage/storageAccounts/xplatteststorage16265/listKeys?api-version=2016-01-01')
  .reply(200, "{\"keys\":[{\"keyName\":\"key1\",\"permissions\":\"Full\",\"value\":\"LMaYckukWp34xnsZhi+jWjyhhEQJ4/pcnpLQTupkWwh/E7HpOYMswM6H+5GUJQfFVeRAQP5L5x8ra4XVL0MWeg==\"},{\"keyName\":\"key2\",\"permissions\":\"Full\",\"value\":\"6PXcDFoamf5wNhFdATQqv74dFO1i2pPqWSieNjPOKmcPHAwCtgbQeKShNELSuHWh7732hNgspOz2DNVqt+d9vQ==\"}]}\n", { 'cache-control': 'no-cache',
  pragma: 'no-cache',
  'content-length': '289',
  'content-type': 'application/json',
  expires: '-1',
  'x-ms-request-id': '90affbf7-89b7-4004-8366-5f912bc706dc',
  server: 'Microsoft-Azure-Storage-Resource-Provider/1.0, Microsoft-HTTPAPI/2.0',
  'x-ms-ratelimit-remaining-subscription-writes': '1198',
  'x-ms-correlation-request-id': '90affbf7-89b7-4004-8366-5f912bc706dc',
  'x-ms-routing-request-id': 'CENTRALUS:20160428T165827Z:90affbf7-89b7-4004-8366-5f912bc706dc',
  'strict-transport-security': 'max-age=31536000; includeSubDomains',
  date: 'Thu, 28 Apr 2016 16:58:27 GMT',
  connection: 'close' });
 return result; },
function (nock) { 
var result = 
nock('https://management.azure.com:443')
  .post('/subscriptions/e33f361b-53c2-4cc7-b829-78906708387b/resourceGroups/xplatTestGVMCreate265/providers/Microsoft.Storage/storageAccounts/xplatteststorage16265/listKeys?api-version=2016-01-01')
  .reply(200, "{\"keys\":[{\"keyName\":\"key1\",\"permissions\":\"Full\",\"value\":\"LMaYckukWp34xnsZhi+jWjyhhEQJ4/pcnpLQTupkWwh/E7HpOYMswM6H+5GUJQfFVeRAQP5L5x8ra4XVL0MWeg==\"},{\"keyName\":\"key2\",\"permissions\":\"Full\",\"value\":\"6PXcDFoamf5wNhFdATQqv74dFO1i2pPqWSieNjPOKmcPHAwCtgbQeKShNELSuHWh7732hNgspOz2DNVqt+d9vQ==\"}]}\n", { 'cache-control': 'no-cache',
  pragma: 'no-cache',
  'content-length': '289',
  'content-type': 'application/json',
  expires: '-1',
  'x-ms-request-id': '90affbf7-89b7-4004-8366-5f912bc706dc',
  server: 'Microsoft-Azure-Storage-Resource-Provider/1.0, Microsoft-HTTPAPI/2.0',
  'x-ms-ratelimit-remaining-subscription-writes': '1198',
  'x-ms-correlation-request-id': '90affbf7-89b7-4004-8366-5f912bc706dc',
  'x-ms-routing-request-id': 'CENTRALUS:20160428T165827Z:90affbf7-89b7-4004-8366-5f912bc706dc',
  'strict-transport-security': 'max-age=31536000; includeSubDomains',
  date: 'Thu, 28 Apr 2016 16:58:27 GMT',
  connection: 'close' });
 return result; },
function (nock) { 
var result = 
nock('http://xplatteststorage16265.blob.core.windows.net:443')
  .head('/bootdiagnostics-xplatvm-f5b8ae72-b109-4eac-a91e-9cf1c33076a7/xplatvm.f5b8ae72-b109-4eac-a91e-9cf1c33076a7.serialconsole.log')
  .reply(200, "", { 'content-length': '60928',
  'content-type': 'text/plain',
  'last-modified': 'Thu, 28 Apr 2016 16:57:59 GMT',
  'accept-ranges': 'bytes',
  etag: '"0x8D36F8640C9630B"',
  server: 'Windows-Azure-Blob/1.0 Microsoft-HTTPAPI/2.0',
  'x-ms-request-id': '62ece8b3-0001-0084-416f-a19e67000000',
  'x-ms-version': '2015-02-21',
  'x-ms-write-protection': 'false',
  'x-ms-lease-status': 'unlocked',
  'x-ms-lease-state': 'available',
  'x-ms-blob-type': 'PageBlob',
  'x-ms-blob-sequence-number': '0',
  date: 'Thu, 28 Apr 2016 16:58:28 GMT',
  connection: 'close' });
 return result; },
function (nock) { 
var result = 
nock('https://xplatteststorage16265.blob.core.windows.net:443')
  .head('/bootdiagnostics-xplatvm-f5b8ae72-b109-4eac-a91e-9cf1c33076a7/xplatvm.f5b8ae72-b109-4eac-a91e-9cf1c33076a7.serialconsole.log')
  .reply(200, "", { 'content-length': '60928',
  'content-type': 'text/plain',
  'last-modified': 'Thu, 28 Apr 2016 16:57:59 GMT',
  'accept-ranges': 'bytes',
  etag: '"0x8D36F8640C9630B"',
  server: 'Windows-Azure-Blob/1.0 Microsoft-HTTPAPI/2.0',
  'x-ms-request-id': '62ece8b3-0001-0084-416f-a19e67000000',
  'x-ms-version': '2015-02-21',
  'x-ms-write-protection': 'false',
  'x-ms-lease-status': 'unlocked',
  'x-ms-lease-state': 'available',
  'x-ms-blob-type': 'PageBlob',
  'x-ms-blob-sequence-number': '0',
  date: 'Thu, 28 Apr 2016 16:58:28 GMT',
  connection: 'close' });
 return result; },
function (nock) { 
var result = 
nock('http://xplatteststorage16265.blob.core.windows.net:443')
  .get('/bootdiagnostics-xplatvm-f5b8ae72-b109-4eac-a91e-9cf1c33076a7/xplatvm.f5b8ae72-b109-4eac-a91e-9cf1c33076a7.serialconsole.log')
  .reply(200, "\u001b[H\u001b[J\u001b[1;1H[    0.000000] Initializing cgroup subsys cpuset\r\n[    0.000000] Initializing cgroup subsys cpu\r\n[    0.000000] Initializing cgroup subsys cpuacct\r\n[    0.000000] Linux version 4.2.0-35-generic (buildd@lgw01-43) (gcc version 5.2.1 20151010 (Ubuntu 5.2.1-22ubuntu2) ) #40-Ubuntu SMP Tue Mar 15 22:15:45 UTC 2016 (Ubuntu 4.2.0-35.40-generic 4.2.8-ckt5)\r\n[    0.000000] Command line: BOOT_IMAGE=/boot/vmlinuz-4.2.0-35-generic root=UUID=e76b11a1-29e0-4279-a7de-dac4f6de393a ro console=tty1 console=ttyS0 earlyprintk=ttyS0 rootdelay=300\r\n[    0.000000] KERNEL supported cpus:\r\n[    0.000000]   Intel GenuineIntel\r\n[    0.000000]   AMD AuthenticAMD\r\n[    0.000000]   Centaur CentaurHauls\r\n[    0.000000] x86/fpu: xstate_offset[2]: 0240, xstate_sizes[2]: 0100\r\n[    0.000000] x86/fpu: Supporting XSAVE feature 0x01: 'x87 floating point registers'\r\n[    0.000000] x86/fpu: Supporting XSAVE feature 0x02: 'SSE registers'\r\n[    0.000000] x86/fpu: Supporting XSAVE feature 0x04: 'AVX registers'\r\n[    0.000000] x86/fpu: Enabled xstate features 0x7, context size is 0x340 bytes, using 'standard' format.\r\n[    0.000000] x86/fpu: Using 'eager' FPU context switches.\r\n[    0.000000] e820: BIOS-provided physical RAM map:\r\n[    0.000000] BIOS-e820: [mem 0x0000000000000000-0x000000000009fbff] usable\r\n[    0.000000] BIOS-e820: [mem 0x000000000009fc00-0x000000000009ffff] reserved\r\n[    0.000000] BIOS-e820: [mem 0x00000000000e0000-0x00000000000fffff] reserved\r\n[    0.000000] BIOS-e820: [mem 0x0000000000100000-0x000000001ffeffff] usable\r\n[    0.000000] BIOS-e820: [mem 0x000000001fff0000-0x000000001fffefff] ACPI data\r\n[    0.000000] BIOS-e820: [mem 0x000000001ffff000-0x000000001fffffff] ACPI NVS\r\n[    0.000000] BIOS-e820: [mem 0x0000000100000000-0x00000001bfffffff] usable\r\n[    0.000000] bootconsole [earlyser0] enabled\r\n[    0.000000] NX (Execute Disable) protection: active\r\n[    0.000000] SMBIOS 2.3 present.\r\n[    0.000000] Hypervisor detected: Microsoft HyperV\r\n[    0.000000] HyperV: features 0xe7f, hints 0x2c\r\n[    0.000000] HyperV: LAPIC Timer Frequency: 0xc3500\r\n[    0.000000] clocksource: hyperv_clocksource: mask: 0xffffffffffffffff max_cycles: 0x24e6a1710, max_idle_ns: 440795202120 ns\r\n[    0.000000] tsc: Marking TSC unstable due to running on Hyper-V\r\n[    0.000000] e820: last_pfn = 0x1c0000 max_arch_pfn = 0x400000000\r\n[    0.000000] x86/PAT: Configuration [0-7]: WB  WC  UC- UC  WB  WC  UC- WT  \r\n[    0.000000] e820: last_pfn = 0x1fff0 max_arch_pfn = 0x400000000\r\n[    0.000000] found SMP MP-table at [mem 0x000ff780-0x000ff78f] mapped at [ffff8800000ff780]\r\n[    0.000000] Scanning 1 areas for low memory corruption\r\n[    0.000000] init_memory_mapping: [mem 0x00000000-0x000fffff]\r\n[    0.000000] init_memory_mapping: [mem 0x1bfe00000-0x1bfffffff]\r\n[    0.000000] init_memory_mapping: [mem 0x1a0000000-0x1bfdfffff]\r\n[    0.000000] init_memory_mapping: [mem 0x00100000-0x1ffeffff]\r\n[    0.000000] init_memory_mapping: [mem 0x100000000-0x19fffffff]\r\n[    0.000000] RAMDISK: [mem 0x1d9d3000-0x1f7a1fff]\r\n[    0.000000] ACPI: Early table checksum verification disabled\r\n[    0.000000] ACPI: RSDP 0x00000000000F56F0 000014 (v00 ACPIAM)\r\n[    0.000000] ACPI: RSDT 0x000000001FFF0000 000040 (v01 VRTUAL MICROSFT 05001223 MSFT 00000097)\r\n[    0.000000] ACPI: FACP 0x000000001FFF0200 000081 (v02 VRTUAL MICROSFT 05001223 MSFT 00000097)\r\n[    0.000000] ACPI: DSDT 0x000000001FFF1724 002E78 (v01 MSFTVM MSFTVM02 00000002 INTL 02002026)\r\n[    0.000000] ACPI: FACS 0x000000001FFFF000 000040\r\n[    0.000000] ACPI: WAET 0x000000001FFF1480 000028 (v01 VRTUAL MICROSFT 05001223 MSFT 00000097)\r\n[    0.000000] ACPI: SLIC 0x000000001FFF14C0 000176 (v01 VRTUAL MICROSFT 05001223 MSFT 00000097)\r\n[    0.000000] ACPI: OEM0 0x000000001FFF16C0 000064 (v01 VRTUAL MICROSFT 05001223 MSFT 00000097)\r\n[    0.000000] ACPI: SRAT 0x000000001FFF0600 000090 (v02 VRTUAL MICROSFT 00000001 MSFT 00000001)\r\n[    0.000000] ACPI: APIC 0x000000001FFF0300 00024C (v01 VRTUAL MICROSFT 05001223 MSFT 00000097)\r\n[    0.000000] ACPI: OEMB 0x000000001FFFF040 000064 (v01 VRTUAL MICROSFT 05001223 MSFT 00000097)\r\n[    0.000000] SRAT: PXM 0 -> APIC 0x00 -> Node 0\r\n[    0.000000] SRAT: Node 0 PXM 0 [mem 0x00000000-0x1fffffff]\r\n[    0.000000] SRAT: Node 0 PXM 0 [mem 0x100000000-0x1bfffffff]\r\n[    0.000000] NUMA: Node 0 [mem 0x00000000-0x1fffffff] + [mem 0x100000000-0x1bfffffff] -> [mem 0x00000000-0x1bfffffff]\r\n[    0.000000] NODE_DATA(0) allocated [mem 0x1bfffa000-0x1bfffefff]\r\n[    0.000000] Zone ranges:\r\n[    0.000000]   DMA      [mem 0x0000000000001000-0x0000000000ffffff]\r\n[    0.000000]   DMA32    [mem 0x0000000001000000-0x00000000ffffffff]\r\n[    0.000000]   Normal   [mem 0x0000000100000000-0x00000001bfffffff]\r\n[    0.000000] Movable zone start for each node\r\n[    0.000000] Early memory node ranges\r\n[    0.000000]   node   0: [mem 0x0000000000001000-0x000000000009efff]\r\n[    0.000000]   node   0: [mem 0x0000000000100000-0x000000001ffeffff]\r\n[    0.000000]   node   0: [mem 0x0000000100000000-0x00000001bfffffff]\r\n[    0.000000] Initmem setup node 0 [mem 0x0000000000001000-0x00000001bfffffff]\r\n[    0.000000] ACPI: PM-Timer IO Port: 0x408\r\n[    0.000000] IOAPIC[0]: apic_id 0, version 17, address 0xfec00000, GSI 0-23\r\n[    0.000000] ACPI: INT_SRC_OVR (bus 0 bus_irq 0 global_irq 2 dfl dfl)\r\n[    0.000000] ACPI: INT_SRC_OVR (bus 0 bus_irq 9 global_irq 9 high level)\r\n[    0.000000] Using ACPI (MADT) for SMP configuration information\r\n[    0.000000] smpboot: Allowing 64 CPUs, 63 hotplug CPUs\r\n[    0.000000] PM: Registered nosave memory: [mem 0x00000000-0x00000fff]\r\n[    0.000000] PM: Registered nosave memory: [mem 0x0009f000-0x0009ffff]\r\n[    0.000000] PM: Registered nosave memory: [mem 0x000a0000-0x000dffff]\r\n[    0.000000] PM: Registered nosave memory: [mem 0x000e0000-0x000fffff]\r\n[    0.000000] PM: Registered nosave memory: [mem 0x1fff0000-0x1fffefff]\r\n[    0.000000] PM: Registered nosave memory: [mem 0x1ffff000-0x1fffffff]\r\n[    0.000000] PM: Registered nosave memory: [mem 0x20000000-0xffffffff]\r\n[    0.000000] e820: [mem 0x20000000-0xffffffff] available for PCI devices\r\n[    0.000000] Booting paravirtualized kernel on bare hardware\r\n[    0.000000] clocksource: refined-jiffies: mask: 0xffffffff max_cycles: 0xffffffff, max_idle_ns: 7645519600211568 ns\r\n[    0.000000] setup_percpu: NR_CPUS:256 nr_cpumask_bits:256 nr_cpu_ids:64 nr_node_ids:1\r\n[    0.000000] PERCPU: Embedded 33 pages/cpu @ffff8801bae00000 s96728 r8192 d30248 u262144\r\n[    0.000000] Built 1 zonelists in Node order, mobility grouping on.  Total pages: 903033\r\n[    0.000000] Policy zone: Normal\r\n[    0.000000] Kernel command line: BOOT_IMAGE=/boot/vmlinuz-4.2.0-35-generic root=UUID=e76b11a1-29e0-4279-a7de-dac4f6de393a ro console=tty1 console=ttyS0 earlyprintk=ttyS0 rootdelay=300\r\n[    0.000000] log_buf_len individual max cpu contribution: 4096 bytes\r\n[    0.000000] log_buf_len total cpu_extra contributions: 258048 bytes\r\n[    0.000000] log_buf_len min size: 262144 bytes\r\n[    0.000000] log_buf_len: 524288 bytes\r\n[    0.000000] early log buf free: 252360(96%)\r\n[    0.000000] PID hash table entries: 4096 (order: 3, 32768 bytes)\r\n[    0.000000] Memory: 3487928K/3669560K available (8182K kernel code, 1239K rwdata, 3804K rodata, 1464K init, 1292K bss, 181632K reserved, 0K cma-reserved)\r\n[    0.000000] SLUB: HWalign=64, Order=0-3, MinObjects=0, CPUs=64, Nodes=1\r\n[    0.000000] Hierarchical RCU implementation.\r\n[    0.000000] \tBuild-time adjustment of leaf fanout to 64.\r\n[    0.000000] \tRCU restricting CPUs from NR_CPUS=256 to nr_cpu_ids=64.\r\n[    0.000000] RCU: Adjusting geometry for rcu_fanout_leaf=64, nr_cpu_ids=64\r\n[    0.000000] NR_IRQS:16640 nr_irqs:936 16\r\n[    0.000000] \tOffload RCU callbacks from all CPUs\r\n[    0.000000] \tOffload RCU callbacks from CPUs: 0-63.\r\n[    0.000000] Console: colour VGA+ 80x25\r\n[    0.000000] console [tty1] enabled\r\n[    0.000000] console [ttyS0] enabled\r\n[    0.000000] console [ttyS0] enabled\r\n[    0.000000] bootconsole [earlyser0] disabled\r\n[    0.000000] bootconsole [earlyser0] disabled\r\n[    0.000000] tsc: Fast TSC calibration failed\r\n[    0.000000] tsc: Unable to calibrate against PIT\r\n[    0.000000] tsc: using PMTIMER reference calibration\r\n[    0.000000] tsc: Detected 2194.681 MHz processor\r\n[    0.020034] Calibrating delay loop (skipped), value calculated using timer frequency.. 4389.36 BogoMIPS (lpj=8778724)\r\n[    0.023292] pid_max: default: 65536 minimum: 512\r\n[    0.024039] ACPI: Core revision 20150619\r\n[    0.028536] ACPI: All ACPI Tables successfully acquired\r\n[    0.032082] Security Framework initialized\r\n[    0.033731] AppArmor: AppArmor initialized\r\n[    0.035212] Yama: becoming mindful.\r\n[    0.036372] Dentry cache hash table entries: 524288 (order: 10, 4194304 bytes)\r\n[    0.040225] Inode-cache hash table entries: 262144 (order: 9, 2097152 bytes)\r\n[    0.042520] Mount-cache hash table entries: 8192 (order: 4, 65536 bytes)\r\n[    0.044026] Mountpoint-cache hash table entries: 8192 (order: 4, 65536 bytes)\r\n[    0.046357] Initializing cgroup subsys blkio\r\n[    0.048023] Initializing cgroup subsys memory\r\n[    0.049705] Initializing cgroup subsys devices\r\n[    0.052021] Initializing cgroup subsys freezer\r\n[    0.053592] Initializing cgroup subsys net_cls\r\n[    0.055156] Initializing cgroup subsys perf_event\r\n[    0.056042] Initializing cgroup subsys net_prio\r\n[    0.057774] Initializing cgroup subsys hugetlb\r\n[    0.060109] mce: CPU supports 1 MCE banks\r\n[    0.061879] Last level iTLB entries: 4KB 512, 2MB 8, 4MB 8\r\n[    0.064020] Last level dTLB entries: 4KB 512, 2MB 32, 4MB 32, 1GB 0\r\n[    0.089655] ftrace: allocating 30947 entries in 121 pages\r\n[    0.104130] Switched APIC routing to physical flat.\r\n[    0.119705] ..TIMER: vector=0x30 apic1=0 pin1=2 apic2=-1 pin2=-1\r\n[    0.120119] smpboot: CPU0: Intel(R) Xeon(R) CPU E5-2660 0 @ 2.20GHz (fam: 06, model: 2d, stepping: 07)\r\n[    0.125706] Performance Events: unsupported p6 CPU model 45 no PMU driver, software events only.\r\n[    0.130959] x86: Booted up 1 node, 1 CPUs\r\n[    0.132008] smpboot: Total of 1 processors activated (4389.36 BogoMIPS)\r\n[    0.138332] NMI watchdog: disabled (cpu0): hardware events not enabled\r\n[    0.140007] NMI watchdog: Shutting down hard lockup detector on all cpus\r\n[    0.143058] devtmpfs: initialized\r\n[    0.147392] evm: security.selinux\r\n[    0.148005] evm: security.SMACK64\r\n[    0.152003] evm: security.SMACK64EXEC\r\n[    0.153251] evm: security.SMACK64TRANSMUTE\r\n[    0.154620] evm: security.SMACK64MMAP\r\n[    0.156002] evm: security.ima\r\n[    0.157363] evm: security.capability\r\n[    0.158723] PM: Registering ACPI NVS region [mem 0x1ffff000-0x1fffffff] (4096 bytes)\r\n[    0.160118] clocksource: jiffies: mask: 0xffffffff max_cycles: 0xffffffff, max_idle_ns: 7645041785100000 ns\r\n[    0.162351] pinctrl core: initialized pinctrl subsystem\r\n[    0.164424] RTC time: 16:46:27, date: 04/28/16\r\n[    0.166112] NET: Registered protocol family 16\r\n[    0.168055] cpuidle: using governor ladder\r\n[    0.169357] cpuidle: using governor menu\r\n[    0.170798] ACPI: bus type PCI registered\r\n[    0.172003] acpiphp: ACPI Hot Plug PCI Controller Driver version: 0.5\r\n[    0.173883] PCI: Using configuration type 1 for base access\r\n[    0.177146] ACPI: Added _OSI(Module Device)\r\n[    0.178457] ACPI: Added _OSI(Processor Device)\r\n[    0.180003] ACPI: Added _OSI(3.0 _SCP Extensions)\r\n[    0.181551] ACPI: Added _OSI(Processor Aggregator Device)\r\n[    0.185950] ACPI: Interpreter enabled\r\n[    0.187302] ACPI Exception: AE_NOT_FOUND, While evaluating Sleep State [\\_S1_] (20150619/hwxface-580)\r\n[    0.190323] ACPI Exception: AE_NOT_FOUND, While evaluating Sleep State [\\_S2_] (20150619/hwxface-580)\r\n[    0.194050] ACPI Exception: AE_NOT_FOUND, While evaluating Sleep State [\\_S3_] (20150619/hwxface-580)\r\n[    0.197146] ACPI Exception: AE_NOT_FOUND, While evaluating Sleep State [\\_S4_] (20150619/hwxface-580)\r\n[    0.201023] ACPI: (supports S0 S5)\r\n[    0.202211] ACPI: Using IOAPIC for interrupt routing\r\n[    0.204004] PCI: Using host bridge windows from ACPI; if necessary, use \"pci=nocrs\" and report a bug\r\n[    0.216443] ACPI: PCI Root Bridge [PCI0] (domain 0000 [bus 00-ff])\r\n[    0.218120] acpi PNP0A03:00: _OSC: OS supports [ASPM ClockPM Segments MSI]\r\n[    0.219689] acpi PNP0A03:00: _OSC failed (AE_NOT_FOUND); disabling ASPM\r\n[    0.220493] acpi PNP0A03:00: fail to add MMCONFIG information, can't access extended PCI configuration space under this bridge.\r\n[    0.222840] PCI host bridge to bus 0000:00\r\n[    0.224005] pci_bus 0000:00: root bus resource [bus 00-ff]\r\n[    0.225413] pci_bus 0000:00: root bus resource [mem 0xfe0000000-0xfffefffff window]\r\n[    0.228005] pci_bus 0000:00: root bus resource [io  0x0000-0x0cf7 window]\r\n[    0.229632] pci_bus 0000:00: root bus resource [io  0x0d00-0xffff window]\r\n[    0.232003] pci_bus 0000:00: root bus resource [mem 0x000a0000-0x000bffff window]\r\n[    0.233962] pci_bus 0000:00: root bus resource [mem 0x20000000-0xfffbffff window]\r\n[    0.241809] pci 0000:00:07.1: legacy IDE quirk: reg 0x10: [io  0x01f0-0x01f7]\r\n[    0.244005] pci 0000:00:07.1: legacy IDE quirk: reg 0x14: [io  0x03f6]\r\n[    0.246323] pci 0000:00:07.1: legacy IDE quirk: reg 0x18: [io  0x0170-0x0177]\r\n[    0.248010] pci 0000:00:07.1: legacy IDE quirk: reg 0x1c: [io  0x0376]\r\n[    0.250088] * Found PM-Timer Bug on the chipset. Due to workarounds for a bug,\r\n[    0.250088] * this clock source is slow. Consider trying other clock sources\r\n[    0.254152] pci 0000:00:07.3: quirk: [io  0x0400-0x043f] claimed by PIIX4 ACPI\r\n[    0.268079] ACPI: PCI Interrupt Link [LNKA] (IRQs 3 4 5 7 9 10 *11 12 14 15)\r\n[    0.277742] ACPI: PCI Interrupt Link [LNKB] (IRQs 3 4 5 7 9 10 11 12 14 15) *0, disabled.\r\n[    0.289208] ACPI: PCI Interrupt Link [LNKC] (IRQs 3 4 5 7 9 10 11 12 14 15) *0, disabled.\r\n[    0.301024] ACPI: PCI Interrupt Link [LNKD] (IRQs 3 4 5 7 9 10 11 12 14 15) *0, disabled.\r\n[    0.313039] ACPI: Enabled 1 GPEs in block 00 to 0F\r\n[    0.316066] vgaarb: setting as boot device: PCI:0000:00:08.0\r\n[    0.317523] vgaarb: device added: PCI:0000:00:08.0,decodes=io+mem,owns=io+mem,locks=none\r\n[    0.319366] vgaarb: loaded\r\n[    0.320008] vgaarb: bridge control possible 0000:00:08.0\r\n[    0.321913] SCSI subsystem initialized\r\n[    0.323289] ACPI: bus type USB registered\r\n[    0.324025] usbcore: registered new interface driver usbfs\r\n[    0.325626] usbcore: registered new interface driver hub\r\n[    0.328020] usbcore: registered new device driver usb\r\n[    0.329684] PCI: Using ACPI for IRQ routing\r\n[    0.331435] NetLabel: Initializing\r\n[    0.332003] NetLabel:  domain hash size = 128\r\n[    0.333315] NetLabel:  protocols = UNLABELED CIPSOv4\r\n[    0.334694] NetLabel:  unlabeled traffic allowed by default\r\n[    0.336125] clocksource: Switched to clocksource hyperv_clocksource\r\n[    0.345102] AppArmor: AppArmor Filesystem Enabled\r\n[    0.347628] pnp: PnP ACPI init\r\n[    0.350955] system 00:06: [io  0x01e0-0x01ef] has been reserved\r\n[    0.352646] system 00:06: [io  0x0160-0x016f] has been reserved\r\n[    0.354455] system 00:06: [io  0x0278-0x027f] has been reserved\r\n[    0.355949] system 00:06: [io  0x0378-0x037f] has been reserved\r\n[    0.357429] system 00:06: [io  0x0678-0x067f] has been reserved\r\n[    0.358871] system 00:06: [io  0x0778-0x077f] has been reserved\r\n[    0.360195] system 00:06: [io  0x04d0-0x04d1] has been reserved\r\n[    0.361827] system 00:07: [io  0x0400-0x043f] has been reserved\r\n[    0.363292] system 00:07: [io  0x0370-0x0371] has been reserved\r\n[    0.364795] system 00:07: [io  0x0440-0x044f] has been reserved\r\n[    0.366258] system 00:07: [mem 0xfec00000-0xfec00fff] could not be reserved\r\n[    0.368064] system 00:07: [mem 0xfee00000-0xfee00fff] has been reserved\r\n[    0.369808] system 00:08: [mem 0x00000000-0x0009ffff] could not be reserved\r\n[    0.371454] system 00:08: [mem 0x000c0000-0x000dffff] could not be reserved\r\n[    0.373182] system 00:08: [mem 0x000e0000-0x000fffff] could not be reserved\r\n[    0.374857] system 00:08: [mem 0x00100000-0x1fffffff] could not be reserved\r\n[    0.376455] system 00:08: [mem 0xfffc0000-0xffffffff] has been reserved\r\n[    0.378235] pnp: PnP ACPI: found 9 devices\r\n[    0.385739] clocksource: acpi_pm: mask: 0xffffff max_cycles: 0xffffff, max_idle_ns: 2085701024 ns\r\n[    0.389016] NET: Registered protocol family 2\r\n[    0.391026] TCP established hash table entries: 32768 (order: 6, 262144 bytes)\r\n[    0.392868] TCP bind hash table entries: 32768 (order: 7, 524288 bytes)\r\n[    0.394492] TCP: Hash tables configured (established 32768 bind 32768)\r\n[    0.396128] UDP hash table entries: 2048 (order: 4, 65536 bytes)\r\n[    0.397659] UDP-Lite hash table entries: 2048 (order: 4, 65536 bytes)\r\n[    0.400913] NET: Registered protocol family 1\r\n[    0.402322] pci 0000:00:00.0: Limiting direct PCI/PCI transfers\r\n[    0.404058] Trying to unpack rootfs image as initramfs...\r\n[    1.003216] Freeing initrd memory: 30524K (ffff88001d9d3000 - ffff88001f7a2000)\r\n[    1.005985] PCI-DMA: Using software bounce buffering for IO (SWIOTLB)\r\n[    1.008349] software IO TLB [mem 0x199d3000-0x1d9d3000] (64MB) mapped at [ffff8800199d3000-ffff88001d9d2fff]\r\n[    1.012370] clocksource: tsc: mask: 0xffffffffffffffff max_cycles: 0x1fa2922d6dd, max_idle_ns: 440795307188 ns\r\n[    1.015534] RAPL PMU detected, API unit is 2^-32 Joules, 3 fixed counters 10737418240 ms ovfl timer\r\n[    1.018231] hw unit of domain pp0-core 2^-0 Joules\r\n[    1.021552] hw unit of domain package 2^-0 Joules\r\n[    1.023523] hw unit of domain dram 2^-0 Joules\r\n[    1.025738] microcode: CPU0 sig=0x206d7, pf=0x1, revision=0xffffffff\r\n[    1.028278] microcode: Microcode Update Driver: v2.00 <tigran@aivazian.fsnet.co.uk>, Peter Oruba\r\n[    1.031653] Scanning for low memory corruption every 60 seconds\r\n[    1.035860] futex hash table entries: 16384 (order: 8, 1048576 bytes)\r\n[    1.038486] Initialise system trusted keyring\r\n[    1.040766] audit: initializing netlink subsys (disabled)\r\n[    1.043359] audit: type=2000 audit(1461861988.040:1): initialized\r\n[    1.045765] HugeTLB registered 2 MB page size, pre-allocated 0 pages\r\n[    1.049465] zpool: loaded\r\n[    1.051203] zbud: loaded\r\n[    1.053211] VFS: Disk quotas dquot_6.6.0\r\n[    1.055418] VFS: Dquot-cache hash table entries: 512 (order 0, 4096 bytes)\r\n[    1.057942] fuse init (API version 7.23)\r\n[    1.060050] Key type big_key registered\r\n[    1.061389] Key type asymmetric registered\r\n[    1.062671] Asymmetric key parser 'x509' registered\r\n[    1.063953] Block layer SCSI generic (bsg) driver version 0.4 loaded (major 249)\r\n[    1.065759] io scheduler noop registered\r\n[    1.067004] io scheduler deadline registered (default)\r\n[    1.068435] io scheduler cfq registered\r\n[    1.069770] pci_hotplug: PCI Hot Plug PCI Core version: 0.5\r\n[    1.071221] pciehp: PCI Express Hot Plug Controller Driver version: 0.4\r\n[    1.073219] input: Power Button as /devices/LNXSYSTM:00/LNXPWRBN:00/input/input0\r\n[    1.075231] ACPI: Power Button [PWRF]\r\n[    1.076666] GHES: HEST is not enabled!\r\n[    1.078170] Serial: 8250/16550 driver, 32 ports, IRQ sharing enabled\r\n[    1.100562] 00:03: ttyS0 at I/O 0x3f8 (irq = 4, base_baud = 115200) is a 16550A\r\n[    1.124801] 00:04: ttyS1 at I/O 0x2f8 (irq = 3, base_baud = 115200) is a 16550A\r\n[    1.129423] Linux agpgart interface v0.103\r\n[    1.133357] brd: module loaded\r\n[    1.135982] loop: module loaded\r\n[    1.137860] ata_piix 0000:00:07.1: Hyper-V Virtual Machine detected, ATA device ignore set\r\n[    1.141831] scsi host0: ata_piix\r\n[    1.143106] scsi host1: ata_piix\r\n[    1.144359] ata1: PATA max UDMA/33 cmd 0x1f0 ctl 0x3f6 bmdma 0xffa0 irq 14\r\n[    1.145935] ata2: PATA max UDMA/33 cmd 0x170 ctl 0x376 bmdma 0xffa8 irq 15\r\n[    1.148474] libphy: Fixed MDIO Bus: probed\r\n[    1.149761] tun: Universal TUN/TAP device driver, 1.6\r\n[    1.151179] tun: (C) 1999-2004 Max Krasnyansky <maxk@qualcomm.com>\r\n[    1.153820] PPP generic driver version 2.4.2\r\n[    1.155469] ehci_hcd: USB 2.0 'Enhanced' Host Controller (EHCI) Driver\r\n[    1.157120] ehci-pci: EHCI PCI platform driver\r\n[    1.158428] ehci-platform: EHCI generic platform driver\r\n[    1.159820] ohci_hcd: USB 1.1 'Open' Host Controller (OHCI) Driver\r\n[    1.161295] ohci-pci: OHCI PCI platform driver\r\n[    1.163061] ohci-platform: OHCI generic platform driver\r\n[    1.164483] uhci_hcd: USB Universal Host Controller Interface driver\r\n[    1.166287] i8042: PNP: PS/2 Controller [PNP0303:PS2K,PNP0f03:PS2M] at 0x60,0x64 irq 1,12\r\n[    1.171554] serio: i8042 KBD port at 0x60,0x64 irq 1\r\n[    1.172912] serio: i8042 AUX port at 0x60,0x64 irq 12\r\n[    1.174301] mousedev: PS/2 mouse device common for all mice\r\n[    1.175984] rtc_cmos 00:00: RTC can wake from S4\r\n[    1.198970] input: AT Translated Set 2 keyboard as /devices/platform/i8042/serio0/input/input1\r\n[    1.202012] rtc_cmos 00:00: rtc core: registered rtc_cmos as rtc0\r\n[    1.204271] rtc_cmos 00:00: alarms up to one month, 114 bytes nvram\r\n[    1.205672] i2c /dev entries driver\r\n[    1.206964] device-mapper: uevent: version 1.0.3\r\n[    1.208398] device-mapper: ioctl: 4.33.0-ioctl (2015-8-18) initialised: dm-devel@redhat.com\r\n[    1.210294] ledtrig-cpu: registered to indicate activity on CPUs\r\n[    1.212057] PCCT header not found.\r\n[    1.213714] NET: Registered protocol family 10\r\n[    1.215656] NET: Registered protocol family 17\r\n[    1.217131] Key type dns_resolver registered\r\n[    1.218721] Loading compiled-in X.509 certificates\r\n[    1.221133] Loaded X.509 cert 'Build time autogenerated kernel key: d2cd13f45fa3b012fc89b8d500f91dcca4d9e0a8'\r\n[    1.223148] registered taskstats version 1\r\n[    1.224463] zswap: loading zswap\r\n[    1.225652] zswap: using zbud pool\r\n[    1.226856] zswap: using lzo compressor\r\n[    1.230769] Key type trusted registered\r\n[    1.235339] Key type encrypted registered\r\n[    1.236794] AppArmor: AppArmor sha1 policy hashing enabled\r\n[    1.238371] ima: No TPM chip found, activating TPM-bypass!\r\n[    1.239833] evm: HMAC attrs: 0x1\r\n[    1.241537]   Magic number: 12:26:794\r\n[    1.243192] rtc_cmos 00:00: setting system clock to 2016-04-28 16:46:28 UTC (1461861988)\r\n[    1.245289] BIOS EDD facility v0.16 2004-Jun-25, 0 devices found\r\n[    1.246808] EDD information not available.\r\n[    1.313767] ata2.00: ATAPI: Virtual CD, , max MWDMA2\r\n[    1.319293] ata2.00: configured for MWDMA2\r\n[    1.321944] scsi 1:0:0:0: CD-ROM            Msft     Virtual CD/ROM   1.0  PQ: 0 ANSI: 5\r\n[    1.326909] sr 1:0:0:0: [sr0] scsi3-mmc drive: 0x/0x tray\r\n[    1.328276] cdrom: Uniform CD-ROM driver Revision: 3.20\r\n[    1.330613] sr 1:0:0:0: Attached scsi generic sg0 type 5\r\n[    1.334685] Freeing unused kernel memory: 1464K (ffffffff81f37000 - ffffffff820a5000)\r\n[    1.336515] Write protecting the kernel read-only data: 14336k\r\n[    1.338885] Freeing unused kernel memory: 2044K (ffff880001801000 - ffff880001a00000)\r\n[    1.341000] Freeing unused kernel memory: 292K (ffff880001db7000 - ffff880001e00000)\r\nLoading, please wait...\r\nstarting version 225\r\n[    1.362732] random: udevadm urandom read with 2 bits of entropy available\r\n[    1.429210] Floppy drive(s): fd0 is 1.44M\r\n[    1.444521] clocksource: hyperv_clocksource_tsc_page: mask: 0xffffffffffffffff max_cycles: 0x24e6a1710, max_idle_ns: 440795202120 ns\r\n[    1.470305] clocksource: Switched to clocksource hyperv_clocksource_tsc_page\r\n[    1.482547] FDC 0 is an 82078.\r\n[    1.532007] AVX version of gcm_enc/dec engaged.\r\n[    1.534324] AES CTR mode by8 optimization enabled\r\n[    1.535864] hv_vmbus: Hyper-V Host Build:9600-6.3-18-0.18190; Vmbus version:3.0\r\n[    1.593096] hv_vmbus: registering driver hv_storvsc\r\n[    1.603060] hidraw: raw HID events driver (C) Jiri Kosina\r\n[    1.609192] hv_utils: Registering HyperV Utility Driver\r\n[    1.611420] hv_vmbus: registering driver hv_util\r\n[    1.626090] hv_vmbus: registering driver hv_netvsc\r\n[    1.628236] scsi host2: storvsc_host_t\r\n[    1.633793] scsi 2:0:0:0: Direct-Access     Msft     Virtual Disk     1.0  PQ: 0 ANSI: 4\r\n[    1.637216] hv_vmbus: registering driver hid_hyperv\r\n[    1.639895] sd 2:0:0:0: Attached scsi generic sg1 type 0\r\n[    1.641934] sd 2:0:0:0: [sda] 61440000 512-byte logical blocks: (31.4 GB/29.2 GiB)\r\n[    1.644663] sd 2:0:0:0: [sda] 4096-byte physical blocks\r\n[    1.647597] sd 2:0:0:0: [sda] Write Protect is off\r\n[    1.649443] sd 2:0:0:0: [sda] Write cache: enabled, read cache: enabled, supports DPO and FUA\r\n[    1.652640] hv_netvsc: hv_netvsc channel opened successfully\r\n[    1.660271]  sda: sda1\r\n[    1.662747] sd 2:0:0:0: [sda] Attached SCSI disk\r\n[    1.797611] hv_netvsc vmbus_14: Send section size: 6144, Section count:2560\r\n[    1.800460] hv_netvsc vmbus_14: Device MAC 00:0d:3a:12:32:83 link state up\r\n[    1.804093] input: Microsoft Vmbus HID-compliant Mouse as /devices/0006:045E:0621.0001/input/input4\r\n[    1.808353] hid 0006:045E:0621.0001: input: <UNKNOWN> HID v0.01 Mouse [Microsoft Vmbus HID-compliant Mouse] on \r\n[    1.825043] scsi host3: storvsc_host_t\r\n[    1.827520] scsi 3:0:1:0: Direct-Access     Msft     Virtual Disk     1.0  PQ: 0 ANSI: 4\r\n[    1.830507] sd 3:0:1:0: Attached scsi generic sg2 type 0\r\n[    1.832562] sd 3:0:1:0: [sdb] 14680064 512-byte logical blocks: (7.51 GB/7.00 GiB)\r\n[    1.834735] sd 3:0:1:0: [sdb] 4096-byte physical blocks\r\n[    1.839013] sd 3:0:1:0: [sdb] Write Protect is off\r\n[    1.841289] sd 3:0:1:0: [sdb] Write cache: enabled, read cache: enabled, supports DPO and FUA\r\n[    1.844912] scsi host4: storvsc_host_t\r\n[    1.847678] scsi 4:0:0:0: scsi scan: INQUIRY result too short (5), using 36\r\n[    1.850302] scsi 4:0:0:1: scsi scan: INQUIRY result too short (5), using 36\r\n[    1.852362] scsi 4:0:1:0: scsi scan: INQUIRY result too short (5), using 36\r\n[    1.854854] scsi 4:0:1:1: scsi scan: INQUIRY result too short (5), using 36\r\n[    1.856969]  sdb: sdb1\r\n[    1.858816] scsi 4:1:0:0: scsi scan: INQUIRY result too short (5), using 36\r\n[    1.860900] scsi host5: storvsc_host_t\r\n[    1.863088] scsi 5:0:0:0: scsi scan: INQUIRY result too short (5), using 36\r\n[    1.865125] scsi 4:1:0:1: scsi scan: INQUIRY result too short (5), using 36\r\n[    1.867212] scsi 5:0:0:1: scsi scan: INQUIRY result too short (5), using 36\r\n[    1.869458] scsi 4:1:1:0: scsi scan: INQUIRY result too short (5), using 36\r\n[    1.871665] sd 3:0:1:0: [sdb] Attached SCSI disk\r\n[    1.873691] psmouse serio1: trackpoint: failed to get extended button data\r\n[    1.876172] scsi 5:0:1:0: scsi scan: INQUIRY result too short (5), using 36\r\n[    1.878259] scsi 5:0:1:1: scsi scan: INQUIRY result too short (5), using 36\r\n[    1.880098] scsi 4:1:1:1: scsi scan: INQUIRY result too short (5), using 36\r\n[    1.882019] scsi 4:2:0:0: scsi scan: INQUIRY result too short (5), using 36\r\n[    1.883844] scsi 5:1:0:0: scsi scan: INQUIRY result too short (5), using 36\r\n[    1.886289] scsi 4:2:0:1: scsi scan: INQUIRY result too short (5), using 36\r\n[    1.888070] scsi 5:1:0:1: scsi scan: INQUIRY result too short (5), using 36\r\n[    1.890473] scsi 5:1:1:0: scsi scan: INQUIRY result too short (5), using 36\r\n[    1.892414] scsi 4:2:1:0: scsi scan: INQUIRY result too short (5), using 36\r\n[    1.894533] scsi 5:1:1:1: scsi scan: INQUIRY result too short (5), using 36\r\n[    1.896678] scsi 4:2:1:1: scsi scan: INQUIRY result too short (5), using 36\r\n[    1.898871] scsi 4:3:0:0: scsi scan: INQUIRY result too short (5), using 36\r\n[    1.901484] scsi 5:2:0:0: scsi scan: INQUIRY result too short (5), using 36\r\n[    1.904224] scsi 5:2:0:1: scsi scan: INQUIRY result too short (5), using 36\r\n[    1.906530] scsi 4:3:0:1: scsi scan: INQUIRY result too short (5), using 36\r\n[    1.908865] scsi 4:3:1:0: scsi scan: INQUIRY result too short (5), using 36\r\n[    1.911114] scsi 5:2:1:0: scsi scan: INQUIRY result too short (5), using 36\r\n[    1.913136] scsi 4:3:1:1: scsi scan: INQUIRY result too short (5), using 36\r\n[    1.914632] scsi 5:2:1:1: scsi scan: INQUIRY result too short (5), using 36\r\n[    1.916378] scsi 4:4:0:0: scsi scan: INQUIRY result too short (5), using 36\r\n[    1.918036] scsi 5:3:0:0: scsi scan: INQUIRY result too short (5), using 36\r\n[    1.919580] scsi 5:3:0:1: scsi scan: INQUIRY result too short (5), using 36\r\n[    1.921161] scsi 4:4:0:1: scsi scan: INQUIRY result too short (5), using 36\r\n[    1.923102] scsi 5:3:1:0: scsi scan: INQUIRY result too short (5), using 36\r\n[    1.924573] scsi 4:4:1:0: scsi scan: INQUIRY result too short (5), using 36\r\n[    1.926181] scsi 5:3:1:1: scsi scan: INQUIRY result too short (5), using 36\r\n[    1.927770] scsi 4:4:1:1: scsi scan: INQUIRY result too short (5), using 36\r\n[    1.929880] scsi 5:4:0:0: scsi scan: INQUIRY result too short (5), using 36\r\n[    1.931502] scsi 4:5:0:0: scsi scan: INQUIRY result too short (5), using 36\r\n[    1.933593] scsi 5:4:0:1: scsi scan: INQUIRY result too short (5), using 36\r\n[    1.935263] scsi 4:5:0:1: scsi scan: INQUIRY result too short (5), using 36\r\n[    1.937012] scsi 5:4:1:0: scsi scan: INQUIRY result too short (5), using 36\r\n[    1.938574] scsi 4:5:1:0: scsi scan: INQUIRY result too short (5), using 36\r\n[    1.940252] scsi 4:5:1:1: scsi scan: INQUIRY result too short (5), using 36\r\n[    1.941845] scsi 5:4:1:1: scsi scan: INQUIRY result too short (5), using 36\r\n[    1.943442] scsi 4:6:0:0: scsi scan: INQUIRY result too short (5), using 36\r\n[    1.944933] scsi 5:5:0:0: scsi scan: INQUIRY result too short (5), using 36\r\n[    1.946515] scsi 5:5:0:1: scsi scan: INQUIRY result too short (5), using 36\r\n[    1.948229] scsi 4:6:0:1: scsi scan: INQUIRY result too short (5), using 36\r\n[    1.949969] scsi 4:6:1:0: scsi scan: INQUIRY result too short (5), using 36\r\n[    1.951518] scsi 5:5:1:0: scsi scan: INQUIRY result too short (5), using 36\r\n[    1.953245] scsi 4:6:1:1: scsi scan: INQUIRY result too short (5), using 36\r\n[    1.954890] scsi 5:5:1:1: scsi scan: INQUIRY result too short (5), using 36\r\n[    1.956458] scsi 4:7:0:0: scsi scan: INQUIRY result too short (5), using 36\r\n[    1.958038] scsi 5:6:0:0: scsi scan: INQUIRY result too short (5), using 36\r\n[    1.959722] scsi 4:7:0:1: scsi scan: INQUIRY result too short (5), using 36\r\n[    1.961182] scsi 5:6:0:1: scsi scan: INQUIRY result too short (5), using 36\r\n[    1.962899] scsi 5:6:1:0: scsi scan: INQUIRY result too short (5), using 36\r\n[    1.964409] scsi 4:7:1:0: scsi scan: INQUIRY result too short (5), using 36\r\n[    1.966098] scsi 5:6:1:1: scsi scan: INQUIRY result too short (5), using 36\r\n[    1.968177] scsi 4:7:1:1: scsi scan: INQUIRY result too short (5), using 36\r\n[    1.969880] scsi 5:7:0:0: scsi scan: INQUIRY result too short (5), using 36\r\n[    1.971415] scsi 5:7:0:1: scsi scan: INQUIRY result too short (5), using 36\r\n[    1.973161] scsi 5:7:1:0: scsi scan: INQUIRY result too short (5), using 36\r\n[    1.974903] scsi 5:7:1:1: scsi scan: INQUIRY result too short (5), using 36\r\nBegin: Loading essential drivers ... done.\r\r\nBegin: Running /scripts/init-premount ... done.\r\r\nBegin: Mounting root file system ... Begin: Running /scripts/local-top ... done.\r\r\nBegin: Running /scripts/local-pemount ... done.\r\r\nBegin: Checking root file system ... fsck from util-linux 2.26.2\r\r\ncloudimg-rootfs: clean, 73604/245504 files, 352114/524032 blocks\r\r\ndone.\r\r\n[    4.467620] EXT4-fs (sda1): mounted filesystem with ordered data mode. Opts: (null)\r\ndone.\r\r\nBegin: Running /scripts/local-bttom ... done.\r\r\nBegin: Running /scripts/init-bottom ... Warning: overlayroot: debug is busted\r\r\n[    4.748704] random: nonblocking pool is initialized\r\ndone.\r\r\n[    6.708074] psmouse serio1: trackpoint: IBM TrackPoint firmware: 0x01, buttons: 0/0\r\n[    6.710813] input: TPPS/2 IBM TrackPoint as /devices/platform/i8042/serio1/input/input3\r\n[    7.274105] systemd[1]: Failed to insert module 'kdbus': Function not implemented\r\n[    7.563397] systemd[1]: systemd 225 running in system mode. (+PAM +AUDIT +SELINUX +IMA +APPARMOR +SMACK +SYSVINIT +UTMP +LIBCRYPTSETUP +GCRYPT +GNUTLS +ACL +XZ -LZ4 +SECCOMP +BLKID -ELFUTILS +KMOD -IDN)\r\n[    7.566416] systemd[1]: Detected virtualization microsoft.\r\n[    7.567501] systemd[1]: Detected architecture x86-64.\r\n\r\r\nWelcome to \u001b[1mUbuntu 15.10\u001b[0m!\r\r\n\r\r\n[    7.707690] systemd[1]: Set hostname to <ubuntu>.\r\n[    7.766980] systemd[1]: Initializing machine ID from random generator.\r\n[    7.768949] systemd[1]: Installed transient /etc/machine-id file.\r\n-.mount\r\r\n[    8.712219] systemd[1]: sshd-keygen.service: Cannot add dependency job, ignoring: Unit sshd-keygen.service failed to load: No such file or directory.\r\n[    8.715524] systemd[1]: sshd-keygen.service: Cannot add dependency job, ignoring: Unit sshd-keygen.service failed to load: No such file or directory.\r\netc-machine\\x2did.mount\r[    8.725158] systemd[1]: display-manager.service: Cannot add dependency job, ignoring: Unit display-manager.service failed to load: No such file or directory.\r\n\r\n[    8.732677] systemd[1]: Reached target Encrypted Volumes.\r\n[[    8.737602] systemd[1]: Set up automount Arbitrary Executable File Formats File System Automount Point.\r\n\u001b[32m  OK  \u001b[0m] Reached target Encrypted Volumes.\r[    8.744172] systemd[1]: Reached target Remote File Systems (Pre).\r\n\r\n[    8.748788] systemd[1]: Started Forward Password Requests to Wall Directory Watch.\r\n[\u001b[32m  OK  \u001b[0m] Set up automount Arbitrary Executab...ats File System Automount Point.\r[    8.756795] systemd[1]: Reached target User and Group Name Lookups.\r\n[    8.758751] systemd[1]: Reached target Swap.\r\n[    8.760427] systemd[1]: Created slice Root Slice.\r\n\r\n[\u001b[32m  OK  \u001b[0m] Reached target Remote File Systems (Pre).\r[    8.767817] systemd[1]: Listening on Journal Audit Socket.\r\n[    8.769594] systemd[1]: Listening on /dev/initctl Compatibility Named Pipe.\r\n[    8.771589] systemd[1]: Listening on Journal Socket.\r\n\r\n[[    8.776183] systemd[1]: Listening on Journal Socket (/dev/log).\r\n[    8.778049] systemd[1]: Created slice User and Session Slice.\r\n\u001b[32m  OK  \u001b[0m] Started Forward Password Requests to Wall Directory Watch.\r\r\n[\u001b[32m  OK  \u001b[0m] Reached target User and Group Name Lookups.\r[    8.786473] systemd[1]: Listening on udev Control Socket.\r\n[    8.787816] systemd[1]: Listening on udev Kernel Socket.\r\n[    8.789423] systemd[1]: Created slice System Slice.\r\n\r\n[\u001b[32m  OK  \u001b[0m] Reached target Swap.\r[    8.794141] systemd[1]: Starting udev Coldplug all Devices...\r\n[    8.796775] systemd[1]: Created slice system-serial\\x2dgetty.slice.\r\n\r\n[\u001b[32m  OK  \u001b[0m] Created slice Root Slice.\r[    8.801141] systemd[1]: Created slice system-getty.slice.\r\n\r\n[\u001b[32m  OK  \u001b[0m] Listening on Journal Audit Socket.\r[    8.806204] systemd[1]: Mounting Debug File System...\r\n\r\n[    8.809216] systemd[1]: Starting Remount Root and Kernel File Systems...\r\n[\u001b[32m  OK  \u001b[0m] Listening on /dev/initctl Compatibility Named Pipe.\r[    8.815292] systemd[1]: Starting Uncomplicated firewall...\r\n\r\n[\u001b[32m  OK  \u001b[0] Listening on Journal Socket.\r\r\n[\u001b[32m  OK  \u001b[0] Listening on ournal Socket (/dev/log).\r\r\n[    8.823761] systemd[1]: Starting Load Kernel Modules...\r\n[    8.826540] systemd[1]: Starting Increase datagram queue length...\r\n[[    8.833706] systemd[1]: Mounting Huge Pages File System...\r\n[    8.834865] systemd[1]: Reached target Slices.\r\n\u001b[32m  OK  \u001b[0m] Created slice User and Session Slice.\r[    8.842037] systemd[1]: Mounting POSIX Message Queue File System...\r\n[    8.845307] systemd[1]: Starting Create list of required static device nodes for the current kernel...\r\n\r\n[\u001b[32m  OK  \u001b[0m] Listening on udev Control Socket.\r\r\n[\u001b[32m  OK  \u001b[0m] Listening on udev Kernel Socket.\r[    8.854333] systemd[1]: Starting Setup Virtual Console...\r\n\r\n[\u001b[32m  OK  \u001b[0m] Created slice System Slice.\r[    8.863182] systemd[1]: Started Load Kernel Modules.\r\n\r\n         Starting udev Coldplug all Devices...\r\r\n[\u001b[32m  OK  \u001b[0m] Created slice system-serial\\x2dgetty.slice.\r[    8.871846] systemd[1]: Started Uncomplicated firewall.\r\n[    8.874169] systemd[1]: Started Increase datagram queue length.\r\n[    8.875634] systemd[1]: Listening on Syslog Socket.\r\n\r\n[\u001b[32m  OK  \u001b[0m] Created slice system-getty.slice.\r\r\n[    8.881607] systemd[1]: Starting Journal Service...\r\n[    8.883593] systemd[1]: Starting Apply Kernel Variables...\r\n         Mounting Debug File System...\r\r\n         Starting Remount Root and Kernel File Systems...\r[    8.895537] systemd[1]: Mounting FUSE Control File System...\r\n\r\n         Starting Uncomplicated firewall...\r\r\n         Starting Load Kernel Modules...\r\r\n[    8.908421] systemd[1]: Mounted FUSE Control File System.\r\n         Starting Increase datagram queue length...\r\r\n[    8.912345] systemd[1]: Mounted Debug File System.\r\n[    8.913434] systemd[1]: Mounted POSIX Message Queue File System.\r\n[    8.914664] systemd[1]: Mounted Huge Pages File System.\r\n         Mounting Huge Pages File System...\r\r\n[[    8.929944] systemd[1]: Started Setup Virtual Console.\r\n\u001b[32m  OK  \u001b[0m] Reached targetSlices.\r\r\n         Mounting POSIX MessageQueue File System...\r\r\n         Startig Create list o required st...nodes for the current kernel...\r\r\n         Starting Setup Virtual Console...\r\r\n[\u001b[32m  OK  \u001b[0m] Started Load Kernel Modules.\r\r\n[\u001b[32m  OK  \u001b[0m] Started Uncomplicated firewall.\r\r\n[\u001b[32m  OK  \u001b[0m] Started Increase datagram queue length.\r\r\n[\u001b[32m  OK  \u001b[0m] Listening on Syslog Socket.\r\r\n         Starting Journal Service...\r\r\n         Starting Apply Kernel Variables...\r\r\n         Mounting FUSE Control File System...\r\r\n[\u001b[32m  OK  \u001b[0m] Mounted FUSE Control File System.\r\r\n[\u001b[32m  OK  \u001b[0m] Mounted Debug File System.\r\r\n[\u001b[32m  OK  \u001b[0m] Mounted POSIX Message Queue File System.\r\r\n[\u001b[32m  OK  \u001b[0m] Mounted Huge Pages File System.\r\r\n[\u001b[32m  OK  \u001b[0m] Started Setup Virtual Console.\r\r\n[\u001b[32m  OK  \u001b[0m] Started Apply Kernel Variables.\r\r\n[\u001b[32m  OK  \u001b[0m] Started udev oldplug all Devices.\r\r\n[\u001b[32m  OK  \u001b[0m] Started Create list of required sta...ce nodes for the current kernel.\r\r\n         Starting Create Static Device Nodes in /dev...\r\r\nsystemd-modules-load.service\r\r\nufw.service\r\r\nsystemd-setup-dram-qlen.servic\r\r\nsys-fs-fuse-conections.mount\r\r\nsys-kernel-debu.mount\r\r\ndev-mqueue.moun\r\r\ndev-hugepages.mount\r\r\nsystemd-vconsole-setup.service\r\r\nsystemd-sysctl.service\r\r\nsystemd-udev-trigger.service\r\r\nkmod-static-nodes.service\r\r\n[\u001b[32m  OK  \u001b[0m] Started Remount Root and Kernel File Systems.\r\r\n         Startig Ensure /etc/mab is a symlinkto /proc/mounts...\r\r\n         Startig Load/Save Ranom Seed...\r\r\nsystemd-remount-fs.service\r\r\n[\u001b[32m  OK  \u001b[0m] Started Load/Save Random Seed.\r\r\nsystemd-random-seed.service\r\r\n[\u001b[32m  OK  \u001b[0m] Started Ensur /etc/mtab is asymlink to /proc/mounts.\r\r\ndebian-fixup.service\r\r\n[\u001b[32m  OK  \u001b[0m] Started Journal Service.\r\r\n         Starting Flush Journal to Persistent Storage...\r\r\nsystemd-journald.service\r\r\n[\u001b[32m  OK  \u001b[0m] Started Create Static Device Nodes in /dev.\r\r\n         Starting udev Kernel Device Manager...\r\r\nsystemd-tmpfiles-setup-dev.service\r\r\n[\u001b[32m  OK  \u001b[0m] Started Flush Journal to Persistent Storage.\r\r\nsystemd-journal-flush.service\r\r\n[\u001b[32m  OK  \u001b[0] Started udev Kernel Device Manager.\r\r\n[\u001b[32m  OK  \u001b[0m] Reached target Local File Systems (Pre).\r\r\n         Mounting /etc/network/interfaces.dynamic.d...\r\r\n[\u001b[32m  OK  \u001b[0m] Mounted /etc/etwork/interfaces.dynamic.d.\r\r\n[\u001b[32m  OK  \u001b[0m] Reached target Local File Systems.\r\r\n         Starting Set console keymap...\r\r\n         Starting LSB: AppArmorinitialization..\r\r\n[\u001b[32m  OK  \u001b[0m] Reached targe Remote File Systems.\r\r\n         Starting Create Volatie Files and Directories...\r\r\n         Starting Clean up any mess left by 0dns-up...\r\r\n         Starting Tell Plymouth To Write Out Runtime Data...\r\r\n         Starting Wait for all \"auto\" /etc/n... up for network-online.target...\r\r\n         Starting Commit a transient machine-id on disk...\r\r\nsystemd-udevd.service\r\r\n[\u001b[32m  OK  \u001b[0m] Started Commit a transient machine-id on disk.\r\r\n[\u001b[32m  OK  \u001b[0m] Started Create Volatile Files and Directories.\r\r\n         Startig Update UTMP aout System Boot/Shutdown...\r\r\n         Starting Network Time Synchronization...\r\r\n[\u001b[32m  OK  \u001b[0m] Started Update UTMP about System Boot/Shutdown.\r\r\n[\u001b[32m  OK  \u001b[0m] Started Clean up any mess left by 0dns-up.\r\r\n         Starting Nameserver information manager...\r\r\n[\u001b[32m  OK  \u001b[0m] Started Nameserver information manager.\r\r\n[\u001b[32m  OK  \u001b[0m] Started Network Time Synchronization.\r\r\n[\u001b[32m  OK  \u001b[0m] Reached target System Time Synchronized.\r\r\netc-network-interfaces.dynamic.d.mount\r\r\n[\u001b[32m  OK  \u001b[0m] Started Set console keymap.\r\r\nsystemd-machine-id-commit.service\r\r\nsystemd-tmpfiles-setup.service\r\r\nsystemd-update-utmp.service\r\r\nresolvconf.service\r\r\n[\u001b[32m  OK  \u001b[0m] Started Tell lymouth To Write Out Runtime Data.\r\r\nsystemd-timesyncd.service\r\r\n[   10.438732] piix4_smbus 0000:00:07.3: SMBus base address uninitialized - upgrade BIOS or use force_addr=0xaddr\r\n[\u001b[32m  OK  \u001b[0m] Found device /dev/ttyS0.\r\r\n[\u001b[32m  OK  \u001b[0m] Created slice ystem-ifup.slic.\r\r\n[\u001b[32m  OK  \u001b[0m] Found device /sys/subsystem/net/devices/eth0.\r\r\n[   10.892427] intel_rapl: no valid rapl domains found in package 0\r\n[\u001b[32m  OK  \u001b[0m] Started LSB: AppArmor initialzation.\r\r\n         Starting LSB: Raise nework interfaces....\r\r\n[\u001b[32m  OK  \u001b[0m] Started ifup for eth0.\r\r\napparmor.servic\r\r\nifup@eth0.servie\r\r\n[\u001b[32m  OK  \u001b[0m] Started LSB: Raise network interfaces..\r\r\n[\u001b[32m  OK  \u001b[0m] Reached target System Initialization.\r\r\n         Starting lxd-unix.socket.\r\r\n[\u001b[32m  OK  \u001b[0m] Started Trigger resolvconf update for networkd DNS.\r\r\n[\u001b[32m  OK  \u001b[0m] Reached target Paths.\r\r\n[\u001b[32m  OK  \u001b[0m] Listening on ACPID Listen Socket.\r\r\n[\u001b[32m  OK  \u001b[0m] Started Daily Cleanup of Temporary Directories.\r\r\n[\u001b[32m  OK  \u001b[0m] Reached target Timers.\r\r\n         Starting Seed the pseudo random number generator on first boot...\r\r\n[\u001b[32m  OK  \u001b[0m] Listening on D-Bus System Message Bus Socket.\r\r\n[\u001b[32m  OK  \u001b[0m] Listening on UUID daemon activation socket.\r\r\n[\u001b[32m  OK  \u001b[0m] Reached target Network.\r\r\n[\u001b[32m  OK  \u001b[0m] Listening on lxd-unix.socket.\r\r\n[\u001b[32m  OK  \u001b[0m] Reached target Sockets.\r\r\n[\u001b[32m  OK  \u001b[0m] Reached target Basic System.\r\r\n         Starting LSB: Starts the Micro Name Service Cache Daemn...\r\r\n         Starting LSB: daemon to balance interrupts for SMP systems...\r\r\n         Startig Restore /etc/resolv.conf i... the ppp link was shut down....\r\r\n[\u001b[32m  OK  \u001b[0m] Started Regular background program processing daemon.\r\r\n         networking.service\r\r\nStarting System Logging Service...\r\r\n         Starting LSB: Set the CPU Frequency Scaling governor to \"ondemand\"...\r\r\n         Starting LSB: Record successful boot for GRUB...\r\r\n[\u001b[32m  OK  \u001b[0m] Started Deferred execution scheduler.\r\r\n[\u001b[32m  OK  \u001b[0m] Started Hyper-V File Copy Protocol Daemon.\r\r\n[\u001b[32m  OK  \u001b[0m] Started D-Bus System Message us.\r\r\ncron.service\r\r\natd.service\r\r\nhv-fcopy-daemon.service\r\r\n         Starting Initial cloud-init job (pre-networking)...\r\r\n         dbus.service\r\r\nStarting Thermal Daemon Service...\r\r\n         Starting Accounts Service...\r\r\n[\u001b[32m  OK  \u001b[0] Started Hyper-V KVP Protocol Daemon.\r\r\n         Starting LSB: automatic crash report generation...\r\r\n[\u001b[32m  OK  \u001b[0m] Started Cgroup management daemon.\r\r\n[\u001b[32m  OK  \u001b[0m] Started FUSE filesystem for LXC.\r\r\n         Starting Login Service...\r\r\n[\u001b[32m  OK  \u001b[0m] Started Hyper-V VSS Protocol Daemon.\r\r\n[\u001b[32m  OK  \u001b[0m] Started Wait for all \"auto\" /etc/ne...be up for network-online.target.\r\r\n[\u001b[32m  OK  \u001b[0m] Started LSB: tarts the Micro Name Service Cache Daemon.\r\r\n[\u001b[32m  OK  \u001b[0m] Started LSB: daemon to balance interrupts for SMP systems.\r\r\n[\u001b[32m  OK  \u001b[0m] Started Restore /etc/resolv.conf if...ore the ppp link was shut down..\r\r\n[\u001b[32m  OK  \u001b[0m] Started LSB: Set the CPU Frequency Scaling governor to \"ondemand\".\r\r\n[\u001b[32m  OK  \u001b[0m] Started LSB: Record successful boot for GRUB.\r\r\n[\u001b[32m  OK  \u001b[0] Reached target Network is Online.\r\r\n         Starting /etc/rc.local Compatibility...\r\r\n         Starting LXC network bridge setup...\r\r\n[\u001b[32m  OK  \u001b[0] Started LSB: automatic crash eport generatio.\r\r\n[\u001b[32m  OK  \u001b[0] Started /etc/c.local Compatibility.\r\r\n[\u001b[32m  OK  \u001b[0m] Started Login Service.\r\r\nhv-kvp-daemon.srvice\r\r\ncgmanager.service\r\r\nlxcfs.service\r\r\nhv-vss-daemon.service\r\r\nifup-wait-all-auto.service\r\r\nunscd.service\r\r\nirqbalance.service\r\r\nondemand.service\r\r\ngrub-common.service\r\r\napport.service\r\r\nrc-local.service\r\r\nrun-cgmanager-fs.mount\r\r\nsystemd-logind.service\r\r\nvar-lib-lxcfs.mount\r\r\n         Starting Authenticate and Authorize Users to Run Privileged Tasks...\r\r\n[\u001b[32m  OK  \u001b[0m] Started Thermal Daemon Servic.\r\r\nthermald.service\r\r\n[\u001b[32m  OK  \u001b[0m] Started Authenticate and Authorize Users to Run Privileged Tasks.\r\r\n[\u001b[32m  OK  \u001b[0m] Started Accounts Service.\r\r\npolkitd.service\r\r\naccounts-daemon.service\r\r\n[\u001b[32m  OK  \u001b[0m] Started LXC network bridge setup.\r\r\n         Starting LXC Container Initialization and Autoboot Code...\r\r\nlxc-net.service\r\r\n[\u001b[32m  OK  \u001b[0m] Started LXC Container Initialization and Autoboot Code.\r\r\n         Starting Container hypervisor based on LXC - boot time check...\r\r\nlxc.service\r\r\n[\u001b[32m  OK  \u001b[0m] Started System Logging Service.\r\r\nrsyslog.service\r\r\n[\u001b[32m  OK  \u001b[0m] Started Seed the pseudo random number generator on first boot.\r\r\n[\u001b[32m  OK  \u001b[0m] Started Container hypervisor based on LXC - boot time check.\r\r\n[   21.280828] cloud-init[769]: Cloud-init v. 0.7.7 running 'init-local' at Thu, 28 Apr 2016 16:46:48 +0000. Up 20.82 seconds.\r\r\n[\u001b[32m  OK  \u001b[0m] Started Initial cloud-init job (pre-networking).\r\r\n         Starting Initial cloud-init job (metadata service crawler)...\r\r\ncloud-init-local.service\r\r\n[   22.032141] blk_update_request: I/O error, dev fd0, sector 0\r\n[   22.072306] blk_update_request: I/O error, dev fd0, sector 0\r\ntmp-tmpyxqxnzeu.mount\r\r\n[   22.270045] cloud-init[989]: + i=eth0\r\r\n[   22.274367] cloud-init[989]: + x=0\r\r\n[   22.277666] cloud-init[989]: + ifdown eth0\r\r\n[   22.302114] cloud-init[989]: Killed old client process\r\r\n[   23.308142] cloud-init[989]: Internet Systems Consortium DHCP Client 4.3.1\r\r\n[   23.309060] cloud-init[989]: Copyright 2004-2014 Internet Systems Consortium.\r\r\n[   23.309874] cloud-init[989]: All rights reserved.\r\r\n[   23.310972] cloud-init[989]: For info, please visit https://www.isc.org/software/dhcp/\r\r\n[   23.320720] cloud-init[989]: Listening on LPF/eth0/00:0d:3a:12:32:83\r\r\n[   23.321304] cloud-init[989]: Sending on   LPF/eth0/00:0d:3a:12:32:83\r\r\n[   23.321893] loud-init[989]: Sending on   Socket/fallback\r\r\n[   23.388446] cloud-init[989]: DHCPRELEASE on eth0 to 168.63.129.16 port 67 (xid=0x2c77848d)\r\r\n[   23.439180] cloud-init[989]: + ifup eth0\r\r\n[   23.459969] cloud-init[989]: InternetSystems Consortum DHCP Client 4.3.1\r\r\n[   23.464641] cloud-init[989]: Copyright 2004-2014 Internet Sytems Consortium.\r\r\n[   23.465374] cloud-init[989]: All rights reserved.\r\r\n[   23.469017] cloud-init[989]: For info, please visit https://www.isc.org/software/dhcp/\r\r\n[   23.481979] cloud-init[989]: Listening on LPF/eth0/00:0d:3a:12:32:83\r\r\n[   23.484766] cloud-init[989]: Sending on   LPF/eth0/00:0d:3a:12:32:83\r\r\n[   23.485465] cloud-init[989]: Sending on   Socket/fallback\r\r\n[   23.486195] cloud-init[989]: DHCPDISCOVER on eth0 to 255.255.255.255 port 67 interval 3 (xid=0xf0d3d65f)\r\r\n[   23.543260] loud-init[989]:DHCPREQUEST of 0.0.0.4 on eth0to 255.255.255.55 port 67 (xid=0x5fd6d3f0)\r\r\n[   23.543973] cloud-init[989]: DHCPOFFER of 10.0.0.4 from 168.63.129.16\r\r\n[   23.579196] cloud-init[989]: DHCPACK of 10.0.0.4 from 168.63.129.16\r\r\n[   23.683532] cloud-init[989]: bound to 10.0.0.4 -- renewal in 4294967295 seconds.\r\r\n[   23.708362] cloud-init[989]: + exit 0\r\r\n[\u001b[32m  OK  \u001b[0m] Started Azure Linux Agent.\r\r\nwalinuxagent.service\r\r\n2016/04/28 16:46:52.540995 INFO Azure Linux Agent Version:2.1.3\r\r\n2016/04/28 16:46:52.547567 INFO OS: ubuntu 15.10\r\r\n2016/04/28 16:46:52.547875 INFO Python: 3.4.3\r\r\n2016/04/28 16:46:52.548144 INFO Run daemon\r\r\n2016/04/28 16:46:52.548400 INFO run Ubuntu provision handler\r\r\n2016/04/28 16:46:52.548624 INFO Waiting cloud-init to copy ovf-env.xml.\r\r\n2016/04/28 16:46:52.551704 INFO Detect protocol endpoints\r\r\n2016/04/28 16:46:52.558130 INFO WireServer endpoint is not found. Rerun dhcp handler\r\r\n2016/04/28 16:46:52.558361 INFO Send dhcp request\r\r\n2016/04/28 16:46:52.640121 INFO Configure routes\r\r\n2016/04/28 16:46:52.644668 INFO Gateway:10.0.0.1\r\r\n2016/04/28 16:46:52.644910 INFO Routes:None\r\r\n2016/04/28 16:46:52.647193 INFO Wire server endpoint:168.63.129.16\r\r\n2016/04/28 16:46:52.658064 INFO Fabric preferred wire protocol version:2015-04-05\r\r\n2016/04/28 16:46:52.658685 INFO Wire protocol version:2012-11-30\r\r\n2016/04/28 16:46:52.658874 WARNING Server prefered version:2015-04-05\r\r\n[   28.628275] blk_update_request: I/O error, dev fd0, sector 0\r\n[   28.668274] blk_update_request: I/O error, dev fd0, sector 0\r\ntmp-tmpf7hv284pmount\r\r\n2016/04/28 16:46:57.097556 INFO Sleep 15 seconds to prevent throttling\r\r\n    32.663824] cloud-init[989]: Cloud-init v. 0.7.7 running 'init' at Thu, 28 Apr 2016 16:46:49 +0000. Up 21.70 seconds.\r\r\n[   32.670255] cloud-init[989]: ci-info: ++++++++++++++++++++++++++++++++++++++Net device info+++++++++++++++++++++++++++++++++++++++\r\r\n[   32.670550] cloud-init[989]: ci-info: +--------+------+------------------------------+---------------+-------+-------------------+\r\r\n[   32.670813] cloud-init[989]: ci-info: | Device |  Up  |           Address            |      Mask     | Scope |     Hw-Address    |\r\r\n[   32.671066] cloud-init[989]: ci-info: +--------+------+------------------------------+---------------+-------+-------------------+\r\r\n[   32.671372] cloud-init[989]: ci-info: | lxcbr0 | True |           10.0.1.1           | 255.255.255.0 |   .   | 76:f6:58:02:6e:36 |\r\r\n[   32.671626] cloud-init[989]: ci-info: | lxcbr0 | True | fe80::74f6:58ff:fe02:6e36/64 |       .       |  link | 76:f6:58:02:6e:36 |\r\r\n[   32.675720] cloud-init[989]: ci-info: |   lo   | True |          127.0.0.1           |   255.0.0.0   |   .   |         .         |\r\r\n[   32.675978] cloud-init[989]: ci-info: |   lo   | True |           ::1/128            |       .       |  host |         .         |\r\r\n[   32.676254] cloud-init[989]: ci-info: |  eth0  | True |           10.0.0.4           | 255.255.255.0 |   .   | 00:0d:3a:12:32:83 |\r\r\n[   32.676516] cloud-init[989]: ci-info: |  eth0  | True | fe80::20d:3aff:fe12:3283/64  |       .       |  link | 00:0d:3a:12:32:83 |\r\r\n[   32.676761] cloud-init[989]: ci-info: +--------+------+------------------------------+---------------+-------+-------------------+\r\r\n[   32.677001] cloud-init[989]: ci-info: +++++++++++++++++++++++++++++Route IPv4 info++++++++++++++++++++++++++++++\r\r\n[   32.689791] cloud-init[989]:ci-info: +-------+---------------+----------+-----------------+-----------+-------+\r\r\n[   32.690113] cloud-init[989]: ci-info: | Route |  Destination  | Gateway  |     Genmask     | Interface | Flags |\r\r\n[   32.690389] cloud-init[989]: ci-info: +-------+---------------+----------+-----------------+-----------+-------+\r\r\n[   32.690643] cloud-init[989]: ci-info: |   0   |    0.0.0.0    | 10.0.0.1 |     0.0.0.0     |    eth0   |   UG  |\r\r\n[   32.690890] cloud-init[989]: ci-info: |   1   |    10.0.0.0   | 0.0.0.0  |  255.255.255.0  |    eth0   |   U   |\r\r\n[   32.691135] cloud-init[989]: ci-info: |   2   |    10.0.1.0   | 0.0.0.0  |  255.255.255.0  |   lxcbr0  |   U   |\r\r\n[   32.691390] cloud-init[989]: ci-info: |   3   | 168.63.129.16 | 10.0.0.1 | 255.255.255.255 |    eth0   |  UGH  |\r\r\n[   32.691636] cloud-init[989]: ci-info: +-------+---------------+----------+-----------------+-----------+-------+\r\r\n[   32.691885] cloud-init[989]: Generating public/private rsa key pair.\r\r\n[   32.692163] cloud-init[989]: Your identification has been saved in /etc/ssh/ssh_host_rsa_key.\r\r\n[   32.692419] cloud-init[989]: Your public key has been saved in /etc/ssh/ssh_host_rsa_key.pub.\r\r\n[   32.692664] cloud-init[989]: The key fingerprint is:\r\r\n[   32.692908] cloud-init[989]:SHA256:LhSat8w3JMkjMKwPf2uBVRhm4mH1bN/j6jAWnPAXM root@xplatvm\r\n[   32.693147] cloud-init[989]: The key's randoart image is:\r\r\n[   32.696033] loud-init[989]: +---[RSA 2048]---+\r\r\n[   32.696345] loud-init[989]:|.o   o*o+ E     |\r\r\n[   32.696613] cloud-init[989]: | oo..*.Bo+       |\r\r\n[   32.696884] cloud-init[989]: |. o.= * =o       |\r\r\n[   32.697142] cloud-init[989]: |   o * o.o       |\r\r\n[   32.697433] cloud-init[989]: |    + * S.       |\r\r\n[   32.697704] cloud-init[989]: |     O =  . .    |\r\r\n[   32.697974] cloud-init[989]: |      % =  o o   |\r\r\n[   32.698223] cloud-init[989]: |     = * .. . .  |\r\r\n[   32.698477] cloud-init[989]: |    o   ..       |\r\r\n[   32.698718] cloud-init[989]: +----[SHA256]-----+\r\r\n[   32.698958] cloud-init[989]: Generating public/private dsa key pair.\r\r\n[   32.710295] cloud-init[989]: Your identification has been saved in /etc/ssh/ssh_host_dsa_key.\r\r\n[   32.710676] cloud-init[989]: Your public key has been saved in /etc/ssh/ssh_host_dsa_key.pub.\r\r\n[   32.711003] cloud-init[989]: The key fingerprint is:\r\r\n[   32.711264] loud-init[989]: SHA256:Dazy32Kkmev/L66Ww+voh/6vPSuz+WGZjlZcFuhPIBQ root@xplatvm\r\r\n[   32.711547] cloud-init[989]: The key's randomart image is:\r\r\n[   32.711795] cloud-init[989]: +---[DSA 1024]----+\r\r\n[   32.712064] cloud-init[989]: |       .E. .     |\r\r\n[   32.712312] cloud-init[989]: |       .. o .    |\r\r\n[   32.712568] cloud-init[989]: |        oo . .   |\r\r\n[   32.712814] cloud-init[989]: |       . o. +    |\r\r\n[   32.713057] cloud-init[989]: |    . . S..=     |\r\r\n[   32.713301] cloud-init[989]: |     o  . oo.    |\r\r\n[   32.713555] cloud-init[989]: |      .B o=      |\r\r\n[   32.722077] cloud-init[989]: |      =o%Bo.     |\r\r\n[   32.722420] cloud-init[989]: |     +*X%#X=.    |\r\r\n[   32.722696] cloud-init[989]: +----[SHA256]-----+\r\r\n[   32.722953] cloud-init[989]: Generating public/private ecdsa key pair.\r\r\n[   32.723206] cloud-init[989]: Your identification has been saved in /etc/ssh/ssh_host_ecdsa_key.\r\r\n[   32.723469] cloud-init[989]: Your public key has been saved in /etc/ssh/ssh_host_ecdsa_key.pub.\r\r\n[   32.723721] cloud-init[989]: The key fingerprint is:\r\r\n[   32.723964] cloud-init[989]: SHA256:D6W1S3wKwXK/Vf303QLOlQP4qXtJd2ZqHzxe2o2gvOc root@xplatvm\r\r\n[   32.724233] cloud-init[989]: The key's randomart image is:\r\r\n[   32.724488] cloud-init[989]: +---[ECDSA 256]---+\r\r\n[   32.724726] cloud-init[989]: |           ..    |\r\r\n[   32.728035] cloud-init[989]: |       .  .  . o |\r\r\n[   32.728347] cloud-init[989]: |      . + o...= o|\r\r\n[   32.734012] cloud-init[989]: |       o B +o+ o=|\r\r\n[   32.734270] cloud-init[989]: |        S =.= . =|\r\r\n[   32.734544] cloud-init[989]: |         =.*. o.+|\r\r\n[   32.734794] cloud-init[989]: |          =o.o O.|\r\r\n[   32.735037] cloud-init[989]: |         ...+.++=|\r\r\n[   32.735277] cloud-init[989]: |          +=E.oo+|\r\r\n[   32.735534] cloud-init[989]: +----[SHA256]-----+\r\r\n[   32.735773] cloud-init[989]: Generating public/private ed25519 key pair.\r\r\n[   32.737086] loud-init[989]: Your identificaion has been saed in /etc/ssh/ssh_host_ed25519key.\r\r\n[   32.737350] cloud-init[989]: Your public key has been saved in /etc/ssh/ssh_host_ed25519_key.pub.\r\r\n[   32.737593] cloud-init[989]: The key fingerprint is:\r\r\n[   32.737831] cloud-init[989]: SHA256:pOA2/G3SePa1l5+e+a96rCde3BTDQMgbCwRV9iLnymg root@xplatvm\r\r\n[   32.738074] cloud-init[989]: The key's randomart image is:\r\r\n[   32.740031] cloud-init[989]: +--[ED25519 256]--+\r\r\n[   32.740325] cloud-init[989]: |       .+ooooo   |\r\r\n[   32.746103] cloud-init[989]: |         ..+. o  |\r\r\n[   32.746375] cloud-init[989]: |    .   ...o+. + |\r\r\n[   32.746629] cloud-init[989]: |   o . o  +o.   o|\r\r\n[   32.746876] cloud-init[989]: |    = . S  .    .|\r\r\n[   32.747120] cloud-init[989]: |   . o +o .  . o |\r\r\n[   32.747376] cloud-init[989]: |      +E*o  ..o..|\r\r\n[   32.748027] cloud-init[989]: |      .= . ..o* +|\r\r\n[   32.748287] cloud-init[989]: |          ..=BoB*|\r\r\n[   32.756030] cloud-init[989]: +----[SHA256]-----+\r\r\n[\u001b[32m  OK  \u001b[0m] Started Initial cloud-init job (metadata service crawler).\r\r\n[\u001b[32m  OK  \u001b[0m] Reached target Cloud-config availability.\r\r\n         Starting Apply the settings specified in cloud-config...\r\r\n         Starting Permit User Sessions...\r\r\n[\u001b[32m  OK  \u001b[0m] Started OpenBSD Secure Shell server.\r\r\n[\u001b[32m  OK  \u001b[0m] Started Permit User Sessions.\r\r\n         Starting Terminate Plymouth Boot Screen...\r\r\n         Starting Wait for Plymouth Boot Screen to Quit...\r\r\ncloud-init.service\r\r\nssh.service\r\r\nsystemd-user-sessions.service\r\r\n\r\r\nUbuntu 15.10 xplatvm ttyS0\r\n\r\nxplatvm login:
[   39.922684] cloud-init[1258]: Generating locales...\r\n[   40.092125] cloud-init[1258]: en_US.UTF-8... up-to-date\r\n[   40.115405] cloud-init[1258]: Generation complete.\r\n[   44.134227] cloud-init[1258]: Cloud-init v. 0.7.7 running 'modules:config' at Thu, 28 Apr 2016 16:47:01 +0000. Up 33.50 seconds.\r\n2016/04/28 16:47:12.108321 INFO Wait for ssh host key to be generated.\r\n2016/04/28 16:47:12.124563 INFO Finished provisioning\r\nci-info: ++Authorized keys from/home/azureuser.ssh/authorized_keys for user aureuser+++\r\nci-info: +---------+-------------------------------------------------+---------+---------+\r\nci-info: | Keytype |                Fingerprint (md5)                | Options | Comment |\r\nci-info: +---------+-------------------------------------------------+---------+---------+\r\nci-info: | ssh-rsa | 8f:df:8f:18:ba:cd:cc:63:7c:1f:ea:ae:ba:09:40:65 |    -    |    -    |\r\nci-info: +---------+-------------------------------------------------+---------+---------+\r\n<14>Apr 28 16:47:12 ec2: \r\n<14>Apr 28 16:4:12 ec2: ###########################################################\r\n<14>Apr 28 16:4:12 ec2: -----BGIN SSH HOST KEY FINGERPRINTS-----\r\n<14>Apr 28 16:47:12 ec2: 1024 SHA256:Dazy32Kkmev/L66Ww+voh/6vPSz+WGZjlZcFuhPIBQ root@xplatvm (DSA)\r\n<14>Apr 28 16:4:12 ec2: 256 SHA256:D6W1S3wKwXK/Vf303QLOlQP4qXtJd2ZqHzxe2o2gvOc root@xplatvm (ECDSA)\r\n<14>Apr 28 16:47:12 ec2: 256 SHA256:pOA2/G3SePa1l5+e+a96rCde3BTDQMgbCwRV9iLnymg root@xplatvm (ED25519)\r\n<14>Apr 28 16:47:12 ec2: 2048 SHA256:LhSat8w3FJMkjMKwPf2uBVRhm4mH1bN/j6jAWnPARXM root@xplatvm (RSA)\r\n<14>Apr 28 16:47:12 ec2: -----END SSH HOST KEY FINGERPRINTS-----\r\n<14>Apr 28 16:47:12 ec2: #############################################################\r\n-----BEGIN SSH OST KEY KEYS----\r\necdsa-sha2-nistp256 AAAAE2VjZHNhLXNoYTItbmlzdHAyNTYAAAAIbmlzdHAyNTYAAABBBG7gvhQjqXLo0NdcylNkVu0b5xSQWn8IaD9hSWduKO4yU7+VmF07j71kD3UrFh2IFwH3m9kqGPRni3+AcrvA4bA= root@xplatvm\r\nssh-ed25519 AAAAC3NzaC1lZDI1NTE5AAAAIFNIHGGTp9p270ddgj70Pa7wI3lzKC8FEj2zYjsKcdD2 root@xplatvm\r\nssh-rsa AAAAB3NzaC1yc2EAAAADAQABAAABAQCbSVu3sEEbSRREb9pLWBtizuM7dHU6ChYPBMcvQI2iHOrbPawM+lJhFHgZ+jJHrr9L+4o4EKVcMR2B/X8RIk6m0dagz4mpF7AklMc7gK/faF5io9lAgkGwGcRQ8dtERUU2IGKCuFye0Gh//Sua5cD5Rj8cqBwkhnLqtkhc32x6zakfYEa3p1Mt3DOm/Q0VQEdZrvTDXWQZDmyn6xpwyHBFMol4daqXQcadEfjIwCqrebZrHkWREE0WoP5W6ni8qL+m5GLH1B8EbschZ3RZ52NXSm2F0JsK8QEm1WKdrK8AgUszD0qKiL9q8i3WbRDJurhNobcw9x4pjh4OEcpHT root@xplatvm\r\n-----END SSH HOST KEY KEYS-----\r\n[   45.058869] cloud-init[1365]: Cloud-init v. 0.7.7 running 'modules:final' at Thu, 28 Apr 2016 16:47:12 +0000. Up 44.56 seconds.\r\n[   45.088402] cloud-init[1365]: Cloud-init v. 0.7.7 finished at Thu, 28 Apr 2016 16:47:12 +0000. Datasource DataSourceAzureNet [seed=/dev/sr0].  Up 45.03 seconds\r\n2016/04/28 16:47:14.749183 INFO Event: name=WALA, op=Provision, message=Provision succeed\r\n2016/04/28 16:47:14.756967 INFO Detect protocol endpoints\r\n2016/04/28 16:47:14.762865 INFO Start env monitor service.\r\n2016/04/28 16:47:14.767210 INFO Configure routes\r\n2016/04/28 16:47:14.777065 INFO Gateway:10.0.0.1\r\n2016/04/28 16:47:14.791454 INFO Event: name=WALA, op=HeartBeat, message=\r\n2016/04/28 16:47:14.797904 INFO Routes:None\r\n2016/04/28 16:47:14.843084 INFO Set block dev timeout: sda with timeout: 300\r\n2016/04/28 16:47:14.852352 INFO Set block dev timeout: sdb with timeout: 300\r\n2016/04/28 16:47:15.852276 INFO Handle new ext handler config\r\n2016/04/28 16:47:15.858451 INFO No ext handler config found\r\n2016/04/28 16:47:16.009781 INFO Successfully reported vm agent status\r\n1116/04/28 16:48:59.349770 INFO Handle new ext handler config\r\n2016/04/28 16:48:59.355407 INFO No ext handler config found\r\n2016/04/28 16:48:59.474606 INFO Successfully reported vm agent status\r\n2016/04/28 16:5:2222222 INFO Handle new ext handler config\r\n2016/04/28 16:54:33.028411 INFO No ext handler config found\r\n2016/04/28 16:54:33.134662 INFO Successfully reported vm agent status\r\n1116/04/28 16:56:43.703696 INFO Handle new ext handler config\r\n2016/04/28 16:56:43.708649 INFO No ext handler config found\r\n2016/04/28 16:56:44.066510 INFO Successfully reported vm agent status\r\n0016/04/28 16:57:38.324840 INFO Handle new ext handler config\r\n2016/04/28 16:57:38.329573 INFO No ext handler config found\r\n2016/04/28 16:57:38.538610 INFO Successfully reported vm agent status\r\n\u0000\u0000\u0000\u0000\u0000\u0000\u0000\u0000\u0000\u0000\u0000\u0000\u0000\u0000\u0000\u0000\u0000\u0000\u0000\u0000\u0000\u0000\u0000\u0000\u0000\u0000\u0000\u0000\u0000\u0000\u0000\u0000\u0000\u0000\u0000\u0000\u0000\u0000\u0000\u0000\u0000\u0000\u0000\u0000\u0000\u0000\u0000\u0000\u0000\u0000\u0000\u0000\u0000\u0000\u0000\u0000\u0000\u0000\u0000\u0000\u0000\u0000\u0000\u0000\u0000\u0000\u0000\u0000\u0000\u0000\u0000\u0000\u0000\u0000\u0000\u0000\u0000\u0000\u0000\u0000\u0000\u0000\u0000\u0000\u0000\u0000\u0000\u0000\u0000\u0000\u0000\u0000\u0000\u0000\u0000\u0000\u0000\u0000\u0000\u0000\u0000\u0000\u0000\u0000\u0000\u0000\u0000\u0000\u0000\u0000\u0000\u0000\u0000\u0000\u0000\u0000\u0000\u0000\u0000\u0000\u0000\u0000\u0000\u0000\u0000\u0000\u0000\u0000\u0000\u0000\u0000\u0000\u0000\u0000\u0000\u0000\u0000\u0000\u0000\u0000\u0000\u0000\u0000\u0000\u0000\u0000\u0000\u0000\u0000\u0000\u0000\u0000\u0000\u0000\u0000\u0000\u0000\u0000\u0000\u0000\u0000\u0000\u0000\u0000\u0000\u0000\u0000\u0000\u0000\u0000\u0000\u0000\u0000\u0000\u0000\u0000\u0000\u0000\u0000\u0000\u0000\u0000\u0000\u0000\u0000\u0000\u0000\u0000\u0000\u0000\u0000\u0000\u0000\u0000\u0000\u0000\u0000\u0000\u0000\u0000\u0000\u0000\u0000\u0000\u0000\u0000\u0000\u0000\u0000\u0000\u0000\u0000\u0000\u0000\u0000\u0000\u0000\u0000\u0000\u0000\u0000\u0000\u0000\u0000\u0000\u0000\u0000\u0000\u0000\u0000\u0000\u0000\u0000\u0000\u0000\u0000\u0000\u0000\u0000\u0000\u0000\u0000\u0000\u0000\u0000\u0000\u0000\u0000\u0000\u0000\u0000\u0000\u0000\u0000\u0000\u0000\u0000\u0000\u0000\u0000\u0000\u0000\u0000\u0000\u0000\u0000\u0000\u0000\u0000\u0000\u0000\u0000\u0000\u0000\u0000\u0000\u0000\u0000\u0000\u0000\u0000\u0000\u0000\u0000\u0000\u0000\u0000\u0000\u0000\u0000\u0000\u0000\u0000\u0000\u0000\u0000", { 'content-length': '60928',
  'content-type': 'text/plain',
  'last-modified': 'Thu, 28 Apr 2016 16:57:59 GMT',
  'accept-ranges': 'bytes',
  etag: '"0x8D36F8640C9630B"',
  server: 'Windows-Azure-Blob/1.0 Microsoft-HTTPAPI/2.0',
  'x-ms-request-id': 'c2112400-0001-0109-0f6f-a19494000000',
  'x-ms-version': '2015-02-21',
  'x-ms-write-protection': 'false',
  'x-ms-lease-status': 'unlocked',
  'x-ms-lease-state': 'available',
  'x-ms-blob-type': 'PageBlob',
  'x-ms-blob-sequence-number': '0',
  date: 'Thu, 28 Apr 2016 16:58:27 GMT',
  connection: 'close' });
 return result; },
function (nock) { 
var result = 
nock('https://xplatteststorage16265.blob.core.windows.net:443')
  .get('/bootdiagnostics-xplatvm-f5b8ae72-b109-4eac-a91e-9cf1c33076a7/xplatvm.f5b8ae72-b109-4eac-a91e-9cf1c33076a7.serialconsole.log')
