// This file has been autogenerated.

var profile = require('../../../lib/util/profile');

exports.getMockedProfile = function () {
  var newProfile = new profile.Profile();

  newProfile.addSubscription(new profile.Subscription({
    id: 'e33f361b-53c2-4cc7-b829-78906708387b',
    name: 'Microsoft Azure Internal Consumption',
    user: {
      name: 'user@domain.example',
      type: 'servicePrincipal'
    },
    tenantId: '72f988bf-86f1-41af-91ab-2d7cd011db47',
    state: 'Enabled',
    registeredProviders: [],
    isDefault: true
  }, newProfile.environments['AzureCloud']));

  return newProfile;
};

exports.setEnvironment = function() {
  process.env['AZURE_VM_TEST_LOCATION'] = 'eastus';
  process.env['SSHCERT'] = 'test/myCert.pem';
};

exports.scopes = [[function (nock) { 
var result = 
nock('http://management.azure.com:443')
  .get('/subscriptions/e33f361b-53c2-4cc7-b829-78906708387b/resourceGroups/xplatTestGVMCreate1542/providers/Microsoft.Compute/virtualMachines/xplatvm?$expand=instanceView&api-version=2015-06-15')
  .reply(200, "{\r\n  \"properties\": {\r\n    \"vmId\": \"e72cd0a4-7a93-4ff2-993d-7600b9fdaa26\",\r\n    \"hardwareProfile\": {\r\n      \"vmSize\": \"Standard_A1\"\r\n    },\r\n    \"storageProfile\": {\r\n      \"osDisk\": {\r\n        \"osType\": \"Linux\",\r\n        \"name\": \"cliabf6fa9c0818dfc7-os-1453922989200\",\r\n        \"createOption\": \"FromImage\",\r\n        \"image\": {\r\n          \"uri\": \"https://xplatteststorage12085.blob.core.windows.net/system/Microsoft.Compute/Images/vhds/xplatvm3-osDisk.59c975a8-728d-4491-9b9c-131f60bd5a0a.vhd\"\r\n        },\r\n        \"vhd\": {\r\n          \"uri\": \"https://xplatteststorage12085.blob.core.windows.net/xplatteststoragecnt15650/cliabf6fa9c0818dfc7-os-1453922989200.vhd\"\r\n        },\r\n        \"caching\": \"ReadWrite\"\r\n      },\r\n      \"dataDisks\": []\r\n    },\r\n    \"osProfile\": {\r\n      \"computerName\": \"xplatvm\",\r\n      \"adminUsername\": \"azureuser\",\r\n      \"linuxConfiguration\": {\r\n        \"disablePasswordAuthentication\": false\r\n      },\r\n      \"secrets\": []\r\n    },\r\n    \"networkProfile\": {\"networkInterfaces\":[{\"id\":\"/subscriptions/e33f361b-53c2-4cc7-b829-78906708387b/resourceGroups/xplatTestGVMCreate1542/providers/Microsoft.Network/networkInterfaces/xplattestnic\"}]},\r\n    \"diagnosticsProfile\": {\r\n      \"bootDiagnostics\": {\r\n        \"enabled\": true,\r\n        \"storageUri\": \"https://xplatteststorage12085.blob.core.windows.net/\"\r\n      }\r\n    },\r\n    \"provisioningState\": \"Succeeded\",\r\n    \"instanceView\": {\r\n      \"vmAgent\": {\r\n        \"vmAgentVersion\": \"WALinuxAgent-2.0.14\",\r\n        \"statuses\": [\r\n          {\r\n            \"code\": \"ProvisioningState/succeeded\",\r\n            \"level\": \"Info\",\r\n            \"displayStatus\": \"Ready\",\r\n            \"message\": \"GuestAgent is running and accepting new configurations.\",\r\n            \"time\": \"2016-01-27T19:40:37+00:00\"\r\n          }\r\n        ],\r\n        \"extensionHandlers\": []\r\n      },\r\n      \"disks\": [\r\n        {\r\n          \"name\": \"cliabf6fa9c0818dfc7-os-1453922989200\",\r\n          \"statuses\": [\r\n            {\r\n              \"code\": \"ProvisioningState/succeeded\",\r\n              \"level\": \"Info\",\r\n              \"displayStatus\": \"Provisioning succeeded\",\r\n              \"time\": \"2016-01-27T19:29:55.4608673+00:00\"\r\n            }\r\n          ]\r\n        }\r\n      ],\r\n      \"bootDiagnostics\": {\r\n        \"consoleScreenshotBlobUri\": \"https://xplatteststorage12085.blob.core.windows.net/bootdiagnostics-xplatvm-e72cd0a4-7a93-4ff2-993d-7600b9fdaa26/xplatvm.e72cd0a4-7a93-4ff2-993d-7600b9fdaa26.screenshot.bmp\",\r\n        \"serialConsoleLogBlobUri\": \"https://xplatteststorage12085.blob.core.windows.net/bootdiagnostics-xplatvm-e72cd0a4-7a93-4ff2-993d-7600b9fdaa26/xplatvm.e72cd0a4-7a93-4ff2-993d-7600b9fdaa26.serialconsole.log\"\r\n      },\r\n      \"statuses\": [\r\n        {\r\n          \"code\": \"ProvisioningState/succeeded\",\r\n          \"level\": \"Info\",\r\n          \"displayStatus\": \"Provisioning succeeded\",\r\n          \"time\": \"2016-01-27T19:31:23.9145627+00:00\"\r\n        },\r\n        {\r\n          \"code\": \"PowerState/running\",\r\n          \"level\": \"Info\",\r\n          \"displayStatus\": \"VM running\"\r\n        }\r\n      ]\r\n    }\r\n  },\r\n  \"id\": \"/subscriptions/e33f361b-53c2-4cc7-b829-78906708387b/resourceGroups/xplatTestGVMCreate1542/providers/Microsoft.Compute/virtualMachines/xplatvm\",\r\n  \"name\": \"xplatvm\",\r\n  \"type\": \"Microsoft.Compute/virtualMachines\",\r\n  \"location\": \"eastus\",\r\n  \"tags\": {\r\n    \"a\": \"b\",\r\n    \"b\": \"c\",\r\n    \"d\": \"\"\r\n  }\r\n}", { 'cache-control': 'no-cache',
  pragma: 'no-cache',
  'content-length': '3369',
  'content-type': 'application/json; charset=utf-8',
  expires: '-1',
  'strict-transport-security': 'max-age=31536000; includeSubDomains',
  'x-ms-served-by': 'db2c81f2-c6fa-41a7-b70e-bc4bed3c3b56_130983958640259585',
  'x-ms-request-id': 'c84b8421-59be-42ee-a55d-34746b48ccfc',
  server: 'Microsoft-HTTPAPI/2.0, Microsoft-HTTPAPI/2.0',
  'x-ms-ratelimit-remaining-subscription-reads': '14954',
  'x-ms-correlation-request-id': 'da20f55c-ff01-41c5-90b5-929ec26bba21',
  'x-ms-routing-request-id': 'CENTRALUS:20160127T194100Z:da20f55c-ff01-41c5-90b5-929ec26bba21',
  date: 'Wed, 27 Jan 2016 19:40:59 GMT',
  connection: 'close' });
 return result; },
function (nock) { 
var result = 
nock('https://management.azure.com:443')
  .get('/subscriptions/e33f361b-53c2-4cc7-b829-78906708387b/resourceGroups/xplatTestGVMCreate1542/providers/Microsoft.Compute/virtualMachines/xplatvm?$expand=instanceView&api-version=2015-06-15')
  .reply(200, "{\r\n  \"properties\": {\r\n    \"vmId\": \"e72cd0a4-7a93-4ff2-993d-7600b9fdaa26\",\r\n    \"hardwareProfile\": {\r\n      \"vmSize\": \"Standard_A1\"\r\n    },\r\n    \"storageProfile\": {\r\n      \"osDisk\": {\r\n        \"osType\": \"Linux\",\r\n        \"name\": \"cliabf6fa9c0818dfc7-os-1453922989200\",\r\n        \"createOption\": \"FromImage\",\r\n        \"image\": {\r\n          \"uri\": \"https://xplatteststorage12085.blob.core.windows.net/system/Microsoft.Compute/Images/vhds/xplatvm3-osDisk.59c975a8-728d-4491-9b9c-131f60bd5a0a.vhd\"\r\n        },\r\n        \"vhd\": {\r\n          \"uri\": \"https://xplatteststorage12085.blob.core.windows.net/xplatteststoragecnt15650/cliabf6fa9c0818dfc7-os-1453922989200.vhd\"\r\n        },\r\n        \"caching\": \"ReadWrite\"\r\n      },\r\n      \"dataDisks\": []\r\n    },\r\n    \"osProfile\": {\r\n      \"computerName\": \"xplatvm\",\r\n      \"adminUsername\": \"azureuser\",\r\n      \"linuxConfiguration\": {\r\n        \"disablePasswordAuthentication\": false\r\n      },\r\n      \"secrets\": []\r\n    },\r\n    \"networkProfile\": {\"networkInterfaces\":[{\"id\":\"/subscriptions/e33f361b-53c2-4cc7-b829-78906708387b/resourceGroups/xplatTestGVMCreate1542/providers/Microsoft.Network/networkInterfaces/xplattestnic\"}]},\r\n    \"diagnosticsProfile\": {\r\n      \"bootDiagnostics\": {\r\n        \"enabled\": true,\r\n        \"storageUri\": \"https://xplatteststorage12085.blob.core.windows.net/\"\r\n      }\r\n    },\r\n    \"provisioningState\": \"Succeeded\",\r\n    \"instanceView\": {\r\n      \"vmAgent\": {\r\n        \"vmAgentVersion\": \"WALinuxAgent-2.0.14\",\r\n        \"statuses\": [\r\n          {\r\n            \"code\": \"ProvisioningState/succeeded\",\r\n            \"level\": \"Info\",\r\n            \"displayStatus\": \"Ready\",\r\n            \"message\": \"GuestAgent is running and accepting new configurations.\",\r\n            \"time\": \"2016-01-27T19:40:37+00:00\"\r\n          }\r\n        ],\r\n        \"extensionHandlers\": []\r\n      },\r\n      \"disks\": [\r\n        {\r\n          \"name\": \"cliabf6fa9c0818dfc7-os-1453922989200\",\r\n          \"statuses\": [\r\n            {\r\n              \"code\": \"ProvisioningState/succeeded\",\r\n              \"level\": \"Info\",\r\n              \"displayStatus\": \"Provisioning succeeded\",\r\n              \"time\": \"2016-01-27T19:29:55.4608673+00:00\"\r\n            }\r\n          ]\r\n        }\r\n      ],\r\n      \"bootDiagnostics\": {\r\n        \"consoleScreenshotBlobUri\": \"https://xplatteststorage12085.blob.core.windows.net/bootdiagnostics-xplatvm-e72cd0a4-7a93-4ff2-993d-7600b9fdaa26/xplatvm.e72cd0a4-7a93-4ff2-993d-7600b9fdaa26.screenshot.bmp\",\r\n        \"serialConsoleLogBlobUri\": \"https://xplatteststorage12085.blob.core.windows.net/bootdiagnostics-xplatvm-e72cd0a4-7a93-4ff2-993d-7600b9fdaa26/xplatvm.e72cd0a4-7a93-4ff2-993d-7600b9fdaa26.serialconsole.log\"\r\n      },\r\n      \"statuses\": [\r\n        {\r\n          \"code\": \"ProvisioningState/succeeded\",\r\n          \"level\": \"Info\",\r\n          \"displayStatus\": \"Provisioning succeeded\",\r\n          \"time\": \"2016-01-27T19:31:23.9145627+00:00\"\r\n        },\r\n        {\r\n          \"code\": \"PowerState/running\",\r\n          \"level\": \"Info\",\r\n          \"displayStatus\": \"VM running\"\r\n        }\r\n      ]\r\n    }\r\n  },\r\n  \"id\": \"/subscriptions/e33f361b-53c2-4cc7-b829-78906708387b/resourceGroups/xplatTestGVMCreate1542/providers/Microsoft.Compute/virtualMachines/xplatvm\",\r\n  \"name\": \"xplatvm\",\r\n  \"type\": \"Microsoft.Compute/virtualMachines\",\r\n  \"location\": \"eastus\",\r\n  \"tags\": {\r\n    \"a\": \"b\",\r\n    \"b\": \"c\",\r\n    \"d\": \"\"\r\n  }\r\n}", { 'cache-control': 'no-cache',
  pragma: 'no-cache',
  'content-length': '3369',
  'content-type': 'application/json; charset=utf-8',
  expires: '-1',
  'strict-transport-security': 'max-age=31536000; includeSubDomains',
  'x-ms-served-by': 'db2c81f2-c6fa-41a7-b70e-bc4bed3c3b56_130983958640259585',
  'x-ms-request-id': 'c84b8421-59be-42ee-a55d-34746b48ccfc',
  server: 'Microsoft-HTTPAPI/2.0, Microsoft-HTTPAPI/2.0',
  'x-ms-ratelimit-remaining-subscription-reads': '14954',
  'x-ms-correlation-request-id': 'da20f55c-ff01-41c5-90b5-929ec26bba21',
  'x-ms-routing-request-id': 'CENTRALUS:20160127T194100Z:da20f55c-ff01-41c5-90b5-929ec26bba21',
  date: 'Wed, 27 Jan 2016 19:40:59 GMT',
  connection: 'close' });
 return result; },
function (nock) { 
var result = 
nock('http://management.azure.com:443')
  .post('/subscriptions/e33f361b-53c2-4cc7-b829-78906708387b/resourceGroups/xplatTestGVMCreate1542/providers/Microsoft.Storage/storageAccounts/xplatteststorage12085/listKeys?api-version=2015-06-15')
  .reply(200, "{\"key1\":\"XOIfJIMH+gI4e+gTKCH7RliIlwJw81VSPwTj0TEydMX48gIVJMtK1KvDRpsKTfTQhkB465WvLd92+cuX3pW6jw==\",\"key2\":\"l8nnSyPFOO2gnG9DzyyQgDcyho0n60ChbeXbSJa2Ju7XKQ4zzLF5P6c3dtTF8ciSZHOikguu+UV98pGnQVq9qQ==\"}\n", { 'cache-control': 'no-cache',
  pragma: 'no-cache',
  'content-length': '198',
  'content-type': 'application/json',
  expires: '-1',
  'x-ms-request-id': '95d9a290-b095-4eba-95f9-80797b0e3191',
  server: 'Microsoft-Azure-Storage-Resource-Provider/1.0, Microsoft-HTTPAPI/2.0',
  'x-ms-ratelimit-remaining-subscription-writes': '1199',
  'x-ms-correlation-request-id': '95d9a290-b095-4eba-95f9-80797b0e3191',
  'x-ms-routing-request-id': 'CENTRALUS:20160127T194101Z:95d9a290-b095-4eba-95f9-80797b0e3191',
  'strict-transport-security': 'max-age=31536000; includeSubDomains',
  date: 'Wed, 27 Jan 2016 19:41:00 GMT',
  connection: 'close' });
 return result; },
function (nock) { 
var result = 
nock('https://management.azure.com:443')
  .post('/subscriptions/e33f361b-53c2-4cc7-b829-78906708387b/resourceGroups/xplatTestGVMCreate1542/providers/Microsoft.Storage/storageAccounts/xplatteststorage12085/listKeys?api-version=2015-06-15')
  .reply(200, "{\"key1\":\"XOIfJIMH+gI4e+gTKCH7RliIlwJw81VSPwTj0TEydMX48gIVJMtK1KvDRpsKTfTQhkB465WvLd92+cuX3pW6jw==\",\"key2\":\"l8nnSyPFOO2gnG9DzyyQgDcyho0n60ChbeXbSJa2Ju7XKQ4zzLF5P6c3dtTF8ciSZHOikguu+UV98pGnQVq9qQ==\"}\n", { 'cache-control': 'no-cache',
  pragma: 'no-cache',
  'content-length': '198',
  'content-type': 'application/json',
  expires: '-1',
  'x-ms-request-id': '95d9a290-b095-4eba-95f9-80797b0e3191',
  server: 'Microsoft-Azure-Storage-Resource-Provider/1.0, Microsoft-HTTPAPI/2.0',
  'x-ms-ratelimit-remaining-subscription-writes': '1199',
  'x-ms-correlation-request-id': '95d9a290-b095-4eba-95f9-80797b0e3191',
  'x-ms-routing-request-id': 'CENTRALUS:20160127T194101Z:95d9a290-b095-4eba-95f9-80797b0e3191',
  'strict-transport-security': 'max-age=31536000; includeSubDomains',
  date: 'Wed, 27 Jan 2016 19:41:00 GMT',
  connection: 'close' });
 return result; },
function (nock) { 
var result = 
nock('http://xplatteststorage12085.blob.core.windows.net:443')
  .head('/bootdiagnostics-xplatvm-e72cd0a4-7a93-4ff2-993d-7600b9fdaa26/xplatvm.e72cd0a4-7a93-4ff2-993d-7600b9fdaa26.serialconsole.log')
  .reply(200, "", { 'content-length': '64000',
  'last-modified': 'Wed, 27 Jan 2016 19:31:35 GMT',
  'accept-ranges': 'bytes',
  etag: '"0x8D3275077DA1124"',
  server: 'Windows-Azure-Blob/1.0 Microsoft-HTTPAPI/2.0',
  'x-ms-request-id': '1cd4adbb-0001-0001-2e3a-592782000000',
  'x-ms-version': '2015-02-21',
  'x-ms-lease-status': 'unlocked',
  'x-ms-lease-state': 'available',
  'x-ms-blob-type': 'PageBlob',
  'x-ms-blob-sequence-number': '0',
  date: 'Wed, 27 Jan 2016 19:41:01 GMT',
  connection: 'close' });
 return result; },
function (nock) { 
var result = 
nock('https://xplatteststorage12085.blob.core.windows.net:443')
  .head('/bootdiagnostics-xplatvm-e72cd0a4-7a93-4ff2-993d-7600b9fdaa26/xplatvm.e72cd0a4-7a93-4ff2-993d-7600b9fdaa26.serialconsole.log')
  .reply(200, "", { 'content-length': '64000',
  'last-modified': 'Wed, 27 Jan 2016 19:31:35 GMT',
  'accept-ranges': 'bytes',
  etag: '"0x8D3275077DA1124"',
  server: 'Windows-Azure-Blob/1.0 Microsoft-HTTPAPI/2.0',
  'x-ms-request-id': '1cd4adbb-0001-0001-2e3a-592782000000',
  'x-ms-version': '2015-02-21',
  'x-ms-lease-status': 'unlocked',
  'x-ms-lease-state': 'available',
  'x-ms-blob-type': 'PageBlob',
  'x-ms-blob-sequence-number': '0',
  date: 'Wed, 27 Jan 2016 19:41:01 GMT',
  connection: 'close' });
 return result; },
function (nock) { 
var result = 
nock('http://xplatteststorage12085.blob.core.windows.net:443')
  .get('/bootdiagnostics-xplatvm-e72cd0a4-7a93-4ff2-993d-7600b9fdaa26/xplatvm.e72cd0a4-7a93-4ff2-993d-7600b9fdaa26.serialconsole.log')
  .reply(200, "\u001b[H\u001b[J\u001b[1;1H[    0.000000] Initializing cgroup subsys cpuset\r\n[    0.000000] Initializing cgroup subsys cpu\r\n[    0.000000] Initializing cgroup subsys cpuacct\r\n[    0.000000] Linux version 3.19.0-47-generic (buildd@lgw01-56) (gcc version 4.9.2 (Ubuntu 4.9.2-10ubuntu13) ) #53-Ubuntu SMP Mon Jan 18 14:02:48 UTC 2016 (Ubuntu 3.19.0-47.53-generic 3.19.8-ckt10)\r\n[    0.000000] Command line: BOOT_IMAGE=/boot/vmlinuz-3.19.0-47-generic root=UUID=39dbc619-b3fa-4d08-8b49-5c548c9259f7 ro console=tty1 console=ttyS0 earlyprintk=ttyS0 rootdelay=300\r\n[    0.000000] KERNEL supported cpus:\r\n[    0.000000]   Intel GenuineIntel\r\n[    0.000000]   AMD AuthenticAMD\r\n[    0.000000]   Centaur CentaurHauls\r\n[    0.000000] e820: BIOS-provided physical RAM map:\r\n[    0.000000] BIOS-e820: [mem 0x0000000000000000-0x000000000009fbff] usable\r\n[    0.000000] BIOS-e820: [mem 0x000000000009fc00-0x000000000009ffff] reserved\r\n[    0.000000] BIOS-e820: [mem 0x00000000000e0000-0x00000000000fffff] reserved\r\n[    0.000000] BIOS-e820: [mem 0x0000000000100000-0x000000001ffeffff] usable\r\n[    0.000000] BIOS-e820: [mem 0x000000001fff0000-0x000000001fffefff] ACPI data\r\n[    0.000000] BIOS-e820: [mem 0x000000001ffff000-0x000000001fffffff] ACPI NVS\r\n[    0.000000] BIOS-e820: [mem 0x0000000100000000-0x000000014fffffff] usable\r\n[    0.000000] bootconsole [earlyser0] enabled\r\n[    0.000000] NX (Execute Disable) protection: active\r\n[    0.000000] SMBIOS 2.3 present.\r\n[    0.000000] Hypervisor detected: Microsoft HyperV\r\n[    0.000000] HyperV: features 0xe7f, hints 0x2c\r\n[    0.000000] HyperV: LAPIC Timer Frequency: 0xc3500\r\n[    0.000000] tsc: Marking TSC unstable due to running on Hyper-V\r\n[    0.000000] AGP: No AGP bridge found\r\n[    0.000000] e820: last_pfn = 0x150000 max_arch_pfn = 0x400000000\r\n[    0.000000] PAT configuration [0-7]: WB  WC  UC- UC  WB  WC  UC- UC  \r\n[    0.000000] e820: last_pfn = 0x1fff0 max_arch_pfn = 0x400000000\r\n[    0.000000] found SMP MP-table at [mem 0x000ff780-0x000ff78f] mapped at [ffff8800000ff780]\r\n[    0.000000] Scanning 1 areas for low memory corruption\r\n[    0.000000] init_memory_mapping: [mem 0x00000000-0x000fffff]\r\n[    0.000000] init_memory_mapping: [mem 0x14fe00000-0x14fffffff]\r\n[    0.000000] init_memory_mapping: [mem 0x140000000-0x14fdfffff]\r\n[    0.000000] init_memory_mapping: [mem 0x120000000-0x13fffffff]\r\n[    0.000000] init_memory_mapping: [mem 0x00100000-0x1ffeffff]\r\n[    0.000000] init_memory_mapping: [mem 0x100000000-0x11fffffff]\r\n[    0.000000] RAMDISK: [mem 0x1dd1d000-0x1f7b7fff]\r\n[    0.000000] ACPI: Early table checksum verification disabled\r\n[    0.000000] ACPI: RSDP 0x00000000000F56F0 000014 (v00 ACPIAM)\r\n[    0.000000] ACPI: RSDT 0x000000001FFF0000 000040 (v01 VRTUAL MICROSFT 05001223 MSFT 00000097)\r\n[    0.000000] ACPI: FACP 0x000000001FFF0200 000081 (v02 VRTUAL MICROSFT 05001223 MSFT 00000097)\r\n[    0.000000] ACPI: DSDT 0x000000001FFF1724 002E78 (v01 MSFTVM MSFTVM02 00000002 INTL 02002026)\r\n[    0.000000] ACPI: FACS 0x000000001FFFF000 000040\r\n[    0.000000] ACPI: WAET 0x000000001FFF1480 000028 (v01 VRTUAL MICROSFT 05001223 MSFT 00000097)\r\n[    0.000000] ACPI: SLIC 0x000000001FFF14C0 000176 (v01 VRTUAL MICROSFT 05001223 MSFT 00000097)\r\n[    0.000000] ACPI: OEM0 0x000000001FFF16C0 000064 (v01 VRTUAL MICROSFT 05001223 MSFT 00000097)\r\n[    0.000000] ACPI: SRAT 0x000000001FFF0600 000090 (v02 VRTUAL MICROSFT 00000001 MSFT 00000001)\r\n[    0.000000] ACPI: APIC 0x000000001FFF0300 00024C (v01 VRTUAL MICROSFT 05001223 MSFT 00000097)\r\n[    0.000000] ACPI: OEMB 0x000000001FFFF040 000064 (v01 VRTUAL MICROSFT 05001223 MSFT 00000097)\r\n[    0.000000] SRAT: PXM 0 -> APIC 0x00 -> Node 0\r\n[    0.000000] SRAT: Node 0 PXM 0 [mem 0x00000000-0x1fffffff]\r\n[    0.000000] SRAT: Node 0 PXM 0 [mem 0x100000000-0x14fffffff]\r\n[    0.000000] NUMA: Node 0 [mem 0x00000000-0x1fffffff] + [mem 0x100000000-0x14fffffff] -> [mem 0x00000000-0x14fffffff]\r\n[    0.000000] NODE_DATA(0) allocated [mem 0x14fffa000-0x14fffefff]\r\n[    0.000000] Zone ranges:\r\n[    0.000000]   DMA      [mem 0x00001000-0x00ffffff]\r\n[    0.000000]   DMA32    [mem 0x01000000-0xffffffff]\r\n[    0.000000]   Normal   [mem 0x100000000-0x14fffffff]\r\n[    0.000000] Movable zone start for each node\r\n[    0.000000] Early memory node ranges\r\n[    0.000000]   node   0: [mem 0x00001000-0x0009efff]\r\n[    0.000000]   node   0: [mem 0x00100000-0x1ffeffff]\r\n[    0.000000]   node   0: [mem 0x100000000-0x14fffffff]\r\n[    0.000000] Initmem setup node 0 [mem 0x00001000-0x14fffffff]\r\n[    0.000000] ACPI: PM-Timer IO Port: 0x408\r\n[    0.000000] ACPI: LAPIC (acpi_id[0x01] lapic_id[0x00] enabled)\r\n[    0.000000] ACPI: LAPIC (acpi_id[0x02] lapic_id[0x01] disabled)\r\n[    0.000000] ACPI: LAPIC (acpi_id[0x03] lapic_id[0x02] disabled)\r\n[    0.000000] ACPI: LAPIC (acpi_id[0x04] lapic_id[0x03] disabled)\r\n[    0.000000] ACPI: LAPIC (acpi_id[0x05] lapic_id[0x04] disabled)\r\n[    0.000000] ACPI: LAPIC (acpi_id[0x06] lapic_id[0x05] disabled)\r\n[    0.000000] ACPI: LAPIC (acpi_id[0x07] lapic_id[0x06] disabled)\r\n[    0.000000] ACPI: LAPIC (acpi_id[0x08] lapic_id[0x07] disabled)\r\n[    0.000000] ACPI: LAPIC (acpi_id[0x09] lapic_id[0x08] disabled)\r\n[    0.000000] ACPI: LAPIC (acpi_id[0x0a] lapic_id[0x09] disabled)\r\n[    0.000000] ACPI: LAPIC (acpi_id[0x0b] lapic_id[0x0a] disabled)\r\n[    0.000000] ACPI: LAPIC (acpi_id[0x0c] lapic_id[0x0b] disabled)\r\n[    0.000000] ACPI: LAPIC (acpi_id[0x0d] lapic_id[0x0c] disabled)\r\n[    0.000000] ACPI: LAPIC (acpi_id[0x0e] lapic_id[0x0d] disabled)\r\n[    0.000000] ACPI: LAPIC (acpi_id[0x0f] lapic_id[0x0e] disabled)\r\n[    0.000000] ACPI: LAPIC (acpi_id[0x10] lapic_id[0x0f] disabled)\r\n[    0.000000] ACPI: LAPIC (acpi_id[0x11] lapic_id[0x10] disabled)\r\n[    0.000000] ACPI: LAPIC (acpi_id[0x12] lapic_id[0x11] disabled)\r\n[    0.000000] ACPI: LAPIC (acpi_id[0x13] lapic_id[0x12] disabled)\r\n[    0.000000] ACPI: LAPIC (acpi_id[0x14] lapic_id[0x13] disabled)\r\n[    0.000000] ACPI: LAPIC (acpi_id[0x15] lapic_id[0x14] disabled)\r\n[    0.000000] ACPI: LAPIC (acpi_id[0x16] lapic_id[0x15] disabled)\r\n[    0.000000] ACPI: LAPIC (acpi_id[0x17] lapic_id[0x16] disabled)\r\n[    0.000000] ACPI: LAPIC (acpi_id[0x18] lapic_id[0x17] disabled)\r\n[    0.000000] ACPI: LAPIC (acpi_id[0x19] lapic_id[0x18] disabled)\r\n[    0.000000] ACPI: LAPIC (acpi_id[0x1a] lapic_id[0x19] disabled)\r\n[    0.000000] ACPI: LAPIC (acpi_id[0x1b] lapic_id[0x1a] disabled)\r\n[    0.000000] ACPI: LAPIC (acpi_id[0x1c] lapic_id[0x1b] disabled)\r\n[    0.000000] ACPI: LAPIC (acpi_id[0x1d] lapic_id[0x1c] disabled)\r\n[    0.000000] ACPI: LAPIC (acpi_id[0x1e] lapic_id[0x1d] disabled)\r\n[    0.000000] ACPI: LAPIC (acpi_id[0x1f] lapic_id[0x1e] disabled)\r\n[    0.000000] ACPI: LAPIC (acpi_id[0x20] lapic_id[0x1f] disabled)\r\n[    0.000000] ACPI: LAPIC (acpi_id[0x21] lapic_id[0x20] disabled)\r\n[    0.000000] ACPI: LAPIC (acpi_id[0x22] lapic_id[0x21] disabled)\r\n[    0.000000] ACPI: LAPIC (acpi_id[0x23] lapic_id[0x22] disabled)\r\n[    0.000000] ACPI: LAPIC (acpi_id[0x24] lapic_id[0x23] disabled)\r\n[    0.000000] ACPI: LAPIC (acpi_id[0x25] lapic_id[0x24] disabled)\r\n[    0.000000] ACPI: LAPIC (acpi_id[0x26] lapic_id[0x25] disabled)\r\n[    0.000000] ACPI: LAPIC (acpi_id[0x27] lapic_id[0x26] disabled)\r\n[    0.000000] ACPI: LAPIC (acpi_id[0x28] lapic_id[0x27] disabled)\r\n[    0.000000] ACPI: LAPIC (acpi_id[0x29] lapic_id[0x28] disabled)\r\n[    0.000000] ACPI: LAPIC (acpi_id[0x2a] lapic_id[0x29] disabled)\r\n[    0.000000] ACPI: LAPIC (acpi_id[0x2b] lapic_id[0x2a] disabled)\r\n[    0.000000] ACPI: LAPIC (acpi_id[0x2c] lapic_id[0x2b] disabled)\r\n[    0.000000] ACPI: LAPIC (acpi_id[0x2d] lapic_id[0x2c] disabled)\r\n[    0.000000] ACPI: LAPIC (acpi_id[0x2e] lapic_id[0x2d] disabled)\r\n[    0.000000] ACPI: LAPIC (acpi_id[0x2f] lapic_id[0x2e] disabled)\r\n[    0.000000] ACPI: LAPIC (acpi_id[0x30] lapic_id[0x2f] disabled)\r\n[    0.000000] ACPI: LAPIC (acpi_id[0x31] lapic_id[0x30] disabled)\r\n[    0.000000] ACPI: LAPIC (acpi_id[0x32] lapic_id[0x31] disabled)\r\n[    0.000000] ACPI: LAPIC (acpi_id[0x33] lapic_id[0x32] disabled)\r\n[    0.000000] ACPI: LAPIC (acpi_id[0x34] lapic_id[0x33] disabled)\r\n[    0.000000] ACPI: LAPIC (acpi_id[0x35] lapic_id[0x34] disabled)\r\n[    0.000000] ACPI: LAPIC (acpi_id[0x36] lapic_id[0x35] disabled)\r\n[    0.000000] ACPI: LAPIC (acpi_id[0x37] lapic_id[0x36] disabled)\r\n[    0.000000] ACPI: LAPIC (acpi_id[0x38] lapic_id[0x37] disabled)\r\n[    0.000000] ACPI: LAPIC (acpi_id[0x39] lapic_id[0x38] disabled)\r\n[    0.000000] ACPI: LAPIC (acpi_id[0x3a] lapic_id[0x39] disabled)\r\n[    0.000000] ACPI: LAPIC (acpi_id[0x3b] lapic_id[0x3a] disabled)\r\n[    0.000000] ACPI: LAPIC (acpi_id[0x3c] lapic_id[0x3b] disabled)\r\n[    0.000000] ACPI: LAPIC (acpi_id[0x3d] lapic_id[0x3c] disabled)\r\n[    0.000000] ACPI: LAPIC (acpi_id[0x3e] lapic_id[0x3d] disabled)\r\n[    0.000000] ACPI: LAPIC (acpi_id[0x3f] lapic_id[0x3e] disabled)\r\n[    0.000000] ACPI: LAPIC (acpi_id[0x40] lapic_id[0x3f] disabled)\r\n[    0.000000] ACPI: IOAPIC (id[0x00] address[0xfec00000] gsi_base[0])\r\n[    0.000000] IOAPIC[0]: apic_id 0, version 17, address 0xfec00000, GSI 0-23\r\n[    0.000000] ACPI: INT_SRC_OVR (bus 0 bus_irq 0 global_irq 2 dfl dfl)\r\n[    0.000000] ACPI: INT_SRC_OVR (bus 0 bus_irq 9 global_irq 9 high level)\r\n[    0.000000] Using ACPI (MADT) for SMP configuration information\r\n[    0.000000] smpboot: Allowing 64 CPUs, 63 hotplug CPUs\r\n[    0.000000] PM: Registered nosave memory: [mem 0x00000000-0x00000fff]\r\n[    0.000000] PM: Registered nosave memory: [mem 0x0009f000-0x0009ffff]\r\n[    0.000000] PM: Registered nosave memory: [mem 0x000a0000-0x000dffff]\r\n[    0.000000] PM: Registered nosave memory: [mem 0x000e0000-0x000fffff]\r\n[    0.000000] PM: Registered nosave memory: [mem 0x1fff0000-0x1fffefff]\r\n[    0.000000] PM: Registered nosave memory: [mem 0x1ffff000-0x1fffffff]\r\n[    0.000000] PM: Registered nosave memory: [mem 0x20000000-0xffffffff]\r\n[    0.000000] e820: [mem 0x20000000-0xffffffff] available for PCI devices\r\n[    0.000000] Booting paravirtualized kernel on bare hardware\r\n[    0.000000] setup_percpu: NR_CPUS:256 nr_cpumask_bits:256 nr_cpu_ids:64 nr_node_ids:1\r\n[    0.000000] PERCPU: Embedded 31 pages/cpu @ffff88014d200000 s87104 r8192 d31680 u131072\r\n[    0.000000] Built 1 zonelists in Node order, mobility grouping on.  Total pages: 451449\r\n[    0.000000] Policy zone: Normal\r\n[    0.000000] Kernel command line: BOOT_IMAGE=/boot/vmlinuz-3.19.0-47-generic root=UUID=39dbc619-b3fa-4d08-8b49-5c548c9259f7 ro console=tty1 console=ttyS0 earlyprintk=ttyS0 rootdelay=300\r\n[    0.000000] log_buf_len individual max cpu contribution: 4096 bytes\r\n[    0.000000] log_buf_len total cpu_extra contributions: 258048 bytes\r\n[    0.000000] log_buf_len min size: 262144 bytes\r\n[    0.000000] log_buf_len: 524288 bytes\r\n[    0.000000] early log buf free: 248668(94%)\r\n[    0.000000] PID hash table entries: 4096 (order: 3, 32768 bytes)\r\n[    0.000000] xsave: enabled xstate_bv 0x7, cntxt size 0x340 using standard form\r\n[    0.000000] AGP: Checking aperture...\r\n[    0.000000] AGP: No AGP bridge found\r\n[    0.000000] Memory: 1687480K/1834552K available (8007K kernel code, 1234K rwdata, 3764K rodata, 1408K init, 1300K bss, 147072K reserved, 0K cma-reserved)\r\n[    0.000000] SLUB: HWalign=64, Order=0-3, MinObjects=0, CPUs=64, Nodes=1\r\n[    0.000000] Hierarchical RCU implementation.\r\n[    0.000000] \tRCU dyntick-idle grace-period acceleration is enabled.\r\n[    0.000000] \tRCU restricting CPUs from NR_CPUS=256 to nr_cpu_ids=64.\r\n[    0.000000] RCU: Adjusting geometry for rcu_fanout_leaf=16, nr_cpu_ids=64\r\n[    0.000000] NR_IRQS:16640 nr_irqs:936 16\r\n[    0.000000] \tOffload RCU callbacks from all CPUs\r\n[    0.000000] \tOffload RCU callbacks from CPUs: 0-63.\r\n[    0.000000] Console: colour VGA+ 80x25\r\n[    0.000000] console [tty1] enabled\r\n[    0.000000] console [ttyS0] enabled\r\n[    0.000000] console [ttyS0] enabled\r\n[    0.000000] bootconsole [earlyser0] disabled\r\n[    0.000000] bootconsole [earlyser0] disabled\r\n[    0.000000] tsc: Fast TSC calibration failed\r\n[    0.000000] tsc: Unable to calibrate against PIT\r\n[    0.000000] tsc: using PMTIMER reference calibration\r\n[    0.000000] tsc: Detected 2397.223 MHz processor\r\n[    0.016026] Calibrating delay loop (skipped), value calculated using timer frequency.. 4794.44 BogoMIPS (lpj=9588892)\r\n[    0.017420] pid_max: default: 65536 minimum: 512\r\n[    0.018091] ACPI: Core revision 20141107\r\n[    0.020000] ACPI: All ACPI Tables successfully acquired\r\n[    0.020996] Security Framework initialized\r\n[    0.021754] AppArmor: AppArmor initialized\r\n[    0.022417] Yama: becoming mindful.\r\n[    0.023149] Dentry cache hash table entries: 262144 (order: 9, 2097152 bytes)\r\n[    0.024354] Inode-cache hash table entries: 131072 (order: 8, 1048576 bytes)\r\n[    0.025310] Mount-cache hash table entries: 4096 (order: 3, 32768 bytes)\r\n[    0.026090] Mountpoint-cache hash table entries: 4096 (order: 3, 32768 bytes)\r\n[    0.027178] Initializing cgroup subsys memory\r\n[    0.028025] Initializing cgroup subsys devices\r\n[    0.028683] Initializing cgroup subsys freezer\r\n[    0.029354] Initializing cgroup subsys net_cls\r\n[    0.029907] Initializing cgroup subsys blkio\r\n[    0.030556] Initializing cgroup subsys perf_event\r\n[    0.031224] Initializing cgroup subsys net_prio\r\n[    0.032016] Initializing cgroup subsys hugetlb\r\n[    0.033446] mce: CPU supports 1 MCE banks\r\n[    0.034175] Last level iTLB entries: 4KB 1024, 2MB 1024, 4MB 1024\r\n[    0.034175] Last level dTLB entries: 4KB 1024, 2MB 1024, 4MB 1024, 1GB 4\r\n[    0.054071] ftrace: allocating 30124 entries in 118 pages\r\n[    0.068138] Switched APIC routing to physical flat.\r\n[    0.090550] ..TIMER: vector=0x30 apic1=0 pin1=2 apic2=-1 pin2=-1\r\n[    0.092001] smpboot: CPU0: Intel(R) Xeon(R) CPU E5-2673 v3 @ 2.40GHz (fam: 06, model: 3f, stepping: 02)\r\n[    0.104094] Performance Events: unsupported p6 CPU model 63 no PMU driver, software events only.\r\n[    0.117068] x86: Booted up 1 node, 1 CPUs\r\n[    0.120004] smpboot: Total of 1 processors activated (4794.44 BogoMIPS)\r\n[    0.124011] NMI watchdog: disabled (cpu0): hardware events not enabled\r\n[    0.133907] devtmpfs: initialized\r\n[    0.141059] evm: security.selinux\r\n[    0.144001] evm: security.SMACK64\r\n[    0.148000] evm: security.SMACK64EXEC\r\n[    0.152001] evm: security.SMACK64TRANSMUTE\r\n[    0.156000] evm: security.SMACK64MMAP\r\n[    0.160000] evm: security.ima\r\n[    0.164004] evm: security.capability\r\n[    0.168057] PM: Registering ACPI NVS region [mem 0x1ffff000-0x1fffffff] (4096 bytes)\r\n[    0.172231] pinctrl core: initialized pinctrl subsystem\r\n[    0.176280] RTC time: 19:30:45, date: 01/27/16\r\n[    0.180142] NET: Registered protocol family 16\r\n[    0.184144] cpuidle: using governor ladder\r\n[    0.188003] cpuidle: using governor menu\r\n[    0.192055] ACPI: bus type PCI registered\r\n[    0.196004] acpiphp: ACPI Hot Plug PCI Controller Driver version: 0.5\r\n[    0.200273] PCI: Using configuration type 1 for base access\r\n[    0.205195] ACPI: Added _OSI(Module Device)\r\n[    0.208002] ACPI: Added _OSI(Processor Device)\r\n[    0.212001] ACPI: Added _OSI(3.0 _SCP Extensions)\r\n[    0.216002] ACPI: Added _OSI(Processor Aggregator Device)\r\n[    0.222003] ACPI: Interpreter enabled\r\n[    0.224009] ACPI Exception: AE_NOT_FOUND, While evaluating Sleep State [\\_S1_] (20141107/hwxface-580)\r\n[    0.235577] ACPI Exception: AE_NOT_FOUND, While evaluating Sleep State [\\_S2_] (20141107/hwxface-580)\r\n[    0.244002] ACPI Exception: AE_NOT_FOUND, While evaluating Sleep State [\\_S3_] (20141107/hwxface-580)\r\n[    0.256002] ACPI Exception: AE_NOT_FOUND, While evaluating Sleep State [\\_S4_] (20141107/hwxface-580)\r\n[    0.268005] ACPI: (supports S0 S5)\r\n[    0.272002] ACPI: Using IOAPIC for interrupt routing\r\n[    0.276022] PCI: Using host bridge windows from ACPI; if necessary, use \"pci=nocrs\" and report a bug\r\n[    0.287316] ACPI: PCI Root Bridge [PCI0] (domain 0000 [bus 00-ff])\r\n[    0.288007] acpi PNP0A03:00: _OSC: OS supports [ASPM ClockPM Segments MSI]\r\n[    0.292008] acpi PNP0A03:00: _OSC failed (AE_NOT_FOUND); disabling ASPM\r\n[    0.296738] acpi PNP0A03:00: fail to add MMCONFIG information, can't access extended PCI configuration space under this bridge.\r\n[    0.300091] PCI host bridge to bus 0000:00\r\n[    0.304003] pci_bus 0000:00: root bus resource [bus 00-ff]\r\n[    0.308001] pci_bus 0000:00: root bus resource [mem 0xfe0000000-0xfffefffff]\r\n[    0.312005] pci_bus 0000:00: root bus resource [io  0x0000-0x0cf7]\r\n[    0.316003] pci_bus 0000:00: root bus resource [io  0x0d00-0xffff]\r\n[    0.320001] pci_bus 0000:00: root bus resource [mem 0x000a0000-0x000bffff]\r\n[    0.324001] pci_bus 0000:00: root bus resource [mem 0x20000000-0xfffbffff]\r\n[    0.335162] pci 0000:00:07.1: legacy IDE quirk: reg 0x10: [io  0x01f0-0x01f7]\r\n[    0.336002] pci 0000:00:07.1: legacy IDE quirk: reg 0x14: [io  0x03f6]\r\n[    0.340005] pci 0000:00:07.1: legacy IDE quirk: reg 0x18: [io  0x0170-0x0177]\r\n[    0.344001] pci 0000:00:07.1: legacy IDE quirk: reg 0x1c: [io  0x0376]\r\n[    0.348290] * Found PM-Timer Bug on the chipset. Due to workarounds for a bug,\r\n[    0.348290] * this clock source is slow. Consider trying other clock sources\r\n[    0.353369] pci 0000:00:07.3: quirk: [io  0x0400-0x043f] claimed by PIIX4 ACPI\r\n[    0.362436] ACPI: PCI Interrupt Link [LNKA] (IRQs 3 4 5 7 9 10 *11 12 14 15)\r\n[    0.378261] ACPI: PCI Interrupt Link [LNKB] (IRQs 3 4 5 7 9 10 11 12 14 15) *0, disabled.\r\n[    0.400141] ACPI: PCI Interrupt Link [LNKC] (IRQs 3 4 5 7 9 10 11 12 14 15) *0, disabled.\r\n[    0.425265] ACPI: PCI Interrupt Link [LNKD] (IRQs 3 4 5 7 9 10 11 12 14 15) *0, disabled.\r\n[    0.449346] ACPI: Enabled 1 GPEs in block 00 to 0F\r\n[    0.452112] vgaarb: setting as boot device: PCI:0000:00:08.0\r\n[    0.456000] vgaarb: device added: PCI:0000:00:08.0,decodes=io+mem,owns=io+mem,locks=none\r\n[    0.456002] vgaarb: loaded\r\n[    0.460001] vgaarb: bridge control possible 0000:00:08.0\r\n[    0.464187] SCSI subsystem initialized\r\n[    0.468073] ACPI: bus type USB registered\r\n[    0.472029] usbcore: registered new interface driver usbfs\r\n[    0.476007] usbcore: registered new interface driver hub\r\n[    0.480031] usbcore: registered new device driver usb\r\n[    0.484134] PCI: Using ACPI for IRQ routing\r\n[    0.488387] NetLabel: Initializing\r\n[    0.492001] NetLabel:  domain hash size = 128\r\n[    0.496001] NetLabel:  protocols = UNLABELED CIPSOv4\r\n[    0.500011] NetLabel:  unlabeled traffic allowed by default\r\n[    0.504081] Switched to clocksource hyperv_clocksource\r\n[    0.521683] AppArmor: AppArmor Filesystem Enabled\r\n[    0.528655] pnp: PnP ACPI init\r\n[    0.535908] system 00:06: [io  0x01e0-0x01ef] has been reserved\r\n[    0.544498] system 00:06: [io  0x0160-0x016f] has been reserved\r\n[    0.553037] system 00:06: [io  0x0278-0x027f] has been reserved\r\n[    0.561623] system 00:06: [io  0x0378-0x037f] has been reserved\r\n[    0.570237] system 00:06: [io  0x0678-0x067f] has been reserved\r\n[    0.578652] system 00:06: [io  0x0778-0x077f] has been reserved\r\n[    0.587126] system 00:06: [io  0x04d0-0x04d1] has been reserved\r\n[    0.595570] system 00:07: [io  0x0400-0x043f] has been reserved\r\n[    0.603874] system 00:07: [io  0x0370-0x0371] has been reserved\r\n[    0.612333] system 00:07: [io  0x0440-0x044f] has been reserved\r\n[    0.620709] system 00:07: [mem 0xfec00000-0xfec00fff] could not be reserved\r\n[    0.630759] system 00:07: [mem 0xfee00000-0xfee00fff] has been reserved\r\n[    0.640688] system 00:08: [mem 0x00000000-0x0009ffff] could not be reserved\r\n[    0.650665] system 00:08: [mem 0x000c0000-0x000dffff] could not be reserved\r\n[    0.659924] system 00:08: [mem 0x000e0000-0x000fffff] could not be reserved\r\n[    0.669083] system 00:08: [mem 0x00100000-0x1fffffff] could not be reserved\r\n[    0.677908] system 00:08: [mem 0xfffc0000-0xffffffff] has been reserved\r\n[    0.686371] pnp: PnP ACPI: found 9 devices\r\n[    0.702329] NET: Registered protocol family 2\r\n[    0.708596] TCP established hash table entries: 16384 (order: 5, 131072 bytes)\r\n[    0.717793] TCP bind hash table entries: 16384 (order: 6, 262144 bytes)\r\n[    0.726162] TCP: Hash tables configured (established 16384 bind 16384)\r\n[    0.734784] TCP: reno registered\r\n[    0.739607] UDP hash table entries: 1024 (order: 3, 32768 bytes)\r\n[    0.747334] UDP-Lite hash table entries: 1024 (order: 3, 32768 bytes)\r\n[    0.755762] NET: Registered protocol family 1\r\n[    0.761622] pci 0000:00:00.0: Limiting direct PCI/PCI transfers\r\n[    0.769508] Trying to unpack rootfs image as initramfs...\r\n[    1.657012] Freeing initrd memory: 27244K (ffff88001dd1d000 - ffff88001f7b8000)\r\n[    1.671329] PCI-DMA: Using software bounce buffering for IO (SWIOTLB)\r\n[    1.683684] software IO TLB [mem 0x19d1d000-0x1dd1d000] (64MB) mapped at [ffff880019d1d000-ffff88001dd1cfff]\r\n[    1.701271] microcode: CPU0 sig=0x306f2, pf=0x1, revision=0xffffffff\r\n[    1.712778] microcode: Microcode Update Driver: v2.00 <tigran@aivazian.fsnet.co.uk>, Peter Oruba\r\n[    1.727864] Scanning for low memory corruption every 60 seconds\r\n[    1.739313] futex hash table entries: 16384 (order: 8, 1048576 bytes)\r\n[    1.751839] Initialise system trusted keyring\r\n[    1.760225] audit: initializing netlink subsys (disabled)\r\n[    1.770131] audit: type=2000 audit(1453923046.768:1): initialized\r\n[    1.781649] HugeTLB registered 2 MB page size, pre-allocated 0 pages\r\n[    1.794492] zpool: loaded\r\n[    1.800279] zbud: loaded\r\n[    1.805921] VFS: Disk quotas dquot_6.5.2\r\n[    1.813382] VFS: Dquot-cache hash table entries: 512 (order 0, 4096 bytes)\r\n[    1.826052] fuse init (API version 7.23)\r\n[    1.833971] Key type big_key registered\r\n[    1.841576] Key type asymmetric registered\r\n[    1.849324] Asymmetric key parser 'x509' registered\r\n[    1.857873] Block layer SCSI generic (bsg) driver version 0.4 loaded (major 252)\r\n[    1.868909] io scheduler noop registered\r\n[    1.874731] io scheduler deadline registered (default)\r\n[    1.882092] io scheduler cfq registered\r\n[    1.887691] pci_hotplug: PCI Hot Plug PCI Core version: 0.5\r\n[    1.895451] pciehp: PCI Express Hot Plug Controller Driver version: 0.4\r\n[    1.905317] input: Power Button as /devices/LNXSYSTM:00/LNXPWRBN:00/input/input0\r\n[    1.915694] ACPI: Power Button [PWRF]\r\n[    1.921344] GHES: HEST is not enabled!\r\n[    1.927151] Serial: 8250/16550 driver, 32 ports, IRQ sharing enabled\r\n[    1.994257] 00:03: ttyS0 at I/O 0x3f8 (irq = 4, base_baud = 115200) is a 16550A\r\n[    2.073253] 00:04: ttyS1 at I/O 0x2f8 (irq = 3, base_baud = 115200) is a 16550A\r\n[    2.085844] Linux agpgart interface v0.103\r\n[    2.097215] brd: module loaded\r\n[    2.103207] loop: module loaded\r\n[    2.109052] ata_piix 0000:00:07.1: Hyper-V Virtual Machine detected, ATA device ignore set\r\n[    2.123458] scsi host0: ata_piix\r\n[    2.129112] scsi host1: ata_piix\r\n[    2.134605] ata1: PATA max UDMA/33 cmd 0x1f0 ctl 0x3f6 bmdma 0xffa0 irq 14\r\n[    2.145190] ata2: PATA max UDMA/33 cmd 0x170 ctl 0x376 bmdma 0xffa8 irq 15\r\n[    2.156793] libphy: Fixed MDIO Bus: probed\r\n[    2.164640] tun: Universal TUN/TAP device driver, 1.6\r\n[    2.172648] tun: (C) 1999-2004 Max Krasnyansky <maxk@qualcomm.com>\r\n[    2.182053] PPP generic driver version 2.4.2\r\n[    2.188880] ehci_hcd: USB 2.0 'Enhanced' Host Controller (EHCI) Driver\r\n[    2.198736] ehci-pci: EHCI PCI platform driver\r\n[    2.205801] ehci-platform: EHCI generic platform driver\r\n[    2.215513] ohci_hcd: USB 1.1 'Open' Host Controller (OHCI) Driver\r\n[    2.224690] ohci-pci: OHCI PCI platform driver\r\n[    2.231104] ohci-platform: OHCI generic platform driver\r\n[    2.238492] uhci_hcd: USB Universal Host Controller Interface driver\r\n[    2.247257] i8042: PNP: PS/2 Controller [PNP0303:PS2K,PNP0f03:PS2M] at 0x60,0x64 irq 1,12\r\n[    2.260818] serio: i8042 KBD port at 0x60,0x64 irq 1\r\n[    2.267813] serio: i8042 AUX port at 0x60,0x64 irq 12\r\n[    2.275186] mousedev: PS/2 mouse device common for all mice\r\n[    2.283215] rtc_cmos 00:00: RTC can wake from S4\r\n[    2.330408] input: AT Translated Set 2 keyboard as /devices/platform/i8042/serio0/input/input1\r\n[    2.345416] rtc_cmos 00:00: rtc core: registered rtc_cmos as rtc0\r\n[    2.355065] rtc_cmos 00:00: alarms up to one month, 114 bytes nvram\r\n[    2.365012] i2c /dev entries driver\r\n[    2.370794] device-mapper: uevent: version 1.0.3\r\n[    2.378264] device-mapper: ioctl: 4.29.0-ioctl (2014-10-28) initialised: dm-devel@redhat.com\r\n[    2.390846] ata2.00: ATAPI: Virtual CD, , max MWDMA2\r\n[    2.398796] ledtrig-cpu: registered to indicate activity on CPUs\r\n[    2.407629] ata2.00: configured for MWDMA2\r\n[    2.414762] scsi 1:0:0:0: CD-ROM            Msft     Virtual CD/ROM   1.0  PQ: 0 ANSI: 5\r\n[    2.425734] PCCT header not found.\r\n[    2.430753] ACPI PCC probe failed.\r\n[    2.435902] TCP: cubic registered\r\n[    2.442455] sr 1:0:0:0: [sr0] scsi3-mmc drive: 0x/0x tray\r\n[    2.450016] cdrom: Uniform CD-ROM driver Revision: 3.20\r\n[    2.457413] NET: Registered protocol family 10\r\n[    2.465163] sr 1:0:0:0: Attached scsi generic sg0 type 5\r\n[    2.472812] NET: Registered protocol family 17\r\n[    2.479415] Key type dns_resolver registered\r\n[    2.492236] Loading compiled-in X.509 certificates\r\n[    2.500312] Loaded X.509 cert 'Magrathea: Glacier signing key: dee080572bdea47be7dd7e14645f81df4d9a7411'\r\n[    2.514003] registered taskstats version 1\r\n[    2.521281] Key type trusted registered\r\n[    2.528929] Key type encrypted registered\r\n[    2.534919] AppArmor: AppArmor sha1 policy hashing enabled\r\n[    2.542883] ima: No TPM chip found, activating TPM-bypass!\r\n[    2.550640] evm: HMAC attrs: 0x1\r\n[    2.555764]   Magic number: 0:492:547\r\n[    2.561214] tty ttyS23: hash matches\r\n[    2.567299] rtc_cmos 00:00: setting system clock to 2016-01-27 19:30:48 UTC (1453923048)\r\n[    2.578455] BIOS EDD facility v0.16 2004-Jun-25, 0 devices found\r\n[    2.593808] EDD information not available.\r\n[    2.602977] Freeing unused kernel memory: 1408K (ffffffff81d36000 - ffffffff81e96000)\r\n[    2.613706] Write protecting the kernel read-only data: 12288k\r\n[    2.628374] Freeing unused kernel memory: 172K (ffff8800017d5000 - ffff880001800000)\r\n[    2.640490] Freeing unused kernel memory: 332K (ffff880001bad000 - ffff880001c00000)\r\nLoading, please wait...\r\nstarting version 219\r\n[    2.684050] random: systemd-udevd urandom read with 3 bits of entropy available\r\n[    2.755819] Floppy drive(s): fd0 is 1.44M\r\n[    2.778994] hv_vmbus: Hyper-V Host Build:9600-6.3-18-0.18190; Vmbus version:3.0\r\n[    2.868948] FDC 0 is an 82078.\r\n[    2.918622] AVX2 version of gcm_enc/dec engaged.\r\n[    2.931434] AES CTR mode by8 optimization enabled\r\n[    3.320105] psmouse serio1: trackpoint: failed to get extended button data\r\n[    7.850488] hv_vmbus: registering driver hyperv_fb\r\n[    7.878772] hv_utils: Registering HyperV Utility Driver\r\n[    7.888735] hv_vmbus: registering driver hv_util\r\n[    7.901374] hv_vmbus: registering driver hv_storvsc\r\n[    8.025881] scsi host2: storvsc_host_t\r\n[    8.033589] scsi 2:0:0:0: Direct-Access     Msft     Virtual Disk     1.0  PQ: 0 ANSI: 4\r\n[    8.048420] sd 2:0:0:0: Attached scsi generic sg1 type 0\r\n[    8.057634] sd 2:0:0:0: [sda] 61440000 512-byte logical blocks: (31.4 GB/29.2 GiB)\r\n[    8.070618] sd 2:0:0:0: [sda] Write Protect is off\r\n[    8.088053] hyperv_fb: Screen resolution: 1152x864, Color depth: 32\r\n[    8.098540] sd 2:0:0:0: [sda] Write cache: enabled, read cache: enabled, supports DPO and FUA\r\n[    8.112111] hv_vmbus: registering driver hv_netvsc\r\n[    8.122438] Console: switching to colour frame buffer device 144x54\r\n[    8.139398] psmouse serio1: trackpoint: IBM TrackPoint firmware: 0x01, buttons: 0/0\r\n[    8.151856] input: TPPS/2 IBM TrackPoint as /devices/platform/i8042/serio1/input/input3\r\n[    8.164558]  sda: sda1\r\n[    8.172243] sd 2:0:0:0: [sda] Attached SCSI disk\r\n[    8.272622] scsi host3: storvsc_host_t\r\n[    8.285330] scsi 3:0:1:0: Direct-Access     Msft     Virtual Disk     1.0  PQ: 0 ANSI: 4\r\n[    8.297868] sd 3:0:1:0: Attached scsi generic sg2 type 0\r\n[    8.305777] sd 3:0:1:0: [sdb] 146800640 512-byte logical blocks: (75.1 GB/70.0 GiB)\r\n[    8.316298] hv_netvsc: hv_netvsc channel opened successfully\r\n[    8.326617] sd 3:0:1:0: [sdb] Write Protect is off\r\n[    8.340026] sd 3:0:1:0: [sdb] Write cache: enabled, read cache: enabled, supports DPO and FUA\r\n[    8.357926]  sdb: sdb1\r\n[    8.363102] sd 3:0:1:0: [sdb] Attached SCSI disk\r\n[   10.026083] hv_netvsc vmbus_0_16: Send section size: 6144, Section count:2560\r\n[   10.039774] hv_netvsc vmbus_0_16: Device MAC 00:0d:3a:12:19:c9 link state up\r\n[   10.157799] scsi host4: storvsc_host_t\r\n[   10.165462] scsi 4:0:0:0: scsi scan: INQUIRY result too short (5), using 36\r\n[   10.177520] scsi 4:0:0:1: scsi scan: INQUIRY result too short (5), using 36\r\n[   10.189511] scsi 4:0:1:0: scsi scan: INQUIRY result too short (5), using 36\r\n[   10.200868] scsi 4:0:1:1: scsi scan: INQUIRY result too short (5), using 36\r\n[   10.212095] scsi 4:1:0:0: scsi scan: INQUIRY result too short (5), using 36\r\n[   10.223099] scsi 4:1:0:1: scsi scan: INQUIRY result too short (5), using 36\r\n[   10.234418] scsi 4:1:1:0: scsi scan: INQUIRY result too short (5), using 36\r\n[   10.246592] scsi 4:1:1:1: scsi scan: INQUIRY result too short (5), using 36\r\n[   10.257265] scsi 4:2:0:0: scsi scan: INQUIRY result too short (5), using 36\r\n[   10.268129] scsi 4:2:0:1: scsi scan: INQUIRY result too short (5), using 36\r\n[   10.278631] scsi 4:2:1:0: scsi scan: INQUIRY result too short (5), using 36\r\n[   10.289587] scsi 4:2:1:1: scsi scan: INQUIRY result too short (5), using 36\r\n[   10.299945] scsi 4:3:0:0: scsi scan: INQUIRY result too short (5), using 36\r\n[   10.311347] scsi host5: storvsc_host_t\r\n[   10.318071] scsi 4:3:0:1: scsi scan: INQUIRY result too short (5), using 36\r\n[   10.330384] scsi 4:3:1:0: scsi scan: INQUIRY result too short (5), using 36\r\n[   10.341818] scsi 4:3:1:1: scsi scan: INQUIRY result too short (5), using 36\r\n[   10.353033] scsi 4:4:0:0: scsi scan: INQUIRY result too short (5), using 36\r\n[   10.364603] scsi 5:0:0:0: scsi scan: INQUIRY result too short (5), using 36\r\n[   10.375344] scsi 4:4:0:1: scsi scan: INQUIRY result too short (5), using 36\r\n[   10.386496] scsi 5:0:0:1: scsi scan: INQUIRY result too short (5), using 36\r\n[   10.396932] scsi 4:4:1:0: scsi scan: INQUIRY result too short (5), using 36\r\n[   10.408657] scsi 5:0:1:0: scsi scan: INQUIRY result too short (5), using 36\r\n[   10.419585] scsi 4:4:1:1: scsi scan: INQUIRY result too short (5), using 36\r\n[   10.429571] scsi 5:0:1:1: scsi scan: INQUIRY result too short (5), using 36\r\n[   10.439392] scsi 4:5:0:0: scsi scan: INQUIRY result too short (5), using 36\r\n[   10.448879] scsi 5:1:0:0: scsi scan: INQUIRY result too short (5), using 36\r\n[   10.458823] scsi 4:5:0:1: scsi scan: INQUIRY result too short (5), using 36\r\n[   10.468439] scsi 5:1:0:1: scsi scan: INQUIRY result too short (5), using 36\r\n[   10.478397] scsi 4:5:1:0: scsi scan: INQUIRY result too short (5), using 36\r\n[   10.488203] scsi 5:1:1:0: scsi scan: INQUIRY result too short (5), using 36\r\n[   10.498115] scsi 4:5:1:1: scsi scan: INQUIRY result too short (5), using 36\r\n[   10.507546] scsi 5:1:1:1: scsi scan: INQUIRY result too short (5), using 36\r\n[   10.517015] scsi 4:6:0:0: scsi scan: INQUIRY result too short (5), using 36\r\n[   10.526571] scsi 5:2:0:0: scsi scan: INQUIRY result too short (5), using 36\r\n[   10.536478] scsi 4:6:0:1: scsi scan: INQUIRY result too short (5), using 36\r\n[   10.545978] scsi 5:2:0:1: scsi scan: INQUIRY result too short (5), using 36\r\n[   10.555638] scsi 4:6:1:0: scsi scan: INQUIRY result too short (5), using 36\r\n[   10.565382] scsi 5:2:1:0: scsi scan: INQUIRY result too short (5), using 36\r\n[   10.575225] scsi 4:6:1:1: scsi scan: INQUIRY result too short (5), using 36\r\n[   10.584797] scsi 5:2:1:1: scsi scan: INQUIRY result too short (5), using 36\r\n[   10.595049] scsi 4:7:0:0: scsi scan: INQUIRY result too short (5), using 36\r\n[   10.606618] scsi 5:3:0:0: scsi scan: INQUIRY result too short (5), using 36\r\n[   10.616381] scsi 4:7:0:1: scsi scan: INQUIRY result too short (5), using 36\r\n[   10.625892] scsi 5:3:0:1: scsi scan: INQUIRY result too short (5), using 36\r\n[   10.636806] scsi 4:7:1:0: scsi scan: INQUIRY result too short (5), using 36\r\n[   10.647109] scsi 5:3:1:0: scsi scan: INQUIRY result too short (5), using 36\r\n[   10.656509] scsi 4:7:1:1: scsi scan: INQUIRY result too short (5), using 36\r\n[   10.665866] scsi 5:3:1:1: scsi scan: INQUIRY result too short (5), using 36\r\n[   10.675231] scsi 5:4:0:0: scsi scan: INQUIRY result too short (5), using 36\r\n[   10.685013] scsi 5:4:0:1: scsi scan: INQUIRY result too short (5), using 36\r\n[   10.695212] scsi 5:4:1:0: scsi scan: INQUIRY result too short (5), using 36\r\n[   10.704976] scsi 5:4:1:1: scsi scan: INQUIRY result too short (5), using 36\r\n[   10.714742] scsi 5:5:0:0: scsi scan: INQUIRY result too short (5), using 36\r\n[   10.724532] scsi 5:5:0:1: scsi scan: INQUIRY result too short (5), using 36\r\n[   10.733653] scsi 5:5:1:0: scsi scan: INQUIRY result too short (5), using 36\r\n[   10.743102] scsi 5:5:1:1: scsi scan: INQUIRY result too short (5), using 36\r\n[   10.752935] scsi 5:6:0:0: scsi scan: INQUIRY result too short (5), using 36\r\n[   10.762316] scsi 5:6:0:1: scsi scan: INQUIRY result too short (5), using 36\r\n[   10.772058] scsi 5:6:1:0: scsi scan: INQUIRY result too short (5), using 36\r\n[   10.781140] scsi 5:6:1:1: scsi scan: INQUIRY result too short (5), using 36\r\n[   10.791219] scsi 5:7:0:0: scsi scan: INQUIRY result too short (5), using 36\r\n[   10.800838] scsi 5:7:0:1: scsi scan: INQUIRY result too short (5), using 36\r\n[   10.810017] scsi 5:7:1:0: scsi scan: INQUIRY result too short (5), using 36\r\n[   10.820199] scsi 5:7:1:1: scsi scan: INQUIRY result too short (5), using 36\r\nBegin: Loading essential drivers ... done.\r\r\nBegin: Running /scripts/init-premount ... done.\r\r\nBegin: Mounting root file system ... Begin: Running /scripts/local-top ... done.\r\r\nBegin: Running /scripts/local-premount ... done.\r\r\n[   12.714781] EXT4-fs (sda1): mounted filesystem with ordered data mode. Opts: (null)\r\nBegin: Running /scripts/local-bottom ... done.\r\r\ndone.\r\r\nBegin: Running /scripts/init-bottom ... done.\r\r\n[   13.613837] random: nonblocking pool is initialized\r\n[   15.158130] systemd[1]: Inserted module 'autofs4'\r\n[   15.373428] systemd[1]: systemd 219 running in system mode. (+PAM +AUDIT +SELINUX +IMA +APPARMOR +SMACK +SYSVINIT +UTMP +LIBCRYPTSETUP +GCRYPT -GNUTLS +ACL +XZ -LZ4 -SECCOMP +BLKID -ELFUTILS +KMOD -IDN)\r\n[   15.404930] systemd[1]: Detected virtualization microsoft.\r\n[   15.414488] systemd[1]: Detected architecture x86-64.\r\n\r\r\nWelcome to \u001b[1mUbuntu 15.04\u001b[0m!\r\r\n\r\r\n[   15.490963] systemd[1]: Set hostname to <xplatvm3>.\r\n-.mount\r\r\n[   17.032438] systemd[1]: Cannot add dependency job for unit sshd-keygen.service, ignoring: Unit sshd-keygen.service failed to load: No such file or directory.\r\n[   17.066363] systemd[1]: Cannot add dependency job for unit sshd-keygen.service, ignoring: Unit sshd-keygen.service failed to load: No such file or directory.\r\n[   17.097784] systemd[1]: Cannot add dependency job for unit display-manager.service, ignoring: Unit display-manager.service failed to load: No such file or directory.\r\n[\u001b[32m  OK  \u001b[0m[   17.130962] systemd[1]: Reached target Remote File Systems (Pre).\r\n] Reached target Remote File Systems (Pre).\r\r\n[   17.148757] systemd[1]: Starting Remote File Systems (Pre).\r\n[\u001b[32m  OK  \u001b[0m[   17.162860] systemd[1]: Created slice Root Slice.\r\n] Created slice Root Slice.\r\r\n[   17.176103] systemd[1]: Starting Root Slice.\r\n[\u001b[32m  OK  \u001b[0m[   17.187983] systemd[1]: Listening on Journal Socket.\r\n] Listening on Journal Socket.\r\r\n[   17.200132] systemd[1]: Starting Journal Socket.\r\n[\u001b[32m  OK  \u001b[0m]
[   17.211021] systemd[1]: Created slice User and Session Slice.\r\nCreated slice User and Session Slice.\r\r\n[   17.224319] systemd[1]: Starting User and Session Slice.\r\n[\u001b[32m  OK  \u001b[0m]
[   17.235950] systemd[1]: Listening on Delayed Shutdown Socket.\r\nListening on Delayed Shutdown Socket.\r\r\n[   17.248931] systemd[1]: Starting Delayed Shutdown Socket.\r\n[\u001b[32m  OK  \u001b[0m]
[   17.260635] systemd[1]: Listening on Journal Socket (/dev/log).\r\nListening on Journal Socket (/dev/log).\r\r\n[   17.273458] systemd[1]: Starting Journal Socket (/dev/log).\r\n[\u001b[32m  OK  \u001b[0m]
[   17.287367] systemd[1]: Listening on fsck to fsckd communication Socket.\r\nListening on fsck to fsckd communication Socket.\r\r\n[   17.303124] systemd[1]: Starting fsck to fsckd communication Socket.\r\n[   17.312368] systemd[1]: Started Forward Password Requests to Wall Directory Watch.\r\n[   17.323362] systemd[1]: Starting Forward Password Requests to Wall Directory Watch.\r\n[\u001b[32m  OK  \u001b[0m]
[   17.340239] systemd[1]: Reached target Encrypted Volumes.\r\nReached target Encrypted Volumes.\r\r\n[   17.352745] systemd[1]: Starting Encrypted Volumes.\r\n[\u001b[32m  OK  \u001b[0m] Created slice System Slice.\r[   17.365965] systemd[1]: Created slice System Slice.\r\n\r\n[   17.374095] systemd[1]: Starting System Slice.\r\n[   17.382087] systemd[1]: Starting Nameserver information manager...\r\n         Starting Nameserver information manager...[   17.400415] systemd[1]: Starting Setup Virtual Console...\r\n\r\r\n         Starting Setup Virtual Console...[   17.418544] systemd[1]: Mounting Huge Pages File System...\r\n\r\r\n         Mounting Huge Pages File System...[   17.442581] systemd[1]: Created slice system-serial\\x2dgetty.slice.\r\n\r\r\n[\u001b[32m  OK  \u001b[0m] Created slice system-serial\\x2dgetty.slice.\r\r\n[   17.463340] systemd[1]: Starting system-serial\\x2dgetty.slice.\r\n[   17.473960] systemd[1]: Starting Remount Root and Kernel File Systems...\r\n         Starting Remount Root and Kernel File Systems...[   17.493056] systemd[1]: Starting Uncomplicated firewall...\r\n\r\r\n         Starting Uncomplicated firewall...[   17.512097] systemd[1]: Listening on udev Control Socket.\r\n\r\r\n[\u001b[32m  OK  \u001b[0m] Listening on udev Control Socket.\r\r\n[   17.530462] systemd[1]: Starting udev Control Socket.\r\n[\u001b[32m  OK  \u001b[0m]
[   17.543272] systemd[1]: Reached target Swap.\r\nReached target Swap.\r\r\n[   17.556323] systemd[1]: Starting Swap.\r\n[   17.567975] systemd[1]: Starting Increase datagram queue length...\r\n         Starting Increase datagram queue length...[   17.584155] systemd[1]: Created slice system-systemd\\x2dfsck.slice.\r\n\r\r\n[\u001b[32m  OK  \u001b[0m] Created slice system-systemd\\x2dfsck.slice.\r\r\n[   17.605800] systemd[1]: Starting system-systemd\\x2dfsck.slice.\r\n[   17.614465] systemd[1]: Started Read required files in advance.\r\n[\u001b[32m  OK  \u001b[0m]
[   17.628613] systemd[1]: Created slice system-getty.slice.\r\nCreated slice system-getty.slice.\r\r\n[   17.641815] systemd[1]: Starting system-getty.slice.\r\n[   17.649516] systemd[1]: Mounting POSIX Message Queue File System...\r\n         Mounting POSIX Message Queue File System...[   17.664919] systemd[1]: Reached target Slices.\r\n\r\r\n[\u001b[32m  OK  \u001b[0m] Reached target Slices.\r[   17.675886] systemd[1]: Starting Slices.\r\n\r\n[\u001b[32m  OK  \u001b[0m]
[   17.695260] systemd[1]: Listening on Journal Audit Socket.\r\nListening on Journal Audit Socket.\r\r\n[   17.708986] systemd[1]: Starting Journal Audit Socket.\r\n[   17.748919] systemd[1]: Starting Load Kernel Modules...\r\n         Starting Load Kernel Modules...[   17.772799] systemd[1]: Set up automount Arbitrary Executable File Formats File System Automount Point.\r\n\r\r\n[\u001b[32m  OK  \u001b[0m] Set up automount Arbitrary Executab...ats File System Automount Point.\r\r\n[   17.808072] systemd[1]: Starting Arbitrary Executable File Formats File System Automount Point.\r\n[   17.809836] systemd[1]: Started Set Up Additional Binary Formats.\r\n[   17.810548] systemd[1]: Mounting Debug File System...\r\n[   17.854327] systemd[1]: Listening on udev Kernel Socket.\r\n[   17.862521] systemd[1]: Starting udev Kernel Socket.\r\n[   17.870931] systemd[1]: Starting udev Coldplug all Devices...\r\n         Mounting Debug File System...\r\r\n[\u001b[32m  OK  \u001b[0m] Listening on udev Kernel Socket.\r\r\n[   17.893628] systemd[1]: Listening on /dev/initctl Compatibility Named Pipe.\r\n         Starting udev Coldplug all Devices...\r\r\n[\u001b[32m  OK  \u001b[0m] Listening on /dev/initctl Compatibility Named Pipe.\r\r\n[   17.923043] systemd[1]: Starting /dev/initctl Compatibility Named Pipe.\r\n[   17.934943] systemd[1]: Starting Create list of required static device nodes for the current kernel...\r\n[   17.950894] EXT4-fs (sda1): re-mounted. Opts: discard\r\n         Starting Create list of required st... nodes for the current kernel...[   17.975268] systemd[1]: Mounted Debug File System.\r\n\r\r\n[\u001b[32m  OK  \u001b[0m] Mounted Debug File System.\r[   17.988387] systemd[1]: Mounted POSIX Message Queue File System.\r\n\r\n[\u001b[32m  OK  \u001b[0m] Mounted POSIX Message Queue File System.\r[   18.014034] systemd[1]: Mounted Huge Pages File System.\r\n\r\n[\u001b[32m  OK  \u001b[0m] Mounted Huge Pages File System.\r\r\nsys-kernel-debug.mount[   18.033337] systemd[1]: Started Setup Virtual Console.\r\n\r\r\n[\u001b[32m  OK  \u001b[0m] Started Setup Virtual Console.\r\r\n[   18.056297] systemd[1]: Started Remount Root and Kernel File Systems.\r\ndev-mqueue.mount[   18.069347] systemd[1]: Started Uncomplicated firewall.\r\n\r\r\n[\u001b[32m  OK  \u001b[0m] Started Remount Root and Kernel File Systems.\r\r\n[\u001b[32m  OK  \u001b[0m] Started Uncomplicated firewall.\r[   18.090329] systemd[1]: Started Increase datagram queue length.\r\n\r\ndev-hugepages.mount[   18.110249] systemd[1]: Started Load Kernel Modules.\r\n\r\r\n[\u001b[32m  OK  \u001b[0m] Started Increase datagram queue length.\r[   18.125433] systemd[1]: Started Create list of required static device nodes for the current kernel.\r\n\r\n[\u001b[32m  OK  \u001b[0m] Started Load Kernel Modules.\r\r\nsystemd-vconsole-setup.service[   18.158626] systemd[1]: Started Nameserver information manager.\r\n\r\r\n[\u001b[32m  OK  \u001b[0m] Started Create list of required sta...ce nodes for the current kernel.\r[   18.181053] systemd[1]: Started udev Coldplug all Devices.\r\n\r\n[\u001b[32m  OK  \u001b[0m] Started Nameserver information manager.\r[   18.197385] systemd[1]: Time has been changed\r\n\r\nsystemd-remount-fs.service\r\r\n[\u001b[32m  OK  \u001b[0m] Started udev Coldplug all Devices.\r\r\nufw.service\r\r\nsystemd-setup-dgram-qlen.service\r\r\nsystemd-modules-load.service\r\r\nkmod-static-nodes.service\r\r\nresolvconf.service\r\r\nsystemd-udev-trigger.service[   18.315161] systemd[1]: Starting udev Wait for Complete Device Initialization...\r\n\r\r\n         Starting udev Wait for Complete Device Initialization...[   18.336477] systemd[1]: Starting Create Static Device Nodes in /dev...\r\n\r\r\n         Starting Create Static Device Nodes in /dev...[   18.358131] systemd[1]: Mounted Configuration File System.\r\n\r\r\n[   18.369060] systemd[1]: Mounting FUSE Control File System...\r\n         Mounting FUSE Control File System...[   18.390817] systemd[1]: Starting Apply Kernel Variables...\r\n\r\r\n         Starting Apply Kernel Variables...[   18.407994] systemd[1]: Listening on Syslog Socket.\r\n\r\r\n[\u001b[32m  OK  \u001b[0m] Listening on Syslog Socket.\r\r\n[   18.430791] systemd[1]: Starting Syslog Socket.\r\n[   18.438138] systemd[1]: Starting Journal Service...\r\n         Starting Journal Service...\r\r\n         Starting Load/Save Random Seed...\r\r\n[\u001b[32m  OK  \u001b[0m] Mounted FUSE Control File System.\r\r\n[\u001b[32m  OK  \u001b[0m] Started Apply Kernel Variables.\r\r\nsys-fs-fuse-connections.mount\r\r\nsystemd-sysctl.service\r\r\n[\u001b[32m  OK  \u001b[0m] Started Load/Save Random Seed.\r\r\nsystemd-random-seed.service\r\r\n[\u001b[32m  OK  \u001b[0m] Started Journal Service.\r\r\n         Starting Flush Journal to Persistent Storage...\r\r\nsystemd-journald.service\r\r\n[\u001b[32m  OK  \u001b[0m] Started Flush Journal to Persistent Storage.\r\r\nsystemd-journal-flush.service\r\r\n[\u001b[32m  OK  \u001b[0m] Started Create Static Device Nodes in /dev.\r\r\n         Starting udev Kernel Device Manager...\r\r\nsystemd-tmpfiles-setup-dev.service\r\r\n[\u001b[32m  OK  \u001b[0m] Started udev Kernel Device Manager.\r\r\n[\u001b[32m  OK  \u001b[0m] Reached target Paths.\r\r\nsystemd-udevd.service\r\r\n[\u001b[32m  OK  \u001b[0m] Found device /dev/ttyS0.\r\r\n[   19.395855] piix4_smbus 0000:00:07.3: SMBus base address uninitialized - upgrade BIOS or use force_addr=0xaddr\r\n[\u001b[32m  OK  \u001b[0m] Created slice system-ifup.slice.\r\r\n[   19.837516] intel_rapl: no valid rapl domains found in package 0\r\n[\u001b[32m  OK  \u001b[0m] Found device Virtual_Disk Temporary_Storage.\r\r\n[\u001b[32m  OK  \u001b[0m] Started udev Wait for Complete Device Initialization.\r\r\n         Starting Copy rules generated while the root was ro...\r\r\n[\u001b[32m  OK  \u001b[0m] Reached target Local File Systems (Pre).\r\r\n         Starting File System Check on /dev/disk/azure/resource-part1...\r\r\n         Mounting /etc/network/interfaces.dynamic.d...\r\r\n[\u001b[32m  OK  \u001b[0m] Mounted /etc/network/interfaces.dynamic.d.\r\r\n[\u001b[32m  OK  \u001b[0m] Started Copy rules generated while the root was ro.\r\r\n[\u001b[32m  OK  \u001b[0m] Started File System Check on /dev/disk/azure/resource-part1.systemd-udev-settle.service\r\r\n\r\r\n         Mounting /mnt...\r\r\n[\u001b[32m  OK  \u001b[0m] Reached target Local File Systems.\r\r\n         Starting Wait for all \"auto\" /etc/n... up for network-online.target...\r\r\n[\u001b[32m  OK  \u001b[0m] Reached target Remote File Systems.\r\r\n         Starting LSB: AppArmor initialization...\r\r\n         Starting Tell Plymouth To Write Out Runtime Data...\r\r\n         Starting Create Volatile Files and Directories...\r\r\n         Starting Set console keymap...\r\r\netc-network-interfaces.dynamic.d.mount\r\r\n[\u001b[32m  OK  \u001b[0m] Started Create Volatile Files and Directories.\r\r\n         Starting Update UTMP about System Boot/Shutdown...\r\r\n         Starting Network Time Synchronization...\r\r\n[\u001b[32m  OK  \u001b[0m] Started Update UTMP about System Boot/Shutdown.\r\r\nudev-finish.service\r\r\nsystemd-fsck@dev-disk-azure-resource\\x2dpart1.service\r\r\nsystemd-tmpfiles-setup.service\r\r\n[\u001b[32m  OK  \u001b[0m] Started Tell Plymouth To Write Out Runtime Data.\r\r\n[\u001b[32m  OK  \u001b[0m] Started Network Time Synchronization.\r\r\n[\u001b[32m  OK  \u001b[0m] Reached target System Time Synchronized.\r\r\n[\u001b[32m  OK  \u001b[0m] Started Set console keymap.\r\r\nsystemd-update-utmp.service\r\r\nsystemd-timesyncd.service\r\r\n[\u001b[32m  OK  \u001b[0m] Mounted /mnt.\r\r\nmnt.mount\r\r\n[\u001b[32m  OK  \u001b[0m] Started LSB: AppArmor initialization.\r\r\n[\u001b[32m  OK  \u001b[0m] Started ifup for eth0.\r\r\n         Starting ifup for eth0...\r\r\n         Starting LSB: Raise network interfaces....\r\r\napparmor.service\r\r\nifup@eth0.service\r\r\n[\u001b[32m  OK  \u001b[0m] Started LSB: Raise network interfaces..\r\r\n[\u001b[32m  OK  \u001b[0m] Reached target Network.\r\r\n[\u001b[32m  OK  \u001b[0m] Reached target System Initialization.\r\r\n[\u001b[32m  OK  \u001b[0m] Reached target Timers.\r\r\n[\u001b[32m  OK  \u001b[0m] Listening on D-Bus System Message Bus Socket.\r\r\n         Starting Seed the pseudo random number generator on first boot...\r\r\n[\u001b[32m  OK  \u001b[0m] Listening on UUID daemon activation socket.\r\r\n[\u001b[32m  OK  \u001b[0m] Listening on ACPID Listen Socket.\r\r\n[\u001b[32m  OK  \u001b[0m] Reached target Sockets.\r\r\n[\u001b[32m  OK  \u001b[0m] Reached target Basic System.\r\r\n         Starting LSB: daemon to balance interrupts for SMP systems...\r\r\n[\u001b[32m  OK  \u001b[0m] Started Hyper-V VSS Protocol Daemon.\r\r\n         Starting Hyper-V VSS Protocol Daemon...\r\r\n[\u001b[32m  OK  \u001b[0m] Started Regular background program processing daemon.\r\r\n         Starting Regular background program processing daemon...\r\r\n         Starting Thermal Daemon Service...\r\r\n         Starting LSB: Landscape client daemons...\r\r\n         Starting Accounts Service...\r\r\n         Starting LSB: Set the CPU Frequency Scaling governor to \"ondemand\"...\r\r\n[\u001b[32m  OK  \u001b[0m] Started Hyper-V KVP Protocol Daemon.\r\r\n         Starting Hyper-V KVP Protocol Daemon...\r\r\n         Starting LSB: Starts the Micro Name Service Cache Daemon...\r\r\n         Starting D-Bus System Message Bus...\r\r\n         Starting Initial cloud-init job (pre-networking)...\r\r\n         Starting System Logging Service...\r\r\n         Starting Login Service...\r\r\n         Starting /etc/rc.local Compatibility...\r\r\n[\u001b[32m  OK  \u001b[0m] Started Hyper-V File Copy Protocol Daemon.\r\r\n         Starting Hyper-V File Copy Protocol Daemon...\r\r\n         Starting LSB: Record successful boot for GRUB...\r\r\n         Starting Restore /etc/resolv.conf i...e the ppp link was shut down....\r\r\n[\u001b[32m  OK  \u001b[0m] Started Deferred execution scheduler.\r\r\n         Starting Deferred execution scheduler...\r\r\n         Starting LSB: automatic crash report generation...\r\r\n[\u001b[32m  OK  \u001b[0m] Started LSB: Landscape client daemons.\r\r\n[\u001b[32m  OK  \u001b[0m] Started LSB: Set the CPU Frequency Scaling governor to \"ondemand\".\r\r\nnetworking.service\r\r\n[\u001b[32m  OK  \u001b[0m] Started /etc/rc.local Compatibility.\r\r\n[\u001b[32m  OK  \u001b[0m] Started D-Bus System Message Bus.\r\r\nhv-vss-daemon.service\r\r\ncron.service\r\r\nhv-kvp-daemon.service\r\r\nhv-fcopy-daemon.service\r\r\natd.service\r\r\nlandscape-client.service\r\r\nondemand.service\r\r\nrc-local.service\r\r\ndbus.service\r\r\n[\u001b[32m  OK  \u001b[0m] Started Seed the pseudo random number generator on first boot.\r\r\n[\u001b[32m  OK  \u001b[0m] Started LSB: daemon to balance interrupts for SMP systems.\r\r\n[\u001b[32m  OK  \u001b[0m] Started LSB: Starts the Micro Name Service Cache Daemon.\r\r\n[\u001b[32m  OK  \u001b[0m] Started LSB: Record successful boot for GRUB.\r\r\n[\u001b[32m  OK  \u001b[0m] Started Restore /etc/resolv.conf if...ore the ppp link was shut down..\r\r\n[\u001b[32m  OK  \u001b[0m] Started LSB: automatic crash report generation.\r\r\n[\u001b[32m  OK  \u001b[0m] Started System Logging Service.\r\r\n[\u001b[32m  OK  \u001b[0m] Started Login Service.\r\r\n         Starting Authenticate and Authorize Users to Run Privileged Tasks...\r\r\n[\u001b[32m  OK  \u001b[0m] Started Thermal Daemon Service.\r\r\nirqbalance.service\r\r\n[\u001b[32m  OK  \u001b[0m] Started Authenticate and Authorize Users to Run Privileged Tasks.\r\r\n[\u001b[32m  OK  \u001b[0m] Started Accounts Service.\r\r\nunscd.service\r\r\ngrub-common.service\r\r\napport.service\r\r\nrsyslog.service\r\r\nsystemd-logind.service\r\r\nthermald.service\r\r\npolkitd.service\r\r\naccounts-daemon.service\r\r\n[\u001b[32m  OK  \u001b[0m] Started Wait for all \"auto\" /etc/ne...be up for network-online.target.\r\r\n[\u001b[32m  OK  \u001b[0m] Reached target Network is Online.\r\r\n         Starting LSB: Cleans up any mess left by 0dns-up...\r\r\nifup-wait-all-auto.service\r\r\n[\u001b[32m  OK  \u001b[0m] Started LSB: Cleans up any mess left by 0dns-up.\r\r\ndns-clean.service\r\r\n[   26.964146] cloud-init[613]: Cloud-init v. 0.7.7 running 'init-local' at Wed, 27 Jan 2016 19:31:13 +0000. Up 26.70 seconds.\r\r\n[\u001b[32m  OK  \u001b[0m] Started Initial cloud-init job (pre-networking).\r\r\n         Starting Initial cloud-init job (metadata service crawler)...\r\r\ncloud-init-local.service\r\r\n[   28.200162] blk_update_request: I/O error, dev fd0, sector 0\r\n[   28.260139] blk_update_request: I/O error, dev fd0, sector 0\r\ntmp-tmpe34vvwum.mount\r\r\n[   28.505531] cloud-init[804]: + i=eth0\r\r\n[   28.510877] cloud-init[804]: + x=0\r\r\n[   28.511190] cloud-init[804]: + ifdown eth0\r\r\n[   28.564567] cloud-init[804]: Killed old client process\r\r\n[   29.573740] cloud-init[804]: Internet Systems Consortium DHCP Client 4.3.1\r\r\n[   29.573911] cloud-init[804]: Copyright 2004-2014 Internet Systems Consortium.\r\r\n[   29.574047] cloud-init[804]: All rights reserved.\r\r\n[   29.574235] cloud-init[804]: For info, please visit https://www.isc.org/software/dhcp/\r\r\n[   29.575259] cloud-init[804]: Listening on LPF/eth0/00:0d:3a:12:19:c9\r\r\n[   29.575486] cloud-init[804]: Sending on   LPF/eth0/00:0d:3a:12:19:c9\r\r\n[   29.575704] cloud-init[804]: Sending on   Socket/fallback\r\r\n[   29.645775] cloud-init[804]: DHCPRELEASE on eth0 to 168.63.129.16 port 67 (xid=0x7814306c)\r\r\n[   29.722150] cloud-init[804]: + ifup eth0\r\r\n[   29.750969] cloud-init[804]: Internet Systems Consortium DHCP Client 4.3.1\r\r\n[   29.765105] cloud-init[804]: Copyright 2004-2014 Internet Systems Consortium.\r\r\n[   29.765628] cloud-init[804]: All rights reserved.\r\r\n[   29.766167] cloud-init[804]: For info, please visit https://www.isc.org/software/dhcp/\r\r\n[   29.794129] cloud-init[804]: Listening on LPF/eth0/00:0d:3a:12:19:c9\r\r\n[   29.800293] cloud-init[804]: Sending on   LPF/eth0/00:0d:3a:12:19:c9\r\r\n[   29.800492] cloud-init[804]: Sending on   Socket/fallback\r\r\n[   29.800678] cloud-init[804]: DHCPDISCOVER on eth0 to 255.255.255.255 port 67 interval 3 (xid=0x8eed4710)\r\r\n[   29.801346] cloud-init[804]: DHCPREQUEST of 10.0.0.4 on eth0 to 255.255.255.255 port 67 (xid=0x1047ed8e)\r\r\n[   29.801533] cloud-init[804]: DHCPOFFER of 10.0.0.4 from 168.63.129.16\r\r\n[   29.817698] cloud-init[804]: DHCPACK of 10.0.0.4 from 168.63.129.16\r\r\n[   30.039621] cloud-init[804]: bound to 10.0.0.4 -- renewal in 4294967295 seconds.\r\r\n[   30.082256] cloud-init[804]: + exit 0\r\r\n[\u001b[32m  OK  \u001b[0m] Started Windows Azure Linux Agent.\r\r\n         Starting Windows Azure Linux Agent...\r\r\nwalinuxagent.service\r\r\n2016/01/27 19:31:18 Windows Azure Linux Agent Version: WALinuxAgent-2.0.14\r\r\n2016/01/27 19:31:18 Linux Distribution Detected      : Ubuntu\r\r\n2016/01/27 19:31:18 Module /lib/modules/3.19.0-47-generic/kernel/drivers/ata/ata_piix.ko driver for ATAPI CD-ROM does not exist.\r\r\nmnt-cdrom-secure.mount\r\r\n2016/01/27 19:31:19 mount: /dev/sr0 is write-protected, mounting read-only\r\r\n2016/01/27 19:31:19 mount: /dev/sr0 mounted on /mnt/cdrom/secure.\r\r\n2016/01/27 19:31:19 mount succeeded on attempt #1\r\r\n2016/01/27 19:31:19 VMM Init script not found.  Provisioning for Azure\r\r\n2016/01/27 19:31:19 IPv4 address: 10.0.0.4\r\r\n2016/01/27 19:31:19 MAC  address: 00:0D:3A:12:19:C9\r\r\n2016/01/27 19:31:19 Probing for Windows Azure environment.\r\r\n2016/01/27 19:31:19 DoDhcpWork: Setting socket.timeout=10, entering recv\r\r\n2016/01/27 19:31:19 Discovered Windows Azure endpoint: 168.63.129.16\r\r\n2016/01/27 19:31:19 Fabric preferred wire protocol version: 2015-04-05\r\r\n2016/01/27 19:31:19 Negotiated wire protocol version: 2012-11-30\r\r\n2016/01/27 19:31:19 SetBlockDeviceTimeout: Update the device sda with timeout 300\r\r\n2016/01/27 19:31:19 SetBlockDeviceTimeout: Update the device sdb with timeout 300\r\r\n2016/01/27 19:31:19 Retrieved GoalState from Windows Azure Fabric.\r\r\n2016/01/27 19:31:19 ExpectedState: Started\r\r\n2016/01/27 19:31:19 ContainerId: 0deca009-d2b9-4ca2-9b94-eb7d8163c4da\r\r\n2016/01/27 19:31:19 RoleInstanceId: 59921e1f-39fc-4444-97f8-97baf9ff18ca._xplatvm\r\r\n2016/01/27 19:31:20 Posted Role Properties. CertificateThumbprint=3ee04d3c262abc06d12eda1a6bda469a\r\r\n[   33.516167] blk_update_request: I/O error, dev fd0, sector 0\r\n[   33.548107] blk_update_request: I/O error, dev fd0, sector 0\r\n[   34.881647] cloud-init[804]: Cloud-init v. 0.7.7 running 'init' at Wed, 27 Jan 2016 19:31:14 +0000. Up 27.65 seconds.\r\r\n[   34.884254] cloud-init[804]: ci-info: ++++++++++++++++++++++++++++++++++++++Net device info++++++++++++++++++++++++++++++++++++++\r\r\n[   34.904275] cloud-init[804]: ci-info: +--------+------+-----------------------------+---------------+-------+-------------------+\r\r\n[   34.904518] cloud-init[804]: ci-info: | Device |  Up  |           Address           |      Mask     | Scope |     Hw-Address    |\r\r\n[   34.904748] cloud-init[804]: ci-info: +--------+------+-----------------------------+---------------+-------+-------------------+\r\r\n[   34.904969] cloud-init[804]: ci-info: |  eth0  | True |           10.0.0.4          | 255.255.255.0 |   .   | 00:0d:3a:12:19:c9 |\r\r\n[   34.905189] cloud-init[804]: ci-info: |  eth0  | True | fe80::20d:3aff:fe12:19c9/64 |       .       |  link | 00:0d:3a:12:19:c9 |\r\r\n[   34.912533] cloud-init[804]: ci-info: |   lo   | True |          127.0.0.1          |   255.0.0.0   |   .   |         .         |\r\r\n[   34.912838] cloud-init[804]: ci-info: |   lo   | True |           ::1/128           |       .       |  host |         .         |\r\r\n[   34.913080] cloud-init[804]: ci-info: +--------+------+-----------------------------+---------------+-------+-------------------+\r\r\n[   34.913303] cloud-init[804]: ci-info: +++++++++++++++++++++++++++++Route IPv4 info++++++++++++++++++++++++++++++\r\r\n[   34.913525] cloud-init[804]: ci-info: +-------+---------------+----------+-----------------+-----------+-------+\r\r\n[   34.913745] cloud-init[804]: ci-info: | Route |  Destination  | Gateway  |     Genmask     | Interface | Flags |\r\r\n[   34.913965] cloud-init[804]: ci-info: +-------+---------------+----------+-----------------+-----------+-------+\r\r\n[   34.914181] cloud-init[804]: ci-info: |   0   |    0.0.0.0    | 10.0.0.1 |     0.0.0.0     |    eth0   |   UG  |\r\r\n[   34.914402] cloud-init[804]: ci-info: |   1   |    10.0.0.0   | 0.0.0.0  |  255.255.255.0  |    eth0   |   U   |\r\r\n[   34.914626] cloud-init[804]: ci-info: |   2   | 168.63.129.16 | 10.0.0.1 | 255.255.255.255 |    eth0   |  UGH  |\r\r\n[   34.914844] cloud-init[804]: ci-info: +-------+---------------+----------+-----------------+-----------+-------+\r\r\n[   34.915079] cloud-init[804]: Generating public/private rsa key pair.\r\r\n[   34.915304] cloud-init[804]: Your identification has been saved in /etc/ssh/ssh_host_rsa_key.\r\r\n[   34.915521] cloud-init[804]: Your public key has been saved in /etc/ssh/ssh_host_rsa_key.pub.\r\r\n[   34.915738] cloud-init[804]: The key fingerprint is:\r\r\n[   34.915953] cloud-init[804]: 1f:95:5e:28:b3:68:fb:72:0d:24:13:b3:d7:77:e9:e6 root@xplatvm\r\r\n[   34.916204] cloud-init[804]: The key's randomart image is:\r\r\n[   34.916424] cloud-init[804]: +---[RSA 2048]----+\r\r\n[   34.940244] cloud-init[804]: |                 |\r\r\n[   34.940516] cloud-init[804]: |        o    o   |\r\r\n[   34.940721] cloud-init[804]: |         +o.+ . .|\r\r\n[   34.940914] cloud-init[804]: |        +.o*.....|\r\r\n[   34.941099] cloud-init[804]: |        S=o .... |\r\r\n[   34.941283] cloud-init[804]: |       . o..   o |\r\r\n[   34.947268] cloud-init[804]: |        . .o  o  |\r\r\n[   34.947536] cloud-init[804]: |        ... .  E |\r\r\n[   34.947704] cloud-init[804]: |         o.      |\r\r\n[   34.947863] cloud-init[804]: +-----------------+\r\r\n[   34.948049] cloud-init[804]: Generating public/private dsa key pair.\r\r\n[   34.948208] cloud-init[804]: Your identification has been saved in /etc/ssh/ssh_host_dsa_key.\r\r\n[   34.948362] cloud-init[804]: Your public key has been saved in /etc/ssh/ssh_host_dsa_key.pub.\r\r\n[   34.948514] cloud-init[804]: The key fingerprint is:\r\r\n[   34.950530] cloud-init[804]: 01:e3:41:52:88:0c:66:50:08:ef:8c:39:51:e6:77:88 root@xplatvm\r\r\n[   34.950705] cloud-init[804]: The key's randomart image is:\r\r\n[   34.950867] cloud-init[804]: +---[DSA 1024]----+\r\r\n[   34.951023] cloud-init[804]: |*B+..+*          |\r\r\n[   34.951176] cloud-init[804]: |+=o..+ +         |\r\r\n[   34.966935] cloud-init[804]: |. E o o .        |\r\r\n[   34.967125] cloud-init[804]: | * . .   .       |\r\r\n[   34.967283] cloud-init[804]: |+ o     S        |\r\r\n[   34.967441] cloud-init[804]: | .               |\r\r\n[   34.967592] cloud-init[804]: |                 |\r\r\n[   34.967746] cloud-init[804]: |                 |\r\r\n[   34.967897] cloud-init[804]: |                 |\r\r\n[   34.968070] cloud-init[804]: +-----------------+\r\r\n[   34.968222] cloud-init[804]: Generating public/private ecdsa key pair.\r\r\n[   34.968369] cloud-init[804]: Your identification has been saved in /etc/ssh/ssh_host_ecdsa_key.\r\r\n[   34.968516] cloud-init[804]: Your public key has been saved in /etc/ssh/ssh_host_ecdsa_key.pub.\r\r\n[   34.968667] cloud-init[804]: The key fingerprint is:\r\r\n[   34.968816] cloud-init[804]: a3:e5:19:83:46:6e:c5:bf:40:f2:20:e9:9b:ff:87:a1 root@xplatvm\r\r\n[   34.968962] cloud-init[804]: The key's randomart image is:\r\r\n[   34.969107] cloud-init[804]: +---[ECDSA 256]---+\r\r\n[   34.969255] cloud-init[804]: |                 |\r\r\n[   34.969400] cloud-init[804]: |     . .         |\r\r\n[   34.969546] cloud-init[804]: |    o + +        |\r\r\n[   34.969694] cloud-init[804]: |   . + B .       |\r\r\n[   34.969841] cloud-init[804]: |    . = S .      |\r\r\n[   34.969998] cloud-init[804]: |     = +.* .     |\r\r\n[   34.970145] cloud-init[804]: |    o ..oo.      |\r\r\n[   34.977818] cloud-init[804]: |     .E . .      |\r\r\n[   34.987981] cloud-init[804]: |      ....       |\r\r\n[   34.988123] cloud-init[804]: +-----------------+\r\r\n[   34.988237] cloud-init[804]: Generating public/private ed25519 key pair.\r\r\n[   34.988348] cloud-init[804]: Your identification has been saved in /etc/ssh/ssh_host_ed25519_key.\r\r\n[   34.988458] cloud-init[804]: Your public key has been saved in /etc/ssh/ssh_host_ed25519_key.pub.\r\r\n[   34.988567] cloud-init[804]: The key fingerprint is:\r\r\n[   34.988673] cloud-init[804]: 5b:62:47:b4:e0:72:85:04:a3:74:37:d0:2f:48:a1:7d root@xplatvm\r\r\n[   34.988781] cloud-init[804]: The key's randomart image is:\r\r\n[   34.988886] cloud-init[804]: +--[ED25519 256]--+\r\r\n[   34.988991] cloud-init[804]: |    . **=.o      |\r\r\n[   34.989100] cloud-init[804]: |   . =.+o= .     |\r\r\n[   34.989215] cloud-init[804]: |    o.o.E.o      |\r\r\n[   34.989323] cloud-init[804]: |      .+...      |\r\r\n[   34.989429] cloud-init[804]: |        S.o      |\r\r\n[   34.989535] cloud-init[804]: |       . =       |\r\r\n[   34.989640] cloud-init[804]: |        .        |\r\r\n[   34.989746] cloud-init[804]: |                 |\r\r\n[   34.989852] cloud-init[804]: |                 |\r\r\n[   34.989957] cloud-init[804]: +-----------------+\r\r\n[\u001b[32m  OK  \u001b[0m] Started Initial cloud-init job (metadata service crawler).\r\r\n         Starting Permit User Sessions...\r\r\n[\u001b[32m  OK  \u001b[0m] Started OpenBSD Secure Shell server.\r\r\n         Starting OpenBSD Secure Shell server...\r\r\n[\u001b[32m  OK  \u001b[0m] Reached target Cloud-config availability.\r\r\n         Starting Apply the settings specified in cloud-config...\r\r\n[\u001b[32m  OK  \u001b[0m] Started Permit User Sessions.\r\r\n         Starting Terminate Plymouth Boot Screen...\r\r\n         Starting Wait for Plymouth Boot Screen to Quit...\r\r\n[\u001b[32m  OK  \u001b[0m] Stopped File System Check on /dev/disk/azure/resource-part1.\r\r\n         Stopping File System Check on /dev/disk/azure/resource-part1...\r\r\ncloud-init.service\r\r\nssh.service\r\r\nsystemd-user-sessions.service\r\r\n         Starting File System Check on /dev/disk/azure/resource-part1...\r\n[\u001b[32m  OK  \u001b[0m] Started File System Check on /dev/disk/azure/resource-part1.\r\n         Mounting /mnt...\r\n2016/01/27 19:31:23 Finished processing ExtensionsConfig.xml\r\n[\u001b[1;31mFAILED\u001b[0m] Failed to mount /mnt.\r\nSee \"systemctl status mnt.mount\" for details.\r\n[   41.156138] cloud-init[1064]: Generating locales...\r\n[   41.287125] cloud-init[1064]: en_US.UTF-8... up-to-date\r\n[   41.331209] cloud-init[1064]: Generation complete.\r\n\r\r\nUbuntu 15.04 xplatvm ttyS0\r\n\r\nxplatvm login:
[   43.569744] cloud-init[1064]: Cloud-init v. 0.7.7 running 'modules:config' at Wed, 27 Jan 2016 19:31:22 +0000. Up 35.93 seconds.\r\nci-info: no authorized ssh keys fingerprints found for user azureuser.\r\nec2: \r\nec2: #############################################################\r\nec2: -----BEGIN SSH HOST KEY FINGERPRINTS-----\r\nec2: 1024 01:e3:41:52:88:0c:66:50:08:ef:8c:39:51:e6:77:88 /etc/ssh/ssh_host_dsa_key.pub (DSA)\r\nec2: 256 a3:e5:19:83:46:6e:c5:bf:40:f2:20:e9:9b:ff:87:a1 /etc/ssh/ssh_host_ecdsa_key.pub (ECDSA)\r\nec2: 256 5b:62:47:b4:e0:72:85:04:a3:74:37:d0:2f:48:a1:7d /etc/ssh/ssh_host_ed25519_key.pub (ED25519)\r\nec2: 2048 1f:95:5e:28:b3:68:fb:72:0d:24:13:b3:d7:77:e9:e6 /etc/ssh/ssh_host_rsa_key.pub (RSA)\r\nec2: -----END SSH HOST KEY FINGERPRINTS-----\r\nec2: #############################################################\r\n-----BEGIN SSH HOST KEY KEYS-----\r\necdsa-sha2-nistp256 AAAAE2VjZHNhLXNoYTItbmlzdHAyNTYAAAAIbmlzdHAyNTYAAABBBLnqV2gvTd6ItLeDauG60p+nQNWxMpSxvNRPiCMwQEatXTjbGjsz+TTPhY0ZtjVoeol60o5AFstdPpDtOn6o464= root@xplatvm\r\nssh-ed25519 AAAAC3NzaC1lZDI1NTE5AAAAIC7zkeImHgBTzf4lErQ25Z2X+5mo86mYi7KoFXvXlUyq root@xplatvm\r\nssh-rsa AAAAB3NzaC1yc2EAAAADAQABAAABAQC5KtbuI+QnJsia3KZpcYu5p+w1DGY40GUG1EKMuDno7ivWVvI6GcKwb+cvCUi3tI6/GC6EJfu5qZ/EKzNfnLh/EuUqDTFWm+Zg9d3ne5bPKyCl8u4s9A5txANlSre4st1nHcj2k6WsKf1WHUR3hKQ7KZoE9iJJ8Pfeeqajq4UJnJI3X4TkZX9eadxYk/yPV4B9VT/usYeMOHJgk6dgr4vx9HRQp2QJ9jir+yHjTBvgx2N1wPA5bLgRLqURtRttsCYo8Z0dEQcLm44vynTOS5YBwRoGE0bEsaRKfKq3KG0I4jvhlzZ01xJLPQR2zsUGFiF7ChWG8drBNvkuSH9ALOE1 root@xplatvm\r\n-----END SSH HOST KEY KEYS-----\r\n[   44.649151] cloud-init[1227]: Cloud-init v. 0.7.7 running 'modules:final' at Wed, 27 Jan 2016 19:31:30 +0000. Up 44.21 seconds.\r\n[   44.701168] cloud-init[1227]: ci-info: no authorized ssh keys fingerprints found for user azureuser.\r\n[   44.726034] cloud-init[1227]: Cloud-init v. 0.7.7 finished at Wed, 27 Jan 2016 19:31:31 +0000. Datasource DataSourceAzureNet [seed=/dev/sr0].  Up 44.63 seconds\r\n\u0000\u0000\u0000\u0000\u0000\u0000\u0000\u0000\u0000\u0000\u0000\u0000\u0000\u0000\u0000\u0000\u0000\u0000\u0000\u0000\u0000\u0000\u0000\u0000\u0000\u0000\u0000\u0000\u0000\u0000\u0000\u0000\u0000\u0000\u0000\u0000\u0000\u0000\u0000\u0000\u0000\u0000\u0000\u0000\u0000\u0000\u0000\u0000\u0000\u0000\u0000\u0000\u0000\u0000\u0000\u0000\u0000\u0000\u0000\u0000\u0000\u0000\u0000\u0000\u0000\u0000\u0000\u0000\u0000\u0000\u0000\u0000\u0000\u0000\u0000\u0000\u0000\u0000\u0000\u0000\u0000\u0000\u0000\u0000\u0000\u0000\u0000\u0000\u0000\u0000\u0000\u0000\u0000\u0000\u0000\u0000\u0000\u0000\u0000\u0000\u0000\u0000\u0000\u0000\u0000\u0000\u0000\u0000\u0000\u0000\u0000\u0000\u0000\u0000\u0000\u0000\u0000\u0000\u0000\u0000\u0000\u0000\u0000\u0000\u0000\u0000\u0000\u0000\u0000\u0000\u0000\u0000\u0000\u0000\u0000\u0000\u0000\u0000\u0000\u0000\u0000\u0000\u0000\u0000\u0000\u0000\u0000\u0000\u0000\u0000\u0000\u0000\u0000\u0000\u0000\u0000\u0000\u0000\u0000\u0000\u0000\u0000\u0000\u0000\u0000\u0000\u0000\u0000\u0000\u0000\u0000\u0000\u0000\u0000", { 'content-length': '64000',
  'last-modified': 'Wed, 27 Jan 2016 19:31:35 GMT',
  'accept-ranges': 'bytes',
  etag: '"0x8D3275077DA1124"',
  server: 'Windows-Azure-Blob/1.0 Microsoft-HTTPAPI/2.0',
  'x-ms-request-id': '1370e5bf-0001-00c0-3a3a-59ac3b000000',
  'x-ms-version': '2015-02-21',
  'x-ms-lease-status': 'unlocked',
  'x-ms-lease-state': 'available',
  'x-ms-blob-type': 'PageBlob',
  'x-ms-blob-sequence-number': '0',
  date: 'Wed, 27 Jan 2016 19:41:01 GMT',
  connection: 'close' });
 return result; },
function (nock) { 
var result = 
nock('https://xplatteststorage12085.blob.core.windows.net:443')
  .get('/bootdiagnostics-xplatvm-e72cd0a4-7a93-4ff2-993d-7600b9fdaa26/xplatvm.e72cd0a4-7a93-4ff2-993d-7600b9fdaa26.serialconsole.log')
